{
  "preflight": "PASS",
  "preservation": "PASS",
  "checks": [
    {
      "scope": "original32",
      "files": 32,
      "verdict": "MATCH",
      "manifest": "artifacts/research/process/20261004-ced-development/t7b-continuous-visibility/execution-source-hashes.json",
      "manifest_pin": {
        "sha256": "1b51ff53e4c40cf9943dcfcfe68e835ad95e0228315b51a3cf2285089c058aaf",
        "bytes": 3988
      }
    },
    {
      "scope": "diagnostic33",
      "files": 33,
      "verdict": "MATCH",
      "manifest": "artifacts/research/process/20261004-ced-development/capture-state-diagnosis/execution-source-hashes.json",
      "manifest_pin": {
        "sha256": "8a1b47088bddd4889f54924afb6151ad6cc663a406a1919b6ee8304fc0d0cf81",
        "bytes": 4149
      }
    },
    {
      "scope": "failed_original_raw",
      "files": 21,
      "bytes": 2031712,
      "verdict": "MATCH",
      "manifest": "artifacts/research/process/20261004-ced-development/t7b-continuous-visibility/attempt-1-file-hashes.json",
      "manifest_pin": {
        "sha256": "7c779c743510d7cee08cd3d05890e20c1ec68cec1b5eadcf19505e84ab12c0ad",
        "bytes": 3839
      }
    },
    {
      "scope": "diagnostic_original_raw",
      "files": 142,
      "bytes": 7876865,
      "verdict": "MATCH",
      "manifest": "artifacts/research/process/20261004-ced-development/capture-state-diagnosis/diagnostic-1-file-hashes.json",
      "manifest_pin": {
        "sha256": "430d84b7be80acab1016ee13e63e6faab269914695e86ef2bf52ebbc61b259d9",
        "bytes": 25631
      }
    },
    {
      "scope": "diagnostic_environment",
      "files": 19,
      "verdict": "MATCH"
    },
    {
      "scope": "guard_initial_reports_archives_probes_logs",
      "files": 26,
      "verdict": "MATCH"
    },
    {
      "scope": "guard_fix_module_tests_and_independent_root_review",
      "files": 3,
      "verdict": "MATCH",
      "review_pin": {
        "sha256": "1cdbf8d43b86816755426f8392a9cbf9a51704367787ffcf3bcb360379135040",
        "bytes": 1555
      }
    }
  ],
  "actual_calls": 0
}
