[WebServer] (node:1599361) Warning: The 'NO_COLOR' env is ignored due to the 'FORCE_COLOR' env being set.
[WebServer] (Use `node --trace-warnings ...` to show where the warning was created)
[WebServer] (node:1599374) Warning: The 'NO_COLOR' env is ignored due to the 'FORCE_COLOR' env being set.
[WebServer] (Use `node --trace-warnings ...` to show where the warning was created)

Running 3 tests using 1 worker

(node:1599418) Warning: The 'NO_COLOR' env is ignored due to the 'FORCE_COLOR' env being set.
(Use `node --trace-warnings ...` to show where the warning was created)
  ✘  1 [chromium] › tests/e2e/research-evidence.spec.ts:10:1 › a registered missing source stays NOT_RUN with unavailable denominators (1ms)
(node:1599457) Warning: The 'NO_COLOR' env is ignored due to the 'FORCE_COLOR' env being set.
(Use `node --trace-warnings ...` to show where the warning was created)
  ✘  2 [chromium] › tests/e2e/research-evidence.spec.ts:19:1 › unknown run identity is rejected without a result or experiment submission (1ms)
(node:1599469) Warning: The 'NO_COLOR' env is ignored due to the 'FORCE_COLOR' env being set.
(Use `node --trace-warnings ...` to show where the warning was created)
  ✘  3 [chromium] › tests/e2e/research-evidence.spec.ts:30:1 › software fixture preserves every blocked original in the page and real export (1ms)


  1) [chromium] › tests/e2e/research-evidence.spec.ts:10:1 › a registered missing source stays NOT_RUN with unavailable denominators 

    Error: browserType.launch: Executable doesn't exist at /home/ningyd/.cache/ms-playwright/chromium_headless_shell-1228/chrome-headless-shell-linux64/chrome-headless-shell
    ╔════════════════════════════════════════════════════════════╗
    ║ Looks like Playwright was just installed or updated.       ║
    ║ Please run the following command to download new browsers: ║
    ║                                                            ║
    ║     npx playwright install                                 ║
    ║                                                            ║
    ║ <3 Playwright Team                                         ║
    ╚════════════════════════════════════════════════════════════╝

    Error Context: ../artifacts/research/process/20261004-ced-development/t17b-ui-module/browser/test-results/research-evidence-a-regist-d6bf6-th-unavailable-denominators-chromium/error-context.md

    attachment #2: trace (application/zip) ─────────────────────────────────────────────────────────
    ../artifacts/research/process/20261004-ced-development/t17b-ui-module/browser/test-results/research-evidence-a-regist-d6bf6-th-unavailable-denominators-chromium/trace.zip
    Usage:

        npx playwright show-trace ../artifacts/research/process/20261004-ced-development/t17b-ui-module/browser/test-results/research-evidence-a-regist-d6bf6-th-unavailable-denominators-chromium/trace.zip

    ────────────────────────────────────────────────────────────────────────────────────────────────

  2) [chromium] › tests/e2e/research-evidence.spec.ts:19:1 › unknown run identity is rejected without a result or experiment submission 

    Error: browserType.launch: Executable doesn't exist at /home/ningyd/.cache/ms-playwright/chromium_headless_shell-1228/chrome-headless-shell-linux64/chrome-headless-shell
    ╔════════════════════════════════════════════════════════════╗
    ║ Looks like Playwright was just installed or updated.       ║
    ║ Please run the following command to download new browsers: ║
    ║                                                            ║
    ║     npx playwright install                                 ║
    ║                                                            ║
    ║ <3 Playwright Team                                         ║
    ╚════════════════════════════════════════════════════════════╝

    Error Context: ../artifacts/research/process/20261004-ced-development/t17b-ui-module/browser/test-results/research-evidence-unknown--99f0a-lt-or-experiment-submission-chromium/error-context.md

    attachment #2: trace (application/zip) ─────────────────────────────────────────────────────────
    ../artifacts/research/process/20261004-ced-development/t17b-ui-module/browser/test-results/research-evidence-unknown--99f0a-lt-or-experiment-submission-chromium/trace.zip
    Usage:

        npx playwright show-trace ../artifacts/research/process/20261004-ced-development/t17b-ui-module/browser/test-results/research-evidence-unknown--99f0a-lt-or-experiment-submission-chromium/trace.zip

    ────────────────────────────────────────────────────────────────────────────────────────────────

  3) [chromium] › tests/e2e/research-evidence.spec.ts:30:1 › software fixture preserves every blocked original in the page and real export 

    Error: browserType.launch: Executable doesn't exist at /home/ningyd/.cache/ms-playwright/chromium_headless_shell-1228/chrome-headless-shell-linux64/chrome-headless-shell
    ╔════════════════════════════════════════════════════════════╗
    ║ Looks like Playwright was just installed or updated.       ║
    ║ Please run the following command to download new browsers: ║
    ║                                                            ║
    ║     npx playwright install                                 ║
    ║                                                            ║
    ║ <3 Playwright Team                                         ║
    ╚════════════════════════════════════════════════════════════╝

    Error Context: ../artifacts/research/process/20261004-ced-development/t17b-ui-module/browser/test-results/research-evidence-software-59fb7-in-the-page-and-real-export-chromium/error-context.md

    attachment #2: trace (application/zip) ─────────────────────────────────────────────────────────
    ../artifacts/research/process/20261004-ced-development/t17b-ui-module/browser/test-results/research-evidence-software-59fb7-in-the-page-and-real-export-chromium/trace.zip
    Usage:

        npx playwright show-trace ../artifacts/research/process/20261004-ced-development/t17b-ui-module/browser/test-results/research-evidence-software-59fb7-in-the-page-and-real-export-chromium/trace.zip

    ────────────────────────────────────────────────────────────────────────────────────────────────

  3 failed
    [chromium] › tests/e2e/research-evidence.spec.ts:10:1 › a registered missing source stays NOT_RUN with unavailable denominators 
    [chromium] › tests/e2e/research-evidence.spec.ts:19:1 › unknown run identity is rejected without a result or experiment submission 
    [chromium] › tests/e2e/research-evidence.spec.ts:30:1 › software fixture preserves every blocked original in the page and real export 
