...........................................................FFFF..s.....  [100%]
=================================== FAILURES ===================================
_ test_after_effect_with_full_typed_software_completion_recomputes_missing_effect_as_unknown[memory] _

source = (<cloud_edge_robot_arm.repositories.event_autonomy.memory.InMemoryEventAutonomyRepository object at 0x79e2e4f142c0>, {...aaaaaaaaaaaaaaaaaaaaaaaaaaaaaaa'}), tcp_velocity=0.15, acceleration=0.5, clearance_m=0.1, minimum_height_m=0.16), ...})

    def test_after_effect_with_full_typed_software_completion_recomputes_missing_effect_as_unknown(
        source,
    ):
        repo, data = source
        request = request_for(
>           data, unknown=False, phase="AFTER_EFFECT", completion=software_completion(data)
                                                                  ^^^^^^^^^^^^^^^^^^^^^^^^^
        )

tests/test_visual_verification_repository.py:436: 
_ _ _ _ _ _ _ _ _ _ _ _ _ _ _ _ _ _ _ _ _ _ _ _ _ _ _ _ _ _ _ _ _ _ _ _ _ _ _ _ 
tests/test_visual_verification_repository.py:413: in software_completion
    return api().VisualEffectCompletion(
src/cloud_edge_robot_arm/repositories/event_autonomy/visual_verification.py:276: in __init__
    self._store(raw)
_ _ _ _ _ _ _ _ _ _ _ _ _ _ _ _ _ _ _ _ _ _ _ _ _ _ _ _ _ _ _ _ _ _ _ _ _ _ _ _ 

self = <cloud_edge_robot_arm.repositories.event_autonomy.visual_verification.VisualEffectCompletion object at 0x79e2e9ad7b90>
raw = {'attempt': 1, 'before_observation_id': 'before-software-attempt', 'command_seq': 1, 'execution_payload_hash': '952725118cfd510e3c0741bf4f4e0856f7c1da735a26849fe94293dd5596dfab', ...}

    def _store(self, raw: dict[str, Any]) -> None:
        if (
            set(raw)
            != {
                "schema_version",
                "scope",
                "result",
                "task_id",
                "step_id",
                "attempt",
                "plan_version",
                "command_seq",
                "started_at",
                "returned_at",
                "before_observation_id",
                "execution_payload_hash",
                "source_checkpoint_hash",
                "source_hashes",
            }
            or raw["schema_version"] != "visual.verification.effect-completion.v1"
            or raw["scope"] != "SOURCE_ROUTE_ONLY"
        ):
>           raise ValueError("strict effect completion source schema required")
E           ValueError: strict effect completion source schema required

src/cloud_edge_robot_arm/repositories/event_autonomy/visual_verification.py:300: ValueError
_ test_after_effect_with_full_typed_software_completion_recomputes_missing_effect_as_unknown[sqlite] _

source = (<cloud_edge_robot_arm.repositories.event_autonomy.sqlite.SQLiteEventAutonomyRepository object at 0x79e2e98f8e00>, {'c...aaaaaaaaaaaaaaaaaaaaaaaaaaaaaaa'}), tcp_velocity=0.15, acceleration=0.5, clearance_m=0.1, minimum_height_m=0.16), ...})

    def test_after_effect_with_full_typed_software_completion_recomputes_missing_effect_as_unknown(
        source,
    ):
        repo, data = source
        request = request_for(
>           data, unknown=False, phase="AFTER_EFFECT", completion=software_completion(data)
                                                                  ^^^^^^^^^^^^^^^^^^^^^^^^^
        )

tests/test_visual_verification_repository.py:436: 
_ _ _ _ _ _ _ _ _ _ _ _ _ _ _ _ _ _ _ _ _ _ _ _ _ _ _ _ _ _ _ _ _ _ _ _ _ _ _ _ 
tests/test_visual_verification_repository.py:413: in software_completion
    return api().VisualEffectCompletion(
src/cloud_edge_robot_arm/repositories/event_autonomy/visual_verification.py:276: in __init__
    self._store(raw)
_ _ _ _ _ _ _ _ _ _ _ _ _ _ _ _ _ _ _ _ _ _ _ _ _ _ _ _ _ _ _ _ _ _ _ _ _ _ _ _ 

self = <cloud_edge_robot_arm.repositories.event_autonomy.visual_verification.VisualEffectCompletion object at 0x79e2e4f51710>
raw = {'attempt': 1, 'before_observation_id': 'before-software-attempt', 'command_seq': 1, 'execution_payload_hash': 'f13527ebd36cb112f8f0975acbda05881dc28085b60ca98a3babc61740b4a470', ...}

    def _store(self, raw: dict[str, Any]) -> None:
        if (
            set(raw)
            != {
                "schema_version",
                "scope",
                "result",
                "task_id",
                "step_id",
                "attempt",
                "plan_version",
                "command_seq",
                "started_at",
                "returned_at",
                "before_observation_id",
                "execution_payload_hash",
                "source_checkpoint_hash",
                "source_hashes",
            }
            or raw["schema_version"] != "visual.verification.effect-completion.v1"
            or raw["scope"] != "SOURCE_ROUTE_ONLY"
        ):
>           raise ValueError("strict effect completion source schema required")
E           ValueError: strict effect completion source schema required

src/cloud_edge_robot_arm/repositories/event_autonomy/visual_verification.py:300: ValueError
_ test_failed_completion_or_registered_hold_mapping_gap_cannot_be_positive[memory] _

source = (<cloud_edge_robot_arm.repositories.event_autonomy.memory.InMemoryEventAutonomyRepository object at 0x79e2e4f8bb60>, {...aaaaaaaaaaaaaaaaaaaaaaaaaaaaaaa'}), tcp_velocity=0.15, acceleration=0.5, clearance_m=0.1, minimum_height_m=0.16), ...})

    def test_failed_completion_or_registered_hold_mapping_gap_cannot_be_positive(source):
        repo, data = source
>       completion = software_completion(data, success=False)
                     ^^^^^^^^^^^^^^^^^^^^^^^^^^^^^^^^^^^^^^^^

tests/test_visual_verification_repository.py:446: 
_ _ _ _ _ _ _ _ _ _ _ _ _ _ _ _ _ _ _ _ _ _ _ _ _ _ _ _ _ _ _ _ _ _ _ _ _ _ _ _ 
tests/test_visual_verification_repository.py:413: in software_completion
    return api().VisualEffectCompletion(
src/cloud_edge_robot_arm/repositories/event_autonomy/visual_verification.py:276: in __init__
    self._store(raw)
_ _ _ _ _ _ _ _ _ _ _ _ _ _ _ _ _ _ _ _ _ _ _ _ _ _ _ _ _ _ _ _ _ _ _ _ _ _ _ _ 

self = <cloud_edge_robot_arm.repositories.event_autonomy.visual_verification.VisualEffectCompletion object at 0x79e2bc263fd0>
raw = {'attempt': 1, 'before_observation_id': 'before-software-attempt', 'command_seq': 1, 'execution_payload_hash': 'a23c3c39065083863741dbedf1818d6f54085e9c08d7ec20622643aea5b823cd', ...}

    def _store(self, raw: dict[str, Any]) -> None:
        if (
            set(raw)
            != {
                "schema_version",
                "scope",
                "result",
                "task_id",
                "step_id",
                "attempt",
                "plan_version",
                "command_seq",
                "started_at",
                "returned_at",
                "before_observation_id",
                "execution_payload_hash",
                "source_checkpoint_hash",
                "source_hashes",
            }
            or raw["schema_version"] != "visual.verification.effect-completion.v1"
            or raw["scope"] != "SOURCE_ROUTE_ONLY"
        ):
>           raise ValueError("strict effect completion source schema required")
E           ValueError: strict effect completion source schema required

src/cloud_edge_robot_arm/repositories/event_autonomy/visual_verification.py:300: ValueError
_ test_failed_completion_or_registered_hold_mapping_gap_cannot_be_positive[sqlite] _

source = (<cloud_edge_robot_arm.repositories.event_autonomy.sqlite.SQLiteEventAutonomyRepository object at 0x79e2e4f16c90>, {'c...aaaaaaaaaaaaaaaaaaaaaaaaaaaaaaa'}), tcp_velocity=0.15, acceleration=0.5, clearance_m=0.1, minimum_height_m=0.16), ...})

    def test_failed_completion_or_registered_hold_mapping_gap_cannot_be_positive(source):
        repo, data = source
>       completion = software_completion(data, success=False)
                     ^^^^^^^^^^^^^^^^^^^^^^^^^^^^^^^^^^^^^^^^

tests/test_visual_verification_repository.py:446: 
_ _ _ _ _ _ _ _ _ _ _ _ _ _ _ _ _ _ _ _ _ _ _ _ _ _ _ _ _ _ _ _ _ _ _ _ _ _ _ _ 
tests/test_visual_verification_repository.py:413: in software_completion
    return api().VisualEffectCompletion(
src/cloud_edge_robot_arm/repositories/event_autonomy/visual_verification.py:276: in __init__
    self._store(raw)
_ _ _ _ _ _ _ _ _ _ _ _ _ _ _ _ _ _ _ _ _ _ _ _ _ _ _ _ _ _ _ _ _ _ _ _ _ _ _ _ 

self = <cloud_edge_robot_arm.repositories.event_autonomy.visual_verification.VisualEffectCompletion object at 0x79e2e4f7cb50>
raw = {'attempt': 1, 'before_observation_id': 'before-software-attempt', 'command_seq': 1, 'execution_payload_hash': '7c28416bb446a3d4da15c37759ba7f62eaf2e3a7989c7cd46dcc9a4e5eadd04c', ...}

    def _store(self, raw: dict[str, Any]) -> None:
        if (
            set(raw)
            != {
                "schema_version",
                "scope",
                "result",
                "task_id",
                "step_id",
                "attempt",
                "plan_version",
                "command_seq",
                "started_at",
                "returned_at",
                "before_observation_id",
                "execution_payload_hash",
                "source_checkpoint_hash",
                "source_hashes",
            }
            or raw["schema_version"] != "visual.verification.effect-completion.v1"
            or raw["scope"] != "SOURCE_ROUTE_ONLY"
        ):
>           raise ValueError("strict effect completion source schema required")
E           ValueError: strict effect completion source schema required

src/cloud_edge_robot_arm/repositories/event_autonomy/visual_verification.py:300: ValueError
=========================== short test summary info ============================
FAILED tests/test_visual_verification_repository.py::test_after_effect_with_full_typed_software_completion_recomputes_missing_effect_as_unknown[memory]
FAILED tests/test_visual_verification_repository.py::test_after_effect_with_full_typed_software_completion_recomputes_missing_effect_as_unknown[sqlite]
FAILED tests/test_visual_verification_repository.py::test_failed_completion_or_registered_hold_mapping_gap_cannot_be_positive[memory]
FAILED tests/test_visual_verification_repository.py::test_failed_completion_or_registered_hold_mapping_gap_cannot_be_positive[sqlite]
4 failed, 66 passed, 1 skipped in 12.12s
