FFFFFFs.....                                                             [100%]
=================================== FAILURES ===================================
_ test_after_effect_with_full_typed_software_completion_recomputes_missing_effect_as_unknown[memory] _

source = (<cloud_edge_robot_arm.repositories.event_autonomy.memory.InMemoryEventAutonomyRepository object at 0x7916a2d75040>, {...aaaaaaaaaaaaaaaaaaaaaaaaaaaaaaa'}), tcp_velocity=0.15, acceleration=0.5, clearance_m=0.1, minimum_height_m=0.16), ...})

    def test_after_effect_with_full_typed_software_completion_recomputes_missing_effect_as_unknown(source):
        repo,data=source
>       request=request_for(data,unknown=False,phase='AFTER_EFFECT',completion=software_completion(data))
                                                                               ^^^^^^^^^^^^^^^^^^^^^^^^^

tests/test_visual_verification_repository.py:416: 
_ _ _ _ _ _ _ _ _ _ _ _ _ _ _ _ _ _ _ _ _ _ _ _ _ _ _ _ _ _ _ _ _ _ _ _ _ _ _ _ 

data = {'current_identity': VisualOwnerIdentity(job_id='job-1', run_id='run-1', attempt=1, worker_id='worker-1', lease_id='le...aaaaaaaaaaaaaaaaaaaaaaaaaaaaaaaa'}), tcp_velocity=0.15, acceleration=0.5, clearance_m=0.1, minimum_height_m=0.16), ...}

    def software_completion(data, *, success=True):
        """Synthetic typed result, never actual execution source authentication."""
        from cloud_edge_robot_arm.contracts.models import SkillExecutionResult
        from cloud_edge_robot_arm.repositories.event_autonomy.visual_owner import digest
        original=data['original']; observation=data['online'].observation
        returned=observation.captured_at-timedelta(milliseconds=1)
        result=SkillExecutionResult(task_id=original.identity.task_id,
            plan_version=original.contract.plan_version,command_seq=original.contract.command_seq,
            timestamp=returned,step_id='move',skill=original.contract.steps[0].skill,
            scene_version=original.contract.scene_version,success=success,duration_ms=1,
            details={'fixture_scope':'SOFTWARE_ONLY'})
>       return api().VisualEffectCompletion(result=result,task_id=original.identity.task_id,
            plan_id=original.identity.plan_id,robot_id=original.identity.robot_id,
            step_id='move',attempt=1,plan_version=original.contract.plan_version,
            command_seq=original.contract.command_seq,started_at=original.registered_at,
            returned_at=returned,before_observation_id='before-software-attempt',
            execution_payload_hash=digest(original.contract.model_dump(mode='json')),
            source_checkpoint_hash=data['publication'].checkpoint.checkpoint_hash,
            source_hashes=original.source_hashes)
E       TypeError: VisualEffectCompletion.__init__() got an unexpected keyword argument 'plan_id'

tests/test_visual_verification_repository.py:404: TypeError
_ test_after_effect_with_full_typed_software_completion_recomputes_missing_effect_as_unknown[sqlite] _

source = (<cloud_edge_robot_arm.repositories.event_autonomy.sqlite.SQLiteEventAutonomyRepository object at 0x79169ffbcef0>, {'c...aaaaaaaaaaaaaaaaaaaaaaaaaaaaaaa'}), tcp_velocity=0.15, acceleration=0.5, clearance_m=0.1, minimum_height_m=0.16), ...})

    def test_after_effect_with_full_typed_software_completion_recomputes_missing_effect_as_unknown(source):
        repo,data=source
>       request=request_for(data,unknown=False,phase='AFTER_EFFECT',completion=software_completion(data))
                                                                               ^^^^^^^^^^^^^^^^^^^^^^^^^

tests/test_visual_verification_repository.py:416: 
_ _ _ _ _ _ _ _ _ _ _ _ _ _ _ _ _ _ _ _ _ _ _ _ _ _ _ _ _ _ _ _ _ _ _ _ _ _ _ _ 

data = {'current_identity': VisualOwnerIdentity(job_id='job-1', run_id='run-1', attempt=1, worker_id='worker-1', lease_id='le...aaaaaaaaaaaaaaaaaaaaaaaaaaaaaaaa'}), tcp_velocity=0.15, acceleration=0.5, clearance_m=0.1, minimum_height_m=0.16), ...}

    def software_completion(data, *, success=True):
        """Synthetic typed result, never actual execution source authentication."""
        from cloud_edge_robot_arm.contracts.models import SkillExecutionResult
        from cloud_edge_robot_arm.repositories.event_autonomy.visual_owner import digest
        original=data['original']; observation=data['online'].observation
        returned=observation.captured_at-timedelta(milliseconds=1)
        result=SkillExecutionResult(task_id=original.identity.task_id,
            plan_version=original.contract.plan_version,command_seq=original.contract.command_seq,
            timestamp=returned,step_id='move',skill=original.contract.steps[0].skill,
            scene_version=original.contract.scene_version,success=success,duration_ms=1,
            details={'fixture_scope':'SOFTWARE_ONLY'})
>       return api().VisualEffectCompletion(result=result,task_id=original.identity.task_id,
            plan_id=original.identity.plan_id,robot_id=original.identity.robot_id,
            step_id='move',attempt=1,plan_version=original.contract.plan_version,
            command_seq=original.contract.command_seq,started_at=original.registered_at,
            returned_at=returned,before_observation_id='before-software-attempt',
            execution_payload_hash=digest(original.contract.model_dump(mode='json')),
            source_checkpoint_hash=data['publication'].checkpoint.checkpoint_hash,
            source_hashes=original.source_hashes)
E       TypeError: VisualEffectCompletion.__init__() got an unexpected keyword argument 'plan_id'

tests/test_visual_verification_repository.py:404: TypeError
_ test_failed_completion_or_registered_hold_mapping_gap_cannot_be_positive[memory] _

source = (<cloud_edge_robot_arm.repositories.event_autonomy.memory.InMemoryEventAutonomyRepository object at 0x79169ffbf6e0>, {...aaaaaaaaaaaaaaaaaaaaaaaaaaaaaaa'}), tcp_velocity=0.15, acceleration=0.5, clearance_m=0.1, minimum_height_m=0.16), ...})

    def test_failed_completion_or_registered_hold_mapping_gap_cannot_be_positive(source):
        repo,data=source
>       completion=software_completion(data,success=False)
                   ^^^^^^^^^^^^^^^^^^^^^^^^^^^^^^^^^^^^^^^

tests/test_visual_verification_repository.py:425: 
_ _ _ _ _ _ _ _ _ _ _ _ _ _ _ _ _ _ _ _ _ _ _ _ _ _ _ _ _ _ _ _ _ _ _ _ _ _ _ _ 

data = {'current_identity': VisualOwnerIdentity(job_id='job-1', run_id='run-1', attempt=1, worker_id='worker-1', lease_id='le...aaaaaaaaaaaaaaaaaaaaaaaaaaaaaaaa'}), tcp_velocity=0.15, acceleration=0.5, clearance_m=0.1, minimum_height_m=0.16), ...}

    def software_completion(data, *, success=True):
        """Synthetic typed result, never actual execution source authentication."""
        from cloud_edge_robot_arm.contracts.models import SkillExecutionResult
        from cloud_edge_robot_arm.repositories.event_autonomy.visual_owner import digest
        original=data['original']; observation=data['online'].observation
        returned=observation.captured_at-timedelta(milliseconds=1)
        result=SkillExecutionResult(task_id=original.identity.task_id,
            plan_version=original.contract.plan_version,command_seq=original.contract.command_seq,
            timestamp=returned,step_id='move',skill=original.contract.steps[0].skill,
            scene_version=original.contract.scene_version,success=success,duration_ms=1,
            details={'fixture_scope':'SOFTWARE_ONLY'})
>       return api().VisualEffectCompletion(result=result,task_id=original.identity.task_id,
            plan_id=original.identity.plan_id,robot_id=original.identity.robot_id,
            step_id='move',attempt=1,plan_version=original.contract.plan_version,
            command_seq=original.contract.command_seq,started_at=original.registered_at,
            returned_at=returned,before_observation_id='before-software-attempt',
            execution_payload_hash=digest(original.contract.model_dump(mode='json')),
            source_checkpoint_hash=data['publication'].checkpoint.checkpoint_hash,
            source_hashes=original.source_hashes)
E       TypeError: VisualEffectCompletion.__init__() got an unexpected keyword argument 'plan_id'

tests/test_visual_verification_repository.py:404: TypeError
_ test_failed_completion_or_registered_hold_mapping_gap_cannot_be_positive[sqlite] _

source = (<cloud_edge_robot_arm.repositories.event_autonomy.sqlite.SQLiteEventAutonomyRepository object at 0x79169f949850>, {'c...aaaaaaaaaaaaaaaaaaaaaaaaaaaaaaa'}), tcp_velocity=0.15, acceleration=0.5, clearance_m=0.1, minimum_height_m=0.16), ...})

    def test_failed_completion_or_registered_hold_mapping_gap_cannot_be_positive(source):
        repo,data=source
>       completion=software_completion(data,success=False)
                   ^^^^^^^^^^^^^^^^^^^^^^^^^^^^^^^^^^^^^^^

tests/test_visual_verification_repository.py:425: 
_ _ _ _ _ _ _ _ _ _ _ _ _ _ _ _ _ _ _ _ _ _ _ _ _ _ _ _ _ _ _ _ _ _ _ _ _ _ _ _ 

data = {'current_identity': VisualOwnerIdentity(job_id='job-1', run_id='run-1', attempt=1, worker_id='worker-1', lease_id='le...aaaaaaaaaaaaaaaaaaaaaaaaaaaaaaaa'}), tcp_velocity=0.15, acceleration=0.5, clearance_m=0.1, minimum_height_m=0.16), ...}

    def software_completion(data, *, success=True):
        """Synthetic typed result, never actual execution source authentication."""
        from cloud_edge_robot_arm.contracts.models import SkillExecutionResult
        from cloud_edge_robot_arm.repositories.event_autonomy.visual_owner import digest
        original=data['original']; observation=data['online'].observation
        returned=observation.captured_at-timedelta(milliseconds=1)
        result=SkillExecutionResult(task_id=original.identity.task_id,
            plan_version=original.contract.plan_version,command_seq=original.contract.command_seq,
            timestamp=returned,step_id='move',skill=original.contract.steps[0].skill,
            scene_version=original.contract.scene_version,success=success,duration_ms=1,
            details={'fixture_scope':'SOFTWARE_ONLY'})
>       return api().VisualEffectCompletion(result=result,task_id=original.identity.task_id,
            plan_id=original.identity.plan_id,robot_id=original.identity.robot_id,
            step_id='move',attempt=1,plan_version=original.contract.plan_version,
            command_seq=original.contract.command_seq,started_at=original.registered_at,
            returned_at=returned,before_observation_id='before-software-attempt',
            execution_payload_hash=digest(original.contract.model_dump(mode='json')),
            source_checkpoint_hash=data['publication'].checkpoint.checkpoint_hash,
            source_hashes=original.source_hashes)
E       TypeError: VisualEffectCompletion.__init__() got an unexpected keyword argument 'plan_id'

tests/test_visual_verification_repository.py:404: TypeError
_ test_history_route_cannot_be_rehashed_to_continue_without_recomputing_native_or_canonical_state[memory] _

source = (<cloud_edge_robot_arm.repositories.event_autonomy.memory.InMemoryEventAutonomyRepository object at 0x79169f94b380>, {...aaaaaaaaaaaaaaaaaaaaaaaaaaaaaaa'}), tcp_velocity=0.15, acceleration=0.5, clearance_m=0.1, minimum_height_m=0.16), ...})

    def test_history_route_cannot_be_rehashed_to_continue_without_recomputing_native_or_canonical_state(source):
        repo,data=source
        result=repo.route_visual_verification_if_current(request=request_for(data,phase='NATIVE_PRE_SKILL'))
        payload=result.record.to_payload()
        payload['route']='CONTINUE'
>       with pytest.raises(ValueError):
E       Failed: DID NOT RAISE <class 'ValueError'>

tests/test_visual_verification_repository.py:435: Failed
_ test_history_route_cannot_be_rehashed_to_continue_without_recomputing_native_or_canonical_state[sqlite] _

source = (<cloud_edge_robot_arm.repositories.event_autonomy.sqlite.SQLiteEventAutonomyRepository object at 0x79169f94b3e0>, {'c...aaaaaaaaaaaaaaaaaaaaaaaaaaaaaaa'}), tcp_velocity=0.15, acceleration=0.5, clearance_m=0.1, minimum_height_m=0.16), ...})

    def test_history_route_cannot_be_rehashed_to_continue_without_recomputing_native_or_canonical_state(source):
        repo,data=source
        result=repo.route_visual_verification_if_current(request=request_for(data,phase='NATIVE_PRE_SKILL'))
        payload=result.record.to_payload()
        payload['route']='CONTINUE'
>       with pytest.raises(ValueError):
E       Failed: DID NOT RAISE <class 'ValueError'>

tests/test_visual_verification_repository.py:435: Failed
=========================== short test summary info ============================
FAILED tests/test_visual_verification_repository.py::test_after_effect_with_full_typed_software_completion_recomputes_missing_effect_as_unknown[memory]
FAILED tests/test_visual_verification_repository.py::test_after_effect_with_full_typed_software_completion_recomputes_missing_effect_as_unknown[sqlite]
FAILED tests/test_visual_verification_repository.py::test_failed_completion_or_registered_hold_mapping_gap_cannot_be_positive[memory]
FAILED tests/test_visual_verification_repository.py::test_failed_completion_or_registered_hold_mapping_gap_cannot_be_positive[sqlite]
FAILED tests/test_visual_verification_repository.py::test_history_route_cannot_be_rehashed_to_continue_without_recomputing_native_or_canonical_state[memory]
FAILED tests/test_visual_verification_repository.py::test_history_route_cannot_be_rehashed_to_continue_without_recomputing_native_or_canonical_state[sqlite]
6 failed, 5 passed, 1 skipped, 59 deselected in 2.73s
