E501 Line too long (180 > 100)
   --> src/cloud_edge_robot_arm/repositories/event_autonomy/visual_verification.py:757:101
    |
755 | …
756 | …
757 | …completion["started_at"])) <= result.timestamp <= aware(datetime.fromisoformat(completion["returned_at"]))
    |                            ^^^^^^^^^^^^^^^^^^^^^^^^^^^^^^^^^^^^^^^^^^^^^^^^^^^^^^^^^^^^^^^^^^^^^^^^^^^^^^^^
758 | …
759 | …
    |

E501 Line too long (118 > 100)
   --> src/cloud_edge_robot_arm/repositories/event_autonomy/visual_verification.py:783:101
    |
783 | def _route_state(verdicts: list[ConditionVerdict], state: VerificationBudgetState, namespace: str, phase: str) -> str:
    |                                                                                                     ^^^^^^^^^^^^^^^^^^
784 |     if state.exhausted_reason:
785 |         return "STOP"
    |

E702 Multiple statements on one line (semicolon)
   --> tests/test_visual_verification_repository.py:397:30
    |
395 |     from cloud_edge_robot_arm.contracts.models import SkillExecutionResult
396 |     from cloud_edge_robot_arm.repositories.event_autonomy.visual_owner import digest
397 |     original=data['original']; observation=data['online'].observation
    |                              ^
398 |     returned=observation.captured_at-timedelta(milliseconds=1)
399 |     result=SkillExecutionResult(task_id=original.identity.task_id,
    |

E501 Line too long (103 > 100)
   --> tests/test_visual_verification_repository.py:414:101
    |
414 | def test_after_effect_with_full_typed_software_completion_recomputes_missing_effect_as_unknown(source):
    |                                                                                                     ^^^
415 |     repo,data=source
416 |     request=request_for(data,unknown=False,phase='AFTER_EFFECT',completion=software_completion(data))
    |

E501 Line too long (108 > 100)
   --> tests/test_visual_verification_repository.py:430:101
    |
430 | def test_history_route_cannot_be_rehashed_to_continue_without_recomputing_native_or_canonical_state(source):
    |                                                                                                     ^^^^^^^^
431 |     repo,data=source
432 |     result=repo.route_visual_verification_if_current(request=request_for(data,phase='NATIVE_PRE_SKILL'))
    |

E501 Line too long (151 > 100)
   --> tests/test_visual_verification_repository.py:444:101
    |
442 | …
443 | …sistence; memory pre-encodes rows')
444 | …NSERT ON visual_verification_routes BEGIN SELECT RAISE(ABORT, 'fixture write fault'); END")
    |                                          ^^^^^^^^^^^^^^^^^^^^^^^^^^^^^^^^^^^^^^^^^^^^^^^^^^^
445 | …
446 | …
    |

E501 Line too long (108 > 100)
   --> tests/test_visual_verification_repository.py:449:101
    |
447 |         repo.route_visual_verification_if_current(request=request_for(data))
448 |     assert repo.get_visual_owner_publication(data['original'].identity.task_id).owner_revision==1
449 |     assert repo.get_verification_budget(data['original'].identity.task_id).state.remaining_reobservations==3
    |                                                                                                     ^^^^^^^^
450 |     assert repo.get_visual_verification_route(data['original'].identity.task_id,'route-1') is None
    |

E702 Multiple statements on one line (semicolon)
   --> tests/test_visual_verification_repository.py:460:30
    |
458 |     )
459 |     repo,data=source
460 |     original=data['original']; requirements=dict(original.requirements); requirement=requirements['move']
    |                              ^
461 |     pre=tuple(ConditionSpec(c.name,c.target_id,{**dict(c.tolerances),'camera_source_descriptor_sha256':'b'*64},c.sensor_requirements)…
462 |     requirements['move']=OriginalActionRequirements(requirement.original_step,pre,requirement.postconditions,
    |

E702 Multiple statements on one line (semicolon)
   --> tests/test_visual_verification_repository.py:460:72
    |
458 |     )
459 |     repo,data=source
460 |     original=data['original']; requirements=dict(original.requirements); requirement=requirements['move']
    |                                                                        ^
461 |     pre=tuple(ConditionSpec(c.name,c.target_id,{**dict(c.tolerances),'camera_source_descriptor_sha256':'b'*64},c.sensor_requirements)…
462 |     requirements['move']=OriginalActionRequirements(requirement.original_step,pre,requirement.postconditions,
    |

E501 Line too long (105 > 100)
   --> tests/test_visual_verification_repository.py:460:101
    |
458 |     )
459 |     repo,data=source
460 |     original=data['original']; requirements=dict(original.requirements); requirement=requirements['move']
    |                                                                                                     ^^^^^
461 |     pre=tuple(ConditionSpec(c.name,c.target_id,{**dict(c.tolerances),'camera_source_descriptor_sha256':'b'*64},c.sensor_requirements)…
462 |     requirements['move']=OriginalActionRequirements(requirement.original_step,pre,requirement.postconditions,
    |

E501 Line too long (169 > 100)
   --> tests/test_visual_verification_repository.py:461:101
    |
459 | …
460 | …s); requirement=requirements['move']
461 | …'camera_source_descriptor_sha256':'b'*64},c.sensor_requirements) for c in requirement.preconditions)
    |                                 ^^^^^^^^^^^^^^^^^^^^^^^^^^^^^^^^^^^^^^^^^^^^^^^^^^^^^^^^^^^^^^^^^^^^^
462 | …nal_step,pre,requirement.postconditions,
463 | …equirement.ordinary_ttl_s,
    |

Found 12 errors (1 fixed, 11 remaining).
