I001 [*] Import block is un-sorted or un-formatted
  --> src/cloud_edge_robot_arm/repositories/event_autonomy/memory.py:69:5
   |
68 |   if TYPE_CHECKING:
69 | /     from cloud_edge_robot_arm.repositories.event_autonomy.visual_verification import (
70 | |         VisualVerificationRouteInput,
71 | |         VisualVerificationRouteRecord,
72 | |         VisualVerificationRouteWriteResult,
73 | |     )
74 | |     from cloud_edge_robot_arm.edge.evidence.models import EvidenceVerdict
75 | |     from cloud_edge_robot_arm.edge.recovery.lifecycle import (
76 | |         RecoveryAuthorizationEvidence,
77 | |         RecoveryAuthorizationResult,
78 | |         RecoveryRecord,
79 | |         RecoveryReservationEvidence,
80 | |         RecoveryTransitionEvidence,
81 | |         VerificationBudgetRecord,
82 | |     )
83 | |     from cloud_edge_robot_arm.edge.recovery.verification_router import VerificationBudgetState
84 | |     from cloud_edge_robot_arm.repositories.event_autonomy.visual_owner import (
85 | |         VisualOwnerPublicationRecord,
86 | |     )
87 | |     from cloud_edge_robot_arm.vision.owner_registration import (
88 | |         StepGroundingBinding,
89 | |         VisualOriginalPlan,
90 | |     )
   | |_____^
   |
help: Organize imports

I001 [*] Import block is un-sorted or un-formatted
   --> src/cloud_edge_robot_arm/repositories/event_autonomy/memory.py:469:9
    |
467 |           request: VisualVerificationRouteInput,
468 |       ) -> VisualVerificationRouteWriteResult | None:
469 | /         from cloud_edge_robot_arm.repositories.event_autonomy.visual_verification import (
470 | |             VisualVerificationRouteInput,
471 | |             VisualVerificationRouteRecord,
472 | |             VisualVerificationRouteWriteResult,
473 | |             derive_route,
474 | |             historical_duplicate,
475 | |         )
476 | |         from cloud_edge_robot_arm.repositories.event_autonomy.visual_owner import canonical
    | |___________________________________________________________________________________________^
477 |
478 |           if type(request) is not VisualVerificationRouteInput:
    |
help: Organize imports

I001 [*] Import block is un-sorted or un-formatted
  --> src/cloud_edge_robot_arm/repositories/event_autonomy/protocol.py:33:5
   |
32 |   if TYPE_CHECKING:
33 | /     from cloud_edge_robot_arm.repositories.event_autonomy.visual_verification import (
34 | |         VisualVerificationRouteInput,
35 | |         VisualVerificationRouteRecord,
36 | |         VisualVerificationRouteWriteResult,
37 | |     )
38 | |     from cloud_edge_robot_arm.edge.evidence.models import EvidenceVerdict
39 | |     from cloud_edge_robot_arm.edge.recovery.lifecycle import (
40 | |         RecoveryAuthorizationEvidence,
41 | |         RecoveryAuthorizationResult,
42 | |         RecoveryRecord,
43 | |         RecoveryReservationEvidence,
44 | |         RecoveryTransitionEvidence,
45 | |         VerificationBudgetRecord,
46 | |     )
47 | |     from cloud_edge_robot_arm.edge.recovery.verification_router import VerificationBudgetState
48 | |     from cloud_edge_robot_arm.repositories.event_autonomy.visual_owner import (
49 | |         VisualOwnerPublicationRecord,
50 | |     )
51 | |     from cloud_edge_robot_arm.vision.owner_registration import (
52 | |         StepGroundingBinding,
53 | |         VisualOriginalPlan,
54 | |     )
   | |_____^
   |
help: Organize imports

I001 [*] Import block is un-sorted or un-formatted
  --> src/cloud_edge_robot_arm/repositories/event_autonomy/sqlite.py:71:5
   |
70 |   if TYPE_CHECKING:
71 | /     from cloud_edge_robot_arm.repositories.event_autonomy.visual_verification import (
72 | |         VisualVerificationRouteInput,
73 | |         VisualVerificationRouteRecord,
74 | |         VisualVerificationRouteWriteResult,
75 | |     )
76 | |     from cloud_edge_robot_arm.edge.evidence.models import EvidenceVerdict
77 | |     from cloud_edge_robot_arm.edge.recovery.lifecycle import (
78 | |         RecoveryAuthorizationEvidence,
79 | |         RecoveryAuthorizationResult,
80 | |         RecoveryRecord,
81 | |         RecoveryReservationEvidence,
82 | |         RecoveryTransitionEvidence,
83 | |         VerificationBudgetRecord,
84 | |     )
85 | |     from cloud_edge_robot_arm.edge.recovery.verification_router import VerificationBudgetState
86 | |     from cloud_edge_robot_arm.repositories.event_autonomy.visual_owner import (
87 | |         VisualOwnerPublicationRecord,
88 | |     )
89 | |     from cloud_edge_robot_arm.vision.owner_registration import (
90 | |         StepGroundingBinding,
91 | |         VisualOriginalPlan,
92 | |     )
   | |_____^
   |
help: Organize imports

E501 Line too long (107 > 100)
    --> src/cloud_edge_robot_arm/repositories/event_autonomy/sqlite.py:2463:101
     |
2461 |             record, pool, produced = values
2462 |             self._conn.execute(
2463 |                 "UPDATE verification_budgets SET revision=?,payload_json=?,content_hash=? WHERE task_id=?",
     |                                                                                                     ^^^^^^^
2464 |                 (pool.revision, self._json(pool.to_payload()), pool.content_hash, task_id),
2465 |             )
     |

Found 5 errors.
[*] 4 fixable with the `--fix` option.
