FFFFF.F                                                                  [100%]
=================================== FAILURES ===================================
_ test_identity_filling_cannot_hide_malformed_original_proposal[plan_version-True] _

source = (WorkerLeaseObservation(job_id='bootstrap-job', run_id='bootstrap-run', worker_id='bootstrap-worker', lease_id='bootst...6306, tzinfo=datetime.timezone.utc)), datetime.datetime(2026, 10, 4, 19, 24, 25, 166306, tzinfo=datetime.timezone.utc))
key = 'plan_version', value = True

    @pytest.mark.parametrize("key,value", [
        ("plan_version", True), ("command_seq", "0"), ("task_id", ["placeholder"]),
        ("issued_at", "not-a-clock"), ("timestamp", False),
    ])
    def test_identity_filling_cannot_hide_malformed_original_proposal(source, key, value):
        proposal = {
            **values()["original"].contract.model_dump(mode="json"),
            "user_instruction": source[1].user_instruction, key: value,
        }
        record = complete_proposal(source, proposal)
>       assert not record.planning_source_usable
E       assert not True
E        +  where True = <cloud_edge_robot_arm.repositories.event_autonomy.visual_bootstrap.VisualBootstrapRecord object at 0x763c7c98b750>.planning_source_usable

tests/test_visual_bootstrap.py:439: AssertionError
_ test_identity_filling_cannot_hide_malformed_original_proposal[command_seq-0] _

source = (WorkerLeaseObservation(job_id='bootstrap-job', run_id='bootstrap-run', worker_id='bootstrap-worker', lease_id='bootst...1896, tzinfo=datetime.timezone.utc)), datetime.datetime(2026, 10, 4, 19, 24, 25, 471896, tzinfo=datetime.timezone.utc))
key = 'command_seq', value = '0'

    @pytest.mark.parametrize("key,value", [
        ("plan_version", True), ("command_seq", "0"), ("task_id", ["placeholder"]),
        ("issued_at", "not-a-clock"), ("timestamp", False),
    ])
    def test_identity_filling_cannot_hide_malformed_original_proposal(source, key, value):
        proposal = {
            **values()["original"].contract.model_dump(mode="json"),
            "user_instruction": source[1].user_instruction, key: value,
        }
        record = complete_proposal(source, proposal)
>       assert not record.planning_source_usable
E       assert not True
E        +  where True = <cloud_edge_robot_arm.repositories.event_autonomy.visual_bootstrap.VisualBootstrapRecord object at 0x763c7c99dd50>.planning_source_usable

tests/test_visual_bootstrap.py:439: AssertionError
_ test_identity_filling_cannot_hide_malformed_original_proposal[task_id-value2] _

source = (WorkerLeaseObservation(job_id='bootstrap-job', run_id='bootstrap-run', worker_id='bootstrap-worker', lease_id='bootst...9731, tzinfo=datetime.timezone.utc)), datetime.datetime(2026, 10, 4, 19, 24, 25, 509731, tzinfo=datetime.timezone.utc))
key = 'task_id', value = ['placeholder']

    @pytest.mark.parametrize("key,value", [
        ("plan_version", True), ("command_seq", "0"), ("task_id", ["placeholder"]),
        ("issued_at", "not-a-clock"), ("timestamp", False),
    ])
    def test_identity_filling_cannot_hide_malformed_original_proposal(source, key, value):
        proposal = {
            **values()["original"].contract.model_dump(mode="json"),
            "user_instruction": source[1].user_instruction, key: value,
        }
        record = complete_proposal(source, proposal)
>       assert not record.planning_source_usable
E       assert not True
E        +  where True = <cloud_edge_robot_arm.repositories.event_autonomy.visual_bootstrap.VisualBootstrapRecord object at 0x763c7c3a1250>.planning_source_usable

tests/test_visual_bootstrap.py:439: AssertionError
_ test_identity_filling_cannot_hide_malformed_original_proposal[issued_at-not-a-clock] _

source = (WorkerLeaseObservation(job_id='bootstrap-job', run_id='bootstrap-run', worker_id='bootstrap-worker', lease_id='bootst...6803, tzinfo=datetime.timezone.utc)), datetime.datetime(2026, 10, 4, 19, 24, 25, 546803, tzinfo=datetime.timezone.utc))
key = 'issued_at', value = 'not-a-clock'

    @pytest.mark.parametrize("key,value", [
        ("plan_version", True), ("command_seq", "0"), ("task_id", ["placeholder"]),
        ("issued_at", "not-a-clock"), ("timestamp", False),
    ])
    def test_identity_filling_cannot_hide_malformed_original_proposal(source, key, value):
        proposal = {
            **values()["original"].contract.model_dump(mode="json"),
            "user_instruction": source[1].user_instruction, key: value,
        }
        record = complete_proposal(source, proposal)
>       assert not record.planning_source_usable
E       assert not True
E        +  where True = <cloud_edge_robot_arm.repositories.event_autonomy.visual_bootstrap.VisualBootstrapRecord object at 0x763c7c9763d0>.planning_source_usable

tests/test_visual_bootstrap.py:439: AssertionError
_ test_identity_filling_cannot_hide_malformed_original_proposal[timestamp-False] _

source = (WorkerLeaseObservation(job_id='bootstrap-job', run_id='bootstrap-run', worker_id='bootstrap-worker', lease_id='bootst...3884, tzinfo=datetime.timezone.utc)), datetime.datetime(2026, 10, 4, 19, 24, 25, 583884, tzinfo=datetime.timezone.utc))
key = 'timestamp', value = False

    @pytest.mark.parametrize("key,value", [
        ("plan_version", True), ("command_seq", "0"), ("task_id", ["placeholder"]),
        ("issued_at", "not-a-clock"), ("timestamp", False),
    ])
    def test_identity_filling_cannot_hide_malformed_original_proposal(source, key, value):
        proposal = {
            **values()["original"].contract.model_dump(mode="json"),
            "user_instruction": source[1].user_instruction, key: value,
        }
        record = complete_proposal(source, proposal)
>       assert not record.planning_source_usable
E       assert not True
E        +  where True = <cloud_edge_robot_arm.repositories.event_autonomy.visual_bootstrap.VisualBootstrapRecord object at 0x763c7c98a750>.planning_source_usable

tests/test_visual_bootstrap.py:439: AssertionError
______ test_promotion_event_key_cannot_reuse_a_capture_or_planning_event _______

source = (WorkerLeaseObservation(job_id='bootstrap-job', run_id='bootstrap-run', worker_id='bootstrap-worker', lease_id='bootst...2550, tzinfo=datetime.timezone.utc)), datetime.datetime(2026, 10, 4, 19, 24, 25, 682550, tzinfo=datetime.timezone.utc))

    def test_promotion_event_key_cannot_reuse_a_capture_or_planning_event(source):
        current, record, original, retry, _ = promotion_sources(source)
        request = api().VisualBootstrapPromotionInput(
            record=record, original=original,
            event_key=record.to_payload()["history"][0]["request"]["event_key"],
            current_lease=current[0], robot_state=RobotState(connected=True),
        )
>       with pytest.raises(ValueError, match="event key"):
E       Failed: DID NOT RAISE <class 'ValueError'>

tests/test_visual_bootstrap.py:474: Failed
=========================== short test summary info ============================
FAILED tests/test_visual_bootstrap.py::test_identity_filling_cannot_hide_malformed_original_proposal[plan_version-True]
FAILED tests/test_visual_bootstrap.py::test_identity_filling_cannot_hide_malformed_original_proposal[command_seq-0]
FAILED tests/test_visual_bootstrap.py::test_identity_filling_cannot_hide_malformed_original_proposal[task_id-value2]
FAILED tests/test_visual_bootstrap.py::test_identity_filling_cannot_hide_malformed_original_proposal[issued_at-not-a-clock]
FAILED tests/test_visual_bootstrap.py::test_identity_filling_cannot_hide_malformed_original_proposal[timestamp-False]
FAILED tests/test_visual_bootstrap.py::test_promotion_event_key_cannot_reuse_a_capture_or_planning_event
6 failed, 1 passed, 28 deselected in 0.85s
