FFFFFFFFFFFFF                                                            [100%]
=================================== FAILURES ===================================
________ test_bootstrap_compiler_binds_full_original_and_camera_source _________

source = (WorkerLeaseObservation(job_id='bootstrap-job', run_id='bootstrap-run', worker_id='bootstrap-worker', lease_id='bootst...85371, tzinfo=datetime.timezone.utc)), datetime.datetime(2026, 10, 4, 19, 18, 3, 585371, tzinfo=datetime.timezone.utc))

    def test_bootstrap_compiler_binds_full_original_and_camera_source(source):
>       current, record, original, retry, _ = promotion_sources(source)
                                              ^^^^^^^^^^^^^^^^^^^^^^^^^

tests/test_visual_bootstrap.py:308: 
_ _ _ _ _ _ _ _ _ _ _ _ _ _ _ _ _ _ _ _ _ _ _ _ _ _ _ _ _ _ _ _ _ _ _ _ _ _ _ _ 

source = (WorkerLeaseObservation(job_id='bootstrap-job', run_id='bootstrap-run', worker_id='bootstrap-worker', lease_id='bootst...85371, tzinfo=datetime.timezone.utc)), datetime.datetime(2026, 10, 4, 19, 18, 3, 585371, tzinfo=datetime.timezone.utc))

    def promotion_sources(source, *, spent=False):
        from cloud_edge_robot_arm.vision.worker_owner import REQUIRED_COMPILER_SOURCES
    
        lease, definition, now = source
        definition = replace(
            definition,
            source_hashes={
                name: "6" * 64
>               for name in (*REQUIRED_COMPILER_SOURCES, api().BOOTSTRAP_SOURCE_PATH)
                                                         ^^^^^^^^^^^^^^^^^^^^^^^^^^^
            },
        )
E       AttributeError: module 'cloud_edge_robot_arm.repositories.event_autonomy.visual_bootstrap' has no attribute 'BOOTSTRAP_SOURCE_PATH'

tests/test_visual_bootstrap.py:248: AttributeError
____ test_promotion_preserves_entire_spent_state_and_replays_strict_history ____

source = (WorkerLeaseObservation(job_id='bootstrap-job', run_id='bootstrap-run', worker_id='bootstrap-worker', lease_id='bootst...07734, tzinfo=datetime.timezone.utc)), datetime.datetime(2026, 10, 4, 19, 18, 3, 607734, tzinfo=datetime.timezone.utc))

    def test_promotion_preserves_entire_spent_state_and_replays_strict_history(source):
>       current, record, original, retry, request = promotion_sources(source, spent=True)
                                                    ^^^^^^^^^^^^^^^^^^^^^^^^^^^^^^^^^^^^^

tests/test_visual_bootstrap.py:328: 
_ _ _ _ _ _ _ _ _ _ _ _ _ _ _ _ _ _ _ _ _ _ _ _ _ _ _ _ _ _ _ _ _ _ _ _ _ _ _ _ 

source = (WorkerLeaseObservation(job_id='bootstrap-job', run_id='bootstrap-run', worker_id='bootstrap-worker', lease_id='bootst...07734, tzinfo=datetime.timezone.utc)), datetime.datetime(2026, 10, 4, 19, 18, 3, 607734, tzinfo=datetime.timezone.utc))

    def promotion_sources(source, *, spent=False):
        from cloud_edge_robot_arm.vision.worker_owner import REQUIRED_COMPILER_SOURCES
    
        lease, definition, now = source
        definition = replace(
            definition,
            source_hashes={
                name: "6" * 64
>               for name in (*REQUIRED_COMPILER_SOURCES, api().BOOTSTRAP_SOURCE_PATH)
                                                         ^^^^^^^^^^^^^^^^^^^^^^^^^^^
            },
        )
E       AttributeError: module 'cloud_edge_robot_arm.repositories.event_autonomy.visual_bootstrap' has no attribute 'BOOTSTRAP_SOURCE_PATH'

tests/test_visual_bootstrap.py:248: AttributeError
_______ test_promotion_rejects_any_reset_or_changed_original_pool[quota] _______

source = (WorkerLeaseObservation(job_id='bootstrap-job', run_id='bootstrap-run', worker_id='bootstrap-worker', lease_id='bootst...15223, tzinfo=datetime.timezone.utc)), datetime.datetime(2026, 10, 4, 19, 18, 3, 615223, tzinfo=datetime.timezone.utc))
change = 'quota'

    @pytest.mark.parametrize("change", ["quota", "rounds", "history", "deadline", "limits", "retry"])
    def test_promotion_rejects_any_reset_or_changed_original_pool(source, change):
>       current, record, _, retry, request = promotion_sources(source, spent=True)
                                             ^^^^^^^^^^^^^^^^^^^^^^^^^^^^^^^^^^^^^

tests/test_visual_bootstrap.py:348: 
_ _ _ _ _ _ _ _ _ _ _ _ _ _ _ _ _ _ _ _ _ _ _ _ _ _ _ _ _ _ _ _ _ _ _ _ _ _ _ _ 

source = (WorkerLeaseObservation(job_id='bootstrap-job', run_id='bootstrap-run', worker_id='bootstrap-worker', lease_id='bootst...15223, tzinfo=datetime.timezone.utc)), datetime.datetime(2026, 10, 4, 19, 18, 3, 615223, tzinfo=datetime.timezone.utc))

    def promotion_sources(source, *, spent=False):
        from cloud_edge_robot_arm.vision.worker_owner import REQUIRED_COMPILER_SOURCES
    
        lease, definition, now = source
        definition = replace(
            definition,
            source_hashes={
                name: "6" * 64
>               for name in (*REQUIRED_COMPILER_SOURCES, api().BOOTSTRAP_SOURCE_PATH)
                                                         ^^^^^^^^^^^^^^^^^^^^^^^^^^^
            },
        )
E       AttributeError: module 'cloud_edge_robot_arm.repositories.event_autonomy.visual_bootstrap' has no attribute 'BOOTSTRAP_SOURCE_PATH'

tests/test_visual_bootstrap.py:248: AttributeError
______ test_promotion_rejects_any_reset_or_changed_original_pool[rounds] _______

source = (WorkerLeaseObservation(job_id='bootstrap-job', run_id='bootstrap-run', worker_id='bootstrap-worker', lease_id='bootst...22705, tzinfo=datetime.timezone.utc)), datetime.datetime(2026, 10, 4, 19, 18, 3, 622705, tzinfo=datetime.timezone.utc))
change = 'rounds'

    @pytest.mark.parametrize("change", ["quota", "rounds", "history", "deadline", "limits", "retry"])
    def test_promotion_rejects_any_reset_or_changed_original_pool(source, change):
>       current, record, _, retry, request = promotion_sources(source, spent=True)
                                             ^^^^^^^^^^^^^^^^^^^^^^^^^^^^^^^^^^^^^

tests/test_visual_bootstrap.py:348: 
_ _ _ _ _ _ _ _ _ _ _ _ _ _ _ _ _ _ _ _ _ _ _ _ _ _ _ _ _ _ _ _ _ _ _ _ _ _ _ _ 

source = (WorkerLeaseObservation(job_id='bootstrap-job', run_id='bootstrap-run', worker_id='bootstrap-worker', lease_id='bootst...22705, tzinfo=datetime.timezone.utc)), datetime.datetime(2026, 10, 4, 19, 18, 3, 622705, tzinfo=datetime.timezone.utc))

    def promotion_sources(source, *, spent=False):
        from cloud_edge_robot_arm.vision.worker_owner import REQUIRED_COMPILER_SOURCES
    
        lease, definition, now = source
        definition = replace(
            definition,
            source_hashes={
                name: "6" * 64
>               for name in (*REQUIRED_COMPILER_SOURCES, api().BOOTSTRAP_SOURCE_PATH)
                                                         ^^^^^^^^^^^^^^^^^^^^^^^^^^^
            },
        )
E       AttributeError: module 'cloud_edge_robot_arm.repositories.event_autonomy.visual_bootstrap' has no attribute 'BOOTSTRAP_SOURCE_PATH'

tests/test_visual_bootstrap.py:248: AttributeError
______ test_promotion_rejects_any_reset_or_changed_original_pool[history] ______

source = (WorkerLeaseObservation(job_id='bootstrap-job', run_id='bootstrap-run', worker_id='bootstrap-worker', lease_id='bootst...30172, tzinfo=datetime.timezone.utc)), datetime.datetime(2026, 10, 4, 19, 18, 3, 630172, tzinfo=datetime.timezone.utc))
change = 'history'

    @pytest.mark.parametrize("change", ["quota", "rounds", "history", "deadline", "limits", "retry"])
    def test_promotion_rejects_any_reset_or_changed_original_pool(source, change):
>       current, record, _, retry, request = promotion_sources(source, spent=True)
                                             ^^^^^^^^^^^^^^^^^^^^^^^^^^^^^^^^^^^^^

tests/test_visual_bootstrap.py:348: 
_ _ _ _ _ _ _ _ _ _ _ _ _ _ _ _ _ _ _ _ _ _ _ _ _ _ _ _ _ _ _ _ _ _ _ _ _ _ _ _ 

source = (WorkerLeaseObservation(job_id='bootstrap-job', run_id='bootstrap-run', worker_id='bootstrap-worker', lease_id='bootst...30172, tzinfo=datetime.timezone.utc)), datetime.datetime(2026, 10, 4, 19, 18, 3, 630172, tzinfo=datetime.timezone.utc))

    def promotion_sources(source, *, spent=False):
        from cloud_edge_robot_arm.vision.worker_owner import REQUIRED_COMPILER_SOURCES
    
        lease, definition, now = source
        definition = replace(
            definition,
            source_hashes={
                name: "6" * 64
>               for name in (*REQUIRED_COMPILER_SOURCES, api().BOOTSTRAP_SOURCE_PATH)
                                                         ^^^^^^^^^^^^^^^^^^^^^^^^^^^
            },
        )
E       AttributeError: module 'cloud_edge_robot_arm.repositories.event_autonomy.visual_bootstrap' has no attribute 'BOOTSTRAP_SOURCE_PATH'

tests/test_visual_bootstrap.py:248: AttributeError
_____ test_promotion_rejects_any_reset_or_changed_original_pool[deadline] ______

source = (WorkerLeaseObservation(job_id='bootstrap-job', run_id='bootstrap-run', worker_id='bootstrap-worker', lease_id='bootst...38100, tzinfo=datetime.timezone.utc)), datetime.datetime(2026, 10, 4, 19, 18, 3, 638100, tzinfo=datetime.timezone.utc))
change = 'deadline'

    @pytest.mark.parametrize("change", ["quota", "rounds", "history", "deadline", "limits", "retry"])
    def test_promotion_rejects_any_reset_or_changed_original_pool(source, change):
>       current, record, _, retry, request = promotion_sources(source, spent=True)
                                             ^^^^^^^^^^^^^^^^^^^^^^^^^^^^^^^^^^^^^

tests/test_visual_bootstrap.py:348: 
_ _ _ _ _ _ _ _ _ _ _ _ _ _ _ _ _ _ _ _ _ _ _ _ _ _ _ _ _ _ _ _ _ _ _ _ _ _ _ _ 

source = (WorkerLeaseObservation(job_id='bootstrap-job', run_id='bootstrap-run', worker_id='bootstrap-worker', lease_id='bootst...38100, tzinfo=datetime.timezone.utc)), datetime.datetime(2026, 10, 4, 19, 18, 3, 638100, tzinfo=datetime.timezone.utc))

    def promotion_sources(source, *, spent=False):
        from cloud_edge_robot_arm.vision.worker_owner import REQUIRED_COMPILER_SOURCES
    
        lease, definition, now = source
        definition = replace(
            definition,
            source_hashes={
                name: "6" * 64
>               for name in (*REQUIRED_COMPILER_SOURCES, api().BOOTSTRAP_SOURCE_PATH)
                                                         ^^^^^^^^^^^^^^^^^^^^^^^^^^^
            },
        )
E       AttributeError: module 'cloud_edge_robot_arm.repositories.event_autonomy.visual_bootstrap' has no attribute 'BOOTSTRAP_SOURCE_PATH'

tests/test_visual_bootstrap.py:248: AttributeError
______ test_promotion_rejects_any_reset_or_changed_original_pool[limits] _______

source = (WorkerLeaseObservation(job_id='bootstrap-job', run_id='bootstrap-run', worker_id='bootstrap-worker', lease_id='bootst...45675, tzinfo=datetime.timezone.utc)), datetime.datetime(2026, 10, 4, 19, 18, 3, 645675, tzinfo=datetime.timezone.utc))
change = 'limits'

    @pytest.mark.parametrize("change", ["quota", "rounds", "history", "deadline", "limits", "retry"])
    def test_promotion_rejects_any_reset_or_changed_original_pool(source, change):
>       current, record, _, retry, request = promotion_sources(source, spent=True)
                                             ^^^^^^^^^^^^^^^^^^^^^^^^^^^^^^^^^^^^^

tests/test_visual_bootstrap.py:348: 
_ _ _ _ _ _ _ _ _ _ _ _ _ _ _ _ _ _ _ _ _ _ _ _ _ _ _ _ _ _ _ _ _ _ _ _ _ _ _ _ 

source = (WorkerLeaseObservation(job_id='bootstrap-job', run_id='bootstrap-run', worker_id='bootstrap-worker', lease_id='bootst...45675, tzinfo=datetime.timezone.utc)), datetime.datetime(2026, 10, 4, 19, 18, 3, 645675, tzinfo=datetime.timezone.utc))

    def promotion_sources(source, *, spent=False):
        from cloud_edge_robot_arm.vision.worker_owner import REQUIRED_COMPILER_SOURCES
    
        lease, definition, now = source
        definition = replace(
            definition,
            source_hashes={
                name: "6" * 64
>               for name in (*REQUIRED_COMPILER_SOURCES, api().BOOTSTRAP_SOURCE_PATH)
                                                         ^^^^^^^^^^^^^^^^^^^^^^^^^^^
            },
        )
E       AttributeError: module 'cloud_edge_robot_arm.repositories.event_autonomy.visual_bootstrap' has no attribute 'BOOTSTRAP_SOURCE_PATH'

tests/test_visual_bootstrap.py:248: AttributeError
_______ test_promotion_rejects_any_reset_or_changed_original_pool[retry] _______

source = (WorkerLeaseObservation(job_id='bootstrap-job', run_id='bootstrap-run', worker_id='bootstrap-worker', lease_id='bootst...53211, tzinfo=datetime.timezone.utc)), datetime.datetime(2026, 10, 4, 19, 18, 3, 653211, tzinfo=datetime.timezone.utc))
change = 'retry'

    @pytest.mark.parametrize("change", ["quota", "rounds", "history", "deadline", "limits", "retry"])
    def test_promotion_rejects_any_reset_or_changed_original_pool(source, change):
>       current, record, _, retry, request = promotion_sources(source, spent=True)
                                             ^^^^^^^^^^^^^^^^^^^^^^^^^^^^^^^^^^^^^

tests/test_visual_bootstrap.py:348: 
_ _ _ _ _ _ _ _ _ _ _ _ _ _ _ _ _ _ _ _ _ _ _ _ _ _ _ _ _ _ _ _ _ _ _ _ _ _ _ _ 

source = (WorkerLeaseObservation(job_id='bootstrap-job', run_id='bootstrap-run', worker_id='bootstrap-worker', lease_id='bootst...53211, tzinfo=datetime.timezone.utc)), datetime.datetime(2026, 10, 4, 19, 18, 3, 653211, tzinfo=datetime.timezone.utc))

    def promotion_sources(source, *, spent=False):
        from cloud_edge_robot_arm.vision.worker_owner import REQUIRED_COMPILER_SOURCES
    
        lease, definition, now = source
        definition = replace(
            definition,
            source_hashes={
                name: "6" * 64
>               for name in (*REQUIRED_COMPILER_SOURCES, api().BOOTSTRAP_SOURCE_PATH)
                                                         ^^^^^^^^^^^^^^^^^^^^^^^^^^^
            },
        )
E       AttributeError: module 'cloud_edge_robot_arm.repositories.event_autonomy.visual_bootstrap' has no attribute 'BOOTSTRAP_SOURCE_PATH'

tests/test_visual_bootstrap.py:248: AttributeError
_ test_promotion_rechecks_current_source_and_complete_semantic_original[lease] _

source = (WorkerLeaseObservation(job_id='bootstrap-job', run_id='bootstrap-run', worker_id='bootstrap-worker', lease_id='bootst...60687, tzinfo=datetime.timezone.utc)), datetime.datetime(2026, 10, 4, 19, 18, 3, 660687, tzinfo=datetime.timezone.utc))
fault = 'lease'

    @pytest.mark.parametrize("fault", ["lease", "hard_stop", "deadline", "original"])
    def test_promotion_rechecks_current_source_and_complete_semantic_original(source, fault):
>       current, record, original, retry, request = promotion_sources(source)
                                                    ^^^^^^^^^^^^^^^^^^^^^^^^^

tests/test_visual_bootstrap.py:368: 
_ _ _ _ _ _ _ _ _ _ _ _ _ _ _ _ _ _ _ _ _ _ _ _ _ _ _ _ _ _ _ _ _ _ _ _ _ _ _ _ 

source = (WorkerLeaseObservation(job_id='bootstrap-job', run_id='bootstrap-run', worker_id='bootstrap-worker', lease_id='bootst...60687, tzinfo=datetime.timezone.utc)), datetime.datetime(2026, 10, 4, 19, 18, 3, 660687, tzinfo=datetime.timezone.utc))

    def promotion_sources(source, *, spent=False):
        from cloud_edge_robot_arm.vision.worker_owner import REQUIRED_COMPILER_SOURCES
    
        lease, definition, now = source
        definition = replace(
            definition,
            source_hashes={
                name: "6" * 64
>               for name in (*REQUIRED_COMPILER_SOURCES, api().BOOTSTRAP_SOURCE_PATH)
                                                         ^^^^^^^^^^^^^^^^^^^^^^^^^^^
            },
        )
E       AttributeError: module 'cloud_edge_robot_arm.repositories.event_autonomy.visual_bootstrap' has no attribute 'BOOTSTRAP_SOURCE_PATH'

tests/test_visual_bootstrap.py:248: AttributeError
_ test_promotion_rechecks_current_source_and_complete_semantic_original[hard_stop] _

source = (WorkerLeaseObservation(job_id='bootstrap-job', run_id='bootstrap-run', worker_id='bootstrap-worker', lease_id='bootst...68168, tzinfo=datetime.timezone.utc)), datetime.datetime(2026, 10, 4, 19, 18, 3, 668168, tzinfo=datetime.timezone.utc))
fault = 'hard_stop'

    @pytest.mark.parametrize("fault", ["lease", "hard_stop", "deadline", "original"])
    def test_promotion_rechecks_current_source_and_complete_semantic_original(source, fault):
>       current, record, original, retry, request = promotion_sources(source)
                                                    ^^^^^^^^^^^^^^^^^^^^^^^^^

tests/test_visual_bootstrap.py:368: 
_ _ _ _ _ _ _ _ _ _ _ _ _ _ _ _ _ _ _ _ _ _ _ _ _ _ _ _ _ _ _ _ _ _ _ _ _ _ _ _ 

source = (WorkerLeaseObservation(job_id='bootstrap-job', run_id='bootstrap-run', worker_id='bootstrap-worker', lease_id='bootst...68168, tzinfo=datetime.timezone.utc)), datetime.datetime(2026, 10, 4, 19, 18, 3, 668168, tzinfo=datetime.timezone.utc))

    def promotion_sources(source, *, spent=False):
        from cloud_edge_robot_arm.vision.worker_owner import REQUIRED_COMPILER_SOURCES
    
        lease, definition, now = source
        definition = replace(
            definition,
            source_hashes={
                name: "6" * 64
>               for name in (*REQUIRED_COMPILER_SOURCES, api().BOOTSTRAP_SOURCE_PATH)
                                                         ^^^^^^^^^^^^^^^^^^^^^^^^^^^
            },
        )
E       AttributeError: module 'cloud_edge_robot_arm.repositories.event_autonomy.visual_bootstrap' has no attribute 'BOOTSTRAP_SOURCE_PATH'

tests/test_visual_bootstrap.py:248: AttributeError
_ test_promotion_rechecks_current_source_and_complete_semantic_original[deadline] _

source = (WorkerLeaseObservation(job_id='bootstrap-job', run_id='bootstrap-run', worker_id='bootstrap-worker', lease_id='bootst...75739, tzinfo=datetime.timezone.utc)), datetime.datetime(2026, 10, 4, 19, 18, 3, 675739, tzinfo=datetime.timezone.utc))
fault = 'deadline'

    @pytest.mark.parametrize("fault", ["lease", "hard_stop", "deadline", "original"])
    def test_promotion_rechecks_current_source_and_complete_semantic_original(source, fault):
>       current, record, original, retry, request = promotion_sources(source)
                                                    ^^^^^^^^^^^^^^^^^^^^^^^^^

tests/test_visual_bootstrap.py:368: 
_ _ _ _ _ _ _ _ _ _ _ _ _ _ _ _ _ _ _ _ _ _ _ _ _ _ _ _ _ _ _ _ _ _ _ _ _ _ _ _ 

source = (WorkerLeaseObservation(job_id='bootstrap-job', run_id='bootstrap-run', worker_id='bootstrap-worker', lease_id='bootst...75739, tzinfo=datetime.timezone.utc)), datetime.datetime(2026, 10, 4, 19, 18, 3, 675739, tzinfo=datetime.timezone.utc))

    def promotion_sources(source, *, spent=False):
        from cloud_edge_robot_arm.vision.worker_owner import REQUIRED_COMPILER_SOURCES
    
        lease, definition, now = source
        definition = replace(
            definition,
            source_hashes={
                name: "6" * 64
>               for name in (*REQUIRED_COMPILER_SOURCES, api().BOOTSTRAP_SOURCE_PATH)
                                                         ^^^^^^^^^^^^^^^^^^^^^^^^^^^
            },
        )
E       AttributeError: module 'cloud_edge_robot_arm.repositories.event_autonomy.visual_bootstrap' has no attribute 'BOOTSTRAP_SOURCE_PATH'

tests/test_visual_bootstrap.py:248: AttributeError
_ test_promotion_rechecks_current_source_and_complete_semantic_original[original] _

source = (WorkerLeaseObservation(job_id='bootstrap-job', run_id='bootstrap-run', worker_id='bootstrap-worker', lease_id='bootst...83287, tzinfo=datetime.timezone.utc)), datetime.datetime(2026, 10, 4, 19, 18, 3, 683287, tzinfo=datetime.timezone.utc))
fault = 'original'

    @pytest.mark.parametrize("fault", ["lease", "hard_stop", "deadline", "original"])
    def test_promotion_rechecks_current_source_and_complete_semantic_original(source, fault):
>       current, record, original, retry, request = promotion_sources(source)
                                                    ^^^^^^^^^^^^^^^^^^^^^^^^^

tests/test_visual_bootstrap.py:368: 
_ _ _ _ _ _ _ _ _ _ _ _ _ _ _ _ _ _ _ _ _ _ _ _ _ _ _ _ _ _ _ _ _ _ _ _ _ _ _ _ 

source = (WorkerLeaseObservation(job_id='bootstrap-job', run_id='bootstrap-run', worker_id='bootstrap-worker', lease_id='bootst...83287, tzinfo=datetime.timezone.utc)), datetime.datetime(2026, 10, 4, 19, 18, 3, 683287, tzinfo=datetime.timezone.utc))

    def promotion_sources(source, *, spent=False):
        from cloud_edge_robot_arm.vision.worker_owner import REQUIRED_COMPILER_SOURCES
    
        lease, definition, now = source
        definition = replace(
            definition,
            source_hashes={
                name: "6" * 64
>               for name in (*REQUIRED_COMPILER_SOURCES, api().BOOTSTRAP_SOURCE_PATH)
                                                         ^^^^^^^^^^^^^^^^^^^^^^^^^^^
            },
        )
E       AttributeError: module 'cloud_edge_robot_arm.repositories.event_autonomy.visual_bootstrap' has no attribute 'BOOTSTRAP_SOURCE_PATH'

tests/test_visual_bootstrap.py:248: AttributeError
________ test_promotion_record_rejects_coherently_rehashed_state_reset _________

source = (WorkerLeaseObservation(job_id='bootstrap-job', run_id='bootstrap-run', worker_id='bootstrap-worker', lease_id='bootst...90854, tzinfo=datetime.timezone.utc)), datetime.datetime(2026, 10, 4, 19, 18, 3, 690854, tzinfo=datetime.timezone.utc))

    def test_promotion_record_rejects_coherently_rehashed_state_reset(source):
>       current, record, _, retry, request = promotion_sources(source, spent=True)
                                             ^^^^^^^^^^^^^^^^^^^^^^^^^^^^^^^^^^^^^

tests/test_visual_bootstrap.py:392: 
_ _ _ _ _ _ _ _ _ _ _ _ _ _ _ _ _ _ _ _ _ _ _ _ _ _ _ _ _ _ _ _ _ _ _ _ _ _ _ _ 

source = (WorkerLeaseObservation(job_id='bootstrap-job', run_id='bootstrap-run', worker_id='bootstrap-worker', lease_id='bootst...90854, tzinfo=datetime.timezone.utc)), datetime.datetime(2026, 10, 4, 19, 18, 3, 690854, tzinfo=datetime.timezone.utc))

    def promotion_sources(source, *, spent=False):
        from cloud_edge_robot_arm.vision.worker_owner import REQUIRED_COMPILER_SOURCES
    
        lease, definition, now = source
        definition = replace(
            definition,
            source_hashes={
                name: "6" * 64
>               for name in (*REQUIRED_COMPILER_SOURCES, api().BOOTSTRAP_SOURCE_PATH)
                                                         ^^^^^^^^^^^^^^^^^^^^^^^^^^^
            },
        )
E       AttributeError: module 'cloud_edge_robot_arm.repositories.event_autonomy.visual_bootstrap' has no attribute 'BOOTSTRAP_SOURCE_PATH'

tests/test_visual_bootstrap.py:248: AttributeError
=========================== short test summary info ============================
FAILED tests/test_visual_bootstrap.py::test_bootstrap_compiler_binds_full_original_and_camera_source
FAILED tests/test_visual_bootstrap.py::test_promotion_preserves_entire_spent_state_and_replays_strict_history
FAILED tests/test_visual_bootstrap.py::test_promotion_rejects_any_reset_or_changed_original_pool[quota]
FAILED tests/test_visual_bootstrap.py::test_promotion_rejects_any_reset_or_changed_original_pool[rounds]
FAILED tests/test_visual_bootstrap.py::test_promotion_rejects_any_reset_or_changed_original_pool[history]
FAILED tests/test_visual_bootstrap.py::test_promotion_rejects_any_reset_or_changed_original_pool[deadline]
FAILED tests/test_visual_bootstrap.py::test_promotion_rejects_any_reset_or_changed_original_pool[limits]
FAILED tests/test_visual_bootstrap.py::test_promotion_rejects_any_reset_or_changed_original_pool[retry]
FAILED tests/test_visual_bootstrap.py::test_promotion_rechecks_current_source_and_complete_semantic_original[lease]
FAILED tests/test_visual_bootstrap.py::test_promotion_rechecks_current_source_and_complete_semantic_original[hard_stop]
FAILED tests/test_visual_bootstrap.py::test_promotion_rechecks_current_source_and_complete_semantic_original[deadline]
FAILED tests/test_visual_bootstrap.py::test_promotion_rechecks_current_source_and_complete_semantic_original[original]
FAILED tests/test_visual_bootstrap.py::test_promotion_record_rejects_coherently_rehashed_state_reset
13 failed, 15 deselected in 0.34s
