EEEEEEEEEEEEEEE                                                          [100%]
==================================== ERRORS ====================================
_ ERROR at setup of test_initial_deadlines_are_from_task_start_not_registration _

    @pytest.fixture
    def source():
        now = datetime.now(UTC)
        lease = WorkerLeaseObservation(
            "bootstrap-job", "bootstrap-run", "bootstrap-worker", "bootstrap-lease", 1,
            now - timedelta(seconds=2), now, now + timedelta(seconds=60),
            "1" * 64, "2" * 64, "3" * 64,
        )
>       definition = api().VisualBootstrapDefinition(
                     ^^^^^
            lease=lease, episode_id="bootstrap-episode", user_instruction="move the visible box",
            task_started_at=now - timedelta(seconds=1), task_timeout_s=120.0,
            verification_limits=VerificationBudget(2, 0, 3, 100.0),
            role_bundle_hash="4" * 64, model_snapshot_hash="5" * 64,
            source_hashes={"source.py": "6" * 64}, registered_at=now,
        )

tests/test_visual_bootstrap.py:27: 
_ _ _ _ _ _ _ _ _ _ _ _ _ _ _ _ _ _ _ _ _ _ _ _ _ _ _ _ _ _ _ _ _ _ _ _ _ _ _ _ 
tests/test_visual_bootstrap.py:16: in api
    return import_module("cloud_edge_robot_arm.repositories.event_autonomy.visual_bootstrap")
           ^^^^^^^^^^^^^^^^^^^^^^^^^^^^^^^^^^^^^^^^^^^^^^^^^^^^^^^^^^^^^^^^^^^^^^^^^^^^^^^^^^
/usr/lib/python3.12/importlib/__init__.py:90: in import_module
    return _bootstrap._gcd_import(name[level:], package, level)
           ^^^^^^^^^^^^^^^^^^^^^^^^^^^^^^^^^^^^^^^^^^^^^^^^^^^^
<frozen importlib._bootstrap>:1387: in _gcd_import
    ???
<frozen importlib._bootstrap>:1360: in _find_and_load
    ???
_ _ _ _ _ _ _ _ _ _ _ _ _ _ _ _ _ _ _ _ _ _ _ _ _ _ _ _ _ _ _ _ _ _ _ _ _ _ _ _ 

name = 'cloud_edge_robot_arm.repositories.event_autonomy.visual_bootstrap'
import_ = <function _gcd_import at 0x7c7ed12e40e0>

>   ???
E   ModuleNotFoundError: No module named 'cloud_edge_robot_arm.repositories.event_autonomy.visual_bootstrap'

<frozen importlib._bootstrap>:1324: ModuleNotFoundError
__ ERROR at setup of test_initial_capture_claim_spent_once_before_completion ___

    @pytest.fixture
    def source():
        now = datetime.now(UTC)
        lease = WorkerLeaseObservation(
            "bootstrap-job", "bootstrap-run", "bootstrap-worker", "bootstrap-lease", 1,
            now - timedelta(seconds=2), now, now + timedelta(seconds=60),
            "1" * 64, "2" * 64, "3" * 64,
        )
>       definition = api().VisualBootstrapDefinition(
                     ^^^^^
            lease=lease, episode_id="bootstrap-episode", user_instruction="move the visible box",
            task_started_at=now - timedelta(seconds=1), task_timeout_s=120.0,
            verification_limits=VerificationBudget(2, 0, 3, 100.0),
            role_bundle_hash="4" * 64, model_snapshot_hash="5" * 64,
            source_hashes={"source.py": "6" * 64}, registered_at=now,
        )

tests/test_visual_bootstrap.py:27: 
_ _ _ _ _ _ _ _ _ _ _ _ _ _ _ _ _ _ _ _ _ _ _ _ _ _ _ _ _ _ _ _ _ _ _ _ _ _ _ _ 
tests/test_visual_bootstrap.py:16: in api
    return import_module("cloud_edge_robot_arm.repositories.event_autonomy.visual_bootstrap")
           ^^^^^^^^^^^^^^^^^^^^^^^^^^^^^^^^^^^^^^^^^^^^^^^^^^^^^^^^^^^^^^^^^^^^^^^^^^^^^^^^^^
/usr/lib/python3.12/importlib/__init__.py:90: in import_module
    return _bootstrap._gcd_import(name[level:], package, level)
           ^^^^^^^^^^^^^^^^^^^^^^^^^^^^^^^^^^^^^^^^^^^^^^^^^^^^
<frozen importlib._bootstrap>:1387: in _gcd_import
    ???
<frozen importlib._bootstrap>:1360: in _find_and_load
    ???
_ _ _ _ _ _ _ _ _ _ _ _ _ _ _ _ _ _ _ _ _ _ _ _ _ _ _ _ _ _ _ _ _ _ _ _ _ _ _ _ 

name = 'cloud_edge_robot_arm.repositories.event_autonomy.visual_bootstrap'
import_ = <function _gcd_import at 0x7c7ed12e40e0>

>   ???
E   ModuleNotFoundError: No module named 'cloud_edge_robot_arm.repositories.event_autonomy.visual_bootstrap'

<frozen importlib._bootstrap>:1324: ModuleNotFoundError
___ ERROR at setup of test_completed_capture_cannot_restart_initial_capture ____

    @pytest.fixture
    def source():
        now = datetime.now(UTC)
        lease = WorkerLeaseObservation(
            "bootstrap-job", "bootstrap-run", "bootstrap-worker", "bootstrap-lease", 1,
            now - timedelta(seconds=2), now, now + timedelta(seconds=60),
            "1" * 64, "2" * 64, "3" * 64,
        )
>       definition = api().VisualBootstrapDefinition(
                     ^^^^^
            lease=lease, episode_id="bootstrap-episode", user_instruction="move the visible box",
            task_started_at=now - timedelta(seconds=1), task_timeout_s=120.0,
            verification_limits=VerificationBudget(2, 0, 3, 100.0),
            role_bundle_hash="4" * 64, model_snapshot_hash="5" * 64,
            source_hashes={"source.py": "6" * 64}, registered_at=now,
        )

tests/test_visual_bootstrap.py:27: 
_ _ _ _ _ _ _ _ _ _ _ _ _ _ _ _ _ _ _ _ _ _ _ _ _ _ _ _ _ _ _ _ _ _ _ _ _ _ _ _ 
tests/test_visual_bootstrap.py:16: in api
    return import_module("cloud_edge_robot_arm.repositories.event_autonomy.visual_bootstrap")
           ^^^^^^^^^^^^^^^^^^^^^^^^^^^^^^^^^^^^^^^^^^^^^^^^^^^^^^^^^^^^^^^^^^^^^^^^^^^^^^^^^^
/usr/lib/python3.12/importlib/__init__.py:90: in import_module
    return _bootstrap._gcd_import(name[level:], package, level)
           ^^^^^^^^^^^^^^^^^^^^^^^^^^^^^^^^^^^^^^^^^^^^^^^^^^^^
<frozen importlib._bootstrap>:1387: in _gcd_import
    ???
<frozen importlib._bootstrap>:1360: in _find_and_load
    ???
_ _ _ _ _ _ _ _ _ _ _ _ _ _ _ _ _ _ _ _ _ _ _ _ _ _ _ _ _ _ _ _ _ _ _ _ _ _ _ _ 

name = 'cloud_edge_robot_arm.repositories.event_autonomy.visual_bootstrap'
import_ = <function _gcd_import at 0x7c7ed12e40e0>

>   ???
E   ModuleNotFoundError: No module named 'cloud_edge_robot_arm.repositories.event_autonomy.visual_bootstrap'

<frozen importlib._bootstrap>:1324: ModuleNotFoundError
_ ERROR at setup of test_capture_completion_requires_exact_episode_clock_and_integrity[foreign_episode] _

    @pytest.fixture
    def source():
        now = datetime.now(UTC)
        lease = WorkerLeaseObservation(
            "bootstrap-job", "bootstrap-run", "bootstrap-worker", "bootstrap-lease", 1,
            now - timedelta(seconds=2), now, now + timedelta(seconds=60),
            "1" * 64, "2" * 64, "3" * 64,
        )
>       definition = api().VisualBootstrapDefinition(
                     ^^^^^
            lease=lease, episode_id="bootstrap-episode", user_instruction="move the visible box",
            task_started_at=now - timedelta(seconds=1), task_timeout_s=120.0,
            verification_limits=VerificationBudget(2, 0, 3, 100.0),
            role_bundle_hash="4" * 64, model_snapshot_hash="5" * 64,
            source_hashes={"source.py": "6" * 64}, registered_at=now,
        )

tests/test_visual_bootstrap.py:27: 
_ _ _ _ _ _ _ _ _ _ _ _ _ _ _ _ _ _ _ _ _ _ _ _ _ _ _ _ _ _ _ _ _ _ _ _ _ _ _ _ 
tests/test_visual_bootstrap.py:16: in api
    return import_module("cloud_edge_robot_arm.repositories.event_autonomy.visual_bootstrap")
           ^^^^^^^^^^^^^^^^^^^^^^^^^^^^^^^^^^^^^^^^^^^^^^^^^^^^^^^^^^^^^^^^^^^^^^^^^^^^^^^^^^
/usr/lib/python3.12/importlib/__init__.py:90: in import_module
    return _bootstrap._gcd_import(name[level:], package, level)
           ^^^^^^^^^^^^^^^^^^^^^^^^^^^^^^^^^^^^^^^^^^^^^^^^^^^^
<frozen importlib._bootstrap>:1387: in _gcd_import
    ???
<frozen importlib._bootstrap>:1360: in _find_and_load
    ???
_ _ _ _ _ _ _ _ _ _ _ _ _ _ _ _ _ _ _ _ _ _ _ _ _ _ _ _ _ _ _ _ _ _ _ _ _ _ _ _ 

name = 'cloud_edge_robot_arm.repositories.event_autonomy.visual_bootstrap'
import_ = <function _gcd_import at 0x7c7ed12e40e0>

>   ???
E   ModuleNotFoundError: No module named 'cloud_edge_robot_arm.repositories.event_autonomy.visual_bootstrap'

<frozen importlib._bootstrap>:1324: ModuleNotFoundError
_ ERROR at setup of test_capture_completion_requires_exact_episode_clock_and_integrity[before_claim] _

    @pytest.fixture
    def source():
        now = datetime.now(UTC)
        lease = WorkerLeaseObservation(
            "bootstrap-job", "bootstrap-run", "bootstrap-worker", "bootstrap-lease", 1,
            now - timedelta(seconds=2), now, now + timedelta(seconds=60),
            "1" * 64, "2" * 64, "3" * 64,
        )
>       definition = api().VisualBootstrapDefinition(
                     ^^^^^
            lease=lease, episode_id="bootstrap-episode", user_instruction="move the visible box",
            task_started_at=now - timedelta(seconds=1), task_timeout_s=120.0,
            verification_limits=VerificationBudget(2, 0, 3, 100.0),
            role_bundle_hash="4" * 64, model_snapshot_hash="5" * 64,
            source_hashes={"source.py": "6" * 64}, registered_at=now,
        )

tests/test_visual_bootstrap.py:27: 
_ _ _ _ _ _ _ _ _ _ _ _ _ _ _ _ _ _ _ _ _ _ _ _ _ _ _ _ _ _ _ _ _ _ _ _ _ _ _ _ 
tests/test_visual_bootstrap.py:16: in api
    return import_module("cloud_edge_robot_arm.repositories.event_autonomy.visual_bootstrap")
           ^^^^^^^^^^^^^^^^^^^^^^^^^^^^^^^^^^^^^^^^^^^^^^^^^^^^^^^^^^^^^^^^^^^^^^^^^^^^^^^^^^
/usr/lib/python3.12/importlib/__init__.py:90: in import_module
    return _bootstrap._gcd_import(name[level:], package, level)
           ^^^^^^^^^^^^^^^^^^^^^^^^^^^^^^^^^^^^^^^^^^^^^^^^^^^^
<frozen importlib._bootstrap>:1387: in _gcd_import
    ???
<frozen importlib._bootstrap>:1360: in _find_and_load
    ???
_ _ _ _ _ _ _ _ _ _ _ _ _ _ _ _ _ _ _ _ _ _ _ _ _ _ _ _ _ _ _ _ _ _ _ _ _ _ _ _ 

name = 'cloud_edge_robot_arm.repositories.event_autonomy.visual_bootstrap'
import_ = <function _gcd_import at 0x7c7ed12e40e0>

>   ???
E   ModuleNotFoundError: No module named 'cloud_edge_robot_arm.repositories.event_autonomy.visual_bootstrap'

<frozen importlib._bootstrap>:1324: ModuleNotFoundError
_ ERROR at setup of test_capture_completion_requires_exact_episode_clock_and_integrity[checksum] _

    @pytest.fixture
    def source():
        now = datetime.now(UTC)
        lease = WorkerLeaseObservation(
            "bootstrap-job", "bootstrap-run", "bootstrap-worker", "bootstrap-lease", 1,
            now - timedelta(seconds=2), now, now + timedelta(seconds=60),
            "1" * 64, "2" * 64, "3" * 64,
        )
>       definition = api().VisualBootstrapDefinition(
                     ^^^^^
            lease=lease, episode_id="bootstrap-episode", user_instruction="move the visible box",
            task_started_at=now - timedelta(seconds=1), task_timeout_s=120.0,
            verification_limits=VerificationBudget(2, 0, 3, 100.0),
            role_bundle_hash="4" * 64, model_snapshot_hash="5" * 64,
            source_hashes={"source.py": "6" * 64}, registered_at=now,
        )

tests/test_visual_bootstrap.py:27: 
_ _ _ _ _ _ _ _ _ _ _ _ _ _ _ _ _ _ _ _ _ _ _ _ _ _ _ _ _ _ _ _ _ _ _ _ _ _ _ _ 
tests/test_visual_bootstrap.py:16: in api
    return import_module("cloud_edge_robot_arm.repositories.event_autonomy.visual_bootstrap")
           ^^^^^^^^^^^^^^^^^^^^^^^^^^^^^^^^^^^^^^^^^^^^^^^^^^^^^^^^^^^^^^^^^^^^^^^^^^^^^^^^^^
/usr/lib/python3.12/importlib/__init__.py:90: in import_module
    return _bootstrap._gcd_import(name[level:], package, level)
           ^^^^^^^^^^^^^^^^^^^^^^^^^^^^^^^^^^^^^^^^^^^^^^^^^^^^
<frozen importlib._bootstrap>:1387: in _gcd_import
    ???
<frozen importlib._bootstrap>:1360: in _find_and_load
    ???
_ _ _ _ _ _ _ _ _ _ _ _ _ _ _ _ _ _ _ _ _ _ _ _ _ _ _ _ _ _ _ _ _ _ _ _ _ _ _ _ 

name = 'cloud_edge_robot_arm.repositories.event_autonomy.visual_bootstrap'
import_ = <function _gcd_import at 0x7c7ed12e40e0>

>   ???
E   ModuleNotFoundError: No module named 'cloud_edge_robot_arm.repositories.event_autonomy.visual_bootstrap'

<frozen importlib._bootstrap>:1324: ModuleNotFoundError
_ ERROR at setup of test_pending_request_never_replayed_or_refunded_on_lost_response _

    @pytest.fixture
    def source():
        now = datetime.now(UTC)
        lease = WorkerLeaseObservation(
            "bootstrap-job", "bootstrap-run", "bootstrap-worker", "bootstrap-lease", 1,
            now - timedelta(seconds=2), now, now + timedelta(seconds=60),
            "1" * 64, "2" * 64, "3" * 64,
        )
>       definition = api().VisualBootstrapDefinition(
                     ^^^^^
            lease=lease, episode_id="bootstrap-episode", user_instruction="move the visible box",
            task_started_at=now - timedelta(seconds=1), task_timeout_s=120.0,
            verification_limits=VerificationBudget(2, 0, 3, 100.0),
            role_bundle_hash="4" * 64, model_snapshot_hash="5" * 64,
            source_hashes={"source.py": "6" * 64}, registered_at=now,
        )

tests/test_visual_bootstrap.py:27: 
_ _ _ _ _ _ _ _ _ _ _ _ _ _ _ _ _ _ _ _ _ _ _ _ _ _ _ _ _ _ _ _ _ _ _ _ _ _ _ _ 
tests/test_visual_bootstrap.py:16: in api
    return import_module("cloud_edge_robot_arm.repositories.event_autonomy.visual_bootstrap")
           ^^^^^^^^^^^^^^^^^^^^^^^^^^^^^^^^^^^^^^^^^^^^^^^^^^^^^^^^^^^^^^^^^^^^^^^^^^^^^^^^^^
/usr/lib/python3.12/importlib/__init__.py:90: in import_module
    return _bootstrap._gcd_import(name[level:], package, level)
           ^^^^^^^^^^^^^^^^^^^^^^^^^^^^^^^^^^^^^^^^^^^^^^^^^^^^
<frozen importlib._bootstrap>:1387: in _gcd_import
    ???
<frozen importlib._bootstrap>:1360: in _find_and_load
    ???
_ _ _ _ _ _ _ _ _ _ _ _ _ _ _ _ _ _ _ _ _ _ _ _ _ _ _ _ _ _ _ _ _ _ _ _ _ _ _ _ 

name = 'cloud_edge_robot_arm.repositories.event_autonomy.visual_bootstrap'
import_ = <function _gcd_import at 0x7c7ed12e40e0>

>   ???
E   ModuleNotFoundError: No module named 'cloud_edge_robot_arm.repositories.event_autonomy.visual_bootstrap'

<frozen importlib._bootstrap>:1324: ModuleNotFoundError
___ ERROR at setup of test_failed_plan_reobservation_consumes_original_pool ____

    @pytest.fixture
    def source():
        now = datetime.now(UTC)
        lease = WorkerLeaseObservation(
            "bootstrap-job", "bootstrap-run", "bootstrap-worker", "bootstrap-lease", 1,
            now - timedelta(seconds=2), now, now + timedelta(seconds=60),
            "1" * 64, "2" * 64, "3" * 64,
        )
>       definition = api().VisualBootstrapDefinition(
                     ^^^^^
            lease=lease, episode_id="bootstrap-episode", user_instruction="move the visible box",
            task_started_at=now - timedelta(seconds=1), task_timeout_s=120.0,
            verification_limits=VerificationBudget(2, 0, 3, 100.0),
            role_bundle_hash="4" * 64, model_snapshot_hash="5" * 64,
            source_hashes={"source.py": "6" * 64}, registered_at=now,
        )

tests/test_visual_bootstrap.py:27: 
_ _ _ _ _ _ _ _ _ _ _ _ _ _ _ _ _ _ _ _ _ _ _ _ _ _ _ _ _ _ _ _ _ _ _ _ _ _ _ _ 
tests/test_visual_bootstrap.py:16: in api
    return import_module("cloud_edge_robot_arm.repositories.event_autonomy.visual_bootstrap")
           ^^^^^^^^^^^^^^^^^^^^^^^^^^^^^^^^^^^^^^^^^^^^^^^^^^^^^^^^^^^^^^^^^^^^^^^^^^^^^^^^^^
/usr/lib/python3.12/importlib/__init__.py:90: in import_module
    return _bootstrap._gcd_import(name[level:], package, level)
           ^^^^^^^^^^^^^^^^^^^^^^^^^^^^^^^^^^^^^^^^^^^^^^^^^^^^
<frozen importlib._bootstrap>:1387: in _gcd_import
    ???
<frozen importlib._bootstrap>:1360: in _find_and_load
    ???
_ _ _ _ _ _ _ _ _ _ _ _ _ _ _ _ _ _ _ _ _ _ _ _ _ _ _ _ _ _ _ _ _ _ _ _ _ _ _ _ 

name = 'cloud_edge_robot_arm.repositories.event_autonomy.visual_bootstrap'
import_ = <function _gcd_import at 0x7c7ed12e40e0>

>   ???
E   ModuleNotFoundError: No module named 'cloud_edge_robot_arm.repositories.event_autonomy.visual_bootstrap'

<frozen importlib._bootstrap>:1324: ModuleNotFoundError
__ ERROR at setup of test_usable_source_has_no_verdict_or_execution_authority __

    @pytest.fixture
    def source():
        now = datetime.now(UTC)
        lease = WorkerLeaseObservation(
            "bootstrap-job", "bootstrap-run", "bootstrap-worker", "bootstrap-lease", 1,
            now - timedelta(seconds=2), now, now + timedelta(seconds=60),
            "1" * 64, "2" * 64, "3" * 64,
        )
>       definition = api().VisualBootstrapDefinition(
                     ^^^^^
            lease=lease, episode_id="bootstrap-episode", user_instruction="move the visible box",
            task_started_at=now - timedelta(seconds=1), task_timeout_s=120.0,
            verification_limits=VerificationBudget(2, 0, 3, 100.0),
            role_bundle_hash="4" * 64, model_snapshot_hash="5" * 64,
            source_hashes={"source.py": "6" * 64}, registered_at=now,
        )

tests/test_visual_bootstrap.py:27: 
_ _ _ _ _ _ _ _ _ _ _ _ _ _ _ _ _ _ _ _ _ _ _ _ _ _ _ _ _ _ _ _ _ _ _ _ _ _ _ _ 
tests/test_visual_bootstrap.py:16: in api
    return import_module("cloud_edge_robot_arm.repositories.event_autonomy.visual_bootstrap")
           ^^^^^^^^^^^^^^^^^^^^^^^^^^^^^^^^^^^^^^^^^^^^^^^^^^^^^^^^^^^^^^^^^^^^^^^^^^^^^^^^^^
/usr/lib/python3.12/importlib/__init__.py:90: in import_module
    return _bootstrap._gcd_import(name[level:], package, level)
           ^^^^^^^^^^^^^^^^^^^^^^^^^^^^^^^^^^^^^^^^^^^^^^^^^^^^
<frozen importlib._bootstrap>:1387: in _gcd_import
    ???
<frozen importlib._bootstrap>:1360: in _find_and_load
    ???
_ _ _ _ _ _ _ _ _ _ _ _ _ _ _ _ _ _ _ _ _ _ _ _ _ _ _ _ _ _ _ _ _ _ _ _ _ _ _ _ 

name = 'cloud_edge_robot_arm.repositories.event_autonomy.visual_bootstrap'
import_ = <function _gcd_import at 0x7c7ed12e40e0>

>   ???
E   ModuleNotFoundError: No module named 'cloud_edge_robot_arm.repositories.event_autonomy.visual_bootstrap'

<frozen importlib._bootstrap>:1324: ModuleNotFoundError
_ ERROR at setup of test_hard_stop_or_expiry_cannot_consume_capture_budget[estop] _

    @pytest.fixture
    def source():
        now = datetime.now(UTC)
        lease = WorkerLeaseObservation(
            "bootstrap-job", "bootstrap-run", "bootstrap-worker", "bootstrap-lease", 1,
            now - timedelta(seconds=2), now, now + timedelta(seconds=60),
            "1" * 64, "2" * 64, "3" * 64,
        )
>       definition = api().VisualBootstrapDefinition(
                     ^^^^^
            lease=lease, episode_id="bootstrap-episode", user_instruction="move the visible box",
            task_started_at=now - timedelta(seconds=1), task_timeout_s=120.0,
            verification_limits=VerificationBudget(2, 0, 3, 100.0),
            role_bundle_hash="4" * 64, model_snapshot_hash="5" * 64,
            source_hashes={"source.py": "6" * 64}, registered_at=now,
        )

tests/test_visual_bootstrap.py:27: 
_ _ _ _ _ _ _ _ _ _ _ _ _ _ _ _ _ _ _ _ _ _ _ _ _ _ _ _ _ _ _ _ _ _ _ _ _ _ _ _ 
tests/test_visual_bootstrap.py:16: in api
    return import_module("cloud_edge_robot_arm.repositories.event_autonomy.visual_bootstrap")
           ^^^^^^^^^^^^^^^^^^^^^^^^^^^^^^^^^^^^^^^^^^^^^^^^^^^^^^^^^^^^^^^^^^^^^^^^^^^^^^^^^^
/usr/lib/python3.12/importlib/__init__.py:90: in import_module
    return _bootstrap._gcd_import(name[level:], package, level)
           ^^^^^^^^^^^^^^^^^^^^^^^^^^^^^^^^^^^^^^^^^^^^^^^^^^^^
<frozen importlib._bootstrap>:1387: in _gcd_import
    ???
<frozen importlib._bootstrap>:1360: in _find_and_load
    ???
_ _ _ _ _ _ _ _ _ _ _ _ _ _ _ _ _ _ _ _ _ _ _ _ _ _ _ _ _ _ _ _ _ _ _ _ _ _ _ _ 

name = 'cloud_edge_robot_arm.repositories.event_autonomy.visual_bootstrap'
import_ = <function _gcd_import at 0x7c7ed12e40e0>

>   ???
E   ModuleNotFoundError: No module named 'cloud_edge_robot_arm.repositories.event_autonomy.visual_bootstrap'

<frozen importlib._bootstrap>:1324: ModuleNotFoundError
_ ERROR at setup of test_hard_stop_or_expiry_cannot_consume_capture_budget[collision] _

    @pytest.fixture
    def source():
        now = datetime.now(UTC)
        lease = WorkerLeaseObservation(
            "bootstrap-job", "bootstrap-run", "bootstrap-worker", "bootstrap-lease", 1,
            now - timedelta(seconds=2), now, now + timedelta(seconds=60),
            "1" * 64, "2" * 64, "3" * 64,
        )
>       definition = api().VisualBootstrapDefinition(
                     ^^^^^
            lease=lease, episode_id="bootstrap-episode", user_instruction="move the visible box",
            task_started_at=now - timedelta(seconds=1), task_timeout_s=120.0,
            verification_limits=VerificationBudget(2, 0, 3, 100.0),
            role_bundle_hash="4" * 64, model_snapshot_hash="5" * 64,
            source_hashes={"source.py": "6" * 64}, registered_at=now,
        )

tests/test_visual_bootstrap.py:27: 
_ _ _ _ _ _ _ _ _ _ _ _ _ _ _ _ _ _ _ _ _ _ _ _ _ _ _ _ _ _ _ _ _ _ _ _ _ _ _ _ 
tests/test_visual_bootstrap.py:16: in api
    return import_module("cloud_edge_robot_arm.repositories.event_autonomy.visual_bootstrap")
           ^^^^^^^^^^^^^^^^^^^^^^^^^^^^^^^^^^^^^^^^^^^^^^^^^^^^^^^^^^^^^^^^^^^^^^^^^^^^^^^^^^
/usr/lib/python3.12/importlib/__init__.py:90: in import_module
    return _bootstrap._gcd_import(name[level:], package, level)
           ^^^^^^^^^^^^^^^^^^^^^^^^^^^^^^^^^^^^^^^^^^^^^^^^^^^^
<frozen importlib._bootstrap>:1387: in _gcd_import
    ???
<frozen importlib._bootstrap>:1360: in _find_and_load
    ???
_ _ _ _ _ _ _ _ _ _ _ _ _ _ _ _ _ _ _ _ _ _ _ _ _ _ _ _ _ _ _ _ _ _ _ _ _ _ _ _ 

name = 'cloud_edge_robot_arm.repositories.event_autonomy.visual_bootstrap'
import_ = <function _gcd_import at 0x7c7ed12e40e0>

>   ???
E   ModuleNotFoundError: No module named 'cloud_edge_robot_arm.repositories.event_autonomy.visual_bootstrap'

<frozen importlib._bootstrap>:1324: ModuleNotFoundError
_ ERROR at setup of test_hard_stop_or_expiry_cannot_consume_capture_budget[disconnected] _

    @pytest.fixture
    def source():
        now = datetime.now(UTC)
        lease = WorkerLeaseObservation(
            "bootstrap-job", "bootstrap-run", "bootstrap-worker", "bootstrap-lease", 1,
            now - timedelta(seconds=2), now, now + timedelta(seconds=60),
            "1" * 64, "2" * 64, "3" * 64,
        )
>       definition = api().VisualBootstrapDefinition(
                     ^^^^^
            lease=lease, episode_id="bootstrap-episode", user_instruction="move the visible box",
            task_started_at=now - timedelta(seconds=1), task_timeout_s=120.0,
            verification_limits=VerificationBudget(2, 0, 3, 100.0),
            role_bundle_hash="4" * 64, model_snapshot_hash="5" * 64,
            source_hashes={"source.py": "6" * 64}, registered_at=now,
        )

tests/test_visual_bootstrap.py:27: 
_ _ _ _ _ _ _ _ _ _ _ _ _ _ _ _ _ _ _ _ _ _ _ _ _ _ _ _ _ _ _ _ _ _ _ _ _ _ _ _ 
tests/test_visual_bootstrap.py:16: in api
    return import_module("cloud_edge_robot_arm.repositories.event_autonomy.visual_bootstrap")
           ^^^^^^^^^^^^^^^^^^^^^^^^^^^^^^^^^^^^^^^^^^^^^^^^^^^^^^^^^^^^^^^^^^^^^^^^^^^^^^^^^^
/usr/lib/python3.12/importlib/__init__.py:90: in import_module
    return _bootstrap._gcd_import(name[level:], package, level)
           ^^^^^^^^^^^^^^^^^^^^^^^^^^^^^^^^^^^^^^^^^^^^^^^^^^^^
<frozen importlib._bootstrap>:1387: in _gcd_import
    ???
<frozen importlib._bootstrap>:1360: in _find_and_load
    ???
_ _ _ _ _ _ _ _ _ _ _ _ _ _ _ _ _ _ _ _ _ _ _ _ _ _ _ _ _ _ _ _ _ _ _ _ _ _ _ _ 

name = 'cloud_edge_robot_arm.repositories.event_autonomy.visual_bootstrap'
import_ = <function _gcd_import at 0x7c7ed12e40e0>

>   ???
E   ModuleNotFoundError: No module named 'cloud_edge_robot_arm.repositories.event_autonomy.visual_bootstrap'

<frozen importlib._bootstrap>:1324: ModuleNotFoundError
_ ERROR at setup of test_hard_stop_or_expiry_cannot_consume_capture_budget[deadline] _

    @pytest.fixture
    def source():
        now = datetime.now(UTC)
        lease = WorkerLeaseObservation(
            "bootstrap-job", "bootstrap-run", "bootstrap-worker", "bootstrap-lease", 1,
            now - timedelta(seconds=2), now, now + timedelta(seconds=60),
            "1" * 64, "2" * 64, "3" * 64,
        )
>       definition = api().VisualBootstrapDefinition(
                     ^^^^^
            lease=lease, episode_id="bootstrap-episode", user_instruction="move the visible box",
            task_started_at=now - timedelta(seconds=1), task_timeout_s=120.0,
            verification_limits=VerificationBudget(2, 0, 3, 100.0),
            role_bundle_hash="4" * 64, model_snapshot_hash="5" * 64,
            source_hashes={"source.py": "6" * 64}, registered_at=now,
        )

tests/test_visual_bootstrap.py:27: 
_ _ _ _ _ _ _ _ _ _ _ _ _ _ _ _ _ _ _ _ _ _ _ _ _ _ _ _ _ _ _ _ _ _ _ _ _ _ _ _ 
tests/test_visual_bootstrap.py:16: in api
    return import_module("cloud_edge_robot_arm.repositories.event_autonomy.visual_bootstrap")
           ^^^^^^^^^^^^^^^^^^^^^^^^^^^^^^^^^^^^^^^^^^^^^^^^^^^^^^^^^^^^^^^^^^^^^^^^^^^^^^^^^^
/usr/lib/python3.12/importlib/__init__.py:90: in import_module
    return _bootstrap._gcd_import(name[level:], package, level)
           ^^^^^^^^^^^^^^^^^^^^^^^^^^^^^^^^^^^^^^^^^^^^^^^^^^^^
<frozen importlib._bootstrap>:1387: in _gcd_import
    ???
<frozen importlib._bootstrap>:1360: in _find_and_load
    ???
_ _ _ _ _ _ _ _ _ _ _ _ _ _ _ _ _ _ _ _ _ _ _ _ _ _ _ _ _ _ _ _ _ _ _ _ _ _ _ _ 

name = 'cloud_edge_robot_arm.repositories.event_autonomy.visual_bootstrap'
import_ = <function _gcd_import at 0x7c7ed12e40e0>

>   ???
E   ModuleNotFoundError: No module named 'cloud_edge_robot_arm.repositories.event_autonomy.visual_bootstrap'

<frozen importlib._bootstrap>:1324: ModuleNotFoundError
______ ERROR at setup of test_record_and_definition_detach_nested_sources ______

    @pytest.fixture
    def source():
        now = datetime.now(UTC)
        lease = WorkerLeaseObservation(
            "bootstrap-job", "bootstrap-run", "bootstrap-worker", "bootstrap-lease", 1,
            now - timedelta(seconds=2), now, now + timedelta(seconds=60),
            "1" * 64, "2" * 64, "3" * 64,
        )
>       definition = api().VisualBootstrapDefinition(
                     ^^^^^
            lease=lease, episode_id="bootstrap-episode", user_instruction="move the visible box",
            task_started_at=now - timedelta(seconds=1), task_timeout_s=120.0,
            verification_limits=VerificationBudget(2, 0, 3, 100.0),
            role_bundle_hash="4" * 64, model_snapshot_hash="5" * 64,
            source_hashes={"source.py": "6" * 64}, registered_at=now,
        )

tests/test_visual_bootstrap.py:27: 
_ _ _ _ _ _ _ _ _ _ _ _ _ _ _ _ _ _ _ _ _ _ _ _ _ _ _ _ _ _ _ _ _ _ _ _ _ _ _ _ 
tests/test_visual_bootstrap.py:16: in api
    return import_module("cloud_edge_robot_arm.repositories.event_autonomy.visual_bootstrap")
           ^^^^^^^^^^^^^^^^^^^^^^^^^^^^^^^^^^^^^^^^^^^^^^^^^^^^^^^^^^^^^^^^^^^^^^^^^^^^^^^^^^
/usr/lib/python3.12/importlib/__init__.py:90: in import_module
    return _bootstrap._gcd_import(name[level:], package, level)
           ^^^^^^^^^^^^^^^^^^^^^^^^^^^^^^^^^^^^^^^^^^^^^^^^^^^^
<frozen importlib._bootstrap>:1387: in _gcd_import
    ???
<frozen importlib._bootstrap>:1360: in _find_and_load
    ???
_ _ _ _ _ _ _ _ _ _ _ _ _ _ _ _ _ _ _ _ _ _ _ _ _ _ _ _ _ _ _ _ _ _ _ _ _ _ _ _ 

name = 'cloud_edge_robot_arm.repositories.event_autonomy.visual_bootstrap'
import_ = <function _gcd_import at 0x7c7ed12e40e0>

>   ???
E   ModuleNotFoundError: No module named 'cloud_edge_robot_arm.repositories.event_autonomy.visual_bootstrap'

<frozen importlib._bootstrap>:1324: ModuleNotFoundError
____ ERROR at setup of test_transaction_clock_rollback_and_stale_cas_reject ____

    @pytest.fixture
    def source():
        now = datetime.now(UTC)
        lease = WorkerLeaseObservation(
            "bootstrap-job", "bootstrap-run", "bootstrap-worker", "bootstrap-lease", 1,
            now - timedelta(seconds=2), now, now + timedelta(seconds=60),
            "1" * 64, "2" * 64, "3" * 64,
        )
>       definition = api().VisualBootstrapDefinition(
                     ^^^^^
            lease=lease, episode_id="bootstrap-episode", user_instruction="move the visible box",
            task_started_at=now - timedelta(seconds=1), task_timeout_s=120.0,
            verification_limits=VerificationBudget(2, 0, 3, 100.0),
            role_bundle_hash="4" * 64, model_snapshot_hash="5" * 64,
            source_hashes={"source.py": "6" * 64}, registered_at=now,
        )

tests/test_visual_bootstrap.py:27: 
_ _ _ _ _ _ _ _ _ _ _ _ _ _ _ _ _ _ _ _ _ _ _ _ _ _ _ _ _ _ _ _ _ _ _ _ _ _ _ _ 
tests/test_visual_bootstrap.py:16: in api
    return import_module("cloud_edge_robot_arm.repositories.event_autonomy.visual_bootstrap")
           ^^^^^^^^^^^^^^^^^^^^^^^^^^^^^^^^^^^^^^^^^^^^^^^^^^^^^^^^^^^^^^^^^^^^^^^^^^^^^^^^^^
/usr/lib/python3.12/importlib/__init__.py:90: in import_module
    return _bootstrap._gcd_import(name[level:], package, level)
           ^^^^^^^^^^^^^^^^^^^^^^^^^^^^^^^^^^^^^^^^^^^^^^^^^^^^
<frozen importlib._bootstrap>:1387: in _gcd_import
    ???
<frozen importlib._bootstrap>:1360: in _find_and_load
    ???
_ _ _ _ _ _ _ _ _ _ _ _ _ _ _ _ _ _ _ _ _ _ _ _ _ _ _ _ _ _ _ _ _ _ _ _ _ _ _ _ 

name = 'cloud_edge_robot_arm.repositories.event_autonomy.visual_bootstrap'
import_ = <function _gcd_import at 0x7c7ed12e40e0>

>   ???
E   ModuleNotFoundError: No module named 'cloud_edge_robot_arm.repositories.event_autonomy.visual_bootstrap'

<frozen importlib._bootstrap>:1324: ModuleNotFoundError
=========================== short test summary info ============================
ERROR tests/test_visual_bootstrap.py::test_initial_deadlines_are_from_task_start_not_registration
ERROR tests/test_visual_bootstrap.py::test_initial_capture_claim_spent_once_before_completion
ERROR tests/test_visual_bootstrap.py::test_completed_capture_cannot_restart_initial_capture
ERROR tests/test_visual_bootstrap.py::test_capture_completion_requires_exact_episode_clock_and_integrity[foreign_episode]
ERROR tests/test_visual_bootstrap.py::test_capture_completion_requires_exact_episode_clock_and_integrity[before_claim]
ERROR tests/test_visual_bootstrap.py::test_capture_completion_requires_exact_episode_clock_and_integrity[checksum]
ERROR tests/test_visual_bootstrap.py::test_pending_request_never_replayed_or_refunded_on_lost_response
ERROR tests/test_visual_bootstrap.py::test_failed_plan_reobservation_consumes_original_pool
ERROR tests/test_visual_bootstrap.py::test_usable_source_has_no_verdict_or_execution_authority
ERROR tests/test_visual_bootstrap.py::test_hard_stop_or_expiry_cannot_consume_capture_budget[estop]
ERROR tests/test_visual_bootstrap.py::test_hard_stop_or_expiry_cannot_consume_capture_budget[collision]
ERROR tests/test_visual_bootstrap.py::test_hard_stop_or_expiry_cannot_consume_capture_budget[disconnected]
ERROR tests/test_visual_bootstrap.py::test_hard_stop_or_expiry_cannot_consume_capture_budget[deadline]
ERROR tests/test_visual_bootstrap.py::test_record_and_definition_detach_nested_sources
ERROR tests/test_visual_bootstrap.py::test_transaction_clock_rollback_and_stale_cas_reject
15 errors in 0.31s
