FFFFFF....FF.                                                            [100%]
=================================== FAILURES ===================================
___ test_full_horizon_has_lossless_original_frames_and_paired_capture_clocks ___
tests/test_step_rgbd.py:63: in test_full_horizon_has_lossless_original_frames_and_paired_capture_clocks
    row = record(recorder, step)
          ^^^^^^^^^^^^^^^^^^^^^^
tests/test_step_rgbd.py:54: in record
    return recorder.record_step(
src/cloud_edge_robot_arm/research/step_rgbd.py:88: in record_step
    observation, pass_hashes = self._capture()
                               ^^^^^^^^^^^^^^^
tests/test_step_rgbd.py:43: in capture
    value = observation(step)
            ^^^^^^^^^^^^^^^^^
tests/test_step_rgbd.py:25: in observation
    return observation_from_sensor_frame(
src/cloud_edge_robot_arm/vision/observations.py:235: in observation_from_sensor_frame
    return RGBDObservation.model_validate(
E   pydantic_core._pydantic_core.ValidationError: 1 validation error for RGBDObservation
E   source
E     Input should be 'mujoco_camera', 'isaac_camera' or 'rgbd_camera' [type=literal_error, input_value='SOFTWARE_ONLY', input_type=str]
E       For further information visit https://errors.pydantic.dev/2.13/v/literal_error
_ test_missing_step_wrong_episode_or_original_gap_reject_before_capture[2-episode-0.008333333333333333] _
tests/test_step_rgbd.py:85: in test_missing_step_wrong_episode_or_original_gap_reject_before_capture
    record(recorder, 0)
tests/test_step_rgbd.py:54: in record
    return recorder.record_step(
src/cloud_edge_robot_arm/research/step_rgbd.py:88: in record_step
    observation, pass_hashes = self._capture()
                               ^^^^^^^^^^^^^^^
tests/test_step_rgbd.py:43: in capture
    value = observation(step)
            ^^^^^^^^^^^^^^^^^
tests/test_step_rgbd.py:25: in observation
    return observation_from_sensor_frame(
src/cloud_edge_robot_arm/vision/observations.py:235: in observation_from_sensor_frame
    return RGBDObservation.model_validate(
E   pydantic_core._pydantic_core.ValidationError: 1 validation error for RGBDObservation
E   source
E     Input should be 'mujoco_camera', 'isaac_camera' or 'rgbd_camera' [type=literal_error, input_value='SOFTWARE_ONLY', input_type=str]
E       For further information visit https://errors.pydantic.dev/2.13/v/literal_error
_ test_missing_step_wrong_episode_or_original_gap_reject_before_capture[1-other-0.004166666666666667] _
tests/test_step_rgbd.py:85: in test_missing_step_wrong_episode_or_original_gap_reject_before_capture
    record(recorder, 0)
tests/test_step_rgbd.py:54: in record
    return recorder.record_step(
src/cloud_edge_robot_arm/research/step_rgbd.py:88: in record_step
    observation, pass_hashes = self._capture()
                               ^^^^^^^^^^^^^^^
tests/test_step_rgbd.py:43: in capture
    value = observation(step)
            ^^^^^^^^^^^^^^^^^
tests/test_step_rgbd.py:25: in observation
    return observation_from_sensor_frame(
src/cloud_edge_robot_arm/vision/observations.py:235: in observation_from_sensor_frame
    return RGBDObservation.model_validate(
E   pydantic_core._pydantic_core.ValidationError: 1 validation error for RGBDObservation
E   source
E     Input should be 'mujoco_camera', 'isaac_camera' or 'rgbd_camera' [type=literal_error, input_value='SOFTWARE_ONLY', input_type=str]
E       For further information visit https://errors.pydantic.dev/2.13/v/literal_error
_ test_missing_step_wrong_episode_or_original_gap_reject_before_capture[1-episode-0] _
tests/test_step_rgbd.py:85: in test_missing_step_wrong_episode_or_original_gap_reject_before_capture
    record(recorder, 0)
tests/test_step_rgbd.py:54: in record
    return recorder.record_step(
src/cloud_edge_robot_arm/research/step_rgbd.py:88: in record_step
    observation, pass_hashes = self._capture()
                               ^^^^^^^^^^^^^^^
tests/test_step_rgbd.py:43: in capture
    value = observation(step)
            ^^^^^^^^^^^^^^^^^
tests/test_step_rgbd.py:25: in observation
    return observation_from_sensor_frame(
src/cloud_edge_robot_arm/vision/observations.py:235: in observation_from_sensor_frame
    return RGBDObservation.model_validate(
E   pydantic_core._pydantic_core.ValidationError: 1 validation error for RGBDObservation
E   source
E     Input should be 'mujoco_camera', 'isaac_camera' or 'rgbd_camera' [type=literal_error, input_value='SOFTWARE_ONLY', input_type=str]
E       For further information visit https://errors.pydantic.dev/2.13/v/literal_error
_ test_missing_step_wrong_episode_or_original_gap_reject_before_capture[1-episode-0.1] _
tests/test_step_rgbd.py:85: in test_missing_step_wrong_episode_or_original_gap_reject_before_capture
    record(recorder, 0)
tests/test_step_rgbd.py:54: in record
    return recorder.record_step(
src/cloud_edge_robot_arm/research/step_rgbd.py:88: in record_step
    observation, pass_hashes = self._capture()
                               ^^^^^^^^^^^^^^^
tests/test_step_rgbd.py:43: in capture
    value = observation(step)
            ^^^^^^^^^^^^^^^^^
tests/test_step_rgbd.py:25: in observation
    return observation_from_sensor_frame(
src/cloud_edge_robot_arm/vision/observations.py:235: in observation_from_sensor_frame
    return RGBDObservation.model_validate(
E   pydantic_core._pydantic_core.ValidationError: 1 validation error for RGBDObservation
E   source
E     Input should be 'mujoco_camera', 'isaac_camera' or 'rgbd_camera' [type=literal_error, input_value='SOFTWARE_ONLY', input_type=str]
E       For further information visit https://errors.pydantic.dev/2.13/v/literal_error
_ test_missing_step_wrong_episode_or_original_gap_reject_before_capture[True-episode-0.004166666666666667] _
tests/test_step_rgbd.py:85: in test_missing_step_wrong_episode_or_original_gap_reject_before_capture
    record(recorder, 0)
tests/test_step_rgbd.py:54: in record
    return recorder.record_step(
src/cloud_edge_robot_arm/research/step_rgbd.py:88: in record_step
    observation, pass_hashes = self._capture()
                               ^^^^^^^^^^^^^^^
tests/test_step_rgbd.py:43: in capture
    value = observation(step)
            ^^^^^^^^^^^^^^^^^
tests/test_step_rgbd.py:25: in observation
    return observation_from_sensor_frame(
src/cloud_edge_robot_arm/vision/observations.py:235: in observation_from_sensor_frame
    return RGBDObservation.model_validate(
E   pydantic_core._pydantic_core.ValidationError: 1 validation error for RGBDObservation
E   source
E     Input should be 'mujoco_camera', 'isaac_camera' or 'rgbd_camera' [type=literal_error, input_value='SOFTWARE_ONLY', input_type=str]
E       For further information visit https://errors.pydantic.dev/2.13/v/literal_error
__________ test_declared_short_or_missing_terminal_cannot_complete[1] __________
tests/test_step_rgbd.py:133: in test_declared_short_or_missing_terminal_cannot_complete
    record(recorder, step)
tests/test_step_rgbd.py:54: in record
    return recorder.record_step(
src/cloud_edge_robot_arm/research/step_rgbd.py:88: in record_step
    observation, pass_hashes = self._capture()
                               ^^^^^^^^^^^^^^^
tests/test_step_rgbd.py:43: in capture
    value = observation(step)
            ^^^^^^^^^^^^^^^^^
tests/test_step_rgbd.py:25: in observation
    return observation_from_sensor_frame(
src/cloud_edge_robot_arm/vision/observations.py:235: in observation_from_sensor_frame
    return RGBDObservation.model_validate(
E   pydantic_core._pydantic_core.ValidationError: 1 validation error for RGBDObservation
E   source
E     Input should be 'mujoco_camera', 'isaac_camera' or 'rgbd_camera' [type=literal_error, input_value='SOFTWARE_ONLY', input_type=str]
E       For further information visit https://errors.pydantic.dev/2.13/v/literal_error
__________ test_declared_short_or_missing_terminal_cannot_complete[3] __________
tests/test_step_rgbd.py:133: in test_declared_short_or_missing_terminal_cannot_complete
    record(recorder, step)
tests/test_step_rgbd.py:54: in record
    return recorder.record_step(
src/cloud_edge_robot_arm/research/step_rgbd.py:88: in record_step
    observation, pass_hashes = self._capture()
                               ^^^^^^^^^^^^^^^
tests/test_step_rgbd.py:43: in capture
    value = observation(step)
            ^^^^^^^^^^^^^^^^^
tests/test_step_rgbd.py:25: in observation
    return observation_from_sensor_frame(
src/cloud_edge_robot_arm/vision/observations.py:235: in observation_from_sensor_frame
    return RGBDObservation.model_validate(
E   pydantic_core._pydantic_core.ValidationError: 1 validation error for RGBDObservation
E   source
E     Input should be 'mujoco_camera', 'isaac_camera' or 'rgbd_camera' [type=literal_error, input_value='SOFTWARE_ONLY', input_type=str]
E       For further information visit https://errors.pydantic.dev/2.13/v/literal_error
=========================== short test summary info ============================
FAILED tests/test_step_rgbd.py::test_full_horizon_has_lossless_original_frames_and_paired_capture_clocks
FAILED tests/test_step_rgbd.py::test_missing_step_wrong_episode_or_original_gap_reject_before_capture[2-episode-0.008333333333333333]
FAILED tests/test_step_rgbd.py::test_missing_step_wrong_episode_or_original_gap_reject_before_capture[1-other-0.004166666666666667]
FAILED tests/test_step_rgbd.py::test_missing_step_wrong_episode_or_original_gap_reject_before_capture[1-episode-0]
FAILED tests/test_step_rgbd.py::test_missing_step_wrong_episode_or_original_gap_reject_before_capture[1-episode-0.1]
FAILED tests/test_step_rgbd.py::test_missing_step_wrong_episode_or_original_gap_reject_before_capture[True-episode-0.004166666666666667]
FAILED tests/test_step_rgbd.py::test_declared_short_or_missing_terminal_cannot_complete[1]
FAILED tests/test_step_rgbd.py::test_declared_short_or_missing_terminal_cannot_complete[3]
8 failed, 5 passed in 0.25s
