FFFFFFFFFFFFF                                                            [100%]
=================================== FAILURES ===================================
___ test_full_horizon_has_lossless_original_frames_and_paired_capture_clocks ___
tests/test_step_rgbd.py:61: in test_full_horizon_has_lossless_original_frames_and_paired_capture_clocks
    recorder, captured = fixture(tmp_path)
                         ^^^^^^^^^^^^^^^^^
tests/test_step_rgbd.py:47: in fixture
    recorder = api().StepRGBDRecorder(
               ^^^^^
tests/test_step_rgbd.py:18: in api
    assert util.find_spec('cloud_edge_robot_arm.research.step_rgbd') is not None, (
E   AssertionError: whole-step lossless RGB-D recorder is missing
E   assert None is not None
E    +  where None = <function find_spec at 0x778f8afa3920>('cloud_edge_robot_arm.research.step_rgbd')
E    +    where <function find_spec at 0x778f8afa3920> = util.find_spec
_ test_missing_step_wrong_episode_or_original_gap_reject_before_capture[2-episode-0.008333333333333333] _
tests/test_step_rgbd.py:84: in test_missing_step_wrong_episode_or_original_gap_reject_before_capture
    recorder, captured = fixture(tmp_path)
                         ^^^^^^^^^^^^^^^^^
tests/test_step_rgbd.py:47: in fixture
    recorder = api().StepRGBDRecorder(
               ^^^^^
tests/test_step_rgbd.py:18: in api
    assert util.find_spec('cloud_edge_robot_arm.research.step_rgbd') is not None, (
E   AssertionError: whole-step lossless RGB-D recorder is missing
E   assert None is not None
E    +  where None = <function find_spec at 0x778f8afa3920>('cloud_edge_robot_arm.research.step_rgbd')
E    +    where <function find_spec at 0x778f8afa3920> = util.find_spec
_ test_missing_step_wrong_episode_or_original_gap_reject_before_capture[1-other-0.004166666666666667] _
tests/test_step_rgbd.py:84: in test_missing_step_wrong_episode_or_original_gap_reject_before_capture
    recorder, captured = fixture(tmp_path)
                         ^^^^^^^^^^^^^^^^^
tests/test_step_rgbd.py:47: in fixture
    recorder = api().StepRGBDRecorder(
               ^^^^^
tests/test_step_rgbd.py:18: in api
    assert util.find_spec('cloud_edge_robot_arm.research.step_rgbd') is not None, (
E   AssertionError: whole-step lossless RGB-D recorder is missing
E   assert None is not None
E    +  where None = <function find_spec at 0x778f8afa3920>('cloud_edge_robot_arm.research.step_rgbd')
E    +    where <function find_spec at 0x778f8afa3920> = util.find_spec
_ test_missing_step_wrong_episode_or_original_gap_reject_before_capture[1-episode-0] _
tests/test_step_rgbd.py:84: in test_missing_step_wrong_episode_or_original_gap_reject_before_capture
    recorder, captured = fixture(tmp_path)
                         ^^^^^^^^^^^^^^^^^
tests/test_step_rgbd.py:47: in fixture
    recorder = api().StepRGBDRecorder(
               ^^^^^
tests/test_step_rgbd.py:18: in api
    assert util.find_spec('cloud_edge_robot_arm.research.step_rgbd') is not None, (
E   AssertionError: whole-step lossless RGB-D recorder is missing
E   assert None is not None
E    +  where None = <function find_spec at 0x778f8afa3920>('cloud_edge_robot_arm.research.step_rgbd')
E    +    where <function find_spec at 0x778f8afa3920> = util.find_spec
_ test_missing_step_wrong_episode_or_original_gap_reject_before_capture[1-episode-0.1] _
tests/test_step_rgbd.py:84: in test_missing_step_wrong_episode_or_original_gap_reject_before_capture
    recorder, captured = fixture(tmp_path)
                         ^^^^^^^^^^^^^^^^^
tests/test_step_rgbd.py:47: in fixture
    recorder = api().StepRGBDRecorder(
               ^^^^^
tests/test_step_rgbd.py:18: in api
    assert util.find_spec('cloud_edge_robot_arm.research.step_rgbd') is not None, (
E   AssertionError: whole-step lossless RGB-D recorder is missing
E   assert None is not None
E    +  where None = <function find_spec at 0x778f8afa3920>('cloud_edge_robot_arm.research.step_rgbd')
E    +    where <function find_spec at 0x778f8afa3920> = util.find_spec
_ test_missing_step_wrong_episode_or_original_gap_reject_before_capture[True-episode-0.004166666666666667] _
tests/test_step_rgbd.py:84: in test_missing_step_wrong_episode_or_original_gap_reject_before_capture
    recorder, captured = fixture(tmp_path)
                         ^^^^^^^^^^^^^^^^^
tests/test_step_rgbd.py:47: in fixture
    recorder = api().StepRGBDRecorder(
               ^^^^^
tests/test_step_rgbd.py:18: in api
    assert util.find_spec('cloud_edge_robot_arm.research.step_rgbd') is not None, (
E   AssertionError: whole-step lossless RGB-D recorder is missing
E   assert None is not None
E    +  where None = <function find_spec at 0x778f8afa3920>('cloud_edge_robot_arm.research.step_rgbd')
E    +    where <function find_spec at 0x778f8afa3920> = util.find_spec
____ test_mismatched_render_pass_or_original_frame_is_saved_as_failed[pass] ____
tests/test_step_rgbd.py:101: in test_mismatched_render_pass_or_original_frame_is_saved_as_failed
    recorder, _ = fixture(tmp_path, capture_override=capture)
                  ^^^^^^^^^^^^^^^^^^^^^^^^^^^^^^^^^^^^^^^^^^^
tests/test_step_rgbd.py:47: in fixture
    recorder = api().StepRGBDRecorder(
               ^^^^^
tests/test_step_rgbd.py:18: in api
    assert util.find_spec('cloud_edge_robot_arm.research.step_rgbd') is not None, (
E   AssertionError: whole-step lossless RGB-D recorder is missing
E   assert None is not None
E    +  where None = <function find_spec at 0x778f8afa3920>('cloud_edge_robot_arm.research.step_rgbd')
E    +    where <function find_spec at 0x778f8afa3920> = util.find_spec
_ test_mismatched_render_pass_or_original_frame_is_saved_as_failed[frame_episode] _
tests/test_step_rgbd.py:101: in test_mismatched_render_pass_or_original_frame_is_saved_as_failed
    recorder, _ = fixture(tmp_path, capture_override=capture)
                  ^^^^^^^^^^^^^^^^^^^^^^^^^^^^^^^^^^^^^^^^^^^
tests/test_step_rgbd.py:47: in fixture
    recorder = api().StepRGBDRecorder(
               ^^^^^
tests/test_step_rgbd.py:18: in api
    assert util.find_spec('cloud_edge_robot_arm.research.step_rgbd') is not None, (
E   AssertionError: whole-step lossless RGB-D recorder is missing
E   assert None is not None
E    +  where None = <function find_spec at 0x778f8afa3920>('cloud_edge_robot_arm.research.step_rgbd')
E    +    where <function find_spec at 0x778f8afa3920> = util.find_spec
_ test_mismatched_render_pass_or_original_frame_is_saved_as_failed[frame_time] _
tests/test_step_rgbd.py:101: in test_mismatched_render_pass_or_original_frame_is_saved_as_failed
    recorder, _ = fixture(tmp_path, capture_override=capture)
                  ^^^^^^^^^^^^^^^^^^^^^^^^^^^^^^^^^^^^^^^^^^^
tests/test_step_rgbd.py:47: in fixture
    recorder = api().StepRGBDRecorder(
               ^^^^^
tests/test_step_rgbd.py:18: in api
    assert util.find_spec('cloud_edge_robot_arm.research.step_rgbd') is not None, (
E   AssertionError: whole-step lossless RGB-D recorder is missing
E   assert None is not None
E    +  where None = <function find_spec at 0x778f8afa3920>('cloud_edge_robot_arm.research.step_rgbd')
E    +    where <function find_spec at 0x778f8afa3920> = util.find_spec
____________ test_capture_failure_is_retained_and_cannot_be_retried ____________
tests/test_step_rgbd.py:118: in test_capture_failure_is_retained_and_cannot_be_retried
    recorder, _ = fixture(tmp_path, capture_override=capture)
                  ^^^^^^^^^^^^^^^^^^^^^^^^^^^^^^^^^^^^^^^^^^^
tests/test_step_rgbd.py:47: in fixture
    recorder = api().StepRGBDRecorder(
               ^^^^^
tests/test_step_rgbd.py:18: in api
    assert util.find_spec('cloud_edge_robot_arm.research.step_rgbd') is not None, (
E   AssertionError: whole-step lossless RGB-D recorder is missing
E   assert None is not None
E    +  where None = <function find_spec at 0x778f8afa3920>('cloud_edge_robot_arm.research.step_rgbd')
E    +    where <function find_spec at 0x778f8afa3920> = util.find_spec
__________ test_declared_short_or_missing_terminal_cannot_complete[1] __________
tests/test_step_rgbd.py:131: in test_declared_short_or_missing_terminal_cannot_complete
    recorder, _ = fixture(tmp_path)
                  ^^^^^^^^^^^^^^^^^
tests/test_step_rgbd.py:47: in fixture
    recorder = api().StepRGBDRecorder(
               ^^^^^
tests/test_step_rgbd.py:18: in api
    assert util.find_spec('cloud_edge_robot_arm.research.step_rgbd') is not None, (
E   AssertionError: whole-step lossless RGB-D recorder is missing
E   assert None is not None
E    +  where None = <function find_spec at 0x778f8afa3920>('cloud_edge_robot_arm.research.step_rgbd')
E    +    where <function find_spec at 0x778f8afa3920> = util.find_spec
__________ test_declared_short_or_missing_terminal_cannot_complete[3] __________
tests/test_step_rgbd.py:131: in test_declared_short_or_missing_terminal_cannot_complete
    recorder, _ = fixture(tmp_path)
                  ^^^^^^^^^^^^^^^^^
tests/test_step_rgbd.py:47: in fixture
    recorder = api().StepRGBDRecorder(
               ^^^^^
tests/test_step_rgbd.py:18: in api
    assert util.find_spec('cloud_edge_robot_arm.research.step_rgbd') is not None, (
E   AssertionError: whole-step lossless RGB-D recorder is missing
E   assert None is not None
E    +  where None = <function find_spec at 0x778f8afa3920>('cloud_edge_robot_arm.research.step_rgbd')
E    +    where <function find_spec at 0x778f8afa3920> = util.find_spec
________________ test_existing_collection_is_never_overwritten _________________
tests/test_step_rgbd.py:139: in test_existing_collection_is_never_overwritten
    fixture(tmp_path)
tests/test_step_rgbd.py:47: in fixture
    recorder = api().StepRGBDRecorder(
               ^^^^^
tests/test_step_rgbd.py:18: in api
    assert util.find_spec('cloud_edge_robot_arm.research.step_rgbd') is not None, (
E   AssertionError: whole-step lossless RGB-D recorder is missing
E   assert None is not None
E    +  where None = <function find_spec at 0x778f8afa3920>('cloud_edge_robot_arm.research.step_rgbd')
E    +    where <function find_spec at 0x778f8afa3920> = util.find_spec
=========================== short test summary info ============================
FAILED tests/test_step_rgbd.py::test_full_horizon_has_lossless_original_frames_and_paired_capture_clocks
FAILED tests/test_step_rgbd.py::test_missing_step_wrong_episode_or_original_gap_reject_before_capture[2-episode-0.008333333333333333]
FAILED tests/test_step_rgbd.py::test_missing_step_wrong_episode_or_original_gap_reject_before_capture[1-other-0.004166666666666667]
FAILED tests/test_step_rgbd.py::test_missing_step_wrong_episode_or_original_gap_reject_before_capture[1-episode-0]
FAILED tests/test_step_rgbd.py::test_missing_step_wrong_episode_or_original_gap_reject_before_capture[1-episode-0.1]
FAILED tests/test_step_rgbd.py::test_missing_step_wrong_episode_or_original_gap_reject_before_capture[True-episode-0.004166666666666667]
FAILED tests/test_step_rgbd.py::test_mismatched_render_pass_or_original_frame_is_saved_as_failed[pass]
FAILED tests/test_step_rgbd.py::test_mismatched_render_pass_or_original_frame_is_saved_as_failed[frame_episode]
FAILED tests/test_step_rgbd.py::test_mismatched_render_pass_or_original_frame_is_saved_as_failed[frame_time]
FAILED tests/test_step_rgbd.py::test_capture_failure_is_retained_and_cannot_be_retried
FAILED tests/test_step_rgbd.py::test_declared_short_or_missing_terminal_cannot_complete[1]
FAILED tests/test_step_rgbd.py::test_declared_short_or_missing_terminal_cannot_complete[3]
FAILED tests/test_step_rgbd.py::test_existing_collection_is_never_overwritten
13 failed in 0.24s
