FFFF                                                                     [100%]
=================================== FAILURES ===================================
__ test_first_journal_error_stops_before_camera_and_cannot_be_retried[False] ___
tests/test_step_rgbd.py:190: in test_first_journal_error_stops_before_camera_and_cannot_be_retried
    with pytest.raises(RuntimeError):
E   Failed: DID NOT RAISE <class 'RuntimeError'>
___ test_first_journal_error_stops_before_camera_and_cannot_be_retried[True] ___
tests/test_step_rgbd.py:191: in test_first_journal_error_stops_before_camera_and_cannot_be_retried
    record(recorder, 0)
tests/test_step_rgbd.py:63: in record
    return recorder.record_step(
src/cloud_edge_robot_arm/research/step_rgbd.py:105: in record_step
    self._event(row)
src/cloud_edge_robot_arm/research/step_rgbd.py:59: in _event
    self._index.write(json.dumps(value, allow_nan=False) + "\n")
tests/test_step_rgbd.py:178: in write
    raise OSError("initial journal failure")
E   OSError: initial journal failure
____________ test_original_gap_cannot_be_mutated_after_registration ____________
tests/test_step_rgbd.py:202: in test_original_gap_cannot_be_mutated_after_registration
    with pytest.raises(AttributeError):
E   Failed: DID NOT RAISE <class 'AttributeError'>
____________ test_original_episode_cannot_be_mutated_between_frames ____________
tests/test_step_rgbd.py:212: in test_original_episode_cannot_be_mutated_between_frames
    with pytest.raises(AttributeError):
E   Failed: DID NOT RAISE <class 'AttributeError'>
=========================== short test summary info ============================
FAILED tests/test_step_rgbd.py::test_first_journal_error_stops_before_camera_and_cannot_be_retried[False]
FAILED tests/test_step_rgbd.py::test_first_journal_error_stops_before_camera_and_cannot_be_retried[True]
FAILED tests/test_step_rgbd.py::test_original_gap_cannot_be_mutated_after_registration
FAILED tests/test_step_rgbd.py::test_original_episode_cannot_be_mutated_between_frames
4 failed, 13 deselected in 0.19s
