.F                                                                       [100%]
=================================== FAILURES ===================================
_______ test_missing_begin_and_bad_half_open_command_span_cannot_verify ________

tmp_path = PosixPath('/tmp/pytest-of-ningyd/pytest-1153/test_missing_begin_and_bad_hal0')

    def test_missing_begin_and_bad_half_open_command_span_cannot_verify(tmp_path):
        accepted = []
        for corruption in ("missing_acquisition_begin", "physics_begin", "command_span"):
            directory = tmp_path / corruption
            directory.mkdir()
            synthetic_attempt(directory,corruption)
            result = verify_attempt(directory)
            if result["integrity_status"] != "INCOMPLETE_OR_INVALID":
                accepted.append(corruption)
            assert result["allocated_steps"] == 3
>       assert not accepted, accepted
E       AssertionError: ['missing_acquisition_begin', 'physics_begin', 'command_span']
E       assert not ['missing_acquisition_begin', 'physics_begin', 'command_span']

artifacts/research/process/20261004-ced-development/t7b-continuous-visibility/verify_offline.py:464: AssertionError
=========================== short test summary info ============================
FAILED artifacts/research/process/20261004-ced-development/t7b-continuous-visibility/verify_offline.py::test_missing_begin_and_bad_half_open_command_span_cannot_verify
1 failed, 1 passed, 7 deselected in 0.31s
