{
  "work": "/tmp/root-risk-criteria-probe-5a1n5rf6",
  "mutation": "original caller workspace_max_m[2] = 0.001",
  "all_original_files_unchanged": true,
  "before": {
    "actual_status": "UNKNOWN",
    "diagnostic_status": "VALID",
    "rows": 2
  },
  "after": {
    "actual_status": "UNKNOWN",
    "diagnostic_status": "VALID",
    "rows": 2,
    "reasons": [
      "raw_v3_clock_publisher_unavailable",
      "independent_calibration_publisher_unavailable",
      "derived_risk_commits_unavailable",
      "risk_selection_replay_unavailable",
      "initial_source_registration_unavailable",
      "point_motion_label_reconstruction_unavailable"
    ]
  }
}
