...FF                                                                    [100%]
=================================== FAILURES ===================================
_ test_registered_workspace_bounds_reject_boolean_without_numeric_coercion[workspace_min_m] _

tmp_path = PosixPath('/tmp/pytest-of-ningyd/pytest-936/test_registered_workspace_boun0')
bound = 'workspace_min_m'

    @pytest.mark.parametrize("bound", ["workspace_min_m", "workspace_max_m"])
    def test_registered_workspace_bounds_reject_boolean_without_numeric_coercion(
        tmp_path: Path, bound: str
    ) -> None:
        registration, _, _, _ = registered_fixture(tmp_path)
        minimum = [-0.85, -0.85, 0.0]
        maximum = [0.85, 0.85, 1.2]
        criteria = replace(
            registration.raw_registration.criteria,
            workspace_min_m=minimum,
            workspace_max_m=maximum,
        )
        raw = replace(registration.raw_registration, criteria=criteria)
        if bound == "workspace_min_m":
            minimum[0] = False
        else:
            maximum[2] = True
        with pytest.raises(ValueError, match="number"):
>           replace(registration, raw_registration=raw)

tests/test_research_risk_supervision.py:242: 
_ _ _ _ _ _ _ _ _ _ _ _ _ _ _ _ _ _ _ _ _ _ _ _ _ _ _ _ _ _ _ _ _ _ _ _ _ _ _ _ 
/usr/lib/python3.12/dataclasses.py:1581: in replace
    return obj.__class__(**changes)
           ^^^^^^^^^^^^^^^^^^^^^^^^
<string>:8: in __init__
    ???
src/cloud_edge_robot_arm/research/risk_supervision.py:202: in __post_init__
    _detached_criteria(raw.criteria),
    ^^^^^^^^^^^^^^^^^^^^^^^^^^^^^^^^
src/cloud_edge_robot_arm/research/risk_supervision.py:108: in _detached_criteria
    workspace_min_m=bounds(criteria.workspace_min_m),
                    ^^^^^^^^^^^^^^^^^^^^^^^^^^^^^^^^
src/cloud_edge_robot_arm/research/risk_supervision.py:101: in bounds
    _number(item)
_ _ _ _ _ _ _ _ _ _ _ _ _ _ _ _ _ _ _ _ _ _ _ _ _ _ _ _ _ _ _ _ _ _ _ _ _ _ _ _ 

value = False

    def _number(value: Any) -> float:
        if type(value) not in {int, float}:
>           raise ValueError("raw finite numeric value required")
E           ValueError: raw finite numeric value required

src/cloud_edge_robot_arm/research/risk_sources.py:276: ValueError

During handling of the above exception, another exception occurred:

tmp_path = PosixPath('/tmp/pytest-of-ningyd/pytest-936/test_registered_workspace_boun0')
bound = 'workspace_min_m'

    @pytest.mark.parametrize("bound", ["workspace_min_m", "workspace_max_m"])
    def test_registered_workspace_bounds_reject_boolean_without_numeric_coercion(
        tmp_path: Path, bound: str
    ) -> None:
        registration, _, _, _ = registered_fixture(tmp_path)
        minimum = [-0.85, -0.85, 0.0]
        maximum = [0.85, 0.85, 1.2]
        criteria = replace(
            registration.raw_registration.criteria,
            workspace_min_m=minimum,
            workspace_max_m=maximum,
        )
        raw = replace(registration.raw_registration, criteria=criteria)
        if bound == "workspace_min_m":
            minimum[0] = False
        else:
            maximum[2] = True
>       with pytest.raises(ValueError, match="number"):
E       AssertionError: Regex pattern did not match.
E        Regex: 'number'
E        Input: 'raw finite numeric value required'

tests/test_research_risk_supervision.py:241: AssertionError
_ test_registered_workspace_bounds_reject_boolean_without_numeric_coercion[workspace_max_m] _

tmp_path = PosixPath('/tmp/pytest-of-ningyd/pytest-936/test_registered_workspace_boun1')
bound = 'workspace_max_m'

    @pytest.mark.parametrize("bound", ["workspace_min_m", "workspace_max_m"])
    def test_registered_workspace_bounds_reject_boolean_without_numeric_coercion(
        tmp_path: Path, bound: str
    ) -> None:
        registration, _, _, _ = registered_fixture(tmp_path)
        minimum = [-0.85, -0.85, 0.0]
        maximum = [0.85, 0.85, 1.2]
        criteria = replace(
            registration.raw_registration.criteria,
            workspace_min_m=minimum,
            workspace_max_m=maximum,
        )
        raw = replace(registration.raw_registration, criteria=criteria)
        if bound == "workspace_min_m":
            minimum[0] = False
        else:
            maximum[2] = True
        with pytest.raises(ValueError, match="number"):
>           replace(registration, raw_registration=raw)

tests/test_research_risk_supervision.py:242: 
_ _ _ _ _ _ _ _ _ _ _ _ _ _ _ _ _ _ _ _ _ _ _ _ _ _ _ _ _ _ _ _ _ _ _ _ _ _ _ _ 
/usr/lib/python3.12/dataclasses.py:1581: in replace
    return obj.__class__(**changes)
           ^^^^^^^^^^^^^^^^^^^^^^^^
<string>:8: in __init__
    ???
src/cloud_edge_robot_arm/research/risk_supervision.py:202: in __post_init__
    _detached_criteria(raw.criteria),
    ^^^^^^^^^^^^^^^^^^^^^^^^^^^^^^^^
src/cloud_edge_robot_arm/research/risk_supervision.py:109: in _detached_criteria
    workspace_max_m=bounds(criteria.workspace_max_m),
                    ^^^^^^^^^^^^^^^^^^^^^^^^^^^^^^^^
src/cloud_edge_robot_arm/research/risk_supervision.py:101: in bounds
    _number(item)
_ _ _ _ _ _ _ _ _ _ _ _ _ _ _ _ _ _ _ _ _ _ _ _ _ _ _ _ _ _ _ _ _ _ _ _ _ _ _ _ 

value = True

    def _number(value: Any) -> float:
        if type(value) not in {int, float}:
>           raise ValueError("raw finite numeric value required")
E           ValueError: raw finite numeric value required

src/cloud_edge_robot_arm/research/risk_sources.py:276: ValueError

During handling of the above exception, another exception occurred:

tmp_path = PosixPath('/tmp/pytest-of-ningyd/pytest-936/test_registered_workspace_boun1')
bound = 'workspace_max_m'

    @pytest.mark.parametrize("bound", ["workspace_min_m", "workspace_max_m"])
    def test_registered_workspace_bounds_reject_boolean_without_numeric_coercion(
        tmp_path: Path, bound: str
    ) -> None:
        registration, _, _, _ = registered_fixture(tmp_path)
        minimum = [-0.85, -0.85, 0.0]
        maximum = [0.85, 0.85, 1.2]
        criteria = replace(
            registration.raw_registration.criteria,
            workspace_min_m=minimum,
            workspace_max_m=maximum,
        )
        raw = replace(registration.raw_registration, criteria=criteria)
        if bound == "workspace_min_m":
            minimum[0] = False
        else:
            maximum[2] = True
>       with pytest.raises(ValueError, match="number"):
E       AssertionError: Regex pattern did not match.
E        Regex: 'number'
E        Input: 'raw finite numeric value required'

tests/test_research_risk_supervision.py:241: AssertionError
=========================== short test summary info ============================
FAILED tests/test_research_risk_supervision.py::test_registered_workspace_bounds_reject_boolean_without_numeric_coercion[workspace_min_m]
FAILED tests/test_research_risk_supervision.py::test_registered_workspace_bounds_reject_boolean_without_numeric_coercion[workspace_max_m]
2 failed, 3 passed, 37 deselected in 2.04s
