F                                                                        [100%]
=================================== FAILURES ===================================
_____ test_missing_module_then_consistency_view_has_no_execution_authority _____

    def test_missing_module_then_consistency_view_has_no_execution_authority():
>       module = api()
                 ^^^^^

tests/test_raw_episode_v3.py:11: 
_ _ _ _ _ _ _ _ _ _ _ _ _ _ _ _ _ _ _ _ _ _ _ _ _ _ _ _ _ _ _ _ _ _ _ _ _ _ _ _ 
tests/test_raw_episode_v3.py:7: in api
    return import_module("cloud_edge_robot_arm.research.raw_episode_v3")
           ^^^^^^^^^^^^^^^^^^^^^^^^^^^^^^^^^^^^^^^^^^^^^^^^^^^^^^^^^^^^^
/usr/lib/python3.12/importlib/__init__.py:90: in import_module
    return _bootstrap._gcd_import(name[level:], package, level)
           ^^^^^^^^^^^^^^^^^^^^^^^^^^^^^^^^^^^^^^^^^^^^^^^^^^^^
<frozen importlib._bootstrap>:1387: in _gcd_import
    ???
<frozen importlib._bootstrap>:1360: in _find_and_load
    ???
_ _ _ _ _ _ _ _ _ _ _ _ _ _ _ _ _ _ _ _ _ _ _ _ _ _ _ _ _ _ _ _ _ _ _ _ _ _ _ _ 

name = 'cloud_edge_robot_arm.research.raw_episode_v3'
import_ = <function _gcd_import at 0x78992baf80e0>

>   ???
E   ModuleNotFoundError: No module named 'cloud_edge_robot_arm.research.raw_episode_v3'

<frozen importlib._bootstrap>:1324: ModuleNotFoundError
=========================== short test summary info ============================
FAILED tests/test_raw_episode_v3.py::test_missing_module_then_consistency_view_has_no_execution_authority
1 failed in 0.05s
