FFFFFFFFFFFFFFFFFFFFFFFFFF                                               [100%]
=================================== FAILURES ===================================
_____ test_missing_module_then_consistency_view_has_no_execution_authority _____

    def test_missing_module_then_consistency_view_has_no_execution_authority():
>       module = api()
                 ^^^^^

tests/test_raw_episode_v3.py:11: 
_ _ _ _ _ _ _ _ _ _ _ _ _ _ _ _ _ _ _ _ _ _ _ _ _ _ _ _ _ _ _ _ _ _ _ _ _ _ _ _ 
tests/test_raw_episode_v3.py:7: in api
    return import_module("cloud_edge_robot_arm.research.raw_episode_v3")
           ^^^^^^^^^^^^^^^^^^^^^^^^^^^^^^^^^^^^^^^^^^^^^^^^^^^^^^^^^^^^^
/usr/lib/python3.12/importlib/__init__.py:90: in import_module
    return _bootstrap._gcd_import(name[level:], package, level)
           ^^^^^^^^^^^^^^^^^^^^^^^^^^^^^^^^^^^^^^^^^^^^^^^^^^^^
<frozen importlib._bootstrap>:1387: in _gcd_import
    ???
<frozen importlib._bootstrap>:1360: in _find_and_load
    ???
_ _ _ _ _ _ _ _ _ _ _ _ _ _ _ _ _ _ _ _ _ _ _ _ _ _ _ _ _ _ _ _ _ _ _ _ _ _ _ _ 

name = 'cloud_edge_robot_arm.research.raw_episode_v3'
import_ = <function _gcd_import at 0x744470fa40e0>

>   ???
E   ModuleNotFoundError: No module named 'cloud_edge_robot_arm.research.raw_episode_v3'

<frozen importlib._bootstrap>:1324: ModuleNotFoundError
____ test_complete_recorded_graph_and_unknown_utc_uncertainty_are_separate _____

    def test_complete_recorded_graph_and_unknown_utc_uncertainty_are_separate():
>       envelope, records = fixture()
                            ^^^^^^^^^

tests/test_raw_episode_v3.py:121: 
_ _ _ _ _ _ _ _ _ _ _ _ _ _ _ _ _ _ _ _ _ _ _ _ _ _ _ _ _ _ _ _ _ _ _ _ _ _ _ _ 
tests/test_raw_episode_v3.py:57: in fixture
    m = api()
        ^^^^^
tests/test_raw_episode_v3.py:7: in api
    return import_module("cloud_edge_robot_arm.research.raw_episode_v3")
           ^^^^^^^^^^^^^^^^^^^^^^^^^^^^^^^^^^^^^^^^^^^^^^^^^^^^^^^^^^^^^
/usr/lib/python3.12/importlib/__init__.py:90: in import_module
    return _bootstrap._gcd_import(name[level:], package, level)
           ^^^^^^^^^^^^^^^^^^^^^^^^^^^^^^^^^^^^^^^^^^^^^^^^^^^^
<frozen importlib._bootstrap>:1387: in _gcd_import
    ???
<frozen importlib._bootstrap>:1360: in _find_and_load
    ???
_ _ _ _ _ _ _ _ _ _ _ _ _ _ _ _ _ _ _ _ _ _ _ _ _ _ _ _ _ _ _ _ _ _ _ _ _ _ _ _ 

name = 'cloud_edge_robot_arm.research.raw_episode_v3'
import_ = <function _gcd_import at 0x744470fa40e0>

>   ???
E   ModuleNotFoundError: No module named 'cloud_edge_robot_arm.research.raw_episode_v3'

<frozen importlib._bootstrap>:1324: ModuleNotFoundError
____________ test_invalid_clock_numeric_fields_do_not_coerce[True] _____________

value = True

    @pytest.mark.parametrize("value", [True, "1", 10**500, float("nan"), float("inf"), -1])
    def test_invalid_clock_numeric_fields_do_not_coerce(value):
>       m = api()
            ^^^^^

tests/test_raw_episode_v3.py:134: 
_ _ _ _ _ _ _ _ _ _ _ _ _ _ _ _ _ _ _ _ _ _ _ _ _ _ _ _ _ _ _ _ _ _ _ _ _ _ _ _ 
tests/test_raw_episode_v3.py:7: in api
    return import_module("cloud_edge_robot_arm.research.raw_episode_v3")
           ^^^^^^^^^^^^^^^^^^^^^^^^^^^^^^^^^^^^^^^^^^^^^^^^^^^^^^^^^^^^^
/usr/lib/python3.12/importlib/__init__.py:90: in import_module
    return _bootstrap._gcd_import(name[level:], package, level)
           ^^^^^^^^^^^^^^^^^^^^^^^^^^^^^^^^^^^^^^^^^^^^^^^^^^^^
<frozen importlib._bootstrap>:1387: in _gcd_import
    ???
<frozen importlib._bootstrap>:1360: in _find_and_load
    ???
_ _ _ _ _ _ _ _ _ _ _ _ _ _ _ _ _ _ _ _ _ _ _ _ _ _ _ _ _ _ _ _ _ _ _ _ _ _ _ _ 

name = 'cloud_edge_robot_arm.research.raw_episode_v3'
import_ = <function _gcd_import at 0x744470fa40e0>

>   ???
E   ModuleNotFoundError: No module named 'cloud_edge_robot_arm.research.raw_episode_v3'

<frozen importlib._bootstrap>:1324: ModuleNotFoundError
______________ test_invalid_clock_numeric_fields_do_not_coerce[1] ______________

value = '1'

    @pytest.mark.parametrize("value", [True, "1", 10**500, float("nan"), float("inf"), -1])
    def test_invalid_clock_numeric_fields_do_not_coerce(value):
>       m = api()
            ^^^^^

tests/test_raw_episode_v3.py:134: 
_ _ _ _ _ _ _ _ _ _ _ _ _ _ _ _ _ _ _ _ _ _ _ _ _ _ _ _ _ _ _ _ _ _ _ _ _ _ _ _ 
tests/test_raw_episode_v3.py:7: in api
    return import_module("cloud_edge_robot_arm.research.raw_episode_v3")
           ^^^^^^^^^^^^^^^^^^^^^^^^^^^^^^^^^^^^^^^^^^^^^^^^^^^^^^^^^^^^^
/usr/lib/python3.12/importlib/__init__.py:90: in import_module
    return _bootstrap._gcd_import(name[level:], package, level)
           ^^^^^^^^^^^^^^^^^^^^^^^^^^^^^^^^^^^^^^^^^^^^^^^^^^^^
<frozen importlib._bootstrap>:1387: in _gcd_import
    ???
<frozen importlib._bootstrap>:1360: in _find_and_load
    ???
_ _ _ _ _ _ _ _ _ _ _ _ _ _ _ _ _ _ _ _ _ _ _ _ _ _ _ _ _ _ _ _ _ _ _ _ _ _ _ _ 

name = 'cloud_edge_robot_arm.research.raw_episode_v3'
import_ = <function _gcd_import at 0x744470fa40e0>

>   ???
E   ModuleNotFoundError: No module named 'cloud_edge_robot_arm.research.raw_episode_v3'

<frozen importlib._bootstrap>:1324: ModuleNotFoundError
_ test_invalid_clock_numeric_fields_do_not_coerce[100000000000000000000000000000000000000000000000000000000000000000000000000000000000000000000000000000000000000000000000000000000000000000000000000000000000000000000000000000000000000000000000000000000000000000000000000000000000000000000000000000000000000000000000000000000000000000000000000000000000000000000000000000000000000000000000000000000000000000000000000000000000000000000000000000000000000000000000000000000000000000000000000000000000000000000000000000000000000000000000000000000000000000000] _

value = 100000000000000000...0000000000000000000

    @pytest.mark.parametrize("value", [True, "1", 10**500, float("nan"), float("inf"), -1])
    def test_invalid_clock_numeric_fields_do_not_coerce(value):
>       m = api()
            ^^^^^

tests/test_raw_episode_v3.py:134: 
_ _ _ _ _ _ _ _ _ _ _ _ _ _ _ _ _ _ _ _ _ _ _ _ _ _ _ _ _ _ _ _ _ _ _ _ _ _ _ _ 
tests/test_raw_episode_v3.py:7: in api
    return import_module("cloud_edge_robot_arm.research.raw_episode_v3")
           ^^^^^^^^^^^^^^^^^^^^^^^^^^^^^^^^^^^^^^^^^^^^^^^^^^^^^^^^^^^^^
/usr/lib/python3.12/importlib/__init__.py:90: in import_module
    return _bootstrap._gcd_import(name[level:], package, level)
           ^^^^^^^^^^^^^^^^^^^^^^^^^^^^^^^^^^^^^^^^^^^^^^^^^^^^
<frozen importlib._bootstrap>:1387: in _gcd_import
    ???
<frozen importlib._bootstrap>:1360: in _find_and_load
    ???
_ _ _ _ _ _ _ _ _ _ _ _ _ _ _ _ _ _ _ _ _ _ _ _ _ _ _ _ _ _ _ _ _ _ _ _ _ _ _ _ 

name = 'cloud_edge_robot_arm.research.raw_episode_v3'
import_ = <function _gcd_import at 0x744470fa40e0>

>   ???
E   ModuleNotFoundError: No module named 'cloud_edge_robot_arm.research.raw_episode_v3'

<frozen importlib._bootstrap>:1324: ModuleNotFoundError
_____________ test_invalid_clock_numeric_fields_do_not_coerce[nan] _____________

value = nan

    @pytest.mark.parametrize("value", [True, "1", 10**500, float("nan"), float("inf"), -1])
    def test_invalid_clock_numeric_fields_do_not_coerce(value):
>       m = api()
            ^^^^^

tests/test_raw_episode_v3.py:134: 
_ _ _ _ _ _ _ _ _ _ _ _ _ _ _ _ _ _ _ _ _ _ _ _ _ _ _ _ _ _ _ _ _ _ _ _ _ _ _ _ 
tests/test_raw_episode_v3.py:7: in api
    return import_module("cloud_edge_robot_arm.research.raw_episode_v3")
           ^^^^^^^^^^^^^^^^^^^^^^^^^^^^^^^^^^^^^^^^^^^^^^^^^^^^^^^^^^^^^
/usr/lib/python3.12/importlib/__init__.py:90: in import_module
    return _bootstrap._gcd_import(name[level:], package, level)
           ^^^^^^^^^^^^^^^^^^^^^^^^^^^^^^^^^^^^^^^^^^^^^^^^^^^^
<frozen importlib._bootstrap>:1387: in _gcd_import
    ???
<frozen importlib._bootstrap>:1360: in _find_and_load
    ???
_ _ _ _ _ _ _ _ _ _ _ _ _ _ _ _ _ _ _ _ _ _ _ _ _ _ _ _ _ _ _ _ _ _ _ _ _ _ _ _ 

name = 'cloud_edge_robot_arm.research.raw_episode_v3'
import_ = <function _gcd_import at 0x744470fa40e0>

>   ???
E   ModuleNotFoundError: No module named 'cloud_edge_robot_arm.research.raw_episode_v3'

<frozen importlib._bootstrap>:1324: ModuleNotFoundError
_____________ test_invalid_clock_numeric_fields_do_not_coerce[inf] _____________

value = inf

    @pytest.mark.parametrize("value", [True, "1", 10**500, float("nan"), float("inf"), -1])
    def test_invalid_clock_numeric_fields_do_not_coerce(value):
>       m = api()
            ^^^^^

tests/test_raw_episode_v3.py:134: 
_ _ _ _ _ _ _ _ _ _ _ _ _ _ _ _ _ _ _ _ _ _ _ _ _ _ _ _ _ _ _ _ _ _ _ _ _ _ _ _ 
tests/test_raw_episode_v3.py:7: in api
    return import_module("cloud_edge_robot_arm.research.raw_episode_v3")
           ^^^^^^^^^^^^^^^^^^^^^^^^^^^^^^^^^^^^^^^^^^^^^^^^^^^^^^^^^^^^^
/usr/lib/python3.12/importlib/__init__.py:90: in import_module
    return _bootstrap._gcd_import(name[level:], package, level)
           ^^^^^^^^^^^^^^^^^^^^^^^^^^^^^^^^^^^^^^^^^^^^^^^^^^^^
<frozen importlib._bootstrap>:1387: in _gcd_import
    ???
<frozen importlib._bootstrap>:1360: in _find_and_load
    ???
_ _ _ _ _ _ _ _ _ _ _ _ _ _ _ _ _ _ _ _ _ _ _ _ _ _ _ _ _ _ _ _ _ _ _ _ _ _ _ _ 

name = 'cloud_edge_robot_arm.research.raw_episode_v3'
import_ = <function _gcd_import at 0x744470fa40e0>

>   ???
E   ModuleNotFoundError: No module named 'cloud_edge_robot_arm.research.raw_episode_v3'

<frozen importlib._bootstrap>:1324: ModuleNotFoundError
_____________ test_invalid_clock_numeric_fields_do_not_coerce[-1] ______________

value = -1

    @pytest.mark.parametrize("value", [True, "1", 10**500, float("nan"), float("inf"), -1])
    def test_invalid_clock_numeric_fields_do_not_coerce(value):
>       m = api()
            ^^^^^

tests/test_raw_episode_v3.py:134: 
_ _ _ _ _ _ _ _ _ _ _ _ _ _ _ _ _ _ _ _ _ _ _ _ _ _ _ _ _ _ _ _ _ _ _ _ _ _ _ _ 
tests/test_raw_episode_v3.py:7: in api
    return import_module("cloud_edge_robot_arm.research.raw_episode_v3")
           ^^^^^^^^^^^^^^^^^^^^^^^^^^^^^^^^^^^^^^^^^^^^^^^^^^^^^^^^^^^^^
/usr/lib/python3.12/importlib/__init__.py:90: in import_module
    return _bootstrap._gcd_import(name[level:], package, level)
           ^^^^^^^^^^^^^^^^^^^^^^^^^^^^^^^^^^^^^^^^^^^^^^^^^^^^
<frozen importlib._bootstrap>:1387: in _gcd_import
    ???
<frozen importlib._bootstrap>:1360: in _find_and_load
    ???
_ _ _ _ _ _ _ _ _ _ _ _ _ _ _ _ _ _ _ _ _ _ _ _ _ _ _ _ _ _ _ _ _ _ _ _ _ _ _ _ 

name = 'cloud_edge_robot_arm.research.raw_episode_v3'
import_ = <function _gcd_import at 0x744470fa40e0>

>   ???
E   ModuleNotFoundError: No module named 'cloud_edge_robot_arm.research.raw_episode_v3'

<frozen importlib._bootstrap>:1324: ModuleNotFoundError
___ test_clock_constructor_rejects_naive_reversed_or_fake_identity[change0] ____

change = {'utc_at': datetime.datetime(2026, 10, 4, 0, 0)}

    @pytest.mark.parametrize("change", [{"utc_at": NOW.replace(tzinfo=None)}, {"mono_after_ns": 0},
                                         {"descriptor_hash": "x"}, {"sequence": True}])
    def test_clock_constructor_rejects_naive_reversed_or_fake_identity(change):
>       m = api()
            ^^^^^

tests/test_raw_episode_v3.py:142: 
_ _ _ _ _ _ _ _ _ _ _ _ _ _ _ _ _ _ _ _ _ _ _ _ _ _ _ _ _ _ _ _ _ _ _ _ _ _ _ _ 
tests/test_raw_episode_v3.py:7: in api
    return import_module("cloud_edge_robot_arm.research.raw_episode_v3")
           ^^^^^^^^^^^^^^^^^^^^^^^^^^^^^^^^^^^^^^^^^^^^^^^^^^^^^^^^^^^^^
/usr/lib/python3.12/importlib/__init__.py:90: in import_module
    return _bootstrap._gcd_import(name[level:], package, level)
           ^^^^^^^^^^^^^^^^^^^^^^^^^^^^^^^^^^^^^^^^^^^^^^^^^^^^
<frozen importlib._bootstrap>:1387: in _gcd_import
    ???
<frozen importlib._bootstrap>:1360: in _find_and_load
    ???
_ _ _ _ _ _ _ _ _ _ _ _ _ _ _ _ _ _ _ _ _ _ _ _ _ _ _ _ _ _ _ _ _ _ _ _ _ _ _ _ 

name = 'cloud_edge_robot_arm.research.raw_episode_v3'
import_ = <function _gcd_import at 0x744470fa40e0>

>   ???
E   ModuleNotFoundError: No module named 'cloud_edge_robot_arm.research.raw_episode_v3'

<frozen importlib._bootstrap>:1324: ModuleNotFoundError
___ test_clock_constructor_rejects_naive_reversed_or_fake_identity[change1] ____

change = {'mono_after_ns': 0}

    @pytest.mark.parametrize("change", [{"utc_at": NOW.replace(tzinfo=None)}, {"mono_after_ns": 0},
                                         {"descriptor_hash": "x"}, {"sequence": True}])
    def test_clock_constructor_rejects_naive_reversed_or_fake_identity(change):
>       m = api()
            ^^^^^

tests/test_raw_episode_v3.py:142: 
_ _ _ _ _ _ _ _ _ _ _ _ _ _ _ _ _ _ _ _ _ _ _ _ _ _ _ _ _ _ _ _ _ _ _ _ _ _ _ _ 
tests/test_raw_episode_v3.py:7: in api
    return import_module("cloud_edge_robot_arm.research.raw_episode_v3")
           ^^^^^^^^^^^^^^^^^^^^^^^^^^^^^^^^^^^^^^^^^^^^^^^^^^^^^^^^^^^^^
/usr/lib/python3.12/importlib/__init__.py:90: in import_module
    return _bootstrap._gcd_import(name[level:], package, level)
           ^^^^^^^^^^^^^^^^^^^^^^^^^^^^^^^^^^^^^^^^^^^^^^^^^^^^
<frozen importlib._bootstrap>:1387: in _gcd_import
    ???
<frozen importlib._bootstrap>:1360: in _find_and_load
    ???
_ _ _ _ _ _ _ _ _ _ _ _ _ _ _ _ _ _ _ _ _ _ _ _ _ _ _ _ _ _ _ _ _ _ _ _ _ _ _ _ 

name = 'cloud_edge_robot_arm.research.raw_episode_v3'
import_ = <function _gcd_import at 0x744470fa40e0>

>   ???
E   ModuleNotFoundError: No module named 'cloud_edge_robot_arm.research.raw_episode_v3'

<frozen importlib._bootstrap>:1324: ModuleNotFoundError
___ test_clock_constructor_rejects_naive_reversed_or_fake_identity[change2] ____

change = {'descriptor_hash': 'x'}

    @pytest.mark.parametrize("change", [{"utc_at": NOW.replace(tzinfo=None)}, {"mono_after_ns": 0},
                                         {"descriptor_hash": "x"}, {"sequence": True}])
    def test_clock_constructor_rejects_naive_reversed_or_fake_identity(change):
>       m = api()
            ^^^^^

tests/test_raw_episode_v3.py:142: 
_ _ _ _ _ _ _ _ _ _ _ _ _ _ _ _ _ _ _ _ _ _ _ _ _ _ _ _ _ _ _ _ _ _ _ _ _ _ _ _ 
tests/test_raw_episode_v3.py:7: in api
    return import_module("cloud_edge_robot_arm.research.raw_episode_v3")
           ^^^^^^^^^^^^^^^^^^^^^^^^^^^^^^^^^^^^^^^^^^^^^^^^^^^^^^^^^^^^^
/usr/lib/python3.12/importlib/__init__.py:90: in import_module
    return _bootstrap._gcd_import(name[level:], package, level)
           ^^^^^^^^^^^^^^^^^^^^^^^^^^^^^^^^^^^^^^^^^^^^^^^^^^^^
<frozen importlib._bootstrap>:1387: in _gcd_import
    ???
<frozen importlib._bootstrap>:1360: in _find_and_load
    ???
_ _ _ _ _ _ _ _ _ _ _ _ _ _ _ _ _ _ _ _ _ _ _ _ _ _ _ _ _ _ _ _ _ _ _ _ _ _ _ _ 

name = 'cloud_edge_robot_arm.research.raw_episode_v3'
import_ = <function _gcd_import at 0x744470fa40e0>

>   ???
E   ModuleNotFoundError: No module named 'cloud_edge_robot_arm.research.raw_episode_v3'

<frozen importlib._bootstrap>:1324: ModuleNotFoundError
___ test_clock_constructor_rejects_naive_reversed_or_fake_identity[change3] ____

change = {'sequence': True}

    @pytest.mark.parametrize("change", [{"utc_at": NOW.replace(tzinfo=None)}, {"mono_after_ns": 0},
                                         {"descriptor_hash": "x"}, {"sequence": True}])
    def test_clock_constructor_rejects_naive_reversed_or_fake_identity(change):
>       m = api()
            ^^^^^

tests/test_raw_episode_v3.py:142: 
_ _ _ _ _ _ _ _ _ _ _ _ _ _ _ _ _ _ _ _ _ _ _ _ _ _ _ _ _ _ _ _ _ _ _ _ _ _ _ _ 
tests/test_raw_episode_v3.py:7: in api
    return import_module("cloud_edge_robot_arm.research.raw_episode_v3")
           ^^^^^^^^^^^^^^^^^^^^^^^^^^^^^^^^^^^^^^^^^^^^^^^^^^^^^^^^^^^^^
/usr/lib/python3.12/importlib/__init__.py:90: in import_module
    return _bootstrap._gcd_import(name[level:], package, level)
           ^^^^^^^^^^^^^^^^^^^^^^^^^^^^^^^^^^^^^^^^^^^^^^^^^^^^
<frozen importlib._bootstrap>:1387: in _gcd_import
    ???
<frozen importlib._bootstrap>:1360: in _find_and_load
    ???
_ _ _ _ _ _ _ _ _ _ _ _ _ _ _ _ _ _ _ _ _ _ _ _ _ _ _ _ _ _ _ _ _ _ _ _ _ _ _ _ 

name = 'cloud_edge_robot_arm.research.raw_episode_v3'
import_ = <function _gcd_import at 0x744470fa40e0>

>   ???
E   ModuleNotFoundError: No module named 'cloud_edge_robot_arm.research.raw_episode_v3'

<frozen importlib._bootstrap>:1324: ModuleNotFoundError
_ test_public_records_clone_subclass_mutable_payload_and_detach_serialization __

    def test_public_records_clone_subclass_mutable_payload_and_detach_serialization():
>       envelope, records = fixture()
                            ^^^^^^^^^

tests/test_raw_episode_v3.py:150: 
_ _ _ _ _ _ _ _ _ _ _ _ _ _ _ _ _ _ _ _ _ _ _ _ _ _ _ _ _ _ _ _ _ _ _ _ _ _ _ _ 
tests/test_raw_episode_v3.py:57: in fixture
    m = api()
        ^^^^^
tests/test_raw_episode_v3.py:7: in api
    return import_module("cloud_edge_robot_arm.research.raw_episode_v3")
           ^^^^^^^^^^^^^^^^^^^^^^^^^^^^^^^^^^^^^^^^^^^^^^^^^^^^^^^^^^^^^
/usr/lib/python3.12/importlib/__init__.py:90: in import_module
    return _bootstrap._gcd_import(name[level:], package, level)
           ^^^^^^^^^^^^^^^^^^^^^^^^^^^^^^^^^^^^^^^^^^^^^^^^^^^^
<frozen importlib._bootstrap>:1387: in _gcd_import
    ???
<frozen importlib._bootstrap>:1360: in _find_and_load
    ???
_ _ _ _ _ _ _ _ _ _ _ _ _ _ _ _ _ _ _ _ _ _ _ _ _ _ _ _ _ _ _ _ _ _ _ _ _ _ _ _ 

name = 'cloud_edge_robot_arm.research.raw_episode_v3'
import_ = <function _gcd_import at 0x744470fa40e0>

>   ???
E   ModuleNotFoundError: No module named 'cloud_edge_robot_arm.research.raw_episode_v3'

<frozen importlib._bootstrap>:1324: ModuleNotFoundError
_ test_strict_json_roundtrip_rejects_duplicate_unknown_nonfinite_and_bool_step _

    def test_strict_json_roundtrip_rejects_duplicate_unknown_nonfinite_and_bool_step():
>       envelope, records = fixture()
                            ^^^^^^^^^

tests/test_raw_episode_v3.py:169: 
_ _ _ _ _ _ _ _ _ _ _ _ _ _ _ _ _ _ _ _ _ _ _ _ _ _ _ _ _ _ _ _ _ _ _ _ _ _ _ _ 
tests/test_raw_episode_v3.py:57: in fixture
    m = api()
        ^^^^^
tests/test_raw_episode_v3.py:7: in api
    return import_module("cloud_edge_robot_arm.research.raw_episode_v3")
           ^^^^^^^^^^^^^^^^^^^^^^^^^^^^^^^^^^^^^^^^^^^^^^^^^^^^^^^^^^^^^
/usr/lib/python3.12/importlib/__init__.py:90: in import_module
    return _bootstrap._gcd_import(name[level:], package, level)
           ^^^^^^^^^^^^^^^^^^^^^^^^^^^^^^^^^^^^^^^^^^^^^^^^^^^^
<frozen importlib._bootstrap>:1387: in _gcd_import
    ???
<frozen importlib._bootstrap>:1360: in _find_and_load
    ???
_ _ _ _ _ _ _ _ _ _ _ _ _ _ _ _ _ _ _ _ _ _ _ _ _ _ _ _ _ _ _ _ _ _ _ _ _ _ _ _ 

name = 'cloud_edge_robot_arm.research.raw_episode_v3'
import_ = <function _gcd_import at 0x744470fa40e0>

>   ???
E   ModuleNotFoundError: No module named 'cloud_edge_robot_arm.research.raw_episode_v3'

<frozen importlib._bootstrap>:1324: ModuleNotFoundError
_______ test_missing_record_keeps_complete_original_allocations[physics] _______

field = 'physics'

    @pytest.mark.parametrize("field", ["physics", "commands", "actions", "frames"])
    def test_missing_record_keeps_complete_original_allocations(field):
>       envelope, records = fixture()
                            ^^^^^^^^^

tests/test_raw_episode_v3.py:184: 
_ _ _ _ _ _ _ _ _ _ _ _ _ _ _ _ _ _ _ _ _ _ _ _ _ _ _ _ _ _ _ _ _ _ _ _ _ _ _ _ 
tests/test_raw_episode_v3.py:57: in fixture
    m = api()
        ^^^^^
tests/test_raw_episode_v3.py:7: in api
    return import_module("cloud_edge_robot_arm.research.raw_episode_v3")
           ^^^^^^^^^^^^^^^^^^^^^^^^^^^^^^^^^^^^^^^^^^^^^^^^^^^^^^^^^^^^^
/usr/lib/python3.12/importlib/__init__.py:90: in import_module
    return _bootstrap._gcd_import(name[level:], package, level)
           ^^^^^^^^^^^^^^^^^^^^^^^^^^^^^^^^^^^^^^^^^^^^^^^^^^^^
<frozen importlib._bootstrap>:1387: in _gcd_import
    ???
<frozen importlib._bootstrap>:1360: in _find_and_load
    ???
_ _ _ _ _ _ _ _ _ _ _ _ _ _ _ _ _ _ _ _ _ _ _ _ _ _ _ _ _ _ _ _ _ _ _ _ _ _ _ _ 

name = 'cloud_edge_robot_arm.research.raw_episode_v3'
import_ = <function _gcd_import at 0x744470fa40e0>

>   ???
E   ModuleNotFoundError: No module named 'cloud_edge_robot_arm.research.raw_episode_v3'

<frozen importlib._bootstrap>:1324: ModuleNotFoundError
______ test_missing_record_keeps_complete_original_allocations[commands] _______

field = 'commands'

    @pytest.mark.parametrize("field", ["physics", "commands", "actions", "frames"])
    def test_missing_record_keeps_complete_original_allocations(field):
>       envelope, records = fixture()
                            ^^^^^^^^^

tests/test_raw_episode_v3.py:184: 
_ _ _ _ _ _ _ _ _ _ _ _ _ _ _ _ _ _ _ _ _ _ _ _ _ _ _ _ _ _ _ _ _ _ _ _ _ _ _ _ 
tests/test_raw_episode_v3.py:57: in fixture
    m = api()
        ^^^^^
tests/test_raw_episode_v3.py:7: in api
    return import_module("cloud_edge_robot_arm.research.raw_episode_v3")
           ^^^^^^^^^^^^^^^^^^^^^^^^^^^^^^^^^^^^^^^^^^^^^^^^^^^^^^^^^^^^^
/usr/lib/python3.12/importlib/__init__.py:90: in import_module
    return _bootstrap._gcd_import(name[level:], package, level)
           ^^^^^^^^^^^^^^^^^^^^^^^^^^^^^^^^^^^^^^^^^^^^^^^^^^^^
<frozen importlib._bootstrap>:1387: in _gcd_import
    ???
<frozen importlib._bootstrap>:1360: in _find_and_load
    ???
_ _ _ _ _ _ _ _ _ _ _ _ _ _ _ _ _ _ _ _ _ _ _ _ _ _ _ _ _ _ _ _ _ _ _ _ _ _ _ _ 

name = 'cloud_edge_robot_arm.research.raw_episode_v3'
import_ = <function _gcd_import at 0x744470fa40e0>

>   ???
E   ModuleNotFoundError: No module named 'cloud_edge_robot_arm.research.raw_episode_v3'

<frozen importlib._bootstrap>:1324: ModuleNotFoundError
_______ test_missing_record_keeps_complete_original_allocations[actions] _______

field = 'actions'

    @pytest.mark.parametrize("field", ["physics", "commands", "actions", "frames"])
    def test_missing_record_keeps_complete_original_allocations(field):
>       envelope, records = fixture()
                            ^^^^^^^^^

tests/test_raw_episode_v3.py:184: 
_ _ _ _ _ _ _ _ _ _ _ _ _ _ _ _ _ _ _ _ _ _ _ _ _ _ _ _ _ _ _ _ _ _ _ _ _ _ _ _ 
tests/test_raw_episode_v3.py:57: in fixture
    m = api()
        ^^^^^
tests/test_raw_episode_v3.py:7: in api
    return import_module("cloud_edge_robot_arm.research.raw_episode_v3")
           ^^^^^^^^^^^^^^^^^^^^^^^^^^^^^^^^^^^^^^^^^^^^^^^^^^^^^^^^^^^^^
/usr/lib/python3.12/importlib/__init__.py:90: in import_module
    return _bootstrap._gcd_import(name[level:], package, level)
           ^^^^^^^^^^^^^^^^^^^^^^^^^^^^^^^^^^^^^^^^^^^^^^^^^^^^
<frozen importlib._bootstrap>:1387: in _gcd_import
    ???
<frozen importlib._bootstrap>:1360: in _find_and_load
    ???
_ _ _ _ _ _ _ _ _ _ _ _ _ _ _ _ _ _ _ _ _ _ _ _ _ _ _ _ _ _ _ _ _ _ _ _ _ _ _ _ 

name = 'cloud_edge_robot_arm.research.raw_episode_v3'
import_ = <function _gcd_import at 0x744470fa40e0>

>   ???
E   ModuleNotFoundError: No module named 'cloud_edge_robot_arm.research.raw_episode_v3'

<frozen importlib._bootstrap>:1324: ModuleNotFoundError
_______ test_missing_record_keeps_complete_original_allocations[frames] ________

field = 'frames'

    @pytest.mark.parametrize("field", ["physics", "commands", "actions", "frames"])
    def test_missing_record_keeps_complete_original_allocations(field):
>       envelope, records = fixture()
                            ^^^^^^^^^

tests/test_raw_episode_v3.py:184: 
_ _ _ _ _ _ _ _ _ _ _ _ _ _ _ _ _ _ _ _ _ _ _ _ _ _ _ _ _ _ _ _ _ _ _ _ _ _ _ _ 
tests/test_raw_episode_v3.py:57: in fixture
    m = api()
        ^^^^^
tests/test_raw_episode_v3.py:7: in api
    return import_module("cloud_edge_robot_arm.research.raw_episode_v3")
           ^^^^^^^^^^^^^^^^^^^^^^^^^^^^^^^^^^^^^^^^^^^^^^^^^^^^^^^^^^^^^
/usr/lib/python3.12/importlib/__init__.py:90: in import_module
    return _bootstrap._gcd_import(name[level:], package, level)
           ^^^^^^^^^^^^^^^^^^^^^^^^^^^^^^^^^^^^^^^^^^^^^^^^^^^^
<frozen importlib._bootstrap>:1387: in _gcd_import
    ???
<frozen importlib._bootstrap>:1360: in _find_and_load
    ???
_ _ _ _ _ _ _ _ _ _ _ _ _ _ _ _ _ _ _ _ _ _ _ _ _ _ _ _ _ _ _ _ _ _ _ _ _ _ _ _ 

name = 'cloud_edge_robot_arm.research.raw_episode_v3'
import_ = <function _gcd_import at 0x744470fa40e0>

>   ???
E   ModuleNotFoundError: No module named 'cloud_edge_robot_arm.research.raw_episode_v3'

<frozen importlib._bootstrap>:1324: ModuleNotFoundError
__________ test_contradictory_record_graph_is_invalid[duplicate-step] __________

kind = 'duplicate-step'

    @pytest.mark.parametrize("kind", ["duplicate-step", "wrong-control", "wrong-hash", "foreign-epoch", "wrong-command-range", "frame-checksum"])
    def test_contradictory_record_graph_is_invalid(kind):
>       envelope, records = fixture()
                            ^^^^^^^^^

tests/test_raw_episode_v3.py:194: 
_ _ _ _ _ _ _ _ _ _ _ _ _ _ _ _ _ _ _ _ _ _ _ _ _ _ _ _ _ _ _ _ _ _ _ _ _ _ _ _ 
tests/test_raw_episode_v3.py:57: in fixture
    m = api()
        ^^^^^
tests/test_raw_episode_v3.py:7: in api
    return import_module("cloud_edge_robot_arm.research.raw_episode_v3")
           ^^^^^^^^^^^^^^^^^^^^^^^^^^^^^^^^^^^^^^^^^^^^^^^^^^^^^^^^^^^^^
/usr/lib/python3.12/importlib/__init__.py:90: in import_module
    return _bootstrap._gcd_import(name[level:], package, level)
           ^^^^^^^^^^^^^^^^^^^^^^^^^^^^^^^^^^^^^^^^^^^^^^^^^^^^
<frozen importlib._bootstrap>:1387: in _gcd_import
    ???
<frozen importlib._bootstrap>:1360: in _find_and_load
    ???
_ _ _ _ _ _ _ _ _ _ _ _ _ _ _ _ _ _ _ _ _ _ _ _ _ _ _ _ _ _ _ _ _ _ _ _ _ _ _ _ 

name = 'cloud_edge_robot_arm.research.raw_episode_v3'
import_ = <function _gcd_import at 0x744470fa40e0>

>   ???
E   ModuleNotFoundError: No module named 'cloud_edge_robot_arm.research.raw_episode_v3'

<frozen importlib._bootstrap>:1324: ModuleNotFoundError
__________ test_contradictory_record_graph_is_invalid[wrong-control] ___________

kind = 'wrong-control'

    @pytest.mark.parametrize("kind", ["duplicate-step", "wrong-control", "wrong-hash", "foreign-epoch", "wrong-command-range", "frame-checksum"])
    def test_contradictory_record_graph_is_invalid(kind):
>       envelope, records = fixture()
                            ^^^^^^^^^

tests/test_raw_episode_v3.py:194: 
_ _ _ _ _ _ _ _ _ _ _ _ _ _ _ _ _ _ _ _ _ _ _ _ _ _ _ _ _ _ _ _ _ _ _ _ _ _ _ _ 
tests/test_raw_episode_v3.py:57: in fixture
    m = api()
        ^^^^^
tests/test_raw_episode_v3.py:7: in api
    return import_module("cloud_edge_robot_arm.research.raw_episode_v3")
           ^^^^^^^^^^^^^^^^^^^^^^^^^^^^^^^^^^^^^^^^^^^^^^^^^^^^^^^^^^^^^
/usr/lib/python3.12/importlib/__init__.py:90: in import_module
    return _bootstrap._gcd_import(name[level:], package, level)
           ^^^^^^^^^^^^^^^^^^^^^^^^^^^^^^^^^^^^^^^^^^^^^^^^^^^^
<frozen importlib._bootstrap>:1387: in _gcd_import
    ???
<frozen importlib._bootstrap>:1360: in _find_and_load
    ???
_ _ _ _ _ _ _ _ _ _ _ _ _ _ _ _ _ _ _ _ _ _ _ _ _ _ _ _ _ _ _ _ _ _ _ _ _ _ _ _ 

name = 'cloud_edge_robot_arm.research.raw_episode_v3'
import_ = <function _gcd_import at 0x744470fa40e0>

>   ???
E   ModuleNotFoundError: No module named 'cloud_edge_robot_arm.research.raw_episode_v3'

<frozen importlib._bootstrap>:1324: ModuleNotFoundError
____________ test_contradictory_record_graph_is_invalid[wrong-hash] ____________

kind = 'wrong-hash'

    @pytest.mark.parametrize("kind", ["duplicate-step", "wrong-control", "wrong-hash", "foreign-epoch", "wrong-command-range", "frame-checksum"])
    def test_contradictory_record_graph_is_invalid(kind):
>       envelope, records = fixture()
                            ^^^^^^^^^

tests/test_raw_episode_v3.py:194: 
_ _ _ _ _ _ _ _ _ _ _ _ _ _ _ _ _ _ _ _ _ _ _ _ _ _ _ _ _ _ _ _ _ _ _ _ _ _ _ _ 
tests/test_raw_episode_v3.py:57: in fixture
    m = api()
        ^^^^^
tests/test_raw_episode_v3.py:7: in api
    return import_module("cloud_edge_robot_arm.research.raw_episode_v3")
           ^^^^^^^^^^^^^^^^^^^^^^^^^^^^^^^^^^^^^^^^^^^^^^^^^^^^^^^^^^^^^
/usr/lib/python3.12/importlib/__init__.py:90: in import_module
    return _bootstrap._gcd_import(name[level:], package, level)
           ^^^^^^^^^^^^^^^^^^^^^^^^^^^^^^^^^^^^^^^^^^^^^^^^^^^^
<frozen importlib._bootstrap>:1387: in _gcd_import
    ???
<frozen importlib._bootstrap>:1360: in _find_and_load
    ???
_ _ _ _ _ _ _ _ _ _ _ _ _ _ _ _ _ _ _ _ _ _ _ _ _ _ _ _ _ _ _ _ _ _ _ _ _ _ _ _ 

name = 'cloud_edge_robot_arm.research.raw_episode_v3'
import_ = <function _gcd_import at 0x744470fa40e0>

>   ???
E   ModuleNotFoundError: No module named 'cloud_edge_robot_arm.research.raw_episode_v3'

<frozen importlib._bootstrap>:1324: ModuleNotFoundError
__________ test_contradictory_record_graph_is_invalid[foreign-epoch] ___________

kind = 'foreign-epoch'

    @pytest.mark.parametrize("kind", ["duplicate-step", "wrong-control", "wrong-hash", "foreign-epoch", "wrong-command-range", "frame-checksum"])
    def test_contradictory_record_graph_is_invalid(kind):
>       envelope, records = fixture()
                            ^^^^^^^^^

tests/test_raw_episode_v3.py:194: 
_ _ _ _ _ _ _ _ _ _ _ _ _ _ _ _ _ _ _ _ _ _ _ _ _ _ _ _ _ _ _ _ _ _ _ _ _ _ _ _ 
tests/test_raw_episode_v3.py:57: in fixture
    m = api()
        ^^^^^
tests/test_raw_episode_v3.py:7: in api
    return import_module("cloud_edge_robot_arm.research.raw_episode_v3")
           ^^^^^^^^^^^^^^^^^^^^^^^^^^^^^^^^^^^^^^^^^^^^^^^^^^^^^^^^^^^^^
/usr/lib/python3.12/importlib/__init__.py:90: in import_module
    return _bootstrap._gcd_import(name[level:], package, level)
           ^^^^^^^^^^^^^^^^^^^^^^^^^^^^^^^^^^^^^^^^^^^^^^^^^^^^
<frozen importlib._bootstrap>:1387: in _gcd_import
    ???
<frozen importlib._bootstrap>:1360: in _find_and_load
    ???
_ _ _ _ _ _ _ _ _ _ _ _ _ _ _ _ _ _ _ _ _ _ _ _ _ _ _ _ _ _ _ _ _ _ _ _ _ _ _ _ 

name = 'cloud_edge_robot_arm.research.raw_episode_v3'
import_ = <function _gcd_import at 0x744470fa40e0>

>   ???
E   ModuleNotFoundError: No module named 'cloud_edge_robot_arm.research.raw_episode_v3'

<frozen importlib._bootstrap>:1324: ModuleNotFoundError
_______ test_contradictory_record_graph_is_invalid[wrong-command-range] ________

kind = 'wrong-command-range'

    @pytest.mark.parametrize("kind", ["duplicate-step", "wrong-control", "wrong-hash", "foreign-epoch", "wrong-command-range", "frame-checksum"])
    def test_contradictory_record_graph_is_invalid(kind):
>       envelope, records = fixture()
                            ^^^^^^^^^

tests/test_raw_episode_v3.py:194: 
_ _ _ _ _ _ _ _ _ _ _ _ _ _ _ _ _ _ _ _ _ _ _ _ _ _ _ _ _ _ _ _ _ _ _ _ _ _ _ _ 
tests/test_raw_episode_v3.py:57: in fixture
    m = api()
        ^^^^^
tests/test_raw_episode_v3.py:7: in api
    return import_module("cloud_edge_robot_arm.research.raw_episode_v3")
           ^^^^^^^^^^^^^^^^^^^^^^^^^^^^^^^^^^^^^^^^^^^^^^^^^^^^^^^^^^^^^
/usr/lib/python3.12/importlib/__init__.py:90: in import_module
    return _bootstrap._gcd_import(name[level:], package, level)
           ^^^^^^^^^^^^^^^^^^^^^^^^^^^^^^^^^^^^^^^^^^^^^^^^^^^^
<frozen importlib._bootstrap>:1387: in _gcd_import
    ???
<frozen importlib._bootstrap>:1360: in _find_and_load
    ???
_ _ _ _ _ _ _ _ _ _ _ _ _ _ _ _ _ _ _ _ _ _ _ _ _ _ _ _ _ _ _ _ _ _ _ _ _ _ _ _ 

name = 'cloud_edge_robot_arm.research.raw_episode_v3'
import_ = <function _gcd_import at 0x744470fa40e0>

>   ???
E   ModuleNotFoundError: No module named 'cloud_edge_robot_arm.research.raw_episode_v3'

<frozen importlib._bootstrap>:1324: ModuleNotFoundError
__________ test_contradictory_record_graph_is_invalid[frame-checksum] __________

kind = 'frame-checksum'

    @pytest.mark.parametrize("kind", ["duplicate-step", "wrong-control", "wrong-hash", "foreign-epoch", "wrong-command-range", "frame-checksum"])
    def test_contradictory_record_graph_is_invalid(kind):
>       envelope, records = fixture()
                            ^^^^^^^^^

tests/test_raw_episode_v3.py:194: 
_ _ _ _ _ _ _ _ _ _ _ _ _ _ _ _ _ _ _ _ _ _ _ _ _ _ _ _ _ _ _ _ _ _ _ _ _ _ _ _ 
tests/test_raw_episode_v3.py:57: in fixture
    m = api()
        ^^^^^
tests/test_raw_episode_v3.py:7: in api
    return import_module("cloud_edge_robot_arm.research.raw_episode_v3")
           ^^^^^^^^^^^^^^^^^^^^^^^^^^^^^^^^^^^^^^^^^^^^^^^^^^^^^^^^^^^^^
/usr/lib/python3.12/importlib/__init__.py:90: in import_module
    return _bootstrap._gcd_import(name[level:], package, level)
           ^^^^^^^^^^^^^^^^^^^^^^^^^^^^^^^^^^^^^^^^^^^^^^^^^^^^
<frozen importlib._bootstrap>:1387: in _gcd_import
    ???
<frozen importlib._bootstrap>:1360: in _find_and_load
    ???
_ _ _ _ _ _ _ _ _ _ _ _ _ _ _ _ _ _ _ _ _ _ _ _ _ _ _ _ _ _ _ _ _ _ _ _ _ _ _ _ 

name = 'cloud_edge_robot_arm.research.raw_episode_v3'
import_ = <function _gcd_import at 0x744470fa40e0>

>   ???
E   ModuleNotFoundError: No module named 'cloud_edge_robot_arm.research.raw_episode_v3'

<frozen importlib._bootstrap>:1324: ModuleNotFoundError
_______ test_partial_exception_and_missing_acquisition_remain_auditable ________

    def test_partial_exception_and_missing_acquisition_remain_auditable():
>       envelope, records = fixture()
                            ^^^^^^^^^

tests/test_raw_episode_v3.py:215: 
_ _ _ _ _ _ _ _ _ _ _ _ _ _ _ _ _ _ _ _ _ _ _ _ _ _ _ _ _ _ _ _ _ _ _ _ _ _ _ _ 
tests/test_raw_episode_v3.py:57: in fixture
    m = api()
        ^^^^^
tests/test_raw_episode_v3.py:7: in api
    return import_module("cloud_edge_robot_arm.research.raw_episode_v3")
           ^^^^^^^^^^^^^^^^^^^^^^^^^^^^^^^^^^^^^^^^^^^^^^^^^^^^^^^^^^^^^
/usr/lib/python3.12/importlib/__init__.py:90: in import_module
    return _bootstrap._gcd_import(name[level:], package, level)
           ^^^^^^^^^^^^^^^^^^^^^^^^^^^^^^^^^^^^^^^^^^^^^^^^^^^^
<frozen importlib._bootstrap>:1387: in _gcd_import
    ???
<frozen importlib._bootstrap>:1360: in _find_and_load
    ???
_ _ _ _ _ _ _ _ _ _ _ _ _ _ _ _ _ _ _ _ _ _ _ _ _ _ _ _ _ _ _ _ _ _ _ _ _ _ _ _ 

name = 'cloud_edge_robot_arm.research.raw_episode_v3'
import_ = <function _gcd_import at 0x744470fa40e0>

>   ???
E   ModuleNotFoundError: No module named 'cloud_edge_robot_arm.research.raw_episode_v3'

<frozen importlib._bootstrap>:1324: ModuleNotFoundError
_____ test_clocks_cannot_change_domain_or_fabricate_whole_episode_mapping ______

    def test_clocks_cannot_change_domain_or_fabricate_whole_episode_mapping():
>       envelope, records = fixture()
                            ^^^^^^^^^

tests/test_raw_episode_v3.py:226: 
_ _ _ _ _ _ _ _ _ _ _ _ _ _ _ _ _ _ _ _ _ _ _ _ _ _ _ _ _ _ _ _ _ _ _ _ _ _ _ _ 
tests/test_raw_episode_v3.py:57: in fixture
    m = api()
        ^^^^^
tests/test_raw_episode_v3.py:7: in api
    return import_module("cloud_edge_robot_arm.research.raw_episode_v3")
           ^^^^^^^^^^^^^^^^^^^^^^^^^^^^^^^^^^^^^^^^^^^^^^^^^^^^^^^^^^^^^
/usr/lib/python3.12/importlib/__init__.py:90: in import_module
    return _bootstrap._gcd_import(name[level:], package, level)
           ^^^^^^^^^^^^^^^^^^^^^^^^^^^^^^^^^^^^^^^^^^^^^^^^^^^^
<frozen importlib._bootstrap>:1387: in _gcd_import
    ???
<frozen importlib._bootstrap>:1360: in _find_and_load
    ???
_ _ _ _ _ _ _ _ _ _ _ _ _ _ _ _ _ _ _ _ _ _ _ _ _ _ _ _ _ _ _ _ _ _ _ _ _ _ _ _ 

name = 'cloud_edge_robot_arm.research.raw_episode_v3'
import_ = <function _gcd_import at 0x744470fa40e0>

>   ???
E   ModuleNotFoundError: No module named 'cloud_edge_robot_arm.research.raw_episode_v3'

<frozen importlib._bootstrap>:1324: ModuleNotFoundError
=========================== short test summary info ============================
FAILED tests/test_raw_episode_v3.py::test_missing_module_then_consistency_view_has_no_execution_authority
FAILED tests/test_raw_episode_v3.py::test_complete_recorded_graph_and_unknown_utc_uncertainty_are_separate
FAILED tests/test_raw_episode_v3.py::test_invalid_clock_numeric_fields_do_not_coerce[True]
FAILED tests/test_raw_episode_v3.py::test_invalid_clock_numeric_fields_do_not_coerce[1]
FAILED tests/test_raw_episode_v3.py::test_invalid_clock_numeric_fields_do_not_coerce[100000000000000000000000000000000000000000000000000000000000000000000000000000000000000000000000000000000000000000000000000000000000000000000000000000000000000000000000000000000000000000000000000000000000000000000000000000000000000000000000000000000000000000000000000000000000000000000000000000000000000000000000000000000000000000000000000000000000000000000000000000000000000000000000000000000000000000000000000000000000000000000000000000000000000000000000000000000000000000000000000000000000000000000]
FAILED tests/test_raw_episode_v3.py::test_invalid_clock_numeric_fields_do_not_coerce[nan]
FAILED tests/test_raw_episode_v3.py::test_invalid_clock_numeric_fields_do_not_coerce[inf]
FAILED tests/test_raw_episode_v3.py::test_invalid_clock_numeric_fields_do_not_coerce[-1]
FAILED tests/test_raw_episode_v3.py::test_clock_constructor_rejects_naive_reversed_or_fake_identity[change0]
FAILED tests/test_raw_episode_v3.py::test_clock_constructor_rejects_naive_reversed_or_fake_identity[change1]
FAILED tests/test_raw_episode_v3.py::test_clock_constructor_rejects_naive_reversed_or_fake_identity[change2]
FAILED tests/test_raw_episode_v3.py::test_clock_constructor_rejects_naive_reversed_or_fake_identity[change3]
FAILED tests/test_raw_episode_v3.py::test_public_records_clone_subclass_mutable_payload_and_detach_serialization
FAILED tests/test_raw_episode_v3.py::test_strict_json_roundtrip_rejects_duplicate_unknown_nonfinite_and_bool_step
FAILED tests/test_raw_episode_v3.py::test_missing_record_keeps_complete_original_allocations[physics]
FAILED tests/test_raw_episode_v3.py::test_missing_record_keeps_complete_original_allocations[commands]
FAILED tests/test_raw_episode_v3.py::test_missing_record_keeps_complete_original_allocations[actions]
FAILED tests/test_raw_episode_v3.py::test_missing_record_keeps_complete_original_allocations[frames]
FAILED tests/test_raw_episode_v3.py::test_contradictory_record_graph_is_invalid[duplicate-step]
FAILED tests/test_raw_episode_v3.py::test_contradictory_record_graph_is_invalid[wrong-control]
FAILED tests/test_raw_episode_v3.py::test_contradictory_record_graph_is_invalid[wrong-hash]
FAILED tests/test_raw_episode_v3.py::test_contradictory_record_graph_is_invalid[foreign-epoch]
FAILED tests/test_raw_episode_v3.py::test_contradictory_record_graph_is_invalid[wrong-command-range]
FAILED tests/test_raw_episode_v3.py::test_contradictory_record_graph_is_invalid[frame-checksum]
FAILED tests/test_raw_episode_v3.py::test_partial_exception_and_missing_acquisition_remain_auditable
FAILED tests/test_raw_episode_v3.py::test_clocks_cannot_change_domain_or_fabricate_whole_episode_mapping
26 failed in 0.43s
