src/cloud_edge_robot_arm/research/raw_episode_v3.py:98: error: Argument 1 to "fields" has incompatible type "_Record"; expected "DataclassInstance | type[DataclassInstance]"  [arg-type]
src/cloud_edge_robot_arm/research/raw_episode_v3.py:193: error: Too many arguments for "OriginalActionRequirements"  [call-arg]
src/cloud_edge_robot_arm/research/raw_episode_v3.py:193: error: Too many positional arguments for "OriginalActionRequirements"  [misc]
src/cloud_edge_robot_arm/research/raw_episode_v3.py:195: error: Argument 2 to "OriginalActionRequirements" has incompatible type "*list[tuple[ConditionSpec, ...]]"; expected "float"  [arg-type]
src/cloud_edge_robot_arm/research/raw_episode_v3.py:195: error: Argument 2 to "OriginalActionRequirements" has incompatible type "*list[tuple[ConditionSpec, ...]]"; expected "Sequence[str]"  [arg-type]
src/cloud_edge_robot_arm/research/raw_episode_v3.py:195: error: Argument 2 to "OriginalActionRequirements" has incompatible type "*list[tuple[ConditionSpec, ...]]"; expected "Mapping[str, str] | None"  [arg-type]
src/cloud_edge_robot_arm/research/raw_episode_v3.py:220: error: Incompatible types in assignment (expression has type "VisualOriginalPlan", variable has type "OriginalActionRequirements")  [assignment]
src/cloud_edge_robot_arm/research/raw_episode_v3.py:252: error: Incompatible types in assignment (expression has type "StepGroundingBinding", variable has type "OriginalActionRequirements")  [assignment]
src/cloud_edge_robot_arm/research/raw_episode_v3.py:404: error: Argument 1 to "__call__" of "_lru_cache_wrapper" has incompatible type "type[_Record]"; expected "Hashable"  [arg-type]
src/cloud_edge_robot_arm/research/raw_episode_v3.py:404: note: Following member(s) of "_Record" have conflicts:
src/cloud_edge_robot_arm/research/raw_episode_v3.py:404: note:     Expected:
src/cloud_edge_robot_arm/research/raw_episode_v3.py:404: note:         def __hash__() -> int
src/cloud_edge_robot_arm/research/raw_episode_v3.py:404: note:     Got:
src/cloud_edge_robot_arm/research/raw_episode_v3.py:404: note:         def __hash__(self: object) -> int
src/cloud_edge_robot_arm/research/raw_episode_v3.py:405: error: Argument 1 to "fields" has incompatible type "_Record"; expected "DataclassInstance | type[DataclassInstance]"  [arg-type]
src/cloud_edge_robot_arm/research/raw_episode_v3.py:411: error: Returning Any from function declared to return "dict[str, Any]"  [no-any-return]
src/cloud_edge_robot_arm/research/raw_episode_v3.py:1118: error: Incompatible types in assignment (expression has type "Mapping[str, Any] | None", variable has type "ClockPairV3 | None")  [assignment]
src/cloud_edge_robot_arm/research/raw_episode_v3.py:1127: error: Value of type "ClockPairV3" is not indexable  [index]
src/cloud_edge_robot_arm/research/raw_episode_v3.py:1130: error: Value of type "ClockPairV3" is not indexable  [index]
src/cloud_edge_robot_arm/research/raw_episode_v3.py:1205: error: Incompatible types in assignment (expression has type "Mapping[str, Any]", variable has type "RawPhysicsStepV3")  [assignment]
src/cloud_edge_robot_arm/research/raw_episode_v3.py:1206: error: Value of type "RawPhysicsStepV3" is not indexable  [index]
src/cloud_edge_robot_arm/research/raw_episode_v3.py:1208: error: Value of type "RawPhysicsStepV3" is not indexable  [index]
src/cloud_edge_robot_arm/research/raw_episode_v3.py:1209: error: Value of type "RawPhysicsStepV3" is not indexable  [index]
src/cloud_edge_robot_arm/research/raw_episode_v3.py:1213: error: Value of type "RawPhysicsStepV3" is not indexable  [index]
src/cloud_edge_robot_arm/research/raw_episode_v3.py:1216: error: Value of type "RawPhysicsStepV3" is not indexable  [index]
src/cloud_edge_robot_arm/research/raw_episode_v3.py:1217: error: Value of type "RawPhysicsStepV3" is not indexable  [index]
src/cloud_edge_robot_arm/research/raw_episode_v3.py:1218: error: Value of type "RawPhysicsStepV3" is not indexable  [index]
src/cloud_edge_robot_arm/research/raw_episode_v3.py:1221: error: Incompatible types in assignment (expression has type "RawIntervalV3 | None", variable has type "RawIntervalV3")  [assignment]
src/cloud_edge_robot_arm/research/raw_episode_v3.py:1239: error: Value of type "RawPhysicsStepV3" is not indexable  [index]
src/cloud_edge_robot_arm/research/raw_episode_v3.py:1242: error: Value of type "RawPhysicsStepV3" is not indexable  [index]
src/cloud_edge_robot_arm/research/raw_episode_v3.py:1243: error: Value of type "RawPhysicsStepV3" is not indexable  [index]
src/cloud_edge_robot_arm/research/raw_episode_v3.py:1254: error: Incompatible types in assignment (expression has type "Mapping[str, Any]", variable has type "RawPhysicsStepV3")  [assignment]
src/cloud_edge_robot_arm/research/raw_episode_v3.py:1255: error: Value of type "RawPhysicsStepV3" is not indexable  [index]
src/cloud_edge_robot_arm/research/raw_episode_v3.py:1257: error: Value of type "RawPhysicsStepV3" is not indexable  [index]
src/cloud_edge_robot_arm/research/raw_episode_v3.py:1264: error: Value of type "RawPhysicsStepV3" is not indexable  [index]
src/cloud_edge_robot_arm/research/raw_episode_v3.py:1265: error: Value of type "RawPhysicsStepV3" is not indexable  [index]
src/cloud_edge_robot_arm/research/raw_episode_v3.py:1273: error: Value of type "RawPhysicsStepV3" is not indexable  [index]
src/cloud_edge_robot_arm/research/raw_episode_v3.py:1275: error: Value of type "RawPhysicsStepV3" is not indexable  [index]
src/cloud_edge_robot_arm/research/raw_episode_v3.py:1280: error: Incompatible types in assignment (expression has type "Mapping[str, Any] | None", variable has type "Mapping[str, Any]")  [assignment]
src/cloud_edge_robot_arm/research/raw_episode_v3.py:1339: error: Incompatible types in assignment (expression has type "RawIntervalV3 | None", variable has type "RawIntervalV3")  [assignment]
src/cloud_edge_robot_arm/research/raw_episode_v3.py:1456: error: Incompatible types in assignment (expression has type "RawIntervalV3 | None", variable has type "RawIntervalV3")  [assignment]
src/cloud_edge_robot_arm/research/raw_episode_v3.py:1566: error: Incompatible types in assignment (expression has type "FrameAcquisitionV3 | None", variable has type "FrameAcquisitionV3")  [assignment]
src/cloud_edge_robot_arm/research/raw_episode_v3.py:1566: error: Incompatible types in assignment (expression has type "TypedActionSpanV3 | None", variable has type "TypedActionSpanV3")  [assignment]
src/cloud_edge_robot_arm/research/raw_episode_v3.py:1573: error: Incompatible types in assignment (expression has type "Mapping[str, Any]", variable has type "RGBDObservation")  [assignment]
src/cloud_edge_robot_arm/research/raw_episode_v3.py:1576: error: Value of type "RGBDObservation" is not indexable  [index]
src/cloud_edge_robot_arm/research/raw_episode_v3.py:1577: error: Value of type "RGBDObservation" is not indexable  [index]
src/cloud_edge_robot_arm/research/raw_episode_v3.py:1602: error: Value of type "RGBDObservation" is not indexable  [index]
src/cloud_edge_robot_arm/research/raw_episode_v3.py:1612: error: Value of type "RGBDObservation" is not indexable  [index]
src/cloud_edge_robot_arm/research/raw_episode_v3.py:1630: error: Argument 5 to "RawV3ConsistencyView" has incompatible type "str"; expected "Literal['BRACKETED', 'UNAVAILABLE']"  [arg-type]
pyproject.toml: note: unused section(s): module = ['ament_index_python.*', 'rclpy.*']
Found 44 errors in 1 file (checked 1 source file)
