src/cloud_edge_robot_arm/research/raw_episode_v3.py:89: error: Argument 1 to "fields" has incompatible type "_Record"; expected "DataclassInstance | type[DataclassInstance]"  [arg-type]
src/cloud_edge_robot_arm/research/raw_episode_v3.py:161: error: Too many arguments for "OriginalActionRequirements"  [call-arg]
src/cloud_edge_robot_arm/research/raw_episode_v3.py:161: error: Too many positional arguments for "OriginalActionRequirements"  [misc]
src/cloud_edge_robot_arm/research/raw_episode_v3.py:161: error: Argument 2 to "OriginalActionRequirements" has incompatible type "*list[tuple[ConditionSpec, ...]]"; expected "float"  [arg-type]
src/cloud_edge_robot_arm/research/raw_episode_v3.py:161: error: Argument 2 to "OriginalActionRequirements" has incompatible type "*list[tuple[ConditionSpec, ...]]"; expected "Sequence[str]"  [arg-type]
src/cloud_edge_robot_arm/research/raw_episode_v3.py:161: error: Argument 2 to "OriginalActionRequirements" has incompatible type "*list[tuple[ConditionSpec, ...]]"; expected "Mapping[str, str] | None"  [arg-type]
src/cloud_edge_robot_arm/research/raw_episode_v3.py:167: error: Incompatible types in assignment (expression has type "VisualOriginalPlan", variable has type "OriginalActionRequirements")  [assignment]
src/cloud_edge_robot_arm/research/raw_episode_v3.py:179: error: Incompatible types in assignment (expression has type "StepGroundingBinding", variable has type "OriginalActionRequirements")  [assignment]
src/cloud_edge_robot_arm/research/raw_episode_v3.py:278: error: Argument 1 to "__call__" of "_lru_cache_wrapper" has incompatible type "type[_Record]"; expected "Hashable"  [arg-type]
src/cloud_edge_robot_arm/research/raw_episode_v3.py:278: note: Following member(s) of "_Record" have conflicts:
src/cloud_edge_robot_arm/research/raw_episode_v3.py:278: note:     Expected:
src/cloud_edge_robot_arm/research/raw_episode_v3.py:278: note:         def __hash__() -> int
src/cloud_edge_robot_arm/research/raw_episode_v3.py:278: note:     Got:
src/cloud_edge_robot_arm/research/raw_episode_v3.py:278: note:         def __hash__(self: object) -> int
src/cloud_edge_robot_arm/research/raw_episode_v3.py:279: error: Argument 1 to "fields" has incompatible type "_Record"; expected "DataclassInstance | type[DataclassInstance]"  [arg-type]
src/cloud_edge_robot_arm/research/raw_episode_v3.py:285: error: Returning Any from function declared to return "dict[str, Any]"  [no-any-return]
src/cloud_edge_robot_arm/research/raw_episode_v3.py:829: error: Incompatible types in assignment (expression has type "Mapping[str, Any] | None", variable has type "ClockPairV3 | None")  [assignment]
src/cloud_edge_robot_arm/research/raw_episode_v3.py:835: error: Value of type "ClockPairV3" is not indexable  [index]
src/cloud_edge_robot_arm/research/raw_episode_v3.py:837: error: Value of type "ClockPairV3" is not indexable  [index]
src/cloud_edge_robot_arm/research/raw_episode_v3.py:881: error: Incompatible types in assignment (expression has type "Mapping[str, Any]", variable has type "RawPhysicsStepV3")  [assignment]
src/cloud_edge_robot_arm/research/raw_episode_v3.py:882: error: Value of type "RawPhysicsStepV3" is not indexable  [index]
src/cloud_edge_robot_arm/research/raw_episode_v3.py:883: error: Value of type "RawPhysicsStepV3" is not indexable  [index]
src/cloud_edge_robot_arm/research/raw_episode_v3.py:885: error: Value of type "RawPhysicsStepV3" is not indexable  [index]
src/cloud_edge_robot_arm/research/raw_episode_v3.py:887: error: Value of type "RawPhysicsStepV3" is not indexable  [index]
src/cloud_edge_robot_arm/research/raw_episode_v3.py:889: error: Incompatible types in assignment (expression has type "RawIntervalV3 | None", variable has type "RawIntervalV3")  [assignment]
src/cloud_edge_robot_arm/research/raw_episode_v3.py:903: error: Value of type "RawPhysicsStepV3" is not indexable  [index]
src/cloud_edge_robot_arm/research/raw_episode_v3.py:912: error: Incompatible types in assignment (expression has type "Mapping[str, Any]", variable has type "RawPhysicsStepV3")  [assignment]
src/cloud_edge_robot_arm/research/raw_episode_v3.py:913: error: Value of type "RawPhysicsStepV3" is not indexable  [index]
src/cloud_edge_robot_arm/research/raw_episode_v3.py:915: error: Value of type "RawPhysicsStepV3" is not indexable  [index]
src/cloud_edge_robot_arm/research/raw_episode_v3.py:922: error: Value of type "RawPhysicsStepV3" is not indexable  [index]
src/cloud_edge_robot_arm/research/raw_episode_v3.py:923: error: Value of type "RawPhysicsStepV3" is not indexable  [index]
src/cloud_edge_robot_arm/research/raw_episode_v3.py:931: error: Value of type "RawPhysicsStepV3" is not indexable  [index]
src/cloud_edge_robot_arm/research/raw_episode_v3.py:933: error: Value of type "RawPhysicsStepV3" is not indexable  [index]
src/cloud_edge_robot_arm/research/raw_episode_v3.py:938: error: Incompatible types in assignment (expression has type "Mapping[str, Any] | None", variable has type "Mapping[str, Any]")  [assignment]
src/cloud_edge_robot_arm/research/raw_episode_v3.py:978: error: Incompatible types in assignment (expression has type "RawIntervalV3 | None", variable has type "RawIntervalV3")  [assignment]
src/cloud_edge_robot_arm/research/raw_episode_v3.py:1048: error: Incompatible types in assignment (expression has type "RawIntervalV3 | None", variable has type "RawIntervalV3")  [assignment]
src/cloud_edge_robot_arm/research/raw_episode_v3.py:1115: error: Incompatible types in assignment (expression has type "FrameAcquisitionV3 | None", variable has type "FrameAcquisitionV3")  [assignment]
src/cloud_edge_robot_arm/research/raw_episode_v3.py:1115: error: Incompatible types in assignment (expression has type "TypedActionSpanV3 | None", variable has type "TypedActionSpanV3")  [assignment]
src/cloud_edge_robot_arm/research/raw_episode_v3.py:1122: error: Incompatible types in assignment (expression has type "Mapping[str, Any]", variable has type "RGBDObservation")  [assignment]
src/cloud_edge_robot_arm/research/raw_episode_v3.py:1123: error: Value of type "RGBDObservation" is not indexable  [index]
src/cloud_edge_robot_arm/research/raw_episode_v3.py:1136: error: Value of type "RGBDObservation" is not indexable  [index]
src/cloud_edge_robot_arm/research/raw_episode_v3.py:1138: error: Value of type "RGBDObservation" is not indexable  [index]
src/cloud_edge_robot_arm/research/raw_episode_v3.py:1147: error: Argument 5 to "RawV3ConsistencyView" has incompatible type "str"; expected "Literal['BRACKETED', 'UNAVAILABLE']"  [arg-type]
pyproject.toml: note: unused section(s): module = ['ament_index_python.*', 'rclpy.*']
Found 38 errors in 1 file (checked 1 source file)
