FFFFFFFFFFF                                                              [100%]
=================================== FAILURES ===================================
_ test_role_repair_wire_has_two_images_replanner_cost_and_only_authorized_replacement _

tmp_path = PosixPath('/tmp/pytest-of-ningyd/pytest-752/test_role_repair_wire_has_two_0')
monkeypatch = <_pytest.monkeypatch.MonkeyPatch object at 0x779fbed89e20>

    def test_role_repair_wire_has_two_images_replanner_cost_and_only_authorized_replacement(tmp_path, monkeypatch):
>       adapter, wire, planner, binding, source, request, window, observation, ledger = setup(tmp_path, monkeypatch)
                                                                                        ^^^^^^^^^^^^^^^^^^^^^^^^^^^^

tests/test_role_visual_repair.py:119: 
_ _ _ _ _ _ _ _ _ _ _ _ _ _ _ _ _ _ _ _ _ _ _ _ _ _ _ _ _ _ _ _ _ _ _ _ _ _ _ _ 
tests/test_role_visual_repair.py:88: in setup
    binding = replace(binding, bundle=bundle)
              ^^^^^^^^^^^^^^^^^^^^^^^^^^^^^^^
/usr/lib/python3.12/dataclasses.py:1581: in replace
    return obj.__class__(**changes)
           ^^^^^^^^^^^^^^^^^^^^^^^^
<string>:8: in __init__
    ???
src/cloud_edge_robot_arm/vision/runtime_binding.py:75: in __post_init__
    policy = json.loads(json.dumps(dict(self.edge_policy), allow_nan=False))
                        ^^^^^^^^^^^^^^^^^^^^^^^^^^^^^^^^^^^^^^^^^^^^^^^^^^^
/usr/lib/python3.12/json/__init__.py:238: in dumps
    **kw).encode(obj)
          ^^^^^^^^^^^
/usr/lib/python3.12/json/encoder.py:200: in encode
    chunks = self.iterencode(o, _one_shot=True)
             ^^^^^^^^^^^^^^^^^^^^^^^^^^^^^^^^^^
/usr/lib/python3.12/json/encoder.py:258: in iterencode
    return _iterencode(o, 0)
           ^^^^^^^^^^^^^^^^^
_ _ _ _ _ _ _ _ _ _ _ _ _ _ _ _ _ _ _ _ _ _ _ _ _ _ _ _ _ _ _ _ _ _ _ _ _ _ _ _ 

self = <json.encoder.JSONEncoder object at 0x779f93b5ea20>
o = mappingproxy({'max_reobservations': 2, 'max_retries': 0, 'max_no_progress': 3, 'deadline_s': 120.0})

    def default(self, o):
        """Implement this method in a subclass such that it returns
        a serializable object for ``o``, or calls the base implementation
        (to raise a ``TypeError``).
    
        For example, to support arbitrary iterators, you could
        implement default like this::
    
            def default(self, o):
                try:
                    iterable = iter(o)
                except TypeError:
                    pass
                else:
                    return list(iterable)
                # Let the base class default method raise the TypeError
                return super().default(o)
    
        """
>       raise TypeError(f'Object of type {o.__class__.__name__} '
                        f'is not JSON serializable')
E       TypeError: Object of type mappingproxy is not JSON serializable

/usr/lib/python3.12/json/encoder.py:180: TypeError
___ test_missing_actual_prerequisite_is_unavailable_with_zero_calls[binding] ___

tmp_path = PosixPath('/tmp/pytest-of-ningyd/pytest-752/test_missing_actual_prerequisi0')
monkeypatch = <_pytest.monkeypatch.MonkeyPatch object at 0x779f939b51f0>
missing = 'binding'

    @pytest.mark.parametrize('missing', ['binding', 'source', 'grounding', 'key', 'inventory'])
    def test_missing_actual_prerequisite_is_unavailable_with_zero_calls(tmp_path, monkeypatch, missing):
>       adapter, wire, planner, binding, source, request, *_ = setup(tmp_path, monkeypatch)
                                                               ^^^^^^^^^^^^^^^^^^^^^^^^^^^^

tests/test_role_visual_repair.py:133: 
_ _ _ _ _ _ _ _ _ _ _ _ _ _ _ _ _ _ _ _ _ _ _ _ _ _ _ _ _ _ _ _ _ _ _ _ _ _ _ _ 
tests/test_role_visual_repair.py:88: in setup
    binding = replace(binding, bundle=bundle)
              ^^^^^^^^^^^^^^^^^^^^^^^^^^^^^^^
/usr/lib/python3.12/dataclasses.py:1581: in replace
    return obj.__class__(**changes)
           ^^^^^^^^^^^^^^^^^^^^^^^^
<string>:8: in __init__
    ???
src/cloud_edge_robot_arm/vision/runtime_binding.py:75: in __post_init__
    policy = json.loads(json.dumps(dict(self.edge_policy), allow_nan=False))
                        ^^^^^^^^^^^^^^^^^^^^^^^^^^^^^^^^^^^^^^^^^^^^^^^^^^^
/usr/lib/python3.12/json/__init__.py:238: in dumps
    **kw).encode(obj)
          ^^^^^^^^^^^
/usr/lib/python3.12/json/encoder.py:200: in encode
    chunks = self.iterencode(o, _one_shot=True)
             ^^^^^^^^^^^^^^^^^^^^^^^^^^^^^^^^^^
/usr/lib/python3.12/json/encoder.py:258: in iterencode
    return _iterencode(o, 0)
           ^^^^^^^^^^^^^^^^^
_ _ _ _ _ _ _ _ _ _ _ _ _ _ _ _ _ _ _ _ _ _ _ _ _ _ _ _ _ _ _ _ _ _ _ _ _ _ _ _ 

self = <json.encoder.JSONEncoder object at 0x779f939b7d70>
o = mappingproxy({'max_reobservations': 2, 'max_retries': 0, 'max_no_progress': 3, 'deadline_s': 120.0})

    def default(self, o):
        """Implement this method in a subclass such that it returns
        a serializable object for ``o``, or calls the base implementation
        (to raise a ``TypeError``).
    
        For example, to support arbitrary iterators, you could
        implement default like this::
    
            def default(self, o):
                try:
                    iterable = iter(o)
                except TypeError:
                    pass
                else:
                    return list(iterable)
                # Let the base class default method raise the TypeError
                return super().default(o)
    
        """
>       raise TypeError(f'Object of type {o.__class__.__name__} '
                        f'is not JSON serializable')
E       TypeError: Object of type mappingproxy is not JSON serializable

/usr/lib/python3.12/json/encoder.py:180: TypeError
___ test_missing_actual_prerequisite_is_unavailable_with_zero_calls[source] ____

tmp_path = PosixPath('/tmp/pytest-of-ningyd/pytest-752/test_missing_actual_prerequisi1')
monkeypatch = <_pytest.monkeypatch.MonkeyPatch object at 0x779f939b4cb0>
missing = 'source'

    @pytest.mark.parametrize('missing', ['binding', 'source', 'grounding', 'key', 'inventory'])
    def test_missing_actual_prerequisite_is_unavailable_with_zero_calls(tmp_path, monkeypatch, missing):
>       adapter, wire, planner, binding, source, request, *_ = setup(tmp_path, monkeypatch)
                                                               ^^^^^^^^^^^^^^^^^^^^^^^^^^^^

tests/test_role_visual_repair.py:133: 
_ _ _ _ _ _ _ _ _ _ _ _ _ _ _ _ _ _ _ _ _ _ _ _ _ _ _ _ _ _ _ _ _ _ _ _ _ _ _ _ 
tests/test_role_visual_repair.py:88: in setup
    binding = replace(binding, bundle=bundle)
              ^^^^^^^^^^^^^^^^^^^^^^^^^^^^^^^
/usr/lib/python3.12/dataclasses.py:1581: in replace
    return obj.__class__(**changes)
           ^^^^^^^^^^^^^^^^^^^^^^^^
<string>:8: in __init__
    ???
src/cloud_edge_robot_arm/vision/runtime_binding.py:75: in __post_init__
    policy = json.loads(json.dumps(dict(self.edge_policy), allow_nan=False))
                        ^^^^^^^^^^^^^^^^^^^^^^^^^^^^^^^^^^^^^^^^^^^^^^^^^^^
/usr/lib/python3.12/json/__init__.py:238: in dumps
    **kw).encode(obj)
          ^^^^^^^^^^^
/usr/lib/python3.12/json/encoder.py:200: in encode
    chunks = self.iterencode(o, _one_shot=True)
             ^^^^^^^^^^^^^^^^^^^^^^^^^^^^^^^^^^
/usr/lib/python3.12/json/encoder.py:258: in iterencode
    return _iterencode(o, 0)
           ^^^^^^^^^^^^^^^^^
_ _ _ _ _ _ _ _ _ _ _ _ _ _ _ _ _ _ _ _ _ _ _ _ _ _ _ _ _ _ _ _ _ _ _ _ _ _ _ _ 

self = <json.encoder.JSONEncoder object at 0x779f939b7830>
o = mappingproxy({'max_reobservations': 2, 'max_retries': 0, 'max_no_progress': 3, 'deadline_s': 120.0})

    def default(self, o):
        """Implement this method in a subclass such that it returns
        a serializable object for ``o``, or calls the base implementation
        (to raise a ``TypeError``).
    
        For example, to support arbitrary iterators, you could
        implement default like this::
    
            def default(self, o):
                try:
                    iterable = iter(o)
                except TypeError:
                    pass
                else:
                    return list(iterable)
                # Let the base class default method raise the TypeError
                return super().default(o)
    
        """
>       raise TypeError(f'Object of type {o.__class__.__name__} '
                        f'is not JSON serializable')
E       TypeError: Object of type mappingproxy is not JSON serializable

/usr/lib/python3.12/json/encoder.py:180: TypeError
__ test_missing_actual_prerequisite_is_unavailable_with_zero_calls[grounding] __

tmp_path = PosixPath('/tmp/pytest-of-ningyd/pytest-752/test_missing_actual_prerequisi2')
monkeypatch = <_pytest.monkeypatch.MonkeyPatch object at 0x779f939b5fd0>
missing = 'grounding'

    @pytest.mark.parametrize('missing', ['binding', 'source', 'grounding', 'key', 'inventory'])
    def test_missing_actual_prerequisite_is_unavailable_with_zero_calls(tmp_path, monkeypatch, missing):
>       adapter, wire, planner, binding, source, request, *_ = setup(tmp_path, monkeypatch)
                                                               ^^^^^^^^^^^^^^^^^^^^^^^^^^^^

tests/test_role_visual_repair.py:133: 
_ _ _ _ _ _ _ _ _ _ _ _ _ _ _ _ _ _ _ _ _ _ _ _ _ _ _ _ _ _ _ _ _ _ _ _ _ _ _ _ 
tests/test_role_visual_repair.py:88: in setup
    binding = replace(binding, bundle=bundle)
              ^^^^^^^^^^^^^^^^^^^^^^^^^^^^^^^
/usr/lib/python3.12/dataclasses.py:1581: in replace
    return obj.__class__(**changes)
           ^^^^^^^^^^^^^^^^^^^^^^^^
<string>:8: in __init__
    ???
src/cloud_edge_robot_arm/vision/runtime_binding.py:75: in __post_init__
    policy = json.loads(json.dumps(dict(self.edge_policy), allow_nan=False))
                        ^^^^^^^^^^^^^^^^^^^^^^^^^^^^^^^^^^^^^^^^^^^^^^^^^^^
/usr/lib/python3.12/json/__init__.py:238: in dumps
    **kw).encode(obj)
          ^^^^^^^^^^^
/usr/lib/python3.12/json/encoder.py:200: in encode
    chunks = self.iterencode(o, _one_shot=True)
             ^^^^^^^^^^^^^^^^^^^^^^^^^^^^^^^^^^
/usr/lib/python3.12/json/encoder.py:258: in iterencode
    return _iterencode(o, 0)
           ^^^^^^^^^^^^^^^^^
_ _ _ _ _ _ _ _ _ _ _ _ _ _ _ _ _ _ _ _ _ _ _ _ _ _ _ _ _ _ _ _ _ _ _ _ _ _ _ _ 

self = <json.encoder.JSONEncoder object at 0x779f939b6b10>
o = mappingproxy({'max_reobservations': 2, 'max_retries': 0, 'max_no_progress': 3, 'deadline_s': 120.0})

    def default(self, o):
        """Implement this method in a subclass such that it returns
        a serializable object for ``o``, or calls the base implementation
        (to raise a ``TypeError``).
    
        For example, to support arbitrary iterators, you could
        implement default like this::
    
            def default(self, o):
                try:
                    iterable = iter(o)
                except TypeError:
                    pass
                else:
                    return list(iterable)
                # Let the base class default method raise the TypeError
                return super().default(o)
    
        """
>       raise TypeError(f'Object of type {o.__class__.__name__} '
                        f'is not JSON serializable')
E       TypeError: Object of type mappingproxy is not JSON serializable

/usr/lib/python3.12/json/encoder.py:180: TypeError
_____ test_missing_actual_prerequisite_is_unavailable_with_zero_calls[key] _____

tmp_path = PosixPath('/tmp/pytest-of-ningyd/pytest-752/test_missing_actual_prerequisi3')
monkeypatch = <_pytest.monkeypatch.MonkeyPatch object at 0x779f939b6630>
missing = 'key'

    @pytest.mark.parametrize('missing', ['binding', 'source', 'grounding', 'key', 'inventory'])
    def test_missing_actual_prerequisite_is_unavailable_with_zero_calls(tmp_path, monkeypatch, missing):
>       adapter, wire, planner, binding, source, request, *_ = setup(tmp_path, monkeypatch)
                                                               ^^^^^^^^^^^^^^^^^^^^^^^^^^^^

tests/test_role_visual_repair.py:133: 
_ _ _ _ _ _ _ _ _ _ _ _ _ _ _ _ _ _ _ _ _ _ _ _ _ _ _ _ _ _ _ _ _ _ _ _ _ _ _ _ 
tests/test_role_visual_repair.py:88: in setup
    binding = replace(binding, bundle=bundle)
              ^^^^^^^^^^^^^^^^^^^^^^^^^^^^^^^
/usr/lib/python3.12/dataclasses.py:1581: in replace
    return obj.__class__(**changes)
           ^^^^^^^^^^^^^^^^^^^^^^^^
<string>:8: in __init__
    ???
src/cloud_edge_robot_arm/vision/runtime_binding.py:75: in __post_init__
    policy = json.loads(json.dumps(dict(self.edge_policy), allow_nan=False))
                        ^^^^^^^^^^^^^^^^^^^^^^^^^^^^^^^^^^^^^^^^^^^^^^^^^^^
/usr/lib/python3.12/json/__init__.py:238: in dumps
    **kw).encode(obj)
          ^^^^^^^^^^^
/usr/lib/python3.12/json/encoder.py:200: in encode
    chunks = self.iterencode(o, _one_shot=True)
             ^^^^^^^^^^^^^^^^^^^^^^^^^^^^^^^^^^
/usr/lib/python3.12/json/encoder.py:258: in iterencode
    return _iterencode(o, 0)
           ^^^^^^^^^^^^^^^^^
_ _ _ _ _ _ _ _ _ _ _ _ _ _ _ _ _ _ _ _ _ _ _ _ _ _ _ _ _ _ _ _ _ _ _ _ _ _ _ _ 

self = <json.encoder.JSONEncoder object at 0x779f939b7980>
o = mappingproxy({'max_reobservations': 2, 'max_retries': 0, 'max_no_progress': 3, 'deadline_s': 120.0})

    def default(self, o):
        """Implement this method in a subclass such that it returns
        a serializable object for ``o``, or calls the base implementation
        (to raise a ``TypeError``).
    
        For example, to support arbitrary iterators, you could
        implement default like this::
    
            def default(self, o):
                try:
                    iterable = iter(o)
                except TypeError:
                    pass
                else:
                    return list(iterable)
                # Let the base class default method raise the TypeError
                return super().default(o)
    
        """
>       raise TypeError(f'Object of type {o.__class__.__name__} '
                        f'is not JSON serializable')
E       TypeError: Object of type mappingproxy is not JSON serializable

/usr/lib/python3.12/json/encoder.py:180: TypeError
__ test_missing_actual_prerequisite_is_unavailable_with_zero_calls[inventory] __

tmp_path = PosixPath('/tmp/pytest-of-ningyd/pytest-752/test_missing_actual_prerequisi4')
monkeypatch = <_pytest.monkeypatch.MonkeyPatch object at 0x779f939b6600>
missing = 'inventory'

    @pytest.mark.parametrize('missing', ['binding', 'source', 'grounding', 'key', 'inventory'])
    def test_missing_actual_prerequisite_is_unavailable_with_zero_calls(tmp_path, monkeypatch, missing):
>       adapter, wire, planner, binding, source, request, *_ = setup(tmp_path, monkeypatch)
                                                               ^^^^^^^^^^^^^^^^^^^^^^^^^^^^

tests/test_role_visual_repair.py:133: 
_ _ _ _ _ _ _ _ _ _ _ _ _ _ _ _ _ _ _ _ _ _ _ _ _ _ _ _ _ _ _ _ _ _ _ _ _ _ _ _ 
tests/test_role_visual_repair.py:88: in setup
    binding = replace(binding, bundle=bundle)
              ^^^^^^^^^^^^^^^^^^^^^^^^^^^^^^^
/usr/lib/python3.12/dataclasses.py:1581: in replace
    return obj.__class__(**changes)
           ^^^^^^^^^^^^^^^^^^^^^^^^
<string>:8: in __init__
    ???
src/cloud_edge_robot_arm/vision/runtime_binding.py:75: in __post_init__
    policy = json.loads(json.dumps(dict(self.edge_policy), allow_nan=False))
                        ^^^^^^^^^^^^^^^^^^^^^^^^^^^^^^^^^^^^^^^^^^^^^^^^^^^
/usr/lib/python3.12/json/__init__.py:238: in dumps
    **kw).encode(obj)
          ^^^^^^^^^^^
/usr/lib/python3.12/json/encoder.py:200: in encode
    chunks = self.iterencode(o, _one_shot=True)
             ^^^^^^^^^^^^^^^^^^^^^^^^^^^^^^^^^^
/usr/lib/python3.12/json/encoder.py:258: in iterencode
    return _iterencode(o, 0)
           ^^^^^^^^^^^^^^^^^
_ _ _ _ _ _ _ _ _ _ _ _ _ _ _ _ _ _ _ _ _ _ _ _ _ _ _ _ _ _ _ _ _ _ _ _ _ _ _ _ 

self = <json.encoder.JSONEncoder object at 0x779f939b4f20>
o = mappingproxy({'max_reobservations': 2, 'max_retries': 0, 'max_no_progress': 3, 'deadline_s': 120.0})

    def default(self, o):
        """Implement this method in a subclass such that it returns
        a serializable object for ``o``, or calls the base implementation
        (to raise a ``TypeError``).
    
        For example, to support arbitrary iterators, you could
        implement default like this::
    
            def default(self, o):
                try:
                    iterable = iter(o)
                except TypeError:
                    pass
                else:
                    return list(iterable)
                # Let the base class default method raise the TypeError
                return super().default(o)
    
        """
>       raise TypeError(f'Object of type {o.__class__.__name__} '
                        f'is not JSON serializable')
E       TypeError: Object of type mappingproxy is not JSON serializable

/usr/lib/python3.12/json/encoder.py:180: TypeError
__ test_remote_parsed_candidate_cannot_change_bound_ids_or_skills[wrong_hash] __

tmp_path = PosixPath('/tmp/pytest-of-ningyd/pytest-752/test_remote_parsed_candidate_c0')
monkeypatch = <_pytest.monkeypatch.MonkeyPatch object at 0x779f939f1c10>
change = 'wrong_hash'

    @pytest.mark.parametrize('change', ['wrong_hash', 'completed', 'duplicate', 'missing', 'skill'])
    def test_remote_parsed_candidate_cannot_change_bound_ids_or_skills(tmp_path, monkeypatch, change):
        def mutate(decision):
            if change=='wrong_hash': decision['binding_hash']='f'*64
            elif change=='completed': decision['replacements'][0]['step_id']='approach'
            elif change=='duplicate': decision['replacements'].append(decision['replacements'][0])
            elif change=='missing': decision['replacements']=[]
            else: decision['replacements'][0]['skill']='HOME'
>       adapter, wire, _, _, _, request, *_ = setup(tmp_path, monkeypatch, change=mutate)
                                              ^^^^^^^^^^^^^^^^^^^^^^^^^^^^^^^^^^^^^^^^^^^

tests/test_role_visual_repair.py:156: 
_ _ _ _ _ _ _ _ _ _ _ _ _ _ _ _ _ _ _ _ _ _ _ _ _ _ _ _ _ _ _ _ _ _ _ _ _ _ _ _ 
tests/test_role_visual_repair.py:88: in setup
    binding = replace(binding, bundle=bundle)
              ^^^^^^^^^^^^^^^^^^^^^^^^^^^^^^^
/usr/lib/python3.12/dataclasses.py:1581: in replace
    return obj.__class__(**changes)
           ^^^^^^^^^^^^^^^^^^^^^^^^
<string>:8: in __init__
    ???
src/cloud_edge_robot_arm/vision/runtime_binding.py:75: in __post_init__
    policy = json.loads(json.dumps(dict(self.edge_policy), allow_nan=False))
                        ^^^^^^^^^^^^^^^^^^^^^^^^^^^^^^^^^^^^^^^^^^^^^^^^^^^
/usr/lib/python3.12/json/__init__.py:238: in dumps
    **kw).encode(obj)
          ^^^^^^^^^^^
/usr/lib/python3.12/json/encoder.py:200: in encode
    chunks = self.iterencode(o, _one_shot=True)
             ^^^^^^^^^^^^^^^^^^^^^^^^^^^^^^^^^^
/usr/lib/python3.12/json/encoder.py:258: in iterencode
    return _iterencode(o, 0)
           ^^^^^^^^^^^^^^^^^
_ _ _ _ _ _ _ _ _ _ _ _ _ _ _ _ _ _ _ _ _ _ _ _ _ _ _ _ _ _ _ _ _ _ _ _ _ _ _ _ 

self = <json.encoder.JSONEncoder object at 0x779f939f22d0>
o = mappingproxy({'max_reobservations': 2, 'max_retries': 0, 'max_no_progress': 3, 'deadline_s': 120.0})

    def default(self, o):
        """Implement this method in a subclass such that it returns
        a serializable object for ``o``, or calls the base implementation
        (to raise a ``TypeError``).
    
        For example, to support arbitrary iterators, you could
        implement default like this::
    
            def default(self, o):
                try:
                    iterable = iter(o)
                except TypeError:
                    pass
                else:
                    return list(iterable)
                # Let the base class default method raise the TypeError
                return super().default(o)
    
        """
>       raise TypeError(f'Object of type {o.__class__.__name__} '
                        f'is not JSON serializable')
E       TypeError: Object of type mappingproxy is not JSON serializable

/usr/lib/python3.12/json/encoder.py:180: TypeError
__ test_remote_parsed_candidate_cannot_change_bound_ids_or_skills[completed] ___

tmp_path = PosixPath('/tmp/pytest-of-ningyd/pytest-752/test_remote_parsed_candidate_c1')
monkeypatch = <_pytest.monkeypatch.MonkeyPatch object at 0x779f939f34a0>
change = 'completed'

    @pytest.mark.parametrize('change', ['wrong_hash', 'completed', 'duplicate', 'missing', 'skill'])
    def test_remote_parsed_candidate_cannot_change_bound_ids_or_skills(tmp_path, monkeypatch, change):
        def mutate(decision):
            if change=='wrong_hash': decision['binding_hash']='f'*64
            elif change=='completed': decision['replacements'][0]['step_id']='approach'
            elif change=='duplicate': decision['replacements'].append(decision['replacements'][0])
            elif change=='missing': decision['replacements']=[]
            else: decision['replacements'][0]['skill']='HOME'
>       adapter, wire, _, _, _, request, *_ = setup(tmp_path, monkeypatch, change=mutate)
                                              ^^^^^^^^^^^^^^^^^^^^^^^^^^^^^^^^^^^^^^^^^^^

tests/test_role_visual_repair.py:156: 
_ _ _ _ _ _ _ _ _ _ _ _ _ _ _ _ _ _ _ _ _ _ _ _ _ _ _ _ _ _ _ _ _ _ _ _ _ _ _ _ 
tests/test_role_visual_repair.py:88: in setup
    binding = replace(binding, bundle=bundle)
              ^^^^^^^^^^^^^^^^^^^^^^^^^^^^^^^
/usr/lib/python3.12/dataclasses.py:1581: in replace
    return obj.__class__(**changes)
           ^^^^^^^^^^^^^^^^^^^^^^^^
<string>:8: in __init__
    ???
src/cloud_edge_robot_arm/vision/runtime_binding.py:75: in __post_init__
    policy = json.loads(json.dumps(dict(self.edge_policy), allow_nan=False))
                        ^^^^^^^^^^^^^^^^^^^^^^^^^^^^^^^^^^^^^^^^^^^^^^^^^^^
/usr/lib/python3.12/json/__init__.py:238: in dumps
    **kw).encode(obj)
          ^^^^^^^^^^^
/usr/lib/python3.12/json/encoder.py:200: in encode
    chunks = self.iterencode(o, _one_shot=True)
             ^^^^^^^^^^^^^^^^^^^^^^^^^^^^^^^^^^
/usr/lib/python3.12/json/encoder.py:258: in iterencode
    return _iterencode(o, 0)
           ^^^^^^^^^^^^^^^^^
_ _ _ _ _ _ _ _ _ _ _ _ _ _ _ _ _ _ _ _ _ _ _ _ _ _ _ _ _ _ _ _ _ _ _ _ _ _ _ _ 

self = <json.encoder.JSONEncoder object at 0x779f939f3920>
o = mappingproxy({'max_reobservations': 2, 'max_retries': 0, 'max_no_progress': 3, 'deadline_s': 120.0})

    def default(self, o):
        """Implement this method in a subclass such that it returns
        a serializable object for ``o``, or calls the base implementation
        (to raise a ``TypeError``).
    
        For example, to support arbitrary iterators, you could
        implement default like this::
    
            def default(self, o):
                try:
                    iterable = iter(o)
                except TypeError:
                    pass
                else:
                    return list(iterable)
                # Let the base class default method raise the TypeError
                return super().default(o)
    
        """
>       raise TypeError(f'Object of type {o.__class__.__name__} '
                        f'is not JSON serializable')
E       TypeError: Object of type mappingproxy is not JSON serializable

/usr/lib/python3.12/json/encoder.py:180: TypeError
__ test_remote_parsed_candidate_cannot_change_bound_ids_or_skills[duplicate] ___

tmp_path = PosixPath('/tmp/pytest-of-ningyd/pytest-752/test_remote_parsed_candidate_c2')
monkeypatch = <_pytest.monkeypatch.MonkeyPatch object at 0x779f939b62a0>
change = 'duplicate'

    @pytest.mark.parametrize('change', ['wrong_hash', 'completed', 'duplicate', 'missing', 'skill'])
    def test_remote_parsed_candidate_cannot_change_bound_ids_or_skills(tmp_path, monkeypatch, change):
        def mutate(decision):
            if change=='wrong_hash': decision['binding_hash']='f'*64
            elif change=='completed': decision['replacements'][0]['step_id']='approach'
            elif change=='duplicate': decision['replacements'].append(decision['replacements'][0])
            elif change=='missing': decision['replacements']=[]
            else: decision['replacements'][0]['skill']='HOME'
>       adapter, wire, _, _, _, request, *_ = setup(tmp_path, monkeypatch, change=mutate)
                                              ^^^^^^^^^^^^^^^^^^^^^^^^^^^^^^^^^^^^^^^^^^^

tests/test_role_visual_repair.py:156: 
_ _ _ _ _ _ _ _ _ _ _ _ _ _ _ _ _ _ _ _ _ _ _ _ _ _ _ _ _ _ _ _ _ _ _ _ _ _ _ _ 
tests/test_role_visual_repair.py:88: in setup
    binding = replace(binding, bundle=bundle)
              ^^^^^^^^^^^^^^^^^^^^^^^^^^^^^^^
/usr/lib/python3.12/dataclasses.py:1581: in replace
    return obj.__class__(**changes)
           ^^^^^^^^^^^^^^^^^^^^^^^^
<string>:8: in __init__
    ???
src/cloud_edge_robot_arm/vision/runtime_binding.py:75: in __post_init__
    policy = json.loads(json.dumps(dict(self.edge_policy), allow_nan=False))
                        ^^^^^^^^^^^^^^^^^^^^^^^^^^^^^^^^^^^^^^^^^^^^^^^^^^^
/usr/lib/python3.12/json/__init__.py:238: in dumps
    **kw).encode(obj)
          ^^^^^^^^^^^
/usr/lib/python3.12/json/encoder.py:200: in encode
    chunks = self.iterencode(o, _one_shot=True)
             ^^^^^^^^^^^^^^^^^^^^^^^^^^^^^^^^^^
/usr/lib/python3.12/json/encoder.py:258: in iterencode
    return _iterencode(o, 0)
           ^^^^^^^^^^^^^^^^^
_ _ _ _ _ _ _ _ _ _ _ _ _ _ _ _ _ _ _ _ _ _ _ _ _ _ _ _ _ _ _ _ _ _ _ _ _ _ _ _ 

self = <json.encoder.JSONEncoder object at 0x779f939b4770>
o = mappingproxy({'max_reobservations': 2, 'max_retries': 0, 'max_no_progress': 3, 'deadline_s': 120.0})

    def default(self, o):
        """Implement this method in a subclass such that it returns
        a serializable object for ``o``, or calls the base implementation
        (to raise a ``TypeError``).
    
        For example, to support arbitrary iterators, you could
        implement default like this::
    
            def default(self, o):
                try:
                    iterable = iter(o)
                except TypeError:
                    pass
                else:
                    return list(iterable)
                # Let the base class default method raise the TypeError
                return super().default(o)
    
        """
>       raise TypeError(f'Object of type {o.__class__.__name__} '
                        f'is not JSON serializable')
E       TypeError: Object of type mappingproxy is not JSON serializable

/usr/lib/python3.12/json/encoder.py:180: TypeError
___ test_remote_parsed_candidate_cannot_change_bound_ids_or_skills[missing] ____

tmp_path = PosixPath('/tmp/pytest-of-ningyd/pytest-752/test_remote_parsed_candidate_c3')
monkeypatch = <_pytest.monkeypatch.MonkeyPatch object at 0x779f939f2810>
change = 'missing'

    @pytest.mark.parametrize('change', ['wrong_hash', 'completed', 'duplicate', 'missing', 'skill'])
    def test_remote_parsed_candidate_cannot_change_bound_ids_or_skills(tmp_path, monkeypatch, change):
        def mutate(decision):
            if change=='wrong_hash': decision['binding_hash']='f'*64
            elif change=='completed': decision['replacements'][0]['step_id']='approach'
            elif change=='duplicate': decision['replacements'].append(decision['replacements'][0])
            elif change=='missing': decision['replacements']=[]
            else: decision['replacements'][0]['skill']='HOME'
>       adapter, wire, _, _, _, request, *_ = setup(tmp_path, monkeypatch, change=mutate)
                                              ^^^^^^^^^^^^^^^^^^^^^^^^^^^^^^^^^^^^^^^^^^^

tests/test_role_visual_repair.py:156: 
_ _ _ _ _ _ _ _ _ _ _ _ _ _ _ _ _ _ _ _ _ _ _ _ _ _ _ _ _ _ _ _ _ _ _ _ _ _ _ _ 
tests/test_role_visual_repair.py:88: in setup
    binding = replace(binding, bundle=bundle)
              ^^^^^^^^^^^^^^^^^^^^^^^^^^^^^^^
/usr/lib/python3.12/dataclasses.py:1581: in replace
    return obj.__class__(**changes)
           ^^^^^^^^^^^^^^^^^^^^^^^^
<string>:8: in __init__
    ???
src/cloud_edge_robot_arm/vision/runtime_binding.py:75: in __post_init__
    policy = json.loads(json.dumps(dict(self.edge_policy), allow_nan=False))
                        ^^^^^^^^^^^^^^^^^^^^^^^^^^^^^^^^^^^^^^^^^^^^^^^^^^^
/usr/lib/python3.12/json/__init__.py:238: in dumps
    **kw).encode(obj)
          ^^^^^^^^^^^
/usr/lib/python3.12/json/encoder.py:200: in encode
    chunks = self.iterencode(o, _one_shot=True)
             ^^^^^^^^^^^^^^^^^^^^^^^^^^^^^^^^^^
/usr/lib/python3.12/json/encoder.py:258: in iterencode
    return _iterencode(o, 0)
           ^^^^^^^^^^^^^^^^^
_ _ _ _ _ _ _ _ _ _ _ _ _ _ _ _ _ _ _ _ _ _ _ _ _ _ _ _ _ _ _ _ _ _ _ _ _ _ _ _ 

self = <json.encoder.JSONEncoder object at 0x779f939f2a80>
o = mappingproxy({'max_reobservations': 2, 'max_retries': 0, 'max_no_progress': 3, 'deadline_s': 120.0})

    def default(self, o):
        """Implement this method in a subclass such that it returns
        a serializable object for ``o``, or calls the base implementation
        (to raise a ``TypeError``).
    
        For example, to support arbitrary iterators, you could
        implement default like this::
    
            def default(self, o):
                try:
                    iterable = iter(o)
                except TypeError:
                    pass
                else:
                    return list(iterable)
                # Let the base class default method raise the TypeError
                return super().default(o)
    
        """
>       raise TypeError(f'Object of type {o.__class__.__name__} '
                        f'is not JSON serializable')
E       TypeError: Object of type mappingproxy is not JSON serializable

/usr/lib/python3.12/json/encoder.py:180: TypeError
____ test_remote_parsed_candidate_cannot_change_bound_ids_or_skills[skill] _____

tmp_path = PosixPath('/tmp/pytest-of-ningyd/pytest-752/test_remote_parsed_candidate_c4')
monkeypatch = <_pytest.monkeypatch.MonkeyPatch object at 0x779f939f2ab0>
change = 'skill'

    @pytest.mark.parametrize('change', ['wrong_hash', 'completed', 'duplicate', 'missing', 'skill'])
    def test_remote_parsed_candidate_cannot_change_bound_ids_or_skills(tmp_path, monkeypatch, change):
        def mutate(decision):
            if change=='wrong_hash': decision['binding_hash']='f'*64
            elif change=='completed': decision['replacements'][0]['step_id']='approach'
            elif change=='duplicate': decision['replacements'].append(decision['replacements'][0])
            elif change=='missing': decision['replacements']=[]
            else: decision['replacements'][0]['skill']='HOME'
>       adapter, wire, _, _, _, request, *_ = setup(tmp_path, monkeypatch, change=mutate)
                                              ^^^^^^^^^^^^^^^^^^^^^^^^^^^^^^^^^^^^^^^^^^^

tests/test_role_visual_repair.py:156: 
_ _ _ _ _ _ _ _ _ _ _ _ _ _ _ _ _ _ _ _ _ _ _ _ _ _ _ _ _ _ _ _ _ _ _ _ _ _ _ _ 
tests/test_role_visual_repair.py:88: in setup
    binding = replace(binding, bundle=bundle)
              ^^^^^^^^^^^^^^^^^^^^^^^^^^^^^^^
/usr/lib/python3.12/dataclasses.py:1581: in replace
    return obj.__class__(**changes)
           ^^^^^^^^^^^^^^^^^^^^^^^^
<string>:8: in __init__
    ???
src/cloud_edge_robot_arm/vision/runtime_binding.py:75: in __post_init__
    policy = json.loads(json.dumps(dict(self.edge_policy), allow_nan=False))
                        ^^^^^^^^^^^^^^^^^^^^^^^^^^^^^^^^^^^^^^^^^^^^^^^^^^^
/usr/lib/python3.12/json/__init__.py:238: in dumps
    **kw).encode(obj)
          ^^^^^^^^^^^
/usr/lib/python3.12/json/encoder.py:200: in encode
    chunks = self.iterencode(o, _one_shot=True)
             ^^^^^^^^^^^^^^^^^^^^^^^^^^^^^^^^^^
/usr/lib/python3.12/json/encoder.py:258: in iterencode
    return _iterencode(o, 0)
           ^^^^^^^^^^^^^^^^^
_ _ _ _ _ _ _ _ _ _ _ _ _ _ _ _ _ _ _ _ _ _ _ _ _ _ _ _ _ _ _ _ _ _ _ _ _ _ _ _ 

self = <json.encoder.JSONEncoder object at 0x779f939f3950>
o = mappingproxy({'max_reobservations': 2, 'max_retries': 0, 'max_no_progress': 3, 'deadline_s': 120.0})

    def default(self, o):
        """Implement this method in a subclass such that it returns
        a serializable object for ``o``, or calls the base implementation
        (to raise a ``TypeError``).
    
        For example, to support arbitrary iterators, you could
        implement default like this::
    
            def default(self, o):
                try:
                    iterable = iter(o)
                except TypeError:
                    pass
                else:
                    return list(iterable)
                # Let the base class default method raise the TypeError
                return super().default(o)
    
        """
>       raise TypeError(f'Object of type {o.__class__.__name__} '
                        f'is not JSON serializable')
E       TypeError: Object of type mappingproxy is not JSON serializable

/usr/lib/python3.12/json/encoder.py:180: TypeError
=========================== short test summary info ============================
FAILED tests/test_role_visual_repair.py::test_role_repair_wire_has_two_images_replanner_cost_and_only_authorized_replacement
FAILED tests/test_role_visual_repair.py::test_missing_actual_prerequisite_is_unavailable_with_zero_calls[binding]
FAILED tests/test_role_visual_repair.py::test_missing_actual_prerequisite_is_unavailable_with_zero_calls[source]
FAILED tests/test_role_visual_repair.py::test_missing_actual_prerequisite_is_unavailable_with_zero_calls[grounding]
FAILED tests/test_role_visual_repair.py::test_missing_actual_prerequisite_is_unavailable_with_zero_calls[key]
FAILED tests/test_role_visual_repair.py::test_missing_actual_prerequisite_is_unavailable_with_zero_calls[inventory]
FAILED tests/test_role_visual_repair.py::test_remote_parsed_candidate_cannot_change_bound_ids_or_skills[wrong_hash]
FAILED tests/test_role_visual_repair.py::test_remote_parsed_candidate_cannot_change_bound_ids_or_skills[completed]
FAILED tests/test_role_visual_repair.py::test_remote_parsed_candidate_cannot_change_bound_ids_or_skills[duplicate]
FAILED tests/test_role_visual_repair.py::test_remote_parsed_candidate_cannot_change_bound_ids_or_skills[missing]
FAILED tests/test_role_visual_repair.py::test_remote_parsed_candidate_cannot_change_bound_ids_or_skills[skill]
11 failed in 0.55s
