FFFFFFFF                                                                 [100%]
=================================== FAILURES ===================================
_ test_direct_provider_revalidates_complete_request_and_frame_before_paid_call[plan_id] _

tmp_path = PosixPath('/tmp/pytest-of-ningyd/pytest-770/test_direct_provider_revalidat0')
monkeypatch = <_pytest.monkeypatch.MonkeyPatch object at 0x7265cdd96c90>
changed = 'plan_id'

    @pytest.mark.parametrize('changed', ['plan_id', 'robot_id', 'failed_step_id', 'completed', 'future', 'bytes'])
    def test_direct_provider_revalidates_complete_request_and_frame_before_paid_call(tmp_path, monkeypatch, changed):
        adapter, wire, _, _, source, request, window, observation, _ = setup(tmp_path, monkeypatch)
        updates = {'plan_id': 'other', 'robot_id': 'other', 'failed_step_id': 'approach',
                   'completed_step_ids': [], 'requested_at': NOW + timedelta(seconds=1)}
        if changed == 'completed':
            request = request.model_copy(update={'completed_step_ids': []})
        elif changed == 'future':
            request = request.model_copy(update={'requested_at': updates['requested_at']})
        elif changed == 'bytes':
            observation = observation.model_copy(update={'rgb_png_base64': 'Y2hhbmdlZA=='})
        else:
            request = request.model_copy(update={changed: updates[changed]})
        provider = api().RoleVisualRepairProvider(planner=adapter.planner, binding=adapter.binding,
            source=source, grounding_provider=adapter.grounding_provider,
            clock=lambda: NOW + timedelta(seconds=.2))
>       with pytest.raises(api().RoleVisualRepairUnavailable):
E       Failed: DID NOT RAISE <class 'cloud_edge_robot_arm.cloud.replanning.role_visual_repair.RoleVisualRepairUnavailable'>

tests/test_role_visual_repair.py:219: Failed
_ test_direct_provider_revalidates_complete_request_and_frame_before_paid_call[robot_id] _

tmp_path = PosixPath('/tmp/pytest-of-ningyd/pytest-770/test_direct_provider_revalidat1')
monkeypatch = <_pytest.monkeypatch.MonkeyPatch object at 0x7265a2565850>
changed = 'robot_id'

    @pytest.mark.parametrize('changed', ['plan_id', 'robot_id', 'failed_step_id', 'completed', 'future', 'bytes'])
    def test_direct_provider_revalidates_complete_request_and_frame_before_paid_call(tmp_path, monkeypatch, changed):
        adapter, wire, _, _, source, request, window, observation, _ = setup(tmp_path, monkeypatch)
        updates = {'plan_id': 'other', 'robot_id': 'other', 'failed_step_id': 'approach',
                   'completed_step_ids': [], 'requested_at': NOW + timedelta(seconds=1)}
        if changed == 'completed':
            request = request.model_copy(update={'completed_step_ids': []})
        elif changed == 'future':
            request = request.model_copy(update={'requested_at': updates['requested_at']})
        elif changed == 'bytes':
            observation = observation.model_copy(update={'rgb_png_base64': 'Y2hhbmdlZA=='})
        else:
            request = request.model_copy(update={changed: updates[changed]})
        provider = api().RoleVisualRepairProvider(planner=adapter.planner, binding=adapter.binding,
            source=source, grounding_provider=adapter.grounding_provider,
            clock=lambda: NOW + timedelta(seconds=.2))
>       with pytest.raises(api().RoleVisualRepairUnavailable):
E       Failed: DID NOT RAISE <class 'cloud_edge_robot_arm.cloud.replanning.role_visual_repair.RoleVisualRepairUnavailable'>

tests/test_role_visual_repair.py:219: Failed
_ test_direct_provider_revalidates_complete_request_and_frame_before_paid_call[failed_step_id] _

tmp_path = PosixPath('/tmp/pytest-of-ningyd/pytest-770/test_direct_provider_revalidat2')
monkeypatch = <_pytest.monkeypatch.MonkeyPatch object at 0x7265a2565490>
changed = 'failed_step_id'

    @pytest.mark.parametrize('changed', ['plan_id', 'robot_id', 'failed_step_id', 'completed', 'future', 'bytes'])
    def test_direct_provider_revalidates_complete_request_and_frame_before_paid_call(tmp_path, monkeypatch, changed):
        adapter, wire, _, _, source, request, window, observation, _ = setup(tmp_path, monkeypatch)
        updates = {'plan_id': 'other', 'robot_id': 'other', 'failed_step_id': 'approach',
                   'completed_step_ids': [], 'requested_at': NOW + timedelta(seconds=1)}
        if changed == 'completed':
            request = request.model_copy(update={'completed_step_ids': []})
        elif changed == 'future':
            request = request.model_copy(update={'requested_at': updates['requested_at']})
        elif changed == 'bytes':
            observation = observation.model_copy(update={'rgb_png_base64': 'Y2hhbmdlZA=='})
        else:
            request = request.model_copy(update={changed: updates[changed]})
        provider = api().RoleVisualRepairProvider(planner=adapter.planner, binding=adapter.binding,
            source=source, grounding_provider=adapter.grounding_provider,
            clock=lambda: NOW + timedelta(seconds=.2))
>       with pytest.raises(api().RoleVisualRepairUnavailable):
E       Failed: DID NOT RAISE <class 'cloud_edge_robot_arm.cloud.replanning.role_visual_repair.RoleVisualRepairUnavailable'>

tests/test_role_visual_repair.py:219: Failed
_ test_direct_provider_revalidates_complete_request_and_frame_before_paid_call[completed] _

tmp_path = PosixPath('/tmp/pytest-of-ningyd/pytest-770/test_direct_provider_revalidat3')
monkeypatch = <_pytest.monkeypatch.MonkeyPatch object at 0x7265a25668a0>
changed = 'completed'

    @pytest.mark.parametrize('changed', ['plan_id', 'robot_id', 'failed_step_id', 'completed', 'future', 'bytes'])
    def test_direct_provider_revalidates_complete_request_and_frame_before_paid_call(tmp_path, monkeypatch, changed):
        adapter, wire, _, _, source, request, window, observation, _ = setup(tmp_path, monkeypatch)
        updates = {'plan_id': 'other', 'robot_id': 'other', 'failed_step_id': 'approach',
                   'completed_step_ids': [], 'requested_at': NOW + timedelta(seconds=1)}
        if changed == 'completed':
            request = request.model_copy(update={'completed_step_ids': []})
        elif changed == 'future':
            request = request.model_copy(update={'requested_at': updates['requested_at']})
        elif changed == 'bytes':
            observation = observation.model_copy(update={'rgb_png_base64': 'Y2hhbmdlZA=='})
        else:
            request = request.model_copy(update={changed: updates[changed]})
        provider = api().RoleVisualRepairProvider(planner=adapter.planner, binding=adapter.binding,
            source=source, grounding_provider=adapter.grounding_provider,
            clock=lambda: NOW + timedelta(seconds=.2))
>       with pytest.raises(api().RoleVisualRepairUnavailable):
E       Failed: DID NOT RAISE <class 'cloud_edge_robot_arm.cloud.replanning.role_visual_repair.RoleVisualRepairUnavailable'>

tests/test_role_visual_repair.py:219: Failed
_ test_direct_provider_revalidates_complete_request_and_frame_before_paid_call[future] _

tmp_path = PosixPath('/tmp/pytest-of-ningyd/pytest-770/test_direct_provider_revalidat4')
monkeypatch = <_pytest.monkeypatch.MonkeyPatch object at 0x7265a2564860>
changed = 'future'

    @pytest.mark.parametrize('changed', ['plan_id', 'robot_id', 'failed_step_id', 'completed', 'future', 'bytes'])
    def test_direct_provider_revalidates_complete_request_and_frame_before_paid_call(tmp_path, monkeypatch, changed):
        adapter, wire, _, _, source, request, window, observation, _ = setup(tmp_path, monkeypatch)
        updates = {'plan_id': 'other', 'robot_id': 'other', 'failed_step_id': 'approach',
                   'completed_step_ids': [], 'requested_at': NOW + timedelta(seconds=1)}
        if changed == 'completed':
            request = request.model_copy(update={'completed_step_ids': []})
        elif changed == 'future':
            request = request.model_copy(update={'requested_at': updates['requested_at']})
        elif changed == 'bytes':
            observation = observation.model_copy(update={'rgb_png_base64': 'Y2hhbmdlZA=='})
        else:
            request = request.model_copy(update={changed: updates[changed]})
        provider = api().RoleVisualRepairProvider(planner=adapter.planner, binding=adapter.binding,
            source=source, grounding_provider=adapter.grounding_provider,
            clock=lambda: NOW + timedelta(seconds=.2))
>       with pytest.raises(api().RoleVisualRepairUnavailable):
E       Failed: DID NOT RAISE <class 'cloud_edge_robot_arm.cloud.replanning.role_visual_repair.RoleVisualRepairUnavailable'>

tests/test_role_visual_repair.py:219: Failed
_ test_direct_provider_revalidates_complete_request_and_frame_before_paid_call[bytes] _

tmp_path = PosixPath('/tmp/pytest-of-ningyd/pytest-770/test_direct_provider_revalidat5')
monkeypatch = <_pytest.monkeypatch.MonkeyPatch object at 0x7265a2441400>
changed = 'bytes'

    @pytest.mark.parametrize('changed', ['plan_id', 'robot_id', 'failed_step_id', 'completed', 'future', 'bytes'])
    def test_direct_provider_revalidates_complete_request_and_frame_before_paid_call(tmp_path, monkeypatch, changed):
        adapter, wire, _, _, source, request, window, observation, _ = setup(tmp_path, monkeypatch)
        updates = {'plan_id': 'other', 'robot_id': 'other', 'failed_step_id': 'approach',
                   'completed_step_ids': [], 'requested_at': NOW + timedelta(seconds=1)}
        if changed == 'completed':
            request = request.model_copy(update={'completed_step_ids': []})
        elif changed == 'future':
            request = request.model_copy(update={'requested_at': updates['requested_at']})
        elif changed == 'bytes':
            observation = observation.model_copy(update={'rgb_png_base64': 'Y2hhbmdlZA=='})
        else:
            request = request.model_copy(update={changed: updates[changed]})
        provider = api().RoleVisualRepairProvider(planner=adapter.planner, binding=adapter.binding,
            source=source, grounding_provider=adapter.grounding_provider,
            clock=lambda: NOW + timedelta(seconds=.2))
        with pytest.raises(api().RoleVisualRepairUnavailable):
>           provider(request, window, observation, source.context)

tests/test_role_visual_repair.py:220: 
_ _ _ _ _ _ _ _ _ _ _ _ _ _ _ _ _ _ _ _ _ _ _ _ _ _ _ _ _ _ _ _ _ _ _ _ _ _ _ _ 
src/cloud_edge_robot_arm/cloud/replanning/role_visual_repair.py:248: in __call__
    messages = build_visual_messages(instruction, observation,
src/cloud_edge_robot_arm/vision/messages.py:115: in build_visual_messages
    rgb = _resized_png_base64(observation.rgb_png_base64, displayed_size)
          ^^^^^^^^^^^^^^^^^^^^^^^^^^^^^^^^^^^^^^^^^^^^^^^^^^^^^^^^^^^^^^^
src/cloud_edge_robot_arm/vision/messages.py:91: in _resized_png_base64
    with Image.open(io.BytesIO(base64.b64decode(value, validate=True))) as image:
         ^^^^^^^^^^^^^^^^^^^^^^^^^^^^^^^^^^^^^^^^^^^^^^^^^^^^^^^^^^^^^^
_ _ _ _ _ _ _ _ _ _ _ _ _ _ _ _ _ _ _ _ _ _ _ _ _ _ _ _ _ _ _ _ _ _ _ _ _ _ _ _ 

fp = <_io.BytesIO object at 0x7265a2448860>, mode = 'r'
formats = ['BMP', 'DIB', 'GIF', 'JPEG', 'PPM', 'PNG', ...]

    def open(
        fp: StrOrBytesPath | IO[bytes],
        mode: Literal["r"] = "r",
        formats: list[str] | tuple[str, ...] | None = None,
    ) -> ImageFile.ImageFile:
        """
        Opens and identifies the given image file.
    
        This is a lazy operation; this function identifies the file, but
        the file remains open and the actual image data is not read from
        the file until you try to process the data (or call the
        :py:meth:`~PIL.Image.Image.load` method).  See
        :py:func:`~PIL.Image.new`. See :ref:`file-handling`.
    
        :param fp: A filename (string), os.PathLike object or a file object.
           The file object must implement ``file.read``,
           ``file.seek``, and ``file.tell`` methods,
           and be opened in binary mode. The file object will also seek to zero
           before reading.
        :param mode: The mode.  If given, this argument must be "r".
        :param formats: A list or tuple of formats to attempt to load the file in.
           This can be used to restrict the set of formats checked.
           Pass ``None`` to try all supported formats. You can print the set of
           available formats by running ``python3 -m PIL`` or using
           the :py:func:`PIL.features.pilinfo` function.
        :returns: An :py:class:`~PIL.Image.Image` object.
        :exception FileNotFoundError: If the file cannot be found.
        :exception PIL.UnidentifiedImageError: If the image cannot be opened and
           identified.
        :exception ValueError: If the ``mode`` is not "r", or if a ``StringIO``
           instance is used for ``fp``.
        :exception TypeError: If ``formats`` is not ``None``, a list or a tuple.
        """
    
        if mode != "r":
            msg = f"bad mode {repr(mode)}"  # type: ignore[unreachable]
            raise ValueError(msg)
        elif isinstance(fp, io.StringIO):
            msg = (  # type: ignore[unreachable]
                "StringIO cannot be used to open an image. "
                "Binary data must be used instead."
            )
            raise ValueError(msg)
    
        if formats is None:
            formats = ID
        elif not isinstance(formats, (list, tuple)):
            msg = "formats must be a list or tuple"  # type: ignore[unreachable]
            raise TypeError(msg)
    
        exclusive_fp = False
        filename: str | bytes = ""
        if is_path(fp):
            filename = os.fspath(fp)
            fp = builtins.open(filename, "rb")
            exclusive_fp = True
        else:
            fp = cast(IO[bytes], fp)
    
        try:
            fp.seek(0)
        except (AttributeError, io.UnsupportedOperation):
            fp = io.BytesIO(fp.read())
            exclusive_fp = True
    
        prefix = fp.read(16)
    
        # Try to import just the plugin needed for this file extension
        # before falling back to preinit() which imports common plugins
        ext = os.path.splitext(filename)[1] if filename else ""
        if not _import_plugin_for_extension(ext):
            preinit()
    
        warning_messages: list[str] = []
    
        def _open_core(
            fp: IO[bytes],
            filename: str | bytes,
            prefix: bytes,
            formats: list[str] | tuple[str, ...],
        ) -> ImageFile.ImageFile | None:
            for i in formats:
                i = i.upper()
                if i not in OPEN:
                    init()
                try:
                    factory, accept = OPEN[i]
                    result = not accept or accept(prefix)
                    if isinstance(result, str):
                        warning_messages.append(result)
                    elif result:
                        fp.seek(0)
                        im = factory(fp, filename)
                        _decompression_bomb_check(im.size)
                        return im
                except (SyntaxError, IndexError, TypeError, struct.error) as e:
                    if WARN_POSSIBLE_FORMATS:
                        warning_messages.append(i + " opening failed. " + str(e))
                except BaseException:
                    if exclusive_fp:
                        fp.close()
                    raise
            return None
    
        im = _open_core(fp, filename, prefix, formats)
    
        if im is None and formats is ID:
            # Try preinit (few common plugins) then init (all plugins)
            for loader in (preinit, init):
                checked_formats = ID.copy()
                loader()
                if formats != checked_formats:
                    im = _open_core(
                        fp,
                        filename,
                        prefix,
                        tuple(f for f in formats if f not in checked_formats),
                    )
                    if im is not None:
                        break
    
        if im:
            im._exclusive_fp = exclusive_fp
            return im
    
        if exclusive_fp:
            fp.close()
        for message in warning_messages:
            warnings.warn(message)
        msg = "cannot identify image file %r" % (filename if filename else fp)
>       raise UnidentifiedImageError(msg)
E       PIL.UnidentifiedImageError: cannot identify image file <_io.BytesIO object at 0x7265a2448860>

.venv/lib/python3.12/site-packages/PIL/Image.py:3715: UnidentifiedImageError
_____ test_grounder_nested_execution_output_cannot_become_repair_candidate _____

tmp_path = PosixPath('/tmp/pytest-of-ningyd/pytest-770/test_grounder_nested_execution0')
monkeypatch = <_pytest.monkeypatch.MonkeyPatch object at 0x7265a24436e0>

    def test_grounder_nested_execution_output_cannot_become_repair_candidate(tmp_path, monkeypatch):
        from cloud_edge_robot_arm.contracts.models import replan_payload_hash
        adapter, wire, _, _, source, request, *_ = setup(tmp_path, monkeypatch)
        def grounding(decision, original, observation, context, binding_hash):
            del decision, observation, context
            step = original.model_copy(update={'parameters': {'nested': {'joint_angles': [1,2,3]}}})
            return api().GroundedRepairStep(step, source.action_evidence[original.step_id],
                binding_hash, replan_payload_hash(step))
        adapter.grounding_provider = grounding
        result = adapter.replan(request)
        assert len(wire.requests) == 1
>       assert result.outcome != 'REPLANNED' and result.new_steps == []
E       AssertionError: assert ('REPLANNED' != 'REPLANNED')
E        +  where 'REPLANNED' = LocalReplanningResponse(request_id='request', outcome='REPLANNED', reason='source_bound_candidate_requires_submit_reva..._at=datetime.datetime(2026, 10, 4, 0, 0, 0, 200000, tzinfo=datetime.timezone.utc), correlation_id='', response_hash='').outcome

tests/test_role_visual_repair.py:235: AssertionError
____________ test_source_provider_receives_detached_service_context ____________

tmp_path = PosixPath('/tmp/pytest-of-ningyd/pytest-770/test_source_provider_receives_0')
monkeypatch = <_pytest.monkeypatch.MonkeyPatch object at 0x7265a25660c0>

    def test_source_provider_receives_detached_service_context(tmp_path, monkeypatch):
        from cloud_edge_robot_arm.cloud.replanning.context import ReplanningContext
        adapter, wire, _, _, source, request, *_ = setup(tmp_path, monkeypatch)
        visual = source.context
        service_context = ReplanningContext(visual.active_contract.model_copy(deep=True),
            visual.active_contract.steps[1].model_copy(deep=True),
            [visual.active_contract.steps[0].model_copy(deep=True)],
            visual.checkpoint.model_copy(deep=True))
        before = api().digest(service_context)
        def source_provider(received_request, received_context):
            del received_request
            received_context.active_contract.steps.clear()
            return source
        adapter.source_provider = source_provider
        result = adapter.replan(request, service_context)
>       assert api().digest(service_context) == before
E       AssertionError: assert '3975fd4e74a4...fc004bf268c26' == 'aa9fa1f2ee67...935d02e7f5a0c'
E         
E         - aa9fa1f2ee67c2f81014a3cc10d220aaa4cd7f6cd83a89080ec935d02e7f5a0c
E         + 3975fd4e74a469e14eec91336c9383ece3a3fa373c71c10b58afc004bf268c26

tests/test_role_visual_repair.py:253: AssertionError
=========================== short test summary info ============================
FAILED tests/test_role_visual_repair.py::test_direct_provider_revalidates_complete_request_and_frame_before_paid_call[plan_id]
FAILED tests/test_role_visual_repair.py::test_direct_provider_revalidates_complete_request_and_frame_before_paid_call[robot_id]
FAILED tests/test_role_visual_repair.py::test_direct_provider_revalidates_complete_request_and_frame_before_paid_call[failed_step_id]
FAILED tests/test_role_visual_repair.py::test_direct_provider_revalidates_complete_request_and_frame_before_paid_call[completed]
FAILED tests/test_role_visual_repair.py::test_direct_provider_revalidates_complete_request_and_frame_before_paid_call[future]
FAILED tests/test_role_visual_repair.py::test_direct_provider_revalidates_complete_request_and_frame_before_paid_call[bytes]
FAILED tests/test_role_visual_repair.py::test_grounder_nested_execution_output_cannot_become_repair_candidate
FAILED tests/test_role_visual_repair.py::test_source_provider_receives_detached_service_context
8 failed, 14 deselected in 0.70s
