FFFFFFFF                                                                 [100%]
=================================== FAILURES ===================================
_ test_direct_provider_revalidates_complete_request_and_frame_before_paid_call[plan_id] _

tmp_path = PosixPath('/tmp/pytest-of-ningyd/pytest-769/test_direct_provider_revalidat0')
monkeypatch = <_pytest.monkeypatch.MonkeyPatch object at 0x7ae12ad7a900>
changed = 'plan_id'

    @pytest.mark.parametrize('changed', ['plan_id', 'robot_id', 'failed_step_id', 'completed', 'future', 'bytes'])
    def test_direct_provider_revalidates_complete_request_and_frame_before_paid_call(tmp_path, monkeypatch, changed):
        adapter, wire, _, _, source, request, window, observation, _ = setup(tmp_path, monkeypatch)
        updates = {'plan_id': 'other', 'robot_id': 'other', 'failed_step_id': 'approach',
                   'completed_step_ids': [], 'requested_at': NOW + timedelta(seconds=1)}
        if changed == 'completed':
            request = request.model_copy(update={'completed_step_ids': []})
        elif changed == 'future':
            request = request.model_copy(update={'requested_at': updates['requested_at']})
        elif changed == 'bytes':
            observation = observation.model_copy(update={'rgb_bytes': b'changed'})
        else:
            request = request.model_copy(update={changed: updates[changed]})
        provider = api().RoleVisualRepairProvider(planner=adapter.planner, binding=adapter.binding,
            source=source, grounding_provider=adapter.grounding_provider,
            clock=lambda: NOW + timedelta(seconds=.2))
>       with pytest.raises(api().RoleVisualRepairUnavailable):
E       Failed: DID NOT RAISE <class 'cloud_edge_robot_arm.cloud.replanning.role_visual_repair.RoleVisualRepairUnavailable'>

tests/test_role_visual_repair.py:219: Failed
_ test_direct_provider_revalidates_complete_request_and_frame_before_paid_call[robot_id] _

tmp_path = PosixPath('/tmp/pytest-of-ningyd/pytest-769/test_direct_provider_revalidat1')
monkeypatch = <_pytest.monkeypatch.MonkeyPatch object at 0x7ae0ff5a67e0>
changed = 'robot_id'

    @pytest.mark.parametrize('changed', ['plan_id', 'robot_id', 'failed_step_id', 'completed', 'future', 'bytes'])
    def test_direct_provider_revalidates_complete_request_and_frame_before_paid_call(tmp_path, monkeypatch, changed):
        adapter, wire, _, _, source, request, window, observation, _ = setup(tmp_path, monkeypatch)
        updates = {'plan_id': 'other', 'robot_id': 'other', 'failed_step_id': 'approach',
                   'completed_step_ids': [], 'requested_at': NOW + timedelta(seconds=1)}
        if changed == 'completed':
            request = request.model_copy(update={'completed_step_ids': []})
        elif changed == 'future':
            request = request.model_copy(update={'requested_at': updates['requested_at']})
        elif changed == 'bytes':
            observation = observation.model_copy(update={'rgb_bytes': b'changed'})
        else:
            request = request.model_copy(update={changed: updates[changed]})
        provider = api().RoleVisualRepairProvider(planner=adapter.planner, binding=adapter.binding,
            source=source, grounding_provider=adapter.grounding_provider,
            clock=lambda: NOW + timedelta(seconds=.2))
>       with pytest.raises(api().RoleVisualRepairUnavailable):
E       Failed: DID NOT RAISE <class 'cloud_edge_robot_arm.cloud.replanning.role_visual_repair.RoleVisualRepairUnavailable'>

tests/test_role_visual_repair.py:219: Failed
_ test_direct_provider_revalidates_complete_request_and_frame_before_paid_call[failed_step_id] _

tmp_path = PosixPath('/tmp/pytest-of-ningyd/pytest-769/test_direct_provider_revalidat2')
monkeypatch = <_pytest.monkeypatch.MonkeyPatch object at 0x7ae0ff5a6f60>
changed = 'failed_step_id'

    @pytest.mark.parametrize('changed', ['plan_id', 'robot_id', 'failed_step_id', 'completed', 'future', 'bytes'])
    def test_direct_provider_revalidates_complete_request_and_frame_before_paid_call(tmp_path, monkeypatch, changed):
        adapter, wire, _, _, source, request, window, observation, _ = setup(tmp_path, monkeypatch)
        updates = {'plan_id': 'other', 'robot_id': 'other', 'failed_step_id': 'approach',
                   'completed_step_ids': [], 'requested_at': NOW + timedelta(seconds=1)}
        if changed == 'completed':
            request = request.model_copy(update={'completed_step_ids': []})
        elif changed == 'future':
            request = request.model_copy(update={'requested_at': updates['requested_at']})
        elif changed == 'bytes':
            observation = observation.model_copy(update={'rgb_bytes': b'changed'})
        else:
            request = request.model_copy(update={changed: updates[changed]})
        provider = api().RoleVisualRepairProvider(planner=adapter.planner, binding=adapter.binding,
            source=source, grounding_provider=adapter.grounding_provider,
            clock=lambda: NOW + timedelta(seconds=.2))
>       with pytest.raises(api().RoleVisualRepairUnavailable):
E       Failed: DID NOT RAISE <class 'cloud_edge_robot_arm.cloud.replanning.role_visual_repair.RoleVisualRepairUnavailable'>

tests/test_role_visual_repair.py:219: Failed
_ test_direct_provider_revalidates_complete_request_and_frame_before_paid_call[completed] _

tmp_path = PosixPath('/tmp/pytest-of-ningyd/pytest-769/test_direct_provider_revalidat3')
monkeypatch = <_pytest.monkeypatch.MonkeyPatch object at 0x7ae0ff5a56d0>
changed = 'completed'

    @pytest.mark.parametrize('changed', ['plan_id', 'robot_id', 'failed_step_id', 'completed', 'future', 'bytes'])
    def test_direct_provider_revalidates_complete_request_and_frame_before_paid_call(tmp_path, monkeypatch, changed):
        adapter, wire, _, _, source, request, window, observation, _ = setup(tmp_path, monkeypatch)
        updates = {'plan_id': 'other', 'robot_id': 'other', 'failed_step_id': 'approach',
                   'completed_step_ids': [], 'requested_at': NOW + timedelta(seconds=1)}
        if changed == 'completed':
            request = request.model_copy(update={'completed_step_ids': []})
        elif changed == 'future':
            request = request.model_copy(update={'requested_at': updates['requested_at']})
        elif changed == 'bytes':
            observation = observation.model_copy(update={'rgb_bytes': b'changed'})
        else:
            request = request.model_copy(update={changed: updates[changed]})
        provider = api().RoleVisualRepairProvider(planner=adapter.planner, binding=adapter.binding,
            source=source, grounding_provider=adapter.grounding_provider,
            clock=lambda: NOW + timedelta(seconds=.2))
>       with pytest.raises(api().RoleVisualRepairUnavailable):
E       Failed: DID NOT RAISE <class 'cloud_edge_robot_arm.cloud.replanning.role_visual_repair.RoleVisualRepairUnavailable'>

tests/test_role_visual_repair.py:219: Failed
_ test_direct_provider_revalidates_complete_request_and_frame_before_paid_call[future] _

tmp_path = PosixPath('/tmp/pytest-of-ningyd/pytest-769/test_direct_provider_revalidat4')
monkeypatch = <_pytest.monkeypatch.MonkeyPatch object at 0x7ae0ff58a270>
changed = 'future'

    @pytest.mark.parametrize('changed', ['plan_id', 'robot_id', 'failed_step_id', 'completed', 'future', 'bytes'])
    def test_direct_provider_revalidates_complete_request_and_frame_before_paid_call(tmp_path, monkeypatch, changed):
        adapter, wire, _, _, source, request, window, observation, _ = setup(tmp_path, monkeypatch)
        updates = {'plan_id': 'other', 'robot_id': 'other', 'failed_step_id': 'approach',
                   'completed_step_ids': [], 'requested_at': NOW + timedelta(seconds=1)}
        if changed == 'completed':
            request = request.model_copy(update={'completed_step_ids': []})
        elif changed == 'future':
            request = request.model_copy(update={'requested_at': updates['requested_at']})
        elif changed == 'bytes':
            observation = observation.model_copy(update={'rgb_bytes': b'changed'})
        else:
            request = request.model_copy(update={changed: updates[changed]})
        provider = api().RoleVisualRepairProvider(planner=adapter.planner, binding=adapter.binding,
            source=source, grounding_provider=adapter.grounding_provider,
            clock=lambda: NOW + timedelta(seconds=.2))
>       with pytest.raises(api().RoleVisualRepairUnavailable):
E       Failed: DID NOT RAISE <class 'cloud_edge_robot_arm.cloud.replanning.role_visual_repair.RoleVisualRepairUnavailable'>

tests/test_role_visual_repair.py:219: Failed
_ test_direct_provider_revalidates_complete_request_and_frame_before_paid_call[bytes] _

tmp_path = PosixPath('/tmp/pytest-of-ningyd/pytest-769/test_direct_provider_revalidat5')
monkeypatch = <_pytest.monkeypatch.MonkeyPatch object at 0x7ae0ff481970>
changed = 'bytes'

    @pytest.mark.parametrize('changed', ['plan_id', 'robot_id', 'failed_step_id', 'completed', 'future', 'bytes'])
    def test_direct_provider_revalidates_complete_request_and_frame_before_paid_call(tmp_path, monkeypatch, changed):
        adapter, wire, _, _, source, request, window, observation, _ = setup(tmp_path, monkeypatch)
        updates = {'plan_id': 'other', 'robot_id': 'other', 'failed_step_id': 'approach',
                   'completed_step_ids': [], 'requested_at': NOW + timedelta(seconds=1)}
        if changed == 'completed':
            request = request.model_copy(update={'completed_step_ids': []})
        elif changed == 'future':
            request = request.model_copy(update={'requested_at': updates['requested_at']})
        elif changed == 'bytes':
            observation = observation.model_copy(update={'rgb_bytes': b'changed'})
        else:
            request = request.model_copy(update={changed: updates[changed]})
        provider = api().RoleVisualRepairProvider(planner=adapter.planner, binding=adapter.binding,
            source=source, grounding_provider=adapter.grounding_provider,
            clock=lambda: NOW + timedelta(seconds=.2))
>       with pytest.raises(api().RoleVisualRepairUnavailable):
E       Failed: DID NOT RAISE <class 'cloud_edge_robot_arm.cloud.replanning.role_visual_repair.RoleVisualRepairUnavailable'>

tests/test_role_visual_repair.py:219: Failed
_____ test_grounder_nested_execution_output_cannot_become_repair_candidate _____

tmp_path = PosixPath('/tmp/pytest-of-ningyd/pytest-769/test_grounder_nested_execution0')
monkeypatch = <_pytest.monkeypatch.MonkeyPatch object at 0x7ae0ff482f90>

    def test_grounder_nested_execution_output_cannot_become_repair_candidate(tmp_path, monkeypatch):
        from cloud_edge_robot_arm.contracts.models import replan_payload_hash
        adapter, wire, _, _, source, request, *_ = setup(tmp_path, monkeypatch)
        def grounding(decision, original, observation, context, binding_hash):
            del decision, observation, context
            step = original.model_copy(update={'parameters': {'nested': {'joint_angles': [1,2,3]}}})
            return api().GroundedRepairStep(step, source.action_evidence[original.step_id],
                binding_hash, replan_payload_hash(step))
        adapter.grounding_provider = grounding
        result = adapter.replan(request)
        assert len(wire.requests) == 1
>       assert result.outcome != 'REPLANNED' and result.new_steps == []
E       AssertionError: assert ('REPLANNED' != 'REPLANNED')
E        +  where 'REPLANNED' = LocalReplanningResponse(request_id='request', outcome='REPLANNED', reason='source_bound_candidate_requires_submit_reva..._at=datetime.datetime(2026, 10, 4, 0, 0, 0, 200000, tzinfo=datetime.timezone.utc), correlation_id='', response_hash='').outcome

tests/test_role_visual_repair.py:235: AssertionError
____________ test_source_provider_receives_detached_service_context ____________

tmp_path = PosixPath('/tmp/pytest-of-ningyd/pytest-769/test_source_provider_receives_0')
monkeypatch = <_pytest.monkeypatch.MonkeyPatch object at 0x7ae0ff4590a0>

    def test_source_provider_receives_detached_service_context(tmp_path, monkeypatch):
        from cloud_edge_robot_arm.cloud.replanning.context import ReplanningContext
        adapter, wire, _, _, source, request, *_ = setup(tmp_path, monkeypatch)
        visual = source.context
        service_context = ReplanningContext(visual.active_contract.model_copy(deep=True),
            visual.active_contract.steps[1].model_copy(deep=True),
            [visual.active_contract.steps[0].model_copy(deep=True)],
            visual.checkpoint.model_copy(deep=True))
        before = api().digest(service_context)
        def source_provider(received_request, received_context):
            del received_request
            received_context.active_contract.steps.clear()
            return source
        adapter.source_provider = source_provider
        result = adapter.replan(request, service_context)
>       assert api().digest(service_context) == before
E       AssertionError: assert '3975fd4e74a4...fc004bf268c26' == 'aa9fa1f2ee67...935d02e7f5a0c'
E         
E         - aa9fa1f2ee67c2f81014a3cc10d220aaa4cd7f6cd83a89080ec935d02e7f5a0c
E         + 3975fd4e74a469e14eec91336c9383ece3a3fa373c71c10b58afc004bf268c26

tests/test_role_visual_repair.py:253: AssertionError
=========================== short test summary info ============================
FAILED tests/test_role_visual_repair.py::test_direct_provider_revalidates_complete_request_and_frame_before_paid_call[plan_id]
FAILED tests/test_role_visual_repair.py::test_direct_provider_revalidates_complete_request_and_frame_before_paid_call[robot_id]
FAILED tests/test_role_visual_repair.py::test_direct_provider_revalidates_complete_request_and_frame_before_paid_call[failed_step_id]
FAILED tests/test_role_visual_repair.py::test_direct_provider_revalidates_complete_request_and_frame_before_paid_call[completed]
FAILED tests/test_role_visual_repair.py::test_direct_provider_revalidates_complete_request_and_frame_before_paid_call[future]
FAILED tests/test_role_visual_repair.py::test_direct_provider_revalidates_complete_request_and_frame_before_paid_call[bytes]
FAILED tests/test_role_visual_repair.py::test_grounder_nested_execution_output_cannot_become_repair_candidate
FAILED tests/test_role_visual_repair.py::test_source_provider_receives_detached_service_context
8 failed, 14 deselected in 0.68s
