src/cloud_edge_robot_arm/cloud/replanning/role_visual_adapter.py:2:1: I001 [*] Import block is un-sorted or un-formatted
src/cloud_edge_robot_arm/cloud/replanning/role_visual_adapter.py:52:101: E501 Line too long (105 > 100)
src/cloud_edge_robot_arm/cloud/replanning/role_visual_repair.py:5:1: I001 [*] Import block is un-sorted or un-formatted
src/cloud_edge_robot_arm/cloud/replanning/role_visual_repair.py:76:101: E501 Line too long (104 > 100)
src/cloud_edge_robot_arm/cloud/replanning/role_visual_repair.py:119:101: E501 Line too long (102 > 100)
src/cloud_edge_robot_arm/cloud/replanning/role_visual_repair.py:161:101: E501 Line too long (101 > 100)
src/cloud_edge_robot_arm/cloud/replanning/role_visual_repair.py:216:101: E501 Line too long (102 > 100)
src/cloud_edge_robot_arm/cloud/replanning/role_visual_repair.py:223:101: E501 Line too long (101 > 100)
src/cloud_edge_robot_arm/cloud/replanning/role_visual_repair.py:249:101: E501 Line too long (101 > 100)
src/cloud_edge_robot_arm/cloud/replanning/role_visual_repair.py:276:101: E501 Line too long (105 > 100)
tests/test_role_visual_repair.py:3:1: I001 [*] Import block is un-sorted or un-formatted
tests/test_role_visual_repair.py:13:22: F401 [*] `cloud_edge_robot_arm.vision.role_models.RoleProviderSnapshot` imported but unused
tests/test_role_visual_repair.py:66:5: I001 [*] Import block is un-sorted or un-formatted
tests/test_role_visual_repair.py:119:101: E501 Line too long (111 > 100)
tests/test_role_visual_repair.py:120:101: E501 Line too long (112 > 100)
tests/test_role_visual_repair.py:135:28: E701 Multiple statements on one line (colon)
tests/test_role_visual_repair.py:136:29: E701 Multiple statements on one line (colon)
tests/test_role_visual_repair.py:137:32: E701 Multiple statements on one line (colon)
tests/test_role_visual_repair.py:138:26: E701 Multiple statements on one line (colon)
tests/test_role_visual_repair.py:153:32: E701 Multiple statements on one line (colon)
tests/test_role_visual_repair.py:154:33: E701 Multiple statements on one line (colon)
tests/test_role_visual_repair.py:155:33: E701 Multiple statements on one line (colon)
tests/test_role_visual_repair.py:156:31: E701 Multiple statements on one line (colon)
tests/test_role_visual_repair.py:157:13: E701 Multiple statements on one line (colon)
Found 24 errors.
[*] 5 fixable with the `--fix` option.
