FFFFFFFFFFFFFFFFFFFF..                                                   [100%]
=================================== FAILURES ===================================
_ test_serialized_nested_source_cannot_coerce_or_hide_fields[memory-constructor-checkpoint-plan_version-True] _

prepared = (<cloud_edge_robot_arm.repositories.event_autonomy.memory.InMemoryEventAutonomyRepository object at 0x705a041e3c20>, V...fo=datetime.timezone.utc), updated_at=datetime.datetime(2026, 10, 4, 16, 55, 14, 27051, tzinfo=datetime.timezone.utc)))
branch = 'checkpoint', key = 'plan_version', value = True
boundary_kind = 'constructor'

    @pytest.mark.parametrize(
        "branch,key,value",
        [
            ("checkpoint", "plan_version", True),
            ("checkpoint", "command_seq", 1.0),
            ("checkpoint", "unregistered_policy", "ignored"),
            ("retry_budget", "retry_count_used", False),
            ("retry_budget", "unregistered_policy", "ignored"),
        ],
    )
    @pytest.mark.parametrize("boundary_kind", ["constructor", "stored_getter"])
    def test_serialized_nested_source_cannot_coerce_or_hide_fields(
        prepared, branch, key, value, boundary_kind
    ):
        repo, original, _, _, _ = prepared
        record = initialize(prepared)
        assert repo.get_visual_owner_publication(original.identity.task_id).digest() == record.digest()
        module = importlib.import_module(
            "cloud_edge_robot_arm.repositories.event_autonomy.visual_owner"
        )
        payload = record.to_payload()
        payload[branch][key] = value
        payload.pop("publication_hash")
        payload["publication_hash"] = module.digest(payload)
        if boundary_kind == "constructor":
>           with pytest.raises((ValueError, TypeError)):
E           Failed: DID NOT RAISE any of (<class 'ValueError'>, <class 'TypeError'>)

tests/test_visual_owner_repository.py:724: Failed
_ test_serialized_nested_source_cannot_coerce_or_hide_fields[memory-constructor-checkpoint-command_seq-1.0] _

prepared = (<cloud_edge_robot_arm.repositories.event_autonomy.memory.InMemoryEventAutonomyRepository object at 0x705a038bb290>, V...fo=datetime.timezone.utc), updated_at=datetime.datetime(2026, 10, 4, 16, 55, 14, 91886, tzinfo=datetime.timezone.utc)))
branch = 'checkpoint', key = 'command_seq', value = 1.0
boundary_kind = 'constructor'

    @pytest.mark.parametrize(
        "branch,key,value",
        [
            ("checkpoint", "plan_version", True),
            ("checkpoint", "command_seq", 1.0),
            ("checkpoint", "unregistered_policy", "ignored"),
            ("retry_budget", "retry_count_used", False),
            ("retry_budget", "unregistered_policy", "ignored"),
        ],
    )
    @pytest.mark.parametrize("boundary_kind", ["constructor", "stored_getter"])
    def test_serialized_nested_source_cannot_coerce_or_hide_fields(
        prepared, branch, key, value, boundary_kind
    ):
        repo, original, _, _, _ = prepared
        record = initialize(prepared)
        assert repo.get_visual_owner_publication(original.identity.task_id).digest() == record.digest()
        module = importlib.import_module(
            "cloud_edge_robot_arm.repositories.event_autonomy.visual_owner"
        )
        payload = record.to_payload()
        payload[branch][key] = value
        payload.pop("publication_hash")
        payload["publication_hash"] = module.digest(payload)
        if boundary_kind == "constructor":
>           with pytest.raises((ValueError, TypeError)):
E           Failed: DID NOT RAISE any of (<class 'ValueError'>, <class 'TypeError'>)

tests/test_visual_owner_repository.py:724: Failed
_ test_serialized_nested_source_cannot_coerce_or_hide_fields[memory-constructor-checkpoint-unregistered_policy-ignored] _

prepared = (<cloud_edge_robot_arm.repositories.event_autonomy.memory.InMemoryEventAutonomyRepository object at 0x705a039abb00>, V...o=datetime.timezone.utc), updated_at=datetime.datetime(2026, 10, 4, 16, 55, 14, 112318, tzinfo=datetime.timezone.utc)))
branch = 'checkpoint', key = 'unregistered_policy', value = 'ignored'
boundary_kind = 'constructor'

    @pytest.mark.parametrize(
        "branch,key,value",
        [
            ("checkpoint", "plan_version", True),
            ("checkpoint", "command_seq", 1.0),
            ("checkpoint", "unregistered_policy", "ignored"),
            ("retry_budget", "retry_count_used", False),
            ("retry_budget", "unregistered_policy", "ignored"),
        ],
    )
    @pytest.mark.parametrize("boundary_kind", ["constructor", "stored_getter"])
    def test_serialized_nested_source_cannot_coerce_or_hide_fields(
        prepared, branch, key, value, boundary_kind
    ):
        repo, original, _, _, _ = prepared
        record = initialize(prepared)
        assert repo.get_visual_owner_publication(original.identity.task_id).digest() == record.digest()
        module = importlib.import_module(
            "cloud_edge_robot_arm.repositories.event_autonomy.visual_owner"
        )
        payload = record.to_payload()
        payload[branch][key] = value
        payload.pop("publication_hash")
        payload["publication_hash"] = module.digest(payload)
        if boundary_kind == "constructor":
>           with pytest.raises((ValueError, TypeError)):
E           Failed: DID NOT RAISE any of (<class 'ValueError'>, <class 'TypeError'>)

tests/test_visual_owner_repository.py:724: Failed
_ test_serialized_nested_source_cannot_coerce_or_hide_fields[memory-constructor-retry_budget-retry_count_used-False] _

prepared = (<cloud_edge_robot_arm.repositories.event_autonomy.memory.InMemoryEventAutonomyRepository object at 0x705a0115a1e0>, V...o=datetime.timezone.utc), updated_at=datetime.datetime(2026, 10, 4, 16, 55, 14, 132648, tzinfo=datetime.timezone.utc)))
branch = 'retry_budget', key = 'retry_count_used', value = False
boundary_kind = 'constructor'

    @pytest.mark.parametrize(
        "branch,key,value",
        [
            ("checkpoint", "plan_version", True),
            ("checkpoint", "command_seq", 1.0),
            ("checkpoint", "unregistered_policy", "ignored"),
            ("retry_budget", "retry_count_used", False),
            ("retry_budget", "unregistered_policy", "ignored"),
        ],
    )
    @pytest.mark.parametrize("boundary_kind", ["constructor", "stored_getter"])
    def test_serialized_nested_source_cannot_coerce_or_hide_fields(
        prepared, branch, key, value, boundary_kind
    ):
        repo, original, _, _, _ = prepared
        record = initialize(prepared)
        assert repo.get_visual_owner_publication(original.identity.task_id).digest() == record.digest()
        module = importlib.import_module(
            "cloud_edge_robot_arm.repositories.event_autonomy.visual_owner"
        )
        payload = record.to_payload()
        payload[branch][key] = value
        payload.pop("publication_hash")
        payload["publication_hash"] = module.digest(payload)
        if boundary_kind == "constructor":
>           with pytest.raises((ValueError, TypeError)):
E           Failed: DID NOT RAISE any of (<class 'ValueError'>, <class 'TypeError'>)

tests/test_visual_owner_repository.py:724: Failed
_ test_serialized_nested_source_cannot_coerce_or_hide_fields[memory-constructor-retry_budget-unregistered_policy-ignored] _

prepared = (<cloud_edge_robot_arm.repositories.event_autonomy.memory.InMemoryEventAutonomyRepository object at 0x705a01183830>, V...o=datetime.timezone.utc), updated_at=datetime.datetime(2026, 10, 4, 16, 55, 14, 152924, tzinfo=datetime.timezone.utc)))
branch = 'retry_budget', key = 'unregistered_policy', value = 'ignored'
boundary_kind = 'constructor'

    @pytest.mark.parametrize(
        "branch,key,value",
        [
            ("checkpoint", "plan_version", True),
            ("checkpoint", "command_seq", 1.0),
            ("checkpoint", "unregistered_policy", "ignored"),
            ("retry_budget", "retry_count_used", False),
            ("retry_budget", "unregistered_policy", "ignored"),
        ],
    )
    @pytest.mark.parametrize("boundary_kind", ["constructor", "stored_getter"])
    def test_serialized_nested_source_cannot_coerce_or_hide_fields(
        prepared, branch, key, value, boundary_kind
    ):
        repo, original, _, _, _ = prepared
        record = initialize(prepared)
        assert repo.get_visual_owner_publication(original.identity.task_id).digest() == record.digest()
        module = importlib.import_module(
            "cloud_edge_robot_arm.repositories.event_autonomy.visual_owner"
        )
        payload = record.to_payload()
        payload[branch][key] = value
        payload.pop("publication_hash")
        payload["publication_hash"] = module.digest(payload)
        if boundary_kind == "constructor":
>           with pytest.raises((ValueError, TypeError)):
E           Failed: DID NOT RAISE any of (<class 'ValueError'>, <class 'TypeError'>)

tests/test_visual_owner_repository.py:724: Failed
_ test_serialized_nested_source_cannot_coerce_or_hide_fields[memory-stored_getter-checkpoint-plan_version-True] _

prepared = (<cloud_edge_robot_arm.repositories.event_autonomy.memory.InMemoryEventAutonomyRepository object at 0x705a01181910>, V...o=datetime.timezone.utc), updated_at=datetime.datetime(2026, 10, 4, 16, 55, 14, 173173, tzinfo=datetime.timezone.utc)))
branch = 'checkpoint', key = 'plan_version', value = True
boundary_kind = 'stored_getter'

    @pytest.mark.parametrize(
        "branch,key,value",
        [
            ("checkpoint", "plan_version", True),
            ("checkpoint", "command_seq", 1.0),
            ("checkpoint", "unregistered_policy", "ignored"),
            ("retry_budget", "retry_count_used", False),
            ("retry_budget", "unregistered_policy", "ignored"),
        ],
    )
    @pytest.mark.parametrize("boundary_kind", ["constructor", "stored_getter"])
    def test_serialized_nested_source_cannot_coerce_or_hide_fields(
        prepared, branch, key, value, boundary_kind
    ):
        repo, original, _, _, _ = prepared
        record = initialize(prepared)
        assert repo.get_visual_owner_publication(original.identity.task_id).digest() == record.digest()
        module = importlib.import_module(
            "cloud_edge_robot_arm.repositories.event_autonomy.visual_owner"
        )
        payload = record.to_payload()
        payload[branch][key] = value
        payload.pop("publication_hash")
        payload["publication_hash"] = module.digest(payload)
        if boundary_kind == "constructor":
            with pytest.raises((ValueError, TypeError)):
                module.VisualOwnerPublicationRecord.from_payload(payload)
        else:
            if isinstance(repo, InMemoryEventAutonomyRepository):
                repo._visual_publications[(original.identity.task_id, 1)] = module.canonical(payload)
            else:
                repo._conn.execute(
                    "UPDATE visual_owner_publications SET payload_json=?,publication_hash=? "
                    "WHERE task_id=? AND owner_revision=1",
                    (module.canonical(payload), payload["publication_hash"], original.identity.task_id),
                )
                repo._conn.commit()
>           with pytest.raises((ValueError, TypeError)):
E           Failed: DID NOT RAISE any of (<class 'ValueError'>, <class 'TypeError'>)

tests/test_visual_owner_repository.py:736: Failed
_ test_serialized_nested_source_cannot_coerce_or_hide_fields[memory-stored_getter-checkpoint-command_seq-1.0] _

prepared = (<cloud_edge_robot_arm.repositories.event_autonomy.memory.InMemoryEventAutonomyRepository object at 0x705a011b0260>, V...o=datetime.timezone.utc), updated_at=datetime.datetime(2026, 10, 4, 16, 55, 14, 198083, tzinfo=datetime.timezone.utc)))
branch = 'checkpoint', key = 'command_seq', value = 1.0
boundary_kind = 'stored_getter'

    @pytest.mark.parametrize(
        "branch,key,value",
        [
            ("checkpoint", "plan_version", True),
            ("checkpoint", "command_seq", 1.0),
            ("checkpoint", "unregistered_policy", "ignored"),
            ("retry_budget", "retry_count_used", False),
            ("retry_budget", "unregistered_policy", "ignored"),
        ],
    )
    @pytest.mark.parametrize("boundary_kind", ["constructor", "stored_getter"])
    def test_serialized_nested_source_cannot_coerce_or_hide_fields(
        prepared, branch, key, value, boundary_kind
    ):
        repo, original, _, _, _ = prepared
        record = initialize(prepared)
        assert repo.get_visual_owner_publication(original.identity.task_id).digest() == record.digest()
        module = importlib.import_module(
            "cloud_edge_robot_arm.repositories.event_autonomy.visual_owner"
        )
        payload = record.to_payload()
        payload[branch][key] = value
        payload.pop("publication_hash")
        payload["publication_hash"] = module.digest(payload)
        if boundary_kind == "constructor":
            with pytest.raises((ValueError, TypeError)):
                module.VisualOwnerPublicationRecord.from_payload(payload)
        else:
            if isinstance(repo, InMemoryEventAutonomyRepository):
                repo._visual_publications[(original.identity.task_id, 1)] = module.canonical(payload)
            else:
                repo._conn.execute(
                    "UPDATE visual_owner_publications SET payload_json=?,publication_hash=? "
                    "WHERE task_id=? AND owner_revision=1",
                    (module.canonical(payload), payload["publication_hash"], original.identity.task_id),
                )
                repo._conn.commit()
>           with pytest.raises((ValueError, TypeError)):
E           Failed: DID NOT RAISE any of (<class 'ValueError'>, <class 'TypeError'>)

tests/test_visual_owner_repository.py:736: Failed
_ test_serialized_nested_source_cannot_coerce_or_hide_fields[memory-stored_getter-checkpoint-unregistered_policy-ignored] _

prepared = (<cloud_edge_robot_arm.repositories.event_autonomy.memory.InMemoryEventAutonomyRepository object at 0x705a011b1b20>, V...o=datetime.timezone.utc), updated_at=datetime.datetime(2026, 10, 4, 16, 55, 14, 223083, tzinfo=datetime.timezone.utc)))
branch = 'checkpoint', key = 'unregistered_policy', value = 'ignored'
boundary_kind = 'stored_getter'

    @pytest.mark.parametrize(
        "branch,key,value",
        [
            ("checkpoint", "plan_version", True),
            ("checkpoint", "command_seq", 1.0),
            ("checkpoint", "unregistered_policy", "ignored"),
            ("retry_budget", "retry_count_used", False),
            ("retry_budget", "unregistered_policy", "ignored"),
        ],
    )
    @pytest.mark.parametrize("boundary_kind", ["constructor", "stored_getter"])
    def test_serialized_nested_source_cannot_coerce_or_hide_fields(
        prepared, branch, key, value, boundary_kind
    ):
        repo, original, _, _, _ = prepared
        record = initialize(prepared)
        assert repo.get_visual_owner_publication(original.identity.task_id).digest() == record.digest()
        module = importlib.import_module(
            "cloud_edge_robot_arm.repositories.event_autonomy.visual_owner"
        )
        payload = record.to_payload()
        payload[branch][key] = value
        payload.pop("publication_hash")
        payload["publication_hash"] = module.digest(payload)
        if boundary_kind == "constructor":
            with pytest.raises((ValueError, TypeError)):
                module.VisualOwnerPublicationRecord.from_payload(payload)
        else:
            if isinstance(repo, InMemoryEventAutonomyRepository):
                repo._visual_publications[(original.identity.task_id, 1)] = module.canonical(payload)
            else:
                repo._conn.execute(
                    "UPDATE visual_owner_publications SET payload_json=?,publication_hash=? "
                    "WHERE task_id=? AND owner_revision=1",
                    (module.canonical(payload), payload["publication_hash"], original.identity.task_id),
                )
                repo._conn.commit()
>           with pytest.raises((ValueError, TypeError)):
E           Failed: DID NOT RAISE any of (<class 'ValueError'>, <class 'TypeError'>)

tests/test_visual_owner_repository.py:736: Failed
_ test_serialized_nested_source_cannot_coerce_or_hide_fields[memory-stored_getter-retry_budget-retry_count_used-False] _

prepared = (<cloud_edge_robot_arm.repositories.event_autonomy.memory.InMemoryEventAutonomyRepository object at 0x705a05660830>, V...o=datetime.timezone.utc), updated_at=datetime.datetime(2026, 10, 4, 16, 55, 14, 248240, tzinfo=datetime.timezone.utc)))
branch = 'retry_budget', key = 'retry_count_used', value = False
boundary_kind = 'stored_getter'

    @pytest.mark.parametrize(
        "branch,key,value",
        [
            ("checkpoint", "plan_version", True),
            ("checkpoint", "command_seq", 1.0),
            ("checkpoint", "unregistered_policy", "ignored"),
            ("retry_budget", "retry_count_used", False),
            ("retry_budget", "unregistered_policy", "ignored"),
        ],
    )
    @pytest.mark.parametrize("boundary_kind", ["constructor", "stored_getter"])
    def test_serialized_nested_source_cannot_coerce_or_hide_fields(
        prepared, branch, key, value, boundary_kind
    ):
        repo, original, _, _, _ = prepared
        record = initialize(prepared)
        assert repo.get_visual_owner_publication(original.identity.task_id).digest() == record.digest()
        module = importlib.import_module(
            "cloud_edge_robot_arm.repositories.event_autonomy.visual_owner"
        )
        payload = record.to_payload()
        payload[branch][key] = value
        payload.pop("publication_hash")
        payload["publication_hash"] = module.digest(payload)
        if boundary_kind == "constructor":
            with pytest.raises((ValueError, TypeError)):
                module.VisualOwnerPublicationRecord.from_payload(payload)
        else:
            if isinstance(repo, InMemoryEventAutonomyRepository):
                repo._visual_publications[(original.identity.task_id, 1)] = module.canonical(payload)
            else:
                repo._conn.execute(
                    "UPDATE visual_owner_publications SET payload_json=?,publication_hash=? "
                    "WHERE task_id=? AND owner_revision=1",
                    (module.canonical(payload), payload["publication_hash"], original.identity.task_id),
                )
                repo._conn.commit()
>           with pytest.raises((ValueError, TypeError)):
E           Failed: DID NOT RAISE any of (<class 'ValueError'>, <class 'TypeError'>)

tests/test_visual_owner_repository.py:736: Failed
_ test_serialized_nested_source_cannot_coerce_or_hide_fields[memory-stored_getter-retry_budget-unregistered_policy-ignored] _

prepared = (<cloud_edge_robot_arm.repositories.event_autonomy.memory.InMemoryEventAutonomyRepository object at 0x705a011581a0>, V...o=datetime.timezone.utc), updated_at=datetime.datetime(2026, 10, 4, 16, 55, 14, 273129, tzinfo=datetime.timezone.utc)))
branch = 'retry_budget', key = 'unregistered_policy', value = 'ignored'
boundary_kind = 'stored_getter'

    @pytest.mark.parametrize(
        "branch,key,value",
        [
            ("checkpoint", "plan_version", True),
            ("checkpoint", "command_seq", 1.0),
            ("checkpoint", "unregistered_policy", "ignored"),
            ("retry_budget", "retry_count_used", False),
            ("retry_budget", "unregistered_policy", "ignored"),
        ],
    )
    @pytest.mark.parametrize("boundary_kind", ["constructor", "stored_getter"])
    def test_serialized_nested_source_cannot_coerce_or_hide_fields(
        prepared, branch, key, value, boundary_kind
    ):
        repo, original, _, _, _ = prepared
        record = initialize(prepared)
        assert repo.get_visual_owner_publication(original.identity.task_id).digest() == record.digest()
        module = importlib.import_module(
            "cloud_edge_robot_arm.repositories.event_autonomy.visual_owner"
        )
        payload = record.to_payload()
        payload[branch][key] = value
        payload.pop("publication_hash")
        payload["publication_hash"] = module.digest(payload)
        if boundary_kind == "constructor":
            with pytest.raises((ValueError, TypeError)):
                module.VisualOwnerPublicationRecord.from_payload(payload)
        else:
            if isinstance(repo, InMemoryEventAutonomyRepository):
                repo._visual_publications[(original.identity.task_id, 1)] = module.canonical(payload)
            else:
                repo._conn.execute(
                    "UPDATE visual_owner_publications SET payload_json=?,publication_hash=? "
                    "WHERE task_id=? AND owner_revision=1",
                    (module.canonical(payload), payload["publication_hash"], original.identity.task_id),
                )
                repo._conn.commit()
>           with pytest.raises((ValueError, TypeError)):
E           Failed: DID NOT RAISE any of (<class 'ValueError'>, <class 'TypeError'>)

tests/test_visual_owner_repository.py:736: Failed
_ test_serialized_nested_source_cannot_coerce_or_hide_fields[sqlite-constructor-checkpoint-plan_version-True] _

prepared = (<cloud_edge_robot_arm.repositories.event_autonomy.sqlite.SQLiteEventAutonomyRepository object at 0x705a011fbda0>, Vis...o=datetime.timezone.utc), updated_at=datetime.datetime(2026, 10, 4, 16, 55, 14, 510144, tzinfo=datetime.timezone.utc)))
branch = 'checkpoint', key = 'plan_version', value = True
boundary_kind = 'constructor'

    @pytest.mark.parametrize(
        "branch,key,value",
        [
            ("checkpoint", "plan_version", True),
            ("checkpoint", "command_seq", 1.0),
            ("checkpoint", "unregistered_policy", "ignored"),
            ("retry_budget", "retry_count_used", False),
            ("retry_budget", "unregistered_policy", "ignored"),
        ],
    )
    @pytest.mark.parametrize("boundary_kind", ["constructor", "stored_getter"])
    def test_serialized_nested_source_cannot_coerce_or_hide_fields(
        prepared, branch, key, value, boundary_kind
    ):
        repo, original, _, _, _ = prepared
        record = initialize(prepared)
        assert repo.get_visual_owner_publication(original.identity.task_id).digest() == record.digest()
        module = importlib.import_module(
            "cloud_edge_robot_arm.repositories.event_autonomy.visual_owner"
        )
        payload = record.to_payload()
        payload[branch][key] = value
        payload.pop("publication_hash")
        payload["publication_hash"] = module.digest(payload)
        if boundary_kind == "constructor":
>           with pytest.raises((ValueError, TypeError)):
E           Failed: DID NOT RAISE any of (<class 'ValueError'>, <class 'TypeError'>)

tests/test_visual_owner_repository.py:724: Failed
_ test_serialized_nested_source_cannot_coerce_or_hide_fields[sqlite-constructor-checkpoint-command_seq-1.0] _

prepared = (<cloud_edge_robot_arm.repositories.event_autonomy.sqlite.SQLiteEventAutonomyRepository object at 0x705a011b8230>, Vis...o=datetime.timezone.utc), updated_at=datetime.datetime(2026, 10, 4, 16, 55, 14, 755850, tzinfo=datetime.timezone.utc)))
branch = 'checkpoint', key = 'command_seq', value = 1.0
boundary_kind = 'constructor'

    @pytest.mark.parametrize(
        "branch,key,value",
        [
            ("checkpoint", "plan_version", True),
            ("checkpoint", "command_seq", 1.0),
            ("checkpoint", "unregistered_policy", "ignored"),
            ("retry_budget", "retry_count_used", False),
            ("retry_budget", "unregistered_policy", "ignored"),
        ],
    )
    @pytest.mark.parametrize("boundary_kind", ["constructor", "stored_getter"])
    def test_serialized_nested_source_cannot_coerce_or_hide_fields(
        prepared, branch, key, value, boundary_kind
    ):
        repo, original, _, _, _ = prepared
        record = initialize(prepared)
        assert repo.get_visual_owner_publication(original.identity.task_id).digest() == record.digest()
        module = importlib.import_module(
            "cloud_edge_robot_arm.repositories.event_autonomy.visual_owner"
        )
        payload = record.to_payload()
        payload[branch][key] = value
        payload.pop("publication_hash")
        payload["publication_hash"] = module.digest(payload)
        if boundary_kind == "constructor":
>           with pytest.raises((ValueError, TypeError)):
E           Failed: DID NOT RAISE any of (<class 'ValueError'>, <class 'TypeError'>)

tests/test_visual_owner_repository.py:724: Failed
_ test_serialized_nested_source_cannot_coerce_or_hide_fields[sqlite-constructor-checkpoint-unregistered_policy-ignored] _

prepared = (<cloud_edge_robot_arm.repositories.event_autonomy.sqlite.SQLiteEventAutonomyRepository object at 0x705a011bab40>, Vis...o=datetime.timezone.utc), updated_at=datetime.datetime(2026, 10, 4, 16, 55, 14, 994734, tzinfo=datetime.timezone.utc)))
branch = 'checkpoint', key = 'unregistered_policy', value = 'ignored'
boundary_kind = 'constructor'

    @pytest.mark.parametrize(
        "branch,key,value",
        [
            ("checkpoint", "plan_version", True),
            ("checkpoint", "command_seq", 1.0),
            ("checkpoint", "unregistered_policy", "ignored"),
            ("retry_budget", "retry_count_used", False),
            ("retry_budget", "unregistered_policy", "ignored"),
        ],
    )
    @pytest.mark.parametrize("boundary_kind", ["constructor", "stored_getter"])
    def test_serialized_nested_source_cannot_coerce_or_hide_fields(
        prepared, branch, key, value, boundary_kind
    ):
        repo, original, _, _, _ = prepared
        record = initialize(prepared)
        assert repo.get_visual_owner_publication(original.identity.task_id).digest() == record.digest()
        module = importlib.import_module(
            "cloud_edge_robot_arm.repositories.event_autonomy.visual_owner"
        )
        payload = record.to_payload()
        payload[branch][key] = value
        payload.pop("publication_hash")
        payload["publication_hash"] = module.digest(payload)
        if boundary_kind == "constructor":
>           with pytest.raises((ValueError, TypeError)):
E           Failed: DID NOT RAISE any of (<class 'ValueError'>, <class 'TypeError'>)

tests/test_visual_owner_repository.py:724: Failed
_ test_serialized_nested_source_cannot_coerce_or_hide_fields[sqlite-constructor-retry_budget-retry_count_used-False] _

prepared = (<cloud_edge_robot_arm.repositories.event_autonomy.sqlite.SQLiteEventAutonomyRepository object at 0x7059d8f395e0>, Vis...o=datetime.timezone.utc), updated_at=datetime.datetime(2026, 10, 4, 16, 55, 15, 235336, tzinfo=datetime.timezone.utc)))
branch = 'retry_budget', key = 'retry_count_used', value = False
boundary_kind = 'constructor'

    @pytest.mark.parametrize(
        "branch,key,value",
        [
            ("checkpoint", "plan_version", True),
            ("checkpoint", "command_seq", 1.0),
            ("checkpoint", "unregistered_policy", "ignored"),
            ("retry_budget", "retry_count_used", False),
            ("retry_budget", "unregistered_policy", "ignored"),
        ],
    )
    @pytest.mark.parametrize("boundary_kind", ["constructor", "stored_getter"])
    def test_serialized_nested_source_cannot_coerce_or_hide_fields(
        prepared, branch, key, value, boundary_kind
    ):
        repo, original, _, _, _ = prepared
        record = initialize(prepared)
        assert repo.get_visual_owner_publication(original.identity.task_id).digest() == record.digest()
        module = importlib.import_module(
            "cloud_edge_robot_arm.repositories.event_autonomy.visual_owner"
        )
        payload = record.to_payload()
        payload[branch][key] = value
        payload.pop("publication_hash")
        payload["publication_hash"] = module.digest(payload)
        if boundary_kind == "constructor":
>           with pytest.raises((ValueError, TypeError)):
E           Failed: DID NOT RAISE any of (<class 'ValueError'>, <class 'TypeError'>)

tests/test_visual_owner_repository.py:724: Failed
_ test_serialized_nested_source_cannot_coerce_or_hide_fields[sqlite-constructor-retry_budget-unregistered_policy-ignored] _

prepared = (<cloud_edge_robot_arm.repositories.event_autonomy.sqlite.SQLiteEventAutonomyRepository object at 0x705a011bb6b0>, Vis...o=datetime.timezone.utc), updated_at=datetime.datetime(2026, 10, 4, 16, 55, 15, 475551, tzinfo=datetime.timezone.utc)))
branch = 'retry_budget', key = 'unregistered_policy', value = 'ignored'
boundary_kind = 'constructor'

    @pytest.mark.parametrize(
        "branch,key,value",
        [
            ("checkpoint", "plan_version", True),
            ("checkpoint", "command_seq", 1.0),
            ("checkpoint", "unregistered_policy", "ignored"),
            ("retry_budget", "retry_count_used", False),
            ("retry_budget", "unregistered_policy", "ignored"),
        ],
    )
    @pytest.mark.parametrize("boundary_kind", ["constructor", "stored_getter"])
    def test_serialized_nested_source_cannot_coerce_or_hide_fields(
        prepared, branch, key, value, boundary_kind
    ):
        repo, original, _, _, _ = prepared
        record = initialize(prepared)
        assert repo.get_visual_owner_publication(original.identity.task_id).digest() == record.digest()
        module = importlib.import_module(
            "cloud_edge_robot_arm.repositories.event_autonomy.visual_owner"
        )
        payload = record.to_payload()
        payload[branch][key] = value
        payload.pop("publication_hash")
        payload["publication_hash"] = module.digest(payload)
        if boundary_kind == "constructor":
>           with pytest.raises((ValueError, TypeError)):
E           Failed: DID NOT RAISE any of (<class 'ValueError'>, <class 'TypeError'>)

tests/test_visual_owner_repository.py:724: Failed
_ test_serialized_nested_source_cannot_coerce_or_hide_fields[sqlite-stored_getter-checkpoint-plan_version-True] _

prepared = (<cloud_edge_robot_arm.repositories.event_autonomy.sqlite.SQLiteEventAutonomyRepository object at 0x705a015b7470>, Vis...o=datetime.timezone.utc), updated_at=datetime.datetime(2026, 10, 4, 16, 55, 15, 715914, tzinfo=datetime.timezone.utc)))
branch = 'checkpoint', key = 'plan_version', value = True
boundary_kind = 'stored_getter'

    @pytest.mark.parametrize(
        "branch,key,value",
        [
            ("checkpoint", "plan_version", True),
            ("checkpoint", "command_seq", 1.0),
            ("checkpoint", "unregistered_policy", "ignored"),
            ("retry_budget", "retry_count_used", False),
            ("retry_budget", "unregistered_policy", "ignored"),
        ],
    )
    @pytest.mark.parametrize("boundary_kind", ["constructor", "stored_getter"])
    def test_serialized_nested_source_cannot_coerce_or_hide_fields(
        prepared, branch, key, value, boundary_kind
    ):
        repo, original, _, _, _ = prepared
        record = initialize(prepared)
        assert repo.get_visual_owner_publication(original.identity.task_id).digest() == record.digest()
        module = importlib.import_module(
            "cloud_edge_robot_arm.repositories.event_autonomy.visual_owner"
        )
        payload = record.to_payload()
        payload[branch][key] = value
        payload.pop("publication_hash")
        payload["publication_hash"] = module.digest(payload)
        if boundary_kind == "constructor":
            with pytest.raises((ValueError, TypeError)):
                module.VisualOwnerPublicationRecord.from_payload(payload)
        else:
            if isinstance(repo, InMemoryEventAutonomyRepository):
                repo._visual_publications[(original.identity.task_id, 1)] = module.canonical(payload)
            else:
                repo._conn.execute(
                    "UPDATE visual_owner_publications SET payload_json=?,publication_hash=? "
                    "WHERE task_id=? AND owner_revision=1",
                    (module.canonical(payload), payload["publication_hash"], original.identity.task_id),
                )
                repo._conn.commit()
>           with pytest.raises((ValueError, TypeError)):
E           Failed: DID NOT RAISE any of (<class 'ValueError'>, <class 'TypeError'>)

tests/test_visual_owner_repository.py:736: Failed
_ test_serialized_nested_source_cannot_coerce_or_hide_fields[sqlite-stored_getter-checkpoint-command_seq-1.0] _

prepared = (<cloud_edge_robot_arm.repositories.event_autonomy.sqlite.SQLiteEventAutonomyRepository object at 0x705a011b3020>, Vis...o=datetime.timezone.utc), updated_at=datetime.datetime(2026, 10, 4, 16, 55, 15, 969412, tzinfo=datetime.timezone.utc)))
branch = 'checkpoint', key = 'command_seq', value = 1.0
boundary_kind = 'stored_getter'

    @pytest.mark.parametrize(
        "branch,key,value",
        [
            ("checkpoint", "plan_version", True),
            ("checkpoint", "command_seq", 1.0),
            ("checkpoint", "unregistered_policy", "ignored"),
            ("retry_budget", "retry_count_used", False),
            ("retry_budget", "unregistered_policy", "ignored"),
        ],
    )
    @pytest.mark.parametrize("boundary_kind", ["constructor", "stored_getter"])
    def test_serialized_nested_source_cannot_coerce_or_hide_fields(
        prepared, branch, key, value, boundary_kind
    ):
        repo, original, _, _, _ = prepared
        record = initialize(prepared)
        assert repo.get_visual_owner_publication(original.identity.task_id).digest() == record.digest()
        module = importlib.import_module(
            "cloud_edge_robot_arm.repositories.event_autonomy.visual_owner"
        )
        payload = record.to_payload()
        payload[branch][key] = value
        payload.pop("publication_hash")
        payload["publication_hash"] = module.digest(payload)
        if boundary_kind == "constructor":
            with pytest.raises((ValueError, TypeError)):
                module.VisualOwnerPublicationRecord.from_payload(payload)
        else:
            if isinstance(repo, InMemoryEventAutonomyRepository):
                repo._visual_publications[(original.identity.task_id, 1)] = module.canonical(payload)
            else:
                repo._conn.execute(
                    "UPDATE visual_owner_publications SET payload_json=?,publication_hash=? "
                    "WHERE task_id=? AND owner_revision=1",
                    (module.canonical(payload), payload["publication_hash"], original.identity.task_id),
                )
                repo._conn.commit()
>           with pytest.raises((ValueError, TypeError)):
E           Failed: DID NOT RAISE any of (<class 'ValueError'>, <class 'TypeError'>)

tests/test_visual_owner_repository.py:736: Failed
_ test_serialized_nested_source_cannot_coerce_or_hide_fields[sqlite-stored_getter-checkpoint-unregistered_policy-ignored] _

prepared = (<cloud_edge_robot_arm.repositories.event_autonomy.sqlite.SQLiteEventAutonomyRepository object at 0x705a011b0d10>, Vis...o=datetime.timezone.utc), updated_at=datetime.datetime(2026, 10, 4, 16, 55, 16, 221350, tzinfo=datetime.timezone.utc)))
branch = 'checkpoint', key = 'unregistered_policy', value = 'ignored'
boundary_kind = 'stored_getter'

    @pytest.mark.parametrize(
        "branch,key,value",
        [
            ("checkpoint", "plan_version", True),
            ("checkpoint", "command_seq", 1.0),
            ("checkpoint", "unregistered_policy", "ignored"),
            ("retry_budget", "retry_count_used", False),
            ("retry_budget", "unregistered_policy", "ignored"),
        ],
    )
    @pytest.mark.parametrize("boundary_kind", ["constructor", "stored_getter"])
    def test_serialized_nested_source_cannot_coerce_or_hide_fields(
        prepared, branch, key, value, boundary_kind
    ):
        repo, original, _, _, _ = prepared
        record = initialize(prepared)
        assert repo.get_visual_owner_publication(original.identity.task_id).digest() == record.digest()
        module = importlib.import_module(
            "cloud_edge_robot_arm.repositories.event_autonomy.visual_owner"
        )
        payload = record.to_payload()
        payload[branch][key] = value
        payload.pop("publication_hash")
        payload["publication_hash"] = module.digest(payload)
        if boundary_kind == "constructor":
            with pytest.raises((ValueError, TypeError)):
                module.VisualOwnerPublicationRecord.from_payload(payload)
        else:
            if isinstance(repo, InMemoryEventAutonomyRepository):
                repo._visual_publications[(original.identity.task_id, 1)] = module.canonical(payload)
            else:
                repo._conn.execute(
                    "UPDATE visual_owner_publications SET payload_json=?,publication_hash=? "
                    "WHERE task_id=? AND owner_revision=1",
                    (module.canonical(payload), payload["publication_hash"], original.identity.task_id),
                )
                repo._conn.commit()
>           with pytest.raises((ValueError, TypeError)):
E           Failed: DID NOT RAISE any of (<class 'ValueError'>, <class 'TypeError'>)

tests/test_visual_owner_repository.py:736: Failed
_ test_serialized_nested_source_cannot_coerce_or_hide_fields[sqlite-stored_getter-retry_budget-retry_count_used-False] _

prepared = (<cloud_edge_robot_arm.repositories.event_autonomy.sqlite.SQLiteEventAutonomyRepository object at 0x7059d8f898b0>, Vis...o=datetime.timezone.utc), updated_at=datetime.datetime(2026, 10, 4, 16, 55, 16, 472376, tzinfo=datetime.timezone.utc)))
branch = 'retry_budget', key = 'retry_count_used', value = False
boundary_kind = 'stored_getter'

    @pytest.mark.parametrize(
        "branch,key,value",
        [
            ("checkpoint", "plan_version", True),
            ("checkpoint", "command_seq", 1.0),
            ("checkpoint", "unregistered_policy", "ignored"),
            ("retry_budget", "retry_count_used", False),
            ("retry_budget", "unregistered_policy", "ignored"),
        ],
    )
    @pytest.mark.parametrize("boundary_kind", ["constructor", "stored_getter"])
    def test_serialized_nested_source_cannot_coerce_or_hide_fields(
        prepared, branch, key, value, boundary_kind
    ):
        repo, original, _, _, _ = prepared
        record = initialize(prepared)
        assert repo.get_visual_owner_publication(original.identity.task_id).digest() == record.digest()
        module = importlib.import_module(
            "cloud_edge_robot_arm.repositories.event_autonomy.visual_owner"
        )
        payload = record.to_payload()
        payload[branch][key] = value
        payload.pop("publication_hash")
        payload["publication_hash"] = module.digest(payload)
        if boundary_kind == "constructor":
            with pytest.raises((ValueError, TypeError)):
                module.VisualOwnerPublicationRecord.from_payload(payload)
        else:
            if isinstance(repo, InMemoryEventAutonomyRepository):
                repo._visual_publications[(original.identity.task_id, 1)] = module.canonical(payload)
            else:
                repo._conn.execute(
                    "UPDATE visual_owner_publications SET payload_json=?,publication_hash=? "
                    "WHERE task_id=? AND owner_revision=1",
                    (module.canonical(payload), payload["publication_hash"], original.identity.task_id),
                )
                repo._conn.commit()
>           with pytest.raises((ValueError, TypeError)):
E           Failed: DID NOT RAISE any of (<class 'ValueError'>, <class 'TypeError'>)

tests/test_visual_owner_repository.py:736: Failed
_ test_serialized_nested_source_cannot_coerce_or_hide_fields[sqlite-stored_getter-retry_budget-unregistered_policy-ignored] _

prepared = (<cloud_edge_robot_arm.repositories.event_autonomy.sqlite.SQLiteEventAutonomyRepository object at 0x705a01183500>, Vis...o=datetime.timezone.utc), updated_at=datetime.datetime(2026, 10, 4, 16, 55, 16, 725544, tzinfo=datetime.timezone.utc)))
branch = 'retry_budget', key = 'unregistered_policy', value = 'ignored'
boundary_kind = 'stored_getter'

    @pytest.mark.parametrize(
        "branch,key,value",
        [
            ("checkpoint", "plan_version", True),
            ("checkpoint", "command_seq", 1.0),
            ("checkpoint", "unregistered_policy", "ignored"),
            ("retry_budget", "retry_count_used", False),
            ("retry_budget", "unregistered_policy", "ignored"),
        ],
    )
    @pytest.mark.parametrize("boundary_kind", ["constructor", "stored_getter"])
    def test_serialized_nested_source_cannot_coerce_or_hide_fields(
        prepared, branch, key, value, boundary_kind
    ):
        repo, original, _, _, _ = prepared
        record = initialize(prepared)
        assert repo.get_visual_owner_publication(original.identity.task_id).digest() == record.digest()
        module = importlib.import_module(
            "cloud_edge_robot_arm.repositories.event_autonomy.visual_owner"
        )
        payload = record.to_payload()
        payload[branch][key] = value
        payload.pop("publication_hash")
        payload["publication_hash"] = module.digest(payload)
        if boundary_kind == "constructor":
            with pytest.raises((ValueError, TypeError)):
                module.VisualOwnerPublicationRecord.from_payload(payload)
        else:
            if isinstance(repo, InMemoryEventAutonomyRepository):
                repo._visual_publications[(original.identity.task_id, 1)] = module.canonical(payload)
            else:
                repo._conn.execute(
                    "UPDATE visual_owner_publications SET payload_json=?,publication_hash=? "
                    "WHERE task_id=? AND owner_revision=1",
                    (module.canonical(payload), payload["publication_hash"], original.identity.task_id),
                )
                repo._conn.commit()
>           with pytest.raises((ValueError, TypeError)):
E           Failed: DID NOT RAISE any of (<class 'ValueError'>, <class 'TypeError'>)

tests/test_visual_owner_repository.py:736: Failed
=========================== short test summary info ============================
FAILED tests/test_visual_owner_repository.py::test_serialized_nested_source_cannot_coerce_or_hide_fields[memory-constructor-checkpoint-plan_version-True]
FAILED tests/test_visual_owner_repository.py::test_serialized_nested_source_cannot_coerce_or_hide_fields[memory-constructor-checkpoint-command_seq-1.0]
FAILED tests/test_visual_owner_repository.py::test_serialized_nested_source_cannot_coerce_or_hide_fields[memory-constructor-checkpoint-unregistered_policy-ignored]
FAILED tests/test_visual_owner_repository.py::test_serialized_nested_source_cannot_coerce_or_hide_fields[memory-constructor-retry_budget-retry_count_used-False]
FAILED tests/test_visual_owner_repository.py::test_serialized_nested_source_cannot_coerce_or_hide_fields[memory-constructor-retry_budget-unregistered_policy-ignored]
FAILED tests/test_visual_owner_repository.py::test_serialized_nested_source_cannot_coerce_or_hide_fields[memory-stored_getter-checkpoint-plan_version-True]
FAILED tests/test_visual_owner_repository.py::test_serialized_nested_source_cannot_coerce_or_hide_fields[memory-stored_getter-checkpoint-command_seq-1.0]
FAILED tests/test_visual_owner_repository.py::test_serialized_nested_source_cannot_coerce_or_hide_fields[memory-stored_getter-checkpoint-unregistered_policy-ignored]
FAILED tests/test_visual_owner_repository.py::test_serialized_nested_source_cannot_coerce_or_hide_fields[memory-stored_getter-retry_budget-retry_count_used-False]
FAILED tests/test_visual_owner_repository.py::test_serialized_nested_source_cannot_coerce_or_hide_fields[memory-stored_getter-retry_budget-unregistered_policy-ignored]
FAILED tests/test_visual_owner_repository.py::test_serialized_nested_source_cannot_coerce_or_hide_fields[sqlite-constructor-checkpoint-plan_version-True]
FAILED tests/test_visual_owner_repository.py::test_serialized_nested_source_cannot_coerce_or_hide_fields[sqlite-constructor-checkpoint-command_seq-1.0]
FAILED tests/test_visual_owner_repository.py::test_serialized_nested_source_cannot_coerce_or_hide_fields[sqlite-constructor-checkpoint-unregistered_policy-ignored]
FAILED tests/test_visual_owner_repository.py::test_serialized_nested_source_cannot_coerce_or_hide_fields[sqlite-constructor-retry_budget-retry_count_used-False]
FAILED tests/test_visual_owner_repository.py::test_serialized_nested_source_cannot_coerce_or_hide_fields[sqlite-constructor-retry_budget-unregistered_policy-ignored]
FAILED tests/test_visual_owner_repository.py::test_serialized_nested_source_cannot_coerce_or_hide_fields[sqlite-stored_getter-checkpoint-plan_version-True]
FAILED tests/test_visual_owner_repository.py::test_serialized_nested_source_cannot_coerce_or_hide_fields[sqlite-stored_getter-checkpoint-command_seq-1.0]
FAILED tests/test_visual_owner_repository.py::test_serialized_nested_source_cannot_coerce_or_hide_fields[sqlite-stored_getter-checkpoint-unregistered_policy-ignored]
FAILED tests/test_visual_owner_repository.py::test_serialized_nested_source_cannot_coerce_or_hide_fields[sqlite-stored_getter-retry_budget-retry_count_used-False]
FAILED tests/test_visual_owner_repository.py::test_serialized_nested_source_cannot_coerce_or_hide_fields[sqlite-stored_getter-retry_budget-unregistered_policy-ignored]
20 failed, 2 passed, 67 deselected in 3.46s
