[
  {
    "backend": "memory",
    "probe": "checkpoint_bool",
    "source_scope": "SOFTWARE_ONLY",
    "constructor_rejected": true,
    "error_type": "ValueError"
  },
  {
    "backend": "memory",
    "probe": "checkpoint_float",
    "source_scope": "SOFTWARE_ONLY",
    "constructor_rejected": true,
    "error_type": "ValueError"
  },
  {
    "backend": "memory",
    "probe": "checkpoint_extra",
    "source_scope": "SOFTWARE_ONLY",
    "constructor_rejected": true,
    "error_type": "ValueError"
  },
  {
    "backend": "memory",
    "probe": "retry_bool",
    "source_scope": "SOFTWARE_ONLY",
    "constructor_rejected": true,
    "error_type": "ValueError"
  },
  {
    "backend": "memory",
    "probe": "retry_extra",
    "source_scope": "SOFTWARE_ONLY",
    "constructor_rejected": true,
    "error_type": "ValueError"
  },
  {
    "backend": "sqlite",
    "probe": "checkpoint_bool",
    "source_scope": "SOFTWARE_ONLY",
    "constructor_rejected": true,
    "error_type": "ValueError"
  },
  {
    "backend": "sqlite",
    "probe": "checkpoint_float",
    "source_scope": "SOFTWARE_ONLY",
    "constructor_rejected": true,
    "error_type": "ValueError"
  },
  {
    "backend": "sqlite",
    "probe": "checkpoint_extra",
    "source_scope": "SOFTWARE_ONLY",
    "constructor_rejected": true,
    "error_type": "ValueError"
  },
  {
    "backend": "sqlite",
    "probe": "retry_bool",
    "source_scope": "SOFTWARE_ONLY",
    "constructor_rejected": true,
    "error_type": "ValueError"
  },
  {
    "backend": "sqlite",
    "probe": "retry_extra",
    "source_scope": "SOFTWARE_ONLY",
    "constructor_rejected": true,
    "error_type": "ValueError"
  }
]
