Traceback (most recent call last):
  File "/tmp/risk-fix1-overflow-independent.py", line 8, in <module>
    result=registered(root,case).audit('fixture',scope='RAW_EXECUTION');print('RETURN',result.status,dict(result.counts),result.reasons)
           ^^^^^^^^^^^^^^^^^^^^^^^^^^^^^^^^^^^^^^^^^^^^^^^^^^^^^^^^^^^^
  File "/tmp/risk-source-fix1-independent-756zuyck/src/cloud_edge_robot_arm/research/risk_sources.py", line 841, in audit
    result = _case(directory, case, registration)
             ^^^^^^^^^^^^^^^^^^^^^^^^^^^^^^^^^^^^
  File "/tmp/risk-source-fix1-independent-756zuyck/src/cloud_edge_robot_arm/research/risk_sources.py", line 741, in _case
    _controls(commands, controls, raw, case, basis)
  File "/tmp/risk-source-fix1-independent-756zuyck/src/cloud_edge_robot_arm/research/risk_sources.py", line 518, in _controls
    bias = _array(control["pre_gravity_bias_nm"], (7,))
           ^^^^^^^^^^^^^^^^^^^^^^^^^^^^^^^^^^^^^^^^^^^^
  File "/tmp/risk-source-fix1-independent-756zuyck/src/cloud_edge_robot_arm/research/risk_sources.py", line 285, in _array
    return np.asarray([_number(item) for item in value], dtype=float)
                       ^^^^^^^^^^^^^
  File "/tmp/risk-source-fix1-independent-756zuyck/src/cloud_edge_robot_arm/research/risk_sources.py", line 275, in _number
    if type(value) not in {int, float} or not math.isfinite(value):
                                              ^^^^^^^^^^^^^^^^^^^^
OverflowError: int too large to convert to float
UNCAUGHT OverflowError int too large to convert to float
SOFTWARE_ONLY original bytes isolated, no renderer/data/step/model/network/action
