FFFF                                                                     [100%]
=================================== FAILURES ===================================
__ test_command_typed_schema_cannot_be_waived_by_rehashed_inventory[unknown] ___

tmp_path = PosixPath('/tmp/pytest-of-ningyd/pytest-860/test_command_typed_schema_cann0')
mutation = 'unknown'

    @pytest.mark.parametrize("mutation", ["unknown", "requested_bool", "applied_bool", "string"])
    def test_command_typed_schema_cannot_be_waived_by_rehashed_inventory(
        tmp_path: Path, mutation: str
    ) -> None:
        case, directory = fixture_case(tmp_path)
        command = {
            "command_seq": 1, "physics_step": 120, "sim_time_s": 120 * 0.0041666667,
            "episode_id": case.context["episode_id"], "type": "joint_target", "accepted": True,
            "reason": "", "after_emergency_stop": False,
            "target_positions_rad": [-0.8, 0, 0, 0, 0, 0, 0],
            "applied_target_positions_rad": [-0.8, 0, 0, 0, 0, 0, 0],
        }
        if mutation == "unknown":
            command["authority"] = True
        else:
            key = "applied_target_positions_rad" if mutation == "applied_bool" else "target_positions_rad"
            command[key][1] = "0" if mutation == "string" else False
        json_file(directory / "commands.json", [command])
        changed = replace(case, original_file_hashes=hashes(directory),
                          expected_counts={**dict(case.expected_counts), "commands": 1})
        result = registered(tmp_path, changed).audit("fixture", scope="RAW_EXECUTION")
>       assert result.status == "INVALID", result.reasons
E       AssertionError: ()
E       assert 'VALID' == 'INVALID'
E         
E         - INVALID
E         ? --
E         + VALID

tests/test_research_risk_sources.py:718: AssertionError
_ test_command_typed_schema_cannot_be_waived_by_rehashed_inventory[requested_bool] _

tmp_path = PosixPath('/tmp/pytest-of-ningyd/pytest-860/test_command_typed_schema_cann1')
mutation = 'requested_bool'

    @pytest.mark.parametrize("mutation", ["unknown", "requested_bool", "applied_bool", "string"])
    def test_command_typed_schema_cannot_be_waived_by_rehashed_inventory(
        tmp_path: Path, mutation: str
    ) -> None:
        case, directory = fixture_case(tmp_path)
        command = {
            "command_seq": 1, "physics_step": 120, "sim_time_s": 120 * 0.0041666667,
            "episode_id": case.context["episode_id"], "type": "joint_target", "accepted": True,
            "reason": "", "after_emergency_stop": False,
            "target_positions_rad": [-0.8, 0, 0, 0, 0, 0, 0],
            "applied_target_positions_rad": [-0.8, 0, 0, 0, 0, 0, 0],
        }
        if mutation == "unknown":
            command["authority"] = True
        else:
            key = "applied_target_positions_rad" if mutation == "applied_bool" else "target_positions_rad"
            command[key][1] = "0" if mutation == "string" else False
        json_file(directory / "commands.json", [command])
        changed = replace(case, original_file_hashes=hashes(directory),
                          expected_counts={**dict(case.expected_counts), "commands": 1})
        result = registered(tmp_path, changed).audit("fixture", scope="RAW_EXECUTION")
>       assert result.status == "INVALID", result.reasons
E       AssertionError: ()
E       assert 'VALID' == 'INVALID'
E         
E         - INVALID
E         ? --
E         + VALID

tests/test_research_risk_sources.py:718: AssertionError
_ test_command_typed_schema_cannot_be_waived_by_rehashed_inventory[applied_bool] _

tmp_path = PosixPath('/tmp/pytest-of-ningyd/pytest-860/test_command_typed_schema_cann2')
mutation = 'applied_bool'

    @pytest.mark.parametrize("mutation", ["unknown", "requested_bool", "applied_bool", "string"])
    def test_command_typed_schema_cannot_be_waived_by_rehashed_inventory(
        tmp_path: Path, mutation: str
    ) -> None:
        case, directory = fixture_case(tmp_path)
        command = {
            "command_seq": 1, "physics_step": 120, "sim_time_s": 120 * 0.0041666667,
            "episode_id": case.context["episode_id"], "type": "joint_target", "accepted": True,
            "reason": "", "after_emergency_stop": False,
            "target_positions_rad": [-0.8, 0, 0, 0, 0, 0, 0],
            "applied_target_positions_rad": [-0.8, 0, 0, 0, 0, 0, 0],
        }
        if mutation == "unknown":
            command["authority"] = True
        else:
            key = "applied_target_positions_rad" if mutation == "applied_bool" else "target_positions_rad"
            command[key][1] = "0" if mutation == "string" else False
        json_file(directory / "commands.json", [command])
        changed = replace(case, original_file_hashes=hashes(directory),
                          expected_counts={**dict(case.expected_counts), "commands": 1})
        result = registered(tmp_path, changed).audit("fixture", scope="RAW_EXECUTION")
>       assert result.status == "INVALID", result.reasons
E       AssertionError: ()
E       assert 'VALID' == 'INVALID'
E         
E         - INVALID
E         ? --
E         + VALID

tests/test_research_risk_sources.py:718: AssertionError
___ test_command_typed_schema_cannot_be_waived_by_rehashed_inventory[string] ___

tmp_path = PosixPath('/tmp/pytest-of-ningyd/pytest-860/test_command_typed_schema_cann3')
mutation = 'string'

    @pytest.mark.parametrize("mutation", ["unknown", "requested_bool", "applied_bool", "string"])
    def test_command_typed_schema_cannot_be_waived_by_rehashed_inventory(
        tmp_path: Path, mutation: str
    ) -> None:
        case, directory = fixture_case(tmp_path)
        command = {
            "command_seq": 1, "physics_step": 120, "sim_time_s": 120 * 0.0041666667,
            "episode_id": case.context["episode_id"], "type": "joint_target", "accepted": True,
            "reason": "", "after_emergency_stop": False,
            "target_positions_rad": [-0.8, 0, 0, 0, 0, 0, 0],
            "applied_target_positions_rad": [-0.8, 0, 0, 0, 0, 0, 0],
        }
        if mutation == "unknown":
            command["authority"] = True
        else:
            key = "applied_target_positions_rad" if mutation == "applied_bool" else "target_positions_rad"
            command[key][1] = "0" if mutation == "string" else False
        json_file(directory / "commands.json", [command])
        changed = replace(case, original_file_hashes=hashes(directory),
                          expected_counts={**dict(case.expected_counts), "commands": 1})
        result = registered(tmp_path, changed).audit("fixture", scope="RAW_EXECUTION")
>       assert result.status == "INVALID", result.reasons
E       AssertionError: ()
E       assert 'VALID' == 'INVALID'
E         
E         - INVALID
E         ? --
E         + VALID

tests/test_research_risk_sources.py:718: AssertionError
=========================== short test summary info ============================
FAILED tests/test_research_risk_sources.py::test_command_typed_schema_cannot_be_waived_by_rehashed_inventory[unknown]
FAILED tests/test_research_risk_sources.py::test_command_typed_schema_cannot_be_waived_by_rehashed_inventory[requested_bool]
FAILED tests/test_research_risk_sources.py::test_command_typed_schema_cannot_be_waived_by_rehashed_inventory[applied_bool]
FAILED tests/test_research_risk_sources.py::test_command_typed_schema_cannot_be_waived_by_rehashed_inventory[string]
4 failed, 48 deselected in 0.62s
