I001 [*] Import block is un-sorted or un-formatted
  --> src/cloud_edge_robot_arm/simulation/mujoco/backend.py:3:1
   |
 1 |   """仿真后端抽象或具体实现，区分 Mock、MuJoCo、Isaac 和 dry-run。"""
 2 |
 3 | / from __future__ import annotations
 4 | |
 5 | | import math
 6 | | from collections.abc import Callable, Iterator, Mapping
 7 | | from contextlib import contextmanager
 8 | | from copy import deepcopy
 9 | | from dataclasses import asdict, dataclass, is_dataclass
10 | | from importlib.util import find_spec
11 | | from functools import wraps
12 | | from pathlib import Path
13 | | from time import monotonic_ns
14 | | from types import MappingProxyType
15 | | from typing import Any, Literal
16 | | from uuid import uuid4
17 | |
18 | | import numpy as np
19 | |
20 | | from cloud_edge_robot_arm.contracts import Pose
21 | | from cloud_edge_robot_arm.simulation.config import SimulatorConfig
22 | | from cloud_edge_robot_arm.simulation.models import (
23 | |     ContactSnapshot,
24 | |     GripperCommand,
25 | |     JointCommand,
26 | |     JointStateSnapshot,
27 | |     PhysicalFault,
28 | |     PhysicalFaultType,
29 | |     PhysicalScenarioConfig,
30 | |     SensorFrame,
31 | |     SimulationStepResult,
32 | | )
33 | | from cloud_edge_robot_arm.simulation.mujoco.camera import MuJoCoRGBDCamera
34 | | from cloud_edge_robot_arm.simulation.mujoco.spec_randomization import (
35 | |     compile_randomized_mjspec_model,
36 | | )
   | |_^
37 |
38 |   # Arm collision geometry is ordered along its kinematic chain. Adjacent links
   |
help: Organize imports

Found 1 error.
[*] 1 fixable with the `--fix` option.
