fixed-s01-1 True None
fixed-s01-2 True None
fixed-s01-3 True None
fixed-s01-4 True None
positive-01 True None
positive-02 True None
positive-03 True None
positive-04 True None
positive-05 True None
positive-06 False None
positive-07 True None
positive-08 True None
positive-09 True None
positive-10 True None
positive-11 True None
positive-12 True None
negative_absent-01 False None
negative_absent-02 False None
negative_absent-03 False None
negative_absent-04 True None
{
  "total_cases": 16,
  "positive_cases": 12,
  "negative_cases": 4,
  "recorded_cases": 16,
  "complete_cases": 16,
  "error_cases": 0,
  "missing_cases": 0,
  "duplicate_cases": 0,
  "unknown_records": 0,
  "unique_scene_count": 16,
  "unique_rgb_count": 16,
  "passed_cases": 12,
  "positive_passed": 11,
  "negative_passed": 1,
  "positive_gate_counts": {
    "transport_two_images": 12,
    "observed_scene_present": 11,
    "parsed": 11,
    "grounded": 11,
    "target_hit": 11,
    "destination_hit": 11,
    "calibrated_offset": 11
  },
  "all_cases_pass": false,
  "fixed_passed": 4,
  "fixed_cases": 4,
  "target_error_p90_mm": 18.787151373748554,
  "target_error_coverage": "11/12",
  "warm_wall_latency_p95_s": 2.3506714796239976,
  "negative_explicit_refusal": 1,
  "negative_grounded_action_proposals": 3,
  "physical_task_success_rate": null,
  "physical_misoperation_rate": null,
  "physical_actions": 0,
  "local_API_cost_CNY_per_task": 0,
  "total_cost_CNY_per_task": null
}
