I001 [*] Import block is un-sorted or un-formatted
  --> tests/test_research_risk_supervision.py:3:1
   |
 1 |   """Bounded risk-source diagnostics; pure math fixtures never actual acceptance."""
 2 |
 3 | / from __future__ import annotations
 4 | |
 5 | | import hashlib
 6 | | import importlib
 7 | | import json
 8 | | from dataclasses import asdict, replace
 9 | | from datetime import UTC, datetime, timedelta
10 | | from pathlib import Path
11 | |
12 | | import pytest
13 | |
14 | | from cloud_edge_robot_arm.research.risk_sources import RiskSourceRegistration
15 | | from cloud_edge_robot_arm.simulation.mujoco.episode_evaluator import CompletionCriteria
16 | | from cloud_edge_robot_arm.vision.observations import RGBDObservation
17 | | from cloud_edge_robot_arm.vision.pose_markers import PoseMarkerRegistration, detect_pose_marker
18 | | from tests.test_pose_marker_evidence import observation
19 | | from tests.test_research_risk_sources import (
20 | |     ROOT,
21 | |     fixture_case,
22 | |     hashes,
23 | |     json_file,
24 | |     sources,
25 | | )
   | |_^
   |
help: Organize imports

I001 [*] Import block is un-sorted or un-formatted
   --> tests/test_research_risk_supervision.py:371:5
    |
370 |   def test_concrete_raw_and_initial_registrations_cannot_be_subclass_callbacks(tmp_path: Path):
371 | /     from cloud_edge_robot_arm.research.admission import InitialSourceRegistration
372 | |     from tests.test_research_admission import _registration
    | |___________________________________________________________^
373 |
374 |       registration, _, _, _ = registered_fixture(tmp_path)
    |
help: Organize imports

I001 [*] Import block is un-sorted or un-formatted
   --> tests/test_research_risk_supervision.py:456:5
    |
455 |   def test_saved_excluded_real_motion_retains_all_ten_frames_and_actual_unknown():
456 | /     from cloud_edge_robot_arm.research.risk_sources import RawCaseRegistration
457 | |     from tests.test_research_risk_sources import MOTION
    | |_______________________________________________________^
458 |
459 |       module = api()
    |
help: Organize imports

Found 3 errors.
[*] 3 fixable with the `--fix` option.
