.FFFFFFFFFFFFFFFFFFF.FF                                                  [100%]
=================================== FAILURES ===================================
__ test_reconstructed_online_features_and_offline_failure_stay_software_only ___

tmp_path = PosixPath('/tmp/pytest-of-ningyd/pytest-892/test_reconstructed_online_feat0')

    def test_reconstructed_online_features_and_offline_failure_stay_software_only(tmp_path: Path):
>       registration, _, _, _ = registered_fixture(tmp_path)
                                ^^^^^^^^^^^^^^^^^^^^^^^^^^^^

tests/test_research_risk_supervision.py:123: 
_ _ _ _ _ _ _ _ _ _ _ _ _ _ _ _ _ _ _ _ _ _ _ _ _ _ _ _ _ _ _ _ _ _ _ _ _ _ _ _ 

tmp_path = PosixPath('/tmp/pytest-of-ningyd/pytest-892/test_reconstructed_online_feat0')

    def registered_fixture(tmp_path: Path, *, history=("UNVIEWED",), split="train"):
        """Hand-constructed SOFTWARE_ONLY static RAW and measurement originals."""
        module = api()
        case, directory = fixture_case(tmp_path)
        frames = []
        epoch = datetime(2026, 10, 5, tzinfo=UTC)
        marker = PoseMarkerRegistration(
            7, 0.045, "2ba368bb5150becd1c021fe52495f3c59bd155f862502ec590b2ecd3a57899e4"
        )
        for index, step in enumerate((120, 121)):
            template = observation().model_dump()
            template.update(
                frame_id=f"software-frame-{index}",
                captured_at=epoch + timedelta(seconds=step * .25),
                sim_time_s=step * case.context["physics_dt_s"],
                episode_id=case.context["episode_id"], scene_id=case.assignment["group_id"],
                intrinsics=(1066.6666666667, 1066.6666666667, 79.5, 79.5),
                checksum_sha256="", source="mujoco_camera",
            )
>           frame = RGBDObservation.model_validate(template)
                    ^^^^^^^^^^^^^^^^^^^^^^^^^^^^^^^^^^^^^^^^
E           pydantic_core._pydantic_core.ValidationError: 1 validation error for RGBDObservation
E             Value error, observation_id must match frame_id [type=value_error, input_value={'frame_id': 'software-fr..., 'checksum_sha256': ''}, input_type=dict]
E               For further information visit https://errors.pydantic.dev/2.13/v/value_error

tests/test_research_risk_supervision.py:60: ValidationError
______ test_allocation_omission_cannot_shrink_original_frame_denominator _______

tmp_path = PosixPath('/tmp/pytest-of-ningyd/pytest-892/test_allocation_omission_canno0')

    def test_allocation_omission_cannot_shrink_original_frame_denominator(tmp_path: Path):
>       registration, _, _, _ = registered_fixture(tmp_path)
                                ^^^^^^^^^^^^^^^^^^^^^^^^^^^^

tests/test_research_risk_supervision.py:145: 
_ _ _ _ _ _ _ _ _ _ _ _ _ _ _ _ _ _ _ _ _ _ _ _ _ _ _ _ _ _ _ _ _ _ _ _ _ _ _ _ 

tmp_path = PosixPath('/tmp/pytest-of-ningyd/pytest-892/test_allocation_omission_canno0')

    def registered_fixture(tmp_path: Path, *, history=("UNVIEWED",), split="train"):
        """Hand-constructed SOFTWARE_ONLY static RAW and measurement originals."""
        module = api()
        case, directory = fixture_case(tmp_path)
        frames = []
        epoch = datetime(2026, 10, 5, tzinfo=UTC)
        marker = PoseMarkerRegistration(
            7, 0.045, "2ba368bb5150becd1c021fe52495f3c59bd155f862502ec590b2ecd3a57899e4"
        )
        for index, step in enumerate((120, 121)):
            template = observation().model_dump()
            template.update(
                frame_id=f"software-frame-{index}",
                captured_at=epoch + timedelta(seconds=step * .25),
                sim_time_s=step * case.context["physics_dt_s"],
                episode_id=case.context["episode_id"], scene_id=case.assignment["group_id"],
                intrinsics=(1066.6666666667, 1066.6666666667, 79.5, 79.5),
                checksum_sha256="", source="mujoco_camera",
            )
>           frame = RGBDObservation.model_validate(template)
                    ^^^^^^^^^^^^^^^^^^^^^^^^^^^^^^^^^^^^^^^^
E           pydantic_core._pydantic_core.ValidationError: 1 validation error for RGBDObservation
E             Value error, observation_id must match frame_id [type=value_error, input_value={'frame_id': 'software-fr..., 'checksum_sha256': ''}, input_type=dict]
E               For further information visit https://errors.pydantic.dev/2.13/v/value_error

tests/test_research_risk_supervision.py:60: ValidationError
______ test_missing_attempt_retains_every_original_scheduled_observation _______

tmp_path = PosixPath('/tmp/pytest-of-ningyd/pytest-892/test_missing_attempt_retains_e0')

    def test_missing_attempt_retains_every_original_scheduled_observation(tmp_path: Path):
>       registration, directory, _, _ = registered_fixture(tmp_path)
                                        ^^^^^^^^^^^^^^^^^^^^^^^^^^^^

tests/test_research_risk_supervision.py:153: 
_ _ _ _ _ _ _ _ _ _ _ _ _ _ _ _ _ _ _ _ _ _ _ _ _ _ _ _ _ _ _ _ _ _ _ _ _ _ _ _ 

tmp_path = PosixPath('/tmp/pytest-of-ningyd/pytest-892/test_missing_attempt_retains_e0')

    def registered_fixture(tmp_path: Path, *, history=("UNVIEWED",), split="train"):
        """Hand-constructed SOFTWARE_ONLY static RAW and measurement originals."""
        module = api()
        case, directory = fixture_case(tmp_path)
        frames = []
        epoch = datetime(2026, 10, 5, tzinfo=UTC)
        marker = PoseMarkerRegistration(
            7, 0.045, "2ba368bb5150becd1c021fe52495f3c59bd155f862502ec590b2ecd3a57899e4"
        )
        for index, step in enumerate((120, 121)):
            template = observation().model_dump()
            template.update(
                frame_id=f"software-frame-{index}",
                captured_at=epoch + timedelta(seconds=step * .25),
                sim_time_s=step * case.context["physics_dt_s"],
                episode_id=case.context["episode_id"], scene_id=case.assignment["group_id"],
                intrinsics=(1066.6666666667, 1066.6666666667, 79.5, 79.5),
                checksum_sha256="", source="mujoco_camera",
            )
>           frame = RGBDObservation.model_validate(template)
                    ^^^^^^^^^^^^^^^^^^^^^^^^^^^^^^^^^^^^^^^^
E           pydantic_core._pydantic_core.ValidationError: 1 validation error for RGBDObservation
E             Value error, observation_id must match frame_id [type=value_error, input_value={'frame_id': 'software-fr..., 'checksum_sha256': ''}, input_type=dict]
E               For further information visit https://errors.pydantic.dev/2.13/v/value_error

tests/test_research_risk_supervision.py:60: ValidationError
_ test_development_feedback_cannot_be_renamed_independent_holdout[calibration] _

tmp_path = PosixPath('/tmp/pytest-of-ningyd/pytest-892/test_development_feedback_cann0')
split = 'calibration'

    @pytest.mark.parametrize("split", ["calibration", "selection", "test"])
    def test_development_feedback_cannot_be_renamed_independent_holdout(tmp_path: Path, split: str):
>       registration, _, _, _ = registered_fixture(tmp_path, history=("DEVELOPMENT_FEEDBACK",),
                                                   split=split)

tests/test_research_risk_supervision.py:165: 
_ _ _ _ _ _ _ _ _ _ _ _ _ _ _ _ _ _ _ _ _ _ _ _ _ _ _ _ _ _ _ _ _ _ _ _ _ _ _ _ 

tmp_path = PosixPath('/tmp/pytest-of-ningyd/pytest-892/test_development_feedback_cann0')

    def registered_fixture(tmp_path: Path, *, history=("UNVIEWED",), split="train"):
        """Hand-constructed SOFTWARE_ONLY static RAW and measurement originals."""
        module = api()
        case, directory = fixture_case(tmp_path)
        frames = []
        epoch = datetime(2026, 10, 5, tzinfo=UTC)
        marker = PoseMarkerRegistration(
            7, 0.045, "2ba368bb5150becd1c021fe52495f3c59bd155f862502ec590b2ecd3a57899e4"
        )
        for index, step in enumerate((120, 121)):
            template = observation().model_dump()
            template.update(
                frame_id=f"software-frame-{index}",
                captured_at=epoch + timedelta(seconds=step * .25),
                sim_time_s=step * case.context["physics_dt_s"],
                episode_id=case.context["episode_id"], scene_id=case.assignment["group_id"],
                intrinsics=(1066.6666666667, 1066.6666666667, 79.5, 79.5),
                checksum_sha256="", source="mujoco_camera",
            )
>           frame = RGBDObservation.model_validate(template)
                    ^^^^^^^^^^^^^^^^^^^^^^^^^^^^^^^^^^^^^^^^
E           pydantic_core._pydantic_core.ValidationError: 1 validation error for RGBDObservation
E             Value error, observation_id must match frame_id [type=value_error, input_value={'frame_id': 'software-fr..., 'checksum_sha256': ''}, input_type=dict]
E               For further information visit https://errors.pydantic.dev/2.13/v/value_error

tests/test_research_risk_supervision.py:60: ValidationError
__ test_development_feedback_cannot_be_renamed_independent_holdout[selection] __

tmp_path = PosixPath('/tmp/pytest-of-ningyd/pytest-892/test_development_feedback_cann1')
split = 'selection'

    @pytest.mark.parametrize("split", ["calibration", "selection", "test"])
    def test_development_feedback_cannot_be_renamed_independent_holdout(tmp_path: Path, split: str):
>       registration, _, _, _ = registered_fixture(tmp_path, history=("DEVELOPMENT_FEEDBACK",),
                                                   split=split)

tests/test_research_risk_supervision.py:165: 
_ _ _ _ _ _ _ _ _ _ _ _ _ _ _ _ _ _ _ _ _ _ _ _ _ _ _ _ _ _ _ _ _ _ _ _ _ _ _ _ 

tmp_path = PosixPath('/tmp/pytest-of-ningyd/pytest-892/test_development_feedback_cann1')

    def registered_fixture(tmp_path: Path, *, history=("UNVIEWED",), split="train"):
        """Hand-constructed SOFTWARE_ONLY static RAW and measurement originals."""
        module = api()
        case, directory = fixture_case(tmp_path)
        frames = []
        epoch = datetime(2026, 10, 5, tzinfo=UTC)
        marker = PoseMarkerRegistration(
            7, 0.045, "2ba368bb5150becd1c021fe52495f3c59bd155f862502ec590b2ecd3a57899e4"
        )
        for index, step in enumerate((120, 121)):
            template = observation().model_dump()
            template.update(
                frame_id=f"software-frame-{index}",
                captured_at=epoch + timedelta(seconds=step * .25),
                sim_time_s=step * case.context["physics_dt_s"],
                episode_id=case.context["episode_id"], scene_id=case.assignment["group_id"],
                intrinsics=(1066.6666666667, 1066.6666666667, 79.5, 79.5),
                checksum_sha256="", source="mujoco_camera",
            )
>           frame = RGBDObservation.model_validate(template)
                    ^^^^^^^^^^^^^^^^^^^^^^^^^^^^^^^^^^^^^^^^
E           pydantic_core._pydantic_core.ValidationError: 1 validation error for RGBDObservation
E             Value error, observation_id must match frame_id [type=value_error, input_value={'frame_id': 'software-fr..., 'checksum_sha256': ''}, input_type=dict]
E               For further information visit https://errors.pydantic.dev/2.13/v/value_error

tests/test_research_risk_supervision.py:60: ValidationError
____ test_development_feedback_cannot_be_renamed_independent_holdout[test] _____

tmp_path = PosixPath('/tmp/pytest-of-ningyd/pytest-892/test_development_feedback_cann2')
split = 'test'

    @pytest.mark.parametrize("split", ["calibration", "selection", "test"])
    def test_development_feedback_cannot_be_renamed_independent_holdout(tmp_path: Path, split: str):
>       registration, _, _, _ = registered_fixture(tmp_path, history=("DEVELOPMENT_FEEDBACK",),
                                                   split=split)

tests/test_research_risk_supervision.py:165: 
_ _ _ _ _ _ _ _ _ _ _ _ _ _ _ _ _ _ _ _ _ _ _ _ _ _ _ _ _ _ _ _ _ _ _ _ _ _ _ _ 

tmp_path = PosixPath('/tmp/pytest-of-ningyd/pytest-892/test_development_feedback_cann2')

    def registered_fixture(tmp_path: Path, *, history=("UNVIEWED",), split="train"):
        """Hand-constructed SOFTWARE_ONLY static RAW and measurement originals."""
        module = api()
        case, directory = fixture_case(tmp_path)
        frames = []
        epoch = datetime(2026, 10, 5, tzinfo=UTC)
        marker = PoseMarkerRegistration(
            7, 0.045, "2ba368bb5150becd1c021fe52495f3c59bd155f862502ec590b2ecd3a57899e4"
        )
        for index, step in enumerate((120, 121)):
            template = observation().model_dump()
            template.update(
                frame_id=f"software-frame-{index}",
                captured_at=epoch + timedelta(seconds=step * .25),
                sim_time_s=step * case.context["physics_dt_s"],
                episode_id=case.context["episode_id"], scene_id=case.assignment["group_id"],
                intrinsics=(1066.6666666667, 1066.6666666667, 79.5, 79.5),
                checksum_sha256="", source="mujoco_camera",
            )
>           frame = RGBDObservation.model_validate(template)
                    ^^^^^^^^^^^^^^^^^^^^^^^^^^^^^^^^^^^^^^^^
E           pydantic_core._pydantic_core.ValidationError: 1 validation error for RGBDObservation
E             Value error, observation_id must match frame_id [type=value_error, input_value={'frame_id': 'software-fr..., 'checksum_sha256': ''}, input_type=dict]
E               For further information visit https://errors.pydantic.dev/2.13/v/value_error

tests/test_research_risk_supervision.py:60: ValidationError
_________ test_authorized_development_train_preserves_original_history _________

tmp_path = PosixPath('/tmp/pytest-of-ningyd/pytest-892/test_authorized_development_tr0')

    def test_authorized_development_train_preserves_original_history(tmp_path: Path):
>       registration, _, _, _ = registered_fixture(tmp_path, history=("DEVELOPMENT_FEEDBACK",))
                                ^^^^^^^^^^^^^^^^^^^^^^^^^^^^^^^^^^^^^^^^^^^^^^^^^^^^^^^^^^^^^^^

tests/test_research_risk_supervision.py:173: 
_ _ _ _ _ _ _ _ _ _ _ _ _ _ _ _ _ _ _ _ _ _ _ _ _ _ _ _ _ _ _ _ _ _ _ _ _ _ _ _ 

tmp_path = PosixPath('/tmp/pytest-of-ningyd/pytest-892/test_authorized_development_tr0')

    def registered_fixture(tmp_path: Path, *, history=("UNVIEWED",), split="train"):
        """Hand-constructed SOFTWARE_ONLY static RAW and measurement originals."""
        module = api()
        case, directory = fixture_case(tmp_path)
        frames = []
        epoch = datetime(2026, 10, 5, tzinfo=UTC)
        marker = PoseMarkerRegistration(
            7, 0.045, "2ba368bb5150becd1c021fe52495f3c59bd155f862502ec590b2ecd3a57899e4"
        )
        for index, step in enumerate((120, 121)):
            template = observation().model_dump()
            template.update(
                frame_id=f"software-frame-{index}",
                captured_at=epoch + timedelta(seconds=step * .25),
                sim_time_s=step * case.context["physics_dt_s"],
                episode_id=case.context["episode_id"], scene_id=case.assignment["group_id"],
                intrinsics=(1066.6666666667, 1066.6666666667, 79.5, 79.5),
                checksum_sha256="", source="mujoco_camera",
            )
>           frame = RGBDObservation.model_validate(template)
                    ^^^^^^^^^^^^^^^^^^^^^^^^^^^^^^^^^^^^^^^^
E           pydantic_core._pydantic_core.ValidationError: 1 validation error for RGBDObservation
E             Value error, observation_id must match frame_id [type=value_error, input_value={'frame_id': 'software-fr..., 'checksum_sha256': ''}, input_type=dict]
E               For further information visit https://errors.pydantic.dev/2.13/v/value_error

tests/test_research_risk_supervision.py:60: ValidationError
__________ test_unknown_history_is_unavailable_instead_of_independent __________

tmp_path = PosixPath('/tmp/pytest-of-ningyd/pytest-892/test_unknown_history_is_unavai0')

    def test_unknown_history_is_unavailable_instead_of_independent(tmp_path: Path):
>       registration, _, _, _ = registered_fixture(tmp_path, history=("UNKNOWN",))
                                ^^^^^^^^^^^^^^^^^^^^^^^^^^^^^^^^^^^^^^^^^^^^^^^^^^

tests/test_research_risk_supervision.py:181: 
_ _ _ _ _ _ _ _ _ _ _ _ _ _ _ _ _ _ _ _ _ _ _ _ _ _ _ _ _ _ _ _ _ _ _ _ _ _ _ _ 

tmp_path = PosixPath('/tmp/pytest-of-ningyd/pytest-892/test_unknown_history_is_unavai0')

    def registered_fixture(tmp_path: Path, *, history=("UNVIEWED",), split="train"):
        """Hand-constructed SOFTWARE_ONLY static RAW and measurement originals."""
        module = api()
        case, directory = fixture_case(tmp_path)
        frames = []
        epoch = datetime(2026, 10, 5, tzinfo=UTC)
        marker = PoseMarkerRegistration(
            7, 0.045, "2ba368bb5150becd1c021fe52495f3c59bd155f862502ec590b2ecd3a57899e4"
        )
        for index, step in enumerate((120, 121)):
            template = observation().model_dump()
            template.update(
                frame_id=f"software-frame-{index}",
                captured_at=epoch + timedelta(seconds=step * .25),
                sim_time_s=step * case.context["physics_dt_s"],
                episode_id=case.context["episode_id"], scene_id=case.assignment["group_id"],
                intrinsics=(1066.6666666667, 1066.6666666667, 79.5, 79.5),
                checksum_sha256="", source="mujoco_camera",
            )
>           frame = RGBDObservation.model_validate(template)
                    ^^^^^^^^^^^^^^^^^^^^^^^^^^^^^^^^^^^^^^^^
E           pydantic_core._pydantic_core.ValidationError: 1 validation error for RGBDObservation
E             Value error, observation_id must match frame_id [type=value_error, input_value={'frame_id': 'software-fr..., 'checksum_sha256': ''}, input_type=dict]
E               For further information visit https://errors.pydantic.dev/2.13/v/value_error

tests/test_research_risk_supervision.py:60: ValidationError
_ test_rehashed_diagnostic_clock_rejects_incomplete_or_untyped_mapping[omit_step] _

tmp_path = PosixPath('/tmp/pytest-of-ningyd/pytest-892/test_rehashed_diagnostic_clock0')
mutation = 'omit_step'

    @pytest.mark.parametrize("mutation", ["omit_step", "bool", "huge", "reverse", "receipt"])
    def test_rehashed_diagnostic_clock_rejects_incomplete_or_untyped_mapping(
        tmp_path: Path, mutation: str
    ):
>       registration, _, measurements, _ = registered_fixture(tmp_path)
                                           ^^^^^^^^^^^^^^^^^^^^^^^^^^^^

tests/test_research_risk_supervision.py:191: 
_ _ _ _ _ _ _ _ _ _ _ _ _ _ _ _ _ _ _ _ _ _ _ _ _ _ _ _ _ _ _ _ _ _ _ _ _ _ _ _ 

tmp_path = PosixPath('/tmp/pytest-of-ningyd/pytest-892/test_rehashed_diagnostic_clock0')

    def registered_fixture(tmp_path: Path, *, history=("UNVIEWED",), split="train"):
        """Hand-constructed SOFTWARE_ONLY static RAW and measurement originals."""
        module = api()
        case, directory = fixture_case(tmp_path)
        frames = []
        epoch = datetime(2026, 10, 5, tzinfo=UTC)
        marker = PoseMarkerRegistration(
            7, 0.045, "2ba368bb5150becd1c021fe52495f3c59bd155f862502ec590b2ecd3a57899e4"
        )
        for index, step in enumerate((120, 121)):
            template = observation().model_dump()
            template.update(
                frame_id=f"software-frame-{index}",
                captured_at=epoch + timedelta(seconds=step * .25),
                sim_time_s=step * case.context["physics_dt_s"],
                episode_id=case.context["episode_id"], scene_id=case.assignment["group_id"],
                intrinsics=(1066.6666666667, 1066.6666666667, 79.5, 79.5),
                checksum_sha256="", source="mujoco_camera",
            )
>           frame = RGBDObservation.model_validate(template)
                    ^^^^^^^^^^^^^^^^^^^^^^^^^^^^^^^^^^^^^^^^
E           pydantic_core._pydantic_core.ValidationError: 1 validation error for RGBDObservation
E             Value error, observation_id must match frame_id [type=value_error, input_value={'frame_id': 'software-fr..., 'checksum_sha256': ''}, input_type=dict]
E               For further information visit https://errors.pydantic.dev/2.13/v/value_error

tests/test_research_risk_supervision.py:60: ValidationError
__ test_rehashed_diagnostic_clock_rejects_incomplete_or_untyped_mapping[bool] __

tmp_path = PosixPath('/tmp/pytest-of-ningyd/pytest-892/test_rehashed_diagnostic_clock1')
mutation = 'bool'

    @pytest.mark.parametrize("mutation", ["omit_step", "bool", "huge", "reverse", "receipt"])
    def test_rehashed_diagnostic_clock_rejects_incomplete_or_untyped_mapping(
        tmp_path: Path, mutation: str
    ):
>       registration, _, measurements, _ = registered_fixture(tmp_path)
                                           ^^^^^^^^^^^^^^^^^^^^^^^^^^^^

tests/test_research_risk_supervision.py:191: 
_ _ _ _ _ _ _ _ _ _ _ _ _ _ _ _ _ _ _ _ _ _ _ _ _ _ _ _ _ _ _ _ _ _ _ _ _ _ _ _ 

tmp_path = PosixPath('/tmp/pytest-of-ningyd/pytest-892/test_rehashed_diagnostic_clock1')

    def registered_fixture(tmp_path: Path, *, history=("UNVIEWED",), split="train"):
        """Hand-constructed SOFTWARE_ONLY static RAW and measurement originals."""
        module = api()
        case, directory = fixture_case(tmp_path)
        frames = []
        epoch = datetime(2026, 10, 5, tzinfo=UTC)
        marker = PoseMarkerRegistration(
            7, 0.045, "2ba368bb5150becd1c021fe52495f3c59bd155f862502ec590b2ecd3a57899e4"
        )
        for index, step in enumerate((120, 121)):
            template = observation().model_dump()
            template.update(
                frame_id=f"software-frame-{index}",
                captured_at=epoch + timedelta(seconds=step * .25),
                sim_time_s=step * case.context["physics_dt_s"],
                episode_id=case.context["episode_id"], scene_id=case.assignment["group_id"],
                intrinsics=(1066.6666666667, 1066.6666666667, 79.5, 79.5),
                checksum_sha256="", source="mujoco_camera",
            )
>           frame = RGBDObservation.model_validate(template)
                    ^^^^^^^^^^^^^^^^^^^^^^^^^^^^^^^^^^^^^^^^
E           pydantic_core._pydantic_core.ValidationError: 1 validation error for RGBDObservation
E             Value error, observation_id must match frame_id [type=value_error, input_value={'frame_id': 'software-fr..., 'checksum_sha256': ''}, input_type=dict]
E               For further information visit https://errors.pydantic.dev/2.13/v/value_error

tests/test_research_risk_supervision.py:60: ValidationError
__ test_rehashed_diagnostic_clock_rejects_incomplete_or_untyped_mapping[huge] __

tmp_path = PosixPath('/tmp/pytest-of-ningyd/pytest-892/test_rehashed_diagnostic_clock2')
mutation = 'huge'

    @pytest.mark.parametrize("mutation", ["omit_step", "bool", "huge", "reverse", "receipt"])
    def test_rehashed_diagnostic_clock_rejects_incomplete_or_untyped_mapping(
        tmp_path: Path, mutation: str
    ):
>       registration, _, measurements, _ = registered_fixture(tmp_path)
                                           ^^^^^^^^^^^^^^^^^^^^^^^^^^^^

tests/test_research_risk_supervision.py:191: 
_ _ _ _ _ _ _ _ _ _ _ _ _ _ _ _ _ _ _ _ _ _ _ _ _ _ _ _ _ _ _ _ _ _ _ _ _ _ _ _ 

tmp_path = PosixPath('/tmp/pytest-of-ningyd/pytest-892/test_rehashed_diagnostic_clock2')

    def registered_fixture(tmp_path: Path, *, history=("UNVIEWED",), split="train"):
        """Hand-constructed SOFTWARE_ONLY static RAW and measurement originals."""
        module = api()
        case, directory = fixture_case(tmp_path)
        frames = []
        epoch = datetime(2026, 10, 5, tzinfo=UTC)
        marker = PoseMarkerRegistration(
            7, 0.045, "2ba368bb5150becd1c021fe52495f3c59bd155f862502ec590b2ecd3a57899e4"
        )
        for index, step in enumerate((120, 121)):
            template = observation().model_dump()
            template.update(
                frame_id=f"software-frame-{index}",
                captured_at=epoch + timedelta(seconds=step * .25),
                sim_time_s=step * case.context["physics_dt_s"],
                episode_id=case.context["episode_id"], scene_id=case.assignment["group_id"],
                intrinsics=(1066.6666666667, 1066.6666666667, 79.5, 79.5),
                checksum_sha256="", source="mujoco_camera",
            )
>           frame = RGBDObservation.model_validate(template)
                    ^^^^^^^^^^^^^^^^^^^^^^^^^^^^^^^^^^^^^^^^
E           pydantic_core._pydantic_core.ValidationError: 1 validation error for RGBDObservation
E             Value error, observation_id must match frame_id [type=value_error, input_value={'frame_id': 'software-fr..., 'checksum_sha256': ''}, input_type=dict]
E               For further information visit https://errors.pydantic.dev/2.13/v/value_error

tests/test_research_risk_supervision.py:60: ValidationError
_ test_rehashed_diagnostic_clock_rejects_incomplete_or_untyped_mapping[reverse] _

tmp_path = PosixPath('/tmp/pytest-of-ningyd/pytest-892/test_rehashed_diagnostic_clock3')
mutation = 'reverse'

    @pytest.mark.parametrize("mutation", ["omit_step", "bool", "huge", "reverse", "receipt"])
    def test_rehashed_diagnostic_clock_rejects_incomplete_or_untyped_mapping(
        tmp_path: Path, mutation: str
    ):
>       registration, _, measurements, _ = registered_fixture(tmp_path)
                                           ^^^^^^^^^^^^^^^^^^^^^^^^^^^^

tests/test_research_risk_supervision.py:191: 
_ _ _ _ _ _ _ _ _ _ _ _ _ _ _ _ _ _ _ _ _ _ _ _ _ _ _ _ _ _ _ _ _ _ _ _ _ _ _ _ 

tmp_path = PosixPath('/tmp/pytest-of-ningyd/pytest-892/test_rehashed_diagnostic_clock3')

    def registered_fixture(tmp_path: Path, *, history=("UNVIEWED",), split="train"):
        """Hand-constructed SOFTWARE_ONLY static RAW and measurement originals."""
        module = api()
        case, directory = fixture_case(tmp_path)
        frames = []
        epoch = datetime(2026, 10, 5, tzinfo=UTC)
        marker = PoseMarkerRegistration(
            7, 0.045, "2ba368bb5150becd1c021fe52495f3c59bd155f862502ec590b2ecd3a57899e4"
        )
        for index, step in enumerate((120, 121)):
            template = observation().model_dump()
            template.update(
                frame_id=f"software-frame-{index}",
                captured_at=epoch + timedelta(seconds=step * .25),
                sim_time_s=step * case.context["physics_dt_s"],
                episode_id=case.context["episode_id"], scene_id=case.assignment["group_id"],
                intrinsics=(1066.6666666667, 1066.6666666667, 79.5, 79.5),
                checksum_sha256="", source="mujoco_camera",
            )
>           frame = RGBDObservation.model_validate(template)
                    ^^^^^^^^^^^^^^^^^^^^^^^^^^^^^^^^^^^^^^^^
E           pydantic_core._pydantic_core.ValidationError: 1 validation error for RGBDObservation
E             Value error, observation_id must match frame_id [type=value_error, input_value={'frame_id': 'software-fr..., 'checksum_sha256': ''}, input_type=dict]
E               For further information visit https://errors.pydantic.dev/2.13/v/value_error

tests/test_research_risk_supervision.py:60: ValidationError
_ test_rehashed_diagnostic_clock_rejects_incomplete_or_untyped_mapping[receipt] _

tmp_path = PosixPath('/tmp/pytest-of-ningyd/pytest-892/test_rehashed_diagnostic_clock4')
mutation = 'receipt'

    @pytest.mark.parametrize("mutation", ["omit_step", "bool", "huge", "reverse", "receipt"])
    def test_rehashed_diagnostic_clock_rejects_incomplete_or_untyped_mapping(
        tmp_path: Path, mutation: str
    ):
>       registration, _, measurements, _ = registered_fixture(tmp_path)
                                           ^^^^^^^^^^^^^^^^^^^^^^^^^^^^

tests/test_research_risk_supervision.py:191: 
_ _ _ _ _ _ _ _ _ _ _ _ _ _ _ _ _ _ _ _ _ _ _ _ _ _ _ _ _ _ _ _ _ _ _ _ _ _ _ _ 

tmp_path = PosixPath('/tmp/pytest-of-ningyd/pytest-892/test_rehashed_diagnostic_clock4')

    def registered_fixture(tmp_path: Path, *, history=("UNVIEWED",), split="train"):
        """Hand-constructed SOFTWARE_ONLY static RAW and measurement originals."""
        module = api()
        case, directory = fixture_case(tmp_path)
        frames = []
        epoch = datetime(2026, 10, 5, tzinfo=UTC)
        marker = PoseMarkerRegistration(
            7, 0.045, "2ba368bb5150becd1c021fe52495f3c59bd155f862502ec590b2ecd3a57899e4"
        )
        for index, step in enumerate((120, 121)):
            template = observation().model_dump()
            template.update(
                frame_id=f"software-frame-{index}",
                captured_at=epoch + timedelta(seconds=step * .25),
                sim_time_s=step * case.context["physics_dt_s"],
                episode_id=case.context["episode_id"], scene_id=case.assignment["group_id"],
                intrinsics=(1066.6666666667, 1066.6666666667, 79.5, 79.5),
                checksum_sha256="", source="mujoco_camera",
            )
>           frame = RGBDObservation.model_validate(template)
                    ^^^^^^^^^^^^^^^^^^^^^^^^^^^^^^^^^^^^^^^^
E           pydantic_core._pydantic_core.ValidationError: 1 validation error for RGBDObservation
E             Value error, observation_id must match frame_id [type=value_error, input_value={'frame_id': 'software-fr..., 'checksum_sha256': ''}, input_type=dict]
E               For further information visit https://errors.pydantic.dev/2.13/v/value_error

tests/test_research_risk_supervision.py:60: ValidationError
_ test_calibration_diagnostics_do_not_accept_target_truth_or_receipt[target_overlap] _

tmp_path = PosixPath('/tmp/pytest-of-ningyd/pytest-892/test_calibration_diagnostics_d0')
mutation = 'target_overlap'

    @pytest.mark.parametrize("mutation", ["target_overlap", "camera_drift", "receipt", "negative_bool"])
    def test_calibration_diagnostics_do_not_accept_target_truth_or_receipt(
        tmp_path: Path, mutation: str
    ):
>       registration, _, measurements, frames = registered_fixture(tmp_path)
                                                ^^^^^^^^^^^^^^^^^^^^^^^^^^^^

tests/test_research_risk_supervision.py:215: 
_ _ _ _ _ _ _ _ _ _ _ _ _ _ _ _ _ _ _ _ _ _ _ _ _ _ _ _ _ _ _ _ _ _ _ _ _ _ _ _ 

tmp_path = PosixPath('/tmp/pytest-of-ningyd/pytest-892/test_calibration_diagnostics_d0')

    def registered_fixture(tmp_path: Path, *, history=("UNVIEWED",), split="train"):
        """Hand-constructed SOFTWARE_ONLY static RAW and measurement originals."""
        module = api()
        case, directory = fixture_case(tmp_path)
        frames = []
        epoch = datetime(2026, 10, 5, tzinfo=UTC)
        marker = PoseMarkerRegistration(
            7, 0.045, "2ba368bb5150becd1c021fe52495f3c59bd155f862502ec590b2ecd3a57899e4"
        )
        for index, step in enumerate((120, 121)):
            template = observation().model_dump()
            template.update(
                frame_id=f"software-frame-{index}",
                captured_at=epoch + timedelta(seconds=step * .25),
                sim_time_s=step * case.context["physics_dt_s"],
                episode_id=case.context["episode_id"], scene_id=case.assignment["group_id"],
                intrinsics=(1066.6666666667, 1066.6666666667, 79.5, 79.5),
                checksum_sha256="", source="mujoco_camera",
            )
>           frame = RGBDObservation.model_validate(template)
                    ^^^^^^^^^^^^^^^^^^^^^^^^^^^^^^^^^^^^^^^^
E           pydantic_core._pydantic_core.ValidationError: 1 validation error for RGBDObservation
E             Value error, observation_id must match frame_id [type=value_error, input_value={'frame_id': 'software-fr..., 'checksum_sha256': ''}, input_type=dict]
E               For further information visit https://errors.pydantic.dev/2.13/v/value_error

tests/test_research_risk_supervision.py:60: ValidationError
_ test_calibration_diagnostics_do_not_accept_target_truth_or_receipt[camera_drift] _

tmp_path = PosixPath('/tmp/pytest-of-ningyd/pytest-892/test_calibration_diagnostics_d1')
mutation = 'camera_drift'

    @pytest.mark.parametrize("mutation", ["target_overlap", "camera_drift", "receipt", "negative_bool"])
    def test_calibration_diagnostics_do_not_accept_target_truth_or_receipt(
        tmp_path: Path, mutation: str
    ):
>       registration, _, measurements, frames = registered_fixture(tmp_path)
                                                ^^^^^^^^^^^^^^^^^^^^^^^^^^^^

tests/test_research_risk_supervision.py:215: 
_ _ _ _ _ _ _ _ _ _ _ _ _ _ _ _ _ _ _ _ _ _ _ _ _ _ _ _ _ _ _ _ _ _ _ _ _ _ _ _ 

tmp_path = PosixPath('/tmp/pytest-of-ningyd/pytest-892/test_calibration_diagnostics_d1')

    def registered_fixture(tmp_path: Path, *, history=("UNVIEWED",), split="train"):
        """Hand-constructed SOFTWARE_ONLY static RAW and measurement originals."""
        module = api()
        case, directory = fixture_case(tmp_path)
        frames = []
        epoch = datetime(2026, 10, 5, tzinfo=UTC)
        marker = PoseMarkerRegistration(
            7, 0.045, "2ba368bb5150becd1c021fe52495f3c59bd155f862502ec590b2ecd3a57899e4"
        )
        for index, step in enumerate((120, 121)):
            template = observation().model_dump()
            template.update(
                frame_id=f"software-frame-{index}",
                captured_at=epoch + timedelta(seconds=step * .25),
                sim_time_s=step * case.context["physics_dt_s"],
                episode_id=case.context["episode_id"], scene_id=case.assignment["group_id"],
                intrinsics=(1066.6666666667, 1066.6666666667, 79.5, 79.5),
                checksum_sha256="", source="mujoco_camera",
            )
>           frame = RGBDObservation.model_validate(template)
                    ^^^^^^^^^^^^^^^^^^^^^^^^^^^^^^^^^^^^^^^^
E           pydantic_core._pydantic_core.ValidationError: 1 validation error for RGBDObservation
E             Value error, observation_id must match frame_id [type=value_error, input_value={'frame_id': 'software-fr..., 'checksum_sha256': ''}, input_type=dict]
E               For further information visit https://errors.pydantic.dev/2.13/v/value_error

tests/test_research_risk_supervision.py:60: ValidationError
_ test_calibration_diagnostics_do_not_accept_target_truth_or_receipt[receipt] __

tmp_path = PosixPath('/tmp/pytest-of-ningyd/pytest-892/test_calibration_diagnostics_d2')
mutation = 'receipt'

    @pytest.mark.parametrize("mutation", ["target_overlap", "camera_drift", "receipt", "negative_bool"])
    def test_calibration_diagnostics_do_not_accept_target_truth_or_receipt(
        tmp_path: Path, mutation: str
    ):
>       registration, _, measurements, frames = registered_fixture(tmp_path)
                                                ^^^^^^^^^^^^^^^^^^^^^^^^^^^^

tests/test_research_risk_supervision.py:215: 
_ _ _ _ _ _ _ _ _ _ _ _ _ _ _ _ _ _ _ _ _ _ _ _ _ _ _ _ _ _ _ _ _ _ _ _ _ _ _ _ 

tmp_path = PosixPath('/tmp/pytest-of-ningyd/pytest-892/test_calibration_diagnostics_d2')

    def registered_fixture(tmp_path: Path, *, history=("UNVIEWED",), split="train"):
        """Hand-constructed SOFTWARE_ONLY static RAW and measurement originals."""
        module = api()
        case, directory = fixture_case(tmp_path)
        frames = []
        epoch = datetime(2026, 10, 5, tzinfo=UTC)
        marker = PoseMarkerRegistration(
            7, 0.045, "2ba368bb5150becd1c021fe52495f3c59bd155f862502ec590b2ecd3a57899e4"
        )
        for index, step in enumerate((120, 121)):
            template = observation().model_dump()
            template.update(
                frame_id=f"software-frame-{index}",
                captured_at=epoch + timedelta(seconds=step * .25),
                sim_time_s=step * case.context["physics_dt_s"],
                episode_id=case.context["episode_id"], scene_id=case.assignment["group_id"],
                intrinsics=(1066.6666666667, 1066.6666666667, 79.5, 79.5),
                checksum_sha256="", source="mujoco_camera",
            )
>           frame = RGBDObservation.model_validate(template)
                    ^^^^^^^^^^^^^^^^^^^^^^^^^^^^^^^^^^^^^^^^
E           pydantic_core._pydantic_core.ValidationError: 1 validation error for RGBDObservation
E             Value error, observation_id must match frame_id [type=value_error, input_value={'frame_id': 'software-fr..., 'checksum_sha256': ''}, input_type=dict]
E               For further information visit https://errors.pydantic.dev/2.13/v/value_error

tests/test_research_risk_supervision.py:60: ValidationError
_ test_calibration_diagnostics_do_not_accept_target_truth_or_receipt[negative_bool] _

tmp_path = PosixPath('/tmp/pytest-of-ningyd/pytest-892/test_calibration_diagnostics_d3')
mutation = 'negative_bool'

    @pytest.mark.parametrize("mutation", ["target_overlap", "camera_drift", "receipt", "negative_bool"])
    def test_calibration_diagnostics_do_not_accept_target_truth_or_receipt(
        tmp_path: Path, mutation: str
    ):
>       registration, _, measurements, frames = registered_fixture(tmp_path)
                                                ^^^^^^^^^^^^^^^^^^^^^^^^^^^^

tests/test_research_risk_supervision.py:215: 
_ _ _ _ _ _ _ _ _ _ _ _ _ _ _ _ _ _ _ _ _ _ _ _ _ _ _ _ _ _ _ _ _ _ _ _ _ _ _ _ 

tmp_path = PosixPath('/tmp/pytest-of-ningyd/pytest-892/test_calibration_diagnostics_d3')

    def registered_fixture(tmp_path: Path, *, history=("UNVIEWED",), split="train"):
        """Hand-constructed SOFTWARE_ONLY static RAW and measurement originals."""
        module = api()
        case, directory = fixture_case(tmp_path)
        frames = []
        epoch = datetime(2026, 10, 5, tzinfo=UTC)
        marker = PoseMarkerRegistration(
            7, 0.045, "2ba368bb5150becd1c021fe52495f3c59bd155f862502ec590b2ecd3a57899e4"
        )
        for index, step in enumerate((120, 121)):
            template = observation().model_dump()
            template.update(
                frame_id=f"software-frame-{index}",
                captured_at=epoch + timedelta(seconds=step * .25),
                sim_time_s=step * case.context["physics_dt_s"],
                episode_id=case.context["episode_id"], scene_id=case.assignment["group_id"],
                intrinsics=(1066.6666666667, 1066.6666666667, 79.5, 79.5),
                checksum_sha256="", source="mujoco_camera",
            )
>           frame = RGBDObservation.model_validate(template)
                    ^^^^^^^^^^^^^^^^^^^^^^^^^^^^^^^^^^^^^^^^
E           pydantic_core._pydantic_core.ValidationError: 1 validation error for RGBDObservation
E             Value error, observation_id must match frame_id [type=value_error, input_value={'frame_id': 'software-fr..., 'checksum_sha256': ''}, input_type=dict]
E               For further information visit https://errors.pydantic.dev/2.13/v/value_error

tests/test_research_risk_supervision.py:60: ValidationError
_____ test_future_or_cross_split_previous_observation_does_not_leak_online _____

tmp_path = PosixPath('/tmp/pytest-of-ningyd/pytest-892/test_future_or_cross_split_pre0')

    def test_future_or_cross_split_previous_observation_does_not_leak_online(tmp_path: Path):
>       registration, _, _, _ = registered_fixture(tmp_path)
                                ^^^^^^^^^^^^^^^^^^^^^^^^^^^^

tests/test_research_risk_supervision.py:232: 
_ _ _ _ _ _ _ _ _ _ _ _ _ _ _ _ _ _ _ _ _ _ _ _ _ _ _ _ _ _ _ _ _ _ _ _ _ _ _ _ 

tmp_path = PosixPath('/tmp/pytest-of-ningyd/pytest-892/test_future_or_cross_split_pre0')

    def registered_fixture(tmp_path: Path, *, history=("UNVIEWED",), split="train"):
        """Hand-constructed SOFTWARE_ONLY static RAW and measurement originals."""
        module = api()
        case, directory = fixture_case(tmp_path)
        frames = []
        epoch = datetime(2026, 10, 5, tzinfo=UTC)
        marker = PoseMarkerRegistration(
            7, 0.045, "2ba368bb5150becd1c021fe52495f3c59bd155f862502ec590b2ecd3a57899e4"
        )
        for index, step in enumerate((120, 121)):
            template = observation().model_dump()
            template.update(
                frame_id=f"software-frame-{index}",
                captured_at=epoch + timedelta(seconds=step * .25),
                sim_time_s=step * case.context["physics_dt_s"],
                episode_id=case.context["episode_id"], scene_id=case.assignment["group_id"],
                intrinsics=(1066.6666666667, 1066.6666666667, 79.5, 79.5),
                checksum_sha256="", source="mujoco_camera",
            )
>           frame = RGBDObservation.model_validate(template)
                    ^^^^^^^^^^^^^^^^^^^^^^^^^^^^^^^^^^^^^^^^
E           pydantic_core._pydantic_core.ValidationError: 1 validation error for RGBDObservation
E             Value error, observation_id must match frame_id [type=value_error, input_value={'frame_id': 'software-fr..., 'checksum_sha256': ''}, input_type=dict]
E               For further information visit https://errors.pydantic.dev/2.13/v/value_error

tests/test_research_risk_supervision.py:60: ValidationError
_________ test_connected_source_observations_cannot_split_across_roles _________

tmp_path = PosixPath('/tmp/pytest-of-ningyd/pytest-892/test_connected_source_observat0')

    def test_connected_source_observations_cannot_split_across_roles(tmp_path: Path):
>       registration, _, _, _ = registered_fixture(tmp_path)
                                ^^^^^^^^^^^^^^^^^^^^^^^^^^^^

tests/test_research_risk_supervision.py:240: 
_ _ _ _ _ _ _ _ _ _ _ _ _ _ _ _ _ _ _ _ _ _ _ _ _ _ _ _ _ _ _ _ _ _ _ _ _ _ _ _ 

tmp_path = PosixPath('/tmp/pytest-of-ningyd/pytest-892/test_connected_source_observat0')

    def registered_fixture(tmp_path: Path, *, history=("UNVIEWED",), split="train"):
        """Hand-constructed SOFTWARE_ONLY static RAW and measurement originals."""
        module = api()
        case, directory = fixture_case(tmp_path)
        frames = []
        epoch = datetime(2026, 10, 5, tzinfo=UTC)
        marker = PoseMarkerRegistration(
            7, 0.045, "2ba368bb5150becd1c021fe52495f3c59bd155f862502ec590b2ecd3a57899e4"
        )
        for index, step in enumerate((120, 121)):
            template = observation().model_dump()
            template.update(
                frame_id=f"software-frame-{index}",
                captured_at=epoch + timedelta(seconds=step * .25),
                sim_time_s=step * case.context["physics_dt_s"],
                episode_id=case.context["episode_id"], scene_id=case.assignment["group_id"],
                intrinsics=(1066.6666666667, 1066.6666666667, 79.5, 79.5),
                checksum_sha256="", source="mujoco_camera",
            )
>           frame = RGBDObservation.model_validate(template)
                    ^^^^^^^^^^^^^^^^^^^^^^^^^^^^^^^^^^^^^^^^
E           pydantic_core._pydantic_core.ValidationError: 1 validation error for RGBDObservation
E             Value error, observation_id must match frame_id [type=value_error, input_value={'frame_id': 'software-fr..., 'checksum_sha256': ''}, input_type=dict]
E               For further information visit https://errors.pydantic.dev/2.13/v/value_error

tests/test_research_risk_supervision.py:60: ValidationError
__ test_caller_copy_mutation_cannot_change_registered_sources_or_allocations ___

tmp_path = PosixPath('/tmp/pytest-of-ningyd/pytest-892/test_caller_copy_mutation_cann0')

    def test_caller_copy_mutation_cannot_change_registered_sources_or_allocations(tmp_path: Path):
>       registration, _, _, _ = registered_fixture(tmp_path)
                                ^^^^^^^^^^^^^^^^^^^^^^^^^^^^

tests/test_research_risk_supervision.py:256: 
_ _ _ _ _ _ _ _ _ _ _ _ _ _ _ _ _ _ _ _ _ _ _ _ _ _ _ _ _ _ _ _ _ _ _ _ _ _ _ _ 

tmp_path = PosixPath('/tmp/pytest-of-ningyd/pytest-892/test_caller_copy_mutation_cann0')

    def registered_fixture(tmp_path: Path, *, history=("UNVIEWED",), split="train"):
        """Hand-constructed SOFTWARE_ONLY static RAW and measurement originals."""
        module = api()
        case, directory = fixture_case(tmp_path)
        frames = []
        epoch = datetime(2026, 10, 5, tzinfo=UTC)
        marker = PoseMarkerRegistration(
            7, 0.045, "2ba368bb5150becd1c021fe52495f3c59bd155f862502ec590b2ecd3a57899e4"
        )
        for index, step in enumerate((120, 121)):
            template = observation().model_dump()
            template.update(
                frame_id=f"software-frame-{index}",
                captured_at=epoch + timedelta(seconds=step * .25),
                sim_time_s=step * case.context["physics_dt_s"],
                episode_id=case.context["episode_id"], scene_id=case.assignment["group_id"],
                intrinsics=(1066.6666666667, 1066.6666666667, 79.5, 79.5),
                checksum_sha256="", source="mujoco_camera",
            )
>           frame = RGBDObservation.model_validate(template)
                    ^^^^^^^^^^^^^^^^^^^^^^^^^^^^^^^^^^^^^^^^
E           pydantic_core._pydantic_core.ValidationError: 1 validation error for RGBDObservation
E             Value error, observation_id must match frame_id [type=value_error, input_value={'frame_id': 'software-fr..., 'checksum_sha256': ''}, input_type=dict]
E               For further information visit https://errors.pydantic.dev/2.13/v/value_error

tests/test_research_risk_supervision.py:60: ValidationError
_________ test_original_measurement_change_is_rechecked_on_every_audit _________

tmp_path = PosixPath('/tmp/pytest-of-ningyd/pytest-892/test_original_measurement_chan0')

    def test_original_measurement_change_is_rechecked_on_every_audit(tmp_path: Path):
>       registration, _, measurements, _ = registered_fixture(tmp_path)
                                           ^^^^^^^^^^^^^^^^^^^^^^^^^^^^

tests/test_research_risk_supervision.py:264: 
_ _ _ _ _ _ _ _ _ _ _ _ _ _ _ _ _ _ _ _ _ _ _ _ _ _ _ _ _ _ _ _ _ _ _ _ _ _ _ _ 

tmp_path = PosixPath('/tmp/pytest-of-ningyd/pytest-892/test_original_measurement_chan0')

    def registered_fixture(tmp_path: Path, *, history=("UNVIEWED",), split="train"):
        """Hand-constructed SOFTWARE_ONLY static RAW and measurement originals."""
        module = api()
        case, directory = fixture_case(tmp_path)
        frames = []
        epoch = datetime(2026, 10, 5, tzinfo=UTC)
        marker = PoseMarkerRegistration(
            7, 0.045, "2ba368bb5150becd1c021fe52495f3c59bd155f862502ec590b2ecd3a57899e4"
        )
        for index, step in enumerate((120, 121)):
            template = observation().model_dump()
            template.update(
                frame_id=f"software-frame-{index}",
                captured_at=epoch + timedelta(seconds=step * .25),
                sim_time_s=step * case.context["physics_dt_s"],
                episode_id=case.context["episode_id"], scene_id=case.assignment["group_id"],
                intrinsics=(1066.6666666667, 1066.6666666667, 79.5, 79.5),
                checksum_sha256="", source="mujoco_camera",
            )
>           frame = RGBDObservation.model_validate(template)
                    ^^^^^^^^^^^^^^^^^^^^^^^^^^^^^^^^^^^^^^^^
E           pydantic_core._pydantic_core.ValidationError: 1 validation error for RGBDObservation
E             Value error, observation_id must match frame_id [type=value_error, input_value={'frame_id': 'software-fr..., 'checksum_sha256': ''}, input_type=dict]
E               For further information visit https://errors.pydantic.dev/2.13/v/value_error

tests/test_research_risk_supervision.py:60: ValidationError
=========================== short test summary info ============================
FAILED tests/test_research_risk_supervision.py::test_reconstructed_online_features_and_offline_failure_stay_software_only
FAILED tests/test_research_risk_supervision.py::test_allocation_omission_cannot_shrink_original_frame_denominator
FAILED tests/test_research_risk_supervision.py::test_missing_attempt_retains_every_original_scheduled_observation
FAILED tests/test_research_risk_supervision.py::test_development_feedback_cannot_be_renamed_independent_holdout[calibration]
FAILED tests/test_research_risk_supervision.py::test_development_feedback_cannot_be_renamed_independent_holdout[selection]
FAILED tests/test_research_risk_supervision.py::test_development_feedback_cannot_be_renamed_independent_holdout[test]
FAILED tests/test_research_risk_supervision.py::test_authorized_development_train_preserves_original_history
FAILED tests/test_research_risk_supervision.py::test_unknown_history_is_unavailable_instead_of_independent
FAILED tests/test_research_risk_supervision.py::test_rehashed_diagnostic_clock_rejects_incomplete_or_untyped_mapping[omit_step]
FAILED tests/test_research_risk_supervision.py::test_rehashed_diagnostic_clock_rejects_incomplete_or_untyped_mapping[bool]
FAILED tests/test_research_risk_supervision.py::test_rehashed_diagnostic_clock_rejects_incomplete_or_untyped_mapping[huge]
FAILED tests/test_research_risk_supervision.py::test_rehashed_diagnostic_clock_rejects_incomplete_or_untyped_mapping[reverse]
FAILED tests/test_research_risk_supervision.py::test_rehashed_diagnostic_clock_rejects_incomplete_or_untyped_mapping[receipt]
FAILED tests/test_research_risk_supervision.py::test_calibration_diagnostics_do_not_accept_target_truth_or_receipt[target_overlap]
FAILED tests/test_research_risk_supervision.py::test_calibration_diagnostics_do_not_accept_target_truth_or_receipt[camera_drift]
FAILED tests/test_research_risk_supervision.py::test_calibration_diagnostics_do_not_accept_target_truth_or_receipt[receipt]
FAILED tests/test_research_risk_supervision.py::test_calibration_diagnostics_do_not_accept_target_truth_or_receipt[negative_bool]
FAILED tests/test_research_risk_supervision.py::test_future_or_cross_split_previous_observation_does_not_leak_online
FAILED tests/test_research_risk_supervision.py::test_connected_source_observations_cannot_split_across_roles
FAILED tests/test_research_risk_supervision.py::test_caller_copy_mutation_cannot_change_registered_sources_or_allocations
FAILED tests/test_research_risk_supervision.py::test_original_measurement_change_is_rechecked_on_every_audit
21 failed, 2 passed in 1.22s
