FFFFFFFFFFFFFFFFFFFFFFF                                                  [100%]
=================================== FAILURES ===================================
_______ test_unregistered_source_has_no_observation_or_actual_authority ________

    def test_unregistered_source_has_no_observation_or_actual_authority() -> None:
>       result = api().RiskSupervisionAuditor({}).audit("not-registered")
                 ^^^^^

tests/test_research_risk_supervision.py:34: 
_ _ _ _ _ _ _ _ _ _ _ _ _ _ _ _ _ _ _ _ _ _ _ _ _ _ _ _ _ _ _ _ _ _ _ _ _ _ _ _ 
tests/test_research_risk_supervision.py:30: in api
    return importlib.import_module("cloud_edge_robot_arm.research.risk_supervision")
           ^^^^^^^^^^^^^^^^^^^^^^^^^^^^^^^^^^^^^^^^^^^^^^^^^^^^^^^^^^^^^^^^^^^^^^^^^
/usr/lib/python3.12/importlib/__init__.py:90: in import_module
    return _bootstrap._gcd_import(name[level:], package, level)
           ^^^^^^^^^^^^^^^^^^^^^^^^^^^^^^^^^^^^^^^^^^^^^^^^^^^^
<frozen importlib._bootstrap>:1387: in _gcd_import
    ???
<frozen importlib._bootstrap>:1360: in _find_and_load
    ???
_ _ _ _ _ _ _ _ _ _ _ _ _ _ _ _ _ _ _ _ _ _ _ _ _ _ _ _ _ _ _ _ _ _ _ _ _ _ _ _ 

name = 'cloud_edge_robot_arm.research.risk_supervision'
import_ = <function _gcd_import at 0x724a0ccd40e0>

>   ???
E   ModuleNotFoundError: No module named 'cloud_edge_robot_arm.research.risk_supervision'

<frozen importlib._bootstrap>:1324: ModuleNotFoundError
__ test_reconstructed_online_features_and_offline_failure_stay_software_only ___

tmp_path = PosixPath('/tmp/pytest-of-ningyd/pytest-889/test_reconstructed_online_feat0')

    def test_reconstructed_online_features_and_offline_failure_stay_software_only(tmp_path: Path):
>       registration, _, _, _ = registered_fixture(tmp_path)
                                ^^^^^^^^^^^^^^^^^^^^^^^^^^^^

tests/test_research_risk_supervision.py:123: 
_ _ _ _ _ _ _ _ _ _ _ _ _ _ _ _ _ _ _ _ _ _ _ _ _ _ _ _ _ _ _ _ _ _ _ _ _ _ _ _ 
tests/test_research_risk_supervision.py:43: in registered_fixture
    module = api()
             ^^^^^
tests/test_research_risk_supervision.py:30: in api
    return importlib.import_module("cloud_edge_robot_arm.research.risk_supervision")
           ^^^^^^^^^^^^^^^^^^^^^^^^^^^^^^^^^^^^^^^^^^^^^^^^^^^^^^^^^^^^^^^^^^^^^^^^^
/usr/lib/python3.12/importlib/__init__.py:90: in import_module
    return _bootstrap._gcd_import(name[level:], package, level)
           ^^^^^^^^^^^^^^^^^^^^^^^^^^^^^^^^^^^^^^^^^^^^^^^^^^^^
<frozen importlib._bootstrap>:1387: in _gcd_import
    ???
<frozen importlib._bootstrap>:1360: in _find_and_load
    ???
_ _ _ _ _ _ _ _ _ _ _ _ _ _ _ _ _ _ _ _ _ _ _ _ _ _ _ _ _ _ _ _ _ _ _ _ _ _ _ _ 

name = 'cloud_edge_robot_arm.research.risk_supervision'
import_ = <function _gcd_import at 0x724a0ccd40e0>

>   ???
E   ModuleNotFoundError: No module named 'cloud_edge_robot_arm.research.risk_supervision'

<frozen importlib._bootstrap>:1324: ModuleNotFoundError
______ test_allocation_omission_cannot_shrink_original_frame_denominator _______

tmp_path = PosixPath('/tmp/pytest-of-ningyd/pytest-889/test_allocation_omission_canno0')

    def test_allocation_omission_cannot_shrink_original_frame_denominator(tmp_path: Path):
>       registration, _, _, _ = registered_fixture(tmp_path)
                                ^^^^^^^^^^^^^^^^^^^^^^^^^^^^

tests/test_research_risk_supervision.py:145: 
_ _ _ _ _ _ _ _ _ _ _ _ _ _ _ _ _ _ _ _ _ _ _ _ _ _ _ _ _ _ _ _ _ _ _ _ _ _ _ _ 
tests/test_research_risk_supervision.py:43: in registered_fixture
    module = api()
             ^^^^^
tests/test_research_risk_supervision.py:30: in api
    return importlib.import_module("cloud_edge_robot_arm.research.risk_supervision")
           ^^^^^^^^^^^^^^^^^^^^^^^^^^^^^^^^^^^^^^^^^^^^^^^^^^^^^^^^^^^^^^^^^^^^^^^^^
/usr/lib/python3.12/importlib/__init__.py:90: in import_module
    return _bootstrap._gcd_import(name[level:], package, level)
           ^^^^^^^^^^^^^^^^^^^^^^^^^^^^^^^^^^^^^^^^^^^^^^^^^^^^
<frozen importlib._bootstrap>:1387: in _gcd_import
    ???
<frozen importlib._bootstrap>:1360: in _find_and_load
    ???
_ _ _ _ _ _ _ _ _ _ _ _ _ _ _ _ _ _ _ _ _ _ _ _ _ _ _ _ _ _ _ _ _ _ _ _ _ _ _ _ 

name = 'cloud_edge_robot_arm.research.risk_supervision'
import_ = <function _gcd_import at 0x724a0ccd40e0>

>   ???
E   ModuleNotFoundError: No module named 'cloud_edge_robot_arm.research.risk_supervision'

<frozen importlib._bootstrap>:1324: ModuleNotFoundError
______ test_missing_attempt_retains_every_original_scheduled_observation _______

tmp_path = PosixPath('/tmp/pytest-of-ningyd/pytest-889/test_missing_attempt_retains_e0')

    def test_missing_attempt_retains_every_original_scheduled_observation(tmp_path: Path):
>       registration, directory, _, _ = registered_fixture(tmp_path)
                                        ^^^^^^^^^^^^^^^^^^^^^^^^^^^^

tests/test_research_risk_supervision.py:153: 
_ _ _ _ _ _ _ _ _ _ _ _ _ _ _ _ _ _ _ _ _ _ _ _ _ _ _ _ _ _ _ _ _ _ _ _ _ _ _ _ 
tests/test_research_risk_supervision.py:43: in registered_fixture
    module = api()
             ^^^^^
tests/test_research_risk_supervision.py:30: in api
    return importlib.import_module("cloud_edge_robot_arm.research.risk_supervision")
           ^^^^^^^^^^^^^^^^^^^^^^^^^^^^^^^^^^^^^^^^^^^^^^^^^^^^^^^^^^^^^^^^^^^^^^^^^
/usr/lib/python3.12/importlib/__init__.py:90: in import_module
    return _bootstrap._gcd_import(name[level:], package, level)
           ^^^^^^^^^^^^^^^^^^^^^^^^^^^^^^^^^^^^^^^^^^^^^^^^^^^^
<frozen importlib._bootstrap>:1387: in _gcd_import
    ???
<frozen importlib._bootstrap>:1360: in _find_and_load
    ???
_ _ _ _ _ _ _ _ _ _ _ _ _ _ _ _ _ _ _ _ _ _ _ _ _ _ _ _ _ _ _ _ _ _ _ _ _ _ _ _ 

name = 'cloud_edge_robot_arm.research.risk_supervision'
import_ = <function _gcd_import at 0x724a0ccd40e0>

>   ???
E   ModuleNotFoundError: No module named 'cloud_edge_robot_arm.research.risk_supervision'

<frozen importlib._bootstrap>:1324: ModuleNotFoundError
_ test_development_feedback_cannot_be_renamed_independent_holdout[calibration] _

tmp_path = PosixPath('/tmp/pytest-of-ningyd/pytest-889/test_development_feedback_cann0')
split = 'calibration'

    @pytest.mark.parametrize("split", ["calibration", "selection", "test"])
    def test_development_feedback_cannot_be_renamed_independent_holdout(tmp_path: Path, split: str):
>       registration, _, _, _ = registered_fixture(tmp_path, history=("DEVELOPMENT_FEEDBACK",),
                                                   split=split)

tests/test_research_risk_supervision.py:165: 
_ _ _ _ _ _ _ _ _ _ _ _ _ _ _ _ _ _ _ _ _ _ _ _ _ _ _ _ _ _ _ _ _ _ _ _ _ _ _ _ 
tests/test_research_risk_supervision.py:43: in registered_fixture
    module = api()
             ^^^^^
tests/test_research_risk_supervision.py:30: in api
    return importlib.import_module("cloud_edge_robot_arm.research.risk_supervision")
           ^^^^^^^^^^^^^^^^^^^^^^^^^^^^^^^^^^^^^^^^^^^^^^^^^^^^^^^^^^^^^^^^^^^^^^^^^
/usr/lib/python3.12/importlib/__init__.py:90: in import_module
    return _bootstrap._gcd_import(name[level:], package, level)
           ^^^^^^^^^^^^^^^^^^^^^^^^^^^^^^^^^^^^^^^^^^^^^^^^^^^^
<frozen importlib._bootstrap>:1387: in _gcd_import
    ???
<frozen importlib._bootstrap>:1360: in _find_and_load
    ???
_ _ _ _ _ _ _ _ _ _ _ _ _ _ _ _ _ _ _ _ _ _ _ _ _ _ _ _ _ _ _ _ _ _ _ _ _ _ _ _ 

name = 'cloud_edge_robot_arm.research.risk_supervision'
import_ = <function _gcd_import at 0x724a0ccd40e0>

>   ???
E   ModuleNotFoundError: No module named 'cloud_edge_robot_arm.research.risk_supervision'

<frozen importlib._bootstrap>:1324: ModuleNotFoundError
__ test_development_feedback_cannot_be_renamed_independent_holdout[selection] __

tmp_path = PosixPath('/tmp/pytest-of-ningyd/pytest-889/test_development_feedback_cann1')
split = 'selection'

    @pytest.mark.parametrize("split", ["calibration", "selection", "test"])
    def test_development_feedback_cannot_be_renamed_independent_holdout(tmp_path: Path, split: str):
>       registration, _, _, _ = registered_fixture(tmp_path, history=("DEVELOPMENT_FEEDBACK",),
                                                   split=split)

tests/test_research_risk_supervision.py:165: 
_ _ _ _ _ _ _ _ _ _ _ _ _ _ _ _ _ _ _ _ _ _ _ _ _ _ _ _ _ _ _ _ _ _ _ _ _ _ _ _ 
tests/test_research_risk_supervision.py:43: in registered_fixture
    module = api()
             ^^^^^
tests/test_research_risk_supervision.py:30: in api
    return importlib.import_module("cloud_edge_robot_arm.research.risk_supervision")
           ^^^^^^^^^^^^^^^^^^^^^^^^^^^^^^^^^^^^^^^^^^^^^^^^^^^^^^^^^^^^^^^^^^^^^^^^^
/usr/lib/python3.12/importlib/__init__.py:90: in import_module
    return _bootstrap._gcd_import(name[level:], package, level)
           ^^^^^^^^^^^^^^^^^^^^^^^^^^^^^^^^^^^^^^^^^^^^^^^^^^^^
<frozen importlib._bootstrap>:1387: in _gcd_import
    ???
<frozen importlib._bootstrap>:1360: in _find_and_load
    ???
_ _ _ _ _ _ _ _ _ _ _ _ _ _ _ _ _ _ _ _ _ _ _ _ _ _ _ _ _ _ _ _ _ _ _ _ _ _ _ _ 

name = 'cloud_edge_robot_arm.research.risk_supervision'
import_ = <function _gcd_import at 0x724a0ccd40e0>

>   ???
E   ModuleNotFoundError: No module named 'cloud_edge_robot_arm.research.risk_supervision'

<frozen importlib._bootstrap>:1324: ModuleNotFoundError
____ test_development_feedback_cannot_be_renamed_independent_holdout[test] _____

tmp_path = PosixPath('/tmp/pytest-of-ningyd/pytest-889/test_development_feedback_cann2')
split = 'test'

    @pytest.mark.parametrize("split", ["calibration", "selection", "test"])
    def test_development_feedback_cannot_be_renamed_independent_holdout(tmp_path: Path, split: str):
>       registration, _, _, _ = registered_fixture(tmp_path, history=("DEVELOPMENT_FEEDBACK",),
                                                   split=split)

tests/test_research_risk_supervision.py:165: 
_ _ _ _ _ _ _ _ _ _ _ _ _ _ _ _ _ _ _ _ _ _ _ _ _ _ _ _ _ _ _ _ _ _ _ _ _ _ _ _ 
tests/test_research_risk_supervision.py:43: in registered_fixture
    module = api()
             ^^^^^
tests/test_research_risk_supervision.py:30: in api
    return importlib.import_module("cloud_edge_robot_arm.research.risk_supervision")
           ^^^^^^^^^^^^^^^^^^^^^^^^^^^^^^^^^^^^^^^^^^^^^^^^^^^^^^^^^^^^^^^^^^^^^^^^^
/usr/lib/python3.12/importlib/__init__.py:90: in import_module
    return _bootstrap._gcd_import(name[level:], package, level)
           ^^^^^^^^^^^^^^^^^^^^^^^^^^^^^^^^^^^^^^^^^^^^^^^^^^^^
<frozen importlib._bootstrap>:1387: in _gcd_import
    ???
<frozen importlib._bootstrap>:1360: in _find_and_load
    ???
_ _ _ _ _ _ _ _ _ _ _ _ _ _ _ _ _ _ _ _ _ _ _ _ _ _ _ _ _ _ _ _ _ _ _ _ _ _ _ _ 

name = 'cloud_edge_robot_arm.research.risk_supervision'
import_ = <function _gcd_import at 0x724a0ccd40e0>

>   ???
E   ModuleNotFoundError: No module named 'cloud_edge_robot_arm.research.risk_supervision'

<frozen importlib._bootstrap>:1324: ModuleNotFoundError
_________ test_authorized_development_train_preserves_original_history _________

tmp_path = PosixPath('/tmp/pytest-of-ningyd/pytest-889/test_authorized_development_tr0')

    def test_authorized_development_train_preserves_original_history(tmp_path: Path):
>       registration, _, _, _ = registered_fixture(tmp_path, history=("DEVELOPMENT_FEEDBACK",))
                                ^^^^^^^^^^^^^^^^^^^^^^^^^^^^^^^^^^^^^^^^^^^^^^^^^^^^^^^^^^^^^^^

tests/test_research_risk_supervision.py:173: 
_ _ _ _ _ _ _ _ _ _ _ _ _ _ _ _ _ _ _ _ _ _ _ _ _ _ _ _ _ _ _ _ _ _ _ _ _ _ _ _ 
tests/test_research_risk_supervision.py:43: in registered_fixture
    module = api()
             ^^^^^
tests/test_research_risk_supervision.py:30: in api
    return importlib.import_module("cloud_edge_robot_arm.research.risk_supervision")
           ^^^^^^^^^^^^^^^^^^^^^^^^^^^^^^^^^^^^^^^^^^^^^^^^^^^^^^^^^^^^^^^^^^^^^^^^^
/usr/lib/python3.12/importlib/__init__.py:90: in import_module
    return _bootstrap._gcd_import(name[level:], package, level)
           ^^^^^^^^^^^^^^^^^^^^^^^^^^^^^^^^^^^^^^^^^^^^^^^^^^^^
<frozen importlib._bootstrap>:1387: in _gcd_import
    ???
<frozen importlib._bootstrap>:1360: in _find_and_load
    ???
_ _ _ _ _ _ _ _ _ _ _ _ _ _ _ _ _ _ _ _ _ _ _ _ _ _ _ _ _ _ _ _ _ _ _ _ _ _ _ _ 

name = 'cloud_edge_robot_arm.research.risk_supervision'
import_ = <function _gcd_import at 0x724a0ccd40e0>

>   ???
E   ModuleNotFoundError: No module named 'cloud_edge_robot_arm.research.risk_supervision'

<frozen importlib._bootstrap>:1324: ModuleNotFoundError
__________ test_unknown_history_is_unavailable_instead_of_independent __________

tmp_path = PosixPath('/tmp/pytest-of-ningyd/pytest-889/test_unknown_history_is_unavai0')

    def test_unknown_history_is_unavailable_instead_of_independent(tmp_path: Path):
>       registration, _, _, _ = registered_fixture(tmp_path, history=("UNKNOWN",))
                                ^^^^^^^^^^^^^^^^^^^^^^^^^^^^^^^^^^^^^^^^^^^^^^^^^^

tests/test_research_risk_supervision.py:181: 
_ _ _ _ _ _ _ _ _ _ _ _ _ _ _ _ _ _ _ _ _ _ _ _ _ _ _ _ _ _ _ _ _ _ _ _ _ _ _ _ 
tests/test_research_risk_supervision.py:43: in registered_fixture
    module = api()
             ^^^^^
tests/test_research_risk_supervision.py:30: in api
    return importlib.import_module("cloud_edge_robot_arm.research.risk_supervision")
           ^^^^^^^^^^^^^^^^^^^^^^^^^^^^^^^^^^^^^^^^^^^^^^^^^^^^^^^^^^^^^^^^^^^^^^^^^
/usr/lib/python3.12/importlib/__init__.py:90: in import_module
    return _bootstrap._gcd_import(name[level:], package, level)
           ^^^^^^^^^^^^^^^^^^^^^^^^^^^^^^^^^^^^^^^^^^^^^^^^^^^^
<frozen importlib._bootstrap>:1387: in _gcd_import
    ???
<frozen importlib._bootstrap>:1360: in _find_and_load
    ???
_ _ _ _ _ _ _ _ _ _ _ _ _ _ _ _ _ _ _ _ _ _ _ _ _ _ _ _ _ _ _ _ _ _ _ _ _ _ _ _ 

name = 'cloud_edge_robot_arm.research.risk_supervision'
import_ = <function _gcd_import at 0x724a0ccd40e0>

>   ???
E   ModuleNotFoundError: No module named 'cloud_edge_robot_arm.research.risk_supervision'

<frozen importlib._bootstrap>:1324: ModuleNotFoundError
_ test_rehashed_diagnostic_clock_rejects_incomplete_or_untyped_mapping[omit_step] _

tmp_path = PosixPath('/tmp/pytest-of-ningyd/pytest-889/test_rehashed_diagnostic_clock0')
mutation = 'omit_step'

    @pytest.mark.parametrize("mutation", ["omit_step", "bool", "huge", "reverse", "receipt"])
    def test_rehashed_diagnostic_clock_rejects_incomplete_or_untyped_mapping(
        tmp_path: Path, mutation: str
    ):
>       registration, _, measurements, _ = registered_fixture(tmp_path)
                                           ^^^^^^^^^^^^^^^^^^^^^^^^^^^^

tests/test_research_risk_supervision.py:191: 
_ _ _ _ _ _ _ _ _ _ _ _ _ _ _ _ _ _ _ _ _ _ _ _ _ _ _ _ _ _ _ _ _ _ _ _ _ _ _ _ 
tests/test_research_risk_supervision.py:43: in registered_fixture
    module = api()
             ^^^^^
tests/test_research_risk_supervision.py:30: in api
    return importlib.import_module("cloud_edge_robot_arm.research.risk_supervision")
           ^^^^^^^^^^^^^^^^^^^^^^^^^^^^^^^^^^^^^^^^^^^^^^^^^^^^^^^^^^^^^^^^^^^^^^^^^
/usr/lib/python3.12/importlib/__init__.py:90: in import_module
    return _bootstrap._gcd_import(name[level:], package, level)
           ^^^^^^^^^^^^^^^^^^^^^^^^^^^^^^^^^^^^^^^^^^^^^^^^^^^^
<frozen importlib._bootstrap>:1387: in _gcd_import
    ???
<frozen importlib._bootstrap>:1360: in _find_and_load
    ???
_ _ _ _ _ _ _ _ _ _ _ _ _ _ _ _ _ _ _ _ _ _ _ _ _ _ _ _ _ _ _ _ _ _ _ _ _ _ _ _ 

name = 'cloud_edge_robot_arm.research.risk_supervision'
import_ = <function _gcd_import at 0x724a0ccd40e0>

>   ???
E   ModuleNotFoundError: No module named 'cloud_edge_robot_arm.research.risk_supervision'

<frozen importlib._bootstrap>:1324: ModuleNotFoundError
__ test_rehashed_diagnostic_clock_rejects_incomplete_or_untyped_mapping[bool] __

tmp_path = PosixPath('/tmp/pytest-of-ningyd/pytest-889/test_rehashed_diagnostic_clock1')
mutation = 'bool'

    @pytest.mark.parametrize("mutation", ["omit_step", "bool", "huge", "reverse", "receipt"])
    def test_rehashed_diagnostic_clock_rejects_incomplete_or_untyped_mapping(
        tmp_path: Path, mutation: str
    ):
>       registration, _, measurements, _ = registered_fixture(tmp_path)
                                           ^^^^^^^^^^^^^^^^^^^^^^^^^^^^

tests/test_research_risk_supervision.py:191: 
_ _ _ _ _ _ _ _ _ _ _ _ _ _ _ _ _ _ _ _ _ _ _ _ _ _ _ _ _ _ _ _ _ _ _ _ _ _ _ _ 
tests/test_research_risk_supervision.py:43: in registered_fixture
    module = api()
             ^^^^^
tests/test_research_risk_supervision.py:30: in api
    return importlib.import_module("cloud_edge_robot_arm.research.risk_supervision")
           ^^^^^^^^^^^^^^^^^^^^^^^^^^^^^^^^^^^^^^^^^^^^^^^^^^^^^^^^^^^^^^^^^^^^^^^^^
/usr/lib/python3.12/importlib/__init__.py:90: in import_module
    return _bootstrap._gcd_import(name[level:], package, level)
           ^^^^^^^^^^^^^^^^^^^^^^^^^^^^^^^^^^^^^^^^^^^^^^^^^^^^
<frozen importlib._bootstrap>:1387: in _gcd_import
    ???
<frozen importlib._bootstrap>:1360: in _find_and_load
    ???
_ _ _ _ _ _ _ _ _ _ _ _ _ _ _ _ _ _ _ _ _ _ _ _ _ _ _ _ _ _ _ _ _ _ _ _ _ _ _ _ 

name = 'cloud_edge_robot_arm.research.risk_supervision'
import_ = <function _gcd_import at 0x724a0ccd40e0>

>   ???
E   ModuleNotFoundError: No module named 'cloud_edge_robot_arm.research.risk_supervision'

<frozen importlib._bootstrap>:1324: ModuleNotFoundError
__ test_rehashed_diagnostic_clock_rejects_incomplete_or_untyped_mapping[huge] __

tmp_path = PosixPath('/tmp/pytest-of-ningyd/pytest-889/test_rehashed_diagnostic_clock2')
mutation = 'huge'

    @pytest.mark.parametrize("mutation", ["omit_step", "bool", "huge", "reverse", "receipt"])
    def test_rehashed_diagnostic_clock_rejects_incomplete_or_untyped_mapping(
        tmp_path: Path, mutation: str
    ):
>       registration, _, measurements, _ = registered_fixture(tmp_path)
                                           ^^^^^^^^^^^^^^^^^^^^^^^^^^^^

tests/test_research_risk_supervision.py:191: 
_ _ _ _ _ _ _ _ _ _ _ _ _ _ _ _ _ _ _ _ _ _ _ _ _ _ _ _ _ _ _ _ _ _ _ _ _ _ _ _ 
tests/test_research_risk_supervision.py:43: in registered_fixture
    module = api()
             ^^^^^
tests/test_research_risk_supervision.py:30: in api
    return importlib.import_module("cloud_edge_robot_arm.research.risk_supervision")
           ^^^^^^^^^^^^^^^^^^^^^^^^^^^^^^^^^^^^^^^^^^^^^^^^^^^^^^^^^^^^^^^^^^^^^^^^^
/usr/lib/python3.12/importlib/__init__.py:90: in import_module
    return _bootstrap._gcd_import(name[level:], package, level)
           ^^^^^^^^^^^^^^^^^^^^^^^^^^^^^^^^^^^^^^^^^^^^^^^^^^^^
<frozen importlib._bootstrap>:1387: in _gcd_import
    ???
<frozen importlib._bootstrap>:1360: in _find_and_load
    ???
_ _ _ _ _ _ _ _ _ _ _ _ _ _ _ _ _ _ _ _ _ _ _ _ _ _ _ _ _ _ _ _ _ _ _ _ _ _ _ _ 

name = 'cloud_edge_robot_arm.research.risk_supervision'
import_ = <function _gcd_import at 0x724a0ccd40e0>

>   ???
E   ModuleNotFoundError: No module named 'cloud_edge_robot_arm.research.risk_supervision'

<frozen importlib._bootstrap>:1324: ModuleNotFoundError
_ test_rehashed_diagnostic_clock_rejects_incomplete_or_untyped_mapping[reverse] _

tmp_path = PosixPath('/tmp/pytest-of-ningyd/pytest-889/test_rehashed_diagnostic_clock3')
mutation = 'reverse'

    @pytest.mark.parametrize("mutation", ["omit_step", "bool", "huge", "reverse", "receipt"])
    def test_rehashed_diagnostic_clock_rejects_incomplete_or_untyped_mapping(
        tmp_path: Path, mutation: str
    ):
>       registration, _, measurements, _ = registered_fixture(tmp_path)
                                           ^^^^^^^^^^^^^^^^^^^^^^^^^^^^

tests/test_research_risk_supervision.py:191: 
_ _ _ _ _ _ _ _ _ _ _ _ _ _ _ _ _ _ _ _ _ _ _ _ _ _ _ _ _ _ _ _ _ _ _ _ _ _ _ _ 
tests/test_research_risk_supervision.py:43: in registered_fixture
    module = api()
             ^^^^^
tests/test_research_risk_supervision.py:30: in api
    return importlib.import_module("cloud_edge_robot_arm.research.risk_supervision")
           ^^^^^^^^^^^^^^^^^^^^^^^^^^^^^^^^^^^^^^^^^^^^^^^^^^^^^^^^^^^^^^^^^^^^^^^^^
/usr/lib/python3.12/importlib/__init__.py:90: in import_module
    return _bootstrap._gcd_import(name[level:], package, level)
           ^^^^^^^^^^^^^^^^^^^^^^^^^^^^^^^^^^^^^^^^^^^^^^^^^^^^
<frozen importlib._bootstrap>:1387: in _gcd_import
    ???
<frozen importlib._bootstrap>:1360: in _find_and_load
    ???
_ _ _ _ _ _ _ _ _ _ _ _ _ _ _ _ _ _ _ _ _ _ _ _ _ _ _ _ _ _ _ _ _ _ _ _ _ _ _ _ 

name = 'cloud_edge_robot_arm.research.risk_supervision'
import_ = <function _gcd_import at 0x724a0ccd40e0>

>   ???
E   ModuleNotFoundError: No module named 'cloud_edge_robot_arm.research.risk_supervision'

<frozen importlib._bootstrap>:1324: ModuleNotFoundError
_ test_rehashed_diagnostic_clock_rejects_incomplete_or_untyped_mapping[receipt] _

tmp_path = PosixPath('/tmp/pytest-of-ningyd/pytest-889/test_rehashed_diagnostic_clock4')
mutation = 'receipt'

    @pytest.mark.parametrize("mutation", ["omit_step", "bool", "huge", "reverse", "receipt"])
    def test_rehashed_diagnostic_clock_rejects_incomplete_or_untyped_mapping(
        tmp_path: Path, mutation: str
    ):
>       registration, _, measurements, _ = registered_fixture(tmp_path)
                                           ^^^^^^^^^^^^^^^^^^^^^^^^^^^^

tests/test_research_risk_supervision.py:191: 
_ _ _ _ _ _ _ _ _ _ _ _ _ _ _ _ _ _ _ _ _ _ _ _ _ _ _ _ _ _ _ _ _ _ _ _ _ _ _ _ 
tests/test_research_risk_supervision.py:43: in registered_fixture
    module = api()
             ^^^^^
tests/test_research_risk_supervision.py:30: in api
    return importlib.import_module("cloud_edge_robot_arm.research.risk_supervision")
           ^^^^^^^^^^^^^^^^^^^^^^^^^^^^^^^^^^^^^^^^^^^^^^^^^^^^^^^^^^^^^^^^^^^^^^^^^
/usr/lib/python3.12/importlib/__init__.py:90: in import_module
    return _bootstrap._gcd_import(name[level:], package, level)
           ^^^^^^^^^^^^^^^^^^^^^^^^^^^^^^^^^^^^^^^^^^^^^^^^^^^^
<frozen importlib._bootstrap>:1387: in _gcd_import
    ???
<frozen importlib._bootstrap>:1360: in _find_and_load
    ???
_ _ _ _ _ _ _ _ _ _ _ _ _ _ _ _ _ _ _ _ _ _ _ _ _ _ _ _ _ _ _ _ _ _ _ _ _ _ _ _ 

name = 'cloud_edge_robot_arm.research.risk_supervision'
import_ = <function _gcd_import at 0x724a0ccd40e0>

>   ???
E   ModuleNotFoundError: No module named 'cloud_edge_robot_arm.research.risk_supervision'

<frozen importlib._bootstrap>:1324: ModuleNotFoundError
_ test_calibration_diagnostics_do_not_accept_target_truth_or_receipt[target_overlap] _

tmp_path = PosixPath('/tmp/pytest-of-ningyd/pytest-889/test_calibration_diagnostics_d0')
mutation = 'target_overlap'

    @pytest.mark.parametrize("mutation", ["target_overlap", "camera_drift", "receipt", "negative_bool"])
    def test_calibration_diagnostics_do_not_accept_target_truth_or_receipt(
        tmp_path: Path, mutation: str
    ):
>       registration, _, measurements, frames = registered_fixture(tmp_path)
                                                ^^^^^^^^^^^^^^^^^^^^^^^^^^^^

tests/test_research_risk_supervision.py:215: 
_ _ _ _ _ _ _ _ _ _ _ _ _ _ _ _ _ _ _ _ _ _ _ _ _ _ _ _ _ _ _ _ _ _ _ _ _ _ _ _ 
tests/test_research_risk_supervision.py:43: in registered_fixture
    module = api()
             ^^^^^
tests/test_research_risk_supervision.py:30: in api
    return importlib.import_module("cloud_edge_robot_arm.research.risk_supervision")
           ^^^^^^^^^^^^^^^^^^^^^^^^^^^^^^^^^^^^^^^^^^^^^^^^^^^^^^^^^^^^^^^^^^^^^^^^^
/usr/lib/python3.12/importlib/__init__.py:90: in import_module
    return _bootstrap._gcd_import(name[level:], package, level)
           ^^^^^^^^^^^^^^^^^^^^^^^^^^^^^^^^^^^^^^^^^^^^^^^^^^^^
<frozen importlib._bootstrap>:1387: in _gcd_import
    ???
<frozen importlib._bootstrap>:1360: in _find_and_load
    ???
_ _ _ _ _ _ _ _ _ _ _ _ _ _ _ _ _ _ _ _ _ _ _ _ _ _ _ _ _ _ _ _ _ _ _ _ _ _ _ _ 

name = 'cloud_edge_robot_arm.research.risk_supervision'
import_ = <function _gcd_import at 0x724a0ccd40e0>

>   ???
E   ModuleNotFoundError: No module named 'cloud_edge_robot_arm.research.risk_supervision'

<frozen importlib._bootstrap>:1324: ModuleNotFoundError
_ test_calibration_diagnostics_do_not_accept_target_truth_or_receipt[camera_drift] _

tmp_path = PosixPath('/tmp/pytest-of-ningyd/pytest-889/test_calibration_diagnostics_d1')
mutation = 'camera_drift'

    @pytest.mark.parametrize("mutation", ["target_overlap", "camera_drift", "receipt", "negative_bool"])
    def test_calibration_diagnostics_do_not_accept_target_truth_or_receipt(
        tmp_path: Path, mutation: str
    ):
>       registration, _, measurements, frames = registered_fixture(tmp_path)
                                                ^^^^^^^^^^^^^^^^^^^^^^^^^^^^

tests/test_research_risk_supervision.py:215: 
_ _ _ _ _ _ _ _ _ _ _ _ _ _ _ _ _ _ _ _ _ _ _ _ _ _ _ _ _ _ _ _ _ _ _ _ _ _ _ _ 
tests/test_research_risk_supervision.py:43: in registered_fixture
    module = api()
             ^^^^^
tests/test_research_risk_supervision.py:30: in api
    return importlib.import_module("cloud_edge_robot_arm.research.risk_supervision")
           ^^^^^^^^^^^^^^^^^^^^^^^^^^^^^^^^^^^^^^^^^^^^^^^^^^^^^^^^^^^^^^^^^^^^^^^^^
/usr/lib/python3.12/importlib/__init__.py:90: in import_module
    return _bootstrap._gcd_import(name[level:], package, level)
           ^^^^^^^^^^^^^^^^^^^^^^^^^^^^^^^^^^^^^^^^^^^^^^^^^^^^
<frozen importlib._bootstrap>:1387: in _gcd_import
    ???
<frozen importlib._bootstrap>:1360: in _find_and_load
    ???
_ _ _ _ _ _ _ _ _ _ _ _ _ _ _ _ _ _ _ _ _ _ _ _ _ _ _ _ _ _ _ _ _ _ _ _ _ _ _ _ 

name = 'cloud_edge_robot_arm.research.risk_supervision'
import_ = <function _gcd_import at 0x724a0ccd40e0>

>   ???
E   ModuleNotFoundError: No module named 'cloud_edge_robot_arm.research.risk_supervision'

<frozen importlib._bootstrap>:1324: ModuleNotFoundError
_ test_calibration_diagnostics_do_not_accept_target_truth_or_receipt[receipt] __

tmp_path = PosixPath('/tmp/pytest-of-ningyd/pytest-889/test_calibration_diagnostics_d2')
mutation = 'receipt'

    @pytest.mark.parametrize("mutation", ["target_overlap", "camera_drift", "receipt", "negative_bool"])
    def test_calibration_diagnostics_do_not_accept_target_truth_or_receipt(
        tmp_path: Path, mutation: str
    ):
>       registration, _, measurements, frames = registered_fixture(tmp_path)
                                                ^^^^^^^^^^^^^^^^^^^^^^^^^^^^

tests/test_research_risk_supervision.py:215: 
_ _ _ _ _ _ _ _ _ _ _ _ _ _ _ _ _ _ _ _ _ _ _ _ _ _ _ _ _ _ _ _ _ _ _ _ _ _ _ _ 
tests/test_research_risk_supervision.py:43: in registered_fixture
    module = api()
             ^^^^^
tests/test_research_risk_supervision.py:30: in api
    return importlib.import_module("cloud_edge_robot_arm.research.risk_supervision")
           ^^^^^^^^^^^^^^^^^^^^^^^^^^^^^^^^^^^^^^^^^^^^^^^^^^^^^^^^^^^^^^^^^^^^^^^^^
/usr/lib/python3.12/importlib/__init__.py:90: in import_module
    return _bootstrap._gcd_import(name[level:], package, level)
           ^^^^^^^^^^^^^^^^^^^^^^^^^^^^^^^^^^^^^^^^^^^^^^^^^^^^
<frozen importlib._bootstrap>:1387: in _gcd_import
    ???
<frozen importlib._bootstrap>:1360: in _find_and_load
    ???
_ _ _ _ _ _ _ _ _ _ _ _ _ _ _ _ _ _ _ _ _ _ _ _ _ _ _ _ _ _ _ _ _ _ _ _ _ _ _ _ 

name = 'cloud_edge_robot_arm.research.risk_supervision'
import_ = <function _gcd_import at 0x724a0ccd40e0>

>   ???
E   ModuleNotFoundError: No module named 'cloud_edge_robot_arm.research.risk_supervision'

<frozen importlib._bootstrap>:1324: ModuleNotFoundError
_ test_calibration_diagnostics_do_not_accept_target_truth_or_receipt[negative_bool] _

tmp_path = PosixPath('/tmp/pytest-of-ningyd/pytest-889/test_calibration_diagnostics_d3')
mutation = 'negative_bool'

    @pytest.mark.parametrize("mutation", ["target_overlap", "camera_drift", "receipt", "negative_bool"])
    def test_calibration_diagnostics_do_not_accept_target_truth_or_receipt(
        tmp_path: Path, mutation: str
    ):
>       registration, _, measurements, frames = registered_fixture(tmp_path)
                                                ^^^^^^^^^^^^^^^^^^^^^^^^^^^^

tests/test_research_risk_supervision.py:215: 
_ _ _ _ _ _ _ _ _ _ _ _ _ _ _ _ _ _ _ _ _ _ _ _ _ _ _ _ _ _ _ _ _ _ _ _ _ _ _ _ 
tests/test_research_risk_supervision.py:43: in registered_fixture
    module = api()
             ^^^^^
tests/test_research_risk_supervision.py:30: in api
    return importlib.import_module("cloud_edge_robot_arm.research.risk_supervision")
           ^^^^^^^^^^^^^^^^^^^^^^^^^^^^^^^^^^^^^^^^^^^^^^^^^^^^^^^^^^^^^^^^^^^^^^^^^
/usr/lib/python3.12/importlib/__init__.py:90: in import_module
    return _bootstrap._gcd_import(name[level:], package, level)
           ^^^^^^^^^^^^^^^^^^^^^^^^^^^^^^^^^^^^^^^^^^^^^^^^^^^^
<frozen importlib._bootstrap>:1387: in _gcd_import
    ???
<frozen importlib._bootstrap>:1360: in _find_and_load
    ???
_ _ _ _ _ _ _ _ _ _ _ _ _ _ _ _ _ _ _ _ _ _ _ _ _ _ _ _ _ _ _ _ _ _ _ _ _ _ _ _ 

name = 'cloud_edge_robot_arm.research.risk_supervision'
import_ = <function _gcd_import at 0x724a0ccd40e0>

>   ???
E   ModuleNotFoundError: No module named 'cloud_edge_robot_arm.research.risk_supervision'

<frozen importlib._bootstrap>:1324: ModuleNotFoundError
_____ test_future_or_cross_split_previous_observation_does_not_leak_online _____

tmp_path = PosixPath('/tmp/pytest-of-ningyd/pytest-889/test_future_or_cross_split_pre0')

    def test_future_or_cross_split_previous_observation_does_not_leak_online(tmp_path: Path):
>       registration, _, _, _ = registered_fixture(tmp_path)
                                ^^^^^^^^^^^^^^^^^^^^^^^^^^^^

tests/test_research_risk_supervision.py:232: 
_ _ _ _ _ _ _ _ _ _ _ _ _ _ _ _ _ _ _ _ _ _ _ _ _ _ _ _ _ _ _ _ _ _ _ _ _ _ _ _ 
tests/test_research_risk_supervision.py:43: in registered_fixture
    module = api()
             ^^^^^
tests/test_research_risk_supervision.py:30: in api
    return importlib.import_module("cloud_edge_robot_arm.research.risk_supervision")
           ^^^^^^^^^^^^^^^^^^^^^^^^^^^^^^^^^^^^^^^^^^^^^^^^^^^^^^^^^^^^^^^^^^^^^^^^^
/usr/lib/python3.12/importlib/__init__.py:90: in import_module
    return _bootstrap._gcd_import(name[level:], package, level)
           ^^^^^^^^^^^^^^^^^^^^^^^^^^^^^^^^^^^^^^^^^^^^^^^^^^^^
<frozen importlib._bootstrap>:1387: in _gcd_import
    ???
<frozen importlib._bootstrap>:1360: in _find_and_load
    ???
_ _ _ _ _ _ _ _ _ _ _ _ _ _ _ _ _ _ _ _ _ _ _ _ _ _ _ _ _ _ _ _ _ _ _ _ _ _ _ _ 

name = 'cloud_edge_robot_arm.research.risk_supervision'
import_ = <function _gcd_import at 0x724a0ccd40e0>

>   ???
E   ModuleNotFoundError: No module named 'cloud_edge_robot_arm.research.risk_supervision'

<frozen importlib._bootstrap>:1324: ModuleNotFoundError
_________ test_connected_source_observations_cannot_split_across_roles _________

tmp_path = PosixPath('/tmp/pytest-of-ningyd/pytest-889/test_connected_source_observat0')

    def test_connected_source_observations_cannot_split_across_roles(tmp_path: Path):
>       registration, _, _, _ = registered_fixture(tmp_path)
                                ^^^^^^^^^^^^^^^^^^^^^^^^^^^^

tests/test_research_risk_supervision.py:240: 
_ _ _ _ _ _ _ _ _ _ _ _ _ _ _ _ _ _ _ _ _ _ _ _ _ _ _ _ _ _ _ _ _ _ _ _ _ _ _ _ 
tests/test_research_risk_supervision.py:43: in registered_fixture
    module = api()
             ^^^^^
tests/test_research_risk_supervision.py:30: in api
    return importlib.import_module("cloud_edge_robot_arm.research.risk_supervision")
           ^^^^^^^^^^^^^^^^^^^^^^^^^^^^^^^^^^^^^^^^^^^^^^^^^^^^^^^^^^^^^^^^^^^^^^^^^
/usr/lib/python3.12/importlib/__init__.py:90: in import_module
    return _bootstrap._gcd_import(name[level:], package, level)
           ^^^^^^^^^^^^^^^^^^^^^^^^^^^^^^^^^^^^^^^^^^^^^^^^^^^^
<frozen importlib._bootstrap>:1387: in _gcd_import
    ???
<frozen importlib._bootstrap>:1360: in _find_and_load
    ???
_ _ _ _ _ _ _ _ _ _ _ _ _ _ _ _ _ _ _ _ _ _ _ _ _ _ _ _ _ _ _ _ _ _ _ _ _ _ _ _ 

name = 'cloud_edge_robot_arm.research.risk_supervision'
import_ = <function _gcd_import at 0x724a0ccd40e0>

>   ???
E   ModuleNotFoundError: No module named 'cloud_edge_robot_arm.research.risk_supervision'

<frozen importlib._bootstrap>:1324: ModuleNotFoundError
___ test_supplied_auditor_or_serialized_valid_receipt_is_not_a_registration ____

    def test_supplied_auditor_or_serialized_valid_receipt_is_not_a_registration():
>       module = api()
                 ^^^^^

tests/test_research_risk_supervision.py:248: 
_ _ _ _ _ _ _ _ _ _ _ _ _ _ _ _ _ _ _ _ _ _ _ _ _ _ _ _ _ _ _ _ _ _ _ _ _ _ _ _ 
tests/test_research_risk_supervision.py:30: in api
    return importlib.import_module("cloud_edge_robot_arm.research.risk_supervision")
           ^^^^^^^^^^^^^^^^^^^^^^^^^^^^^^^^^^^^^^^^^^^^^^^^^^^^^^^^^^^^^^^^^^^^^^^^^
/usr/lib/python3.12/importlib/__init__.py:90: in import_module
    return _bootstrap._gcd_import(name[level:], package, level)
           ^^^^^^^^^^^^^^^^^^^^^^^^^^^^^^^^^^^^^^^^^^^^^^^^^^^^
<frozen importlib._bootstrap>:1387: in _gcd_import
    ???
<frozen importlib._bootstrap>:1360: in _find_and_load
    ???
_ _ _ _ _ _ _ _ _ _ _ _ _ _ _ _ _ _ _ _ _ _ _ _ _ _ _ _ _ _ _ _ _ _ _ _ _ _ _ _ 

name = 'cloud_edge_robot_arm.research.risk_supervision'
import_ = <function _gcd_import at 0x724a0ccd40e0>

>   ???
E   ModuleNotFoundError: No module named 'cloud_edge_robot_arm.research.risk_supervision'

<frozen importlib._bootstrap>:1324: ModuleNotFoundError
__ test_caller_copy_mutation_cannot_change_registered_sources_or_allocations ___

tmp_path = PosixPath('/tmp/pytest-of-ningyd/pytest-889/test_caller_copy_mutation_cann0')

    def test_caller_copy_mutation_cannot_change_registered_sources_or_allocations(tmp_path: Path):
>       registration, _, _, _ = registered_fixture(tmp_path)
                                ^^^^^^^^^^^^^^^^^^^^^^^^^^^^

tests/test_research_risk_supervision.py:256: 
_ _ _ _ _ _ _ _ _ _ _ _ _ _ _ _ _ _ _ _ _ _ _ _ _ _ _ _ _ _ _ _ _ _ _ _ _ _ _ _ 
tests/test_research_risk_supervision.py:43: in registered_fixture
    module = api()
             ^^^^^
tests/test_research_risk_supervision.py:30: in api
    return importlib.import_module("cloud_edge_robot_arm.research.risk_supervision")
           ^^^^^^^^^^^^^^^^^^^^^^^^^^^^^^^^^^^^^^^^^^^^^^^^^^^^^^^^^^^^^^^^^^^^^^^^^
/usr/lib/python3.12/importlib/__init__.py:90: in import_module
    return _bootstrap._gcd_import(name[level:], package, level)
           ^^^^^^^^^^^^^^^^^^^^^^^^^^^^^^^^^^^^^^^^^^^^^^^^^^^^
<frozen importlib._bootstrap>:1387: in _gcd_import
    ???
<frozen importlib._bootstrap>:1360: in _find_and_load
    ???
_ _ _ _ _ _ _ _ _ _ _ _ _ _ _ _ _ _ _ _ _ _ _ _ _ _ _ _ _ _ _ _ _ _ _ _ _ _ _ _ 

name = 'cloud_edge_robot_arm.research.risk_supervision'
import_ = <function _gcd_import at 0x724a0ccd40e0>

>   ???
E   ModuleNotFoundError: No module named 'cloud_edge_robot_arm.research.risk_supervision'

<frozen importlib._bootstrap>:1324: ModuleNotFoundError
_________ test_original_measurement_change_is_rechecked_on_every_audit _________

tmp_path = PosixPath('/tmp/pytest-of-ningyd/pytest-889/test_original_measurement_chan0')

    def test_original_measurement_change_is_rechecked_on_every_audit(tmp_path: Path):
>       registration, _, measurements, _ = registered_fixture(tmp_path)
                                           ^^^^^^^^^^^^^^^^^^^^^^^^^^^^

tests/test_research_risk_supervision.py:264: 
_ _ _ _ _ _ _ _ _ _ _ _ _ _ _ _ _ _ _ _ _ _ _ _ _ _ _ _ _ _ _ _ _ _ _ _ _ _ _ _ 
tests/test_research_risk_supervision.py:43: in registered_fixture
    module = api()
             ^^^^^
tests/test_research_risk_supervision.py:30: in api
    return importlib.import_module("cloud_edge_robot_arm.research.risk_supervision")
           ^^^^^^^^^^^^^^^^^^^^^^^^^^^^^^^^^^^^^^^^^^^^^^^^^^^^^^^^^^^^^^^^^^^^^^^^^
/usr/lib/python3.12/importlib/__init__.py:90: in import_module
    return _bootstrap._gcd_import(name[level:], package, level)
           ^^^^^^^^^^^^^^^^^^^^^^^^^^^^^^^^^^^^^^^^^^^^^^^^^^^^
<frozen importlib._bootstrap>:1387: in _gcd_import
    ???
<frozen importlib._bootstrap>:1360: in _find_and_load
    ???
_ _ _ _ _ _ _ _ _ _ _ _ _ _ _ _ _ _ _ _ _ _ _ _ _ _ _ _ _ _ _ _ _ _ _ _ _ _ _ _ 

name = 'cloud_edge_robot_arm.research.risk_supervision'
import_ = <function _gcd_import at 0x724a0ccd40e0>

>   ???
E   ModuleNotFoundError: No module named 'cloud_edge_robot_arm.research.risk_supervision'

<frozen importlib._bootstrap>:1324: ModuleNotFoundError
=========================== short test summary info ============================
FAILED tests/test_research_risk_supervision.py::test_unregistered_source_has_no_observation_or_actual_authority
FAILED tests/test_research_risk_supervision.py::test_reconstructed_online_features_and_offline_failure_stay_software_only
FAILED tests/test_research_risk_supervision.py::test_allocation_omission_cannot_shrink_original_frame_denominator
FAILED tests/test_research_risk_supervision.py::test_missing_attempt_retains_every_original_scheduled_observation
FAILED tests/test_research_risk_supervision.py::test_development_feedback_cannot_be_renamed_independent_holdout[calibration]
FAILED tests/test_research_risk_supervision.py::test_development_feedback_cannot_be_renamed_independent_holdout[selection]
FAILED tests/test_research_risk_supervision.py::test_development_feedback_cannot_be_renamed_independent_holdout[test]
FAILED tests/test_research_risk_supervision.py::test_authorized_development_train_preserves_original_history
FAILED tests/test_research_risk_supervision.py::test_unknown_history_is_unavailable_instead_of_independent
FAILED tests/test_research_risk_supervision.py::test_rehashed_diagnostic_clock_rejects_incomplete_or_untyped_mapping[omit_step]
FAILED tests/test_research_risk_supervision.py::test_rehashed_diagnostic_clock_rejects_incomplete_or_untyped_mapping[bool]
FAILED tests/test_research_risk_supervision.py::test_rehashed_diagnostic_clock_rejects_incomplete_or_untyped_mapping[huge]
FAILED tests/test_research_risk_supervision.py::test_rehashed_diagnostic_clock_rejects_incomplete_or_untyped_mapping[reverse]
FAILED tests/test_research_risk_supervision.py::test_rehashed_diagnostic_clock_rejects_incomplete_or_untyped_mapping[receipt]
FAILED tests/test_research_risk_supervision.py::test_calibration_diagnostics_do_not_accept_target_truth_or_receipt[target_overlap]
FAILED tests/test_research_risk_supervision.py::test_calibration_diagnostics_do_not_accept_target_truth_or_receipt[camera_drift]
FAILED tests/test_research_risk_supervision.py::test_calibration_diagnostics_do_not_accept_target_truth_or_receipt[receipt]
FAILED tests/test_research_risk_supervision.py::test_calibration_diagnostics_do_not_accept_target_truth_or_receipt[negative_bool]
FAILED tests/test_research_risk_supervision.py::test_future_or_cross_split_previous_observation_does_not_leak_online
FAILED tests/test_research_risk_supervision.py::test_connected_source_observations_cannot_split_across_roles
FAILED tests/test_research_risk_supervision.py::test_supplied_auditor_or_serialized_valid_receipt_is_not_a_registration
FAILED tests/test_research_risk_supervision.py::test_caller_copy_mutation_cannot_change_registered_sources_or_allocations
FAILED tests/test_research_risk_supervision.py::test_original_measurement_change_is_rechecked_on_every_audit
23 failed in 0.47s
