F                                                                        [100%]
=================================== FAILURES ===================================
_______ test_unregistered_source_has_no_observation_or_actual_authority ________

    def test_unregistered_source_has_no_observation_or_actual_authority() -> None:
>       result = api().RiskSupervisionAuditor({}).audit("not-registered")
                 ^^^^^

tests/test_research_risk_supervision.py:13: 
_ _ _ _ _ _ _ _ _ _ _ _ _ _ _ _ _ _ _ _ _ _ _ _ _ _ _ _ _ _ _ _ _ _ _ _ _ _ _ _ 
tests/test_research_risk_supervision.py:9: in api
    return importlib.import_module("cloud_edge_robot_arm.research.risk_supervision")
           ^^^^^^^^^^^^^^^^^^^^^^^^^^^^^^^^^^^^^^^^^^^^^^^^^^^^^^^^^^^^^^^^^^^^^^^^^
/usr/lib/python3.12/importlib/__init__.py:90: in import_module
    return _bootstrap._gcd_import(name[level:], package, level)
           ^^^^^^^^^^^^^^^^^^^^^^^^^^^^^^^^^^^^^^^^^^^^^^^^^^^^
<frozen importlib._bootstrap>:1387: in _gcd_import
    ???
<frozen importlib._bootstrap>:1360: in _find_and_load
    ???
_ _ _ _ _ _ _ _ _ _ _ _ _ _ _ _ _ _ _ _ _ _ _ _ _ _ _ _ _ _ _ _ _ _ _ _ _ _ _ _ 

name = 'cloud_edge_robot_arm.research.risk_supervision'
import_ = <function _gcd_import at 0x794b5c5a40e0>

>   ???
E   ModuleNotFoundError: No module named 'cloud_edge_robot_arm.research.risk_supervision'

<frozen importlib._bootstrap>:1324: ModuleNotFoundError
=========================== short test summary info ============================
FAILED tests/test_research_risk_supervision.py::test_unregistered_source_has_no_observation_or_actual_authority
1 failed in 0.05s
