E501 Line too long (103 > 100)
   --> tests/test_research_risk_supervision.py:319:101
    |
317 |     payload["camera_domain"]["camera_to_world"][-1] = True
318 |     json_file(measurements / "calibration.json", payload)
319 |     measured = replace(registration.diagnostic_measurements, original_file_hashes=hashes(measurements))
    |                                                                                                     ^^^
320 |     result = audit(replace(registration, diagnostic_measurements=measured))
321 |     assert result.diagnostic_status == "INVALID"
    |

E501 Line too long (108 > 100)
   --> tests/test_research_risk_supervision.py:411:101
    |
409 |         inventory = dict(raw.current_source_hashes)
410 |         inventory["src/cloud_edge_robot_arm/vision/risk/features.py"] = "0" * 64
411 |         registration = replace(registration, raw_registration=replace(raw, current_source_hashes=inventory))
    |                                                                                                     ^^^^^^^^
412 |     elif mutation == "symlink":
413 |         original = (measurements / "clock.json").read_bytes()
    |

E501 Line too long (105 > 100)
   --> tests/test_research_risk_supervision.py:442:101
    |
440 |     header = json.loads((MOTION / "header.json").read_bytes())
441 |     summary = json.loads((directory / "summary.json").read_bytes())
442 |     case = RawCaseRegistration("actual-excluded-motion", "attempt-1", "MARKER_MOTION_DEVELOPMENT_RAW_V1",
    |                                                                                                     ^^^^^
443 |         hashes(directory), header["scene"], {
444 |             "episode_id": summary["episode_id"], "physics_dt_s": header["config"]["physics_dt_s"],
    |

E501 Line too long (108 > 100)
   --> tests/test_research_risk_supervision.py:456:101
    |
454 |     raw = RiskSourceRegistration(MOTION, ROOT, inventory, (case,),
455 |                                  CompletionCriteria("object", "target_region"))
456 |     metadata = [json.loads(path.read_bytes()) for path in (directory / "frames").glob("*/observation.json")]
    |                                                                                                     ^^^^^^^^
457 |     metadata.sort(key=lambda item: item["sim_time_s"])
458 |     allocations = tuple(module.RiskObservationAllocation(f"actual-frame-{i}", case.case_id,
    |

E501 Line too long (108 > 100)
   --> tests/test_research_risk_supervision.py:466:101
    |
464 |     assert result.status == result.actual_source_status == result.diagnostic_status == "UNKNOWN"
465 |     assert result.counts["assigned_attempts"] == 1
466 |     assert result.counts["allocated_observations"] == result.counts["task_labels"] == len(result.rows) == 10
    |                                                                                                     ^^^^^^^^
467 |     assert result.counts["feature_rows"] == 0
468 |     assert result.counts["geometric_labels"] == 1
    |

Found 7 errors (2 fixed, 5 remaining).
