{
  "accepted_ordinary_command_disagrees_with_recorded_estop": {
    "continuous_motion": "NOT_CERTIFIED",
    "counts": {
      "allocated_acquisitions": 2,
      "allocated_actions": 1,
      "allocated_episodes": 1,
      "commands_expected": 1,
      "commands_recorded": 1,
      "derived_online_inputs": 0,
      "distinct_acquisition_intervals": 2,
      "missing_acquisitions": 0,
      "missing_actions": 0,
      "partial_actions": 0,
      "physics_expected": 121,
      "physics_recorded": 121,
      "recorded_acquisition_records": 2,
      "recorded_acquisitions": 2,
      "recorded_actions": 1,
      "rejected_actions": 0
    },
    "reasons": [
      "command_stop_flag_latch_mismatch",
      "ordinary_command_accepted_after_emergency_stop"
    ],
    "scope": "SOURCE_CONSISTENCY_ONLY",
    "status": "INVALID"
  },
  "estop_flag_negative_control": {
    "continuous_motion": "NOT_CERTIFIED",
    "counts": {
      "allocated_acquisitions": 2,
      "allocated_actions": 1,
      "allocated_episodes": 1,
      "commands_expected": 1,
      "commands_recorded": 1,
      "derived_online_inputs": 0,
      "distinct_acquisition_intervals": 2,
      "missing_acquisitions": 0,
      "missing_actions": 0,
      "partial_actions": 0,
      "physics_expected": 121,
      "physics_recorded": 121,
      "recorded_acquisition_records": 2,
      "recorded_acquisitions": 2,
      "recorded_actions": 1,
      "rejected_actions": 0
    },
    "reasons": [
      "ordinary_command_accepted_after_emergency_stop"
    ],
    "scope": "SOURCE_CONSISTENCY_ONLY",
    "status": "INVALID"
  },
  "ordered_emergency_stop_then_accepted_ordinary_false_flag": {
    "continuous_motion": "NOT_CERTIFIED",
    "counts": {
      "allocated_acquisitions": 2,
      "allocated_actions": 1,
      "allocated_episodes": 1,
      "commands_expected": 3,
      "commands_recorded": 3,
      "derived_online_inputs": 0,
      "distinct_acquisition_intervals": 2,
      "missing_acquisitions": 0,
      "missing_actions": 0,
      "partial_actions": 0,
      "physics_expected": 121,
      "physics_recorded": 121,
      "recorded_acquisition_records": 2,
      "recorded_acquisitions": 2,
      "recorded_actions": 1,
      "rejected_actions": 0
    },
    "reasons": [
      "command_stop_flag_latch_mismatch",
      "ordinary_command_accepted_after_emergency_stop"
    ],
    "scope": "SOURCE_CONSISTENCY_ONLY",
    "status": "INVALID"
  },
  "qualified_baseline": {
    "continuous_motion": "NOT_CERTIFIED",
    "counts": {
      "allocated_acquisitions": 2,
      "allocated_actions": 1,
      "allocated_episodes": 1,
      "commands_expected": 1,
      "commands_recorded": 1,
      "derived_online_inputs": 0,
      "distinct_acquisition_intervals": 2,
      "missing_acquisitions": 0,
      "missing_actions": 0,
      "partial_actions": 0,
      "physics_expected": 121,
      "physics_recorded": 121,
      "recorded_acquisition_records": 2,
      "recorded_acquisitions": 2,
      "recorded_actions": 1,
      "rejected_actions": 0
    },
    "reasons": [],
    "scope": "SOURCE_CONSISTENCY_ONLY",
    "status": "COMPLETE"
  },
  "terminal_negative_control_current_terminal_frame": {
    "continuous_motion": "NOT_CERTIFIED",
    "counts": {
      "allocated_acquisitions": 2,
      "allocated_actions": 1,
      "allocated_episodes": 1,
      "commands_expected": 1,
      "commands_recorded": 1,
      "derived_online_inputs": 0,
      "distinct_acquisition_intervals": 2,
      "missing_acquisitions": 0,
      "missing_actions": 0,
      "partial_actions": 0,
      "physics_expected": 121,
      "physics_recorded": 121,
      "recorded_acquisition_records": 2,
      "recorded_acquisitions": 2,
      "recorded_actions": 1,
      "rejected_actions": 0
    },
    "reasons": [],
    "scope": "SOURCE_CONSISTENCY_ONLY",
    "status": "COMPLETE"
  },
  "terminal_relation_points_to_pre_action_frame": {
    "continuous_motion": "NOT_CERTIFIED",
    "counts": {
      "allocated_acquisitions": 2,
      "allocated_actions": 1,
      "allocated_episodes": 1,
      "commands_expected": 1,
      "commands_recorded": 1,
      "derived_online_inputs": 0,
      "distinct_acquisition_intervals": 2,
      "missing_acquisitions": 0,
      "missing_actions": 0,
      "partial_actions": 0,
      "physics_expected": 121,
      "physics_recorded": 121,
      "recorded_acquisition_records": 2,
      "recorded_acquisitions": 2,
      "recorded_actions": 1,
      "rejected_actions": 0
    },
    "reasons": [
      "terminal_frame_physics_identity_mismatch",
      "terminal_frame_state_identity_mismatch",
      "terminal_capture_precedes_final_boundary"
    ],
    "scope": "SOURCE_CONSISTENCY_ONLY",
    "status": "INVALID"
  }
}
