	Command being timed: "env MUJOCO_GL=egl PYTHONPATH=src:. PYTHONDONTWRITEBYTECODE=1 .venv/bin/python scripts/run_native_clock_prefix_v2.py --config configs/research/native_clock_authority_v2.json --output artifacts/research/process/20261004-ced-development/astra-repair-execution/R03/prefix-1 --execute-once"
	User time (seconds): 2.19
	System time (seconds): 0.21
	Percent of CPU this job got: 97%
	Elapsed (wall clock) time (h:mm:ss or m:ss): 0:02.47
	Average shared text size (kbytes): 0
	Average unshared data size (kbytes): 0
	Average stack size (kbytes): 0
	Average total size (kbytes): 0
	Maximum resident set size (kbytes): 221932
	Average resident set size (kbytes): 0
	Major (requiring I/O) page faults: 0
	Minor (reclaiming a frame) page faults: 33558
	Voluntary context switches: 512
	Involuntary context switches: 411
	Swaps: 0
	File system inputs: 0
	File system outputs: 33528
	Socket messages sent: 0
	Socket messages received: 0
	Signals delivered: 0
	Page size (bytes): 4096
	Exit status: 0
