tests/test_ced_pilot_stages.py::test_selection_pairs_four_periods_and_full_scene_network
tests/test_ced_pilot_stages.py::test_selection_keeps_all_candidates_and_chooses_fixed_cost_rule
tests/test_ced_pilot_stages.py::test_selection_rejects_incomplete_or_invalid_originals[omit]
tests/test_ced_pilot_stages.py::test_selection_rejects_incomplete_or_invalid_originals[duplicate]
tests/test_ced_pilot_stages.py::test_selection_rejects_incomplete_or_invalid_originals[foreign]
tests/test_ced_pilot_stages.py::test_selection_rejects_incomplete_or_invalid_originals[nonfinite]
tests/test_ced_pilot_stages.py::test_no_feasible_period_and_all_failed_denominators
tests/test_ced_pilot_stages.py::test_preassignment_rejects_leakage_or_drift[pool_reuse]
tests/test_ced_pilot_stages.py::test_preassignment_rejects_leakage_or_drift[scene_hash]
tests/test_ced_pilot_stages.py::test_preassignment_rejects_leakage_or_drift[missing]
tests/test_ced_pilot_stages.py::test_preassignment_rejects_leakage_or_drift[period]
tests/test_ced_pilot_stages.py::test_default_stage_records_every_unexecuted_assignment_without_adapter
tests/test_ced_pilot_stages.py::test_software_adapter_cannot_confer_real_selection_or_foundation
tests/test_ced_pilot_stages.py::test_power_stage_preserves_groups_and_declares_unintegrated_methods
tests/test_ced_pilot_stages.py::test_ced_cli_callable_dry_preregisters_without_loading_legacy_or_renderer
tests/test_ced_pilot_stages.py::test_foundation_missing_selection_keeps_groups_without_guessing_period
tests/test_ced_initial_freeze.py::test_v2_spec_and_reader_preserve_legacy_entry_and_hash_semantics
tests/test_ced_initial_freeze.py::test_role_probe_reader_missing_or_forged_summary_unavailable
tests/test_ced_initial_freeze.py::test_role_reader_rejects_symlinked_original_report
tests/test_ced_initial_freeze.py::test_v2_summary_cannot_freeze_without_real_stage_raw_sources[SOFTWARE_ONLY]
tests/test_ced_initial_freeze.py::test_v2_summary_cannot_freeze_without_real_stage_raw_sources[UNVERIFIED]
tests/test_ced_initial_freeze.py::test_v2_settings_cannot_override_role_selection_or_budget_evidence
tests/test_ced_initial_freeze.py::test_legacy_v1_payload_has_no_new_fields_or_hash_drift
tests/test_ced_initial_freeze.py::test_actual_auditor_rejects_software_stage_even_if_summary_relabels_success
tests/test_ced_initial_freeze.py::test_pure_controller_reconstruction_does_not_accept_physical_task
tests/test_ced_initial_freeze.py::test_controller_reconstruction_rejects_missing_or_mismatched_raw_steps[prefix]
tests/test_ced_initial_freeze.py::test_controller_reconstruction_rejects_missing_or_mismatched_raw_steps[omit]
tests/test_ced_initial_freeze.py::test_controller_reconstruction_rejects_missing_or_mismatched_raw_steps[episode]
tests/test_ced_initial_freeze.py::test_controller_reconstruction_rejects_missing_or_mismatched_raw_steps[target]
tests/test_ced_initial_freeze.py::test_controller_reconstruction_rejects_missing_or_mismatched_raw_steps[control]
tests/test_ced_initial_freeze.py::test_controller_reconstruction_rejects_missing_or_mismatched_raw_steps[prestate]
tests/test_ced_initial_freeze.py::test_role_reader_derives_exact_legacy_model_digest_from_effective_settings
tests/test_ced_initial_freeze.py::test_stage_source_inventory_cannot_be_narrowed_before_raw_audit
tests/test_ced_initial_freeze.py::test_raw_reset_must_identify_the_assigned_scene_and_reference_controller[None]
tests/test_ced_initial_freeze.py::test_raw_reset_must_identify_the_assigned_scene_and_reference_controller[object]
tests/test_ced_initial_freeze.py::test_raw_reset_must_identify_the_assigned_scene_and_reference_controller[extent]
tests/test_ced_initial_freeze.py::test_raw_reset_must_identify_the_assigned_scene_and_reference_controller[destination]
tests/test_ced_initial_freeze.py::test_raw_reset_must_identify_the_assigned_scene_and_reference_controller[controller]
tests/test_ced_initial_freeze.py::test_case_wire_lengths_are_recomputed_from_original_payloads[None]
tests/test_ced_initial_freeze.py::test_case_wire_lengths_are_recomputed_from_original_payloads[sent_length]
tests/test_ced_initial_freeze.py::test_case_wire_lengths_are_recomputed_from_original_payloads[received_length]
tests/test_ced_initial_freeze.py::test_case_wire_lengths_are_recomputed_from_original_payloads[missing_response]

42 tests collected in 0.27s
