{
  "schema_version": "ced.pilot-stage.v1",
  "protocol_version": "ced.research.v2",
  "stage": "foundation",
  "scope": "UNVERIFIED",
  "actual_research_status": "NOT_RUN",
  "status": "NOT_RUN",
  "group_denominator": 120,
  "assigned_denominator": 120,
  "recorded_denominator": 120,
  "accepted_success": 0,
  "freeze_ready": false,
  "selected_period_s": null,
  "role_bundle_hash": null,
  "assignment_manifest_hash": "3f537b5e174fc46c088d6d0ab773705078600e3306fd08918e97c243df4cb10b",
  "pools_hash": "180653d504596bde8062345452e946e3b655534cc6c0a81aca5f49165da88b8a",
  "method_runtime_integrated": null,
  "execution_mode": "NOT_EXECUTED",
  "b0_period_s": null,
  "terminal_status_counts": {
    "NOT_EXECUTED": 120
  },
  "reasons": [
    "execution not requested; no model/renderer contacted"
  ]
}
