{
  "schema_version": "ced.pilot-stage.v1",
  "protocol_version": "ced.research.v2",
  "stage": "power",
  "scope": "UNVERIFIED",
  "actual_research_status": "NOT_RUN",
  "status": "NOT_RUN",
  "group_denominator": 120,
  "assigned_denominator": null,
  "recorded_denominator": 120,
  "accepted_success": 0,
  "freeze_ready": false,
  "selected_period_s": null,
  "role_bundle_hash": null,
  "assignment_manifest_hash": "4a04ac680b0b77b930e914e5de5b87099bd9850853099b1222e7af0f5f05826e",
  "pools_hash": "180653d504596bde8062345452e946e3b655534cc6c0a81aca5f49165da88b8a",
  "method_runtime_integrated": false,
  "execution_mode": "NOT_EXECUTED",
  "b0_period_s": null,
  "terminal_status_counts": {
    "NOT_EXECUTED": 120
  },
  "reasons": [
    "power prerequisites unavailable; no full-method pilot was run"
  ]
}
