{
  "schema_version": "ced.pilot-stage.v1",
  "protocol_version": "ced.research.v2",
  "stage": "selection",
  "scope": "UNVERIFIED",
  "actual_research_status": "NOT_RUN",
  "status": "NOT_RUN",
  "group_denominator": 120,
  "assigned_denominator": 480,
  "recorded_denominator": 480,
  "accepted_success": 0,
  "freeze_ready": false,
  "selected_period_s": null,
  "role_bundle_hash": null,
  "assignment_manifest_hash": "c8a8f1ffbe3da927b13fa6e6d75560d9076298401c9d2107ec9a84ccf56e3de9",
  "pools_hash": "180653d504596bde8062345452e946e3b655534cc6c0a81aca5f49165da88b8a",
  "method_runtime_integrated": null,
  "execution_mode": "NOT_EXECUTED",
  "b0_period_s": null,
  "terminal_status_counts": {
    "NOT_EXECUTED": 480
  },
  "selection_diagnostic": {
    "scope": "SOFTWARE_ONLY",
    "actual_research_status": "NOT_RUN",
    "selected_period_s": null,
    "diagnostic_selected_period_s": null,
    "diagnostic_status": "NO_FEASIBLE_BASELINE",
    "periods": [
      {
        "period_s": 0.5,
        "assigned_denominator": 120,
        "nominal_denominator": 40,
        "overall_success_rate": 0.0,
        "nominal_success_rate": 0.0,
        "safety_violation_rate": 0.0,
        "cloud_requests_total": 0,
        "mean_wall_duration_s": 0.0,
        "eligible": false,
        "terminal_status_counts": {
          "NOT_EXECUTED": 120
        }
      },
      {
        "period_s": 1.0,
        "assigned_denominator": 120,
        "nominal_denominator": 40,
        "overall_success_rate": 0.0,
        "nominal_success_rate": 0.0,
        "safety_violation_rate": 0.0,
        "cloud_requests_total": 0,
        "mean_wall_duration_s": 0.0,
        "eligible": false,
        "terminal_status_counts": {
          "NOT_EXECUTED": 120
        }
      },
      {
        "period_s": 2.0,
        "assigned_denominator": 120,
        "nominal_denominator": 40,
        "overall_success_rate": 0.0,
        "nominal_success_rate": 0.0,
        "safety_violation_rate": 0.0,
        "cloud_requests_total": 0,
        "mean_wall_duration_s": 0.0,
        "eligible": false,
        "terminal_status_counts": {
          "NOT_EXECUTED": 120
        }
      },
      {
        "period_s": 5.0,
        "assigned_denominator": 120,
        "nominal_denominator": 40,
        "overall_success_rate": 0.0,
        "nominal_success_rate": 0.0,
        "safety_violation_rate": 0.0,
        "cloud_requests_total": 0,
        "mean_wall_duration_s": 0.0,
        "eligible": false,
        "terminal_status_counts": {
          "NOT_EXECUTED": 120
        }
      }
    ],
    "selection_rule_hash": "949d672e66f23b7bd3a6cdcba110dc5873458acf4e7b78d1005a593960d4a2d0"
  },
  "reasons": [
    "execution not requested; no model/renderer contacted"
  ]
}
