FFF                                                                      [100%]
=================================== FAILURES ===================================
_ test_v2_summary_cannot_freeze_without_real_stage_raw_sources[SOFTWARE_ONLY] __

tmp_path = PosixPath('/tmp/pytest-of-ningyd/pytest-683/test_v2_summary_cannot_freeze_0')
scope = 'SOFTWARE_ONLY'

    @pytest.mark.parametrize("scope", ["SOFTWARE_ONLY", "UNVERIFIED"])
    def test_v2_summary_cannot_freeze_without_real_stage_raw_sources(tmp_path, scope):
        (tmp_path / "summary.json").write_text(json.dumps({"schema_version": "ced.pilot-stage.v1",
            "protocol_version": "ced.research.v2", "stage": "foundation", "scope": scope,
            "method_id": "B0", "assigned": 120, "recorded": 120, "freeze_ready": True,
            "accepted_success": 120, "selected_period_s": 2.}))
        with pytest.raises((ValueError, OSError)):
>           api().initial_spec_from_evidence(tmp_path)

tests/test_ced_initial_freeze.py:59: 
_ _ _ _ _ _ _ _ _ _ _ _ _ _ _ _ _ _ _ _ _ _ _ _ _ _ _ _ _ _ _ _ _ _ _ _ _ _ _ _ 

directory = PosixPath('/tmp/pytest-of-ningyd/pytest-683/test_v2_summary_cannot_freeze_0')

    def initial_spec_from_evidence(directory: Path) -> ProtocolSpec:
        report = read_json(directory / "summary.json")
        if isinstance(report, Mapping) and report.get("protocol_version") == "ced.research.v2":
>           return _initial_v2_spec(directory)
                   ^^^^^^^^^^^^^^^^
E           NameError: name '_initial_v2_spec' is not defined

src/cloud_edge_robot_arm/research/freeze_evidence.py:204: NameError
___ test_v2_summary_cannot_freeze_without_real_stage_raw_sources[UNVERIFIED] ___

tmp_path = PosixPath('/tmp/pytest-of-ningyd/pytest-683/test_v2_summary_cannot_freeze_1')
scope = 'UNVERIFIED'

    @pytest.mark.parametrize("scope", ["SOFTWARE_ONLY", "UNVERIFIED"])
    def test_v2_summary_cannot_freeze_without_real_stage_raw_sources(tmp_path, scope):
        (tmp_path / "summary.json").write_text(json.dumps({"schema_version": "ced.pilot-stage.v1",
            "protocol_version": "ced.research.v2", "stage": "foundation", "scope": scope,
            "method_id": "B0", "assigned": 120, "recorded": 120, "freeze_ready": True,
            "accepted_success": 120, "selected_period_s": 2.}))
        with pytest.raises((ValueError, OSError)):
>           api().initial_spec_from_evidence(tmp_path)

tests/test_ced_initial_freeze.py:59: 
_ _ _ _ _ _ _ _ _ _ _ _ _ _ _ _ _ _ _ _ _ _ _ _ _ _ _ _ _ _ _ _ _ _ _ _ _ _ _ _ 

directory = PosixPath('/tmp/pytest-of-ningyd/pytest-683/test_v2_summary_cannot_freeze_1')

    def initial_spec_from_evidence(directory: Path) -> ProtocolSpec:
        report = read_json(directory / "summary.json")
        if isinstance(report, Mapping) and report.get("protocol_version") == "ced.research.v2":
>           return _initial_v2_spec(directory)
                   ^^^^^^^^^^^^^^^^
E           NameError: name '_initial_v2_spec' is not defined

src/cloud_edge_robot_arm/research/freeze_evidence.py:204: NameError
_ test_actual_auditor_rejects_software_stage_even_if_summary_relabels_success __

tmp_path = PosixPath('/tmp/pytest-of-ningyd/pytest-683/test_actual_auditor_rejects_so0')

    def test_actual_auditor_rejects_software_stage_even_if_summary_relabels_success(tmp_path):
        (tmp_path / "summary.json").write_text(json.dumps({"schema_version": "ced.pilot-stage.v1",
            "protocol_version": "ced.research.v2", "stage": "selection", "scope": "SOFTWARE_ONLY",
            "execution_mode": "REAL_RUNTIME", "accepted_success": 480}))
>       result = api().audit_ced_pilot_stage(tmp_path, "selection")
                 ^^^^^^^^^^^^^^^^^^^^^^^^^^^
E       AttributeError: module 'cloud_edge_robot_arm.research.freeze_evidence' has no attribute 'audit_ced_pilot_stage'

tests/test_ced_initial_freeze.py:82: AttributeError
=========================== short test summary info ============================
FAILED tests/test_ced_initial_freeze.py::test_v2_summary_cannot_freeze_without_real_stage_raw_sources[SOFTWARE_ONLY]
FAILED tests/test_ced_initial_freeze.py::test_v2_summary_cannot_freeze_without_real_stage_raw_sources[UNVERIFIED]
FAILED tests/test_ced_initial_freeze.py::test_actual_auditor_rejects_software_stage_even_if_summary_relabels_success
3 failed, 5 deselected in 0.26s
