FFFF                                                                     [100%]
=================================== FAILURES ===================================
______ test_case_wire_lengths_are_recomputed_from_original_payloads[None] ______

tmp_path = PosixPath('/tmp/pytest-of-ningyd/pytest-707/test_case_wire_lengths_are_rec0')
damage = None

    @pytest.mark.parametrize("damage", [None, "sent_length", "received_length", "missing_response"])
    def test_case_wire_lengths_are_recomputed_from_original_payloads(tmp_path, damage):
        import hashlib
    
        request, response = b'{"model":"SOFTWARE_ONLY"}', b'{"choices":[]}'
        (tmp_path / "request.raw").write_bytes(request)
        (tmp_path / "response.raw").write_bytes(response)
        entry = {"request_path": "request.raw", "response_path": "response.raw",
            "request_sha256": hashlib.sha256(request).hexdigest(),
            "response_sha256": hashlib.sha256(response).hexdigest(),
            "serialized_sent_bytes": len(request), "serialized_received_bytes": len(response)}
        if damage == "sent_length":
            entry["serialized_sent_bytes"] += 1
        elif damage == "received_length":
            entry["serialized_received_bytes"] += 1
        elif damage == "missing_response":
            entry.pop("response_path")
        if damage is None:
>           assert api()._case_wire_payloads(tmp_path, entry) == (request, response)
                   ^^^^^^^^^^^^^^^^^^^^^^^^^
E           AttributeError: module 'cloud_edge_robot_arm.research.freeze_evidence' has no attribute '_case_wire_payloads'

tests/test_ced_initial_freeze.py:312: AttributeError
__ test_case_wire_lengths_are_recomputed_from_original_payloads[sent_length] ___

tmp_path = PosixPath('/tmp/pytest-of-ningyd/pytest-707/test_case_wire_lengths_are_rec1')
damage = 'sent_length'

    @pytest.mark.parametrize("damage", [None, "sent_length", "received_length", "missing_response"])
    def test_case_wire_lengths_are_recomputed_from_original_payloads(tmp_path, damage):
        import hashlib
    
        request, response = b'{"model":"SOFTWARE_ONLY"}', b'{"choices":[]}'
        (tmp_path / "request.raw").write_bytes(request)
        (tmp_path / "response.raw").write_bytes(response)
        entry = {"request_path": "request.raw", "response_path": "response.raw",
            "request_sha256": hashlib.sha256(request).hexdigest(),
            "response_sha256": hashlib.sha256(response).hexdigest(),
            "serialized_sent_bytes": len(request), "serialized_received_bytes": len(response)}
        if damage == "sent_length":
            entry["serialized_sent_bytes"] += 1
        elif damage == "received_length":
            entry["serialized_received_bytes"] += 1
        elif damage == "missing_response":
            entry.pop("response_path")
        if damage is None:
            assert api()._case_wire_payloads(tmp_path, entry) == (request, response)
        else:
            with pytest.raises(ValueError):
>               api()._case_wire_payloads(tmp_path, entry)
                ^^^^^^^^^^^^^^^^^^^^^^^^^
E               AttributeError: module 'cloud_edge_robot_arm.research.freeze_evidence' has no attribute '_case_wire_payloads'

tests/test_ced_initial_freeze.py:315: AttributeError
_ test_case_wire_lengths_are_recomputed_from_original_payloads[received_length] _

tmp_path = PosixPath('/tmp/pytest-of-ningyd/pytest-707/test_case_wire_lengths_are_rec2')
damage = 'received_length'

    @pytest.mark.parametrize("damage", [None, "sent_length", "received_length", "missing_response"])
    def test_case_wire_lengths_are_recomputed_from_original_payloads(tmp_path, damage):
        import hashlib
    
        request, response = b'{"model":"SOFTWARE_ONLY"}', b'{"choices":[]}'
        (tmp_path / "request.raw").write_bytes(request)
        (tmp_path / "response.raw").write_bytes(response)
        entry = {"request_path": "request.raw", "response_path": "response.raw",
            "request_sha256": hashlib.sha256(request).hexdigest(),
            "response_sha256": hashlib.sha256(response).hexdigest(),
            "serialized_sent_bytes": len(request), "serialized_received_bytes": len(response)}
        if damage == "sent_length":
            entry["serialized_sent_bytes"] += 1
        elif damage == "received_length":
            entry["serialized_received_bytes"] += 1
        elif damage == "missing_response":
            entry.pop("response_path")
        if damage is None:
            assert api()._case_wire_payloads(tmp_path, entry) == (request, response)
        else:
            with pytest.raises(ValueError):
>               api()._case_wire_payloads(tmp_path, entry)
                ^^^^^^^^^^^^^^^^^^^^^^^^^
E               AttributeError: module 'cloud_edge_robot_arm.research.freeze_evidence' has no attribute '_case_wire_payloads'

tests/test_ced_initial_freeze.py:315: AttributeError
_ test_case_wire_lengths_are_recomputed_from_original_payloads[missing_response] _

tmp_path = PosixPath('/tmp/pytest-of-ningyd/pytest-707/test_case_wire_lengths_are_rec3')
damage = 'missing_response'

    @pytest.mark.parametrize("damage", [None, "sent_length", "received_length", "missing_response"])
    def test_case_wire_lengths_are_recomputed_from_original_payloads(tmp_path, damage):
        import hashlib
    
        request, response = b'{"model":"SOFTWARE_ONLY"}', b'{"choices":[]}'
        (tmp_path / "request.raw").write_bytes(request)
        (tmp_path / "response.raw").write_bytes(response)
        entry = {"request_path": "request.raw", "response_path": "response.raw",
            "request_sha256": hashlib.sha256(request).hexdigest(),
            "response_sha256": hashlib.sha256(response).hexdigest(),
            "serialized_sent_bytes": len(request), "serialized_received_bytes": len(response)}
        if damage == "sent_length":
            entry["serialized_sent_bytes"] += 1
        elif damage == "received_length":
            entry["serialized_received_bytes"] += 1
        elif damage == "missing_response":
            entry.pop("response_path")
        if damage is None:
            assert api()._case_wire_payloads(tmp_path, entry) == (request, response)
        else:
            with pytest.raises(ValueError):
>               api()._case_wire_payloads(tmp_path, entry)
                ^^^^^^^^^^^^^^^^^^^^^^^^^
E               AttributeError: module 'cloud_edge_robot_arm.research.freeze_evidence' has no attribute '_case_wire_payloads'

tests/test_ced_initial_freeze.py:315: AttributeError
=========================== short test summary info ============================
FAILED tests/test_ced_initial_freeze.py::test_case_wire_lengths_are_recomputed_from_original_payloads[None]
FAILED tests/test_ced_initial_freeze.py::test_case_wire_lengths_are_recomputed_from_original_payloads[sent_length]
FAILED tests/test_ced_initial_freeze.py::test_case_wire_lengths_are_recomputed_from_original_payloads[received_length]
FAILED tests/test_ced_initial_freeze.py::test_case_wire_lengths_are_recomputed_from_original_payloads[missing_response]
4 failed, 22 deselected in 0.28s
