FFFFFFFFFFFFFFFFF...                                                     [100%]
=================================== FAILURES ===================================
___________ test_selection_pairs_four_periods_and_full_scene_network ___________

pools = {'formal': [{'assignment_id': 'formal-0001', 'ood_definition': None, 'perturbation': {'invalid_fraction': 0.0, 'moveme...'position': [...], 'rgba': [...]}, 'distractors': [], ...}, 'schema_version': 'rgbd.dataset.v1', ...}, ...}, ...], ...}

    def test_selection_pairs_four_periods_and_full_scene_network(pools):
>       rows = api().build_pilot_assignments(pools, "selection", role_bundle_hash="a" * 64)
               ^^^^^^^^^^^^^^^^^^^^^^^^^^^^^
E       AttributeError: module 'cloud_edge_robot_arm.research.pilot' has no attribute 'build_pilot_assignments'

tests/test_ced_pilot_stages.py:38: AttributeError
_______ test_selection_keeps_all_candidates_and_chooses_fixed_cost_rule ________

pools = {'formal': [{'assignment_id': 'formal-0001', 'ood_definition': None, 'perturbation': {'invalid_fraction': 0.0, 'moveme...'position': [...], 'rgba': [...]}, 'distractors': [], ...}, 'schema_version': 'rgbd.dataset.v1', ...}, ...}, ...], ...}

    def test_selection_keeps_all_candidates_and_chooses_fixed_cost_rule(pools):
>       assignments = api().build_pilot_assignments(pools, "selection", role_bundle_hash="a" * 64)
                      ^^^^^^^^^^^^^^^^^^^^^^^^^^^^^
E       AttributeError: module 'cloud_edge_robot_arm.research.pilot' has no attribute 'build_pilot_assignments'

tests/test_ced_pilot_stages.py:54: AttributeError
_________ test_selection_rejects_incomplete_or_invalid_originals[omit] _________

pools = {'formal': [{'assignment_id': 'formal-0001', 'ood_definition': None, 'perturbation': {'invalid_fraction': 0.0, 'moveme...'position': [...], 'rgba': [...]}, 'distractors': [], ...}, 'schema_version': 'rgbd.dataset.v1', ...}, ...}, ...], ...}
tamper = 'omit'

    @pytest.mark.parametrize("tamper", ["omit", "duplicate", "foreign", "nonfinite"])
    def test_selection_rejects_incomplete_or_invalid_originals(pools, tamper):
>       assignments = api().build_pilot_assignments(pools, "selection", role_bundle_hash="a" * 64)
                      ^^^^^^^^^^^^^^^^^^^^^^^^^^^^^
E       AttributeError: module 'cloud_edge_robot_arm.research.pilot' has no attribute 'build_pilot_assignments'

tests/test_ced_pilot_stages.py:71: AttributeError
______ test_selection_rejects_incomplete_or_invalid_originals[duplicate] _______

pools = {'formal': [{'assignment_id': 'formal-0001', 'ood_definition': None, 'perturbation': {'invalid_fraction': 0.0, 'moveme...'position': [...], 'rgba': [...]}, 'distractors': [], ...}, 'schema_version': 'rgbd.dataset.v1', ...}, ...}, ...], ...}
tamper = 'duplicate'

    @pytest.mark.parametrize("tamper", ["omit", "duplicate", "foreign", "nonfinite"])
    def test_selection_rejects_incomplete_or_invalid_originals(pools, tamper):
>       assignments = api().build_pilot_assignments(pools, "selection", role_bundle_hash="a" * 64)
                      ^^^^^^^^^^^^^^^^^^^^^^^^^^^^^
E       AttributeError: module 'cloud_edge_robot_arm.research.pilot' has no attribute 'build_pilot_assignments'

tests/test_ced_pilot_stages.py:71: AttributeError
_______ test_selection_rejects_incomplete_or_invalid_originals[foreign] ________

pools = {'formal': [{'assignment_id': 'formal-0001', 'ood_definition': None, 'perturbation': {'invalid_fraction': 0.0, 'moveme...'position': [...], 'rgba': [...]}, 'distractors': [], ...}, 'schema_version': 'rgbd.dataset.v1', ...}, ...}, ...], ...}
tamper = 'foreign'

    @pytest.mark.parametrize("tamper", ["omit", "duplicate", "foreign", "nonfinite"])
    def test_selection_rejects_incomplete_or_invalid_originals(pools, tamper):
>       assignments = api().build_pilot_assignments(pools, "selection", role_bundle_hash="a" * 64)
                      ^^^^^^^^^^^^^^^^^^^^^^^^^^^^^
E       AttributeError: module 'cloud_edge_robot_arm.research.pilot' has no attribute 'build_pilot_assignments'

tests/test_ced_pilot_stages.py:71: AttributeError
______ test_selection_rejects_incomplete_or_invalid_originals[nonfinite] _______

pools = {'formal': [{'assignment_id': 'formal-0001', 'ood_definition': None, 'perturbation': {'invalid_fraction': 0.0, 'moveme...'position': [...], 'rgba': [...]}, 'distractors': [], ...}, 'schema_version': 'rgbd.dataset.v1', ...}, ...}, ...], ...}
tamper = 'nonfinite'

    @pytest.mark.parametrize("tamper", ["omit", "duplicate", "foreign", "nonfinite"])
    def test_selection_rejects_incomplete_or_invalid_originals(pools, tamper):
>       assignments = api().build_pilot_assignments(pools, "selection", role_bundle_hash="a" * 64)
                      ^^^^^^^^^^^^^^^^^^^^^^^^^^^^^
E       AttributeError: module 'cloud_edge_robot_arm.research.pilot' has no attribute 'build_pilot_assignments'

tests/test_ced_pilot_stages.py:71: AttributeError
_____________ test_no_feasible_period_and_all_failed_denominators ______________

pools = {'formal': [{'assignment_id': 'formal-0001', 'ood_definition': None, 'perturbation': {'invalid_fraction': 0.0, 'moveme...'position': [...], 'rgba': [...]}, 'distractors': [], ...}, 'schema_version': 'rgbd.dataset.v1', ...}, ...}, ...], ...}

    def test_no_feasible_period_and_all_failed_denominators(pools):
>       assignments = api().build_pilot_assignments(pools, "selection", role_bundle_hash="a" * 64)
                      ^^^^^^^^^^^^^^^^^^^^^^^^^^^^^
E       AttributeError: module 'cloud_edge_robot_arm.research.pilot' has no attribute 'build_pilot_assignments'

tests/test_ced_pilot_stages.py:86: AttributeError
___________ test_preassignment_rejects_leakage_or_drift[pool_reuse] ____________

pools = {'formal': [{'assignment_id': 'formal-0001', 'ood_definition': None, 'perturbation': {'invalid_fraction': 0.0, 'moveme...'position': [...], 'rgba': [...]}, 'distractors': [], ...}, 'schema_version': 'rgbd.dataset.v1', ...}, ...}, ...], ...}
tamper = 'pool_reuse'

    @pytest.mark.parametrize("tamper", ["pool_reuse", "scene_hash", "missing", "period"])
    def test_preassignment_rejects_leakage_or_drift(pools, tamper):
        changed = copy.deepcopy(pools)
        kwargs = {}
        if tamper == "pool_reuse":
            changed["foundation"][0] = changed["selection"][0]
        elif tamper == "scene_hash":
            changed["selection"][0]["scene_hash"] = "f" * 64
        elif tamper == "missing":
            changed["selection"].pop()
        else:
            kwargs["period_s"] = 3.
        with pytest.raises(ValueError):
>           api().build_pilot_assignments(changed, "selection", role_bundle_hash="a" * 64, **kwargs)
            ^^^^^^^^^^^^^^^^^^^^^^^^^^^^^
E           AttributeError: module 'cloud_edge_robot_arm.research.pilot' has no attribute 'build_pilot_assignments'

tests/test_ced_pilot_stages.py:109: AttributeError
___________ test_preassignment_rejects_leakage_or_drift[scene_hash] ____________

pools = {'formal': [{'assignment_id': 'formal-0001', 'ood_definition': None, 'perturbation': {'invalid_fraction': 0.0, 'moveme...'position': [...], 'rgba': [...]}, 'distractors': [], ...}, 'schema_version': 'rgbd.dataset.v1', ...}, ...}, ...], ...}
tamper = 'scene_hash'

    @pytest.mark.parametrize("tamper", ["pool_reuse", "scene_hash", "missing", "period"])
    def test_preassignment_rejects_leakage_or_drift(pools, tamper):
        changed = copy.deepcopy(pools)
        kwargs = {}
        if tamper == "pool_reuse":
            changed["foundation"][0] = changed["selection"][0]
        elif tamper == "scene_hash":
            changed["selection"][0]["scene_hash"] = "f" * 64
        elif tamper == "missing":
            changed["selection"].pop()
        else:
            kwargs["period_s"] = 3.
        with pytest.raises(ValueError):
>           api().build_pilot_assignments(changed, "selection", role_bundle_hash="a" * 64, **kwargs)
            ^^^^^^^^^^^^^^^^^^^^^^^^^^^^^
E           AttributeError: module 'cloud_edge_robot_arm.research.pilot' has no attribute 'build_pilot_assignments'

tests/test_ced_pilot_stages.py:109: AttributeError
_____________ test_preassignment_rejects_leakage_or_drift[missing] _____________

pools = {'formal': [{'assignment_id': 'formal-0001', 'ood_definition': None, 'perturbation': {'invalid_fraction': 0.0, 'moveme...'position': [...], 'rgba': [...]}, 'distractors': [], ...}, 'schema_version': 'rgbd.dataset.v1', ...}, ...}, ...], ...}
tamper = 'missing'

    @pytest.mark.parametrize("tamper", ["pool_reuse", "scene_hash", "missing", "period"])
    def test_preassignment_rejects_leakage_or_drift(pools, tamper):
        changed = copy.deepcopy(pools)
        kwargs = {}
        if tamper == "pool_reuse":
            changed["foundation"][0] = changed["selection"][0]
        elif tamper == "scene_hash":
            changed["selection"][0]["scene_hash"] = "f" * 64
        elif tamper == "missing":
            changed["selection"].pop()
        else:
            kwargs["period_s"] = 3.
        with pytest.raises(ValueError):
>           api().build_pilot_assignments(changed, "selection", role_bundle_hash="a" * 64, **kwargs)
            ^^^^^^^^^^^^^^^^^^^^^^^^^^^^^
E           AttributeError: module 'cloud_edge_robot_arm.research.pilot' has no attribute 'build_pilot_assignments'

tests/test_ced_pilot_stages.py:109: AttributeError
_____________ test_preassignment_rejects_leakage_or_drift[period] ______________

pools = {'formal': [{'assignment_id': 'formal-0001', 'ood_definition': None, 'perturbation': {'invalid_fraction': 0.0, 'moveme...'position': [...], 'rgba': [...]}, 'distractors': [], ...}, 'schema_version': 'rgbd.dataset.v1', ...}, ...}, ...], ...}
tamper = 'period'

    @pytest.mark.parametrize("tamper", ["pool_reuse", "scene_hash", "missing", "period"])
    def test_preassignment_rejects_leakage_or_drift(pools, tamper):
        changed = copy.deepcopy(pools)
        kwargs = {}
        if tamper == "pool_reuse":
            changed["foundation"][0] = changed["selection"][0]
        elif tamper == "scene_hash":
            changed["selection"][0]["scene_hash"] = "f" * 64
        elif tamper == "missing":
            changed["selection"].pop()
        else:
            kwargs["period_s"] = 3.
        with pytest.raises(ValueError):
>           api().build_pilot_assignments(changed, "selection", role_bundle_hash="a" * 64, **kwargs)
            ^^^^^^^^^^^^^^^^^^^^^^^^^^^^^
E           AttributeError: module 'cloud_edge_robot_arm.research.pilot' has no attribute 'build_pilot_assignments'

tests/test_ced_pilot_stages.py:109: AttributeError
____ test_default_stage_records_every_unexecuted_assignment_without_adapter ____

pools = {'formal': [{'assignment_id': 'formal-0001', 'ood_definition': None, 'perturbation': {'invalid_fraction': 0.0, 'moveme...'position': [...], 'rgba': [...]}, 'distractors': [], ...}, 'schema_version': 'rgbd.dataset.v1', ...}, ...}, ...], ...}
tmp_path = PosixPath('/tmp/pytest-of-ningyd/pytest-678/test_default_stage_records_eve0')

    def test_default_stage_records_every_unexecuted_assignment_without_adapter(pools, tmp_path):
>       result = api().run_pilot_stage("selection", pools, tmp_path / "stage")
                 ^^^^^^^^^^^^^^^^^^^^^
E       AttributeError: module 'cloud_edge_robot_arm.research.pilot' has no attribute 'run_pilot_stage'

tests/test_ced_pilot_stages.py:113: AttributeError
_______ test_software_adapter_cannot_confer_real_selection_or_foundation _______

pools = {'formal': [{'assignment_id': 'formal-0001', 'ood_definition': None, 'perturbation': {'invalid_fraction': 0.0, 'moveme...'position': [...], 'rgba': [...]}, 'distractors': [], ...}, 'schema_version': 'rgbd.dataset.v1', ...}, ...}, ...], ...}
tmp_path = PosixPath('/tmp/pytest-of-ningyd/pytest-678/test_software_adapter_cannot_c0')

    def test_software_adapter_cannot_confer_real_selection_or_foundation(pools, tmp_path):
        def fixture(row, directory):
            return {"success": True, "status": "SUCCESS", "safety_violation": False,
                    "wall_duration_s": 20., "cloud_requests": 1}
    
        with pytest.raises(ValueError, match="SOFTWARE_ONLY"):
>           api().run_pilot_stage("selection", pools, tmp_path / "bad", software_adapter=fixture)
            ^^^^^^^^^^^^^^^^^^^^^
E           AttributeError: module 'cloud_edge_robot_arm.research.pilot' has no attribute 'run_pilot_stage'

tests/test_ced_pilot_stages.py:131: AttributeError
_____ test_power_stage_preserves_groups_and_declares_unintegrated_methods ______

pools = {'formal': [{'assignment_id': 'formal-0001', 'ood_definition': None, 'perturbation': {'invalid_fraction': 0.0, 'moveme...'position': [...], 'rgba': [...]}, 'distractors': [], ...}, 'schema_version': 'rgbd.dataset.v1', ...}, ...}, ...], ...}
tmp_path = PosixPath('/tmp/pytest-of-ningyd/pytest-678/test_power_stage_preserves_gro0')

    def test_power_stage_preserves_groups_and_declares_unintegrated_methods(pools, tmp_path):
>       result = api().run_pilot_stage("power", pools, tmp_path / "power")
                 ^^^^^^^^^^^^^^^^^^^^^
E       AttributeError: module 'cloud_edge_robot_arm.research.pilot' has no attribute 'run_pilot_stage'

tests/test_ced_pilot_stages.py:141: AttributeError
_______ test_v2_spec_and_reader_preserve_legacy_entry_and_hash_semantics _______

tmp_path = PosixPath('/tmp/pytest-of-ningyd/pytest-678/test_v2_spec_and_reader_preser0')

    def test_v2_spec_and_reader_preserve_legacy_entry_and_hash_semantics(tmp_path):
>       spec = ProtocolSpec(schema_version="ced.research.v2", tcap_s=120,
            pool_hashes={"fixture": "a" * 64}, model_snapshot_hash="b" * 64,
            role_bundle_hash="b" * 64, selection_manifest_hash="c" * 64,
            selected_b0_period_s=2., budget_selection_rule_hash="d" * 64,
            opportunity_hash="e" * 64, recovery_fault_manifest_hash="f" * 64)
E       pydantic_core._pydantic_core.ValidationError: 5 validation errors for ProtocolSpec
E       schema_version
E         Input should be 'rgbd.research.v1' [type=literal_error, input_value='ced.research.v2', input_type=str]
E           For further information visit https://errors.pydantic.dev/2.13/v/literal_error
E       role_bundle_hash
E         Extra inputs are not permitted [type=extra_forbidden, input_value='bbbbbbbbbbbbbbbbbbbbbbbb...bbbbbbbbbbbbbbbbbbbbbbb', input_type=str]
E           For further information visit https://errors.pydantic.dev/2.13/v/extra_forbidden
E       selection_manifest_hash
E         Extra inputs are not permitted [type=extra_forbidden, input_value='cccccccccccccccccccccccc...ccccccccccccccccccccccc', input_type=str]
E           For further information visit https://errors.pydantic.dev/2.13/v/extra_forbidden
E       selected_b0_period_s
E         Extra inputs are not permitted [type=extra_forbidden, input_value=2.0, input_type=float]
E           For further information visit https://errors.pydantic.dev/2.13/v/extra_forbidden
E       budget_selection_rule_hash
E         Extra inputs are not permitted [type=extra_forbidden, input_value='dddddddddddddddddddddddd...ddddddddddddddddddddddd', input_type=str]
E           For further information visit https://errors.pydantic.dev/2.13/v/extra_forbidden

tests/test_ced_initial_freeze.py:17: ValidationError
_________ test_role_probe_reader_missing_or_forged_summary_unavailable _________

tmp_path = PosixPath('/tmp/pytest-of-ningyd/pytest-678/test_role_probe_reader_missing0')

    def test_role_probe_reader_missing_or_forged_summary_unavailable(tmp_path):
>       reader = api().verify_role_probe_evidence
                 ^^^^^^^^^^^^^^^^^^^^^^^^^^^^^^^^
E       AttributeError: module 'cloud_edge_robot_arm.research.freeze_evidence' has no attribute 'verify_role_probe_evidence'

tests/test_ced_initial_freeze.py:32: AttributeError
______________ test_role_reader_rejects_symlinked_original_report ______________

tmp_path = PosixPath('/tmp/pytest-of-ningyd/pytest-678/test_role_reader_rejects_symli0')

    def test_role_reader_rejects_symlinked_original_report(tmp_path):
        outside = tmp_path / "outside.json"
        outside.write_text("{}")
        directory = tmp_path / "probe"
        directory.mkdir()
        (directory / "role-probe-report.json").symlink_to(outside)
>       assert api().verify_role_probe_evidence(directory)["available"] is False
               ^^^^^^^^^^^^^^^^^^^^^^^^^^^^^^^^
E       AttributeError: module 'cloud_edge_robot_arm.research.freeze_evidence' has no attribute 'verify_role_probe_evidence'

tests/test_ced_initial_freeze.py:49: AttributeError
=========================== short test summary info ============================
FAILED tests/test_ced_pilot_stages.py::test_selection_pairs_four_periods_and_full_scene_network
FAILED tests/test_ced_pilot_stages.py::test_selection_keeps_all_candidates_and_chooses_fixed_cost_rule
FAILED tests/test_ced_pilot_stages.py::test_selection_rejects_incomplete_or_invalid_originals[omit]
FAILED tests/test_ced_pilot_stages.py::test_selection_rejects_incomplete_or_invalid_originals[duplicate]
FAILED tests/test_ced_pilot_stages.py::test_selection_rejects_incomplete_or_invalid_originals[foreign]
FAILED tests/test_ced_pilot_stages.py::test_selection_rejects_incomplete_or_invalid_originals[nonfinite]
FAILED tests/test_ced_pilot_stages.py::test_no_feasible_period_and_all_failed_denominators
FAILED tests/test_ced_pilot_stages.py::test_preassignment_rejects_leakage_or_drift[pool_reuse]
FAILED tests/test_ced_pilot_stages.py::test_preassignment_rejects_leakage_or_drift[scene_hash]
FAILED tests/test_ced_pilot_stages.py::test_preassignment_rejects_leakage_or_drift[missing]
FAILED tests/test_ced_pilot_stages.py::test_preassignment_rejects_leakage_or_drift[period]
FAILED tests/test_ced_pilot_stages.py::test_default_stage_records_every_unexecuted_assignment_without_adapter
FAILED tests/test_ced_pilot_stages.py::test_software_adapter_cannot_confer_real_selection_or_foundation
FAILED tests/test_ced_pilot_stages.py::test_power_stage_preserves_groups_and_declares_unintegrated_methods
FAILED tests/test_ced_initial_freeze.py::test_v2_spec_and_reader_preserve_legacy_entry_and_hash_semantics
FAILED tests/test_ced_initial_freeze.py::test_role_probe_reader_missing_or_forged_summary_unavailable
FAILED tests/test_ced_initial_freeze.py::test_role_reader_rejects_symlinked_original_report
17 failed, 3 passed in 1.35s
