
> big-small-dashboard@0.0.0 build
> vite build

vite v8.0.16 building client environment for production...
[2Ktransforming...✓ 3830 modules transformed.
rendering chunks...
computing gzip size...
dist/index.html                                         0.83 kB │ gzip:   0.49 kB
dist/assets/index-b6T6rRP0.css                          0.42 kB │ gzip:   0.27 kB
dist/assets/antd-B5BXDqMa.css                           2.98 kB │ gzip:   1.13 kB
dist/assets/LocalModelsPage-fZtFpzn2.js                 0.10 kB │ gzip:   0.09 kB
dist/assets/ProviderProfilesPage-DueuiG-P.js            0.11 kB │ gzip:   0.10 kB
dist/assets/PlannerTestConsolePage-CeCP4YVS.js          0.11 kB │ gzip:   0.10 kB
dist/assets/ModelDownloadCenterPage-Bkmu_pmZ.js         0.11 kB │ gzip:   0.09 kB
dist/assets/ModeComparisonPage-BIFC7_Mp.js              0.48 kB │ gzip:   0.32 kB
dist/assets/CrossBackendComparisonPage-I-9_sMhQ.js      0.51 kB │ gzip:   0.31 kB
dist/assets/QueueStatusPanel-C9GhJESG.js                0.60 kB │ gzip:   0.32 kB
dist/assets/RuntimeHealthCard-BWoC_wj7.js               0.63 kB │ gzip:   0.34 kB
dist/assets/AuditLogPage-CJ1GMY9b.js                    0.67 kB │ gzip:   0.45 kB
dist/assets/rolldown-runtime-QTnfLwEv.js                0.69 kB │ gzip:   0.42 kB
dist/assets/ResultAnalysisPage-IYwe6eRY.js              0.73 kB │ gzip:   0.44 kB
dist/assets/ScenarioLibraryPage-oD1RBnGa.js             0.85 kB │ gzip:   0.47 kB
dist/assets/MetricChart-Be81ZwPp.js                     0.86 kB │ gzip:   0.54 kB
dist/assets/ComparisonPage-pbUNLA60.js                  1.29 kB │ gzip:   0.71 kB
dist/assets/TaskExecutionPage-DOKxQTOU.js               1.37 kB │ gzip:   0.77 kB
dist/assets/ExperimentConfigBuilder-DWV1hwe2.js         2.34 kB │ gzip:   1.03 kB
dist/assets/EvidenceExplorerPage-BErDtSmC.js            3.24 kB │ gzip:   1.45 kB
dist/assets/modelControlQueries-BH1S1PVx.js             3.42 kB │ gzip:   0.92 kB
dist/assets/simulationQueries-DYwu6kFn.js               3.63 kB │ gzip:   1.07 kB
dist/assets/BatchExperimentPage-DRXGwZsm.js             3.89 kB │ gzip:   1.83 kB
dist/assets/SafetyAcceptancePage-Js-np9jp.js            4.06 kB │ gzip:   1.76 kB
dist/assets/LiveRunPage-BmpVML43.js                     4.55 kB │ gzip:   2.03 kB
dist/assets/RGBDDatasetPage--hRdLNdi.js                 5.30 kB │ gzip:   2.56 kB
dist/assets/SimulationLabPage-BsCE4HZJ.js               6.01 kB │ gzip:   2.47 kB
dist/assets/ModelControlCenterPage-DJt4HWGp.js          6.46 kB │ gzip:   2.46 kB
dist/assets/ResearchEvidencePage-B-VSiY5C.js            8.54 kB │ gzip:   3.57 kB
dist/assets/Sim2RealWorkbenchPage-Cg43JvtR.js          19.78 kB │ gzip:   7.57 kB
dist/assets/index-D6fkRjqT.js                          23.76 kB │ gzip:   7.57 kB
dist/assets/react-e36VYiRH.js                          67.77 kB │ gzip:  22.58 kB
dist/assets/antd-XOtttMN5.js                        1,076.12 kB │ gzip: 341.26 kB
dist/assets/echarts-BITkI91-.js                     1,118.51 kB │ gzip: 371.13 kB

✓ built in 522ms
[plugin builtin:vite-reporter] 
(!) Some chunks are larger than 500 kB after minification. Consider:
- Using dynamic import() to code-split the application
- Use build.rolldownOptions.output.codeSplitting to improve chunking: https://rolldown.rs/reference/OutputOptions.codeSplitting
- Adjust chunk size limit for this warning via build.chunkSizeWarningLimit.

exit_code=0

