case-01 NORMAL: FAILED LIFT_EFFECT_NOT_VERIFIED
case-02 NORMAL: FAILED GRASP_PRECONDITION_NOT_VERIFIED
case-03 NORMAL: FAILED GRASP_PRECONDITION_NOT_VERIFIED
case-04 NORMAL: FAILED GRASP_PRECONDITION_NOT_VERIFIED
case-05 NORMAL: FAILED GRASP_PRECONDITION_NOT_VERIFIED
case-06 NORMAL: FAILED TARGET_EVIDENCE_INVALIDATED
case-07 NORMAL: FAILED TARGET_EVIDENCE_INVALIDATED
case-08 NORMAL: FAILED TARGET_EVIDENCE_INVALIDATED
case-09 NORMAL: FAILED GRASP_PRECONDITION_NOT_VERIFIED
case-10 NORMAL: FAILED TARGET_EVIDENCE_INVALIDATED
case-11 NORMAL: FAILED GRASP_PRECONDITION_NOT_VERIFIED
case-12 NORMAL: FAILED GRASP_PRECONDITION_NOT_VERIFIED
case-13 MISSING_TARGET: FAILED GRASP_PRECONDITION_NOT_VERIFIED
case-14 MISSING_TARGET: FAILED TARGET_EVIDENCE_INVALIDATED
case-15 MISSING_TARGET: FAILED RELEASE_PRECONDITION_NOT_VERIFIED
case-16 MISSING_TARGET: FAILED GRASP_PRECONDITION_NOT_VERIFIED
case-17 INVALID_DEPTH: FAILED VISUAL_PLAN_REJECTED_OR_REOBSERVATION_EXHAUSTED
case-18 INVALID_DEPTH: FAILED VISUAL_PLAN_REJECTED_OR_REOBSERVATION_EXHAUSTED
case-19 SAFETY_STOP: FAILED TARGET_EVIDENCE_INVALIDATED
case-20 SAFETY_STOP: FAILED TARGET_EVIDENCE_INVALIDATED
{
  "evaluation_scope": "VISION_CLOSED_LOOP",
  "formal_g1": false,
  "assigned": 20,
  "recorded": 20,
  "succeeded": 0,
  "normal_succeeded": 0,
  "false_completions": 0,
  "failed": 20,
  "blocked": 0,
  "success_rate_all_assigned": 0.0,
  "case_kind_counts": {
    "NORMAL": 12,
    "MISSING_TARGET": 4,
    "INVALID_DEPTH": 2,
    "SAFETY_STOP": 2
  },
  "stage_coverage": {
    "observation_count": 1.0,
    "model_calls": 1.0,
    "executed_actions": 0.8
  },
  "smoke_passed": false,
  "gate": "all 20 retained; >=1 normal physical+online success; >=1 failure; no env block",
  "failure_reasons": {
    "LIFT_EFFECT_NOT_VERIFIED": 1,
    "GRASP_PRECONDITION_NOT_VERIFIED": 9,
    "TARGET_EVIDENCE_INVALIDATED": 7,
    "RELEASE_PRECONDITION_NOT_VERIFIED": 1,
    "VISUAL_PLAN_REJECTED_OR_REOBSERVATION_EXHAUSTED": 2
  }
}
