{
  "status": "FAILED",
  "evaluation_scope": "VISION_CLOSED_LOOP",
  "task_success": false,
  "online_reported_complete": false,
  "physical_success": false,
  "semantic_status": "PASS",
  "executed_actions": 4,
  "model_calls": 1,
  "terminal_reason": "LIFT_HOLD_NOT_VERIFIED",
  "task_execution": "EXECUTED",
  "error": null,
  "consistent": true,
  "artifact_paths": {
    "attempts": "real-closed-loop/attempts.jsonl",
    "backend_parameter_mapping": "real-closed-loop/backend_parameter_mapping.json",
    "cancellation": "real-closed-loop/cancellation.json",
    "events": "real-closed-loop/events.jsonl",
    "evidence_consistency": "real-closed-loop/evidence_consistency.json",
    "job": "real-closed-loop/job.json",
    "lease_history": "real-closed-loop/lease_history.jsonl",
    "leases": "real-closed-loop/leases.jsonl",
    "logs": "real-closed-loop/logs.json",
    "metrics": "real-closed-loop/metrics.json",
    "physical_evidence": "real-closed-loop/rgbd-attempts/lease-f193e5a09a794ca8/visual_episode/physical-evidence.json",
    "physical_outcome": "real-closed-loop/rgbd-attempts/lease-f193e5a09a794ca8/visual_episode/physical-outcome.json",
    "provenance": "real-closed-loop/provenance.json",
    "randomization_sample": "real-closed-loop/randomization_sample.json",
    "recovery": "real-closed-loop/recovery.json",
    "rerun_viewer_manifest": "real-closed-loop/rerun_viewer_manifest.json",
    "resource_usage": "real-closed-loop/resource_usage.json",
    "result": "real-closed-loop/result.json",
    "run_manifest": "real-closed-loop/run_manifest.json",
    "runtime_job": "real-closed-loop/runtime_job.json",
    "sensor_stream": "real-closed-loop/sensor_stream.json",
    "sim_real_gap_report": "real-closed-loop/sim_real_gap_report.json",
    "sim_trace": "real-closed-loop/sim_trace.json",
    "state_transitions": "real-closed-loop/state_transitions.jsonl",
    "trajectory": "real-closed-loop/trajectory.json",
    "verification_state": "real-closed-loop/rgbd-attempts/lease-f193e5a09a794ca8/visual_episode/verification-state.json",
    "visual_episode": "real-closed-loop/rgbd-attempts/lease-f193e5a09a794ca8/visual_episode/episode.json"
  },
  "integration_valid": true
}
