FFFFFFFF                                                                 [100%]
=================================== FAILURES ===================================
_____ test_middle_motion_uses_all_actual_steps_and_original_command_range ______
tests/test_motion_residuals.py:226: in test_middle_motion_uses_all_actual_steps_and_original_command_range
    result = prepare(values)
             ^^^^^^^^^^^^^^^
tests/test_motion_residuals.py:217: in prepare
    return api().prepare_point_motion_residuals(
           ^^^^^
tests/test_motion_residuals.py:33: in api
    return import_module("cloud_edge_robot_arm.research.motion_residuals")
           ^^^^^^^^^^^^^^^^^^^^^^^^^^^^^^^^^^^^^^^^^^^^^^^^^^^^^^^^^^^^^^^
/usr/lib/python3.12/importlib/__init__.py:90: in import_module
    return _bootstrap._gcd_import(name[level:], package, level)
           ^^^^^^^^^^^^^^^^^^^^^^^^^^^^^^^^^^^^^^^^^^^^^^^^^^^^
<frozen importlib._bootstrap>:1387: in _gcd_import
    ???
<frozen importlib._bootstrap>:1360: in _find_and_load
    ???
<frozen importlib._bootstrap>:1324: in _find_and_load_unlocked
    ???
E   ModuleNotFoundError: No module named 'cloud_edge_robot_arm.research.motion_residuals'
__________ test_observable_speed_comes_from_prior_online_frames_only ___________
tests/test_motion_residuals.py:242: in test_observable_speed_comes_from_prior_online_frames_only
    result = prepare(graph(observed_depth_change=True))
             ^^^^^^^^^^^^^^^^^^^^^^^^^^^^^^^^^^^^^^^^^^
tests/test_motion_residuals.py:217: in prepare
    return api().prepare_point_motion_residuals(
           ^^^^^
tests/test_motion_residuals.py:33: in api
    return import_module("cloud_edge_robot_arm.research.motion_residuals")
           ^^^^^^^^^^^^^^^^^^^^^^^^^^^^^^^^^^^^^^^^^^^^^^^^^^^^^^^^^^^^^^^
/usr/lib/python3.12/importlib/__init__.py:90: in import_module
    return _bootstrap._gcd_import(name[level:], package, level)
           ^^^^^^^^^^^^^^^^^^^^^^^^^^^^^^^^^^^^^^^^^^^^^^^^^^^^
<frozen importlib._bootstrap>:1387: in _gcd_import
    ???
<frozen importlib._bootstrap>:1360: in _find_and_load
    ???
<frozen importlib._bootstrap>:1324: in _find_and_load_unlocked
    ???
E   ModuleNotFoundError: No module named 'cloud_edge_robot_arm.research.motion_residuals'
______ test_rotation_moves_registered_marker_point_without_origin_motion _______
tests/test_motion_residuals.py:251: in test_rotation_moves_registered_marker_point_without_origin_motion
    result = prepare(graph(rotation=True))
             ^^^^^^^^^^^^^^^^^^^^^^^^^^^^^
tests/test_motion_residuals.py:217: in prepare
    return api().prepare_point_motion_residuals(
           ^^^^^
tests/test_motion_residuals.py:33: in api
    return import_module("cloud_edge_robot_arm.research.motion_residuals")
           ^^^^^^^^^^^^^^^^^^^^^^^^^^^^^^^^^^^^^^^^^^^^^^^^^^^^^^^^^^^^^^^
/usr/lib/python3.12/importlib/__init__.py:90: in import_module
    return _bootstrap._gcd_import(name[level:], package, level)
           ^^^^^^^^^^^^^^^^^^^^^^^^^^^^^^^^^^^^^^^^^^^^^^^^^^^^
<frozen importlib._bootstrap>:1387: in _gcd_import
    ???
<frozen importlib._bootstrap>:1360: in _find_and_load
    ???
<frozen importlib._bootstrap>:1324: in _find_and_load_unlocked
    ???
E   ModuleNotFoundError: No module named 'cloud_edge_robot_arm.research.motion_residuals'
_ test_missing_evidence_retains_unavailable_action_denominator[options0-previous_online_acquisition_unavailable] _
tests/test_motion_residuals.py:263: in test_missing_evidence_retains_unavailable_action_denominator
    result = prepare(graph(**options))
             ^^^^^^^^^^^^^^^^^^^^^^^^^
tests/test_motion_residuals.py:217: in prepare
    return api().prepare_point_motion_residuals(
           ^^^^^
tests/test_motion_residuals.py:33: in api
    return import_module("cloud_edge_robot_arm.research.motion_residuals")
           ^^^^^^^^^^^^^^^^^^^^^^^^^^^^^^^^^^^^^^^^^^^^^^^^^^^^^^^^^^^^^^^
/usr/lib/python3.12/importlib/__init__.py:90: in import_module
    return _bootstrap._gcd_import(name[level:], package, level)
           ^^^^^^^^^^^^^^^^^^^^^^^^^^^^^^^^^^^^^^^^^^^^^^^^^^^^
<frozen importlib._bootstrap>:1387: in _gcd_import
    ???
<frozen importlib._bootstrap>:1360: in _find_and_load
    ???
<frozen importlib._bootstrap>:1324: in _find_and_load_unlocked
    ???
E   ModuleNotFoundError: No module named 'cloud_edge_robot_arm.research.motion_residuals'
_ test_missing_evidence_retains_unavailable_action_denominator[options1-utc_monotonic_mapping_unavailable] _
tests/test_motion_residuals.py:263: in test_missing_evidence_retains_unavailable_action_denominator
    result = prepare(graph(**options))
             ^^^^^^^^^^^^^^^^^^^^^^^^^
tests/test_motion_residuals.py:217: in prepare
    return api().prepare_point_motion_residuals(
           ^^^^^
tests/test_motion_residuals.py:33: in api
    return import_module("cloud_edge_robot_arm.research.motion_residuals")
           ^^^^^^^^^^^^^^^^^^^^^^^^^^^^^^^^^^^^^^^^^^^^^^^^^^^^^^^^^^^^^^^
/usr/lib/python3.12/importlib/__init__.py:90: in import_module
    return _bootstrap._gcd_import(name[level:], package, level)
           ^^^^^^^^^^^^^^^^^^^^^^^^^^^^^^^^^^^^^^^^^^^^^^^^^^^^
<frozen importlib._bootstrap>:1387: in _gcd_import
    ???
<frozen importlib._bootstrap>:1360: in _find_and_load
    ???
<frozen importlib._bootstrap>:1324: in _find_and_load_unlocked
    ???
E   ModuleNotFoundError: No module named 'cloud_edge_robot_arm.research.motion_residuals'
______ test_missing_physics_cannot_shorten_actual_horizon_or_supply_zero _______
tests/test_motion_residuals.py:273: in test_missing_physics_cannot_shorten_actual_horizon_or_supply_zero
    result = prepare((registration, envelope, records, asset))
             ^^^^^^^^^^^^^^^^^^^^^^^^^^^^^^^^^^^^^^^^^^^^^^^^^
tests/test_motion_residuals.py:217: in prepare
    return api().prepare_point_motion_residuals(
           ^^^^^
tests/test_motion_residuals.py:33: in api
    return import_module("cloud_edge_robot_arm.research.motion_residuals")
           ^^^^^^^^^^^^^^^^^^^^^^^^^^^^^^^^^^^^^^^^^^^^^^^^^^^^^^^^^^^^^^^
/usr/lib/python3.12/importlib/__init__.py:90: in import_module
    return _bootstrap._gcd_import(name[level:], package, level)
           ^^^^^^^^^^^^^^^^^^^^^^^^^^^^^^^^^^^^^^^^^^^^^^^^^^^^
<frozen importlib._bootstrap>:1387: in _gcd_import
    ???
<frozen importlib._bootstrap>:1360: in _find_and_load
    ???
<frozen importlib._bootstrap>:1324: in _find_and_load_unlocked
    ???
E   ModuleNotFoundError: No module named 'cloud_edge_robot_arm.research.motion_residuals'
___ test_frozen_criteria_are_detached_and_sampling_threshold_is_not_relaxed ____
tests/test_motion_residuals.py:285: in test_frozen_criteria_are_detached_and_sampling_threshold_is_not_relaxed
    result = prepare((registration, envelope, records, asset))
             ^^^^^^^^^^^^^^^^^^^^^^^^^^^^^^^^^^^^^^^^^^^^^^^^^
tests/test_motion_residuals.py:217: in prepare
    return api().prepare_point_motion_residuals(
           ^^^^^
tests/test_motion_residuals.py:33: in api
    return import_module("cloud_edge_robot_arm.research.motion_residuals")
           ^^^^^^^^^^^^^^^^^^^^^^^^^^^^^^^^^^^^^^^^^^^^^^^^^^^^^^^^^^^^^^^
/usr/lib/python3.12/importlib/__init__.py:90: in import_module
    return _bootstrap._gcd_import(name[level:], package, level)
           ^^^^^^^^^^^^^^^^^^^^^^^^^^^^^^^^^^^^^^^^^^^^^^^^^^^^
<frozen importlib._bootstrap>:1387: in _gcd_import
    ???
<frozen importlib._bootstrap>:1360: in _find_and_load
    ???
<frozen importlib._bootstrap>:1324: in _find_and_load_unlocked
    ???
E   ModuleNotFoundError: No module named 'cloud_edge_robot_arm.research.motion_residuals'
___ test_unregistered_asset_bytes_cannot_select_an_arbitrary_reference_point ___
tests/test_motion_residuals.py:294: in test_unregistered_asset_bytes_cannot_select_an_arbitrary_reference_point
    result = prepare((registration, envelope, records, asset + b" "))
             ^^^^^^^^^^^^^^^^^^^^^^^^^^^^^^^^^^^^^^^^^^^^^^^^^^^^^^^^
tests/test_motion_residuals.py:217: in prepare
    return api().prepare_point_motion_residuals(
           ^^^^^
tests/test_motion_residuals.py:33: in api
    return import_module("cloud_edge_robot_arm.research.motion_residuals")
           ^^^^^^^^^^^^^^^^^^^^^^^^^^^^^^^^^^^^^^^^^^^^^^^^^^^^^^^^^^^^^^^
/usr/lib/python3.12/importlib/__init__.py:90: in import_module
    return _bootstrap._gcd_import(name[level:], package, level)
           ^^^^^^^^^^^^^^^^^^^^^^^^^^^^^^^^^^^^^^^^^^^^^^^^^^^^
<frozen importlib._bootstrap>:1387: in _gcd_import
    ???
<frozen importlib._bootstrap>:1360: in _find_and_load
    ???
<frozen importlib._bootstrap>:1324: in _find_and_load_unlocked
    ???
E   ModuleNotFoundError: No module named 'cloud_edge_robot_arm.research.motion_residuals'
=========================== short test summary info ============================
FAILED tests/test_motion_residuals.py::test_middle_motion_uses_all_actual_steps_and_original_command_range
FAILED tests/test_motion_residuals.py::test_observable_speed_comes_from_prior_online_frames_only
FAILED tests/test_motion_residuals.py::test_rotation_moves_registered_marker_point_without_origin_motion
FAILED tests/test_motion_residuals.py::test_missing_evidence_retains_unavailable_action_denominator[options0-previous_online_acquisition_unavailable]
FAILED tests/test_motion_residuals.py::test_missing_evidence_retains_unavailable_action_denominator[options1-utc_monotonic_mapping_unavailable]
FAILED tests/test_motion_residuals.py::test_missing_physics_cannot_shorten_actual_horizon_or_supply_zero
FAILED tests/test_motion_residuals.py::test_frozen_criteria_are_detached_and_sampling_threshold_is_not_relaxed
FAILED tests/test_motion_residuals.py::test_unregistered_asset_bytes_cannot_select_an_arbitrary_reference_point
8 failed in 3.81s
