FFF                                                                      [100%]
=================================== FAILURES ===================================
_ test_nonconcrete_marker_carrier_cannot_supply_available_motion_input[mutable] _
tests/test_motion_residuals.py:423: in test_nonconcrete_marker_carrier_cannot_supply_available_motion_input
    assert row.status == "UNAVAILABLE" and row.motion_residual_m_s is None
E   AssertionError: assert ('AVAILABLE' == 'UNAVAILABLE'
E     
E     - UNAVAILABLE
E     ? --
E     + AVAILABLE)
_ test_nonconcrete_marker_carrier_cannot_supply_available_motion_input[subclass] _
tests/test_motion_residuals.py:423: in test_nonconcrete_marker_carrier_cannot_supply_available_motion_input
    assert row.status == "UNAVAILABLE" and row.motion_residual_m_s is None
E   AssertionError: assert ('AVAILABLE' == 'UNAVAILABLE'
E     
E     - UNAVAILABLE
E     ? --
E     + AVAILABLE)
_______ test_concrete_marker_fields_are_revalidated_before_reference_use _______
tests/test_motion_residuals.py:441: in test_concrete_marker_fields_are_revalidated_before_reference_use
    assert result.available_rows == 0
E   AssertionError: assert 1 == 0
E    +  where 1 = PointMotionPreparation(raw_status='COMPLETE', raw_reasons=(), raw_source_digest='068b2687be72e1baa66f45bc5a135c180543f...2, 0.1, 0.07505), end_point_m=(0.2, 0.1, 0.07505), displacement_m=0.0, secant_lower_m_s=0.0, secant_upper_m_s=0.0))),)).available_rows
=========================== short test summary info ============================
FAILED tests/test_motion_residuals.py::test_nonconcrete_marker_carrier_cannot_supply_available_motion_input[mutable]
FAILED tests/test_motion_residuals.py::test_nonconcrete_marker_carrier_cannot_supply_available_motion_input[subclass]
FAILED tests/test_motion_residuals.py::test_concrete_marker_fields_are_revalidated_before_reference_use
3 failed, 13 deselected in 2.67s
