FFFFF                                                                    [100%]
=================================== FAILURES ===================================
___ test_unavailable_raw_row_keeps_original_horizon_and_command_denominator ____
tests/test_motion_residuals.py:382: in test_unavailable_raw_row_keeps_original_horizon_and_command_denominator
    assert (row.start_step, row.end_step) == (120, 124)
E   assert (None, None) == (120, 124)
E     
E     At index 0 diff: None != 120
E     Use -v to get more diff
_ test_boolean_criterion_cannot_silently_widen_original_threshold[max_sample_gap_s] _
tests/test_motion_residuals.py:392: in test_boolean_criterion_cannot_silently_widen_original_threshold
    with pytest.raises(ValueError, match="strict finite criterion"):
E   Failed: DID NOT RAISE <class 'ValueError'>
___ test_boolean_criterion_cannot_silently_widen_original_threshold[hold_s] ____
tests/test_motion_residuals.py:392: in test_boolean_criterion_cannot_silently_widen_original_threshold
    with pytest.raises(ValueError, match="strict finite criterion"):
E   Failed: DID NOT RAISE <class 'ValueError'>
_ test_boolean_criterion_cannot_silently_widen_original_threshold[placed_stable_s] _
tests/test_motion_residuals.py:392: in test_boolean_criterion_cannot_silently_widen_original_threshold
    with pytest.raises(ValueError, match="strict finite criterion"):
E   Failed: DID NOT RAISE <class 'ValueError'>
___________ test_criterion_cannot_be_for_a_different_physical_object ___________
tests/test_motion_residuals.py:400: in test_criterion_cannot_be_for_a_different_physical_object
    assert result.available_rows == 0
E   AssertionError: assert 1 == 0
E    +  where 1 = PointMotionPreparation(raw_status='COMPLETE', raw_reasons=(), raw_source_digest='4e1e963ac7d52bd3d2c006b72f7d4ffe0eec9...2, 0.1, 0.07505), end_point_m=(0.2, 0.1, 0.07505), displacement_m=0.0, secant_lower_m_s=0.0, secant_upper_m_s=0.0))),)).available_rows
=========================== short test summary info ============================
FAILED tests/test_motion_residuals.py::test_unavailable_raw_row_keeps_original_horizon_and_command_denominator
FAILED tests/test_motion_residuals.py::test_boolean_criterion_cannot_silently_widen_original_threshold[max_sample_gap_s]
FAILED tests/test_motion_residuals.py::test_boolean_criterion_cannot_silently_widen_original_threshold[hold_s]
FAILED tests/test_motion_residuals.py::test_boolean_criterion_cannot_silently_widen_original_threshold[placed_stable_s]
FAILED tests/test_motion_residuals.py::test_criterion_cannot_be_for_a_different_physical_object
5 failed, 8 deselected in 3.30s
