FFFFFFFFFFFFFFFFFFFFFFF                                                  [100%]
=================================== FAILURES ===================================
_____ test_default_actual_composition_cannot_enable_from_source_validation _____

    def test_default_actual_composition_cannot_enable_from_source_validation():
>       snap = snapshot()
               ^^^^^^^^^^

tests/test_runtime_composition.py:67: 
_ _ _ _ _ _ _ _ _ _ _ _ _ _ _ _ _ _ _ _ _ _ _ _ _ _ _ _ _ _ _ _ _ _ _ _ _ _ _ _ 
tests/test_runtime_composition.py:48: in snapshot
    return api().RuntimeCompositionSnapshot(**{**values, **changes})
           ^^^^^
tests/test_runtime_composition.py:22: in api
    return import_module("cloud_edge_robot_arm.auto_mode.runtime_composition")
           ^^^^^^^^^^^^^^^^^^^^^^^^^^^^^^^^^^^^^^^^^^^^^^^^^^^^^^^^^^^^^^^^^^^
/usr/lib/python3.12/importlib/__init__.py:90: in import_module
    return _bootstrap._gcd_import(name[level:], package, level)
           ^^^^^^^^^^^^^^^^^^^^^^^^^^^^^^^^^^^^^^^^^^^^^^^^^^^^
<frozen importlib._bootstrap>:1387: in _gcd_import
    ???
<frozen importlib._bootstrap>:1360: in _find_and_load
    ???
_ _ _ _ _ _ _ _ _ _ _ _ _ _ _ _ _ _ _ _ _ _ _ _ _ _ _ _ _ _ _ _ _ _ _ _ _ _ _ _ 

name = 'cloud_edge_robot_arm.auto_mode.runtime_composition'
import_ = <function _gcd_import at 0x756963ba40e0>

>   ???
E   ModuleNotFoundError: No module named 'cloud_edge_robot_arm.auto_mode.runtime_composition'

<frozen importlib._bootstrap>:1324: ModuleNotFoundError
________ test_current_native_unknown_bounds_mask_continue_and_recovery _________

    def test_current_native_unknown_bounds_mask_continue_and_recovery():
>       snap = snapshot()
               ^^^^^^^^^^

tests/test_runtime_composition.py:81: 
_ _ _ _ _ _ _ _ _ _ _ _ _ _ _ _ _ _ _ _ _ _ _ _ _ _ _ _ _ _ _ _ _ _ _ _ _ _ _ _ 
tests/test_runtime_composition.py:48: in snapshot
    return api().RuntimeCompositionSnapshot(**{**values, **changes})
           ^^^^^
tests/test_runtime_composition.py:22: in api
    return import_module("cloud_edge_robot_arm.auto_mode.runtime_composition")
           ^^^^^^^^^^^^^^^^^^^^^^^^^^^^^^^^^^^^^^^^^^^^^^^^^^^^^^^^^^^^^^^^^^^
/usr/lib/python3.12/importlib/__init__.py:90: in import_module
    return _bootstrap._gcd_import(name[level:], package, level)
           ^^^^^^^^^^^^^^^^^^^^^^^^^^^^^^^^^^^^^^^^^^^^^^^^^^^^
<frozen importlib._bootstrap>:1387: in _gcd_import
    ???
<frozen importlib._bootstrap>:1360: in _find_and_load
    ???
_ _ _ _ _ _ _ _ _ _ _ _ _ _ _ _ _ _ _ _ _ _ _ _ _ _ _ _ _ _ _ _ _ _ _ _ _ _ _ _ 

name = 'cloud_edge_robot_arm.auto_mode.runtime_composition'
import_ = <function _gcd_import at 0x756963ba40e0>

>   ???
E   ModuleNotFoundError: No module named 'cloud_edge_robot_arm.auto_mode.runtime_composition'

<frozen importlib._bootstrap>:1324: ModuleNotFoundError
____ test_incoherent_authoritative_snapshot_fails_closed[contract_version] _____

field = 'contract_version'

    @pytest.mark.parametrize("field", ["contract_version", "checkpoint_version", "online_sequence",
                                        "mode_task", "frame", "atomic"])
    def test_incoherent_authoritative_snapshot_fails_closed(field):
>       snap = snapshot()
               ^^^^^^^^^^

tests/test_runtime_composition.py:94: 
_ _ _ _ _ _ _ _ _ _ _ _ _ _ _ _ _ _ _ _ _ _ _ _ _ _ _ _ _ _ _ _ _ _ _ _ _ _ _ _ 
tests/test_runtime_composition.py:48: in snapshot
    return api().RuntimeCompositionSnapshot(**{**values, **changes})
           ^^^^^
tests/test_runtime_composition.py:22: in api
    return import_module("cloud_edge_robot_arm.auto_mode.runtime_composition")
           ^^^^^^^^^^^^^^^^^^^^^^^^^^^^^^^^^^^^^^^^^^^^^^^^^^^^^^^^^^^^^^^^^^^
/usr/lib/python3.12/importlib/__init__.py:90: in import_module
    return _bootstrap._gcd_import(name[level:], package, level)
           ^^^^^^^^^^^^^^^^^^^^^^^^^^^^^^^^^^^^^^^^^^^^^^^^^^^^
<frozen importlib._bootstrap>:1387: in _gcd_import
    ???
<frozen importlib._bootstrap>:1360: in _find_and_load
    ???
_ _ _ _ _ _ _ _ _ _ _ _ _ _ _ _ _ _ _ _ _ _ _ _ _ _ _ _ _ _ _ _ _ _ _ _ _ _ _ _ 

name = 'cloud_edge_robot_arm.auto_mode.runtime_composition'
import_ = <function _gcd_import at 0x756963ba40e0>

>   ???
E   ModuleNotFoundError: No module named 'cloud_edge_robot_arm.auto_mode.runtime_composition'

<frozen importlib._bootstrap>:1324: ModuleNotFoundError
___ test_incoherent_authoritative_snapshot_fails_closed[checkpoint_version] ____

field = 'checkpoint_version'

    @pytest.mark.parametrize("field", ["contract_version", "checkpoint_version", "online_sequence",
                                        "mode_task", "frame", "atomic"])
    def test_incoherent_authoritative_snapshot_fails_closed(field):
>       snap = snapshot()
               ^^^^^^^^^^

tests/test_runtime_composition.py:94: 
_ _ _ _ _ _ _ _ _ _ _ _ _ _ _ _ _ _ _ _ _ _ _ _ _ _ _ _ _ _ _ _ _ _ _ _ _ _ _ _ 
tests/test_runtime_composition.py:48: in snapshot
    return api().RuntimeCompositionSnapshot(**{**values, **changes})
           ^^^^^
tests/test_runtime_composition.py:22: in api
    return import_module("cloud_edge_robot_arm.auto_mode.runtime_composition")
           ^^^^^^^^^^^^^^^^^^^^^^^^^^^^^^^^^^^^^^^^^^^^^^^^^^^^^^^^^^^^^^^^^^^
/usr/lib/python3.12/importlib/__init__.py:90: in import_module
    return _bootstrap._gcd_import(name[level:], package, level)
           ^^^^^^^^^^^^^^^^^^^^^^^^^^^^^^^^^^^^^^^^^^^^^^^^^^^^
<frozen importlib._bootstrap>:1387: in _gcd_import
    ???
<frozen importlib._bootstrap>:1360: in _find_and_load
    ???
_ _ _ _ _ _ _ _ _ _ _ _ _ _ _ _ _ _ _ _ _ _ _ _ _ _ _ _ _ _ _ _ _ _ _ _ _ _ _ _ 

name = 'cloud_edge_robot_arm.auto_mode.runtime_composition'
import_ = <function _gcd_import at 0x756963ba40e0>

>   ???
E   ModuleNotFoundError: No module named 'cloud_edge_robot_arm.auto_mode.runtime_composition'

<frozen importlib._bootstrap>:1324: ModuleNotFoundError
_____ test_incoherent_authoritative_snapshot_fails_closed[online_sequence] _____

field = 'online_sequence'

    @pytest.mark.parametrize("field", ["contract_version", "checkpoint_version", "online_sequence",
                                        "mode_task", "frame", "atomic"])
    def test_incoherent_authoritative_snapshot_fails_closed(field):
>       snap = snapshot()
               ^^^^^^^^^^

tests/test_runtime_composition.py:94: 
_ _ _ _ _ _ _ _ _ _ _ _ _ _ _ _ _ _ _ _ _ _ _ _ _ _ _ _ _ _ _ _ _ _ _ _ _ _ _ _ 
tests/test_runtime_composition.py:48: in snapshot
    return api().RuntimeCompositionSnapshot(**{**values, **changes})
           ^^^^^
tests/test_runtime_composition.py:22: in api
    return import_module("cloud_edge_robot_arm.auto_mode.runtime_composition")
           ^^^^^^^^^^^^^^^^^^^^^^^^^^^^^^^^^^^^^^^^^^^^^^^^^^^^^^^^^^^^^^^^^^^
/usr/lib/python3.12/importlib/__init__.py:90: in import_module
    return _bootstrap._gcd_import(name[level:], package, level)
           ^^^^^^^^^^^^^^^^^^^^^^^^^^^^^^^^^^^^^^^^^^^^^^^^^^^^
<frozen importlib._bootstrap>:1387: in _gcd_import
    ???
<frozen importlib._bootstrap>:1360: in _find_and_load
    ???
_ _ _ _ _ _ _ _ _ _ _ _ _ _ _ _ _ _ _ _ _ _ _ _ _ _ _ _ _ _ _ _ _ _ _ _ _ _ _ _ 

name = 'cloud_edge_robot_arm.auto_mode.runtime_composition'
import_ = <function _gcd_import at 0x756963ba40e0>

>   ???
E   ModuleNotFoundError: No module named 'cloud_edge_robot_arm.auto_mode.runtime_composition'

<frozen importlib._bootstrap>:1324: ModuleNotFoundError
________ test_incoherent_authoritative_snapshot_fails_closed[mode_task] ________

field = 'mode_task'

    @pytest.mark.parametrize("field", ["contract_version", "checkpoint_version", "online_sequence",
                                        "mode_task", "frame", "atomic"])
    def test_incoherent_authoritative_snapshot_fails_closed(field):
>       snap = snapshot()
               ^^^^^^^^^^

tests/test_runtime_composition.py:94: 
_ _ _ _ _ _ _ _ _ _ _ _ _ _ _ _ _ _ _ _ _ _ _ _ _ _ _ _ _ _ _ _ _ _ _ _ _ _ _ _ 
tests/test_runtime_composition.py:48: in snapshot
    return api().RuntimeCompositionSnapshot(**{**values, **changes})
           ^^^^^
tests/test_runtime_composition.py:22: in api
    return import_module("cloud_edge_robot_arm.auto_mode.runtime_composition")
           ^^^^^^^^^^^^^^^^^^^^^^^^^^^^^^^^^^^^^^^^^^^^^^^^^^^^^^^^^^^^^^^^^^^
/usr/lib/python3.12/importlib/__init__.py:90: in import_module
    return _bootstrap._gcd_import(name[level:], package, level)
           ^^^^^^^^^^^^^^^^^^^^^^^^^^^^^^^^^^^^^^^^^^^^^^^^^^^^
<frozen importlib._bootstrap>:1387: in _gcd_import
    ???
<frozen importlib._bootstrap>:1360: in _find_and_load
    ???
_ _ _ _ _ _ _ _ _ _ _ _ _ _ _ _ _ _ _ _ _ _ _ _ _ _ _ _ _ _ _ _ _ _ _ _ _ _ _ _ 

name = 'cloud_edge_robot_arm.auto_mode.runtime_composition'
import_ = <function _gcd_import at 0x756963ba40e0>

>   ???
E   ModuleNotFoundError: No module named 'cloud_edge_robot_arm.auto_mode.runtime_composition'

<frozen importlib._bootstrap>:1324: ModuleNotFoundError
__________ test_incoherent_authoritative_snapshot_fails_closed[frame] __________

field = 'frame'

    @pytest.mark.parametrize("field", ["contract_version", "checkpoint_version", "online_sequence",
                                        "mode_task", "frame", "atomic"])
    def test_incoherent_authoritative_snapshot_fails_closed(field):
>       snap = snapshot()
               ^^^^^^^^^^

tests/test_runtime_composition.py:94: 
_ _ _ _ _ _ _ _ _ _ _ _ _ _ _ _ _ _ _ _ _ _ _ _ _ _ _ _ _ _ _ _ _ _ _ _ _ _ _ _ 
tests/test_runtime_composition.py:48: in snapshot
    return api().RuntimeCompositionSnapshot(**{**values, **changes})
           ^^^^^
tests/test_runtime_composition.py:22: in api
    return import_module("cloud_edge_robot_arm.auto_mode.runtime_composition")
           ^^^^^^^^^^^^^^^^^^^^^^^^^^^^^^^^^^^^^^^^^^^^^^^^^^^^^^^^^^^^^^^^^^^
/usr/lib/python3.12/importlib/__init__.py:90: in import_module
    return _bootstrap._gcd_import(name[level:], package, level)
           ^^^^^^^^^^^^^^^^^^^^^^^^^^^^^^^^^^^^^^^^^^^^^^^^^^^^
<frozen importlib._bootstrap>:1387: in _gcd_import
    ???
<frozen importlib._bootstrap>:1360: in _find_and_load
    ???
_ _ _ _ _ _ _ _ _ _ _ _ _ _ _ _ _ _ _ _ _ _ _ _ _ _ _ _ _ _ _ _ _ _ _ _ _ _ _ _ 

name = 'cloud_edge_robot_arm.auto_mode.runtime_composition'
import_ = <function _gcd_import at 0x756963ba40e0>

>   ???
E   ModuleNotFoundError: No module named 'cloud_edge_robot_arm.auto_mode.runtime_composition'

<frozen importlib._bootstrap>:1324: ModuleNotFoundError
_________ test_incoherent_authoritative_snapshot_fails_closed[atomic] __________

field = 'atomic'

    @pytest.mark.parametrize("field", ["contract_version", "checkpoint_version", "online_sequence",
                                        "mode_task", "frame", "atomic"])
    def test_incoherent_authoritative_snapshot_fails_closed(field):
>       snap = snapshot()
               ^^^^^^^^^^

tests/test_runtime_composition.py:94: 
_ _ _ _ _ _ _ _ _ _ _ _ _ _ _ _ _ _ _ _ _ _ _ _ _ _ _ _ _ _ _ _ _ _ _ _ _ _ _ _ 
tests/test_runtime_composition.py:48: in snapshot
    return api().RuntimeCompositionSnapshot(**{**values, **changes})
           ^^^^^
tests/test_runtime_composition.py:22: in api
    return import_module("cloud_edge_robot_arm.auto_mode.runtime_composition")
           ^^^^^^^^^^^^^^^^^^^^^^^^^^^^^^^^^^^^^^^^^^^^^^^^^^^^^^^^^^^^^^^^^^^
/usr/lib/python3.12/importlib/__init__.py:90: in import_module
    return _bootstrap._gcd_import(name[level:], package, level)
           ^^^^^^^^^^^^^^^^^^^^^^^^^^^^^^^^^^^^^^^^^^^^^^^^^^^^
<frozen importlib._bootstrap>:1387: in _gcd_import
    ???
<frozen importlib._bootstrap>:1360: in _find_and_load
    ???
_ _ _ _ _ _ _ _ _ _ _ _ _ _ _ _ _ _ _ _ _ _ _ _ _ _ _ _ _ _ _ _ _ _ _ _ _ _ _ _ 

name = 'cloud_edge_robot_arm.auto_mode.runtime_composition'
import_ = <function _gcd_import at 0x756963ba40e0>

>   ???
E   ModuleNotFoundError: No module named 'cloud_edge_robot_arm.auto_mode.runtime_composition'

<frozen importlib._bootstrap>:1324: ModuleNotFoundError
______________ test_canonical_unknown_overrides_event_caller_pass ______________

    def test_canonical_unknown_overrides_event_caller_pass():
>       snap = snapshot()
               ^^^^^^^^^^

tests/test_runtime_composition.py:116: 
_ _ _ _ _ _ _ _ _ _ _ _ _ _ _ _ _ _ _ _ _ _ _ _ _ _ _ _ _ _ _ _ _ _ _ _ _ _ _ _ 
tests/test_runtime_composition.py:48: in snapshot
    return api().RuntimeCompositionSnapshot(**{**values, **changes})
           ^^^^^
tests/test_runtime_composition.py:22: in api
    return import_module("cloud_edge_robot_arm.auto_mode.runtime_composition")
           ^^^^^^^^^^^^^^^^^^^^^^^^^^^^^^^^^^^^^^^^^^^^^^^^^^^^^^^^^^^^^^^^^^^
/usr/lib/python3.12/importlib/__init__.py:90: in import_module
    return _bootstrap._gcd_import(name[level:], package, level)
           ^^^^^^^^^^^^^^^^^^^^^^^^^^^^^^^^^^^^^^^^^^^^^^^^^^^^
<frozen importlib._bootstrap>:1387: in _gcd_import
    ???
<frozen importlib._bootstrap>:1360: in _find_and_load
    ???
_ _ _ _ _ _ _ _ _ _ _ _ _ _ _ _ _ _ _ _ _ _ _ _ _ _ _ _ _ _ _ _ _ _ _ _ _ _ _ _ 

name = 'cloud_edge_robot_arm.auto_mode.runtime_composition'
import_ = <function _gcd_import at 0x756963ba40e0>

>   ???
E   ModuleNotFoundError: No module named 'cloud_edge_robot_arm.auto_mode.runtime_composition'

<frozen importlib._bootstrap>:1324: ModuleNotFoundError
____ test_hard_state_skips_policy_and_source_callbacks[estop_engaged-True] _____

field = 'estop_engaged', value = True

    @pytest.mark.parametrize("field,value", [("estop_engaged", True), ("collision_detected", True),
                                             ("connected", False)])
    def test_hard_state_skips_policy_and_source_callbacks(field, value):
>       snap = snapshot()
               ^^^^^^^^^^

tests/test_runtime_composition.py:127: 
_ _ _ _ _ _ _ _ _ _ _ _ _ _ _ _ _ _ _ _ _ _ _ _ _ _ _ _ _ _ _ _ _ _ _ _ _ _ _ _ 
tests/test_runtime_composition.py:48: in snapshot
    return api().RuntimeCompositionSnapshot(**{**values, **changes})
           ^^^^^
tests/test_runtime_composition.py:22: in api
    return import_module("cloud_edge_robot_arm.auto_mode.runtime_composition")
           ^^^^^^^^^^^^^^^^^^^^^^^^^^^^^^^^^^^^^^^^^^^^^^^^^^^^^^^^^^^^^^^^^^^
/usr/lib/python3.12/importlib/__init__.py:90: in import_module
    return _bootstrap._gcd_import(name[level:], package, level)
           ^^^^^^^^^^^^^^^^^^^^^^^^^^^^^^^^^^^^^^^^^^^^^^^^^^^^
<frozen importlib._bootstrap>:1387: in _gcd_import
    ???
<frozen importlib._bootstrap>:1360: in _find_and_load
    ???
_ _ _ _ _ _ _ _ _ _ _ _ _ _ _ _ _ _ _ _ _ _ _ _ _ _ _ _ _ _ _ _ _ _ _ _ _ _ _ _ 

name = 'cloud_edge_robot_arm.auto_mode.runtime_composition'
import_ = <function _gcd_import at 0x756963ba40e0>

>   ???
E   ModuleNotFoundError: No module named 'cloud_edge_robot_arm.auto_mode.runtime_composition'

<frozen importlib._bootstrap>:1324: ModuleNotFoundError
__ test_hard_state_skips_policy_and_source_callbacks[collision_detected-True] __

field = 'collision_detected', value = True

    @pytest.mark.parametrize("field,value", [("estop_engaged", True), ("collision_detected", True),
                                             ("connected", False)])
    def test_hard_state_skips_policy_and_source_callbacks(field, value):
>       snap = snapshot()
               ^^^^^^^^^^

tests/test_runtime_composition.py:127: 
_ _ _ _ _ _ _ _ _ _ _ _ _ _ _ _ _ _ _ _ _ _ _ _ _ _ _ _ _ _ _ _ _ _ _ _ _ _ _ _ 
tests/test_runtime_composition.py:48: in snapshot
    return api().RuntimeCompositionSnapshot(**{**values, **changes})
           ^^^^^
tests/test_runtime_composition.py:22: in api
    return import_module("cloud_edge_robot_arm.auto_mode.runtime_composition")
           ^^^^^^^^^^^^^^^^^^^^^^^^^^^^^^^^^^^^^^^^^^^^^^^^^^^^^^^^^^^^^^^^^^^
/usr/lib/python3.12/importlib/__init__.py:90: in import_module
    return _bootstrap._gcd_import(name[level:], package, level)
           ^^^^^^^^^^^^^^^^^^^^^^^^^^^^^^^^^^^^^^^^^^^^^^^^^^^^
<frozen importlib._bootstrap>:1387: in _gcd_import
    ???
<frozen importlib._bootstrap>:1360: in _find_and_load
    ???
_ _ _ _ _ _ _ _ _ _ _ _ _ _ _ _ _ _ _ _ _ _ _ _ _ _ _ _ _ _ _ _ _ _ _ _ _ _ _ _ 

name = 'cloud_edge_robot_arm.auto_mode.runtime_composition'
import_ = <function _gcd_import at 0x756963ba40e0>

>   ???
E   ModuleNotFoundError: No module named 'cloud_edge_robot_arm.auto_mode.runtime_composition'

<frozen importlib._bootstrap>:1324: ModuleNotFoundError
______ test_hard_state_skips_policy_and_source_callbacks[connected-False] ______

field = 'connected', value = False

    @pytest.mark.parametrize("field,value", [("estop_engaged", True), ("collision_detected", True),
                                             ("connected", False)])
    def test_hard_state_skips_policy_and_source_callbacks(field, value):
>       snap = snapshot()
               ^^^^^^^^^^

tests/test_runtime_composition.py:127: 
_ _ _ _ _ _ _ _ _ _ _ _ _ _ _ _ _ _ _ _ _ _ _ _ _ _ _ _ _ _ _ _ _ _ _ _ _ _ _ _ 
tests/test_runtime_composition.py:48: in snapshot
    return api().RuntimeCompositionSnapshot(**{**values, **changes})
           ^^^^^
tests/test_runtime_composition.py:22: in api
    return import_module("cloud_edge_robot_arm.auto_mode.runtime_composition")
           ^^^^^^^^^^^^^^^^^^^^^^^^^^^^^^^^^^^^^^^^^^^^^^^^^^^^^^^^^^^^^^^^^^^
/usr/lib/python3.12/importlib/__init__.py:90: in import_module
    return _bootstrap._gcd_import(name[level:], package, level)
           ^^^^^^^^^^^^^^^^^^^^^^^^^^^^^^^^^^^^^^^^^^^^^^^^^^^^
<frozen importlib._bootstrap>:1387: in _gcd_import
    ???
<frozen importlib._bootstrap>:1360: in _find_and_load
    ???
_ _ _ _ _ _ _ _ _ _ _ _ _ _ _ _ _ _ _ _ _ _ _ _ _ _ _ _ _ _ _ _ _ _ _ _ _ _ _ _ 

name = 'cloud_edge_robot_arm.auto_mode.runtime_composition'
import_ = <function _gcd_import at 0x756963ba40e0>

>   ???
E   ModuleNotFoundError: No module named 'cloud_edge_robot_arm.auto_mode.runtime_composition'

<frozen importlib._bootstrap>:1324: ModuleNotFoundError
_____________ test_software_math_is_explicit_and_never_submittable _____________

    def test_software_math_is_explicit_and_never_submittable():
>       snap = snapshot()
               ^^^^^^^^^^

tests/test_runtime_composition.py:140: 
_ _ _ _ _ _ _ _ _ _ _ _ _ _ _ _ _ _ _ _ _ _ _ _ _ _ _ _ _ _ _ _ _ _ _ _ _ _ _ _ 
tests/test_runtime_composition.py:48: in snapshot
    return api().RuntimeCompositionSnapshot(**{**values, **changes})
           ^^^^^
tests/test_runtime_composition.py:22: in api
    return import_module("cloud_edge_robot_arm.auto_mode.runtime_composition")
           ^^^^^^^^^^^^^^^^^^^^^^^^^^^^^^^^^^^^^^^^^^^^^^^^^^^^^^^^^^^^^^^^^^^
/usr/lib/python3.12/importlib/__init__.py:90: in import_module
    return _bootstrap._gcd_import(name[level:], package, level)
           ^^^^^^^^^^^^^^^^^^^^^^^^^^^^^^^^^^^^^^^^^^^^^^^^^^^^
<frozen importlib._bootstrap>:1387: in _gcd_import
    ???
<frozen importlib._bootstrap>:1360: in _find_and_load
    ???
_ _ _ _ _ _ _ _ _ _ _ _ _ _ _ _ _ _ _ _ _ _ _ _ _ _ _ _ _ _ _ _ _ _ _ _ _ _ _ _ 

name = 'cloud_edge_robot_arm.auto_mode.runtime_composition'
import_ = <function _gcd_import at 0x756963ba40e0>

>   ???
E   ModuleNotFoundError: No module named 'cloud_edge_robot_arm.auto_mode.runtime_composition'

<frozen importlib._bootstrap>:1324: ModuleNotFoundError
__ test_duplicate_event_returns_one_software_trace_without_second_reservation __

    def test_duplicate_event_returns_one_software_trace_without_second_reservation():
>       snap = snapshot()
               ^^^^^^^^^^

tests/test_runtime_composition.py:156: 
_ _ _ _ _ _ _ _ _ _ _ _ _ _ _ _ _ _ _ _ _ _ _ _ _ _ _ _ _ _ _ _ _ _ _ _ _ _ _ _ 
tests/test_runtime_composition.py:48: in snapshot
    return api().RuntimeCompositionSnapshot(**{**values, **changes})
           ^^^^^
tests/test_runtime_composition.py:22: in api
    return import_module("cloud_edge_robot_arm.auto_mode.runtime_composition")
           ^^^^^^^^^^^^^^^^^^^^^^^^^^^^^^^^^^^^^^^^^^^^^^^^^^^^^^^^^^^^^^^^^^^
/usr/lib/python3.12/importlib/__init__.py:90: in import_module
    return _bootstrap._gcd_import(name[level:], package, level)
           ^^^^^^^^^^^^^^^^^^^^^^^^^^^^^^^^^^^^^^^^^^^^^^^^^^^^
<frozen importlib._bootstrap>:1387: in _gcd_import
    ???
<frozen importlib._bootstrap>:1360: in _find_and_load
    ???
_ _ _ _ _ _ _ _ _ _ _ _ _ _ _ _ _ _ _ _ _ _ _ _ _ _ _ _ _ _ _ _ _ _ _ _ _ _ _ _ 

name = 'cloud_edge_robot_arm.auto_mode.runtime_composition'
import_ = <function _gcd_import at 0x756963ba40e0>

>   ???
E   ModuleNotFoundError: No module named 'cloud_edge_robot_arm.auto_mode.runtime_composition'

<frozen importlib._bootstrap>:1324: ModuleNotFoundError
__________ test_snapshot_values_are_isolated_from_result_and_provider __________

    def test_snapshot_values_are_isolated_from_result_and_provider():
>       snap = snapshot()
               ^^^^^^^^^^

tests/test_runtime_composition.py:168: 
_ _ _ _ _ _ _ _ _ _ _ _ _ _ _ _ _ _ _ _ _ _ _ _ _ _ _ _ _ _ _ _ _ _ _ _ _ _ _ _ 
tests/test_runtime_composition.py:48: in snapshot
    return api().RuntimeCompositionSnapshot(**{**values, **changes})
           ^^^^^
tests/test_runtime_composition.py:22: in api
    return import_module("cloud_edge_robot_arm.auto_mode.runtime_composition")
           ^^^^^^^^^^^^^^^^^^^^^^^^^^^^^^^^^^^^^^^^^^^^^^^^^^^^^^^^^^^^^^^^^^^
/usr/lib/python3.12/importlib/__init__.py:90: in import_module
    return _bootstrap._gcd_import(name[level:], package, level)
           ^^^^^^^^^^^^^^^^^^^^^^^^^^^^^^^^^^^^^^^^^^^^^^^^^^^^
<frozen importlib._bootstrap>:1387: in _gcd_import
    ???
<frozen importlib._bootstrap>:1360: in _find_and_load
    ???
_ _ _ _ _ _ _ _ _ _ _ _ _ _ _ _ _ _ _ _ _ _ _ _ _ _ _ _ _ _ _ _ _ _ _ _ _ _ _ _ 

name = 'cloud_edge_robot_arm.auto_mode.runtime_composition'
import_ = <function _gcd_import at 0x756963ba40e0>

>   ???
E   ModuleNotFoundError: No module named 'cloud_edge_robot_arm.auto_mode.runtime_composition'

<frozen importlib._bootstrap>:1324: ModuleNotFoundError
____ test_flag_source_callback_cannot_be_treated_as_verified_binding[True] _____

return_value = True

    @pytest.mark.parametrize("return_value", [True, False, "VALID"])
    def test_flag_source_callback_cannot_be_treated_as_verified_binding(return_value):
>       snap = snapshot()
               ^^^^^^^^^^

tests/test_runtime_composition.py:186: 
_ _ _ _ _ _ _ _ _ _ _ _ _ _ _ _ _ _ _ _ _ _ _ _ _ _ _ _ _ _ _ _ _ _ _ _ _ _ _ _ 
tests/test_runtime_composition.py:48: in snapshot
    return api().RuntimeCompositionSnapshot(**{**values, **changes})
           ^^^^^
tests/test_runtime_composition.py:22: in api
    return import_module("cloud_edge_robot_arm.auto_mode.runtime_composition")
           ^^^^^^^^^^^^^^^^^^^^^^^^^^^^^^^^^^^^^^^^^^^^^^^^^^^^^^^^^^^^^^^^^^^
/usr/lib/python3.12/importlib/__init__.py:90: in import_module
    return _bootstrap._gcd_import(name[level:], package, level)
           ^^^^^^^^^^^^^^^^^^^^^^^^^^^^^^^^^^^^^^^^^^^^^^^^^^^^
<frozen importlib._bootstrap>:1387: in _gcd_import
    ???
<frozen importlib._bootstrap>:1360: in _find_and_load
    ???
_ _ _ _ _ _ _ _ _ _ _ _ _ _ _ _ _ _ _ _ _ _ _ _ _ _ _ _ _ _ _ _ _ _ _ _ _ _ _ _ 

name = 'cloud_edge_robot_arm.auto_mode.runtime_composition'
import_ = <function _gcd_import at 0x756963ba40e0>

>   ???
E   ModuleNotFoundError: No module named 'cloud_edge_robot_arm.auto_mode.runtime_composition'

<frozen importlib._bootstrap>:1324: ModuleNotFoundError
____ test_flag_source_callback_cannot_be_treated_as_verified_binding[False] ____

return_value = False

    @pytest.mark.parametrize("return_value", [True, False, "VALID"])
    def test_flag_source_callback_cannot_be_treated_as_verified_binding(return_value):
>       snap = snapshot()
               ^^^^^^^^^^

tests/test_runtime_composition.py:186: 
_ _ _ _ _ _ _ _ _ _ _ _ _ _ _ _ _ _ _ _ _ _ _ _ _ _ _ _ _ _ _ _ _ _ _ _ _ _ _ _ 
tests/test_runtime_composition.py:48: in snapshot
    return api().RuntimeCompositionSnapshot(**{**values, **changes})
           ^^^^^
tests/test_runtime_composition.py:22: in api
    return import_module("cloud_edge_robot_arm.auto_mode.runtime_composition")
           ^^^^^^^^^^^^^^^^^^^^^^^^^^^^^^^^^^^^^^^^^^^^^^^^^^^^^^^^^^^^^^^^^^^
/usr/lib/python3.12/importlib/__init__.py:90: in import_module
    return _bootstrap._gcd_import(name[level:], package, level)
           ^^^^^^^^^^^^^^^^^^^^^^^^^^^^^^^^^^^^^^^^^^^^^^^^^^^^
<frozen importlib._bootstrap>:1387: in _gcd_import
    ???
<frozen importlib._bootstrap>:1360: in _find_and_load
    ???
_ _ _ _ _ _ _ _ _ _ _ _ _ _ _ _ _ _ _ _ _ _ _ _ _ _ _ _ _ _ _ _ _ _ _ _ _ _ _ _ 

name = 'cloud_edge_robot_arm.auto_mode.runtime_composition'
import_ = <function _gcd_import at 0x756963ba40e0>

>   ???
E   ModuleNotFoundError: No module named 'cloud_edge_robot_arm.auto_mode.runtime_composition'

<frozen importlib._bootstrap>:1324: ModuleNotFoundError
____ test_flag_source_callback_cannot_be_treated_as_verified_binding[VALID] ____

return_value = 'VALID'

    @pytest.mark.parametrize("return_value", [True, False, "VALID"])
    def test_flag_source_callback_cannot_be_treated_as_verified_binding(return_value):
>       snap = snapshot()
               ^^^^^^^^^^

tests/test_runtime_composition.py:186: 
_ _ _ _ _ _ _ _ _ _ _ _ _ _ _ _ _ _ _ _ _ _ _ _ _ _ _ _ _ _ _ _ _ _ _ _ _ _ _ _ 
tests/test_runtime_composition.py:48: in snapshot
    return api().RuntimeCompositionSnapshot(**{**values, **changes})
           ^^^^^
tests/test_runtime_composition.py:22: in api
    return import_module("cloud_edge_robot_arm.auto_mode.runtime_composition")
           ^^^^^^^^^^^^^^^^^^^^^^^^^^^^^^^^^^^^^^^^^^^^^^^^^^^^^^^^^^^^^^^^^^^
/usr/lib/python3.12/importlib/__init__.py:90: in import_module
    return _bootstrap._gcd_import(name[level:], package, level)
           ^^^^^^^^^^^^^^^^^^^^^^^^^^^^^^^^^^^^^^^^^^^^^^^^^^^^
<frozen importlib._bootstrap>:1387: in _gcd_import
    ???
<frozen importlib._bootstrap>:1360: in _find_and_load
    ???
_ _ _ _ _ _ _ _ _ _ _ _ _ _ _ _ _ _ _ _ _ _ _ _ _ _ _ _ _ _ _ _ _ _ _ _ _ _ _ _ 

name = 'cloud_edge_robot_arm.auto_mode.runtime_composition'
import_ = <function _gcd_import at 0x756963ba40e0>

>   ???
E   ModuleNotFoundError: No module named 'cloud_edge_robot_arm.auto_mode.runtime_composition'

<frozen importlib._bootstrap>:1324: ModuleNotFoundError
__________ test_source_drift_stops_without_calling_policy_or_charging __________

    def test_source_drift_stops_without_calling_policy_or_charging():
>       snap = snapshot()
               ^^^^^^^^^^

tests/test_runtime_composition.py:195: 
_ _ _ _ _ _ _ _ _ _ _ _ _ _ _ _ _ _ _ _ _ _ _ _ _ _ _ _ _ _ _ _ _ _ _ _ _ _ _ _ 
tests/test_runtime_composition.py:48: in snapshot
    return api().RuntimeCompositionSnapshot(**{**values, **changes})
           ^^^^^
tests/test_runtime_composition.py:22: in api
    return import_module("cloud_edge_robot_arm.auto_mode.runtime_composition")
           ^^^^^^^^^^^^^^^^^^^^^^^^^^^^^^^^^^^^^^^^^^^^^^^^^^^^^^^^^^^^^^^^^^^
/usr/lib/python3.12/importlib/__init__.py:90: in import_module
    return _bootstrap._gcd_import(name[level:], package, level)
           ^^^^^^^^^^^^^^^^^^^^^^^^^^^^^^^^^^^^^^^^^^^^^^^^^^^^
<frozen importlib._bootstrap>:1387: in _gcd_import
    ???
<frozen importlib._bootstrap>:1360: in _find_and_load
    ???
_ _ _ _ _ _ _ _ _ _ _ _ _ _ _ _ _ _ _ _ _ _ _ _ _ _ _ _ _ _ _ _ _ _ _ _ _ _ _ _ 

name = 'cloud_edge_robot_arm.auto_mode.runtime_composition'
import_ = <function _gcd_import at 0x756963ba40e0>

>   ???
E   ModuleNotFoundError: No module named 'cloud_edge_robot_arm.auto_mode.runtime_composition'

<frozen importlib._bootstrap>:1324: ModuleNotFoundError
_____________ test_late_source_ack_cannot_publish_capture_request ______________

    def test_late_source_ack_cannot_publish_capture_request():
>       snap = snapshot()
               ^^^^^^^^^^

tests/test_runtime_composition.py:207: 
_ _ _ _ _ _ _ _ _ _ _ _ _ _ _ _ _ _ _ _ _ _ _ _ _ _ _ _ _ _ _ _ _ _ _ _ _ _ _ _ 
tests/test_runtime_composition.py:48: in snapshot
    return api().RuntimeCompositionSnapshot(**{**values, **changes})
           ^^^^^
tests/test_runtime_composition.py:22: in api
    return import_module("cloud_edge_robot_arm.auto_mode.runtime_composition")
           ^^^^^^^^^^^^^^^^^^^^^^^^^^^^^^^^^^^^^^^^^^^^^^^^^^^^^^^^^^^^^^^^^^^
/usr/lib/python3.12/importlib/__init__.py:90: in import_module
    return _bootstrap._gcd_import(name[level:], package, level)
           ^^^^^^^^^^^^^^^^^^^^^^^^^^^^^^^^^^^^^^^^^^^^^^^^^^^^
<frozen importlib._bootstrap>:1387: in _gcd_import
    ???
<frozen importlib._bootstrap>:1360: in _find_and_load
    ???
_ _ _ _ _ _ _ _ _ _ _ _ _ _ _ _ _ _ _ _ _ _ _ _ _ _ _ _ _ _ _ _ _ _ _ _ _ _ _ _ 

name = 'cloud_edge_robot_arm.auto_mode.runtime_composition'
import_ = <function _gcd_import at 0x756963ba40e0>

>   ???
E   ModuleNotFoundError: No module named 'cloud_edge_robot_arm.auto_mode.runtime_composition'

<frozen importlib._bootstrap>:1324: ModuleNotFoundError
_______ test_fresh_authoritative_state_after_callback_rejects_new_cancel _______

    def test_fresh_authoritative_state_after_callback_rejects_new_cancel():
>       initial = snapshot()
                  ^^^^^^^^^^

tests/test_runtime_composition.py:220: 
_ _ _ _ _ _ _ _ _ _ _ _ _ _ _ _ _ _ _ _ _ _ _ _ _ _ _ _ _ _ _ _ _ _ _ _ _ _ _ _ 
tests/test_runtime_composition.py:48: in snapshot
    return api().RuntimeCompositionSnapshot(**{**values, **changes})
           ^^^^^
tests/test_runtime_composition.py:22: in api
    return import_module("cloud_edge_robot_arm.auto_mode.runtime_composition")
           ^^^^^^^^^^^^^^^^^^^^^^^^^^^^^^^^^^^^^^^^^^^^^^^^^^^^^^^^^^^^^^^^^^^
/usr/lib/python3.12/importlib/__init__.py:90: in import_module
    return _bootstrap._gcd_import(name[level:], package, level)
           ^^^^^^^^^^^^^^^^^^^^^^^^^^^^^^^^^^^^^^^^^^^^^^^^^^^^
<frozen importlib._bootstrap>:1387: in _gcd_import
    ???
<frozen importlib._bootstrap>:1360: in _find_and_load
    ???
_ _ _ _ _ _ _ _ _ _ _ _ _ _ _ _ _ _ _ _ _ _ _ _ _ _ _ _ _ _ _ _ _ _ _ _ _ _ _ _ 

name = 'cloud_edge_robot_arm.auto_mode.runtime_composition'
import_ = <function _gcd_import at 0x756963ba40e0>

>   ???
E   ModuleNotFoundError: No module named 'cloud_edge_robot_arm.auto_mode.runtime_composition'

<frozen importlib._bootstrap>:1324: ModuleNotFoundError
____ test_forged_future_envelope_and_policy_identity_never_grant_admission _____

    def test_forged_future_envelope_and_policy_identity_never_grant_admission():
>       snap = snapshot()
               ^^^^^^^^^^

tests/test_runtime_composition.py:235: 
_ _ _ _ _ _ _ _ _ _ _ _ _ _ _ _ _ _ _ _ _ _ _ _ _ _ _ _ _ _ _ _ _ _ _ _ _ _ _ _ 
tests/test_runtime_composition.py:48: in snapshot
    return api().RuntimeCompositionSnapshot(**{**values, **changes})
           ^^^^^
tests/test_runtime_composition.py:22: in api
    return import_module("cloud_edge_robot_arm.auto_mode.runtime_composition")
           ^^^^^^^^^^^^^^^^^^^^^^^^^^^^^^^^^^^^^^^^^^^^^^^^^^^^^^^^^^^^^^^^^^^
/usr/lib/python3.12/importlib/__init__.py:90: in import_module
    return _bootstrap._gcd_import(name[level:], package, level)
           ^^^^^^^^^^^^^^^^^^^^^^^^^^^^^^^^^^^^^^^^^^^^^^^^^^^^
<frozen importlib._bootstrap>:1387: in _gcd_import
    ???
<frozen importlib._bootstrap>:1360: in _find_and_load
    ???
_ _ _ _ _ _ _ _ _ _ _ _ _ _ _ _ _ _ _ _ _ _ _ _ _ _ _ _ _ _ _ _ _ _ _ _ _ _ _ _ 

name = 'cloud_edge_robot_arm.auto_mode.runtime_composition'
import_ = <function _gcd_import at 0x756963ba40e0>

>   ???
E   ModuleNotFoundError: No module named 'cloud_edge_robot_arm.auto_mode.runtime_composition'

<frozen importlib._bootstrap>:1324: ModuleNotFoundError
__________ test_reader_failure_returns_stop_without_invented_context ___________

    def test_reader_failure_returns_stop_without_invented_context():
        def missing():
            raise OSError("no active repository record")
>       result = api().RuntimeCompositionAdapter(missing,
                 ^^^^^
            clock=lambda: NOW + timedelta(seconds=.2)).evaluate(event(snapshot()))

tests/test_runtime_composition.py:248: 
_ _ _ _ _ _ _ _ _ _ _ _ _ _ _ _ _ _ _ _ _ _ _ _ _ _ _ _ _ _ _ _ _ _ _ _ _ _ _ _ 
tests/test_runtime_composition.py:22: in api
    return import_module("cloud_edge_robot_arm.auto_mode.runtime_composition")
           ^^^^^^^^^^^^^^^^^^^^^^^^^^^^^^^^^^^^^^^^^^^^^^^^^^^^^^^^^^^^^^^^^^^
/usr/lib/python3.12/importlib/__init__.py:90: in import_module
    return _bootstrap._gcd_import(name[level:], package, level)
           ^^^^^^^^^^^^^^^^^^^^^^^^^^^^^^^^^^^^^^^^^^^^^^^^^^^^
<frozen importlib._bootstrap>:1387: in _gcd_import
    ???
<frozen importlib._bootstrap>:1360: in _find_and_load
    ???
_ _ _ _ _ _ _ _ _ _ _ _ _ _ _ _ _ _ _ _ _ _ _ _ _ _ _ _ _ _ _ _ _ _ _ _ _ _ _ _ 

name = 'cloud_edge_robot_arm.auto_mode.runtime_composition'
import_ = <function _gcd_import at 0x756963ba40e0>

>   ???
E   ModuleNotFoundError: No module named 'cloud_edge_robot_arm.auto_mode.runtime_composition'

<frozen importlib._bootstrap>:1324: ModuleNotFoundError
=========================== short test summary info ============================
FAILED tests/test_runtime_composition.py::test_default_actual_composition_cannot_enable_from_source_validation
FAILED tests/test_runtime_composition.py::test_current_native_unknown_bounds_mask_continue_and_recovery
FAILED tests/test_runtime_composition.py::test_incoherent_authoritative_snapshot_fails_closed[contract_version]
FAILED tests/test_runtime_composition.py::test_incoherent_authoritative_snapshot_fails_closed[checkpoint_version]
FAILED tests/test_runtime_composition.py::test_incoherent_authoritative_snapshot_fails_closed[online_sequence]
FAILED tests/test_runtime_composition.py::test_incoherent_authoritative_snapshot_fails_closed[mode_task]
FAILED tests/test_runtime_composition.py::test_incoherent_authoritative_snapshot_fails_closed[frame]
FAILED tests/test_runtime_composition.py::test_incoherent_authoritative_snapshot_fails_closed[atomic]
FAILED tests/test_runtime_composition.py::test_canonical_unknown_overrides_event_caller_pass
FAILED tests/test_runtime_composition.py::test_hard_state_skips_policy_and_source_callbacks[estop_engaged-True]
FAILED tests/test_runtime_composition.py::test_hard_state_skips_policy_and_source_callbacks[collision_detected-True]
FAILED tests/test_runtime_composition.py::test_hard_state_skips_policy_and_source_callbacks[connected-False]
FAILED tests/test_runtime_composition.py::test_software_math_is_explicit_and_never_submittable
FAILED tests/test_runtime_composition.py::test_duplicate_event_returns_one_software_trace_without_second_reservation
FAILED tests/test_runtime_composition.py::test_snapshot_values_are_isolated_from_result_and_provider
FAILED tests/test_runtime_composition.py::test_flag_source_callback_cannot_be_treated_as_verified_binding[True]
FAILED tests/test_runtime_composition.py::test_flag_source_callback_cannot_be_treated_as_verified_binding[False]
FAILED tests/test_runtime_composition.py::test_flag_source_callback_cannot_be_treated_as_verified_binding[VALID]
FAILED tests/test_runtime_composition.py::test_source_drift_stops_without_calling_policy_or_charging
FAILED tests/test_runtime_composition.py::test_late_source_ack_cannot_publish_capture_request
FAILED tests/test_runtime_composition.py::test_fresh_authoritative_state_after_callback_rejects_new_cancel
FAILED tests/test_runtime_composition.py::test_forged_future_envelope_and_policy_identity_never_grant_admission
FAILED tests/test_runtime_composition.py::test_reader_failure_returns_stop_without_invented_context
23 failed in 0.70s
