F                                                                        [100%]
=================================== FAILURES ===================================
___ test_assignment_layers_cannot_silently_replace_locked_perturbation_cycle ___

tmp_path = PosixPath('/tmp/pytest-of-ningyd/pytest-512/test_assignment_layers_cannot_0')

    def test_assignment_layers_cannot_silently_replace_locked_perturbation_cycle(tmp_path):
        pools = inputs(tmp_path)
        from cloud_edge_robot_arm.research.protocol import STRATA
        config = DatasetConfig(dataset_id="cycle-fixture", groups=25)
        rows = []
        for index in range(25):
            scene = sample_scene(config, 21000+index)
            ordinal = index // 12
            rows.append({"assignment_id": f"formal-{index+1:04d}", "stratum_id": STRATA[index % 12],
                "scene": scene.model_dump(), "scene_hash": scene.scene_hash, "perturbation": {
                    "noise_m": (0.,.002,.005)[ordinal % 3],
                    "movement_speed_m_s": (0.,.02,.04)[ordinal % 3],
                    "invalid_fraction": (0.,.1,.3)[ordinal % 3],
                    "occlusion_fraction": (0.,.2,.4)[ordinal % 3]}})
        rows[24]["perturbation"]["noise_m"] = .002  # Legal value, wrong balanced cycle.
        pools["formal"] = rows
>       with pytest.raises(ValueError, match="perturbation"):
E       Failed: DID NOT RAISE <class 'ValueError'>

tests/test_protocol_evidence_generation.py:1030: Failed
=========================== short test summary info ============================
FAILED tests/test_protocol_evidence_generation.py::test_assignment_layers_cannot_silently_replace_locked_perturbation_cycle
1 failed in 0.30s
