FFFF                                                                     [100%]
=================================== FAILURES ===================================
___ test_read_reference_requires_complete_immutable_digest_inventory[record] ___

tmp_path = PosixPath('/tmp/pytest-of-ningyd/pytest-191/test_read_reference_requires_c0')
missing = 'record'

    @pytest.mark.parametrize("missing", ["record", "rgb", "mask", "source"])
    def test_read_reference_requires_complete_immutable_digest_inventory(
        tmp_path: Path, missing: str
    ) -> None:
        result, refs = prepared(tmp_path)
        ref = refs[0]
        key = {
            "record": result["records"][0],
            "rgb": "data/000001.png",
            "mask": next(path for path in result["files"] if path.endswith(".png")),
            "source": "samples.json",
        }[missing]
        del ref["source_hashes"][key]
>       with pytest.raises(ValueError, match="digest inventory"):
E       Failed: DID NOT RAISE <class 'ValueError'>

tests/test_external_rgbd_curated.py:331: Failed
____ test_read_reference_requires_complete_immutable_digest_inventory[rgb] _____

tmp_path = PosixPath('/tmp/pytest-of-ningyd/pytest-191/test_read_reference_requires_c1')
missing = 'rgb'

    @pytest.mark.parametrize("missing", ["record", "rgb", "mask", "source"])
    def test_read_reference_requires_complete_immutable_digest_inventory(
        tmp_path: Path, missing: str
    ) -> None:
        result, refs = prepared(tmp_path)
        ref = refs[0]
        key = {
            "record": result["records"][0],
            "rgb": "data/000001.png",
            "mask": next(path for path in result["files"] if path.endswith(".png")),
            "source": "samples.json",
        }[missing]
        del ref["source_hashes"][key]
>       with pytest.raises(ValueError, match="digest inventory"):
E       Failed: DID NOT RAISE <class 'ValueError'>

tests/test_external_rgbd_curated.py:331: Failed
____ test_read_reference_requires_complete_immutable_digest_inventory[mask] ____

tmp_path = PosixPath('/tmp/pytest-of-ningyd/pytest-191/test_read_reference_requires_c2')
missing = 'mask'

    @pytest.mark.parametrize("missing", ["record", "rgb", "mask", "source"])
    def test_read_reference_requires_complete_immutable_digest_inventory(
        tmp_path: Path, missing: str
    ) -> None:
        result, refs = prepared(tmp_path)
        ref = refs[0]
        key = {
            "record": result["records"][0],
            "rgb": "data/000001.png",
            "mask": next(path for path in result["files"] if path.endswith(".png")),
            "source": "samples.json",
        }[missing]
        del ref["source_hashes"][key]
>       with pytest.raises(ValueError, match="digest inventory"):
E       Failed: DID NOT RAISE <class 'ValueError'>

tests/test_external_rgbd_curated.py:331: Failed
___ test_read_reference_requires_complete_immutable_digest_inventory[source] ___

tmp_path = PosixPath('/tmp/pytest-of-ningyd/pytest-191/test_read_reference_requires_c3')
missing = 'source'

    @pytest.mark.parametrize("missing", ["record", "rgb", "mask", "source"])
    def test_read_reference_requires_complete_immutable_digest_inventory(
        tmp_path: Path, missing: str
    ) -> None:
        result, refs = prepared(tmp_path)
        ref = refs[0]
        key = {
            "record": result["records"][0],
            "rgb": "data/000001.png",
            "mask": next(path for path in result["files"] if path.endswith(".png")),
            "source": "samples.json",
        }[missing]
        del ref["source_hashes"][key]
>       with pytest.raises(ValueError, match="digest inventory"):
E       Failed: DID NOT RAISE <class 'ValueError'>

tests/test_external_rgbd_curated.py:331: Failed
=========================== short test summary info ============================
FAILED tests/test_external_rgbd_curated.py::test_read_reference_requires_complete_immutable_digest_inventory[record]
FAILED tests/test_external_rgbd_curated.py::test_read_reference_requires_complete_immutable_digest_inventory[rgb]
FAILED tests/test_external_rgbd_curated.py::test_read_reference_requires_complete_immutable_digest_inventory[mask]
FAILED tests/test_external_rgbd_curated.py::test_read_reference_requires_complete_immutable_digest_inventory[source]
4 failed in 0.16s
