[
  {
    "probe": "observation",
    "outcome": "PLANNER_FAILED",
    "reason": "provider_mutated_bound_inputs",
    "caller_inputs_changed": true,
    "caller_calibration": "provider-mutated",
    "caller_window": [
      "grasp"
    ],
    "caller_dependency": "grasp-effect"
  },
  {
    "probe": "context_observation",
    "outcome": "PLANNER_FAILED",
    "reason": "provider_mutated_bound_inputs",
    "caller_inputs_changed": true,
    "caller_calibration": "provider-mutated",
    "caller_window": [
      "grasp"
    ],
    "caller_dependency": "grasp-effect"
  },
  {
    "probe": "window",
    "outcome": "PLANNER_FAILED",
    "reason": "provider_mutated_bound_inputs",
    "caller_inputs_changed": true,
    "caller_calibration": "cal-1",
    "caller_window": [
      "grasp",
      "telemetry"
    ],
    "caller_dependency": "grasp-effect"
  },
  {
    "probe": "dependency",
    "outcome": "PLANNER_FAILED",
    "reason": "provider_mutated_bound_inputs",
    "caller_inputs_changed": true,
    "caller_calibration": "cal-1",
    "caller_window": [
      "grasp"
    ],
    "caller_dependency": "provider-mutated"
  },
  {
    "probe": "final-created-time",
    "outcome": "REPLANNED",
    "reason": "source_bound_candidate_requires_submit_revalidation",
    "frame_age_at_creation_s": 6.9,
    "contract_valid_until": "2026-10-04T00:01:00+00:00",
    "created_at": "2026-10-04T00:00:07+00:00",
    "steps": [
      "repair-grasp",
      "telemetry"
    ]
  }
]
