[
  {
    "probe": "observation",
    "outcome": "PLANNER_FAILED",
    "reason": "provider_mutated_bound_inputs",
    "caller_inputs_changed": false,
    "caller_calibration": "cal-1",
    "caller_window": [
      "grasp"
    ],
    "caller_dependency": "grasp-effect"
  },
  {
    "probe": "context_observation",
    "outcome": "PLANNER_FAILED",
    "reason": "provider_mutated_bound_inputs",
    "caller_inputs_changed": false,
    "caller_calibration": "cal-1",
    "caller_window": [
      "grasp"
    ],
    "caller_dependency": "grasp-effect"
  },
  {
    "probe": "window",
    "outcome": "PLANNER_FAILED",
    "reason": "provider_mutated_bound_inputs",
    "caller_inputs_changed": false,
    "caller_calibration": "cal-1",
    "caller_window": [
      "grasp"
    ],
    "caller_dependency": "grasp-effect"
  },
  {
    "probe": "dependency",
    "outcome": "PLANNER_FAILED",
    "reason": "provider_mutated_bound_inputs",
    "caller_inputs_changed": false,
    "caller_calibration": "cal-1",
    "caller_window": [
      "grasp"
    ],
    "caller_dependency": "grasp-effect"
  },
  {
    "probe": "final-created-time",
    "outcome": "MORE_OBSERVATION_REQUIRED",
    "reason": "evidence_expired_at_publication",
    "frame_age_at_creation_s": 6.9,
    "contract_valid_until": "2026-10-04T00:01:00+00:00",
    "created_at": "2026-10-04T00:00:07+00:00",
    "steps": []
  }
]
