FFFFFFFFFFFFFFFFFFFFFF                                                   [100%]
=================================== FAILURES ===================================
_____ test_minimal_repair_retains_unrelated_pending_and_completed_effects ______

    def test_minimal_repair_retains_unrelated_pending_and_completed_effects():
>       request, context, window, observation = fixture()
                                                ^^^^^^^^^

tests/test_visual_repair_builder.py:71: 
_ _ _ _ _ _ _ _ _ _ _ _ _ _ _ _ _ _ _ _ _ _ _ _ _ _ _ _ _ _ _ _ _ _ _ _ _ _ _ _ 
tests/test_visual_repair_builder.py:45: in fixture
    context = api().VisualRepairContext(
              ^^^^^
tests/test_visual_repair_builder.py:16: in api
    return import_module("cloud_edge_robot_arm.cloud.replanning.visual_repair")
           ^^^^^^^^^^^^^^^^^^^^^^^^^^^^^^^^^^^^^^^^^^^^^^^^^^^^^^^^^^^^^^^^^^^^
/usr/lib/python3.12/importlib/__init__.py:90: in import_module
    return _bootstrap._gcd_import(name[level:], package, level)
           ^^^^^^^^^^^^^^^^^^^^^^^^^^^^^^^^^^^^^^^^^^^^^^^^^^^^
<frozen importlib._bootstrap>:1387: in _gcd_import
    ???
<frozen importlib._bootstrap>:1360: in _find_and_load
    ???
_ _ _ _ _ _ _ _ _ _ _ _ _ _ _ _ _ _ _ _ _ _ _ _ _ _ _ _ _ _ _ _ _ _ _ _ _ _ _ _ 

name = 'cloud_edge_robot_arm.cloud.replanning.visual_repair'
import_ = <function _gcd_import at 0x7ab446da40e0>

>   ???
E   ModuleNotFoundError: No module named 'cloud_edge_robot_arm.cloud.replanning.visual_repair'

<frozen importlib._bootstrap>:1324: ModuleNotFoundError
___ test_full_remaining_uses_same_failure_and_observation_but_expands_scope ____

    def test_full_remaining_uses_same_failure_and_observation_but_expands_scope():
>       values = fixture()
                 ^^^^^^^^^

tests/test_visual_repair_builder.py:81: 
_ _ _ _ _ _ _ _ _ _ _ _ _ _ _ _ _ _ _ _ _ _ _ _ _ _ _ _ _ _ _ _ _ _ _ _ _ _ _ _ 
tests/test_visual_repair_builder.py:45: in fixture
    context = api().VisualRepairContext(
              ^^^^^
tests/test_visual_repair_builder.py:16: in api
    return import_module("cloud_edge_robot_arm.cloud.replanning.visual_repair")
           ^^^^^^^^^^^^^^^^^^^^^^^^^^^^^^^^^^^^^^^^^^^^^^^^^^^^^^^^^^^^^^^^^^^^
/usr/lib/python3.12/importlib/__init__.py:90: in import_module
    return _bootstrap._gcd_import(name[level:], package, level)
           ^^^^^^^^^^^^^^^^^^^^^^^^^^^^^^^^^^^^^^^^^^^^^^^^^^^^
<frozen importlib._bootstrap>:1387: in _gcd_import
    ???
<frozen importlib._bootstrap>:1360: in _find_and_load
    ???
_ _ _ _ _ _ _ _ _ _ _ _ _ _ _ _ _ _ _ _ _ _ _ _ _ _ _ _ _ _ _ _ _ _ _ _ _ _ _ _ 

name = 'cloud_edge_robot_arm.cloud.replanning.visual_repair'
import_ = <function _gcd_import at 0x7ab446da40e0>

>   ???
E   ModuleNotFoundError: No module named 'cloud_edge_robot_arm.cloud.replanning.visual_repair'

<frozen importlib._bootstrap>:1324: ModuleNotFoundError
______________ test_stale_or_forged_context_cannot_plan[version] _______________

change = 'version'

    @pytest.mark.parametrize("change", ["version", "command", "window", "complete", "graph"])
    def test_stale_or_forged_context_cannot_plan(change):
>       request, context, window, observation = fixture()
                                                ^^^^^^^^^

tests/test_visual_repair_builder.py:99: 
_ _ _ _ _ _ _ _ _ _ _ _ _ _ _ _ _ _ _ _ _ _ _ _ _ _ _ _ _ _ _ _ _ _ _ _ _ _ _ _ 
tests/test_visual_repair_builder.py:45: in fixture
    context = api().VisualRepairContext(
              ^^^^^
tests/test_visual_repair_builder.py:16: in api
    return import_module("cloud_edge_robot_arm.cloud.replanning.visual_repair")
           ^^^^^^^^^^^^^^^^^^^^^^^^^^^^^^^^^^^^^^^^^^^^^^^^^^^^^^^^^^^^^^^^^^^^
/usr/lib/python3.12/importlib/__init__.py:90: in import_module
    return _bootstrap._gcd_import(name[level:], package, level)
           ^^^^^^^^^^^^^^^^^^^^^^^^^^^^^^^^^^^^^^^^^^^^^^^^^^^^
<frozen importlib._bootstrap>:1387: in _gcd_import
    ???
<frozen importlib._bootstrap>:1360: in _find_and_load
    ???
_ _ _ _ _ _ _ _ _ _ _ _ _ _ _ _ _ _ _ _ _ _ _ _ _ _ _ _ _ _ _ _ _ _ _ _ _ _ _ _ 

name = 'cloud_edge_robot_arm.cloud.replanning.visual_repair'
import_ = <function _gcd_import at 0x7ab446da40e0>

>   ???
E   ModuleNotFoundError: No module named 'cloud_edge_robot_arm.cloud.replanning.visual_repair'

<frozen importlib._bootstrap>:1324: ModuleNotFoundError
______________ test_stale_or_forged_context_cannot_plan[command] _______________

change = 'command'

    @pytest.mark.parametrize("change", ["version", "command", "window", "complete", "graph"])
    def test_stale_or_forged_context_cannot_plan(change):
>       request, context, window, observation = fixture()
                                                ^^^^^^^^^

tests/test_visual_repair_builder.py:99: 
_ _ _ _ _ _ _ _ _ _ _ _ _ _ _ _ _ _ _ _ _ _ _ _ _ _ _ _ _ _ _ _ _ _ _ _ _ _ _ _ 
tests/test_visual_repair_builder.py:45: in fixture
    context = api().VisualRepairContext(
              ^^^^^
tests/test_visual_repair_builder.py:16: in api
    return import_module("cloud_edge_robot_arm.cloud.replanning.visual_repair")
           ^^^^^^^^^^^^^^^^^^^^^^^^^^^^^^^^^^^^^^^^^^^^^^^^^^^^^^^^^^^^^^^^^^^^
/usr/lib/python3.12/importlib/__init__.py:90: in import_module
    return _bootstrap._gcd_import(name[level:], package, level)
           ^^^^^^^^^^^^^^^^^^^^^^^^^^^^^^^^^^^^^^^^^^^^^^^^^^^^
<frozen importlib._bootstrap>:1387: in _gcd_import
    ???
<frozen importlib._bootstrap>:1360: in _find_and_load
    ???
_ _ _ _ _ _ _ _ _ _ _ _ _ _ _ _ _ _ _ _ _ _ _ _ _ _ _ _ _ _ _ _ _ _ _ _ _ _ _ _ 

name = 'cloud_edge_robot_arm.cloud.replanning.visual_repair'
import_ = <function _gcd_import at 0x7ab446da40e0>

>   ???
E   ModuleNotFoundError: No module named 'cloud_edge_robot_arm.cloud.replanning.visual_repair'

<frozen importlib._bootstrap>:1324: ModuleNotFoundError
_______________ test_stale_or_forged_context_cannot_plan[window] _______________

change = 'window'

    @pytest.mark.parametrize("change", ["version", "command", "window", "complete", "graph"])
    def test_stale_or_forged_context_cannot_plan(change):
>       request, context, window, observation = fixture()
                                                ^^^^^^^^^

tests/test_visual_repair_builder.py:99: 
_ _ _ _ _ _ _ _ _ _ _ _ _ _ _ _ _ _ _ _ _ _ _ _ _ _ _ _ _ _ _ _ _ _ _ _ _ _ _ _ 
tests/test_visual_repair_builder.py:45: in fixture
    context = api().VisualRepairContext(
              ^^^^^
tests/test_visual_repair_builder.py:16: in api
    return import_module("cloud_edge_robot_arm.cloud.replanning.visual_repair")
           ^^^^^^^^^^^^^^^^^^^^^^^^^^^^^^^^^^^^^^^^^^^^^^^^^^^^^^^^^^^^^^^^^^^^
/usr/lib/python3.12/importlib/__init__.py:90: in import_module
    return _bootstrap._gcd_import(name[level:], package, level)
           ^^^^^^^^^^^^^^^^^^^^^^^^^^^^^^^^^^^^^^^^^^^^^^^^^^^^
<frozen importlib._bootstrap>:1387: in _gcd_import
    ???
<frozen importlib._bootstrap>:1360: in _find_and_load
    ???
_ _ _ _ _ _ _ _ _ _ _ _ _ _ _ _ _ _ _ _ _ _ _ _ _ _ _ _ _ _ _ _ _ _ _ _ _ _ _ _ 

name = 'cloud_edge_robot_arm.cloud.replanning.visual_repair'
import_ = <function _gcd_import at 0x7ab446da40e0>

>   ???
E   ModuleNotFoundError: No module named 'cloud_edge_robot_arm.cloud.replanning.visual_repair'

<frozen importlib._bootstrap>:1324: ModuleNotFoundError
______________ test_stale_or_forged_context_cannot_plan[complete] ______________

change = 'complete'

    @pytest.mark.parametrize("change", ["version", "command", "window", "complete", "graph"])
    def test_stale_or_forged_context_cannot_plan(change):
>       request, context, window, observation = fixture()
                                                ^^^^^^^^^

tests/test_visual_repair_builder.py:99: 
_ _ _ _ _ _ _ _ _ _ _ _ _ _ _ _ _ _ _ _ _ _ _ _ _ _ _ _ _ _ _ _ _ _ _ _ _ _ _ _ 
tests/test_visual_repair_builder.py:45: in fixture
    context = api().VisualRepairContext(
              ^^^^^
tests/test_visual_repair_builder.py:16: in api
    return import_module("cloud_edge_robot_arm.cloud.replanning.visual_repair")
           ^^^^^^^^^^^^^^^^^^^^^^^^^^^^^^^^^^^^^^^^^^^^^^^^^^^^^^^^^^^^^^^^^^^^
/usr/lib/python3.12/importlib/__init__.py:90: in import_module
    return _bootstrap._gcd_import(name[level:], package, level)
           ^^^^^^^^^^^^^^^^^^^^^^^^^^^^^^^^^^^^^^^^^^^^^^^^^^^^
<frozen importlib._bootstrap>:1387: in _gcd_import
    ???
<frozen importlib._bootstrap>:1360: in _find_and_load
    ???
_ _ _ _ _ _ _ _ _ _ _ _ _ _ _ _ _ _ _ _ _ _ _ _ _ _ _ _ _ _ _ _ _ _ _ _ _ _ _ _ 

name = 'cloud_edge_robot_arm.cloud.replanning.visual_repair'
import_ = <function _gcd_import at 0x7ab446da40e0>

>   ???
E   ModuleNotFoundError: No module named 'cloud_edge_robot_arm.cloud.replanning.visual_repair'

<frozen importlib._bootstrap>:1324: ModuleNotFoundError
_______________ test_stale_or_forged_context_cannot_plan[graph] ________________

change = 'graph'

    @pytest.mark.parametrize("change", ["version", "command", "window", "complete", "graph"])
    def test_stale_or_forged_context_cannot_plan(change):
>       request, context, window, observation = fixture()
                                                ^^^^^^^^^

tests/test_visual_repair_builder.py:99: 
_ _ _ _ _ _ _ _ _ _ _ _ _ _ _ _ _ _ _ _ _ _ _ _ _ _ _ _ _ _ _ _ _ _ _ _ _ _ _ _ 
tests/test_visual_repair_builder.py:45: in fixture
    context = api().VisualRepairContext(
              ^^^^^
tests/test_visual_repair_builder.py:16: in api
    return import_module("cloud_edge_robot_arm.cloud.replanning.visual_repair")
           ^^^^^^^^^^^^^^^^^^^^^^^^^^^^^^^^^^^^^^^^^^^^^^^^^^^^^^^^^^^^^^^^^^^^
/usr/lib/python3.12/importlib/__init__.py:90: in import_module
    return _bootstrap._gcd_import(name[level:], package, level)
           ^^^^^^^^^^^^^^^^^^^^^^^^^^^^^^^^^^^^^^^^^^^^^^^^^^^^
<frozen importlib._bootstrap>:1387: in _gcd_import
    ???
<frozen importlib._bootstrap>:1360: in _find_and_load
    ???
_ _ _ _ _ _ _ _ _ _ _ _ _ _ _ _ _ _ _ _ _ _ _ _ _ _ _ _ _ _ _ _ _ _ _ _ _ _ _ _ 

name = 'cloud_edge_robot_arm.cloud.replanning.visual_repair'
import_ = <function _gcd_import at 0x7ab446da40e0>

>   ???
E   ModuleNotFoundError: No module named 'cloud_edge_robot_arm.cloud.replanning.visual_repair'

<frozen importlib._bootstrap>:1324: ModuleNotFoundError
_______ test_completed_effect_requires_current_exact_canonical_pass[old] _______

change = 'old'

    @pytest.mark.parametrize("change", ["old", "future", "different", "unknown", "fail", "decoy"])
    def test_completed_effect_requires_current_exact_canonical_pass(change):
>       request, context, window, observation = fixture()
                                                ^^^^^^^^^

tests/test_visual_repair_builder.py:116: 
_ _ _ _ _ _ _ _ _ _ _ _ _ _ _ _ _ _ _ _ _ _ _ _ _ _ _ _ _ _ _ _ _ _ _ _ _ _ _ _ 
tests/test_visual_repair_builder.py:45: in fixture
    context = api().VisualRepairContext(
              ^^^^^
tests/test_visual_repair_builder.py:16: in api
    return import_module("cloud_edge_robot_arm.cloud.replanning.visual_repair")
           ^^^^^^^^^^^^^^^^^^^^^^^^^^^^^^^^^^^^^^^^^^^^^^^^^^^^^^^^^^^^^^^^^^^^
/usr/lib/python3.12/importlib/__init__.py:90: in import_module
    return _bootstrap._gcd_import(name[level:], package, level)
           ^^^^^^^^^^^^^^^^^^^^^^^^^^^^^^^^^^^^^^^^^^^^^^^^^^^^
<frozen importlib._bootstrap>:1387: in _gcd_import
    ???
<frozen importlib._bootstrap>:1360: in _find_and_load
    ???
_ _ _ _ _ _ _ _ _ _ _ _ _ _ _ _ _ _ _ _ _ _ _ _ _ _ _ _ _ _ _ _ _ _ _ _ _ _ _ _ 

name = 'cloud_edge_robot_arm.cloud.replanning.visual_repair'
import_ = <function _gcd_import at 0x7ab446da40e0>

>   ???
E   ModuleNotFoundError: No module named 'cloud_edge_robot_arm.cloud.replanning.visual_repair'

<frozen importlib._bootstrap>:1324: ModuleNotFoundError
_____ test_completed_effect_requires_current_exact_canonical_pass[future] ______

change = 'future'

    @pytest.mark.parametrize("change", ["old", "future", "different", "unknown", "fail", "decoy"])
    def test_completed_effect_requires_current_exact_canonical_pass(change):
>       request, context, window, observation = fixture()
                                                ^^^^^^^^^

tests/test_visual_repair_builder.py:116: 
_ _ _ _ _ _ _ _ _ _ _ _ _ _ _ _ _ _ _ _ _ _ _ _ _ _ _ _ _ _ _ _ _ _ _ _ _ _ _ _ 
tests/test_visual_repair_builder.py:45: in fixture
    context = api().VisualRepairContext(
              ^^^^^
tests/test_visual_repair_builder.py:16: in api
    return import_module("cloud_edge_robot_arm.cloud.replanning.visual_repair")
           ^^^^^^^^^^^^^^^^^^^^^^^^^^^^^^^^^^^^^^^^^^^^^^^^^^^^^^^^^^^^^^^^^^^^
/usr/lib/python3.12/importlib/__init__.py:90: in import_module
    return _bootstrap._gcd_import(name[level:], package, level)
           ^^^^^^^^^^^^^^^^^^^^^^^^^^^^^^^^^^^^^^^^^^^^^^^^^^^^
<frozen importlib._bootstrap>:1387: in _gcd_import
    ???
<frozen importlib._bootstrap>:1360: in _find_and_load
    ???
_ _ _ _ _ _ _ _ _ _ _ _ _ _ _ _ _ _ _ _ _ _ _ _ _ _ _ _ _ _ _ _ _ _ _ _ _ _ _ _ 

name = 'cloud_edge_robot_arm.cloud.replanning.visual_repair'
import_ = <function _gcd_import at 0x7ab446da40e0>

>   ???
E   ModuleNotFoundError: No module named 'cloud_edge_robot_arm.cloud.replanning.visual_repair'

<frozen importlib._bootstrap>:1324: ModuleNotFoundError
____ test_completed_effect_requires_current_exact_canonical_pass[different] ____

change = 'different'

    @pytest.mark.parametrize("change", ["old", "future", "different", "unknown", "fail", "decoy"])
    def test_completed_effect_requires_current_exact_canonical_pass(change):
>       request, context, window, observation = fixture()
                                                ^^^^^^^^^

tests/test_visual_repair_builder.py:116: 
_ _ _ _ _ _ _ _ _ _ _ _ _ _ _ _ _ _ _ _ _ _ _ _ _ _ _ _ _ _ _ _ _ _ _ _ _ _ _ _ 
tests/test_visual_repair_builder.py:45: in fixture
    context = api().VisualRepairContext(
              ^^^^^
tests/test_visual_repair_builder.py:16: in api
    return import_module("cloud_edge_robot_arm.cloud.replanning.visual_repair")
           ^^^^^^^^^^^^^^^^^^^^^^^^^^^^^^^^^^^^^^^^^^^^^^^^^^^^^^^^^^^^^^^^^^^^
/usr/lib/python3.12/importlib/__init__.py:90: in import_module
    return _bootstrap._gcd_import(name[level:], package, level)
           ^^^^^^^^^^^^^^^^^^^^^^^^^^^^^^^^^^^^^^^^^^^^^^^^^^^^
<frozen importlib._bootstrap>:1387: in _gcd_import
    ???
<frozen importlib._bootstrap>:1360: in _find_and_load
    ???
_ _ _ _ _ _ _ _ _ _ _ _ _ _ _ _ _ _ _ _ _ _ _ _ _ _ _ _ _ _ _ _ _ _ _ _ _ _ _ _ 

name = 'cloud_edge_robot_arm.cloud.replanning.visual_repair'
import_ = <function _gcd_import at 0x7ab446da40e0>

>   ???
E   ModuleNotFoundError: No module named 'cloud_edge_robot_arm.cloud.replanning.visual_repair'

<frozen importlib._bootstrap>:1324: ModuleNotFoundError
_____ test_completed_effect_requires_current_exact_canonical_pass[unknown] _____

change = 'unknown'

    @pytest.mark.parametrize("change", ["old", "future", "different", "unknown", "fail", "decoy"])
    def test_completed_effect_requires_current_exact_canonical_pass(change):
>       request, context, window, observation = fixture()
                                                ^^^^^^^^^

tests/test_visual_repair_builder.py:116: 
_ _ _ _ _ _ _ _ _ _ _ _ _ _ _ _ _ _ _ _ _ _ _ _ _ _ _ _ _ _ _ _ _ _ _ _ _ _ _ _ 
tests/test_visual_repair_builder.py:45: in fixture
    context = api().VisualRepairContext(
              ^^^^^
tests/test_visual_repair_builder.py:16: in api
    return import_module("cloud_edge_robot_arm.cloud.replanning.visual_repair")
           ^^^^^^^^^^^^^^^^^^^^^^^^^^^^^^^^^^^^^^^^^^^^^^^^^^^^^^^^^^^^^^^^^^^^
/usr/lib/python3.12/importlib/__init__.py:90: in import_module
    return _bootstrap._gcd_import(name[level:], package, level)
           ^^^^^^^^^^^^^^^^^^^^^^^^^^^^^^^^^^^^^^^^^^^^^^^^^^^^
<frozen importlib._bootstrap>:1387: in _gcd_import
    ???
<frozen importlib._bootstrap>:1360: in _find_and_load
    ???
_ _ _ _ _ _ _ _ _ _ _ _ _ _ _ _ _ _ _ _ _ _ _ _ _ _ _ _ _ _ _ _ _ _ _ _ _ _ _ _ 

name = 'cloud_edge_robot_arm.cloud.replanning.visual_repair'
import_ = <function _gcd_import at 0x7ab446da40e0>

>   ???
E   ModuleNotFoundError: No module named 'cloud_edge_robot_arm.cloud.replanning.visual_repair'

<frozen importlib._bootstrap>:1324: ModuleNotFoundError
______ test_completed_effect_requires_current_exact_canonical_pass[fail] _______

change = 'fail'

    @pytest.mark.parametrize("change", ["old", "future", "different", "unknown", "fail", "decoy"])
    def test_completed_effect_requires_current_exact_canonical_pass(change):
>       request, context, window, observation = fixture()
                                                ^^^^^^^^^

tests/test_visual_repair_builder.py:116: 
_ _ _ _ _ _ _ _ _ _ _ _ _ _ _ _ _ _ _ _ _ _ _ _ _ _ _ _ _ _ _ _ _ _ _ _ _ _ _ _ 
tests/test_visual_repair_builder.py:45: in fixture
    context = api().VisualRepairContext(
              ^^^^^
tests/test_visual_repair_builder.py:16: in api
    return import_module("cloud_edge_robot_arm.cloud.replanning.visual_repair")
           ^^^^^^^^^^^^^^^^^^^^^^^^^^^^^^^^^^^^^^^^^^^^^^^^^^^^^^^^^^^^^^^^^^^^
/usr/lib/python3.12/importlib/__init__.py:90: in import_module
    return _bootstrap._gcd_import(name[level:], package, level)
           ^^^^^^^^^^^^^^^^^^^^^^^^^^^^^^^^^^^^^^^^^^^^^^^^^^^^
<frozen importlib._bootstrap>:1387: in _gcd_import
    ???
<frozen importlib._bootstrap>:1360: in _find_and_load
    ???
_ _ _ _ _ _ _ _ _ _ _ _ _ _ _ _ _ _ _ _ _ _ _ _ _ _ _ _ _ _ _ _ _ _ _ _ _ _ _ _ 

name = 'cloud_edge_robot_arm.cloud.replanning.visual_repair'
import_ = <function _gcd_import at 0x7ab446da40e0>

>   ???
E   ModuleNotFoundError: No module named 'cloud_edge_robot_arm.cloud.replanning.visual_repair'

<frozen importlib._bootstrap>:1324: ModuleNotFoundError
______ test_completed_effect_requires_current_exact_canonical_pass[decoy] ______

change = 'decoy'

    @pytest.mark.parametrize("change", ["old", "future", "different", "unknown", "fail", "decoy"])
    def test_completed_effect_requires_current_exact_canonical_pass(change):
>       request, context, window, observation = fixture()
                                                ^^^^^^^^^

tests/test_visual_repair_builder.py:116: 
_ _ _ _ _ _ _ _ _ _ _ _ _ _ _ _ _ _ _ _ _ _ _ _ _ _ _ _ _ _ _ _ _ _ _ _ _ _ _ _ 
tests/test_visual_repair_builder.py:45: in fixture
    context = api().VisualRepairContext(
              ^^^^^
tests/test_visual_repair_builder.py:16: in api
    return import_module("cloud_edge_robot_arm.cloud.replanning.visual_repair")
           ^^^^^^^^^^^^^^^^^^^^^^^^^^^^^^^^^^^^^^^^^^^^^^^^^^^^^^^^^^^^^^^^^^^^
/usr/lib/python3.12/importlib/__init__.py:90: in import_module
    return _bootstrap._gcd_import(name[level:], package, level)
           ^^^^^^^^^^^^^^^^^^^^^^^^^^^^^^^^^^^^^^^^^^^^^^^^^^^^
<frozen importlib._bootstrap>:1387: in _gcd_import
    ???
<frozen importlib._bootstrap>:1360: in _find_and_load
    ???
_ _ _ _ _ _ _ _ _ _ _ _ _ _ _ _ _ _ _ _ _ _ _ _ _ _ _ _ _ _ _ _ _ _ _ _ _ _ _ _ 

name = 'cloud_edge_robot_arm.cloud.replanning.visual_repair'
import_ = <function _gcd_import at 0x7ab446da40e0>

>   ???
E   ModuleNotFoundError: No module named 'cloud_edge_robot_arm.cloud.replanning.visual_repair'

<frozen importlib._bootstrap>:1324: ModuleNotFoundError
______ test_missing_provider_or_context_produces_no_executable_candidate _______

    def test_missing_provider_or_context_produces_no_executable_candidate():
>       request, _, window, observation = fixture()
                                          ^^^^^^^^^

tests/test_visual_repair_builder.py:140: 
_ _ _ _ _ _ _ _ _ _ _ _ _ _ _ _ _ _ _ _ _ _ _ _ _ _ _ _ _ _ _ _ _ _ _ _ _ _ _ _ 
tests/test_visual_repair_builder.py:45: in fixture
    context = api().VisualRepairContext(
              ^^^^^
tests/test_visual_repair_builder.py:16: in api
    return import_module("cloud_edge_robot_arm.cloud.replanning.visual_repair")
           ^^^^^^^^^^^^^^^^^^^^^^^^^^^^^^^^^^^^^^^^^^^^^^^^^^^^^^^^^^^^^^^^^^^^
/usr/lib/python3.12/importlib/__init__.py:90: in import_module
    return _bootstrap._gcd_import(name[level:], package, level)
           ^^^^^^^^^^^^^^^^^^^^^^^^^^^^^^^^^^^^^^^^^^^^^^^^^^^^
<frozen importlib._bootstrap>:1387: in _gcd_import
    ???
<frozen importlib._bootstrap>:1360: in _find_and_load
    ???
_ _ _ _ _ _ _ _ _ _ _ _ _ _ _ _ _ _ _ _ _ _ _ _ _ _ _ _ _ _ _ _ _ _ _ _ _ _ _ _ 

name = 'cloud_edge_robot_arm.cloud.replanning.visual_repair'
import_ = <function _gcd_import at 0x7ab446da40e0>

>   ???
E   ModuleNotFoundError: No module named 'cloud_edge_robot_arm.cloud.replanning.visual_repair'

<frozen importlib._bootstrap>:1324: ModuleNotFoundError
_ test_provider_cannot_change_unrelated_steps_or_replay_completed_effect[omit] _

change = 'omit'

    @pytest.mark.parametrize("change", ["omit", "extra", "replay", "low_level", "precondition"])
    def test_provider_cannot_change_unrelated_steps_or_replay_completed_effect(change):
>       request, context, window, observation = fixture()
                                                ^^^^^^^^^

tests/test_visual_repair_builder.py:147: 
_ _ _ _ _ _ _ _ _ _ _ _ _ _ _ _ _ _ _ _ _ _ _ _ _ _ _ _ _ _ _ _ _ _ _ _ _ _ _ _ 
tests/test_visual_repair_builder.py:45: in fixture
    context = api().VisualRepairContext(
              ^^^^^
tests/test_visual_repair_builder.py:16: in api
    return import_module("cloud_edge_robot_arm.cloud.replanning.visual_repair")
           ^^^^^^^^^^^^^^^^^^^^^^^^^^^^^^^^^^^^^^^^^^^^^^^^^^^^^^^^^^^^^^^^^^^^
/usr/lib/python3.12/importlib/__init__.py:90: in import_module
    return _bootstrap._gcd_import(name[level:], package, level)
           ^^^^^^^^^^^^^^^^^^^^^^^^^^^^^^^^^^^^^^^^^^^^^^^^^^^^
<frozen importlib._bootstrap>:1387: in _gcd_import
    ???
<frozen importlib._bootstrap>:1360: in _find_and_load
    ???
_ _ _ _ _ _ _ _ _ _ _ _ _ _ _ _ _ _ _ _ _ _ _ _ _ _ _ _ _ _ _ _ _ _ _ _ _ _ _ _ 

name = 'cloud_edge_robot_arm.cloud.replanning.visual_repair'
import_ = <function _gcd_import at 0x7ab446da40e0>

>   ???
E   ModuleNotFoundError: No module named 'cloud_edge_robot_arm.cloud.replanning.visual_repair'

<frozen importlib._bootstrap>:1324: ModuleNotFoundError
_ test_provider_cannot_change_unrelated_steps_or_replay_completed_effect[extra] _

change = 'extra'

    @pytest.mark.parametrize("change", ["omit", "extra", "replay", "low_level", "precondition"])
    def test_provider_cannot_change_unrelated_steps_or_replay_completed_effect(change):
>       request, context, window, observation = fixture()
                                                ^^^^^^^^^

tests/test_visual_repair_builder.py:147: 
_ _ _ _ _ _ _ _ _ _ _ _ _ _ _ _ _ _ _ _ _ _ _ _ _ _ _ _ _ _ _ _ _ _ _ _ _ _ _ _ 
tests/test_visual_repair_builder.py:45: in fixture
    context = api().VisualRepairContext(
              ^^^^^
tests/test_visual_repair_builder.py:16: in api
    return import_module("cloud_edge_robot_arm.cloud.replanning.visual_repair")
           ^^^^^^^^^^^^^^^^^^^^^^^^^^^^^^^^^^^^^^^^^^^^^^^^^^^^^^^^^^^^^^^^^^^^
/usr/lib/python3.12/importlib/__init__.py:90: in import_module
    return _bootstrap._gcd_import(name[level:], package, level)
           ^^^^^^^^^^^^^^^^^^^^^^^^^^^^^^^^^^^^^^^^^^^^^^^^^^^^
<frozen importlib._bootstrap>:1387: in _gcd_import
    ???
<frozen importlib._bootstrap>:1360: in _find_and_load
    ???
_ _ _ _ _ _ _ _ _ _ _ _ _ _ _ _ _ _ _ _ _ _ _ _ _ _ _ _ _ _ _ _ _ _ _ _ _ _ _ _ 

name = 'cloud_edge_robot_arm.cloud.replanning.visual_repair'
import_ = <function _gcd_import at 0x7ab446da40e0>

>   ???
E   ModuleNotFoundError: No module named 'cloud_edge_robot_arm.cloud.replanning.visual_repair'

<frozen importlib._bootstrap>:1324: ModuleNotFoundError
_ test_provider_cannot_change_unrelated_steps_or_replay_completed_effect[replay] _

change = 'replay'

    @pytest.mark.parametrize("change", ["omit", "extra", "replay", "low_level", "precondition"])
    def test_provider_cannot_change_unrelated_steps_or_replay_completed_effect(change):
>       request, context, window, observation = fixture()
                                                ^^^^^^^^^

tests/test_visual_repair_builder.py:147: 
_ _ _ _ _ _ _ _ _ _ _ _ _ _ _ _ _ _ _ _ _ _ _ _ _ _ _ _ _ _ _ _ _ _ _ _ _ _ _ _ 
tests/test_visual_repair_builder.py:45: in fixture
    context = api().VisualRepairContext(
              ^^^^^
tests/test_visual_repair_builder.py:16: in api
    return import_module("cloud_edge_robot_arm.cloud.replanning.visual_repair")
           ^^^^^^^^^^^^^^^^^^^^^^^^^^^^^^^^^^^^^^^^^^^^^^^^^^^^^^^^^^^^^^^^^^^^
/usr/lib/python3.12/importlib/__init__.py:90: in import_module
    return _bootstrap._gcd_import(name[level:], package, level)
           ^^^^^^^^^^^^^^^^^^^^^^^^^^^^^^^^^^^^^^^^^^^^^^^^^^^^
<frozen importlib._bootstrap>:1387: in _gcd_import
    ???
<frozen importlib._bootstrap>:1360: in _find_and_load
    ???
_ _ _ _ _ _ _ _ _ _ _ _ _ _ _ _ _ _ _ _ _ _ _ _ _ _ _ _ _ _ _ _ _ _ _ _ _ _ _ _ 

name = 'cloud_edge_robot_arm.cloud.replanning.visual_repair'
import_ = <function _gcd_import at 0x7ab446da40e0>

>   ???
E   ModuleNotFoundError: No module named 'cloud_edge_robot_arm.cloud.replanning.visual_repair'

<frozen importlib._bootstrap>:1324: ModuleNotFoundError
_ test_provider_cannot_change_unrelated_steps_or_replay_completed_effect[low_level] _

change = 'low_level'

    @pytest.mark.parametrize("change", ["omit", "extra", "replay", "low_level", "precondition"])
    def test_provider_cannot_change_unrelated_steps_or_replay_completed_effect(change):
>       request, context, window, observation = fixture()
                                                ^^^^^^^^^

tests/test_visual_repair_builder.py:147: 
_ _ _ _ _ _ _ _ _ _ _ _ _ _ _ _ _ _ _ _ _ _ _ _ _ _ _ _ _ _ _ _ _ _ _ _ _ _ _ _ 
tests/test_visual_repair_builder.py:45: in fixture
    context = api().VisualRepairContext(
              ^^^^^
tests/test_visual_repair_builder.py:16: in api
    return import_module("cloud_edge_robot_arm.cloud.replanning.visual_repair")
           ^^^^^^^^^^^^^^^^^^^^^^^^^^^^^^^^^^^^^^^^^^^^^^^^^^^^^^^^^^^^^^^^^^^^
/usr/lib/python3.12/importlib/__init__.py:90: in import_module
    return _bootstrap._gcd_import(name[level:], package, level)
           ^^^^^^^^^^^^^^^^^^^^^^^^^^^^^^^^^^^^^^^^^^^^^^^^^^^^
<frozen importlib._bootstrap>:1387: in _gcd_import
    ???
<frozen importlib._bootstrap>:1360: in _find_and_load
    ???
_ _ _ _ _ _ _ _ _ _ _ _ _ _ _ _ _ _ _ _ _ _ _ _ _ _ _ _ _ _ _ _ _ _ _ _ _ _ _ _ 

name = 'cloud_edge_robot_arm.cloud.replanning.visual_repair'
import_ = <function _gcd_import at 0x7ab446da40e0>

>   ???
E   ModuleNotFoundError: No module named 'cloud_edge_robot_arm.cloud.replanning.visual_repair'

<frozen importlib._bootstrap>:1324: ModuleNotFoundError
_ test_provider_cannot_change_unrelated_steps_or_replay_completed_effect[precondition] _

change = 'precondition'

    @pytest.mark.parametrize("change", ["omit", "extra", "replay", "low_level", "precondition"])
    def test_provider_cannot_change_unrelated_steps_or_replay_completed_effect(change):
>       request, context, window, observation = fixture()
                                                ^^^^^^^^^

tests/test_visual_repair_builder.py:147: 
_ _ _ _ _ _ _ _ _ _ _ _ _ _ _ _ _ _ _ _ _ _ _ _ _ _ _ _ _ _ _ _ _ _ _ _ _ _ _ _ 
tests/test_visual_repair_builder.py:45: in fixture
    context = api().VisualRepairContext(
              ^^^^^
tests/test_visual_repair_builder.py:16: in api
    return import_module("cloud_edge_robot_arm.cloud.replanning.visual_repair")
           ^^^^^^^^^^^^^^^^^^^^^^^^^^^^^^^^^^^^^^^^^^^^^^^^^^^^^^^^^^^^^^^^^^^^
/usr/lib/python3.12/importlib/__init__.py:90: in import_module
    return _bootstrap._gcd_import(name[level:], package, level)
           ^^^^^^^^^^^^^^^^^^^^^^^^^^^^^^^^^^^^^^^^^^^^^^^^^^^^
<frozen importlib._bootstrap>:1387: in _gcd_import
    ???
<frozen importlib._bootstrap>:1360: in _find_and_load
    ???
_ _ _ _ _ _ _ _ _ _ _ _ _ _ _ _ _ _ _ _ _ _ _ _ _ _ _ _ _ _ _ _ _ _ _ _ _ _ _ _ 

name = 'cloud_edge_robot_arm.cloud.replanning.visual_repair'
import_ = <function _gcd_import at 0x7ab446da40e0>

>   ???
E   ModuleNotFoundError: No module named 'cloud_edge_robot_arm.cloud.replanning.visual_repair'

<frozen importlib._bootstrap>:1324: ModuleNotFoundError
________________ test_provider_cannot_mutate_request_or_context ________________

    def test_provider_cannot_mutate_request_or_context():
>       request, context, window, observation = fixture()
                                                ^^^^^^^^^

tests/test_visual_repair_builder.py:167: 
_ _ _ _ _ _ _ _ _ _ _ _ _ _ _ _ _ _ _ _ _ _ _ _ _ _ _ _ _ _ _ _ _ _ _ _ _ _ _ _ 
tests/test_visual_repair_builder.py:45: in fixture
    context = api().VisualRepairContext(
              ^^^^^
tests/test_visual_repair_builder.py:16: in api
    return import_module("cloud_edge_robot_arm.cloud.replanning.visual_repair")
           ^^^^^^^^^^^^^^^^^^^^^^^^^^^^^^^^^^^^^^^^^^^^^^^^^^^^^^^^^^^^^^^^^^^^
/usr/lib/python3.12/importlib/__init__.py:90: in import_module
    return _bootstrap._gcd_import(name[level:], package, level)
           ^^^^^^^^^^^^^^^^^^^^^^^^^^^^^^^^^^^^^^^^^^^^^^^^^^^^
<frozen importlib._bootstrap>:1387: in _gcd_import
    ???
<frozen importlib._bootstrap>:1360: in _find_and_load
    ???
_ _ _ _ _ _ _ _ _ _ _ _ _ _ _ _ _ _ _ _ _ _ _ _ _ _ _ _ _ _ _ _ _ _ _ _ _ _ _ _ 

name = 'cloud_edge_robot_arm.cloud.replanning.visual_repair'
import_ = <function _gcd_import at 0x7ab446da40e0>

>   ???
E   ModuleNotFoundError: No module named 'cloud_edge_robot_arm.cloud.replanning.visual_repair'

<frozen importlib._bootstrap>:1324: ModuleNotFoundError
______ test_late_provider_return_cannot_use_old_frame_or_expired_contract ______

    def test_late_provider_return_cannot_use_old_frame_or_expired_contract():
>       request, context, window, observation = fixture()
                                                ^^^^^^^^^

tests/test_visual_repair_builder.py:183: 
_ _ _ _ _ _ _ _ _ _ _ _ _ _ _ _ _ _ _ _ _ _ _ _ _ _ _ _ _ _ _ _ _ _ _ _ _ _ _ _ 
tests/test_visual_repair_builder.py:45: in fixture
    context = api().VisualRepairContext(
              ^^^^^
tests/test_visual_repair_builder.py:16: in api
    return import_module("cloud_edge_robot_arm.cloud.replanning.visual_repair")
           ^^^^^^^^^^^^^^^^^^^^^^^^^^^^^^^^^^^^^^^^^^^^^^^^^^^^^^^^^^^^^^^^^^^^
/usr/lib/python3.12/importlib/__init__.py:90: in import_module
    return _bootstrap._gcd_import(name[level:], package, level)
           ^^^^^^^^^^^^^^^^^^^^^^^^^^^^^^^^^^^^^^^^^^^^^^^^^^^^
<frozen importlib._bootstrap>:1387: in _gcd_import
    ???
<frozen importlib._bootstrap>:1360: in _find_and_load
    ???
_ _ _ _ _ _ _ _ _ _ _ _ _ _ _ _ _ _ _ _ _ _ _ _ _ _ _ _ _ _ _ _ _ _ _ _ _ _ _ _ 

name = 'cloud_edge_robot_arm.cloud.replanning.visual_repair'
import_ = <function _gcd_import at 0x7ab446da40e0>

>   ???
E   ModuleNotFoundError: No module named 'cloud_edge_robot_arm.cloud.replanning.visual_repair'

<frozen importlib._bootstrap>:1324: ModuleNotFoundError
__________ test_provider_exception_does_not_create_a_fallback_action ___________

    def test_provider_exception_does_not_create_a_fallback_action():
>       request, context, window, observation = fixture()
                                                ^^^^^^^^^

tests/test_visual_repair_builder.py:195: 
_ _ _ _ _ _ _ _ _ _ _ _ _ _ _ _ _ _ _ _ _ _ _ _ _ _ _ _ _ _ _ _ _ _ _ _ _ _ _ _ 
tests/test_visual_repair_builder.py:45: in fixture
    context = api().VisualRepairContext(
              ^^^^^
tests/test_visual_repair_builder.py:16: in api
    return import_module("cloud_edge_robot_arm.cloud.replanning.visual_repair")
           ^^^^^^^^^^^^^^^^^^^^^^^^^^^^^^^^^^^^^^^^^^^^^^^^^^^^^^^^^^^^^^^^^^^^
/usr/lib/python3.12/importlib/__init__.py:90: in import_module
    return _bootstrap._gcd_import(name[level:], package, level)
           ^^^^^^^^^^^^^^^^^^^^^^^^^^^^^^^^^^^^^^^^^^^^^^^^^^^^
<frozen importlib._bootstrap>:1387: in _gcd_import
    ???
<frozen importlib._bootstrap>:1360: in _find_and_load
    ???
_ _ _ _ _ _ _ _ _ _ _ _ _ _ _ _ _ _ _ _ _ _ _ _ _ _ _ _ _ _ _ _ _ _ _ _ _ _ _ _ 

name = 'cloud_edge_robot_arm.cloud.replanning.visual_repair'
import_ = <function _gcd_import at 0x7ab446da40e0>

>   ???
E   ModuleNotFoundError: No module named 'cloud_edge_robot_arm.cloud.replanning.visual_repair'

<frozen importlib._bootstrap>:1324: ModuleNotFoundError
=========================== short test summary info ============================
FAILED tests/test_visual_repair_builder.py::test_minimal_repair_retains_unrelated_pending_and_completed_effects
FAILED tests/test_visual_repair_builder.py::test_full_remaining_uses_same_failure_and_observation_but_expands_scope
FAILED tests/test_visual_repair_builder.py::test_stale_or_forged_context_cannot_plan[version]
FAILED tests/test_visual_repair_builder.py::test_stale_or_forged_context_cannot_plan[command]
FAILED tests/test_visual_repair_builder.py::test_stale_or_forged_context_cannot_plan[window]
FAILED tests/test_visual_repair_builder.py::test_stale_or_forged_context_cannot_plan[complete]
FAILED tests/test_visual_repair_builder.py::test_stale_or_forged_context_cannot_plan[graph]
FAILED tests/test_visual_repair_builder.py::test_completed_effect_requires_current_exact_canonical_pass[old]
FAILED tests/test_visual_repair_builder.py::test_completed_effect_requires_current_exact_canonical_pass[future]
FAILED tests/test_visual_repair_builder.py::test_completed_effect_requires_current_exact_canonical_pass[different]
FAILED tests/test_visual_repair_builder.py::test_completed_effect_requires_current_exact_canonical_pass[unknown]
FAILED tests/test_visual_repair_builder.py::test_completed_effect_requires_current_exact_canonical_pass[fail]
FAILED tests/test_visual_repair_builder.py::test_completed_effect_requires_current_exact_canonical_pass[decoy]
FAILED tests/test_visual_repair_builder.py::test_missing_provider_or_context_produces_no_executable_candidate
FAILED tests/test_visual_repair_builder.py::test_provider_cannot_change_unrelated_steps_or_replay_completed_effect[omit]
FAILED tests/test_visual_repair_builder.py::test_provider_cannot_change_unrelated_steps_or_replay_completed_effect[extra]
FAILED tests/test_visual_repair_builder.py::test_provider_cannot_change_unrelated_steps_or_replay_completed_effect[replay]
FAILED tests/test_visual_repair_builder.py::test_provider_cannot_change_unrelated_steps_or_replay_completed_effect[low_level]
FAILED tests/test_visual_repair_builder.py::test_provider_cannot_change_unrelated_steps_or_replay_completed_effect[precondition]
FAILED tests/test_visual_repair_builder.py::test_provider_cannot_mutate_request_or_context
FAILED tests/test_visual_repair_builder.py::test_late_provider_return_cannot_use_old_frame_or_expired_contract
FAILED tests/test_visual_repair_builder.py::test_provider_exception_does_not_create_a_fallback_action
22 failed in 0.66s
