FFFF                                                                     [100%]
=================================== FAILURES ===================================
____ test_identical_role_bundle_cannot_change_consumed_verification_limits _____

tmp_path = PosixPath('/tmp/pytest-of-ningyd/pytest-645/test_identical_role_bundle_can0')

    def test_identical_role_bundle_cannot_change_consumed_verification_limits(tmp_path):
        from cloud_edge_robot_arm.edge.recovery.verification_router import VerificationBudget
    
        _, binding = role_binding(tmp_path)
>       with pytest.raises(ValueError, match="budget"):
E       Failed: DID NOT RAISE <class 'ValueError'>

tests/test_ced_runtime_binding.py:234: Failed
________ test_binding_cannot_omit_the_actual_verification_router_source ________

tmp_path = PosixPath('/tmp/pytest-of-ningyd/pytest-645/test_binding_cannot_omit_the_a0')

    def test_binding_cannot_omit_the_actual_verification_router_source(tmp_path):
        _, binding = role_binding(tmp_path)
        edge = replace(binding.edge_snapshot, source_hashes={"edge.py": "a" * 64})
        bundle = replace(binding.bundle, edge_provider_hash=edge.digest())
        with pytest.raises(ValueError, match="router source"):
>           replace(binding, bundle=bundle, edge_snapshot=edge)

tests/test_ced_runtime_binding.py:245: 
_ _ _ _ _ _ _ _ _ _ _ _ _ _ _ _ _ _ _ _ _ _ _ _ _ _ _ _ _ _ _ _ _ _ _ _ _ _ _ _ 
/usr/lib/python3.12/dataclasses.py:1581: in replace
    return obj.__class__(**changes)
           ^^^^^^^^^^^^^^^^^^^^^^^^
<string>:8: in __init__
    ???
src/cloud_edge_robot_arm/vision/runtime_binding.py:63: in __post_init__
    policy = json.loads(json.dumps(dict(self.edge_policy), allow_nan=False))
                        ^^^^^^^^^^^^^^^^^^^^^^^^^^^^^^^^^^^^^^^^^^^^^^^^^^^
/usr/lib/python3.12/json/__init__.py:238: in dumps
    **kw).encode(obj)
          ^^^^^^^^^^^
/usr/lib/python3.12/json/encoder.py:200: in encode
    chunks = self.iterencode(o, _one_shot=True)
             ^^^^^^^^^^^^^^^^^^^^^^^^^^^^^^^^^^
/usr/lib/python3.12/json/encoder.py:258: in iterencode
    return _iterencode(o, 0)
           ^^^^^^^^^^^^^^^^^
_ _ _ _ _ _ _ _ _ _ _ _ _ _ _ _ _ _ _ _ _ _ _ _ _ _ _ _ _ _ _ _ _ _ _ _ _ _ _ _ 

self = <json.encoder.JSONEncoder object at 0x74be8e71f5f0>
o = mappingproxy({'max_reobservations': 2, 'max_retries': 0, 'max_no_progress': 3, 'deadline_s': 120.0})

    def default(self, o):
        """Implement this method in a subclass such that it returns
        a serializable object for ``o``, or calls the base implementation
        (to raise a ``TypeError``).
    
        For example, to support arbitrary iterators, you could
        implement default like this::
    
            def default(self, o):
                try:
                    iterable = iter(o)
                except TypeError:
                    pass
                else:
                    return list(iterable)
                # Let the base class default method raise the TypeError
                return super().default(o)
    
        """
>       raise TypeError(f'Object of type {o.__class__.__name__} '
                        f'is not JSON serializable')
E       TypeError: Object of type mappingproxy is not JSON serializable

/usr/lib/python3.12/json/encoder.py:180: TypeError
__ test_hue_boundary_is_ambiguous_and_unavailable_for_both_identities[green] ___

color = 'green'

    @pytest.mark.parametrize("color", ["green", "cyan"])
    def test_hue_boundary_is_ambiguous_and_unavailable_for_both_identities(color):
>       with pytest.raises(ValueError, match="requested target"):
E       Failed: DID NOT RAISE <class 'ValueError'>

tests/test_online_visual_intent.py:49: Failed
___ test_hue_boundary_is_ambiguous_and_unavailable_for_both_identities[cyan] ___

color = 'cyan'

    @pytest.mark.parametrize("color", ["green", "cyan"])
    def test_hue_boundary_is_ambiguous_and_unavailable_for_both_identities(color):
>       with pytest.raises(ValueError, match="requested target"):
E       Failed: DID NOT RAISE <class 'ValueError'>

tests/test_online_visual_intent.py:49: Failed
=========================== short test summary info ============================
FAILED tests/test_ced_runtime_binding.py::test_identical_role_bundle_cannot_change_consumed_verification_limits
FAILED tests/test_ced_runtime_binding.py::test_binding_cannot_omit_the_actual_verification_router_source
FAILED tests/test_online_visual_intent.py::test_hue_boundary_is_ambiguous_and_unavailable_for_both_identities[green]
FAILED tests/test_online_visual_intent.py::test_hue_boundary_is_ambiguous_and_unavailable_for_both_identities[cyan]
4 failed, 26 deselected in 0.35s
