FFFFFFFFFF                                                               [100%]
=================================== FAILURES ===================================
_ test_supported_instruction_is_bound_to_observed_color[Move the red block to the green region.] _

instruction = 'Move the red block to the green region.'

    @pytest.mark.parametrize("instruction", [
        "Move the red block to the green region.",
        "将红色方块放到绿色区域",
        "pick the red cube and place it in the green target region",
    ])
    def test_supported_instruction_is_bound_to_observed_color(instruction):
>       assert validate(instruction) == ("red", "green")
               ^^^^^^^^^^^^^^^^^^^^^

tests/test_online_visual_intent.py:19: 
_ _ _ _ _ _ _ _ _ _ _ _ _ _ _ _ _ _ _ _ _ _ _ _ _ _ _ _ _ _ _ _ _ _ _ _ _ _ _ _ 
tests/test_online_visual_intent.py:9: in validate
    api = importlib.import_module("cloud_edge_robot_arm.vision.online_intent")
          ^^^^^^^^^^^^^^^^^^^^^^^^^^^^^^^^^^^^^^^^^^^^^^^^^^^^^^^^^^^^^^^^^^^^
/usr/lib/python3.12/importlib/__init__.py:90: in import_module
    return _bootstrap._gcd_import(name[level:], package, level)
           ^^^^^^^^^^^^^^^^^^^^^^^^^^^^^^^^^^^^^^^^^^^^^^^^^^^^
<frozen importlib._bootstrap>:1387: in _gcd_import
    ???
<frozen importlib._bootstrap>:1360: in _find_and_load
    ???
_ _ _ _ _ _ _ _ _ _ _ _ _ _ _ _ _ _ _ _ _ _ _ _ _ _ _ _ _ _ _ _ _ _ _ _ _ _ _ _ 

name = 'cloud_edge_robot_arm.vision.online_intent'
import_ = <function _gcd_import at 0x74e1da8cc0e0>

>   ???
E   ModuleNotFoundError: No module named 'cloud_edge_robot_arm.vision.online_intent'

<frozen importlib._bootstrap>:1324: ModuleNotFoundError
_ test_supported_instruction_is_bound_to_observed_color[\u5c06\u7ea2\u8272\u65b9\u5757\u653e\u5230\u7eff\u8272\u533a\u57df] _

instruction = '将红色方块放到绿色区域'

    @pytest.mark.parametrize("instruction", [
        "Move the red block to the green region.",
        "将红色方块放到绿色区域",
        "pick the red cube and place it in the green target region",
    ])
    def test_supported_instruction_is_bound_to_observed_color(instruction):
>       assert validate(instruction) == ("red", "green")
               ^^^^^^^^^^^^^^^^^^^^^

tests/test_online_visual_intent.py:19: 
_ _ _ _ _ _ _ _ _ _ _ _ _ _ _ _ _ _ _ _ _ _ _ _ _ _ _ _ _ _ _ _ _ _ _ _ _ _ _ _ 
tests/test_online_visual_intent.py:9: in validate
    api = importlib.import_module("cloud_edge_robot_arm.vision.online_intent")
          ^^^^^^^^^^^^^^^^^^^^^^^^^^^^^^^^^^^^^^^^^^^^^^^^^^^^^^^^^^^^^^^^^^^^
/usr/lib/python3.12/importlib/__init__.py:90: in import_module
    return _bootstrap._gcd_import(name[level:], package, level)
           ^^^^^^^^^^^^^^^^^^^^^^^^^^^^^^^^^^^^^^^^^^^^^^^^^^^^
<frozen importlib._bootstrap>:1387: in _gcd_import
    ???
<frozen importlib._bootstrap>:1360: in _find_and_load
    ???
_ _ _ _ _ _ _ _ _ _ _ _ _ _ _ _ _ _ _ _ _ _ _ _ _ _ _ _ _ _ _ _ _ _ _ _ _ _ _ _ 

name = 'cloud_edge_robot_arm.vision.online_intent'
import_ = <function _gcd_import at 0x74e1da8cc0e0>

>   ???
E   ModuleNotFoundError: No module named 'cloud_edge_robot_arm.vision.online_intent'

<frozen importlib._bootstrap>:1324: ModuleNotFoundError
_ test_supported_instruction_is_bound_to_observed_color[pick the red cube and place it in the green target region] _

instruction = 'pick the red cube and place it in the green target region'

    @pytest.mark.parametrize("instruction", [
        "Move the red block to the green region.",
        "将红色方块放到绿色区域",
        "pick the red cube and place it in the green target region",
    ])
    def test_supported_instruction_is_bound_to_observed_color(instruction):
>       assert validate(instruction) == ("red", "green")
               ^^^^^^^^^^^^^^^^^^^^^

tests/test_online_visual_intent.py:19: 
_ _ _ _ _ _ _ _ _ _ _ _ _ _ _ _ _ _ _ _ _ _ _ _ _ _ _ _ _ _ _ _ _ _ _ _ _ _ _ _ 
tests/test_online_visual_intent.py:9: in validate
    api = importlib.import_module("cloud_edge_robot_arm.vision.online_intent")
          ^^^^^^^^^^^^^^^^^^^^^^^^^^^^^^^^^^^^^^^^^^^^^^^^^^^^^^^^^^^^^^^^^^^^
/usr/lib/python3.12/importlib/__init__.py:90: in import_module
    return _bootstrap._gcd_import(name[level:], package, level)
           ^^^^^^^^^^^^^^^^^^^^^^^^^^^^^^^^^^^^^^^^^^^^^^^^^^^^
<frozen importlib._bootstrap>:1387: in _gcd_import
    ???
<frozen importlib._bootstrap>:1360: in _find_and_load
    ???
_ _ _ _ _ _ _ _ _ _ _ _ _ _ _ _ _ _ _ _ _ _ _ _ _ _ _ _ _ _ _ _ _ _ _ _ _ _ _ _ 

name = 'cloud_edge_robot_arm.vision.online_intent'
import_ = <function _gcd_import at 0x74e1da8cc0e0>

>   ???
E   ModuleNotFoundError: No module named 'cloud_edge_robot_arm.vision.online_intent'

<frozen importlib._bootstrap>:1324: ModuleNotFoundError
_ test_planner_grounded_red_pixel_cannot_replace_requested_missing_target[Move the blue block to the green region.] _

instruction = 'Move the blue block to the green region.'

    @pytest.mark.parametrize("instruction", [
        "Move the blue block to the green region.",
        "Move the yellow block to the green region.",
    ])
    def test_planner_grounded_red_pixel_cannot_replace_requested_missing_target(instruction):
        with pytest.raises(ValueError, match="requested target"):
>           validate(instruction)

tests/test_online_visual_intent.py:28: 
_ _ _ _ _ _ _ _ _ _ _ _ _ _ _ _ _ _ _ _ _ _ _ _ _ _ _ _ _ _ _ _ _ _ _ _ _ _ _ _ 
tests/test_online_visual_intent.py:9: in validate
    api = importlib.import_module("cloud_edge_robot_arm.vision.online_intent")
          ^^^^^^^^^^^^^^^^^^^^^^^^^^^^^^^^^^^^^^^^^^^^^^^^^^^^^^^^^^^^^^^^^^^^
/usr/lib/python3.12/importlib/__init__.py:90: in import_module
    return _bootstrap._gcd_import(name[level:], package, level)
           ^^^^^^^^^^^^^^^^^^^^^^^^^^^^^^^^^^^^^^^^^^^^^^^^^^^^
<frozen importlib._bootstrap>:1387: in _gcd_import
    ???
<frozen importlib._bootstrap>:1360: in _find_and_load
    ???
_ _ _ _ _ _ _ _ _ _ _ _ _ _ _ _ _ _ _ _ _ _ _ _ _ _ _ _ _ _ _ _ _ _ _ _ _ _ _ _ 

name = 'cloud_edge_robot_arm.vision.online_intent'
import_ = <function _gcd_import at 0x74e1da8cc0e0>

>   ???
E   ModuleNotFoundError: No module named 'cloud_edge_robot_arm.vision.online_intent'

<frozen importlib._bootstrap>:1324: ModuleNotFoundError
_ test_planner_grounded_red_pixel_cannot_replace_requested_missing_target[Move the yellow block to the green region.] _

instruction = 'Move the yellow block to the green region.'

    @pytest.mark.parametrize("instruction", [
        "Move the blue block to the green region.",
        "Move the yellow block to the green region.",
    ])
    def test_planner_grounded_red_pixel_cannot_replace_requested_missing_target(instruction):
        with pytest.raises(ValueError, match="requested target"):
>           validate(instruction)

tests/test_online_visual_intent.py:28: 
_ _ _ _ _ _ _ _ _ _ _ _ _ _ _ _ _ _ _ _ _ _ _ _ _ _ _ _ _ _ _ _ _ _ _ _ _ _ _ _ 
tests/test_online_visual_intent.py:9: in validate
    api = importlib.import_module("cloud_edge_robot_arm.vision.online_intent")
          ^^^^^^^^^^^^^^^^^^^^^^^^^^^^^^^^^^^^^^^^^^^^^^^^^^^^^^^^^^^^^^^^^^^^
/usr/lib/python3.12/importlib/__init__.py:90: in import_module
    return _bootstrap._gcd_import(name[level:], package, level)
           ^^^^^^^^^^^^^^^^^^^^^^^^^^^^^^^^^^^^^^^^^^^^^^^^^^^^
<frozen importlib._bootstrap>:1387: in _gcd_import
    ???
<frozen importlib._bootstrap>:1360: in _find_and_load
    ???
_ _ _ _ _ _ _ _ _ _ _ _ _ _ _ _ _ _ _ _ _ _ _ _ _ _ _ _ _ _ _ _ _ _ _ _ _ _ _ _ 

name = 'cloud_edge_robot_arm.vision.online_intent'
import_ = <function _gcd_import at 0x74e1da8cc0e0>

>   ???
E   ModuleNotFoundError: No module named 'cloud_edge_robot_arm.vision.online_intent'

<frozen importlib._bootstrap>:1324: ModuleNotFoundError
_ test_unknown_negated_or_multiple_instruction_remains_unavailable[Do not Move the red block to the green region.] _

instruction = 'Do not Move the red block to the green region.'

    @pytest.mark.parametrize("instruction", [
        "Do not Move the red block to the green region.",
        "Move the red block to the green region. Move another one.",
        "Move the red block to the blue region.",
        "move something",
    ])
    def test_unknown_negated_or_multiple_instruction_remains_unavailable(instruction):
        with pytest.raises(ValueError, match="instruction"):
>           validate(instruction)

tests/test_online_visual_intent.py:39: 
_ _ _ _ _ _ _ _ _ _ _ _ _ _ _ _ _ _ _ _ _ _ _ _ _ _ _ _ _ _ _ _ _ _ _ _ _ _ _ _ 
tests/test_online_visual_intent.py:9: in validate
    api = importlib.import_module("cloud_edge_robot_arm.vision.online_intent")
          ^^^^^^^^^^^^^^^^^^^^^^^^^^^^^^^^^^^^^^^^^^^^^^^^^^^^^^^^^^^^^^^^^^^^
/usr/lib/python3.12/importlib/__init__.py:90: in import_module
    return _bootstrap._gcd_import(name[level:], package, level)
           ^^^^^^^^^^^^^^^^^^^^^^^^^^^^^^^^^^^^^^^^^^^^^^^^^^^^
<frozen importlib._bootstrap>:1387: in _gcd_import
    ???
<frozen importlib._bootstrap>:1360: in _find_and_load
    ???
_ _ _ _ _ _ _ _ _ _ _ _ _ _ _ _ _ _ _ _ _ _ _ _ _ _ _ _ _ _ _ _ _ _ _ _ _ _ _ _ 

name = 'cloud_edge_robot_arm.vision.online_intent'
import_ = <function _gcd_import at 0x74e1da8cc0e0>

>   ???
E   ModuleNotFoundError: No module named 'cloud_edge_robot_arm.vision.online_intent'

<frozen importlib._bootstrap>:1324: ModuleNotFoundError
_ test_unknown_negated_or_multiple_instruction_remains_unavailable[Move the red block to the green region. Move another one.] _

instruction = 'Move the red block to the green region. Move another one.'

    @pytest.mark.parametrize("instruction", [
        "Do not Move the red block to the green region.",
        "Move the red block to the green region. Move another one.",
        "Move the red block to the blue region.",
        "move something",
    ])
    def test_unknown_negated_or_multiple_instruction_remains_unavailable(instruction):
        with pytest.raises(ValueError, match="instruction"):
>           validate(instruction)

tests/test_online_visual_intent.py:39: 
_ _ _ _ _ _ _ _ _ _ _ _ _ _ _ _ _ _ _ _ _ _ _ _ _ _ _ _ _ _ _ _ _ _ _ _ _ _ _ _ 
tests/test_online_visual_intent.py:9: in validate
    api = importlib.import_module("cloud_edge_robot_arm.vision.online_intent")
          ^^^^^^^^^^^^^^^^^^^^^^^^^^^^^^^^^^^^^^^^^^^^^^^^^^^^^^^^^^^^^^^^^^^^
/usr/lib/python3.12/importlib/__init__.py:90: in import_module
    return _bootstrap._gcd_import(name[level:], package, level)
           ^^^^^^^^^^^^^^^^^^^^^^^^^^^^^^^^^^^^^^^^^^^^^^^^^^^^
<frozen importlib._bootstrap>:1387: in _gcd_import
    ???
<frozen importlib._bootstrap>:1360: in _find_and_load
    ???
_ _ _ _ _ _ _ _ _ _ _ _ _ _ _ _ _ _ _ _ _ _ _ _ _ _ _ _ _ _ _ _ _ _ _ _ _ _ _ _ 

name = 'cloud_edge_robot_arm.vision.online_intent'
import_ = <function _gcd_import at 0x74e1da8cc0e0>

>   ???
E   ModuleNotFoundError: No module named 'cloud_edge_robot_arm.vision.online_intent'

<frozen importlib._bootstrap>:1324: ModuleNotFoundError
_ test_unknown_negated_or_multiple_instruction_remains_unavailable[Move the red block to the blue region.] _

instruction = 'Move the red block to the blue region.'

    @pytest.mark.parametrize("instruction", [
        "Do not Move the red block to the green region.",
        "Move the red block to the green region. Move another one.",
        "Move the red block to the blue region.",
        "move something",
    ])
    def test_unknown_negated_or_multiple_instruction_remains_unavailable(instruction):
        with pytest.raises(ValueError, match="instruction"):
>           validate(instruction)

tests/test_online_visual_intent.py:39: 
_ _ _ _ _ _ _ _ _ _ _ _ _ _ _ _ _ _ _ _ _ _ _ _ _ _ _ _ _ _ _ _ _ _ _ _ _ _ _ _ 
tests/test_online_visual_intent.py:9: in validate
    api = importlib.import_module("cloud_edge_robot_arm.vision.online_intent")
          ^^^^^^^^^^^^^^^^^^^^^^^^^^^^^^^^^^^^^^^^^^^^^^^^^^^^^^^^^^^^^^^^^^^^
/usr/lib/python3.12/importlib/__init__.py:90: in import_module
    return _bootstrap._gcd_import(name[level:], package, level)
           ^^^^^^^^^^^^^^^^^^^^^^^^^^^^^^^^^^^^^^^^^^^^^^^^^^^^
<frozen importlib._bootstrap>:1387: in _gcd_import
    ???
<frozen importlib._bootstrap>:1360: in _find_and_load
    ???
_ _ _ _ _ _ _ _ _ _ _ _ _ _ _ _ _ _ _ _ _ _ _ _ _ _ _ _ _ _ _ _ _ _ _ _ _ _ _ _ 

name = 'cloud_edge_robot_arm.vision.online_intent'
import_ = <function _gcd_import at 0x74e1da8cc0e0>

>   ???
E   ModuleNotFoundError: No module named 'cloud_edge_robot_arm.vision.online_intent'

<frozen importlib._bootstrap>:1324: ModuleNotFoundError
_ test_unknown_negated_or_multiple_instruction_remains_unavailable[move something] _

instruction = 'move something'

    @pytest.mark.parametrize("instruction", [
        "Do not Move the red block to the green region.",
        "Move the red block to the green region. Move another one.",
        "Move the red block to the blue region.",
        "move something",
    ])
    def test_unknown_negated_or_multiple_instruction_remains_unavailable(instruction):
        with pytest.raises(ValueError, match="instruction"):
>           validate(instruction)

tests/test_online_visual_intent.py:39: 
_ _ _ _ _ _ _ _ _ _ _ _ _ _ _ _ _ _ _ _ _ _ _ _ _ _ _ _ _ _ _ _ _ _ _ _ _ _ _ _ 
tests/test_online_visual_intent.py:9: in validate
    api = importlib.import_module("cloud_edge_robot_arm.vision.online_intent")
          ^^^^^^^^^^^^^^^^^^^^^^^^^^^^^^^^^^^^^^^^^^^^^^^^^^^^^^^^^^^^^^^^^^^^
/usr/lib/python3.12/importlib/__init__.py:90: in import_module
    return _bootstrap._gcd_import(name[level:], package, level)
           ^^^^^^^^^^^^^^^^^^^^^^^^^^^^^^^^^^^^^^^^^^^^^^^^^^^^
<frozen importlib._bootstrap>:1387: in _gcd_import
    ???
<frozen importlib._bootstrap>:1360: in _find_and_load
    ???
_ _ _ _ _ _ _ _ _ _ _ _ _ _ _ _ _ _ _ _ _ _ _ _ _ _ _ _ _ _ _ _ _ _ _ _ _ _ _ _ 

name = 'cloud_edge_robot_arm.vision.online_intent'
import_ = <function _gcd_import at 0x74e1da8cc0e0>

>   ???
E   ModuleNotFoundError: No module named 'cloud_edge_robot_arm.vision.online_intent'

<frozen importlib._bootstrap>:1324: ModuleNotFoundError
_____________ test_red_target_green_destination_cannot_be_swapped ______________

    def test_red_target_green_destination_cannot_be_swapped():
        with pytest.raises(ValueError, match="destination"):
>           validate("Move the red block to the green region.", region=(.9, .05, .05))

tests/test_online_visual_intent.py:44: 
_ _ _ _ _ _ _ _ _ _ _ _ _ _ _ _ _ _ _ _ _ _ _ _ _ _ _ _ _ _ _ _ _ _ _ _ _ _ _ _ 
tests/test_online_visual_intent.py:9: in validate
    api = importlib.import_module("cloud_edge_robot_arm.vision.online_intent")
          ^^^^^^^^^^^^^^^^^^^^^^^^^^^^^^^^^^^^^^^^^^^^^^^^^^^^^^^^^^^^^^^^^^^^
/usr/lib/python3.12/importlib/__init__.py:90: in import_module
    return _bootstrap._gcd_import(name[level:], package, level)
           ^^^^^^^^^^^^^^^^^^^^^^^^^^^^^^^^^^^^^^^^^^^^^^^^^^^^
<frozen importlib._bootstrap>:1387: in _gcd_import
    ???
<frozen importlib._bootstrap>:1360: in _find_and_load
    ???
_ _ _ _ _ _ _ _ _ _ _ _ _ _ _ _ _ _ _ _ _ _ _ _ _ _ _ _ _ _ _ _ _ _ _ _ _ _ _ _ 

name = 'cloud_edge_robot_arm.vision.online_intent'
import_ = <function _gcd_import at 0x74e1da8cc0e0>

>   ???
E   ModuleNotFoundError: No module named 'cloud_edge_robot_arm.vision.online_intent'

<frozen importlib._bootstrap>:1324: ModuleNotFoundError
=========================== short test summary info ============================
FAILED tests/test_online_visual_intent.py::test_supported_instruction_is_bound_to_observed_color[Move the red block to the green region.]
FAILED tests/test_online_visual_intent.py::test_supported_instruction_is_bound_to_observed_color[\u5c06\u7ea2\u8272\u65b9\u5757\u653e\u5230\u7eff\u8272\u533a\u57df]
FAILED tests/test_online_visual_intent.py::test_supported_instruction_is_bound_to_observed_color[pick the red cube and place it in the green target region]
FAILED tests/test_online_visual_intent.py::test_planner_grounded_red_pixel_cannot_replace_requested_missing_target[Move the blue block to the green region.]
FAILED tests/test_online_visual_intent.py::test_planner_grounded_red_pixel_cannot_replace_requested_missing_target[Move the yellow block to the green region.]
FAILED tests/test_online_visual_intent.py::test_unknown_negated_or_multiple_instruction_remains_unavailable[Do not Move the red block to the green region.]
FAILED tests/test_online_visual_intent.py::test_unknown_negated_or_multiple_instruction_remains_unavailable[Move the red block to the green region. Move another one.]
FAILED tests/test_online_visual_intent.py::test_unknown_negated_or_multiple_instruction_remains_unavailable[Move the red block to the blue region.]
FAILED tests/test_online_visual_intent.py::test_unknown_negated_or_multiple_instruction_remains_unavailable[move something]
FAILED tests/test_online_visual_intent.py::test_red_target_green_destination_cannot_be_swapped
10 failed in 0.08s
