src/cloud_edge_robot_arm/research/native_reset_capture_v2.py:18: error: Returning Any from function declared to return "dict[str, Any]"  [no-any-return]
src/cloud_edge_robot_arm/research/native_reset_capture_v2.py:28: error: Returning Any from function declared to return "dict[str, Any]"  [no-any-return]
src/cloud_edge_robot_arm/research/native_clock_publication_v2.py:171: error: Returning Any from function declared to return "dict[str, Any]"  [no-any-return]
src/cloud_edge_robot_arm/research/native_clock_publication_v2.py:199: error: "NativeClockPrefixApplicationV2" has no attribute "repository"  [attr-defined]
src/cloud_edge_robot_arm/research/native_clock_publication_v2.py:200: error: "NativeClockPrefixApplicationV2" has no attribute "worker"  [attr-defined]
src/cloud_edge_robot_arm/research/native_clock_publication_v2.py:223: error: "NativeClockPrefixApplicationV2" has no attribute "output"  [attr-defined]
src/cloud_edge_robot_arm/research/native_clock_publication_v2.py:224: error: "NativeClockPrefixApplicationV2" has no attribute "config_path"  [attr-defined]
src/cloud_edge_robot_arm/research/native_clock_publication_v2.py:225: error: "NativeClockPrefixApplicationV2" has no attribute "repository"  [attr-defined]
src/cloud_edge_robot_arm/research/native_clock_publication_v2.py:225: error: "NativeClockPrefixApplicationV2" has no attribute "output"  [attr-defined]
src/cloud_edge_robot_arm/research/native_clock_publication_v2.py:226: error: "NativeClockPrefixApplicationV2" has no attribute "worker"  [attr-defined]
src/cloud_edge_robot_arm/research/native_clock_publication_v2.py:229: error: "NativeClockPrefixApplicationV2" has no attribute "repository"  [attr-defined]
src/cloud_edge_robot_arm/research/native_clock_publication_v2.py:230: error: "NativeClockPrefixApplicationV2" has no attribute "output"  [attr-defined]
src/cloud_edge_robot_arm/research/native_clock_publication_v2.py:233: error: "NativeClockPrefixApplicationV2" has no attribute "repository"  [attr-defined]
src/cloud_edge_robot_arm/research/native_clock_publication_v2.py:233: error: "NativeClockPrefixApplicationV2" has no attribute "worker"  [attr-defined]
src/cloud_edge_robot_arm/research/native_clock_publication_v2.py:233: error: "NativeClockPrefixApplicationV2" has no attribute "output"  [attr-defined]
src/cloud_edge_robot_arm/research/native_clock_publication_v2.py:234: error: "NativeClockPrefixApplicationV2" has no attribute "clock_source"  [attr-defined]
src/cloud_edge_robot_arm/research/native_clock_publication_v2.py:235: error: "NativeClockPrefixApplicationV2" has no attribute "worker"  [attr-defined]
src/cloud_edge_robot_arm/research/native_clock_publication_v2.py:240: error: Returning Any from function declared to return "dict[str, Any]"  [no-any-return]
src/cloud_edge_robot_arm/research/native_clock_publication_v2.py:244: error: Returning Any from function declared to return "list[dict[str, Any]]"  [no-any-return]
src/cloud_edge_robot_arm/research/native_clock_publication_v2.py:261: error: "NativeClockPrefixApplicationV2" has no attribute "repository"  [attr-defined]
src/cloud_edge_robot_arm/research/native_clock_publication_v2.py:285: error: "NativeClockPrefixApplicationV2" has no attribute "repository"  [attr-defined]
src/cloud_edge_robot_arm/research/native_clock_publication_v2.py:293: error: "NativeClockPrefixApplicationV2" has no attribute "repository"  [attr-defined]
src/cloud_edge_robot_arm/research/native_clock_publication_v2.py:300: error: "NativeClockPrefixApplicationV2" has no attribute "worker"  [attr-defined]
src/cloud_edge_robot_arm/research/native_clock_publication_v2.py:307: error: "NativeClockPrefixApplicationV2" has no attribute "config_path"  [attr-defined]
src/cloud_edge_robot_arm/research/native_clock_publication_v2.py:308: error: "NativeClockPrefixApplicationV2" has no attribute "config_path"  [attr-defined]
src/cloud_edge_robot_arm/research/native_clock_publication_v2.py:317: error: "NativeClockPrefixApplicationV2" has no attribute "clock_source"  [attr-defined]
src/cloud_edge_robot_arm/research/native_clock_publication_v2.py:318: error: "NativeClockPrefixApplicationV2" has no attribute "clock_source"  [attr-defined]
src/cloud_edge_robot_arm/research/native_clock_publication_v2.py:321: error: "NativeClockPrefixApplicationV2" has no attribute "clock_source"  [attr-defined]
src/cloud_edge_robot_arm/research/native_clock_publication_v2.py:344: error: "NativeClockPrefixApplicationV2" has no attribute "repository"  [attr-defined]
src/cloud_edge_robot_arm/research/native_clock_publication_v2.py:348: error: "NativeClockPrefixApplicationV2" has no attribute "worker"  [attr-defined]
src/cloud_edge_robot_arm/research/native_clock_publication_v2.py:349: error: "NativeClockPrefixApplicationV2" has no attribute "worker"  [attr-defined]
src/cloud_edge_robot_arm/research/native_clock_publication_v2.py:353: error: "NativeClockPrefixApplicationV2" has no attribute "repository"  [attr-defined]
src/cloud_edge_robot_arm/research/native_clock_publication_v2.py:356: error: "NativeClockPrefixApplicationV2" has no attribute "worker"  [attr-defined]
src/cloud_edge_robot_arm/research/native_clock_publication_v2.py:390: error: "RuntimeSkillRobot" has no attribute "_backend"  [attr-defined]
src/cloud_edge_robot_arm/research/native_clock_publication_v2.py:411: error: Returning Any from function declared to return "dict[str, Any]"  [no-any-return]
src/cloud_edge_robot_arm/research/native_clock_publication_v2.py:437: error: Returning Any from function declared to return "ApplicationClockSourceV2"  [no-any-return]
src/cloud_edge_robot_arm/research/native_clock_publication_v2.py:764: error: "NativeClockPrefixApplicationV2" has no attribute "clock_source"  [attr-defined]
src/cloud_edge_robot_arm/research/native_clock_publication_v2.py:805: error: "NativeClockPrefixApplicationV2" has no attribute "output"  [attr-defined]
src/cloud_edge_robot_arm/research/native_clock_publication_v2.py:814: error: Returning Any from function declared to return "dict[str, Any]"  [no-any-return]
src/cloud_edge_robot_arm/research/native_clock_publication_v2.py:859: error: "NativeClockPrefixApplicationV2" has no attribute "clock_source"  [attr-defined]
src/cloud_edge_robot_arm/research/native_clock_publication_v2.py:873: error: "NativeClockPrefixApplicationV2" has no attribute "clock_source"  [attr-defined]
src/cloud_edge_robot_arm/research/native_clock_publication_v2.py:893: error: "NativeClockPrefixApplicationV2" has no attribute "clock_source"  [attr-defined]
pyproject.toml: note: unused section(s): module = ['ament_index_python.*', 'rclpy.*']
Found 42 errors in 2 files (checked 2 source files)
