FFFFF                                                                    [100%]
=================================== FAILURES ===================================
_ test_one_observer_exact_clock_tee_and_old_begin_new_end_keep_raw_sequence[None] _

tmp_path = PosixPath('/tmp/pytest-of-ningyd/pytest-1234/test_one_observer_exact_clock_0')
old = None

    @pytest.mark.parametrize("old", [None, "software-old"])
    def test_one_observer_exact_clock_tee_and_old_begin_new_end_keep_raw_sequence(tmp_path, old):
>       rec, backend = recorder(tmp_path)
                       ^^^^^^^^^^^^^^^^^^

tests/test_native_reset_capture_v2.py:60: 
_ _ _ _ _ _ _ _ _ _ _ _ _ _ _ _ _ _ _ _ _ _ _ _ _ _ _ _ _ _ _ _ _ _ _ _ _ _ _ _ 
tests/test_native_reset_capture_v2.py:23: in recorder
    result = api().VisualResetClockRecorderV2(
             ^^^^^
_ _ _ _ _ _ _ _ _ _ _ _ _ _ _ _ _ _ _ _ _ _ _ _ _ _ _ _ _ _ _ _ _ _ _ _ _ _ _ _ 

    def api():
        name = "cloud_edge_robot_arm.research.native_reset_capture_v2"
>       assert util.find_spec(name), "source-only RESET tee is missing"
E       AssertionError: source-only RESET tee is missing
E       assert None
E        +  where None = <function find_spec at 0x7fd0f1b9f920>('cloud_edge_robot_arm.research.native_reset_capture_v2')
E        +    where <function find_spec at 0x7fd0f1b9f920> = util.find_spec

tests/test_native_reset_capture_v2.py:17: AssertionError
_ test_one_observer_exact_clock_tee_and_old_begin_new_end_keep_raw_sequence[software-old] _

tmp_path = PosixPath('/tmp/pytest-of-ningyd/pytest-1234/test_one_observer_exact_clock_1')
old = 'software-old'

    @pytest.mark.parametrize("old", [None, "software-old"])
    def test_one_observer_exact_clock_tee_and_old_begin_new_end_keep_raw_sequence(tmp_path, old):
>       rec, backend = recorder(tmp_path)
                       ^^^^^^^^^^^^^^^^^^

tests/test_native_reset_capture_v2.py:60: 
_ _ _ _ _ _ _ _ _ _ _ _ _ _ _ _ _ _ _ _ _ _ _ _ _ _ _ _ _ _ _ _ _ _ _ _ _ _ _ _ 
tests/test_native_reset_capture_v2.py:23: in recorder
    result = api().VisualResetClockRecorderV2(
             ^^^^^
_ _ _ _ _ _ _ _ _ _ _ _ _ _ _ _ _ _ _ _ _ _ _ _ _ _ _ _ _ _ _ _ _ _ _ _ _ _ _ _ 

    def api():
        name = "cloud_edge_robot_arm.research.native_reset_capture_v2"
>       assert util.find_spec(name), "source-only RESET tee is missing"
E       AssertionError: source-only RESET tee is missing
E       assert None
E        +  where None = <function find_spec at 0x7fd0f1b9f920>('cloud_edge_robot_arm.research.native_reset_capture_v2')
E        +    where <function find_spec at 0x7fd0f1b9f920> = util.find_spec

tests/test_native_reset_capture_v2.py:17: AssertionError
___ test_snapshot_detaches_aliases_and_retains_failed_reset_and_late_events ____

tmp_path = PosixPath('/tmp/pytest-of-ningyd/pytest-1234/test_snapshot_detaches_aliases0')

    def test_snapshot_detaches_aliases_and_retains_failed_reset_and_late_events(tmp_path):
>       rec, backend = recorder(tmp_path)
                       ^^^^^^^^^^^^^^^^^^

tests/test_native_reset_capture_v2.py:83: 
_ _ _ _ _ _ _ _ _ _ _ _ _ _ _ _ _ _ _ _ _ _ _ _ _ _ _ _ _ _ _ _ _ _ _ _ _ _ _ _ 
tests/test_native_reset_capture_v2.py:23: in recorder
    result = api().VisualResetClockRecorderV2(
             ^^^^^
_ _ _ _ _ _ _ _ _ _ _ _ _ _ _ _ _ _ _ _ _ _ _ _ _ _ _ _ _ _ _ _ _ _ _ _ _ _ _ _ 

    def api():
        name = "cloud_edge_robot_arm.research.native_reset_capture_v2"
>       assert util.find_spec(name), "source-only RESET tee is missing"
E       AssertionError: source-only RESET tee is missing
E       assert None
E        +  where None = <function find_spec at 0x7fd0f1b9f920>('cloud_edge_robot_arm.research.native_reset_capture_v2')
E        +    where <function find_spec at 0x7fd0f1b9f920> = util.find_spec

tests/test_native_reset_capture_v2.py:17: AssertionError
_ test_cached_capture_denominator_and_failed_frame_are_exported_without_bound_owner _

tmp_path = PosixPath('/tmp/pytest-of-ningyd/pytest-1234/test_cached_capture_denominato0')

    def test_cached_capture_denominator_and_failed_frame_are_exported_without_bound_owner(tmp_path):
>       rec, backend = recorder(tmp_path)
                       ^^^^^^^^^^^^^^^^^^

tests/test_native_reset_capture_v2.py:103: 
_ _ _ _ _ _ _ _ _ _ _ _ _ _ _ _ _ _ _ _ _ _ _ _ _ _ _ _ _ _ _ _ _ _ _ _ _ _ _ _ 
tests/test_native_reset_capture_v2.py:23: in recorder
    result = api().VisualResetClockRecorderV2(
             ^^^^^
_ _ _ _ _ _ _ _ _ _ _ _ _ _ _ _ _ _ _ _ _ _ _ _ _ _ _ _ _ _ _ _ _ _ _ _ _ _ _ _ 

    def api():
        name = "cloud_edge_robot_arm.research.native_reset_capture_v2"
>       assert util.find_spec(name), "source-only RESET tee is missing"
E       AssertionError: source-only RESET tee is missing
E       assert None
E        +  where None = <function find_spec at 0x7fd0f1b9f920>('cloud_edge_robot_arm.research.native_reset_capture_v2')
E        +    where <function find_spec at 0x7fd0f1b9f920> = util.find_spec

tests/test_native_reset_capture_v2.py:17: AssertionError
_____ test_upcoming_control_n_is_retained_with_physics_n_not_previous_step _____

tmp_path = PosixPath('/tmp/pytest-of-ningyd/pytest-1234/test_upcoming_control_n_is_ret0')

    def test_upcoming_control_n_is_retained_with_physics_n_not_previous_step(tmp_path):
>       rec, backend = recorder(tmp_path)
                       ^^^^^^^^^^^^^^^^^^

tests/test_native_reset_capture_v2.py:124: 
_ _ _ _ _ _ _ _ _ _ _ _ _ _ _ _ _ _ _ _ _ _ _ _ _ _ _ _ _ _ _ _ _ _ _ _ _ _ _ _ 
tests/test_native_reset_capture_v2.py:23: in recorder
    result = api().VisualResetClockRecorderV2(
             ^^^^^
_ _ _ _ _ _ _ _ _ _ _ _ _ _ _ _ _ _ _ _ _ _ _ _ _ _ _ _ _ _ _ _ _ _ _ _ _ _ _ _ 

    def api():
        name = "cloud_edge_robot_arm.research.native_reset_capture_v2"
>       assert util.find_spec(name), "source-only RESET tee is missing"
E       AssertionError: source-only RESET tee is missing
E       assert None
E        +  where None = <function find_spec at 0x7fd0f1b9f920>('cloud_edge_robot_arm.research.native_reset_capture_v2')
E        +    where <function find_spec at 0x7fd0f1b9f920> = util.find_spec

tests/test_native_reset_capture_v2.py:17: AssertionError
=========================== short test summary info ============================
FAILED tests/test_native_reset_capture_v2.py::test_one_observer_exact_clock_tee_and_old_begin_new_end_keep_raw_sequence[None]
FAILED tests/test_native_reset_capture_v2.py::test_one_observer_exact_clock_tee_and_old_begin_new_end_keep_raw_sequence[software-old]
FAILED tests/test_native_reset_capture_v2.py::test_snapshot_detaches_aliases_and_retains_failed_reset_and_late_events
FAILED tests/test_native_reset_capture_v2.py::test_cached_capture_denominator_and_failed_frame_are_exported_without_bound_owner
FAILED tests/test_native_reset_capture_v2.py::test_upcoming_control_n_is_retained_with_physics_n_not_previous_step
5 failed in 0.62s
