FFFFFF                                                                   [100%]
=================================== FAILURES ===================================
_ test_startup_factory_has_no_job_effect_and_current_real_lease_seals_capture __

tmp_path = PosixPath('/tmp/pytest-of-ningyd/pytest-1240/test_startup_factory_has_no_jo0')

    def test_startup_factory_has_no_job_effect_and_current_real_lease_seals_capture(tmp_path):
>       app = application(tmp_path)
              ^^^^^^^^^^^^^^^^^^^^^

tests/test_native_clock_publication_v2.py:62: 
_ _ _ _ _ _ _ _ _ _ _ _ _ _ _ _ _ _ _ _ _ _ _ _ _ _ _ _ _ _ _ _ _ _ _ _ _ _ _ _ 
tests/test_native_clock_publication_v2.py:25: in application
    module = api()
             ^^^^^
_ _ _ _ _ _ _ _ _ _ _ _ _ _ _ _ _ _ _ _ _ _ _ _ _ _ _ _ _ _ _ _ _ _ _ _ _ _ _ _ 

    def api():
        name = "cloud_edge_robot_arm.research.native_clock_publication_v2"
>       assert util.find_spec(name), "startup-owned prefix publisher is missing"
E       AssertionError: startup-owned prefix publisher is missing
E       assert None
E        +  where None = <function find_spec at 0x7352c969f920>('cloud_edge_robot_arm.research.native_clock_publication_v2')
E        +    where <function find_spec at 0x7352c969f920> = util.find_spec

tests/test_native_clock_publication_v2.py:20: AssertionError
__ test_public_copies_cannot_substitute_live_application_objects[copied_app] ___

tmp_path = PosixPath('/tmp/pytest-of-ningyd/pytest-1240/test_public_copies_cannot_subs0')
replacement = 'copied_app'

    @pytest.mark.parametrize("replacement", ["copied_app", "foreign_worker", "foreign_repository"])
    def test_public_copies_cannot_substitute_live_application_objects(tmp_path, replacement):
>       app = application(tmp_path)
              ^^^^^^^^^^^^^^^^^^^^^

tests/test_native_clock_publication_v2.py:78: 
_ _ _ _ _ _ _ _ _ _ _ _ _ _ _ _ _ _ _ _ _ _ _ _ _ _ _ _ _ _ _ _ _ _ _ _ _ _ _ _ 
tests/test_native_clock_publication_v2.py:25: in application
    module = api()
             ^^^^^
_ _ _ _ _ _ _ _ _ _ _ _ _ _ _ _ _ _ _ _ _ _ _ _ _ _ _ _ _ _ _ _ _ _ _ _ _ _ _ _ 

    def api():
        name = "cloud_edge_robot_arm.research.native_clock_publication_v2"
>       assert util.find_spec(name), "startup-owned prefix publisher is missing"
E       AssertionError: startup-owned prefix publisher is missing
E       assert None
E        +  where None = <function find_spec at 0x7352c969f920>('cloud_edge_robot_arm.research.native_clock_publication_v2')
E        +    where <function find_spec at 0x7352c969f920> = util.find_spec

tests/test_native_clock_publication_v2.py:20: AssertionError
_ test_public_copies_cannot_substitute_live_application_objects[foreign_worker] _

tmp_path = PosixPath('/tmp/pytest-of-ningyd/pytest-1240/test_public_copies_cannot_subs1')
replacement = 'foreign_worker'

    @pytest.mark.parametrize("replacement", ["copied_app", "foreign_worker", "foreign_repository"])
    def test_public_copies_cannot_substitute_live_application_objects(tmp_path, replacement):
>       app = application(tmp_path)
              ^^^^^^^^^^^^^^^^^^^^^

tests/test_native_clock_publication_v2.py:78: 
_ _ _ _ _ _ _ _ _ _ _ _ _ _ _ _ _ _ _ _ _ _ _ _ _ _ _ _ _ _ _ _ _ _ _ _ _ _ _ _ 
tests/test_native_clock_publication_v2.py:25: in application
    module = api()
             ^^^^^
_ _ _ _ _ _ _ _ _ _ _ _ _ _ _ _ _ _ _ _ _ _ _ _ _ _ _ _ _ _ _ _ _ _ _ _ _ _ _ _ 

    def api():
        name = "cloud_edge_robot_arm.research.native_clock_publication_v2"
>       assert util.find_spec(name), "startup-owned prefix publisher is missing"
E       AssertionError: startup-owned prefix publisher is missing
E       assert None
E        +  where None = <function find_spec at 0x7352c969f920>('cloud_edge_robot_arm.research.native_clock_publication_v2')
E        +    where <function find_spec at 0x7352c969f920> = util.find_spec

tests/test_native_clock_publication_v2.py:20: AssertionError
_ test_public_copies_cannot_substitute_live_application_objects[foreign_repository] _

tmp_path = PosixPath('/tmp/pytest-of-ningyd/pytest-1240/test_public_copies_cannot_subs2')
replacement = 'foreign_repository'

    @pytest.mark.parametrize("replacement", ["copied_app", "foreign_worker", "foreign_repository"])
    def test_public_copies_cannot_substitute_live_application_objects(tmp_path, replacement):
>       app = application(tmp_path)
              ^^^^^^^^^^^^^^^^^^^^^

tests/test_native_clock_publication_v2.py:78: 
_ _ _ _ _ _ _ _ _ _ _ _ _ _ _ _ _ _ _ _ _ _ _ _ _ _ _ _ _ _ _ _ _ _ _ _ _ _ _ _ 
tests/test_native_clock_publication_v2.py:25: in application
    module = api()
             ^^^^^
_ _ _ _ _ _ _ _ _ _ _ _ _ _ _ _ _ _ _ _ _ _ _ _ _ _ _ _ _ _ _ _ _ _ _ _ _ _ _ _ 

    def api():
        name = "cloud_edge_robot_arm.research.native_clock_publication_v2"
>       assert util.find_spec(name), "startup-owned prefix publisher is missing"
E       AssertionError: startup-owned prefix publisher is missing
E       assert None
E        +  where None = <function find_spec at 0x7352c969f920>('cloud_edge_robot_arm.research.native_clock_publication_v2')
E        +    where <function find_spec at 0x7352c969f920> = util.find_spec

tests/test_native_clock_publication_v2.py:20: AssertionError
_ test_source_only_registry_rejects_expired_lease_and_changed_original_policy __

tmp_path = PosixPath('/tmp/pytest-of-ningyd/pytest-1240/test_source_only_registry_reje0')

    def test_source_only_registry_rejects_expired_lease_and_changed_original_policy(tmp_path):
>       app = application(tmp_path)
              ^^^^^^^^^^^^^^^^^^^^^

tests/test_native_clock_publication_v2.py:94: 
_ _ _ _ _ _ _ _ _ _ _ _ _ _ _ _ _ _ _ _ _ _ _ _ _ _ _ _ _ _ _ _ _ _ _ _ _ _ _ _ 
tests/test_native_clock_publication_v2.py:25: in application
    module = api()
             ^^^^^
_ _ _ _ _ _ _ _ _ _ _ _ _ _ _ _ _ _ _ _ _ _ _ _ _ _ _ _ _ _ _ _ _ _ _ _ _ _ _ _ 

    def api():
        name = "cloud_edge_robot_arm.research.native_clock_publication_v2"
>       assert util.find_spec(name), "startup-owned prefix publisher is missing"
E       AssertionError: startup-owned prefix publisher is missing
E       assert None
E        +  where None = <function find_spec at 0x7352c969f920>('cloud_edge_robot_arm.research.native_clock_publication_v2')
E        +    where <function find_spec at 0x7352c969f920> = util.find_spec

tests/test_native_clock_publication_v2.py:20: AssertionError
_ test_unbound_failed_prefix_publishes_complete_original_inventory_without_utc _

tmp_path = PosixPath('/tmp/pytest-of-ningyd/pytest-1240/test_unbound_failed_prefix_pub0')

    def test_unbound_failed_prefix_publishes_complete_original_inventory_without_utc(tmp_path):
>       app = application(tmp_path)
              ^^^^^^^^^^^^^^^^^^^^^

tests/test_native_clock_publication_v2.py:107: 
_ _ _ _ _ _ _ _ _ _ _ _ _ _ _ _ _ _ _ _ _ _ _ _ _ _ _ _ _ _ _ _ _ _ _ _ _ _ _ _ 
tests/test_native_clock_publication_v2.py:25: in application
    module = api()
             ^^^^^
_ _ _ _ _ _ _ _ _ _ _ _ _ _ _ _ _ _ _ _ _ _ _ _ _ _ _ _ _ _ _ _ _ _ _ _ _ _ _ _ 

    def api():
        name = "cloud_edge_robot_arm.research.native_clock_publication_v2"
>       assert util.find_spec(name), "startup-owned prefix publisher is missing"
E       AssertionError: startup-owned prefix publisher is missing
E       assert None
E        +  where None = <function find_spec at 0x7352c969f920>('cloud_edge_robot_arm.research.native_clock_publication_v2')
E        +    where <function find_spec at 0x7352c969f920> = util.find_spec

tests/test_native_clock_publication_v2.py:20: AssertionError
=========================== short test summary info ============================
FAILED tests/test_native_clock_publication_v2.py::test_startup_factory_has_no_job_effect_and_current_real_lease_seals_capture
FAILED tests/test_native_clock_publication_v2.py::test_public_copies_cannot_substitute_live_application_objects[copied_app]
FAILED tests/test_native_clock_publication_v2.py::test_public_copies_cannot_substitute_live_application_objects[foreign_worker]
FAILED tests/test_native_clock_publication_v2.py::test_public_copies_cannot_substitute_live_application_objects[foreign_repository]
FAILED tests/test_native_clock_publication_v2.py::test_source_only_registry_rejects_expired_lease_and_changed_original_policy
FAILED tests/test_native_clock_publication_v2.py::test_unbound_failed_prefix_publishes_complete_original_inventory_without_utc
6 failed in 0.41s
