FFFFF                                                                    [100%]
=================================== FAILURES ===================================
____________ test_registered_prefix_branch_precedes_planner_factory ____________

tmp_path = PosixPath('/tmp/pytest-of-ningyd/pytest-1242/test_registered_prefix_branch_0')
monkeypatch = <_pytest.monkeypatch.MonkeyPatch object at 0x7be06c6d6210>

    def test_registered_prefix_branch_precedes_planner_factory(tmp_path, monkeypatch):
        app = application(tmp_path)
        job, _, start = activate(app)
        called = []
        def no_planner():
            pytest.fail("planner constructed before native source-only prefix")
        app.worker.planner_factory = no_planner
        def coordinator(application, worker, current, *, start_monotonic):
            called.append((application, worker, current.job_id, start_monotonic))
            return {"evaluation_scope": "NATIVE_RESET_PREFIX_EXCLUDED", "prefix_complete": False}, [], []
        monkeypatch.setattr(publication(), "run_native_reset_clock_prefix_v2", coordinator, raising=False)
>       result, events, metrics = app.worker._run_visual_closed_loop(job, None, start_monotonic=start)
                                  ^^^^^^^^^^^^^^^^^^^^^^^^^^^^^^^^^^^^^^^^^^^^^^^^^^^^^^^^^^^^^^^^^^^^

tests/test_native_clock_prefix_worker_v2.py:34: 
_ _ _ _ _ _ _ _ _ _ _ _ _ _ _ _ _ _ _ _ _ _ _ _ _ _ _ _ _ _ _ _ _ _ _ _ _ _ _ _ 
src/cloud_edge_robot_arm/simulation_runtime/worker.py:691: in _run_visual_closed_loop
    planner = self.planner_factory()
              ^^^^^^^^^^^^^^^^^^^^^^
_ _ _ _ _ _ _ _ _ _ _ _ _ _ _ _ _ _ _ _ _ _ _ _ _ _ _ _ _ _ _ _ _ _ _ _ _ _ _ _ 

    def no_planner():
>       pytest.fail("planner constructed before native source-only prefix")
E       Failed: planner constructed before native source-only prefix

tests/test_native_clock_prefix_worker_v2.py:28: Failed
___ test_real_poll_lease_attempt_prefix_120_settle_cached_capture_no_planner ___

tmp_path = PosixPath('/tmp/pytest-of-ningyd/pytest-1242/test_real_poll_lease_attempt_p0')
monkeypatch = <_pytest.monkeypatch.MonkeyPatch object at 0x7be06c322240>

    def test_real_poll_lease_attempt_prefix_120_settle_cached_capture_no_planner(tmp_path, monkeypatch):
        app = application(tmp_path)
        calls, _ = software_components(monkeypatch, app)
        app.worker.planner_factory = lambda: pytest.fail("model/planner construction forbidden")
>       receipt = app.execute_once()
                  ^^^^^^^^^^^^^^^^^^

tests/test_native_clock_prefix_worker_v2.py:86: 
_ _ _ _ _ _ _ _ _ _ _ _ _ _ _ _ _ _ _ _ _ _ _ _ _ _ _ _ _ _ _ _ _ _ _ _ _ _ _ _ 
src/cloud_edge_robot_arm/research/native_clock_publication_v2.py:184: in execute_once
    return self.catalog_entry()
           ^^^^^^^^^^^^^^^^^^^^
_ _ _ _ _ _ _ _ _ _ _ _ _ _ _ _ _ _ _ _ _ _ _ _ _ _ _ _ _ _ _ _ _ _ _ _ _ _ _ _ 

self = <cloud_edge_robot_arm.research.native_clock_publication_v2.NativeClockPrefixApplicationV2 object at 0x7be06c322a50>

    def catalog_entry(self) -> dict[str, Any]:
        value = _live(self).catalog_json
        if value is None:
>           raise RuntimeError("no live source-only publication")
E           RuntimeError: no live source-only publication

src/cloud_edge_robot_arm/research/native_clock_publication_v2.py:235: RuntimeError
__ test_failed_real_worker_prefix_keeps_all_originals_and_marks_failed[reset] __

tmp_path = PosixPath('/tmp/pytest-of-ningyd/pytest-1242/test_failed_real_worker_prefix0')
monkeypatch = <_pytest.monkeypatch.MonkeyPatch object at 0x7be06c3faae0>
failure = 'reset'

    @pytest.mark.parametrize("failure", ["reset", "settle"])
    def test_failed_real_worker_prefix_keeps_all_originals_and_marks_failed(tmp_path, monkeypatch, failure):
        app = application(tmp_path)
        software_components(monkeypatch, app, reset_failure=failure=="reset", settle_failure=failure=="settle")
>       receipt = app.execute_once()
                  ^^^^^^^^^^^^^^^^^^

tests/test_native_clock_prefix_worker_v2.py:108: 
_ _ _ _ _ _ _ _ _ _ _ _ _ _ _ _ _ _ _ _ _ _ _ _ _ _ _ _ _ _ _ _ _ _ _ _ _ _ _ _ 
src/cloud_edge_robot_arm/research/native_clock_publication_v2.py:184: in execute_once
    return self.catalog_entry()
           ^^^^^^^^^^^^^^^^^^^^
_ _ _ _ _ _ _ _ _ _ _ _ _ _ _ _ _ _ _ _ _ _ _ _ _ _ _ _ _ _ _ _ _ _ _ _ _ _ _ _ 

self = <cloud_edge_robot_arm.research.native_clock_publication_v2.NativeClockPrefixApplicationV2 object at 0x7be06c3fa7b0>

    def catalog_entry(self) -> dict[str, Any]:
        value = _live(self).catalog_json
        if value is None:
>           raise RuntimeError("no live source-only publication")
E           RuntimeError: no live source-only publication

src/cloud_edge_robot_arm/research/native_clock_publication_v2.py:235: RuntimeError
_ test_failed_real_worker_prefix_keeps_all_originals_and_marks_failed[settle] __

tmp_path = PosixPath('/tmp/pytest-of-ningyd/pytest-1242/test_failed_real_worker_prefix1')
monkeypatch = <_pytest.monkeypatch.MonkeyPatch object at 0x7be06c3aaa80>
failure = 'settle'

    @pytest.mark.parametrize("failure", ["reset", "settle"])
    def test_failed_real_worker_prefix_keeps_all_originals_and_marks_failed(tmp_path, monkeypatch, failure):
        app = application(tmp_path)
        software_components(monkeypatch, app, reset_failure=failure=="reset", settle_failure=failure=="settle")
>       receipt = app.execute_once()
                  ^^^^^^^^^^^^^^^^^^

tests/test_native_clock_prefix_worker_v2.py:108: 
_ _ _ _ _ _ _ _ _ _ _ _ _ _ _ _ _ _ _ _ _ _ _ _ _ _ _ _ _ _ _ _ _ _ _ _ _ _ _ _ 
src/cloud_edge_robot_arm/research/native_clock_publication_v2.py:184: in execute_once
    return self.catalog_entry()
           ^^^^^^^^^^^^^^^^^^^^
_ _ _ _ _ _ _ _ _ _ _ _ _ _ _ _ _ _ _ _ _ _ _ _ _ _ _ _ _ _ _ _ _ _ _ _ _ _ _ _ 

self = <cloud_edge_robot_arm.research.native_clock_publication_v2.NativeClockPrefixApplicationV2 object at 0x7be06c3ab890>

    def catalog_entry(self) -> dict[str, Any]:
        value = _live(self).catalog_json
        if value is None:
>           raise RuntimeError("no live source-only publication")
E           RuntimeError: no live source-only publication

src/cloud_edge_robot_arm/research/native_clock_publication_v2.py:235: RuntimeError
__________ test_two_exchange_coordinator_freezes_every_pair_before_b ___________

tmp_path = PosixPath('/tmp/pytest-of-ningyd/pytest-1242/test_two_exchange_coordinator_0')
monkeypatch = <_pytest.monkeypatch.MonkeyPatch object at 0x7be06c3abec0>

    def test_two_exchange_coordinator_freezes_every_pair_before_b(tmp_path, monkeypatch):
        app = application(tmp_path)
        calls, backend = software_components(monkeypatch, app)
        seen = []
        def exchange(**kwargs):
            rec = backend._operation_observer.__self__
            seen.append((kwargs["exchange_id"], rec._frozen_prefix is not None))
            app.exchange_attempts.append({"exchange_id":kwargs["exchange_id"],"status":"SOFTWARE_ONLY","original":None})
            if kwargs["exchange_id"] == "A":
                return replace(import_module("cloud_edge_robot_arm.research.native_clock_source_v2").ClockExchangeOriginalV2.from_payload(
                    json.loads((app.clock_source.verifier.source_root/"tools/research/native-clock-v2/testdata/software-only-exchange.json").read_text())["causal_exchanges"]["A"]), clock_domain_id=rec._clock_domain_id)
            assert kwargs["commitment"] == import_module("cloud_edge_robot_arm.research.native_clock_source_v2").slab_commitment(
                tuple(import_module("cloud_edge_robot_arm.research.native_clock_source_v2").ClockTupleV2.from_payload(p) for p in rec._frozen_prefix.to_payload()["clock_pairs"]), acquisition_sha256=rec._frozen_prefix.digest())
            return None
        monkeypatch.setattr(app.clock_source,"exchange",exchange)
>       receipt = app.execute_once()
                  ^^^^^^^^^^^^^^^^^^

tests/test_native_clock_prefix_worker_v2.py:132: 
_ _ _ _ _ _ _ _ _ _ _ _ _ _ _ _ _ _ _ _ _ _ _ _ _ _ _ _ _ _ _ _ _ _ _ _ _ _ _ _ 
src/cloud_edge_robot_arm/research/native_clock_publication_v2.py:184: in execute_once
    return self.catalog_entry()
           ^^^^^^^^^^^^^^^^^^^^
_ _ _ _ _ _ _ _ _ _ _ _ _ _ _ _ _ _ _ _ _ _ _ _ _ _ _ _ _ _ _ _ _ _ _ _ _ _ _ _ 

self = <cloud_edge_robot_arm.research.native_clock_publication_v2.NativeClockPrefixApplicationV2 object at 0x7be06c3ab0e0>

    def catalog_entry(self) -> dict[str, Any]:
        value = _live(self).catalog_json
        if value is None:
>           raise RuntimeError("no live source-only publication")
E           RuntimeError: no live source-only publication

src/cloud_edge_robot_arm/research/native_clock_publication_v2.py:235: RuntimeError
=========================== short test summary info ============================
FAILED tests/test_native_clock_prefix_worker_v2.py::test_registered_prefix_branch_precedes_planner_factory
FAILED tests/test_native_clock_prefix_worker_v2.py::test_real_poll_lease_attempt_prefix_120_settle_cached_capture_no_planner
FAILED tests/test_native_clock_prefix_worker_v2.py::test_failed_real_worker_prefix_keeps_all_originals_and_marks_failed[reset]
FAILED tests/test_native_clock_prefix_worker_v2.py::test_failed_real_worker_prefix_keeps_all_originals_and_marks_failed[settle]
FAILED tests/test_native_clock_prefix_worker_v2.py::test_two_exchange_coordinator_freezes_every_pair_before_b
5 failed in 3.20s
