...........................FFFF                                          [100%]
=================================== FAILURES ===================================
_________ test_configured_split_cannot_reassign_official_test_sources __________
tests/test_rgbd_risk_calibration.py:385: in test_configured_split_cannot_reassign_official_test_sources
    calibration_script().official_split(tmp_path, "alternative.json")
    ^^^^^^^^^^^^^^^^^^^^^^^^^^^^^^^^^^^
E   AttributeError: module 'scripts.calibrate_rgbd_risk' has no attribute 'official_split'
________ test_frozen_yaml_without_selection_artifact_remains_incomplete ________
tests/test_rgbd_risk_calibration.py:401: in test_frozen_yaml_without_selection_artifact_remains_incomplete
    assert "selection" in " ".join(report["reasons"]).lower()
E   AssertionError: assert 'selection' in 'a complete committed genuine dataset is required'
E    +  where 'a complete committed genuine dataset is required' = <built-in method lower of str object at 0x7fe174d1b450>()
E    +    where <built-in method lower of str object at 0x7fe174d1b450> = 'a COMPLETE committed genuine dataset is required'.lower
E    +      where 'a COMPLETE committed genuine dataset is required' = <built-in method join of str object at 0xb45b98>(['a COMPLETE committed genuine dataset is required'])
E    +        where <built-in method join of str object at 0xb45b98> = ' '.join
----------------------------- Captured stdout call -----------------------------
{"dataset":"/tmp/pytest-of-ningyd/pytest-487/test_frozen_yaml_without_selec0","enabled":false,"reasons":["a COMPLETE committed genuine dataset is required"],"research_status":"NOT_RUN","status":"INCOMPLETE"}
_____ test_coverage_curve_uses_metres_and_counts_equal_residuals_together ______
tests/test_rgbd_risk_calibration.py:409: in test_coverage_curve_uses_metres_and_counts_equal_residuals_together
    result = calibration_script().coverage_curve([0.01, 0.01, 0.03], bound=0.01,
             ^^^^^^^^^^^^^^^^^^^^^^^^^^^^^^^^^^^
E   AttributeError: module 'scripts.calibrate_rgbd_risk' has no attribute 'coverage_curve'
___________ test_coverage_svg_keeps_threshold_scale_and_honest_axes ____________
tests/test_rgbd_risk_calibration.py:420: in test_coverage_svg_keeps_threshold_scale_and_honest_axes
    small = script.coverage_svg([0.001, 0.002], bound=0.002, requested_coverage=0.9)
            ^^^^^^^^^^^^^^^^^^^
E   AttributeError: module 'scripts.calibrate_rgbd_risk' has no attribute 'coverage_svg'
=========================== short test summary info ============================
FAILED tests/test_rgbd_risk_calibration.py::test_configured_split_cannot_reassign_official_test_sources
FAILED tests/test_rgbd_risk_calibration.py::test_frozen_yaml_without_selection_artifact_remains_incomplete
FAILED tests/test_rgbd_risk_calibration.py::test_coverage_curve_uses_metres_and_counts_equal_residuals_together
FAILED tests/test_rgbd_risk_calibration.py::test_coverage_svg_keeps_threshold_scale_and_honest_axes
4 failed, 27 passed in 0.74s

exit_code=1
