....................F................................F....F              [100%]
=================================== FAILURES ===================================
___________ test_cli_missing_dataset_is_incomplete_and_never_enables ___________

tmp_path = PosixPath('/tmp/pytest-of-ningyd/pytest-845/test_cli_missing_dataset_is_in0')

    def test_cli_missing_dataset_is_incomplete_and_never_enables(tmp_path: Path) -> None:
>       completed = subprocess.run(
            [
                ".venv/bin/python",
                "scripts/calibrate_rgbd_risk.py",
                "--dataset",
                str(tmp_path / "missing"),
                "--config",
                "configs/research/risk.yaml",
                "--output",
                str(tmp_path / "out"),
            ],
            capture_output=True,
            text=True,
            check=False,
        )

tests/test_rgbd_risk_calibration.py:229: 
_ _ _ _ _ _ _ _ _ _ _ _ _ _ _ _ _ _ _ _ _ _ _ _ _ _ _ _ _ _ _ _ _ _ _ _ _ _ _ _ 
/usr/lib/python3.12/subprocess.py:548: in run
    with Popen(*popenargs, **kwargs) as process:
         ^^^^^^^^^^^^^^^^^^^^^^^^^^^
/usr/lib/python3.12/subprocess.py:1026: in __init__
    self._execute_child(args, executable, preexec_fn, close_fds,
_ _ _ _ _ _ _ _ _ _ _ _ _ _ _ _ _ _ _ _ _ _ _ _ _ _ _ _ _ _ _ _ _ _ _ _ _ _ _ _ 

self = <Popen: returncode: 255 args: ['.venv/bin/python', 'scripts/calibrate_rgbd_r...>
args = ['.venv/bin/python', 'scripts/calibrate_rgbd_risk.py', '--dataset', '/tmp/pytest-of-ningyd/pytest-845/test_cli_missing_dataset_is_in0/missing', '--config', 'configs/research/risk.yaml', ...]
executable = b'.venv/bin/python', preexec_fn = None, close_fds = True
pass_fds = (), cwd = None, env = None, startupinfo = None, creationflags = 0
shell = False, p2cread = -1, p2cwrite = -1, c2pread = 11, c2pwrite = 12
errread = 13, errwrite = 14, restore_signals = True, gid = None, gids = None
uid = None, umask = -1, start_new_session = False, process_group = -1

    def _execute_child(self, args, executable, preexec_fn, close_fds,
                       pass_fds, cwd, env,
                       startupinfo, creationflags, shell,
                       p2cread, p2cwrite,
                       c2pread, c2pwrite,
                       errread, errwrite,
                       restore_signals,
                       gid, gids, uid, umask,
                       start_new_session, process_group):
        """Execute program (POSIX version)"""
    
        if isinstance(args, (str, bytes)):
            args = [args]
        elif isinstance(args, os.PathLike):
            if shell:
                raise TypeError('path-like args is not allowed when '
                                'shell is true')
            args = [args]
        else:
            args = list(args)
    
        if shell:
            # On Android the default shell is at '/system/bin/sh'.
            unix_shell = ('/system/bin/sh' if
                      hasattr(sys, 'getandroidapilevel') else '/bin/sh')
            args = [unix_shell, "-c"] + args
            if executable:
                args[0] = executable
    
        if executable is None:
            executable = args[0]
    
        sys.audit("subprocess.Popen", executable, args, cwd, env)
    
        if (_USE_POSIX_SPAWN
                and os.path.dirname(executable)
                and preexec_fn is None
                and not close_fds
                and not pass_fds
                and cwd is None
                and (p2cread == -1 or p2cread > 2)
                and (c2pwrite == -1 or c2pwrite > 2)
                and (errwrite == -1 or errwrite > 2)
                and not start_new_session
                and process_group == -1
                and gid is None
                and gids is None
                and uid is None
                and umask < 0):
            self._posix_spawn(args, executable, env, restore_signals,
                              p2cread, p2cwrite,
                              c2pread, c2pwrite,
                              errread, errwrite)
            return
    
        orig_executable = executable
    
        # For transferring possible exec failure from child to parent.
        # Data format: "exception name:hex errno:description"
        # Pickle is not used; it is complex and involves memory allocation.
        errpipe_read, errpipe_write = os.pipe()
        # errpipe_write must not be in the standard io 0, 1, or 2 fd range.
        low_fds_to_close = []
        while errpipe_write < 3:
            low_fds_to_close.append(errpipe_write)
            errpipe_write = os.dup(errpipe_write)
        for low_fd in low_fds_to_close:
            os.close(low_fd)
        try:
            try:
                # We must avoid complex work that could involve
                # malloc or free in the child process to avoid
                # potential deadlocks, thus we do all this here.
                # and pass it to fork_exec()
    
                if env is not None:
                    env_list = []
                    for k, v in env.items():
                        k = os.fsencode(k)
                        if b'=' in k:
                            raise ValueError("illegal environment variable name")
                        env_list.append(k + b'=' + os.fsencode(v))
                else:
                    env_list = None  # Use execv instead of execve.
                executable = os.fsencode(executable)
                if os.path.dirname(executable):
                    executable_list = (executable,)
                else:
                    # This matches the behavior of os._execvpe().
                    executable_list = tuple(
                        os.path.join(os.fsencode(dir), executable)
                        for dir in os.get_exec_path(env))
                fds_to_keep = set(pass_fds)
                fds_to_keep.add(errpipe_write)
                self.pid = _fork_exec(
                        args, executable_list,
                        close_fds, tuple(sorted(map(int, fds_to_keep))),
                        cwd, env_list,
                        p2cread, p2cwrite, c2pread, c2pwrite,
                        errread, errwrite,
                        errpipe_read, errpipe_write,
                        restore_signals, start_new_session,
                        process_group, gid, gids, uid, umask,
                        preexec_fn, _USE_VFORK)
                self._child_created = True
            finally:
                # be sure the FD is closed no matter what
                os.close(errpipe_write)
    
            self._close_pipe_fds(p2cread, p2cwrite,
                                 c2pread, c2pwrite,
                                 errread, errwrite)
    
            # Wait for exec to fail or succeed; possibly raising an
            # exception (limited in size)
            errpipe_data = bytearray()
            while True:
                part = os.read(errpipe_read, 50000)
                errpipe_data += part
                if not part or len(errpipe_data) > 50000:
                    break
        finally:
            # be sure the FD is closed no matter what
            os.close(errpipe_read)
    
        if errpipe_data:
            try:
                pid, sts = os.waitpid(self.pid, 0)
                if pid == self.pid:
                    self._handle_exitstatus(sts)
                else:
                    self.returncode = sys.maxsize
            except ChildProcessError:
                pass
    
            try:
                exception_name, hex_errno, err_msg = (
                        errpipe_data.split(b':', 2))
                # The encoding here should match the encoding
                # written in by the subprocess implementations
                # like _posixsubprocess
                err_msg = err_msg.decode()
            except ValueError:
                exception_name = b'SubprocessError'
                hex_errno = b'0'
                err_msg = 'Bad exception data from child: {!r}'.format(
                              bytes(errpipe_data))
            child_exception_type = getattr(
                    builtins, exception_name.decode('ascii'),
                    SubprocessError)
            if issubclass(child_exception_type, OSError) and hex_errno:
                errno_num = int(hex_errno, 16)
                if err_msg == "noexec:chdir":
                    err_msg = ""
                    # The error must be from chdir(cwd).
                    err_filename = cwd
                elif err_msg == "noexec":
                    err_msg = ""
                    err_filename = None
                else:
                    err_filename = orig_executable
                if errno_num != 0:
                    err_msg = os.strerror(errno_num)
                if err_filename is not None:
>                   raise child_exception_type(errno_num, err_msg, err_filename)
E                   FileNotFoundError: [Errno 2] No such file or directory: '.venv/bin/python'

/usr/lib/python3.12/subprocess.py:1955: FileNotFoundError
_ test_saved_native_resolution_profiles_measure_detectability_without_truth_input _

    def test_saved_native_resolution_profiles_measure_detectability_without_truth_input():
        import json
    
        root = BASE.parents[3] / "artifacts/research/process/20261004-ced-development/t7b-pose-markers"
        asset = BASE.with_name("scene_pose_marker_v1.xml")
        registered = api().PoseMarkerRegistration(
            7, 0.0525, hashlib.sha256(asset.read_bytes()).hexdigest()
        )
        observations = []
        estimates = []
        for directory in ("actual-capture-1", "actual-capture-640"):
>           data = json.loads((root / directory / "frame/observation-full.json").read_text())
                              ^^^^^^^^^^^^^^^^^^^^^^^^^^^^^^^^^^^^^^^^^^^^^^^^^^^^^^^^^^^^^^

tests/test_pose_marker_evidence.py:329: 
_ _ _ _ _ _ _ _ _ _ _ _ _ _ _ _ _ _ _ _ _ _ _ _ _ _ _ _ _ _ _ _ _ _ _ _ _ _ _ _ 
/usr/lib/python3.12/pathlib.py:1029: in read_text
    with self.open(mode='r', encoding=encoding, errors=errors) as f:
         ^^^^^^^^^^^^^^^^^^^^^^^^^^^^^^^^^^^^^^^^^^^^^^^^^^^^^
_ _ _ _ _ _ _ _ _ _ _ _ _ _ _ _ _ _ _ _ _ _ _ _ _ _ _ _ _ _ _ _ _ _ _ _ _ _ _ _ 

self = PosixPath('/tmp/risk-sources-independent-3j0871n6/artifacts/research/process/20261004-ced-development/t7b-pose-markers/actual-capture-1/frame/observation-full.json')
mode = 'r', buffering = -1, encoding = 'locale', errors = None, newline = None

    def open(self, mode='r', buffering=-1, encoding=None,
             errors=None, newline=None):
        """
        Open the file pointed by this path and return a file object, as
        the built-in open() function does.
        """
        if "b" not in mode:
            encoding = io.text_encoding(encoding)
>       return io.open(self, mode, buffering, encoding, errors, newline)
               ^^^^^^^^^^^^^^^^^^^^^^^^^^^^^^^^^^^^^^^^^^^^^^^^^^^^^^^^^
E       FileNotFoundError: [Errno 2] No such file or directory: '/tmp/risk-sources-independent-3j0871n6/artifacts/research/process/20261004-ced-development/t7b-pose-markers/actual-capture-1/frame/observation-full.json'

/usr/lib/python3.12/pathlib.py:1015: FileNotFoundError
_ test_saved_colored_asset_frame_has_native_tag_and_observed_red_without_admission _

    def test_saved_colored_asset_frame_has_native_tag_and_observed_red_without_admission():
        import base64
        import io
        import json
    
        import cv2
        from PIL import Image
    
        from cloud_edge_robot_arm.vision.observations import RGBDObservation
        from cloud_edge_robot_arm.vision.pose_markers import PoseMarkerRegistration, detect_pose_marker
    
        asset = BASE.with_name("scene_pose_marker_color_v2.xml")
        directory = (
            ROOT
            / "artifacts/research/process/20261004-ced-development/t7b-pose-marker-color"
            / "actual-capture-640"
        )
        current = RGBDObservation.model_validate(
>           json.loads((directory / "frame/observation-full.json").read_text())
                       ^^^^^^^^^^^^^^^^^^^^^^^^^^^^^^^^^^^^^^^^^^^^^^^^^^^^^^^
        )

tests/test_pose_marker_assets.py:160: 
_ _ _ _ _ _ _ _ _ _ _ _ _ _ _ _ _ _ _ _ _ _ _ _ _ _ _ _ _ _ _ _ _ _ _ _ _ _ _ _ 
/usr/lib/python3.12/pathlib.py:1029: in read_text
    with self.open(mode='r', encoding=encoding, errors=errors) as f:
         ^^^^^^^^^^^^^^^^^^^^^^^^^^^^^^^^^^^^^^^^^^^^^^^^^^^^^
_ _ _ _ _ _ _ _ _ _ _ _ _ _ _ _ _ _ _ _ _ _ _ _ _ _ _ _ _ _ _ _ _ _ _ _ _ _ _ _ 

self = PosixPath('/tmp/risk-sources-independent-3j0871n6/artifacts/research/process/20261004-ced-development/t7b-pose-marker-color/actual-capture-640/frame/observation-full.json')
mode = 'r', buffering = -1, encoding = 'locale', errors = None, newline = None

    def open(self, mode='r', buffering=-1, encoding=None,
             errors=None, newline=None):
        """
        Open the file pointed by this path and return a file object, as
        the built-in open() function does.
        """
        if "b" not in mode:
            encoding = io.text_encoding(encoding)
>       return io.open(self, mode, buffering, encoding, errors, newline)
               ^^^^^^^^^^^^^^^^^^^^^^^^^^^^^^^^^^^^^^^^^^^^^^^^^^^^^^^^^
E       FileNotFoundError: [Errno 2] No such file or directory: '/tmp/risk-sources-independent-3j0871n6/artifacts/research/process/20261004-ced-development/t7b-pose-marker-color/actual-capture-640/frame/observation-full.json'

/usr/lib/python3.12/pathlib.py:1015: FileNotFoundError
=========================== short test summary info ============================
FAILED tests/test_rgbd_risk_calibration.py::test_cli_missing_dataset_is_incomplete_and_never_enables
FAILED tests/test_pose_marker_evidence.py::test_saved_native_resolution_profiles_measure_detectability_without_truth_input
FAILED tests/test_pose_marker_assets.py::test_saved_colored_asset_frame_has_native_tag_and_observed_red_without_admission
3 failed, 56 passed in 0.97s
