E501 Line too long (101 > 100)
   --> src/cloud_edge_robot_arm/research/risk_sources.py:412:101
    |
410 |                               (path / "depth.f32").read_bytes()).decode())
411 |             observation = RGBDObservation.model_validate(values)
412 |             if observation.episode_id != raw[0].episode_id or observation.scene_id != scene.group_id:
    |                                                                                                     ^
413 |                 raise ValueError("frame episode/scene identity differs")
414 |             if not any(abs(item.sim_time_s - observation.sim_time_s) <= 1e-9 for item in raw):
    |

E501 Line too long (104 > 100)
  --> tests/test_research_risk_sources.py:30:101
   |
29 | ROOT = Path(__file__).resolve().parents[1]
30 | MOTION = ROOT / "artifacts/research/process/20261004-ced-development/t7b-pose-marker-motion-development"
   |                                                                                                     ^^^^
   |

E501 Line too long (102 > 100)
   --> tests/test_research_risk_sources.py:183:101
    |
183 | def test_original_inventory_changes_and_extra_files_do_not_shrink_denominator(tmp_path: Path) -> None:
    |                                                                                                     ^^
184 |     case, directory = fixture_case(tmp_path)
185 |     auditor = registered(tmp_path, case)
    |

E501 Line too long (101 > 100)
   --> tests/test_research_risk_sources.py:275:101
    |
273 | def test_ced_raw_layout_recomputes_failed_no_action_source(tmp_path: Path) -> None:
274 |     marker, directory = fixture_case(tmp_path)
275 |     physics = [json.loads(row) for row in (directory / "raw-physics.jsonl").read_text().splitlines()]
    |                                                                                                     ^
276 |     controls = [json.loads(row) for row in (directory / "raw-actuators.jsonl").read_text().splitlines()]
277 |     json_file(directory / "physical-observations.json", physics)
    |

E501 Line too long (104 > 100)
   --> tests/test_research_risk_sources.py:276:101
    |
274 |     marker, directory = fixture_case(tmp_path)
275 |     physics = [json.loads(row) for row in (directory / "raw-physics.jsonl").read_text().splitlines()]
276 |     controls = [json.loads(row) for row in (directory / "raw-actuators.jsonl").read_text().splitlines()]
    |                                                                                                     ^^^^
277 |     json_file(directory / "physical-observations.json", physics)
278 |     json_file(directory / "actuator-steps.json", controls)
    |

E501 Line too long (103 > 100)
   --> tests/test_research_risk_sources.py:284:101
    |
282 |                "terminal_sim_time_s": physics[-1]["sim_time_s"],
283 |                "reset_observation_hash": hashlib.sha256(
284 |                    json.dumps(physics[0], sort_keys=True, separators=(",", ":")).encode()).hexdigest(),
    |                                                                                                     ^^^
285 |                "terminal_observation_hash": hashlib.sha256(
286 |                    json.dumps(physics[-1], sort_keys=True, separators=(",", ":")).encode()).hexdigest()}
    |

E501 Line too long (104 > 100)
   --> tests/test_research_risk_sources.py:286:101
    |
284 |                    json.dumps(physics[0], sort_keys=True, separators=(",", ":")).encode()).hexdigest(),
285 |                "terminal_observation_hash": hashlib.sha256(
286 |                    json.dumps(physics[-1], sort_keys=True, separators=(",", ":")).encode()).hexdigest()}
    |                                                                                                     ^^^^
287 |     context.update(assignment_hash=content_digest(assignment),
288 |                    group_id=assignment["scene"]["group_id"],
    |

E501 Line too long (109 > 100)
   --> tests/test_research_risk_sources.py:338:101
    |
336 |     case, _ = fixture_case(tmp_path)
337 |     edge_names = ["src/cloud_edge_robot_arm/edge/recovery/verification_router.py", *[
338 |         f"src/cloud_edge_robot_arm/edge/evidence/{name}.py" for name in ("models", "validator", "conditions")
    |                                                                                                     ^^^^^^^^^
339 |     ]]
340 |     cloud_names = ["src/cloud_edge_robot_arm/vision/role_models.py"]
    |

Found 9 errors (1 fixed, 8 remaining).
