..................................s..FF....                              [100%]
=================================== FAILURES ===================================
_ test_partial_ordinary_pool_cannot_become_bootstrap_then_receive_new_limits[memory] _

store = (<cloud_edge_robot_arm.repositories.event_autonomy.memory.InMemoryEventAutonomyRepository object at 0x741389f299d0>, {...2222222222222222222222222222', attempt_state_hash='3333333333333333333333333333333333333333333333333333333333333333')})

    def test_partial_ordinary_pool_cannot_become_bootstrap_then_receive_new_limits(store):
        from cloud_edge_robot_arm.contracts.models import RecoveryBudget
    
        repo, data = store
        existing = RecoveryBudget(task_id='episode',budget_id='already-spent',
            remaining_retries=0,retry_deadline=data['definition'].verification_deadline_at)
        repo.save_retry_budget(existing)
>       with pytest.raises(IdempotencyConflictError):
E       Failed: DID NOT RAISE <class 'cloud_edge_robot_arm.repositories.event_autonomy.protocol.IdempotencyConflictError'>

tests/test_visual_bootstrap_repository.py:236: Failed
_ test_partial_ordinary_pool_cannot_become_bootstrap_then_receive_new_limits[sqlite] _

store = (<cloud_edge_robot_arm.repositories.event_autonomy.sqlite.SQLiteEventAutonomyRepository object at 0x741389f69f70>, {'d...2222222222222222222222222222', attempt_state_hash='3333333333333333333333333333333333333333333333333333333333333333')})

    def test_partial_ordinary_pool_cannot_become_bootstrap_then_receive_new_limits(store):
        from cloud_edge_robot_arm.contracts.models import RecoveryBudget
    
        repo, data = store
        existing = RecoveryBudget(task_id='episode',budget_id='already-spent',
            remaining_retries=0,retry_deadline=data['definition'].verification_deadline_at)
        repo.save_retry_budget(existing)
>       with pytest.raises(IdempotencyConflictError):
E       Failed: DID NOT RAISE <class 'cloud_edge_robot_arm.repositories.event_autonomy.protocol.IdempotencyConflictError'>

tests/test_visual_bootstrap_repository.py:236: Failed
=========================== short test summary info ============================
FAILED tests/test_visual_bootstrap_repository.py::test_partial_ordinary_pool_cannot_become_bootstrap_then_receive_new_limits[memory]
FAILED tests/test_visual_bootstrap_repository.py::test_partial_ordinary_pool_cannot_become_bootstrap_then_receive_new_limits[sqlite]
2 failed, 40 passed, 1 skipped in 6.28s
