FFFFFFFFFFFFFFFFsFF                                                      [100%]
=================================== FAILURES ===================================
_ test_promotion_commits_entire_spent_pool_original_checkpoint_and_bootstrap_once[memory] _

store = (<cloud_edge_robot_arm.repositories.event_autonomy.memory.InMemoryEventAutonomyRepository object at 0x701eb5419fa0>, {...2222222222222222222222222222', attempt_state_hash='3333333333333333333333333333333333333333333333333333333333333333')})

    def test_promotion_commits_entire_spent_pool_original_checkpoint_and_bootstrap_once(store):
        from dataclasses import asdict
    
        repo, data = store
        source = promotion_ready(repo, data)
        record, original, checkpoint, state, retry, promotion = source
>       saved = adopt(repo, source)
                ^^^^^^^^^^^^^^^^^^^

tests/test_visual_bootstrap_repository.py:724: 
_ _ _ _ _ _ _ _ _ _ _ _ _ _ _ _ _ _ _ _ _ _ _ _ _ _ _ _ _ _ _ _ _ _ _ _ _ _ _ _ 

repo = <cloud_edge_robot_arm.repositories.event_autonomy.memory.InMemoryEventAutonomyRepository object at 0x701eb5419fa0>
source = (<cloud_edge_robot_arm.repositories.event_autonomy.visual_bootstrap.VisualBootstrapRecord object at 0x701eb6a7d050>, V...ud_edge_robot_arm.repositories.event_autonomy.visual_bootstrap.VisualBootstrapPromotionInput object at 0x701eb6cb1a10>)
changes = {}
record = <cloud_edge_robot_arm.repositories.event_autonomy.visual_bootstrap.VisualBootstrapRecord object at 0x701eb6a7d050>
original = VisualOriginalPlan(identity=VisualOwnerIdentity(job_id='job-1', run_id='run-1', attempt=1, worker_id='worker-1', lease...datetime.timezone.utc), registered_at=datetime.datetime(2026, 10, 4, 19, 23, 50, 480647, tzinfo=datetime.timezone.utc))
checkpoint = ExecutionCheckpoint(checkpoint_id='software-bootstrap-initial', task_id='episode', plan_id='software-bootstrap-plan', ...e.timezone.utc), correlation_id='', checkpoint_hash='119e918d88293f52b812f5e98fa784dc3c95434e7d315bb10e64c2cd0376e565')
state = VerificationBudgetState(remaining_reobservations=0, remaining_retries=0, consecutive_no_progress=1, deadline_at=dateti...100.0), previous_conditions={'bootstrap_plan_source': ('UNKNOWN', None)}, exhausted_reason=None, verification_rounds=2)
retry = RecoveryBudget(budget_id='bootstrap-retry-fbc64046df7c7fedbf4d001ae323845b', task_id='episode', per_step_retry_limit=0...fo=datetime.timezone.utc), updated_at=datetime.datetime(2026, 10, 4, 19, 23, 50, 480647, tzinfo=datetime.timezone.utc))
promotion = <cloud_edge_robot_arm.repositories.event_autonomy.visual_bootstrap.VisualBootstrapPromotionInput object at 0x701eb6cb1a10>

    def adopt(repo, source, **changes):
        record, original, checkpoint, state, retry, promotion = source
>       return repo.initialize_visual_owner_if_absent(
            changes.get("original", original),
            changes.get("checkpoint", checkpoint),
            changes.get("state", state),
            changes.get("retry", retry),
            bootstrap_promotion=changes.get("promotion", promotion),
        )
E       TypeError: InMemoryEventAutonomyRepository.initialize_visual_owner_if_absent() got an unexpected keyword argument 'bootstrap_promotion'

tests/test_visual_bootstrap_repository.py:709: TypeError
_ test_promotion_commits_entire_spent_pool_original_checkpoint_and_bootstrap_once[sqlite] _

store = (<cloud_edge_robot_arm.repositories.event_autonomy.sqlite.SQLiteEventAutonomyRepository object at 0x701eb6cfc7d0>, {'d...2222222222222222222222222222', attempt_state_hash='3333333333333333333333333333333333333333333333333333333333333333')})

    def test_promotion_commits_entire_spent_pool_original_checkpoint_and_bootstrap_once(store):
        from dataclasses import asdict
    
        repo, data = store
        source = promotion_ready(repo, data)
        record, original, checkpoint, state, retry, promotion = source
>       saved = adopt(repo, source)
                ^^^^^^^^^^^^^^^^^^^

tests/test_visual_bootstrap_repository.py:724: 
_ _ _ _ _ _ _ _ _ _ _ _ _ _ _ _ _ _ _ _ _ _ _ _ _ _ _ _ _ _ _ _ _ _ _ _ _ _ _ _ 

repo = <cloud_edge_robot_arm.repositories.event_autonomy.sqlite.SQLiteEventAutonomyRepository object at 0x701eb6cfc7d0>
source = (<cloud_edge_robot_arm.repositories.event_autonomy.visual_bootstrap.VisualBootstrapRecord object at 0x701e8a5c8990>, V...ud_edge_robot_arm.repositories.event_autonomy.visual_bootstrap.VisualBootstrapPromotionInput object at 0x701eb6a96d10>)
changes = {}
record = <cloud_edge_robot_arm.repositories.event_autonomy.visual_bootstrap.VisualBootstrapRecord object at 0x701e8a5c8990>
original = VisualOriginalPlan(identity=VisualOwnerIdentity(job_id='job-1', run_id='run-1', attempt=1, worker_id='worker-1', lease...datetime.timezone.utc), registered_at=datetime.datetime(2026, 10, 4, 19, 23, 51, 280676, tzinfo=datetime.timezone.utc))
checkpoint = ExecutionCheckpoint(checkpoint_id='software-bootstrap-initial', task_id='episode', plan_id='software-bootstrap-plan', ...e.timezone.utc), correlation_id='', checkpoint_hash='9d13525c5b6e1bae63907f5b3615e1789065af12feeb4ab02be0c76e97b8c695')
state = VerificationBudgetState(remaining_reobservations=0, remaining_retries=0, consecutive_no_progress=1, deadline_at=dateti...100.0), previous_conditions={'bootstrap_plan_source': ('UNKNOWN', None)}, exhausted_reason=None, verification_rounds=2)
retry = RecoveryBudget(budget_id='bootstrap-retry-fbc64046df7c7fedbf4d001ae323845b', task_id='episode', per_step_retry_limit=0...fo=datetime.timezone.utc), updated_at=datetime.datetime(2026, 10, 4, 19, 23, 51, 280676, tzinfo=datetime.timezone.utc))
promotion = <cloud_edge_robot_arm.repositories.event_autonomy.visual_bootstrap.VisualBootstrapPromotionInput object at 0x701eb6a96d10>

    def adopt(repo, source, **changes):
        record, original, checkpoint, state, retry, promotion = source
>       return repo.initialize_visual_owner_if_absent(
            changes.get("original", original),
            changes.get("checkpoint", checkpoint),
            changes.get("state", state),
            changes.get("retry", retry),
            bootstrap_promotion=changes.get("promotion", promotion),
        )
E       TypeError: SQLiteEventAutonomyRepository.initialize_visual_owner_if_absent() got an unexpected keyword argument 'bootstrap_promotion'

tests/test_visual_bootstrap_repository.py:709: TypeError
_ test_promotion_changed_source_or_pool_does_not_create_any_partial_owner_rows[memory-quota] _

store = (<cloud_edge_robot_arm.repositories.event_autonomy.memory.InMemoryEventAutonomyRepository object at 0x701eb2107530>, {...2222222222222222222222222222', attempt_state_hash='3333333333333333333333333333333333333333333333333333333333333333')})
change = 'quota'

    @pytest.mark.parametrize(
        "change", ["quota", "rounds", "history", "deadline", "retry", "original", "checkpoint"]
    )
    def test_promotion_changed_source_or_pool_does_not_create_any_partial_owner_rows(store, change):
        from cloud_edge_robot_arm.vision.owner_registration import freeze_original_visual_plan
    
        repo, data = store
        source = promotion_ready(repo, data)
        record, original, checkpoint, state, retry, promotion = source
        changes = {}
        if change == "quota":
            state.remaining_reobservations = state.limits.max_reobservations
        elif change == "rounds":
            state.verification_rounds = 0
        elif change == "history":
            state.previous_conditions.clear()
        elif change == "deadline":
            state.deadline_at += timedelta(seconds=1)
        elif change == "retry":
            changes["retry"] = retry.model_copy(update={"remaining_retries": 1})
        elif change == "original":
            changes["original"] = freeze_original_visual_plan(
                **{**original.freeze_inputs(), "proposal_hash": "f" * 64}
            )
        else:
            changes["checkpoint"] = checkpoint.model_copy(update={"current_step_id": "wrong-step"})
        with pytest.raises((IdempotencyConflictError, ValueError)):
>           adopt(repo, source, **changes)

tests/test_visual_bootstrap_repository.py:776: 
_ _ _ _ _ _ _ _ _ _ _ _ _ _ _ _ _ _ _ _ _ _ _ _ _ _ _ _ _ _ _ _ _ _ _ _ _ _ _ _ 

repo = <cloud_edge_robot_arm.repositories.event_autonomy.memory.InMemoryEventAutonomyRepository object at 0x701eb2107530>
source = (<cloud_edge_robot_arm.repositories.event_autonomy.visual_bootstrap.VisualBootstrapRecord object at 0x701e8a5d75d0>, V...ud_edge_robot_arm.repositories.event_autonomy.visual_bootstrap.VisualBootstrapPromotionInput object at 0x701eb6ad1a10>)
changes = {}
record = <cloud_edge_robot_arm.repositories.event_autonomy.visual_bootstrap.VisualBootstrapRecord object at 0x701e8a5d75d0>
original = VisualOriginalPlan(identity=VisualOwnerIdentity(job_id='job-1', run_id='run-1', attempt=1, worker_id='worker-1', lease...datetime.timezone.utc), registered_at=datetime.datetime(2026, 10, 4, 19, 23, 51, 742560, tzinfo=datetime.timezone.utc))
checkpoint = ExecutionCheckpoint(checkpoint_id='software-bootstrap-initial', task_id='episode', plan_id='software-bootstrap-plan', ...e.timezone.utc), correlation_id='', checkpoint_hash='e7eb8a370b90be45656bfc4716c763ebbcc938dabcde93bb9bb88ed778485748')
state = VerificationBudgetState(remaining_reobservations=2, remaining_retries=0, consecutive_no_progress=1, deadline_at=dateti...100.0), previous_conditions={'bootstrap_plan_source': ('UNKNOWN', None)}, exhausted_reason=None, verification_rounds=2)
retry = RecoveryBudget(budget_id='bootstrap-retry-fbc64046df7c7fedbf4d001ae323845b', task_id='episode', per_step_retry_limit=0...fo=datetime.timezone.utc), updated_at=datetime.datetime(2026, 10, 4, 19, 23, 51, 742560, tzinfo=datetime.timezone.utc))
promotion = <cloud_edge_robot_arm.repositories.event_autonomy.visual_bootstrap.VisualBootstrapPromotionInput object at 0x701eb6ad1a10>

    def adopt(repo, source, **changes):
        record, original, checkpoint, state, retry, promotion = source
>       return repo.initialize_visual_owner_if_absent(
            changes.get("original", original),
            changes.get("checkpoint", checkpoint),
            changes.get("state", state),
            changes.get("retry", retry),
            bootstrap_promotion=changes.get("promotion", promotion),
        )
E       TypeError: InMemoryEventAutonomyRepository.initialize_visual_owner_if_absent() got an unexpected keyword argument 'bootstrap_promotion'

tests/test_visual_bootstrap_repository.py:709: TypeError
_ test_promotion_changed_source_or_pool_does_not_create_any_partial_owner_rows[memory-rounds] _

store = (<cloud_edge_robot_arm.repositories.event_autonomy.memory.InMemoryEventAutonomyRepository object at 0x701eb6ab6f90>, {...2222222222222222222222222222', attempt_state_hash='3333333333333333333333333333333333333333333333333333333333333333')})
change = 'rounds'

    @pytest.mark.parametrize(
        "change", ["quota", "rounds", "history", "deadline", "retry", "original", "checkpoint"]
    )
    def test_promotion_changed_source_or_pool_does_not_create_any_partial_owner_rows(store, change):
        from cloud_edge_robot_arm.vision.owner_registration import freeze_original_visual_plan
    
        repo, data = store
        source = promotion_ready(repo, data)
        record, original, checkpoint, state, retry, promotion = source
        changes = {}
        if change == "quota":
            state.remaining_reobservations = state.limits.max_reobservations
        elif change == "rounds":
            state.verification_rounds = 0
        elif change == "history":
            state.previous_conditions.clear()
        elif change == "deadline":
            state.deadline_at += timedelta(seconds=1)
        elif change == "retry":
            changes["retry"] = retry.model_copy(update={"remaining_retries": 1})
        elif change == "original":
            changes["original"] = freeze_original_visual_plan(
                **{**original.freeze_inputs(), "proposal_hash": "f" * 64}
            )
        else:
            changes["checkpoint"] = checkpoint.model_copy(update={"current_step_id": "wrong-step"})
        with pytest.raises((IdempotencyConflictError, ValueError)):
>           adopt(repo, source, **changes)

tests/test_visual_bootstrap_repository.py:776: 
_ _ _ _ _ _ _ _ _ _ _ _ _ _ _ _ _ _ _ _ _ _ _ _ _ _ _ _ _ _ _ _ _ _ _ _ _ _ _ _ 

repo = <cloud_edge_robot_arm.repositories.event_autonomy.memory.InMemoryEventAutonomyRepository object at 0x701eb6ab6f90>
source = (<cloud_edge_robot_arm.repositories.event_autonomy.visual_bootstrap.VisualBootstrapRecord object at 0x701e8a43d690>, V...ud_edge_robot_arm.repositories.event_autonomy.visual_bootstrap.VisualBootstrapPromotionInput object at 0x701e8a5c9a90>)
changes = {}
record = <cloud_edge_robot_arm.repositories.event_autonomy.visual_bootstrap.VisualBootstrapRecord object at 0x701e8a43d690>
original = VisualOriginalPlan(identity=VisualOwnerIdentity(job_id='job-1', run_id='run-1', attempt=1, worker_id='worker-1', lease...datetime.timezone.utc), registered_at=datetime.datetime(2026, 10, 4, 19, 23, 52, 192262, tzinfo=datetime.timezone.utc))
checkpoint = ExecutionCheckpoint(checkpoint_id='software-bootstrap-initial', task_id='episode', plan_id='software-bootstrap-plan', ...e.timezone.utc), correlation_id='', checkpoint_hash='118592595655625c41905c9f653ba39bbb233ae45e420cc816de0bbc567d4e6d')
state = VerificationBudgetState(remaining_reobservations=0, remaining_retries=0, consecutive_no_progress=1, deadline_at=dateti...100.0), previous_conditions={'bootstrap_plan_source': ('UNKNOWN', None)}, exhausted_reason=None, verification_rounds=0)
retry = RecoveryBudget(budget_id='bootstrap-retry-fbc64046df7c7fedbf4d001ae323845b', task_id='episode', per_step_retry_limit=0...fo=datetime.timezone.utc), updated_at=datetime.datetime(2026, 10, 4, 19, 23, 52, 192262, tzinfo=datetime.timezone.utc))
promotion = <cloud_edge_robot_arm.repositories.event_autonomy.visual_bootstrap.VisualBootstrapPromotionInput object at 0x701e8a5c9a90>

    def adopt(repo, source, **changes):
        record, original, checkpoint, state, retry, promotion = source
>       return repo.initialize_visual_owner_if_absent(
            changes.get("original", original),
            changes.get("checkpoint", checkpoint),
            changes.get("state", state),
            changes.get("retry", retry),
            bootstrap_promotion=changes.get("promotion", promotion),
        )
E       TypeError: InMemoryEventAutonomyRepository.initialize_visual_owner_if_absent() got an unexpected keyword argument 'bootstrap_promotion'

tests/test_visual_bootstrap_repository.py:709: TypeError
_ test_promotion_changed_source_or_pool_does_not_create_any_partial_owner_rows[memory-history] _

store = (<cloud_edge_robot_arm.repositories.event_autonomy.memory.InMemoryEventAutonomyRepository object at 0x701eb2176d20>, {...2222222222222222222222222222', attempt_state_hash='3333333333333333333333333333333333333333333333333333333333333333')})
change = 'history'

    @pytest.mark.parametrize(
        "change", ["quota", "rounds", "history", "deadline", "retry", "original", "checkpoint"]
    )
    def test_promotion_changed_source_or_pool_does_not_create_any_partial_owner_rows(store, change):
        from cloud_edge_robot_arm.vision.owner_registration import freeze_original_visual_plan
    
        repo, data = store
        source = promotion_ready(repo, data)
        record, original, checkpoint, state, retry, promotion = source
        changes = {}
        if change == "quota":
            state.remaining_reobservations = state.limits.max_reobservations
        elif change == "rounds":
            state.verification_rounds = 0
        elif change == "history":
            state.previous_conditions.clear()
        elif change == "deadline":
            state.deadline_at += timedelta(seconds=1)
        elif change == "retry":
            changes["retry"] = retry.model_copy(update={"remaining_retries": 1})
        elif change == "original":
            changes["original"] = freeze_original_visual_plan(
                **{**original.freeze_inputs(), "proposal_hash": "f" * 64}
            )
        else:
            changes["checkpoint"] = checkpoint.model_copy(update={"current_step_id": "wrong-step"})
        with pytest.raises((IdempotencyConflictError, ValueError)):
>           adopt(repo, source, **changes)

tests/test_visual_bootstrap_repository.py:776: 
_ _ _ _ _ _ _ _ _ _ _ _ _ _ _ _ _ _ _ _ _ _ _ _ _ _ _ _ _ _ _ _ _ _ _ _ _ _ _ _ 

repo = <cloud_edge_robot_arm.repositories.event_autonomy.memory.InMemoryEventAutonomyRepository object at 0x701eb2176d20>
source = (<cloud_edge_robot_arm.repositories.event_autonomy.visual_bootstrap.VisualBootstrapRecord object at 0x701eb21938d0>, V...ud_edge_robot_arm.repositories.event_autonomy.visual_bootstrap.VisualBootstrapPromotionInput object at 0x701eb43d0a10>)
changes = {}
record = <cloud_edge_robot_arm.repositories.event_autonomy.visual_bootstrap.VisualBootstrapRecord object at 0x701eb21938d0>
original = VisualOriginalPlan(identity=VisualOwnerIdentity(job_id='job-1', run_id='run-1', attempt=1, worker_id='worker-1', lease...datetime.timezone.utc), registered_at=datetime.datetime(2026, 10, 4, 19, 23, 52, 643462, tzinfo=datetime.timezone.utc))
checkpoint = ExecutionCheckpoint(checkpoint_id='software-bootstrap-initial', task_id='episode', plan_id='software-bootstrap-plan', ...e.timezone.utc), correlation_id='', checkpoint_hash='6a529ebfa4e7873bcc0e2f5ba27051f0db8a81a58f4c70fbfe5425baaac100c5')
state = VerificationBudgetState(remaining_reobservations=0, remaining_retries=0, consecutive_no_progress=1, deadline_at=dateti..._retries=0, max_no_progress=3, deadline_s=100.0), previous_conditions={}, exhausted_reason=None, verification_rounds=2)
retry = RecoveryBudget(budget_id='bootstrap-retry-fbc64046df7c7fedbf4d001ae323845b', task_id='episode', per_step_retry_limit=0...fo=datetime.timezone.utc), updated_at=datetime.datetime(2026, 10, 4, 19, 23, 52, 643462, tzinfo=datetime.timezone.utc))
promotion = <cloud_edge_robot_arm.repositories.event_autonomy.visual_bootstrap.VisualBootstrapPromotionInput object at 0x701eb43d0a10>

    def adopt(repo, source, **changes):
        record, original, checkpoint, state, retry, promotion = source
>       return repo.initialize_visual_owner_if_absent(
            changes.get("original", original),
            changes.get("checkpoint", checkpoint),
            changes.get("state", state),
            changes.get("retry", retry),
            bootstrap_promotion=changes.get("promotion", promotion),
        )
E       TypeError: InMemoryEventAutonomyRepository.initialize_visual_owner_if_absent() got an unexpected keyword argument 'bootstrap_promotion'

tests/test_visual_bootstrap_repository.py:709: TypeError
_ test_promotion_changed_source_or_pool_does_not_create_any_partial_owner_rows[memory-deadline] _

store = (<cloud_edge_robot_arm.repositories.event_autonomy.memory.InMemoryEventAutonomyRepository object at 0x701eb21a1700>, {...2222222222222222222222222222', attempt_state_hash='3333333333333333333333333333333333333333333333333333333333333333')})
change = 'deadline'

    @pytest.mark.parametrize(
        "change", ["quota", "rounds", "history", "deadline", "retry", "original", "checkpoint"]
    )
    def test_promotion_changed_source_or_pool_does_not_create_any_partial_owner_rows(store, change):
        from cloud_edge_robot_arm.vision.owner_registration import freeze_original_visual_plan
    
        repo, data = store
        source = promotion_ready(repo, data)
        record, original, checkpoint, state, retry, promotion = source
        changes = {}
        if change == "quota":
            state.remaining_reobservations = state.limits.max_reobservations
        elif change == "rounds":
            state.verification_rounds = 0
        elif change == "history":
            state.previous_conditions.clear()
        elif change == "deadline":
            state.deadline_at += timedelta(seconds=1)
        elif change == "retry":
            changes["retry"] = retry.model_copy(update={"remaining_retries": 1})
        elif change == "original":
            changes["original"] = freeze_original_visual_plan(
                **{**original.freeze_inputs(), "proposal_hash": "f" * 64}
            )
        else:
            changes["checkpoint"] = checkpoint.model_copy(update={"current_step_id": "wrong-step"})
        with pytest.raises((IdempotencyConflictError, ValueError)):
>           adopt(repo, source, **changes)

tests/test_visual_bootstrap_repository.py:776: 
_ _ _ _ _ _ _ _ _ _ _ _ _ _ _ _ _ _ _ _ _ _ _ _ _ _ _ _ _ _ _ _ _ _ _ _ _ _ _ _ 

repo = <cloud_edge_robot_arm.repositories.event_autonomy.memory.InMemoryEventAutonomyRepository object at 0x701eb21a1700>
source = (<cloud_edge_robot_arm.repositories.event_autonomy.visual_bootstrap.VisualBootstrapRecord object at 0x701e8a44be10>, V...ud_edge_robot_arm.repositories.event_autonomy.visual_bootstrap.VisualBootstrapPromotionInput object at 0x701eb43d1bd0>)
changes = {}
record = <cloud_edge_robot_arm.repositories.event_autonomy.visual_bootstrap.VisualBootstrapRecord object at 0x701e8a44be10>
original = VisualOriginalPlan(identity=VisualOwnerIdentity(job_id='job-1', run_id='run-1', attempt=1, worker_id='worker-1', lease...=datetime.timezone.utc), registered_at=datetime.datetime(2026, 10, 4, 19, 23, 53, 94153, tzinfo=datetime.timezone.utc))
checkpoint = ExecutionCheckpoint(checkpoint_id='software-bootstrap-initial', task_id='episode', plan_id='software-bootstrap-plan', ...e.timezone.utc), correlation_id='', checkpoint_hash='a19636ed31861a6a86599d999711c26a1e4fca3b3656f355237df8bf325c9542')
state = VerificationBudgetState(remaining_reobservations=0, remaining_retries=0, consecutive_no_progress=1, deadline_at=dateti...100.0), previous_conditions={'bootstrap_plan_source': ('UNKNOWN', None)}, exhausted_reason=None, verification_rounds=2)
retry = RecoveryBudget(budget_id='bootstrap-retry-fbc64046df7c7fedbf4d001ae323845b', task_id='episode', per_step_retry_limit=0...nfo=datetime.timezone.utc), updated_at=datetime.datetime(2026, 10, 4, 19, 23, 53, 94153, tzinfo=datetime.timezone.utc))
promotion = <cloud_edge_robot_arm.repositories.event_autonomy.visual_bootstrap.VisualBootstrapPromotionInput object at 0x701eb43d1bd0>

    def adopt(repo, source, **changes):
        record, original, checkpoint, state, retry, promotion = source
>       return repo.initialize_visual_owner_if_absent(
            changes.get("original", original),
            changes.get("checkpoint", checkpoint),
            changes.get("state", state),
            changes.get("retry", retry),
            bootstrap_promotion=changes.get("promotion", promotion),
        )
E       TypeError: InMemoryEventAutonomyRepository.initialize_visual_owner_if_absent() got an unexpected keyword argument 'bootstrap_promotion'

tests/test_visual_bootstrap_repository.py:709: TypeError
_ test_promotion_changed_source_or_pool_does_not_create_any_partial_owner_rows[memory-retry] _

store = (<cloud_edge_robot_arm.repositories.event_autonomy.memory.InMemoryEventAutonomyRepository object at 0x701eb21a10d0>, {...2222222222222222222222222222', attempt_state_hash='3333333333333333333333333333333333333333333333333333333333333333')})
change = 'retry'

    @pytest.mark.parametrize(
        "change", ["quota", "rounds", "history", "deadline", "retry", "original", "checkpoint"]
    )
    def test_promotion_changed_source_or_pool_does_not_create_any_partial_owner_rows(store, change):
        from cloud_edge_robot_arm.vision.owner_registration import freeze_original_visual_plan
    
        repo, data = store
        source = promotion_ready(repo, data)
        record, original, checkpoint, state, retry, promotion = source
        changes = {}
        if change == "quota":
            state.remaining_reobservations = state.limits.max_reobservations
        elif change == "rounds":
            state.verification_rounds = 0
        elif change == "history":
            state.previous_conditions.clear()
        elif change == "deadline":
            state.deadline_at += timedelta(seconds=1)
        elif change == "retry":
            changes["retry"] = retry.model_copy(update={"remaining_retries": 1})
        elif change == "original":
            changes["original"] = freeze_original_visual_plan(
                **{**original.freeze_inputs(), "proposal_hash": "f" * 64}
            )
        else:
            changes["checkpoint"] = checkpoint.model_copy(update={"current_step_id": "wrong-step"})
        with pytest.raises((IdempotencyConflictError, ValueError)):
>           adopt(repo, source, **changes)

tests/test_visual_bootstrap_repository.py:776: 
_ _ _ _ _ _ _ _ _ _ _ _ _ _ _ _ _ _ _ _ _ _ _ _ _ _ _ _ _ _ _ _ _ _ _ _ _ _ _ _ 

repo = <cloud_edge_robot_arm.repositories.event_autonomy.memory.InMemoryEventAutonomyRepository object at 0x701eb21a10d0>
source = (<cloud_edge_robot_arm.repositories.event_autonomy.visual_bootstrap.VisualBootstrapRecord object at 0x701e8a424890>, V...ud_edge_robot_arm.repositories.event_autonomy.visual_bootstrap.VisualBootstrapPromotionInput object at 0x701eb213a8d0>)
changes = {'retry': RecoveryBudget(budget_id='bootstrap-retry-fbc64046df7c7fedbf4d001ae323845b', task_id='episode', per_step_ret...o=datetime.timezone.utc), updated_at=datetime.datetime(2026, 10, 4, 19, 23, 53, 545514, tzinfo=datetime.timezone.utc))}
record = <cloud_edge_robot_arm.repositories.event_autonomy.visual_bootstrap.VisualBootstrapRecord object at 0x701e8a424890>
original = VisualOriginalPlan(identity=VisualOwnerIdentity(job_id='job-1', run_id='run-1', attempt=1, worker_id='worker-1', lease...datetime.timezone.utc), registered_at=datetime.datetime(2026, 10, 4, 19, 23, 53, 545514, tzinfo=datetime.timezone.utc))
checkpoint = ExecutionCheckpoint(checkpoint_id='software-bootstrap-initial', task_id='episode', plan_id='software-bootstrap-plan', ...e.timezone.utc), correlation_id='', checkpoint_hash='7021d8b57e22084e2c3847b332738500f6608c0e99ff1477871c6be3896b44a7')
state = VerificationBudgetState(remaining_reobservations=0, remaining_retries=0, consecutive_no_progress=1, deadline_at=dateti...100.0), previous_conditions={'bootstrap_plan_source': ('UNKNOWN', None)}, exhausted_reason=None, verification_rounds=2)
retry = RecoveryBudget(budget_id='bootstrap-retry-fbc64046df7c7fedbf4d001ae323845b', task_id='episode', per_step_retry_limit=0...fo=datetime.timezone.utc), updated_at=datetime.datetime(2026, 10, 4, 19, 23, 53, 545514, tzinfo=datetime.timezone.utc))
promotion = <cloud_edge_robot_arm.repositories.event_autonomy.visual_bootstrap.VisualBootstrapPromotionInput object at 0x701eb213a8d0>

    def adopt(repo, source, **changes):
        record, original, checkpoint, state, retry, promotion = source
>       return repo.initialize_visual_owner_if_absent(
            changes.get("original", original),
            changes.get("checkpoint", checkpoint),
            changes.get("state", state),
            changes.get("retry", retry),
            bootstrap_promotion=changes.get("promotion", promotion),
        )
E       TypeError: InMemoryEventAutonomyRepository.initialize_visual_owner_if_absent() got an unexpected keyword argument 'bootstrap_promotion'

tests/test_visual_bootstrap_repository.py:709: TypeError
_ test_promotion_changed_source_or_pool_does_not_create_any_partial_owner_rows[memory-original] _

store = (<cloud_edge_robot_arm.repositories.event_autonomy.memory.InMemoryEventAutonomyRepository object at 0x701eb2176de0>, {...2222222222222222222222222222', attempt_state_hash='3333333333333333333333333333333333333333333333333333333333333333')})
change = 'original'

    @pytest.mark.parametrize(
        "change", ["quota", "rounds", "history", "deadline", "retry", "original", "checkpoint"]
    )
    def test_promotion_changed_source_or_pool_does_not_create_any_partial_owner_rows(store, change):
        from cloud_edge_robot_arm.vision.owner_registration import freeze_original_visual_plan
    
        repo, data = store
        source = promotion_ready(repo, data)
        record, original, checkpoint, state, retry, promotion = source
        changes = {}
        if change == "quota":
            state.remaining_reobservations = state.limits.max_reobservations
        elif change == "rounds":
            state.verification_rounds = 0
        elif change == "history":
            state.previous_conditions.clear()
        elif change == "deadline":
            state.deadline_at += timedelta(seconds=1)
        elif change == "retry":
            changes["retry"] = retry.model_copy(update={"remaining_retries": 1})
        elif change == "original":
            changes["original"] = freeze_original_visual_plan(
                **{**original.freeze_inputs(), "proposal_hash": "f" * 64}
            )
        else:
            changes["checkpoint"] = checkpoint.model_copy(update={"current_step_id": "wrong-step"})
        with pytest.raises((IdempotencyConflictError, ValueError)):
>           adopt(repo, source, **changes)

tests/test_visual_bootstrap_repository.py:776: 
_ _ _ _ _ _ _ _ _ _ _ _ _ _ _ _ _ _ _ _ _ _ _ _ _ _ _ _ _ _ _ _ _ _ _ _ _ _ _ _ 

repo = <cloud_edge_robot_arm.repositories.event_autonomy.memory.InMemoryEventAutonomyRepository object at 0x701eb2176de0>
source = (<cloud_edge_robot_arm.repositories.event_autonomy.visual_bootstrap.VisualBootstrapRecord object at 0x701e8a4af350>, V...ud_edge_robot_arm.repositories.event_autonomy.visual_bootstrap.VisualBootstrapPromotionInput object at 0x701eb2160590>)
changes = {'original': VisualOriginalPlan(identity=VisualOwnerIdentity(job_id='job-1', run_id='run-1', attempt=1, worker_id='wor...atetime.timezone.utc), registered_at=datetime.datetime(2026, 10, 4, 19, 23, 53, 994078, tzinfo=datetime.timezone.utc))}
record = <cloud_edge_robot_arm.repositories.event_autonomy.visual_bootstrap.VisualBootstrapRecord object at 0x701e8a4af350>
original = VisualOriginalPlan(identity=VisualOwnerIdentity(job_id='job-1', run_id='run-1', attempt=1, worker_id='worker-1', lease...datetime.timezone.utc), registered_at=datetime.datetime(2026, 10, 4, 19, 23, 53, 994078, tzinfo=datetime.timezone.utc))
checkpoint = ExecutionCheckpoint(checkpoint_id='software-bootstrap-initial', task_id='episode', plan_id='software-bootstrap-plan', ...e.timezone.utc), correlation_id='', checkpoint_hash='b4b00e92a626b701ad2708867c584e39c9069229c47180f10f576934b64246ea')
state = VerificationBudgetState(remaining_reobservations=0, remaining_retries=0, consecutive_no_progress=1, deadline_at=dateti...100.0), previous_conditions={'bootstrap_plan_source': ('UNKNOWN', None)}, exhausted_reason=None, verification_rounds=2)
retry = RecoveryBudget(budget_id='bootstrap-retry-fbc64046df7c7fedbf4d001ae323845b', task_id='episode', per_step_retry_limit=0...fo=datetime.timezone.utc), updated_at=datetime.datetime(2026, 10, 4, 19, 23, 53, 994078, tzinfo=datetime.timezone.utc))
promotion = <cloud_edge_robot_arm.repositories.event_autonomy.visual_bootstrap.VisualBootstrapPromotionInput object at 0x701eb2160590>

    def adopt(repo, source, **changes):
        record, original, checkpoint, state, retry, promotion = source
>       return repo.initialize_visual_owner_if_absent(
            changes.get("original", original),
            changes.get("checkpoint", checkpoint),
            changes.get("state", state),
            changes.get("retry", retry),
            bootstrap_promotion=changes.get("promotion", promotion),
        )
E       TypeError: InMemoryEventAutonomyRepository.initialize_visual_owner_if_absent() got an unexpected keyword argument 'bootstrap_promotion'

tests/test_visual_bootstrap_repository.py:709: TypeError
_ test_promotion_changed_source_or_pool_does_not_create_any_partial_owner_rows[memory-checkpoint] _

store = (<cloud_edge_robot_arm.repositories.event_autonomy.memory.InMemoryEventAutonomyRepository object at 0x701eb21cf140>, {...2222222222222222222222222222', attempt_state_hash='3333333333333333333333333333333333333333333333333333333333333333')})
change = 'checkpoint'

    @pytest.mark.parametrize(
        "change", ["quota", "rounds", "history", "deadline", "retry", "original", "checkpoint"]
    )
    def test_promotion_changed_source_or_pool_does_not_create_any_partial_owner_rows(store, change):
        from cloud_edge_robot_arm.vision.owner_registration import freeze_original_visual_plan
    
        repo, data = store
        source = promotion_ready(repo, data)
        record, original, checkpoint, state, retry, promotion = source
        changes = {}
        if change == "quota":
            state.remaining_reobservations = state.limits.max_reobservations
        elif change == "rounds":
            state.verification_rounds = 0
        elif change == "history":
            state.previous_conditions.clear()
        elif change == "deadline":
            state.deadline_at += timedelta(seconds=1)
        elif change == "retry":
            changes["retry"] = retry.model_copy(update={"remaining_retries": 1})
        elif change == "original":
            changes["original"] = freeze_original_visual_plan(
                **{**original.freeze_inputs(), "proposal_hash": "f" * 64}
            )
        else:
            changes["checkpoint"] = checkpoint.model_copy(update={"current_step_id": "wrong-step"})
        with pytest.raises((IdempotencyConflictError, ValueError)):
>           adopt(repo, source, **changes)

tests/test_visual_bootstrap_repository.py:776: 
_ _ _ _ _ _ _ _ _ _ _ _ _ _ _ _ _ _ _ _ _ _ _ _ _ _ _ _ _ _ _ _ _ _ _ _ _ _ _ _ 

repo = <cloud_edge_robot_arm.repositories.event_autonomy.memory.InMemoryEventAutonomyRepository object at 0x701eb21cf140>
source = (<cloud_edge_robot_arm.repositories.event_autonomy.visual_bootstrap.VisualBootstrapRecord object at 0x701e8a536e90>, V...ud_edge_robot_arm.repositories.event_autonomy.visual_bootstrap.VisualBootstrapPromotionInput object at 0x701e8a425410>)
changes = {'checkpoint': ExecutionCheckpoint(checkpoint_id='software-bootstrap-initial', task_id='episode', plan_id='software-bo....timezone.utc), correlation_id='', checkpoint_hash='516cd2d2465750bf630e1dbf496d0711fbc34472c32da240371a0b321f0502f6')}
record = <cloud_edge_robot_arm.repositories.event_autonomy.visual_bootstrap.VisualBootstrapRecord object at 0x701e8a536e90>
original = VisualOriginalPlan(identity=VisualOwnerIdentity(job_id='job-1', run_id='run-1', attempt=1, worker_id='worker-1', lease...datetime.timezone.utc), registered_at=datetime.datetime(2026, 10, 4, 19, 23, 54, 444643, tzinfo=datetime.timezone.utc))
checkpoint = ExecutionCheckpoint(checkpoint_id='software-bootstrap-initial', task_id='episode', plan_id='software-bootstrap-plan', ...e.timezone.utc), correlation_id='', checkpoint_hash='516cd2d2465750bf630e1dbf496d0711fbc34472c32da240371a0b321f0502f6')
state = VerificationBudgetState(remaining_reobservations=0, remaining_retries=0, consecutive_no_progress=1, deadline_at=dateti...100.0), previous_conditions={'bootstrap_plan_source': ('UNKNOWN', None)}, exhausted_reason=None, verification_rounds=2)
retry = RecoveryBudget(budget_id='bootstrap-retry-fbc64046df7c7fedbf4d001ae323845b', task_id='episode', per_step_retry_limit=0...fo=datetime.timezone.utc), updated_at=datetime.datetime(2026, 10, 4, 19, 23, 54, 444643, tzinfo=datetime.timezone.utc))
promotion = <cloud_edge_robot_arm.repositories.event_autonomy.visual_bootstrap.VisualBootstrapPromotionInput object at 0x701e8a425410>

    def adopt(repo, source, **changes):
        record, original, checkpoint, state, retry, promotion = source
>       return repo.initialize_visual_owner_if_absent(
            changes.get("original", original),
            changes.get("checkpoint", checkpoint),
            changes.get("state", state),
            changes.get("retry", retry),
            bootstrap_promotion=changes.get("promotion", promotion),
        )
E       TypeError: InMemoryEventAutonomyRepository.initialize_visual_owner_if_absent() got an unexpected keyword argument 'bootstrap_promotion'

tests/test_visual_bootstrap_repository.py:709: TypeError
_ test_promotion_changed_source_or_pool_does_not_create_any_partial_owner_rows[sqlite-quota] _

store = (<cloud_edge_robot_arm.repositories.event_autonomy.sqlite.SQLiteEventAutonomyRepository object at 0x701e8a530fb0>, {'d...2222222222222222222222222222', attempt_state_hash='3333333333333333333333333333333333333333333333333333333333333333')})
change = 'quota'

    @pytest.mark.parametrize(
        "change", ["quota", "rounds", "history", "deadline", "retry", "original", "checkpoint"]
    )
    def test_promotion_changed_source_or_pool_does_not_create_any_partial_owner_rows(store, change):
        from cloud_edge_robot_arm.vision.owner_registration import freeze_original_visual_plan
    
        repo, data = store
        source = promotion_ready(repo, data)
        record, original, checkpoint, state, retry, promotion = source
        changes = {}
        if change == "quota":
            state.remaining_reobservations = state.limits.max_reobservations
        elif change == "rounds":
            state.verification_rounds = 0
        elif change == "history":
            state.previous_conditions.clear()
        elif change == "deadline":
            state.deadline_at += timedelta(seconds=1)
        elif change == "retry":
            changes["retry"] = retry.model_copy(update={"remaining_retries": 1})
        elif change == "original":
            changes["original"] = freeze_original_visual_plan(
                **{**original.freeze_inputs(), "proposal_hash": "f" * 64}
            )
        else:
            changes["checkpoint"] = checkpoint.model_copy(update={"current_step_id": "wrong-step"})
        with pytest.raises((IdempotencyConflictError, ValueError)):
>           adopt(repo, source, **changes)

tests/test_visual_bootstrap_repository.py:776: 
_ _ _ _ _ _ _ _ _ _ _ _ _ _ _ _ _ _ _ _ _ _ _ _ _ _ _ _ _ _ _ _ _ _ _ _ _ _ _ _ 

repo = <cloud_edge_robot_arm.repositories.event_autonomy.sqlite.SQLiteEventAutonomyRepository object at 0x701e8a530fb0>
source = (<cloud_edge_robot_arm.repositories.event_autonomy.visual_bootstrap.VisualBootstrapRecord object at 0x701e8a424110>, V...ud_edge_robot_arm.repositories.event_autonomy.visual_bootstrap.VisualBootstrapPromotionInput object at 0x701e8a5c8590>)
changes = {}
record = <cloud_edge_robot_arm.repositories.event_autonomy.visual_bootstrap.VisualBootstrapRecord object at 0x701e8a424110>
original = VisualOriginalPlan(identity=VisualOwnerIdentity(job_id='job-1', run_id='run-1', attempt=1, worker_id='worker-1', lease...datetime.timezone.utc), registered_at=datetime.datetime(2026, 10, 4, 19, 23, 55, 210999, tzinfo=datetime.timezone.utc))
checkpoint = ExecutionCheckpoint(checkpoint_id='software-bootstrap-initial', task_id='episode', plan_id='software-bootstrap-plan', ...e.timezone.utc), correlation_id='', checkpoint_hash='9386cd03ec5b800c1a1886dcdf7b8044d80372c9d3e01d3e093e0418a8342850')
state = VerificationBudgetState(remaining_reobservations=2, remaining_retries=0, consecutive_no_progress=1, deadline_at=dateti...100.0), previous_conditions={'bootstrap_plan_source': ('UNKNOWN', None)}, exhausted_reason=None, verification_rounds=2)
retry = RecoveryBudget(budget_id='bootstrap-retry-fbc64046df7c7fedbf4d001ae323845b', task_id='episode', per_step_retry_limit=0...fo=datetime.timezone.utc), updated_at=datetime.datetime(2026, 10, 4, 19, 23, 55, 210999, tzinfo=datetime.timezone.utc))
promotion = <cloud_edge_robot_arm.repositories.event_autonomy.visual_bootstrap.VisualBootstrapPromotionInput object at 0x701e8a5c8590>

    def adopt(repo, source, **changes):
        record, original, checkpoint, state, retry, promotion = source
>       return repo.initialize_visual_owner_if_absent(
            changes.get("original", original),
            changes.get("checkpoint", checkpoint),
            changes.get("state", state),
            changes.get("retry", retry),
            bootstrap_promotion=changes.get("promotion", promotion),
        )
E       TypeError: SQLiteEventAutonomyRepository.initialize_visual_owner_if_absent() got an unexpected keyword argument 'bootstrap_promotion'

tests/test_visual_bootstrap_repository.py:709: TypeError
_ test_promotion_changed_source_or_pool_does_not_create_any_partial_owner_rows[sqlite-rounds] _

store = (<cloud_edge_robot_arm.repositories.event_autonomy.sqlite.SQLiteEventAutonomyRepository object at 0x701e8a532d20>, {'d...2222222222222222222222222222', attempt_state_hash='3333333333333333333333333333333333333333333333333333333333333333')})
change = 'rounds'

    @pytest.mark.parametrize(
        "change", ["quota", "rounds", "history", "deadline", "retry", "original", "checkpoint"]
    )
    def test_promotion_changed_source_or_pool_does_not_create_any_partial_owner_rows(store, change):
        from cloud_edge_robot_arm.vision.owner_registration import freeze_original_visual_plan
    
        repo, data = store
        source = promotion_ready(repo, data)
        record, original, checkpoint, state, retry, promotion = source
        changes = {}
        if change == "quota":
            state.remaining_reobservations = state.limits.max_reobservations
        elif change == "rounds":
            state.verification_rounds = 0
        elif change == "history":
            state.previous_conditions.clear()
        elif change == "deadline":
            state.deadline_at += timedelta(seconds=1)
        elif change == "retry":
            changes["retry"] = retry.model_copy(update={"remaining_retries": 1})
        elif change == "original":
            changes["original"] = freeze_original_visual_plan(
                **{**original.freeze_inputs(), "proposal_hash": "f" * 64}
            )
        else:
            changes["checkpoint"] = checkpoint.model_copy(update={"current_step_id": "wrong-step"})
        with pytest.raises((IdempotencyConflictError, ValueError)):
>           adopt(repo, source, **changes)

tests/test_visual_bootstrap_repository.py:776: 
_ _ _ _ _ _ _ _ _ _ _ _ _ _ _ _ _ _ _ _ _ _ _ _ _ _ _ _ _ _ _ _ _ _ _ _ _ _ _ _ 

repo = <cloud_edge_robot_arm.repositories.event_autonomy.sqlite.SQLiteEventAutonomyRepository object at 0x701e8a532d20>
source = (<cloud_edge_robot_arm.repositories.event_autonomy.visual_bootstrap.VisualBootstrapRecord object at 0x701e8a4abb90>, V...ud_edge_robot_arm.repositories.event_autonomy.visual_bootstrap.VisualBootstrapPromotionInput object at 0x701eb6cc2510>)
changes = {}
record = <cloud_edge_robot_arm.repositories.event_autonomy.visual_bootstrap.VisualBootstrapRecord object at 0x701e8a4abb90>
original = VisualOriginalPlan(identity=VisualOwnerIdentity(job_id='job-1', run_id='run-1', attempt=1, worker_id='worker-1', lease...datetime.timezone.utc), registered_at=datetime.datetime(2026, 10, 4, 19, 23, 55, 971462, tzinfo=datetime.timezone.utc))
checkpoint = ExecutionCheckpoint(checkpoint_id='software-bootstrap-initial', task_id='episode', plan_id='software-bootstrap-plan', ...e.timezone.utc), correlation_id='', checkpoint_hash='f3007f03ab54c5acb15193aaa37732b711ae12158f2ec4312c6a331164c40514')
state = VerificationBudgetState(remaining_reobservations=0, remaining_retries=0, consecutive_no_progress=1, deadline_at=dateti...100.0), previous_conditions={'bootstrap_plan_source': ('UNKNOWN', None)}, exhausted_reason=None, verification_rounds=0)
retry = RecoveryBudget(budget_id='bootstrap-retry-fbc64046df7c7fedbf4d001ae323845b', task_id='episode', per_step_retry_limit=0...fo=datetime.timezone.utc), updated_at=datetime.datetime(2026, 10, 4, 19, 23, 55, 971462, tzinfo=datetime.timezone.utc))
promotion = <cloud_edge_robot_arm.repositories.event_autonomy.visual_bootstrap.VisualBootstrapPromotionInput object at 0x701eb6cc2510>

    def adopt(repo, source, **changes):
        record, original, checkpoint, state, retry, promotion = source
>       return repo.initialize_visual_owner_if_absent(
            changes.get("original", original),
            changes.get("checkpoint", checkpoint),
            changes.get("state", state),
            changes.get("retry", retry),
            bootstrap_promotion=changes.get("promotion", promotion),
        )
E       TypeError: SQLiteEventAutonomyRepository.initialize_visual_owner_if_absent() got an unexpected keyword argument 'bootstrap_promotion'

tests/test_visual_bootstrap_repository.py:709: TypeError
_ test_promotion_changed_source_or_pool_does_not_create_any_partial_owner_rows[sqlite-history] _

store = (<cloud_edge_robot_arm.repositories.event_autonomy.sqlite.SQLiteEventAutonomyRepository object at 0x701e8a5d8a40>, {'d...2222222222222222222222222222', attempt_state_hash='3333333333333333333333333333333333333333333333333333333333333333')})
change = 'history'

    @pytest.mark.parametrize(
        "change", ["quota", "rounds", "history", "deadline", "retry", "original", "checkpoint"]
    )
    def test_promotion_changed_source_or_pool_does_not_create_any_partial_owner_rows(store, change):
        from cloud_edge_robot_arm.vision.owner_registration import freeze_original_visual_plan
    
        repo, data = store
        source = promotion_ready(repo, data)
        record, original, checkpoint, state, retry, promotion = source
        changes = {}
        if change == "quota":
            state.remaining_reobservations = state.limits.max_reobservations
        elif change == "rounds":
            state.verification_rounds = 0
        elif change == "history":
            state.previous_conditions.clear()
        elif change == "deadline":
            state.deadline_at += timedelta(seconds=1)
        elif change == "retry":
            changes["retry"] = retry.model_copy(update={"remaining_retries": 1})
        elif change == "original":
            changes["original"] = freeze_original_visual_plan(
                **{**original.freeze_inputs(), "proposal_hash": "f" * 64}
            )
        else:
            changes["checkpoint"] = checkpoint.model_copy(update={"current_step_id": "wrong-step"})
        with pytest.raises((IdempotencyConflictError, ValueError)):
>           adopt(repo, source, **changes)

tests/test_visual_bootstrap_repository.py:776: 
_ _ _ _ _ _ _ _ _ _ _ _ _ _ _ _ _ _ _ _ _ _ _ _ _ _ _ _ _ _ _ _ _ _ _ _ _ _ _ _ 

repo = <cloud_edge_robot_arm.repositories.event_autonomy.sqlite.SQLiteEventAutonomyRepository object at 0x701e8a5d8a40>
source = (<cloud_edge_robot_arm.repositories.event_autonomy.visual_bootstrap.VisualBootstrapRecord object at 0x701e8a537e50>, V...ud_edge_robot_arm.repositories.event_autonomy.visual_bootstrap.VisualBootstrapPromotionInput object at 0x701e8a449a90>)
changes = {}
record = <cloud_edge_robot_arm.repositories.event_autonomy.visual_bootstrap.VisualBootstrapRecord object at 0x701e8a537e50>
original = VisualOriginalPlan(identity=VisualOwnerIdentity(job_id='job-1', run_id='run-1', attempt=1, worker_id='worker-1', lease...datetime.timezone.utc), registered_at=datetime.datetime(2026, 10, 4, 19, 23, 56, 732648, tzinfo=datetime.timezone.utc))
checkpoint = ExecutionCheckpoint(checkpoint_id='software-bootstrap-initial', task_id='episode', plan_id='software-bootstrap-plan', ...e.timezone.utc), correlation_id='', checkpoint_hash='382c86ceae06b1277c6381cfe6843c7315260094b02b0e8c56840378a2ff5a88')
state = VerificationBudgetState(remaining_reobservations=0, remaining_retries=0, consecutive_no_progress=1, deadline_at=dateti..._retries=0, max_no_progress=3, deadline_s=100.0), previous_conditions={}, exhausted_reason=None, verification_rounds=2)
retry = RecoveryBudget(budget_id='bootstrap-retry-fbc64046df7c7fedbf4d001ae323845b', task_id='episode', per_step_retry_limit=0...fo=datetime.timezone.utc), updated_at=datetime.datetime(2026, 10, 4, 19, 23, 56, 732648, tzinfo=datetime.timezone.utc))
promotion = <cloud_edge_robot_arm.repositories.event_autonomy.visual_bootstrap.VisualBootstrapPromotionInput object at 0x701e8a449a90>

    def adopt(repo, source, **changes):
        record, original, checkpoint, state, retry, promotion = source
>       return repo.initialize_visual_owner_if_absent(
            changes.get("original", original),
            changes.get("checkpoint", checkpoint),
            changes.get("state", state),
            changes.get("retry", retry),
            bootstrap_promotion=changes.get("promotion", promotion),
        )
E       TypeError: SQLiteEventAutonomyRepository.initialize_visual_owner_if_absent() got an unexpected keyword argument 'bootstrap_promotion'

tests/test_visual_bootstrap_repository.py:709: TypeError
_ test_promotion_changed_source_or_pool_does_not_create_any_partial_owner_rows[sqlite-deadline] _

store = (<cloud_edge_robot_arm.repositories.event_autonomy.sqlite.SQLiteEventAutonomyRepository object at 0x701e8a5db530>, {'d...2222222222222222222222222222', attempt_state_hash='3333333333333333333333333333333333333333333333333333333333333333')})
change = 'deadline'

    @pytest.mark.parametrize(
        "change", ["quota", "rounds", "history", "deadline", "retry", "original", "checkpoint"]
    )
    def test_promotion_changed_source_or_pool_does_not_create_any_partial_owner_rows(store, change):
        from cloud_edge_robot_arm.vision.owner_registration import freeze_original_visual_plan
    
        repo, data = store
        source = promotion_ready(repo, data)
        record, original, checkpoint, state, retry, promotion = source
        changes = {}
        if change == "quota":
            state.remaining_reobservations = state.limits.max_reobservations
        elif change == "rounds":
            state.verification_rounds = 0
        elif change == "history":
            state.previous_conditions.clear()
        elif change == "deadline":
            state.deadline_at += timedelta(seconds=1)
        elif change == "retry":
            changes["retry"] = retry.model_copy(update={"remaining_retries": 1})
        elif change == "original":
            changes["original"] = freeze_original_visual_plan(
                **{**original.freeze_inputs(), "proposal_hash": "f" * 64}
            )
        else:
            changes["checkpoint"] = checkpoint.model_copy(update={"current_step_id": "wrong-step"})
        with pytest.raises((IdempotencyConflictError, ValueError)):
>           adopt(repo, source, **changes)

tests/test_visual_bootstrap_repository.py:776: 
_ _ _ _ _ _ _ _ _ _ _ _ _ _ _ _ _ _ _ _ _ _ _ _ _ _ _ _ _ _ _ _ _ _ _ _ _ _ _ _ 

repo = <cloud_edge_robot_arm.repositories.event_autonomy.sqlite.SQLiteEventAutonomyRepository object at 0x701e8a5db530>
source = (<cloud_edge_robot_arm.repositories.event_autonomy.visual_bootstrap.VisualBootstrapRecord object at 0x701e8a41d510>, V...ud_edge_robot_arm.repositories.event_autonomy.visual_bootstrap.VisualBootstrapPromotionInput object at 0x701eb2158890>)
changes = {}
record = <cloud_edge_robot_arm.repositories.event_autonomy.visual_bootstrap.VisualBootstrapRecord object at 0x701e8a41d510>
original = VisualOriginalPlan(identity=VisualOwnerIdentity(job_id='job-1', run_id='run-1', attempt=1, worker_id='worker-1', lease...datetime.timezone.utc), registered_at=datetime.datetime(2026, 10, 4, 19, 23, 57, 501153, tzinfo=datetime.timezone.utc))
checkpoint = ExecutionCheckpoint(checkpoint_id='software-bootstrap-initial', task_id='episode', plan_id='software-bootstrap-plan', ...e.timezone.utc), correlation_id='', checkpoint_hash='d0fad27e667a038df70f981f899520bd283cca6c4bbe97b9baf3395e860d9f7c')
state = VerificationBudgetState(remaining_reobservations=0, remaining_retries=0, consecutive_no_progress=1, deadline_at=dateti...100.0), previous_conditions={'bootstrap_plan_source': ('UNKNOWN', None)}, exhausted_reason=None, verification_rounds=2)
retry = RecoveryBudget(budget_id='bootstrap-retry-fbc64046df7c7fedbf4d001ae323845b', task_id='episode', per_step_retry_limit=0...fo=datetime.timezone.utc), updated_at=datetime.datetime(2026, 10, 4, 19, 23, 57, 501153, tzinfo=datetime.timezone.utc))
promotion = <cloud_edge_robot_arm.repositories.event_autonomy.visual_bootstrap.VisualBootstrapPromotionInput object at 0x701eb2158890>

    def adopt(repo, source, **changes):
        record, original, checkpoint, state, retry, promotion = source
>       return repo.initialize_visual_owner_if_absent(
            changes.get("original", original),
            changes.get("checkpoint", checkpoint),
            changes.get("state", state),
            changes.get("retry", retry),
            bootstrap_promotion=changes.get("promotion", promotion),
        )
E       TypeError: SQLiteEventAutonomyRepository.initialize_visual_owner_if_absent() got an unexpected keyword argument 'bootstrap_promotion'

tests/test_visual_bootstrap_repository.py:709: TypeError
_ test_promotion_changed_source_or_pool_does_not_create_any_partial_owner_rows[sqlite-retry] _

store = (<cloud_edge_robot_arm.repositories.event_autonomy.sqlite.SQLiteEventAutonomyRepository object at 0x701eb6a9c530>, {'d...2222222222222222222222222222', attempt_state_hash='3333333333333333333333333333333333333333333333333333333333333333')})
change = 'retry'

    @pytest.mark.parametrize(
        "change", ["quota", "rounds", "history", "deadline", "retry", "original", "checkpoint"]
    )
    def test_promotion_changed_source_or_pool_does_not_create_any_partial_owner_rows(store, change):
        from cloud_edge_robot_arm.vision.owner_registration import freeze_original_visual_plan
    
        repo, data = store
        source = promotion_ready(repo, data)
        record, original, checkpoint, state, retry, promotion = source
        changes = {}
        if change == "quota":
            state.remaining_reobservations = state.limits.max_reobservations
        elif change == "rounds":
            state.verification_rounds = 0
        elif change == "history":
            state.previous_conditions.clear()
        elif change == "deadline":
            state.deadline_at += timedelta(seconds=1)
        elif change == "retry":
            changes["retry"] = retry.model_copy(update={"remaining_retries": 1})
        elif change == "original":
            changes["original"] = freeze_original_visual_plan(
                **{**original.freeze_inputs(), "proposal_hash": "f" * 64}
            )
        else:
            changes["checkpoint"] = checkpoint.model_copy(update={"current_step_id": "wrong-step"})
        with pytest.raises((IdempotencyConflictError, ValueError)):
>           adopt(repo, source, **changes)

tests/test_visual_bootstrap_repository.py:776: 
_ _ _ _ _ _ _ _ _ _ _ _ _ _ _ _ _ _ _ _ _ _ _ _ _ _ _ _ _ _ _ _ _ _ _ _ _ _ _ _ 

repo = <cloud_edge_robot_arm.repositories.event_autonomy.sqlite.SQLiteEventAutonomyRepository object at 0x701eb6a9c530>
source = (<cloud_edge_robot_arm.repositories.event_autonomy.visual_bootstrap.VisualBootstrapRecord object at 0x701e8a321ed0>, V...ud_edge_robot_arm.repositories.event_autonomy.visual_bootstrap.VisualBootstrapPromotionInput object at 0x701eb6ad1a10>)
changes = {'retry': RecoveryBudget(budget_id='bootstrap-retry-fbc64046df7c7fedbf4d001ae323845b', task_id='episode', per_step_ret...o=datetime.timezone.utc), updated_at=datetime.datetime(2026, 10, 4, 19, 23, 58, 280929, tzinfo=datetime.timezone.utc))}
record = <cloud_edge_robot_arm.repositories.event_autonomy.visual_bootstrap.VisualBootstrapRecord object at 0x701e8a321ed0>
original = VisualOriginalPlan(identity=VisualOwnerIdentity(job_id='job-1', run_id='run-1', attempt=1, worker_id='worker-1', lease...datetime.timezone.utc), registered_at=datetime.datetime(2026, 10, 4, 19, 23, 58, 280929, tzinfo=datetime.timezone.utc))
checkpoint = ExecutionCheckpoint(checkpoint_id='software-bootstrap-initial', task_id='episode', plan_id='software-bootstrap-plan', ...e.timezone.utc), correlation_id='', checkpoint_hash='384358a879fadc77a64a0bf5f6291fe5afc2dfc22872a3394f28a2caf7cecc13')
state = VerificationBudgetState(remaining_reobservations=0, remaining_retries=0, consecutive_no_progress=1, deadline_at=dateti...100.0), previous_conditions={'bootstrap_plan_source': ('UNKNOWN', None)}, exhausted_reason=None, verification_rounds=2)
retry = RecoveryBudget(budget_id='bootstrap-retry-fbc64046df7c7fedbf4d001ae323845b', task_id='episode', per_step_retry_limit=0...fo=datetime.timezone.utc), updated_at=datetime.datetime(2026, 10, 4, 19, 23, 58, 280929, tzinfo=datetime.timezone.utc))
promotion = <cloud_edge_robot_arm.repositories.event_autonomy.visual_bootstrap.VisualBootstrapPromotionInput object at 0x701eb6ad1a10>

    def adopt(repo, source, **changes):
        record, original, checkpoint, state, retry, promotion = source
>       return repo.initialize_visual_owner_if_absent(
            changes.get("original", original),
            changes.get("checkpoint", checkpoint),
            changes.get("state", state),
            changes.get("retry", retry),
            bootstrap_promotion=changes.get("promotion", promotion),
        )
E       TypeError: SQLiteEventAutonomyRepository.initialize_visual_owner_if_absent() got an unexpected keyword argument 'bootstrap_promotion'

tests/test_visual_bootstrap_repository.py:709: TypeError
_ test_promotion_changed_source_or_pool_does_not_create_any_partial_owner_rows[sqlite-original] _

store = (<cloud_edge_robot_arm.repositories.event_autonomy.sqlite.SQLiteEventAutonomyRepository object at 0x701eb2175dc0>, {'d...2222222222222222222222222222', attempt_state_hash='3333333333333333333333333333333333333333333333333333333333333333')})
change = 'original'

    @pytest.mark.parametrize(
        "change", ["quota", "rounds", "history", "deadline", "retry", "original", "checkpoint"]
    )
    def test_promotion_changed_source_or_pool_does_not_create_any_partial_owner_rows(store, change):
        from cloud_edge_robot_arm.vision.owner_registration import freeze_original_visual_plan
    
        repo, data = store
        source = promotion_ready(repo, data)
        record, original, checkpoint, state, retry, promotion = source
        changes = {}
        if change == "quota":
            state.remaining_reobservations = state.limits.max_reobservations
        elif change == "rounds":
            state.verification_rounds = 0
        elif change == "history":
            state.previous_conditions.clear()
        elif change == "deadline":
            state.deadline_at += timedelta(seconds=1)
        elif change == "retry":
            changes["retry"] = retry.model_copy(update={"remaining_retries": 1})
        elif change == "original":
            changes["original"] = freeze_original_visual_plan(
                **{**original.freeze_inputs(), "proposal_hash": "f" * 64}
            )
        else:
            changes["checkpoint"] = checkpoint.model_copy(update={"current_step_id": "wrong-step"})
        with pytest.raises((IdempotencyConflictError, ValueError)):
>           adopt(repo, source, **changes)

tests/test_visual_bootstrap_repository.py:776: 
_ _ _ _ _ _ _ _ _ _ _ _ _ _ _ _ _ _ _ _ _ _ _ _ _ _ _ _ _ _ _ _ _ _ _ _ _ _ _ _ 

repo = <cloud_edge_robot_arm.repositories.event_autonomy.sqlite.SQLiteEventAutonomyRepository object at 0x701eb2175dc0>
source = (<cloud_edge_robot_arm.repositories.event_autonomy.visual_bootstrap.VisualBootstrapRecord object at 0x701e8a33c3d0>, V...ud_edge_robot_arm.repositories.event_autonomy.visual_bootstrap.VisualBootstrapPromotionInput object at 0x701eb21590d0>)
changes = {'original': VisualOriginalPlan(identity=VisualOwnerIdentity(job_id='job-1', run_id='run-1', attempt=1, worker_id='wor...datetime.timezone.utc), registered_at=datetime.datetime(2026, 10, 4, 19, 23, 59, 43443, tzinfo=datetime.timezone.utc))}
record = <cloud_edge_robot_arm.repositories.event_autonomy.visual_bootstrap.VisualBootstrapRecord object at 0x701e8a33c3d0>
original = VisualOriginalPlan(identity=VisualOwnerIdentity(job_id='job-1', run_id='run-1', attempt=1, worker_id='worker-1', lease...=datetime.timezone.utc), registered_at=datetime.datetime(2026, 10, 4, 19, 23, 59, 43443, tzinfo=datetime.timezone.utc))
checkpoint = ExecutionCheckpoint(checkpoint_id='software-bootstrap-initial', task_id='episode', plan_id='software-bootstrap-plan', ...e.timezone.utc), correlation_id='', checkpoint_hash='b2ed0d06bfaaadf59b0b429a97f5cd016e9a6ab4cb6e0f75a54a2afbc5a7f8f0')
state = VerificationBudgetState(remaining_reobservations=0, remaining_retries=0, consecutive_no_progress=1, deadline_at=dateti...100.0), previous_conditions={'bootstrap_plan_source': ('UNKNOWN', None)}, exhausted_reason=None, verification_rounds=2)
retry = RecoveryBudget(budget_id='bootstrap-retry-fbc64046df7c7fedbf4d001ae323845b', task_id='episode', per_step_retry_limit=0...nfo=datetime.timezone.utc), updated_at=datetime.datetime(2026, 10, 4, 19, 23, 59, 43443, tzinfo=datetime.timezone.utc))
promotion = <cloud_edge_robot_arm.repositories.event_autonomy.visual_bootstrap.VisualBootstrapPromotionInput object at 0x701eb21590d0>

    def adopt(repo, source, **changes):
        record, original, checkpoint, state, retry, promotion = source
>       return repo.initialize_visual_owner_if_absent(
            changes.get("original", original),
            changes.get("checkpoint", checkpoint),
            changes.get("state", state),
            changes.get("retry", retry),
            bootstrap_promotion=changes.get("promotion", promotion),
        )
E       TypeError: SQLiteEventAutonomyRepository.initialize_visual_owner_if_absent() got an unexpected keyword argument 'bootstrap_promotion'

tests/test_visual_bootstrap_repository.py:709: TypeError
_ test_promotion_changed_source_or_pool_does_not_create_any_partial_owner_rows[sqlite-checkpoint] _

store = (<cloud_edge_robot_arm.repositories.event_autonomy.sqlite.SQLiteEventAutonomyRepository object at 0x701eb21cf2c0>, {'d...2222222222222222222222222222', attempt_state_hash='3333333333333333333333333333333333333333333333333333333333333333')})
change = 'checkpoint'

    @pytest.mark.parametrize(
        "change", ["quota", "rounds", "history", "deadline", "retry", "original", "checkpoint"]
    )
    def test_promotion_changed_source_or_pool_does_not_create_any_partial_owner_rows(store, change):
        from cloud_edge_robot_arm.vision.owner_registration import freeze_original_visual_plan
    
        repo, data = store
        source = promotion_ready(repo, data)
        record, original, checkpoint, state, retry, promotion = source
        changes = {}
        if change == "quota":
            state.remaining_reobservations = state.limits.max_reobservations
        elif change == "rounds":
            state.verification_rounds = 0
        elif change == "history":
            state.previous_conditions.clear()
        elif change == "deadline":
            state.deadline_at += timedelta(seconds=1)
        elif change == "retry":
            changes["retry"] = retry.model_copy(update={"remaining_retries": 1})
        elif change == "original":
            changes["original"] = freeze_original_visual_plan(
                **{**original.freeze_inputs(), "proposal_hash": "f" * 64}
            )
        else:
            changes["checkpoint"] = checkpoint.model_copy(update={"current_step_id": "wrong-step"})
        with pytest.raises((IdempotencyConflictError, ValueError)):
>           adopt(repo, source, **changes)

tests/test_visual_bootstrap_repository.py:776: 
_ _ _ _ _ _ _ _ _ _ _ _ _ _ _ _ _ _ _ _ _ _ _ _ _ _ _ _ _ _ _ _ _ _ _ _ _ _ _ _ 

repo = <cloud_edge_robot_arm.repositories.event_autonomy.sqlite.SQLiteEventAutonomyRepository object at 0x701eb21cf2c0>
source = (<cloud_edge_robot_arm.repositories.event_autonomy.visual_bootstrap.VisualBootstrapRecord object at 0x701eb21d9690>, V...ud_edge_robot_arm.repositories.event_autonomy.visual_bootstrap.VisualBootstrapPromotionInput object at 0x701e8a548590>)
changes = {'checkpoint': ExecutionCheckpoint(checkpoint_id='software-bootstrap-initial', task_id='episode', plan_id='software-bo....timezone.utc), correlation_id='', checkpoint_hash='53117108752911e923dfd2829d031a1a36eb19fc9111dea09bf6d5813583d31d')}
record = <cloud_edge_robot_arm.repositories.event_autonomy.visual_bootstrap.VisualBootstrapRecord object at 0x701eb21d9690>
original = VisualOriginalPlan(identity=VisualOwnerIdentity(job_id='job-1', run_id='run-1', attempt=1, worker_id='worker-1', lease...datetime.timezone.utc), registered_at=datetime.datetime(2026, 10, 4, 19, 23, 59, 821997, tzinfo=datetime.timezone.utc))
checkpoint = ExecutionCheckpoint(checkpoint_id='software-bootstrap-initial', task_id='episode', plan_id='software-bootstrap-plan', ...e.timezone.utc), correlation_id='', checkpoint_hash='53117108752911e923dfd2829d031a1a36eb19fc9111dea09bf6d5813583d31d')
state = VerificationBudgetState(remaining_reobservations=0, remaining_retries=0, consecutive_no_progress=1, deadline_at=dateti...100.0), previous_conditions={'bootstrap_plan_source': ('UNKNOWN', None)}, exhausted_reason=None, verification_rounds=2)
retry = RecoveryBudget(budget_id='bootstrap-retry-fbc64046df7c7fedbf4d001ae323845b', task_id='episode', per_step_retry_limit=0...fo=datetime.timezone.utc), updated_at=datetime.datetime(2026, 10, 4, 19, 23, 59, 821997, tzinfo=datetime.timezone.utc))
promotion = <cloud_edge_robot_arm.repositories.event_autonomy.visual_bootstrap.VisualBootstrapPromotionInput object at 0x701e8a548590>

    def adopt(repo, source, **changes):
        record, original, checkpoint, state, retry, promotion = source
>       return repo.initialize_visual_owner_if_absent(
            changes.get("original", original),
            changes.get("checkpoint", checkpoint),
            changes.get("state", state),
            changes.get("retry", retry),
            bootstrap_promotion=changes.get("promotion", promotion),
        )
E       TypeError: SQLiteEventAutonomyRepository.initialize_visual_owner_if_absent() got an unexpected keyword argument 'bootstrap_promotion'

tests/test_visual_bootstrap_repository.py:709: TypeError
_ test_promotion_storage_failure_rolls_back_bootstrap_and_all_owner_rows[sqlite] _

store = (<cloud_edge_robot_arm.repositories.event_autonomy.sqlite.SQLiteEventAutonomyRepository object at 0x701e8a50fa40>, {'d...2222222222222222222222222222', attempt_state_hash='3333333333333333333333333333333333333333333333333333333333333333')})

    def test_promotion_storage_failure_rolls_back_bootstrap_and_all_owner_rows(store):
        repo, data = store
        if not isinstance(repo, SQLiteEventAutonomyRepository):
            pytest.skip("SQLite transaction failure")
        source = promotion_ready(repo, data)
        record, original, *_ = source
        repo._conn.execute(
            "CREATE TRIGGER reject_adoption BEFORE UPDATE ON visual_bootstraps "
            "BEGIN SELECT RAISE(ABORT, 'software adoption storage failure'); END"
        )
        repo._conn.commit()
        with pytest.raises(sqlite3.IntegrityError):
>           adopt(repo, source)

tests/test_visual_bootstrap_repository.py:796: 
_ _ _ _ _ _ _ _ _ _ _ _ _ _ _ _ _ _ _ _ _ _ _ _ _ _ _ _ _ _ _ _ _ _ _ _ _ _ _ _ 

repo = <cloud_edge_robot_arm.repositories.event_autonomy.sqlite.SQLiteEventAutonomyRepository object at 0x701e8a50fa40>
source = (<cloud_edge_robot_arm.repositories.event_autonomy.visual_bootstrap.VisualBootstrapRecord object at 0x701e8a4c73d0>, V...ud_edge_robot_arm.repositories.event_autonomy.visual_bootstrap.VisualBootstrapPromotionInput object at 0x701eb2197e90>)
changes = {}
record = <cloud_edge_robot_arm.repositories.event_autonomy.visual_bootstrap.VisualBootstrapRecord object at 0x701e8a4c73d0>
original = VisualOriginalPlan(identity=VisualOwnerIdentity(job_id='job-1', run_id='run-1', attempt=1, worker_id='worker-1', lease...=datetime.timezone.utc), registered_at=datetime.datetime(2026, 10, 4, 19, 24, 0, 605075, tzinfo=datetime.timezone.utc))
checkpoint = ExecutionCheckpoint(checkpoint_id='software-bootstrap-initial', task_id='episode', plan_id='software-bootstrap-plan', ...e.timezone.utc), correlation_id='', checkpoint_hash='f395edb9cd17f32392eb8f7d2c21f8d6e3609ed273e3918183b00f7f2e5bfcdf')
state = VerificationBudgetState(remaining_reobservations=0, remaining_retries=0, consecutive_no_progress=1, deadline_at=dateti...100.0), previous_conditions={'bootstrap_plan_source': ('UNKNOWN', None)}, exhausted_reason=None, verification_rounds=2)
retry = RecoveryBudget(budget_id='bootstrap-retry-fbc64046df7c7fedbf4d001ae323845b', task_id='episode', per_step_retry_limit=0...nfo=datetime.timezone.utc), updated_at=datetime.datetime(2026, 10, 4, 19, 24, 0, 605075, tzinfo=datetime.timezone.utc))
promotion = <cloud_edge_robot_arm.repositories.event_autonomy.visual_bootstrap.VisualBootstrapPromotionInput object at 0x701eb2197e90>

    def adopt(repo, source, **changes):
        record, original, checkpoint, state, retry, promotion = source
>       return repo.initialize_visual_owner_if_absent(
            changes.get("original", original),
            changes.get("checkpoint", checkpoint),
            changes.get("state", state),
            changes.get("retry", retry),
            bootstrap_promotion=changes.get("promotion", promotion),
        )
E       TypeError: SQLiteEventAutonomyRepository.initialize_visual_owner_if_absent() got an unexpected keyword argument 'bootstrap_promotion'

tests/test_visual_bootstrap_repository.py:709: TypeError
_ test_two_sqlite_connections_promotion_race_and_restart_preserve_spent_state __

tmp_path = PosixPath('/tmp/pytest-of-ningyd/pytest-987/test_two_sqlite_connections_pr0')

    def test_two_sqlite_connections_promotion_race_and_restart_preserve_spent_state(tmp_path):
        path = tmp_path / "adoption-race.db"
        repos = [SQLiteEventAutonomyRepository(path), SQLiteEventAutonomyRepository(path)]
        source = promotion_ready(repos[0], definition_values())
        with ThreadPoolExecutor(max_workers=2) as pool:
>           saved = list(pool.map(lambda repo: adopt(repo, source), repos))
                    ^^^^^^^^^^^^^^^^^^^^^^^^^^^^^^^^^^^^^^^^^^^^^^^^^^^^^^^

tests/test_visual_bootstrap_repository.py:816: 
_ _ _ _ _ _ _ _ _ _ _ _ _ _ _ _ _ _ _ _ _ _ _ _ _ _ _ _ _ _ _ _ _ _ _ _ _ _ _ _ 
/usr/lib/python3.12/concurrent/futures/_base.py:619: in result_iterator
    yield _result_or_cancel(fs.pop())
          ^^^^^^^^^^^^^^^^^^^^^^^^^^^
/usr/lib/python3.12/concurrent/futures/_base.py:317: in _result_or_cancel
    return fut.result(timeout)
           ^^^^^^^^^^^^^^^^^^^
/usr/lib/python3.12/concurrent/futures/_base.py:449: in result
    return self.__get_result()
           ^^^^^^^^^^^^^^^^^^^
/usr/lib/python3.12/concurrent/futures/_base.py:401: in __get_result
    raise self._exception
/usr/lib/python3.12/concurrent/futures/thread.py:58: in run
    result = self.fn(*self.args, **self.kwargs)
             ^^^^^^^^^^^^^^^^^^^^^^^^^^^^^^^^^^
tests/test_visual_bootstrap_repository.py:816: in <lambda>
    saved = list(pool.map(lambda repo: adopt(repo, source), repos))
                                       ^^^^^^^^^^^^^^^^^^^
_ _ _ _ _ _ _ _ _ _ _ _ _ _ _ _ _ _ _ _ _ _ _ _ _ _ _ _ _ _ _ _ _ _ _ _ _ _ _ _ 

repo = <cloud_edge_robot_arm.repositories.event_autonomy.sqlite.SQLiteEventAutonomyRepository object at 0x701eb21ce870>
source = (<cloud_edge_robot_arm.repositories.event_autonomy.visual_bootstrap.VisualBootstrapRecord object at 0x701e8a4ed290>, V...ud_edge_robot_arm.repositories.event_autonomy.visual_bootstrap.VisualBootstrapPromotionInput object at 0x701eb43d0a10>)
changes = {}
record = <cloud_edge_robot_arm.repositories.event_autonomy.visual_bootstrap.VisualBootstrapRecord object at 0x701e8a4ed290>
original = VisualOriginalPlan(identity=VisualOwnerIdentity(job_id='job-1', run_id='run-1', attempt=1, worker_id='worker-1', lease...=datetime.timezone.utc), registered_at=datetime.datetime(2026, 10, 4, 19, 24, 1, 375143, tzinfo=datetime.timezone.utc))
checkpoint = ExecutionCheckpoint(checkpoint_id='software-bootstrap-initial', task_id='episode', plan_id='software-bootstrap-plan', ...e.timezone.utc), correlation_id='', checkpoint_hash='3e2ca40a2f1e9c856256dcb5b1d672be49787810169f4e991033d90ca97b0e86')
state = VerificationBudgetState(remaining_reobservations=0, remaining_retries=0, consecutive_no_progress=1, deadline_at=dateti...100.0), previous_conditions={'bootstrap_plan_source': ('UNKNOWN', None)}, exhausted_reason=None, verification_rounds=2)
retry = RecoveryBudget(budget_id='bootstrap-retry-fbc64046df7c7fedbf4d001ae323845b', task_id='episode', per_step_retry_limit=0...nfo=datetime.timezone.utc), updated_at=datetime.datetime(2026, 10, 4, 19, 24, 1, 375143, tzinfo=datetime.timezone.utc))
promotion = <cloud_edge_robot_arm.repositories.event_autonomy.visual_bootstrap.VisualBootstrapPromotionInput object at 0x701eb43d0a10>

    def adopt(repo, source, **changes):
        record, original, checkpoint, state, retry, promotion = source
>       return repo.initialize_visual_owner_if_absent(
            changes.get("original", original),
            changes.get("checkpoint", checkpoint),
            changes.get("state", state),
            changes.get("retry", retry),
            bootstrap_promotion=changes.get("promotion", promotion),
        )
E       TypeError: SQLiteEventAutonomyRepository.initialize_visual_owner_if_absent() got an unexpected keyword argument 'bootstrap_promotion'

tests/test_visual_bootstrap_repository.py:709: TypeError
=========================== short test summary info ============================
FAILED tests/test_visual_bootstrap_repository.py::test_promotion_commits_entire_spent_pool_original_checkpoint_and_bootstrap_once[memory]
FAILED tests/test_visual_bootstrap_repository.py::test_promotion_commits_entire_spent_pool_original_checkpoint_and_bootstrap_once[sqlite]
FAILED tests/test_visual_bootstrap_repository.py::test_promotion_changed_source_or_pool_does_not_create_any_partial_owner_rows[memory-quota]
FAILED tests/test_visual_bootstrap_repository.py::test_promotion_changed_source_or_pool_does_not_create_any_partial_owner_rows[memory-rounds]
FAILED tests/test_visual_bootstrap_repository.py::test_promotion_changed_source_or_pool_does_not_create_any_partial_owner_rows[memory-history]
FAILED tests/test_visual_bootstrap_repository.py::test_promotion_changed_source_or_pool_does_not_create_any_partial_owner_rows[memory-deadline]
FAILED tests/test_visual_bootstrap_repository.py::test_promotion_changed_source_or_pool_does_not_create_any_partial_owner_rows[memory-retry]
FAILED tests/test_visual_bootstrap_repository.py::test_promotion_changed_source_or_pool_does_not_create_any_partial_owner_rows[memory-original]
FAILED tests/test_visual_bootstrap_repository.py::test_promotion_changed_source_or_pool_does_not_create_any_partial_owner_rows[memory-checkpoint]
FAILED tests/test_visual_bootstrap_repository.py::test_promotion_changed_source_or_pool_does_not_create_any_partial_owner_rows[sqlite-quota]
FAILED tests/test_visual_bootstrap_repository.py::test_promotion_changed_source_or_pool_does_not_create_any_partial_owner_rows[sqlite-rounds]
FAILED tests/test_visual_bootstrap_repository.py::test_promotion_changed_source_or_pool_does_not_create_any_partial_owner_rows[sqlite-history]
FAILED tests/test_visual_bootstrap_repository.py::test_promotion_changed_source_or_pool_does_not_create_any_partial_owner_rows[sqlite-deadline]
FAILED tests/test_visual_bootstrap_repository.py::test_promotion_changed_source_or_pool_does_not_create_any_partial_owner_rows[sqlite-retry]
FAILED tests/test_visual_bootstrap_repository.py::test_promotion_changed_source_or_pool_does_not_create_any_partial_owner_rows[sqlite-original]
FAILED tests/test_visual_bootstrap_repository.py::test_promotion_changed_source_or_pool_does_not_create_any_partial_owner_rows[sqlite-checkpoint]
FAILED tests/test_visual_bootstrap_repository.py::test_promotion_storage_failure_rolls_back_bootstrap_and_all_owner_rows[sqlite]
FAILED tests/test_visual_bootstrap_repository.py::test_two_sqlite_connections_promotion_race_and_restart_preserve_spent_state
18 failed, 1 skipped, 57 deselected in 11.87s
