FFFFFFFFFFFFFFFFFFFFFFFFFFFFFFFFFFsFF                                    [100%]
=================================== FAILURES ===================================
_ test_missing_bootstrap_storage_then_initialization_is_own_group_not_partial_owner_pool[memory] _

store = (<cloud_edge_robot_arm.repositories.event_autonomy.memory.InMemoryEventAutonomyRepository object at 0x775c8c567440>, {...2222222222222222222222222222', attempt_state_hash='3333333333333333333333333333333333333333333333333333333333333333')})

    def test_missing_bootstrap_storage_then_initialization_is_own_group_not_partial_owner_pool(store):
        repo,data=store
>       record=repo.initialize_visual_bootstrap_if_absent(data['definition'])
               ^^^^^^^^^^^^^^^^^^^^^^^^^^^^^^^^^^^^^^^^^^
E       AttributeError: 'InMemoryEventAutonomyRepository' object has no attribute 'initialize_visual_bootstrap_if_absent'. Did you mean: 'initialize_visual_owner_if_absent'?

tests/test_visual_bootstrap_repository.py:84: AttributeError
_ test_missing_bootstrap_storage_then_initialization_is_own_group_not_partial_owner_pool[sqlite] _

store = (<cloud_edge_robot_arm.repositories.event_autonomy.sqlite.SQLiteEventAutonomyRepository object at 0x775c8c320f80>, {'d...2222222222222222222222222222', attempt_state_hash='3333333333333333333333333333333333333333333333333333333333333333')})

    def test_missing_bootstrap_storage_then_initialization_is_own_group_not_partial_owner_pool(store):
        repo,data=store
>       record=repo.initialize_visual_bootstrap_if_absent(data['definition'])
               ^^^^^^^^^^^^^^^^^^^^^^^^^^^^^^^^^^^^^^^^^^
E       AttributeError: 'SQLiteEventAutonomyRepository' object has no attribute 'initialize_visual_bootstrap_if_absent'. Did you mean: 'initialize_visual_owner_if_absent'?

tests/test_visual_bootstrap_repository.py:84: AttributeError
_ test_exact_definition_idempotence_preserves_spent_pending_and_original_deadline[memory] _

store = (<cloud_edge_robot_arm.repositories.event_autonomy.memory.InMemoryEventAutonomyRepository object at 0x775c8c4cec60>, {...2222222222222222222222222222', attempt_state_hash='3333333333333333333333333333333333333333333333333333333333333333')})

    def test_exact_definition_idempotence_preserves_spent_pending_and_original_deadline(store):
>       repo,data=store;initial=repo.initialize_visual_bootstrap_if_absent(data['definition'])
                                ^^^^^^^^^^^^^^^^^^^^^^^^^^^^^^^^^^^^^^^^^^
E       AttributeError: 'InMemoryEventAutonomyRepository' object has no attribute 'initialize_visual_bootstrap_if_absent'. Did you mean: 'initialize_visual_owner_if_absent'?

tests/test_visual_bootstrap_repository.py:94: AttributeError
_ test_exact_definition_idempotence_preserves_spent_pending_and_original_deadline[sqlite] _

store = (<cloud_edge_robot_arm.repositories.event_autonomy.sqlite.SQLiteEventAutonomyRepository object at 0x775c8c320230>, {'d...2222222222222222222222222222', attempt_state_hash='3333333333333333333333333333333333333333333333333333333333333333')})

    def test_exact_definition_idempotence_preserves_spent_pending_and_original_deadline(store):
>       repo,data=store;initial=repo.initialize_visual_bootstrap_if_absent(data['definition'])
                                ^^^^^^^^^^^^^^^^^^^^^^^^^^^^^^^^^^^^^^^^^^
E       AttributeError: 'SQLiteEventAutonomyRepository' object has no attribute 'initialize_visual_bootstrap_if_absent'. Did you mean: 'initialize_visual_owner_if_absent'?

tests/test_visual_bootstrap_repository.py:94: AttributeError
_ test_restart_cannot_change_definition_or_refill_by_same_job_run[memory-episode] _

store = (<cloud_edge_robot_arm.repositories.event_autonomy.memory.InMemoryEventAutonomyRepository object at 0x775c8c320a10>, {...2222222222222222222222222222', attempt_state_hash='3333333333333333333333333333333333333333333333333333333333333333')})
change = 'episode'

    @pytest.mark.parametrize('change',['episode','limits','attempt','lease','registration'])
    def test_restart_cannot_change_definition_or_refill_by_same_job_run(store,change):
>       repo,data=store;repo.initialize_visual_bootstrap_if_absent(data['definition'])
                        ^^^^^^^^^^^^^^^^^^^^^^^^^^^^^^^^^^^^^^^^^^
E       AttributeError: 'InMemoryEventAutonomyRepository' object has no attribute 'initialize_visual_bootstrap_if_absent'. Did you mean: 'initialize_visual_owner_if_absent'?

tests/test_visual_bootstrap_repository.py:105: AttributeError
_ test_restart_cannot_change_definition_or_refill_by_same_job_run[memory-limits] _

store = (<cloud_edge_robot_arm.repositories.event_autonomy.memory.InMemoryEventAutonomyRepository object at 0x775c8c322780>, {...2222222222222222222222222222', attempt_state_hash='3333333333333333333333333333333333333333333333333333333333333333')})
change = 'limits'

    @pytest.mark.parametrize('change',['episode','limits','attempt','lease','registration'])
    def test_restart_cannot_change_definition_or_refill_by_same_job_run(store,change):
>       repo,data=store;repo.initialize_visual_bootstrap_if_absent(data['definition'])
                        ^^^^^^^^^^^^^^^^^^^^^^^^^^^^^^^^^^^^^^^^^^
E       AttributeError: 'InMemoryEventAutonomyRepository' object has no attribute 'initialize_visual_bootstrap_if_absent'. Did you mean: 'initialize_visual_owner_if_absent'?

tests/test_visual_bootstrap_repository.py:105: AttributeError
_ test_restart_cannot_change_definition_or_refill_by_same_job_run[memory-attempt] _

store = (<cloud_edge_robot_arm.repositories.event_autonomy.memory.InMemoryEventAutonomyRepository object at 0x775c8c323500>, {...2222222222222222222222222222', attempt_state_hash='3333333333333333333333333333333333333333333333333333333333333333')})
change = 'attempt'

    @pytest.mark.parametrize('change',['episode','limits','attempt','lease','registration'])
    def test_restart_cannot_change_definition_or_refill_by_same_job_run(store,change):
>       repo,data=store;repo.initialize_visual_bootstrap_if_absent(data['definition'])
                        ^^^^^^^^^^^^^^^^^^^^^^^^^^^^^^^^^^^^^^^^^^
E       AttributeError: 'InMemoryEventAutonomyRepository' object has no attribute 'initialize_visual_bootstrap_if_absent'. Did you mean: 'initialize_visual_owner_if_absent'?

tests/test_visual_bootstrap_repository.py:105: AttributeError
_ test_restart_cannot_change_definition_or_refill_by_same_job_run[memory-lease] _

store = (<cloud_edge_robot_arm.repositories.event_autonomy.memory.InMemoryEventAutonomyRepository object at 0x775c8c349e20>, {...2222222222222222222222222222', attempt_state_hash='3333333333333333333333333333333333333333333333333333333333333333')})
change = 'lease'

    @pytest.mark.parametrize('change',['episode','limits','attempt','lease','registration'])
    def test_restart_cannot_change_definition_or_refill_by_same_job_run(store,change):
>       repo,data=store;repo.initialize_visual_bootstrap_if_absent(data['definition'])
                        ^^^^^^^^^^^^^^^^^^^^^^^^^^^^^^^^^^^^^^^^^^
E       AttributeError: 'InMemoryEventAutonomyRepository' object has no attribute 'initialize_visual_bootstrap_if_absent'. Did you mean: 'initialize_visual_owner_if_absent'?

tests/test_visual_bootstrap_repository.py:105: AttributeError
_ test_restart_cannot_change_definition_or_refill_by_same_job_run[memory-registration] _

store = (<cloud_edge_robot_arm.repositories.event_autonomy.memory.InMemoryEventAutonomyRepository object at 0x775c8c3491c0>, {...2222222222222222222222222222', attempt_state_hash='3333333333333333333333333333333333333333333333333333333333333333')})
change = 'registration'

    @pytest.mark.parametrize('change',['episode','limits','attempt','lease','registration'])
    def test_restart_cannot_change_definition_or_refill_by_same_job_run(store,change):
>       repo,data=store;repo.initialize_visual_bootstrap_if_absent(data['definition'])
                        ^^^^^^^^^^^^^^^^^^^^^^^^^^^^^^^^^^^^^^^^^^
E       AttributeError: 'InMemoryEventAutonomyRepository' object has no attribute 'initialize_visual_bootstrap_if_absent'. Did you mean: 'initialize_visual_owner_if_absent'?

tests/test_visual_bootstrap_repository.py:105: AttributeError
_ test_restart_cannot_change_definition_or_refill_by_same_job_run[sqlite-episode] _

store = (<cloud_edge_robot_arm.repositories.event_autonomy.sqlite.SQLiteEventAutonomyRepository object at 0x775c8c349700>, {'d...2222222222222222222222222222', attempt_state_hash='3333333333333333333333333333333333333333333333333333333333333333')})
change = 'episode'

    @pytest.mark.parametrize('change',['episode','limits','attempt','lease','registration'])
    def test_restart_cannot_change_definition_or_refill_by_same_job_run(store,change):
>       repo,data=store;repo.initialize_visual_bootstrap_if_absent(data['definition'])
                        ^^^^^^^^^^^^^^^^^^^^^^^^^^^^^^^^^^^^^^^^^^
E       AttributeError: 'SQLiteEventAutonomyRepository' object has no attribute 'initialize_visual_bootstrap_if_absent'. Did you mean: 'initialize_visual_owner_if_absent'?

tests/test_visual_bootstrap_repository.py:105: AttributeError
_ test_restart_cannot_change_definition_or_refill_by_same_job_run[sqlite-limits] _

store = (<cloud_edge_robot_arm.repositories.event_autonomy.sqlite.SQLiteEventAutonomyRepository object at 0x775c8c3480e0>, {'d...2222222222222222222222222222', attempt_state_hash='3333333333333333333333333333333333333333333333333333333333333333')})
change = 'limits'

    @pytest.mark.parametrize('change',['episode','limits','attempt','lease','registration'])
    def test_restart_cannot_change_definition_or_refill_by_same_job_run(store,change):
>       repo,data=store;repo.initialize_visual_bootstrap_if_absent(data['definition'])
                        ^^^^^^^^^^^^^^^^^^^^^^^^^^^^^^^^^^^^^^^^^^
E       AttributeError: 'SQLiteEventAutonomyRepository' object has no attribute 'initialize_visual_bootstrap_if_absent'. Did you mean: 'initialize_visual_owner_if_absent'?

tests/test_visual_bootstrap_repository.py:105: AttributeError
_ test_restart_cannot_change_definition_or_refill_by_same_job_run[sqlite-attempt] _

store = (<cloud_edge_robot_arm.repositories.event_autonomy.sqlite.SQLiteEventAutonomyRepository object at 0x775c8c348fb0>, {'d...2222222222222222222222222222', attempt_state_hash='3333333333333333333333333333333333333333333333333333333333333333')})
change = 'attempt'

    @pytest.mark.parametrize('change',['episode','limits','attempt','lease','registration'])
    def test_restart_cannot_change_definition_or_refill_by_same_job_run(store,change):
>       repo,data=store;repo.initialize_visual_bootstrap_if_absent(data['definition'])
                        ^^^^^^^^^^^^^^^^^^^^^^^^^^^^^^^^^^^^^^^^^^
E       AttributeError: 'SQLiteEventAutonomyRepository' object has no attribute 'initialize_visual_bootstrap_if_absent'. Did you mean: 'initialize_visual_owner_if_absent'?

tests/test_visual_bootstrap_repository.py:105: AttributeError
_ test_restart_cannot_change_definition_or_refill_by_same_job_run[sqlite-lease] _

store = (<cloud_edge_robot_arm.repositories.event_autonomy.sqlite.SQLiteEventAutonomyRepository object at 0x775c8c349d90>, {'d...2222222222222222222222222222', attempt_state_hash='3333333333333333333333333333333333333333333333333333333333333333')})
change = 'lease'

    @pytest.mark.parametrize('change',['episode','limits','attempt','lease','registration'])
    def test_restart_cannot_change_definition_or_refill_by_same_job_run(store,change):
>       repo,data=store;repo.initialize_visual_bootstrap_if_absent(data['definition'])
                        ^^^^^^^^^^^^^^^^^^^^^^^^^^^^^^^^^^^^^^^^^^
E       AttributeError: 'SQLiteEventAutonomyRepository' object has no attribute 'initialize_visual_bootstrap_if_absent'. Did you mean: 'initialize_visual_owner_if_absent'?

tests/test_visual_bootstrap_repository.py:105: AttributeError
_ test_restart_cannot_change_definition_or_refill_by_same_job_run[sqlite-registration] _

store = (<cloud_edge_robot_arm.repositories.event_autonomy.sqlite.SQLiteEventAutonomyRepository object at 0x775c8c370980>, {'d...2222222222222222222222222222', attempt_state_hash='3333333333333333333333333333333333333333333333333333333333333333')})
change = 'registration'

    @pytest.mark.parametrize('change',['episode','limits','attempt','lease','registration'])
    def test_restart_cannot_change_definition_or_refill_by_same_job_run(store,change):
>       repo,data=store;repo.initialize_visual_bootstrap_if_absent(data['definition'])
                        ^^^^^^^^^^^^^^^^^^^^^^^^^^^^^^^^^^^^^^^^^^
E       AttributeError: 'SQLiteEventAutonomyRepository' object has no attribute 'initialize_visual_bootstrap_if_absent'. Did you mean: 'initialize_visual_owner_if_absent'?

tests/test_visual_bootstrap_repository.py:105: AttributeError
_______________ test_episode_cannot_alias_other_job_run[memory] ________________

store = (<cloud_edge_robot_arm.repositories.event_autonomy.memory.InMemoryEventAutonomyRepository object at 0x775c8c34b860>, {...2222222222222222222222222222', attempt_state_hash='3333333333333333333333333333333333333333333333333333333333333333')})

    def test_episode_cannot_alias_other_job_run(store):
>       repo,data=store;repo.initialize_visual_bootstrap_if_absent(data['definition'])
                        ^^^^^^^^^^^^^^^^^^^^^^^^^^^^^^^^^^^^^^^^^^
E       AttributeError: 'InMemoryEventAutonomyRepository' object has no attribute 'initialize_visual_bootstrap_if_absent'. Did you mean: 'initialize_visual_owner_if_absent'?

tests/test_visual_bootstrap_repository.py:117: AttributeError
_______________ test_episode_cannot_alias_other_job_run[sqlite] ________________

store = (<cloud_edge_robot_arm.repositories.event_autonomy.sqlite.SQLiteEventAutonomyRepository object at 0x775c8c34a270>, {'d...2222222222222222222222222222', attempt_state_hash='3333333333333333333333333333333333333333333333333333333333333333')})

    def test_episode_cannot_alias_other_job_run(store):
>       repo,data=store;repo.initialize_visual_bootstrap_if_absent(data['definition'])
                        ^^^^^^^^^^^^^^^^^^^^^^^^^^^^^^^^^^^^^^^^^^
E       AttributeError: 'SQLiteEventAutonomyRepository' object has no attribute 'initialize_visual_bootstrap_if_absent'. Did you mean: 'initialize_visual_owner_if_absent'?

tests/test_visual_bootstrap_repository.py:117: AttributeError
_ test_lost_initial_claim_or_new_uuid_never_replays_and_exact_duplicate_is_history[memory] _

store = (<cloud_edge_robot_arm.repositories.event_autonomy.memory.InMemoryEventAutonomyRepository object at 0x775c8c34ad80>, {...2222222222222222222222222222', attempt_state_hash='3333333333333333333333333333333333333333333333333333333333333333')})

    def test_lost_initial_claim_or_new_uuid_never_replays_and_exact_duplicate_is_history(store):
>       repo,data=store;record=repo.initialize_visual_bootstrap_if_absent(data['definition'])
                               ^^^^^^^^^^^^^^^^^^^^^^^^^^^^^^^^^^^^^^^^^^
E       AttributeError: 'InMemoryEventAutonomyRepository' object has no attribute 'initialize_visual_bootstrap_if_absent'. Did you mean: 'initialize_visual_owner_if_absent'?

tests/test_visual_bootstrap_repository.py:124: AttributeError
_ test_lost_initial_claim_or_new_uuid_never_replays_and_exact_duplicate_is_history[sqlite] _

store = (<cloud_edge_robot_arm.repositories.event_autonomy.sqlite.SQLiteEventAutonomyRepository object at 0x775c8c34a360>, {'d...2222222222222222222222222222', attempt_state_hash='3333333333333333333333333333333333333333333333333333333333333333')})

    def test_lost_initial_claim_or_new_uuid_never_replays_and_exact_duplicate_is_history(store):
>       repo,data=store;record=repo.initialize_visual_bootstrap_if_absent(data['definition'])
                               ^^^^^^^^^^^^^^^^^^^^^^^^^^^^^^^^^^^^^^^^^^
E       AttributeError: 'SQLiteEventAutonomyRepository' object has no attribute 'initialize_visual_bootstrap_if_absent'. Did you mean: 'initialize_visual_owner_if_absent'?

tests/test_visual_bootstrap_repository.py:124: AttributeError
___ test_same_event_key_changed_request_conflicts_without_new_effect[memory] ___

store = (<cloud_edge_robot_arm.repositories.event_autonomy.memory.InMemoryEventAutonomyRepository object at 0x775c8c4cfe30>, {...2222222222222222222222222222', attempt_state_hash='3333333333333333333333333333333333333333333333333333333333333333')})

    def test_same_event_key_changed_request_conflicts_without_new_effect(store):
>       repo,data=store;record=repo.initialize_visual_bootstrap_if_absent(data['definition'])
                               ^^^^^^^^^^^^^^^^^^^^^^^^^^^^^^^^^^^^^^^^^^
E       AttributeError: 'InMemoryEventAutonomyRepository' object has no attribute 'initialize_visual_bootstrap_if_absent'. Did you mean: 'initialize_visual_owner_if_absent'?

tests/test_visual_bootstrap_repository.py:136: AttributeError
___ test_same_event_key_changed_request_conflicts_without_new_effect[sqlite] ___

store = (<cloud_edge_robot_arm.repositories.event_autonomy.sqlite.SQLiteEventAutonomyRepository object at 0x775c8c322540>, {'d...2222222222222222222222222222', attempt_state_hash='3333333333333333333333333333333333333333333333333333333333333333')})

    def test_same_event_key_changed_request_conflicts_without_new_effect(store):
>       repo,data=store;record=repo.initialize_visual_bootstrap_if_absent(data['definition'])
                               ^^^^^^^^^^^^^^^^^^^^^^^^^^^^^^^^^^^^^^^^^^
E       AttributeError: 'SQLiteEventAutonomyRepository' object has no attribute 'initialize_visual_bootstrap_if_absent'. Did you mean: 'initialize_visual_owner_if_absent'?

tests/test_visual_bootstrap_repository.py:136: AttributeError
_ test_stale_cas_late_completion_or_foreign_frame_does_not_return_budget[memory] _

store = (<cloud_edge_robot_arm.repositories.event_autonomy.memory.InMemoryEventAutonomyRepository object at 0x775c8c3239b0>, {...2222222222222222222222222222', attempt_state_hash='3333333333333333333333333333333333333333333333333333333333333333')})

    def test_stale_cas_late_completion_or_foreign_frame_does_not_return_budget(store):
>       repo,data=store;record=repo.initialize_visual_bootstrap_if_absent(data['definition'])
                               ^^^^^^^^^^^^^^^^^^^^^^^^^^^^^^^^^^^^^^^^^^
E       AttributeError: 'InMemoryEventAutonomyRepository' object has no attribute 'initialize_visual_bootstrap_if_absent'. Did you mean: 'initialize_visual_owner_if_absent'?

tests/test_visual_bootstrap_repository.py:145: AttributeError
_ test_stale_cas_late_completion_or_foreign_frame_does_not_return_budget[sqlite] _

store = (<cloud_edge_robot_arm.repositories.event_autonomy.sqlite.SQLiteEventAutonomyRepository object at 0x775c8c320230>, {'d...2222222222222222222222222222', attempt_state_hash='3333333333333333333333333333333333333333333333333333333333333333')})

    def test_stale_cas_late_completion_or_foreign_frame_does_not_return_budget(store):
>       repo,data=store;record=repo.initialize_visual_bootstrap_if_absent(data['definition'])
                               ^^^^^^^^^^^^^^^^^^^^^^^^^^^^^^^^^^^^^^^^^^
E       AttributeError: 'SQLiteEventAutonomyRepository' object has no attribute 'initialize_visual_bootstrap_if_absent'. Did you mean: 'initialize_visual_owner_if_absent'?

tests/test_visual_bootstrap_repository.py:145: AttributeError
_ test_completed_unusable_plan_consumes_reobservations_before_capture_and_preserves_full_state[memory] _

store = (<cloud_edge_robot_arm.repositories.event_autonomy.memory.InMemoryEventAutonomyRepository object at 0x775c8c3727b0>, {...2222222222222222222222222222', attempt_state_hash='3333333333333333333333333333333333333333333333333333333333333333')})

    def test_completed_unusable_plan_consumes_reobservations_before_capture_and_preserves_full_state(store):
>       repo,data=store;record=repo.initialize_visual_bootstrap_if_absent(data['definition'])
                               ^^^^^^^^^^^^^^^^^^^^^^^^^^^^^^^^^^^^^^^^^^
E       AttributeError: 'InMemoryEventAutonomyRepository' object has no attribute 'initialize_visual_bootstrap_if_absent'. Did you mean: 'initialize_visual_owner_if_absent'?

tests/test_visual_bootstrap_repository.py:155: AttributeError
_ test_completed_unusable_plan_consumes_reobservations_before_capture_and_preserves_full_state[sqlite] _

store = (<cloud_edge_robot_arm.repositories.event_autonomy.sqlite.SQLiteEventAutonomyRepository object at 0x775c8c373d10>, {'d...2222222222222222222222222222', attempt_state_hash='3333333333333333333333333333333333333333333333333333333333333333')})

    def test_completed_unusable_plan_consumes_reobservations_before_capture_and_preserves_full_state(store):
>       repo,data=store;record=repo.initialize_visual_bootstrap_if_absent(data['definition'])
                               ^^^^^^^^^^^^^^^^^^^^^^^^^^^^^^^^^^^^^^^^^^
E       AttributeError: 'SQLiteEventAutonomyRepository' object has no attribute 'initialize_visual_bootstrap_if_absent'. Did you mean: 'initialize_visual_owner_if_absent'?

tests/test_visual_bootstrap_repository.py:155: AttributeError
__ test_pending_plan_cannot_retry_or_reserve_capture_after_lost_reply[memory] __

store = (<cloud_edge_robot_arm.repositories.event_autonomy.memory.InMemoryEventAutonomyRepository object at 0x775c8c371eb0>, {...2222222222222222222222222222', attempt_state_hash='3333333333333333333333333333333333333333333333333333333333333333')})

    def test_pending_plan_cannot_retry_or_reserve_capture_after_lost_reply(store):
>       repo,data=store;record=repo.initialize_visual_bootstrap_if_absent(data['definition'])
                               ^^^^^^^^^^^^^^^^^^^^^^^^^^^^^^^^^^^^^^^^^^
E       AttributeError: 'InMemoryEventAutonomyRepository' object has no attribute 'initialize_visual_bootstrap_if_absent'. Did you mean: 'initialize_visual_owner_if_absent'?

tests/test_visual_bootstrap_repository.py:172: AttributeError
__ test_pending_plan_cannot_retry_or_reserve_capture_after_lost_reply[sqlite] __

store = (<cloud_edge_robot_arm.repositories.event_autonomy.sqlite.SQLiteEventAutonomyRepository object at 0x775c8c370470>, {'d...2222222222222222222222222222', attempt_state_hash='3333333333333333333333333333333333333333333333333333333333333333')})

    def test_pending_plan_cannot_retry_or_reserve_capture_after_lost_reply(store):
>       repo,data=store;record=repo.initialize_visual_bootstrap_if_absent(data['definition'])
                               ^^^^^^^^^^^^^^^^^^^^^^^^^^^^^^^^^^^^^^^^^^
E       AttributeError: 'SQLiteEventAutonomyRepository' object has no attribute 'initialize_visual_bootstrap_if_absent'. Did you mean: 'initialize_visual_owner_if_absent'?

tests/test_visual_bootstrap_repository.py:172: AttributeError
____ test_hard_stop_prevents_claim_and_does_not_debit[memory-estop_engaged] ____

store = (<cloud_edge_robot_arm.repositories.event_autonomy.memory.InMemoryEventAutonomyRepository object at 0x775c8c321610>, {...2222222222222222222222222222', attempt_state_hash='3333333333333333333333333333333333333333333333333333333333333333')})
field = 'estop_engaged'

    @pytest.mark.parametrize('field',['estop_engaged','collision_detected','connected'])
    def test_hard_stop_prevents_claim_and_does_not_debit(store,field):
>       repo,data=store;record=repo.initialize_visual_bootstrap_if_absent(data['definition'])
                               ^^^^^^^^^^^^^^^^^^^^^^^^^^^^^^^^^^^^^^^^^^
E       AttributeError: 'InMemoryEventAutonomyRepository' object has no attribute 'initialize_visual_bootstrap_if_absent'. Did you mean: 'initialize_visual_owner_if_absent'?

tests/test_visual_bootstrap_repository.py:184: AttributeError
_ test_hard_stop_prevents_claim_and_does_not_debit[memory-collision_detected] __

store = (<cloud_edge_robot_arm.repositories.event_autonomy.memory.InMemoryEventAutonomyRepository object at 0x775c8c321310>, {...2222222222222222222222222222', attempt_state_hash='3333333333333333333333333333333333333333333333333333333333333333')})
field = 'collision_detected'

    @pytest.mark.parametrize('field',['estop_engaged','collision_detected','connected'])
    def test_hard_stop_prevents_claim_and_does_not_debit(store,field):
>       repo,data=store;record=repo.initialize_visual_bootstrap_if_absent(data['definition'])
                               ^^^^^^^^^^^^^^^^^^^^^^^^^^^^^^^^^^^^^^^^^^
E       AttributeError: 'InMemoryEventAutonomyRepository' object has no attribute 'initialize_visual_bootstrap_if_absent'. Did you mean: 'initialize_visual_owner_if_absent'?

tests/test_visual_bootstrap_repository.py:184: AttributeError
______ test_hard_stop_prevents_claim_and_does_not_debit[memory-connected] ______

store = (<cloud_edge_robot_arm.repositories.event_autonomy.memory.InMemoryEventAutonomyRepository object at 0x775c8c323260>, {...2222222222222222222222222222', attempt_state_hash='3333333333333333333333333333333333333333333333333333333333333333')})
field = 'connected'

    @pytest.mark.parametrize('field',['estop_engaged','collision_detected','connected'])
    def test_hard_stop_prevents_claim_and_does_not_debit(store,field):
>       repo,data=store;record=repo.initialize_visual_bootstrap_if_absent(data['definition'])
                               ^^^^^^^^^^^^^^^^^^^^^^^^^^^^^^^^^^^^^^^^^^
E       AttributeError: 'InMemoryEventAutonomyRepository' object has no attribute 'initialize_visual_bootstrap_if_absent'. Did you mean: 'initialize_visual_owner_if_absent'?

tests/test_visual_bootstrap_repository.py:184: AttributeError
____ test_hard_stop_prevents_claim_and_does_not_debit[sqlite-estop_engaged] ____

store = (<cloud_edge_robot_arm.repositories.event_autonomy.sqlite.SQLiteEventAutonomyRepository object at 0x775c8c348950>, {'d...2222222222222222222222222222', attempt_state_hash='3333333333333333333333333333333333333333333333333333333333333333')})
field = 'estop_engaged'

    @pytest.mark.parametrize('field',['estop_engaged','collision_detected','connected'])
    def test_hard_stop_prevents_claim_and_does_not_debit(store,field):
>       repo,data=store;record=repo.initialize_visual_bootstrap_if_absent(data['definition'])
                               ^^^^^^^^^^^^^^^^^^^^^^^^^^^^^^^^^^^^^^^^^^
E       AttributeError: 'SQLiteEventAutonomyRepository' object has no attribute 'initialize_visual_bootstrap_if_absent'. Did you mean: 'initialize_visual_owner_if_absent'?

tests/test_visual_bootstrap_repository.py:184: AttributeError
_ test_hard_stop_prevents_claim_and_does_not_debit[sqlite-collision_detected] __

store = (<cloud_edge_robot_arm.repositories.event_autonomy.sqlite.SQLiteEventAutonomyRepository object at 0x775c8c349bb0>, {'d...2222222222222222222222222222', attempt_state_hash='3333333333333333333333333333333333333333333333333333333333333333')})
field = 'collision_detected'

    @pytest.mark.parametrize('field',['estop_engaged','collision_detected','connected'])
    def test_hard_stop_prevents_claim_and_does_not_debit(store,field):
>       repo,data=store;record=repo.initialize_visual_bootstrap_if_absent(data['definition'])
                               ^^^^^^^^^^^^^^^^^^^^^^^^^^^^^^^^^^^^^^^^^^
E       AttributeError: 'SQLiteEventAutonomyRepository' object has no attribute 'initialize_visual_bootstrap_if_absent'. Did you mean: 'initialize_visual_owner_if_absent'?

tests/test_visual_bootstrap_repository.py:184: AttributeError
______ test_hard_stop_prevents_claim_and_does_not_debit[sqlite-connected] ______

store = (<cloud_edge_robot_arm.repositories.event_autonomy.sqlite.SQLiteEventAutonomyRepository object at 0x775c8c34bb00>, {'d...2222222222222222222222222222', attempt_state_hash='3333333333333333333333333333333333333333333333333333333333333333')})
field = 'connected'

    @pytest.mark.parametrize('field',['estop_engaged','collision_detected','connected'])
    def test_hard_stop_prevents_claim_and_does_not_debit(store,field):
>       repo,data=store;record=repo.initialize_visual_bootstrap_if_absent(data['definition'])
                               ^^^^^^^^^^^^^^^^^^^^^^^^^^^^^^^^^^^^^^^^^^
E       AttributeError: 'SQLiteEventAutonomyRepository' object has no attribute 'initialize_visual_bootstrap_if_absent'. Did you mean: 'initialize_visual_owner_if_absent'?

tests/test_visual_bootstrap_repository.py:184: AttributeError
_ test_row_codec_recomputes_history_and_rejects_corrupt_revision_or_hash[memory] _

store = (<cloud_edge_robot_arm.repositories.event_autonomy.memory.InMemoryEventAutonomyRepository object at 0x775c8c372f90>, {...2222222222222222222222222222', attempt_state_hash='3333333333333333333333333333333333333333333333333333333333333333')})

    def test_row_codec_recomputes_history_and_rejects_corrupt_revision_or_hash(store):
>       repo,data=store;record=repo.initialize_visual_bootstrap_if_absent(data['definition'])
                               ^^^^^^^^^^^^^^^^^^^^^^^^^^^^^^^^^^^^^^^^^^
E       AttributeError: 'InMemoryEventAutonomyRepository' object has no attribute 'initialize_visual_bootstrap_if_absent'. Did you mean: 'initialize_visual_owner_if_absent'?

tests/test_visual_bootstrap_repository.py:193: AttributeError
_ test_row_codec_recomputes_history_and_rejects_corrupt_revision_or_hash[sqlite] _

store = (<cloud_edge_robot_arm.repositories.event_autonomy.sqlite.SQLiteEventAutonomyRepository object at 0x775c8c372f00>, {'d...2222222222222222222222222222', attempt_state_hash='3333333333333333333333333333333333333333333333333333333333333333')})

    def test_row_codec_recomputes_history_and_rejects_corrupt_revision_or_hash(store):
>       repo,data=store;record=repo.initialize_visual_bootstrap_if_absent(data['definition'])
                               ^^^^^^^^^^^^^^^^^^^^^^^^^^^^^^^^^^^^^^^^^^
E       AttributeError: 'SQLiteEventAutonomyRepository' object has no attribute 'initialize_visual_bootstrap_if_absent'. Did you mean: 'initialize_visual_owner_if_absent'?

tests/test_visual_bootstrap_repository.py:193: AttributeError
___ test_sqlite_write_failure_rolls_back_whole_bootstrap_transition[sqlite] ____

store = (<cloud_edge_robot_arm.repositories.event_autonomy.sqlite.SQLiteEventAutonomyRepository object at 0x775c8c3bb0b0>, {'d...2222222222222222222222222222', attempt_state_hash='3333333333333333333333333333333333333333333333333333333333333333')})

    def test_sqlite_write_failure_rolls_back_whole_bootstrap_transition(store):
        repo,data=store
        if not isinstance(repo,SQLiteEventAutonomyRepository):pytest.skip('SQLite storage failure regression')
>       record=repo.initialize_visual_bootstrap_if_absent(data['definition'])
               ^^^^^^^^^^^^^^^^^^^^^^^^^^^^^^^^^^^^^^^^^^
E       AttributeError: 'SQLiteEventAutonomyRepository' object has no attribute 'initialize_visual_bootstrap_if_absent'. Did you mean: 'initialize_visual_owner_if_absent'?

tests/test_visual_bootstrap_repository.py:205: AttributeError
_____ test_two_sqlite_connections_race_and_restart_keep_one_pending_claim ______

tmp_path = PosixPath('/tmp/pytest-of-ningyd/pytest-971/test_two_sqlite_connections_ra0')

    def test_two_sqlite_connections_race_and_restart_keep_one_pending_claim(tmp_path):
        path=tmp_path/'race.db';repos=[SQLiteEventAutonomyRepository(path),SQLiteEventAutonomyRepository(path)]
>       data=definition_values();record=repos[0].initialize_visual_bootstrap_if_absent(data['definition'])
                                        ^^^^^^^^^^^^^^^^^^^^^^^^^^^^^^^^^^^^^^^^^^^^^^
E       AttributeError: 'SQLiteEventAutonomyRepository' object has no attribute 'initialize_visual_bootstrap_if_absent'. Did you mean: 'initialize_visual_owner_if_absent'?

tests/test_visual_bootstrap_repository.py:216: AttributeError
=========================== short test summary info ============================
FAILED tests/test_visual_bootstrap_repository.py::test_missing_bootstrap_storage_then_initialization_is_own_group_not_partial_owner_pool[memory]
FAILED tests/test_visual_bootstrap_repository.py::test_missing_bootstrap_storage_then_initialization_is_own_group_not_partial_owner_pool[sqlite]
FAILED tests/test_visual_bootstrap_repository.py::test_exact_definition_idempotence_preserves_spent_pending_and_original_deadline[memory]
FAILED tests/test_visual_bootstrap_repository.py::test_exact_definition_idempotence_preserves_spent_pending_and_original_deadline[sqlite]
FAILED tests/test_visual_bootstrap_repository.py::test_restart_cannot_change_definition_or_refill_by_same_job_run[memory-episode]
FAILED tests/test_visual_bootstrap_repository.py::test_restart_cannot_change_definition_or_refill_by_same_job_run[memory-limits]
FAILED tests/test_visual_bootstrap_repository.py::test_restart_cannot_change_definition_or_refill_by_same_job_run[memory-attempt]
FAILED tests/test_visual_bootstrap_repository.py::test_restart_cannot_change_definition_or_refill_by_same_job_run[memory-lease]
FAILED tests/test_visual_bootstrap_repository.py::test_restart_cannot_change_definition_or_refill_by_same_job_run[memory-registration]
FAILED tests/test_visual_bootstrap_repository.py::test_restart_cannot_change_definition_or_refill_by_same_job_run[sqlite-episode]
FAILED tests/test_visual_bootstrap_repository.py::test_restart_cannot_change_definition_or_refill_by_same_job_run[sqlite-limits]
FAILED tests/test_visual_bootstrap_repository.py::test_restart_cannot_change_definition_or_refill_by_same_job_run[sqlite-attempt]
FAILED tests/test_visual_bootstrap_repository.py::test_restart_cannot_change_definition_or_refill_by_same_job_run[sqlite-lease]
FAILED tests/test_visual_bootstrap_repository.py::test_restart_cannot_change_definition_or_refill_by_same_job_run[sqlite-registration]
FAILED tests/test_visual_bootstrap_repository.py::test_episode_cannot_alias_other_job_run[memory]
FAILED tests/test_visual_bootstrap_repository.py::test_episode_cannot_alias_other_job_run[sqlite]
FAILED tests/test_visual_bootstrap_repository.py::test_lost_initial_claim_or_new_uuid_never_replays_and_exact_duplicate_is_history[memory]
FAILED tests/test_visual_bootstrap_repository.py::test_lost_initial_claim_or_new_uuid_never_replays_and_exact_duplicate_is_history[sqlite]
FAILED tests/test_visual_bootstrap_repository.py::test_same_event_key_changed_request_conflicts_without_new_effect[memory]
FAILED tests/test_visual_bootstrap_repository.py::test_same_event_key_changed_request_conflicts_without_new_effect[sqlite]
FAILED tests/test_visual_bootstrap_repository.py::test_stale_cas_late_completion_or_foreign_frame_does_not_return_budget[memory]
FAILED tests/test_visual_bootstrap_repository.py::test_stale_cas_late_completion_or_foreign_frame_does_not_return_budget[sqlite]
FAILED tests/test_visual_bootstrap_repository.py::test_completed_unusable_plan_consumes_reobservations_before_capture_and_preserves_full_state[memory]
FAILED tests/test_visual_bootstrap_repository.py::test_completed_unusable_plan_consumes_reobservations_before_capture_and_preserves_full_state[sqlite]
FAILED tests/test_visual_bootstrap_repository.py::test_pending_plan_cannot_retry_or_reserve_capture_after_lost_reply[memory]
FAILED tests/test_visual_bootstrap_repository.py::test_pending_plan_cannot_retry_or_reserve_capture_after_lost_reply[sqlite]
FAILED tests/test_visual_bootstrap_repository.py::test_hard_stop_prevents_claim_and_does_not_debit[memory-estop_engaged]
FAILED tests/test_visual_bootstrap_repository.py::test_hard_stop_prevents_claim_and_does_not_debit[memory-collision_detected]
FAILED tests/test_visual_bootstrap_repository.py::test_hard_stop_prevents_claim_and_does_not_debit[memory-connected]
FAILED tests/test_visual_bootstrap_repository.py::test_hard_stop_prevents_claim_and_does_not_debit[sqlite-estop_engaged]
FAILED tests/test_visual_bootstrap_repository.py::test_hard_stop_prevents_claim_and_does_not_debit[sqlite-collision_detected]
FAILED tests/test_visual_bootstrap_repository.py::test_hard_stop_prevents_claim_and_does_not_debit[sqlite-connected]
FAILED tests/test_visual_bootstrap_repository.py::test_row_codec_recomputes_history_and_rejects_corrupt_revision_or_hash[memory]
FAILED tests/test_visual_bootstrap_repository.py::test_row_codec_recomputes_history_and_rejects_corrupt_revision_or_hash[sqlite]
FAILED tests/test_visual_bootstrap_repository.py::test_sqlite_write_failure_rolls_back_whole_bootstrap_transition[sqlite]
FAILED tests/test_visual_bootstrap_repository.py::test_two_sqlite_connections_race_and_restart_keep_one_pending_claim
36 failed, 1 skipped in 5.04s
