E501 Line too long (107 > 100)
   --> src/cloud_edge_robot_arm/repositories/event_autonomy/memory.py:367:101
    |
365 |                 bootstrap_promotion.to_payload()
366 |             )
367 |             if canonical(bootstrap_promotion.to_payload()["original"]) != canonical(original.to_payload()):
    |                                                                                                     ^^^^^^^
368 |                 raise IdempotencyConflictError("promotion differs from incoming full original")
369 |         task = original.identity.task_id
    |

E501 Line too long (103 > 100)
   --> src/cloud_edge_robot_arm/repositories/event_autonomy/memory.py:392:101
    |
390 |                 for event in bootstrap.to_payload()["history"]:
391 |                     if "request" in event and event["request"]["event_key"] == source["event_key"]:
392 |                         raise IdempotencyConflictError("promotion event key belongs to another source")
    |                                                                                                     ^^^
393 |                 try:
394 |                     promoted = promote_bootstrap(
    |

E501 Line too long (102 > 100)
   --> src/cloud_edge_robot_arm/repositories/event_autonomy/memory.py:435:101
    |
433 |             ]
434 |             if bootstrap is not None and any(present):
435 |                 raise IdempotencyConflictError("ordinary rows exist before atomic bootstrap adoption")
    |                                                                                                     ^^
436 |             if any(present):
437 |                 if not all(present):
    |

E501 Line too long (107 > 100)
    --> src/cloud_edge_robot_arm/repositories/event_autonomy/sqlite.py:2758:101
     |
2756 |                 bootstrap_promotion.to_payload()
2757 |             )
2758 |             if canonical(bootstrap_promotion.to_payload()["original"]) != canonical(original.to_payload()):
     |                                                                                                     ^^^^^^^
2759 |                 raise IdempotencyConflictError("promotion differs from incoming full original")
2760 |         task = original.identity.task_id
     |

E501 Line too long (103 > 100)
    --> src/cloud_edge_robot_arm/repositories/event_autonomy/sqlite.py:2784:101
     |
2782 |                 for event in bootstrap.to_payload()["history"]:
2783 |                     if "request" in event and event["request"]["event_key"] == source["event_key"]:
2784 |                         raise IdempotencyConflictError("promotion event key belongs to another source")
     |                                                                                                     ^^^
2785 |                 try:
2786 |                     promoted = promote_bootstrap(
     |

F841 Local variable `promoted_json` is assigned to but never used
    --> src/cloud_edge_robot_arm/repositories/event_autonomy/sqlite.py:2790:21
     |
2788 |                     )
2789 |                     promoted = VisualBootstrapRecord.from_json(promoted.to_json())
2790 |                     promoted_json = promoted.to_json()
     |                     ^^^^^^^^^^^^^
2791 |                 except (ValueError, TypeError) as error:
2792 |                     raise IdempotencyConflictError("current bootstrap promotion differs") from error
     |
help: Remove assignment to unused variable `promoted_json`

E501 Line too long (102 > 100)
    --> src/cloud_edge_robot_arm/repositories/event_autonomy/sqlite.py:2832:101
     |
2830 |             ]
2831 |             if bootstrap is not None and any(present):
2832 |                 raise IdempotencyConflictError("ordinary rows exist before atomic bootstrap adoption")
     |                                                                                                     ^^
2833 |             if any(present):
2834 |                 if not all(present):
     |

Found 8 errors (1 fixed, 7 remaining).
No fixes available (1 hidden fix can be enabled with the `--unsafe-fixes` option).
