FFFFFF                                                                   [100%]
=================================== FAILURES ===================================
_ test_g3_thresholds_keep_absolute_rejection_and_relative_gates_separate[0.02-0.05-0.5-PASS] _

absolute = 0.02, false_rejection = 0.05, reduction = 0.5, want = 'PASS'

    @pytest.mark.parametrize("absolute,false_rejection,reduction,want",[
        (.02,.05,.5,"PASS"),(.021,.01,.6,"FAIL"),(.01,.051,.6,"FAIL"),(.01,.01,.49,"FAIL")])
    def test_g3_thresholds_keep_absolute_rejection_and_relative_gates_separate(absolute,false_rejection,reduction,want):
>       assert api("acceptance").g3_status(effect(reduction,.1,.9),absolute,false_rejection)==want
               ^^^^^^^^^^^^^^^^^^^^^^^^^^^
E       AttributeError: module 'cloud_edge_robot_arm.research.acceptance' has no attribute 'g3_status'

tests/test_research_acceptance.py:225: AttributeError
_ test_g3_thresholds_keep_absolute_rejection_and_relative_gates_separate[0.021-0.01-0.6-FAIL] _

absolute = 0.021, false_rejection = 0.01, reduction = 0.6, want = 'FAIL'

    @pytest.mark.parametrize("absolute,false_rejection,reduction,want",[
        (.02,.05,.5,"PASS"),(.021,.01,.6,"FAIL"),(.01,.051,.6,"FAIL"),(.01,.01,.49,"FAIL")])
    def test_g3_thresholds_keep_absolute_rejection_and_relative_gates_separate(absolute,false_rejection,reduction,want):
>       assert api("acceptance").g3_status(effect(reduction,.1,.9),absolute,false_rejection)==want
               ^^^^^^^^^^^^^^^^^^^^^^^^^^^
E       AttributeError: module 'cloud_edge_robot_arm.research.acceptance' has no attribute 'g3_status'

tests/test_research_acceptance.py:225: AttributeError
_ test_g3_thresholds_keep_absolute_rejection_and_relative_gates_separate[0.01-0.051-0.6-FAIL] _

absolute = 0.01, false_rejection = 0.051, reduction = 0.6, want = 'FAIL'

    @pytest.mark.parametrize("absolute,false_rejection,reduction,want",[
        (.02,.05,.5,"PASS"),(.021,.01,.6,"FAIL"),(.01,.051,.6,"FAIL"),(.01,.01,.49,"FAIL")])
    def test_g3_thresholds_keep_absolute_rejection_and_relative_gates_separate(absolute,false_rejection,reduction,want):
>       assert api("acceptance").g3_status(effect(reduction,.1,.9),absolute,false_rejection)==want
               ^^^^^^^^^^^^^^^^^^^^^^^^^^^
E       AttributeError: module 'cloud_edge_robot_arm.research.acceptance' has no attribute 'g3_status'

tests/test_research_acceptance.py:225: AttributeError
_ test_g3_thresholds_keep_absolute_rejection_and_relative_gates_separate[0.01-0.01-0.49-FAIL] _

absolute = 0.01, false_rejection = 0.01, reduction = 0.49, want = 'FAIL'

    @pytest.mark.parametrize("absolute,false_rejection,reduction,want",[
        (.02,.05,.5,"PASS"),(.021,.01,.6,"FAIL"),(.01,.051,.6,"FAIL"),(.01,.01,.49,"FAIL")])
    def test_g3_thresholds_keep_absolute_rejection_and_relative_gates_separate(absolute,false_rejection,reduction,want):
>       assert api("acceptance").g3_status(effect(reduction,.1,.9),absolute,false_rejection)==want
               ^^^^^^^^^^^^^^^^^^^^^^^^^^^
E       AttributeError: module 'cloud_edge_robot_arm.research.acceptance' has no attribute 'g3_status'

tests/test_research_acceptance.py:225: AttributeError
__ test_g4_requires_two_hundred_faults_eighty_percent_and_no_completed_replay __

    def test_g4_requires_two_hundred_faults_eighty_percent_and_no_completed_replay():
        module=api("acceptance")
>       assert module.g4_status(200,.8,effect(.3,.01,.6),0)=="PASS"
               ^^^^^^^^^^^^^^^^
E       AttributeError: module 'cloud_edge_robot_arm.research.acceptance' has no attribute 'g4_status'

tests/test_research_acceptance.py:230: AttributeError
______ test_nominal_gate_reports_missing_localization_or_static_evidence _______

    def test_nominal_gate_reports_missing_localization_or_static_evidence():
        module=api("acceptance")
>       assert module.g1_status(.01,.9)=="PASS"
               ^^^^^^^^^^^^^^^^
E       AttributeError: module 'cloud_edge_robot_arm.research.acceptance' has no attribute 'g1_status'

tests/test_research_acceptance.py:238: AttributeError
=========================== short test summary info ============================
FAILED tests/test_research_acceptance.py::test_g3_thresholds_keep_absolute_rejection_and_relative_gates_separate[0.02-0.05-0.5-PASS]
FAILED tests/test_research_acceptance.py::test_g3_thresholds_keep_absolute_rejection_and_relative_gates_separate[0.021-0.01-0.6-FAIL]
FAILED tests/test_research_acceptance.py::test_g3_thresholds_keep_absolute_rejection_and_relative_gates_separate[0.01-0.051-0.6-FAIL]
FAILED tests/test_research_acceptance.py::test_g3_thresholds_keep_absolute_rejection_and_relative_gates_separate[0.01-0.01-0.49-FAIL]
FAILED tests/test_research_acceptance.py::test_g4_requires_two_hundred_faults_eighty_percent_and_no_completed_replay
FAILED tests/test_research_acceptance.py::test_nominal_gate_reports_missing_localization_or_static_evidence
6 failed, 14 deselected in 0.33s
