FFFFFFFFF                                                                [100%]
=================================== FAILURES ===================================
______ test_successor_preserves_all_rows_payloads_and_consumed_namespace _______

tmp_path = PosixPath('/tmp/pytest-of-ningyd/pytest-1263/test_successor_preserves_all_r0')

    def test_successor_preserves_all_rows_payloads_and_consumed_namespace(tmp_path):
>       predecessor, output, report = successor(tmp_path)
                                      ^^^^^^^^^^^^^^^^^^^

tests/test_protocol_generation_sources.py:632: 
_ _ _ _ _ _ _ _ _ _ _ _ _ _ _ _ _ _ _ _ _ _ _ _ _ _ _ _ _ _ _ _ _ _ _ _ _ _ _ _ 

tmp_path = PosixPath('/tmp/pytest-of-ningyd/pytest-1263/test_successor_preserves_all_r0')

    def successor(tmp_path):
        predecessor, reviewed_hash = cpu_predecessor(tmp_path)
        output = tmp_path / "successor"
>       report = api().prepare_successor_generation(
                 ^^^^^^^^^^^^^^^^^^^^^^^^^^^^^^^^^^
            predecessor, output, expected_predecessor_hash=reviewed_hash
        )
E       AttributeError: module 'cloud_edge_robot_arm.research.protocol_generation' has no attribute 'prepare_successor_generation'

tests/test_protocol_generation_sources.py:625: AttributeError
_________ test_successor_copy_cannot_reset_shared_allocation_namespace _________

tmp_path = PosixPath('/tmp/pytest-of-ningyd/pytest-1263/test_successor_copy_cannot_res0')

    def test_successor_copy_cannot_reset_shared_allocation_namespace(tmp_path):
        import shutil
    
>       _, output, _ = successor(tmp_path)
                       ^^^^^^^^^^^^^^^^^^^

tests/test_protocol_generation_sources.py:655: 
_ _ _ _ _ _ _ _ _ _ _ _ _ _ _ _ _ _ _ _ _ _ _ _ _ _ _ _ _ _ _ _ _ _ _ _ _ _ _ _ 

tmp_path = PosixPath('/tmp/pytest-of-ningyd/pytest-1263/test_successor_copy_cannot_res0')

    def successor(tmp_path):
        predecessor, reviewed_hash = cpu_predecessor(tmp_path)
        output = tmp_path / "successor"
>       report = api().prepare_successor_generation(
                 ^^^^^^^^^^^^^^^^^^^^^^^^^^^^^^^^^^
            predecessor, output, expected_predecessor_hash=reviewed_hash
        )
E       AttributeError: module 'cloud_edge_robot_arm.research.protocol_generation' has no attribute 'prepare_successor_generation'

tests/test_protocol_generation_sources.py:625: AttributeError
_ test_successor_rejects_missing_or_drifted_originals_before_backend[missing_predecessor] _

tmp_path = PosixPath('/tmp/pytest-of-ningyd/pytest-1263/test_successor_rejects_missing0')
drift = 'missing_predecessor'

    @pytest.mark.parametrize("drift", ["missing_predecessor", "payload", "source_archive", "actual_pin"])
    def test_successor_rejects_missing_or_drifted_originals_before_backend(tmp_path, drift):
>       predecessor, output, _ = successor(tmp_path)
                                 ^^^^^^^^^^^^^^^^^^^

tests/test_protocol_generation_sources.py:664: 
_ _ _ _ _ _ _ _ _ _ _ _ _ _ _ _ _ _ _ _ _ _ _ _ _ _ _ _ _ _ _ _ _ _ _ _ _ _ _ _ 

tmp_path = PosixPath('/tmp/pytest-of-ningyd/pytest-1263/test_successor_rejects_missing0')

    def successor(tmp_path):
        predecessor, reviewed_hash = cpu_predecessor(tmp_path)
        output = tmp_path / "successor"
>       report = api().prepare_successor_generation(
                 ^^^^^^^^^^^^^^^^^^^^^^^^^^^^^^^^^^
            predecessor, output, expected_predecessor_hash=reviewed_hash
        )
E       AttributeError: module 'cloud_edge_robot_arm.research.protocol_generation' has no attribute 'prepare_successor_generation'

tests/test_protocol_generation_sources.py:625: AttributeError
_ test_successor_rejects_missing_or_drifted_originals_before_backend[payload] __

tmp_path = PosixPath('/tmp/pytest-of-ningyd/pytest-1263/test_successor_rejects_missing1')
drift = 'payload'

    @pytest.mark.parametrize("drift", ["missing_predecessor", "payload", "source_archive", "actual_pin"])
    def test_successor_rejects_missing_or_drifted_originals_before_backend(tmp_path, drift):
>       predecessor, output, _ = successor(tmp_path)
                                 ^^^^^^^^^^^^^^^^^^^

tests/test_protocol_generation_sources.py:664: 
_ _ _ _ _ _ _ _ _ _ _ _ _ _ _ _ _ _ _ _ _ _ _ _ _ _ _ _ _ _ _ _ _ _ _ _ _ _ _ _ 

tmp_path = PosixPath('/tmp/pytest-of-ningyd/pytest-1263/test_successor_rejects_missing1')

    def successor(tmp_path):
        predecessor, reviewed_hash = cpu_predecessor(tmp_path)
        output = tmp_path / "successor"
>       report = api().prepare_successor_generation(
                 ^^^^^^^^^^^^^^^^^^^^^^^^^^^^^^^^^^
            predecessor, output, expected_predecessor_hash=reviewed_hash
        )
E       AttributeError: module 'cloud_edge_robot_arm.research.protocol_generation' has no attribute 'prepare_successor_generation'

tests/test_protocol_generation_sources.py:625: AttributeError
_ test_successor_rejects_missing_or_drifted_originals_before_backend[source_archive] _

tmp_path = PosixPath('/tmp/pytest-of-ningyd/pytest-1263/test_successor_rejects_missing2')
drift = 'source_archive'

    @pytest.mark.parametrize("drift", ["missing_predecessor", "payload", "source_archive", "actual_pin"])
    def test_successor_rejects_missing_or_drifted_originals_before_backend(tmp_path, drift):
>       predecessor, output, _ = successor(tmp_path)
                                 ^^^^^^^^^^^^^^^^^^^

tests/test_protocol_generation_sources.py:664: 
_ _ _ _ _ _ _ _ _ _ _ _ _ _ _ _ _ _ _ _ _ _ _ _ _ _ _ _ _ _ _ _ _ _ _ _ _ _ _ _ 

tmp_path = PosixPath('/tmp/pytest-of-ningyd/pytest-1263/test_successor_rejects_missing2')

    def successor(tmp_path):
        predecessor, reviewed_hash = cpu_predecessor(tmp_path)
        output = tmp_path / "successor"
>       report = api().prepare_successor_generation(
                 ^^^^^^^^^^^^^^^^^^^^^^^^^^^^^^^^^^
            predecessor, output, expected_predecessor_hash=reviewed_hash
        )
E       AttributeError: module 'cloud_edge_robot_arm.research.protocol_generation' has no attribute 'prepare_successor_generation'

tests/test_protocol_generation_sources.py:625: AttributeError
_ test_successor_rejects_missing_or_drifted_originals_before_backend[actual_pin] _

tmp_path = PosixPath('/tmp/pytest-of-ningyd/pytest-1263/test_successor_rejects_missing3')
drift = 'actual_pin'

    @pytest.mark.parametrize("drift", ["missing_predecessor", "payload", "source_archive", "actual_pin"])
    def test_successor_rejects_missing_or_drifted_originals_before_backend(tmp_path, drift):
>       predecessor, output, _ = successor(tmp_path)
                                 ^^^^^^^^^^^^^^^^^^^

tests/test_protocol_generation_sources.py:664: 
_ _ _ _ _ _ _ _ _ _ _ _ _ _ _ _ _ _ _ _ _ _ _ _ _ _ _ _ _ _ _ _ _ _ _ _ _ _ _ _ 

tmp_path = PosixPath('/tmp/pytest-of-ningyd/pytest-1263/test_successor_rejects_missing3')

    def successor(tmp_path):
        predecessor, reviewed_hash = cpu_predecessor(tmp_path)
        output = tmp_path / "successor"
>       report = api().prepare_successor_generation(
                 ^^^^^^^^^^^^^^^^^^^^^^^^^^^^^^^^^^
            predecessor, output, expected_predecessor_hash=reviewed_hash
        )
E       AttributeError: module 'cloud_edge_robot_arm.research.protocol_generation' has no attribute 'prepare_successor_generation'

tests/test_protocol_generation_sources.py:625: AttributeError
_______ test_successor_requires_reviewed_predecessor_hash_before_freeze ________

tmp_path = PosixPath('/tmp/pytest-of-ningyd/pytest-1263/test_successor_requires_review0')

    def test_successor_requires_reviewed_predecessor_hash_before_freeze(tmp_path):
        predecessor, _ = cpu_predecessor(tmp_path)
        output = tmp_path / "wrong-review"
        with pytest.raises(ValueError, match="predecessor"):
>           api().prepare_successor_generation(
            ^^^^^^^^^^^^^^^^^^^^^^^^^^^^^^^^^^
                predecessor, output, expected_predecessor_hash="0" * 64
            )
E           AttributeError: module 'cloud_edge_robot_arm.research.protocol_generation' has no attribute 'prepare_successor_generation'

tests/test_protocol_generation_sources.py:683: AttributeError
______ test_successor_accounts_new_cpu_failure_in_shared_200_denominator _______

tmp_path = PosixPath('/tmp/pytest-of-ningyd/pytest-1263/test_successor_accounts_new_cp0')
monkeypatch = <_pytest.monkeypatch.MonkeyPatch object at 0x759538d06de0>

    def test_successor_accounts_new_cpu_failure_in_shared_200_denominator(tmp_path, monkeypatch):
>       predecessor, output, report = successor(tmp_path)
                                      ^^^^^^^^^^^^^^^^^^^

tests/test_protocol_generation_sources.py:690: 
_ _ _ _ _ _ _ _ _ _ _ _ _ _ _ _ _ _ _ _ _ _ _ _ _ _ _ _ _ _ _ _ _ _ _ _ _ _ _ _ 

tmp_path = PosixPath('/tmp/pytest-of-ningyd/pytest-1263/test_successor_accounts_new_cp0')

    def successor(tmp_path):
        predecessor, reviewed_hash = cpu_predecessor(tmp_path)
        output = tmp_path / "successor"
>       report = api().prepare_successor_generation(
                 ^^^^^^^^^^^^^^^^^^^^^^^^^^^^^^^^^^
            predecessor, output, expected_predecessor_hash=reviewed_hash
        )
E       AttributeError: module 'cloud_edge_robot_arm.research.protocol_generation' has no attribute 'prepare_successor_generation'

tests/test_protocol_generation_sources.py:625: AttributeError
________ test_successor_pins_immutable_first_actual_without_relabeling _________

tmp_path = PosixPath('/tmp/pytest-of-ningyd/pytest-1263/test_successor_pins_immutable_0')

    def test_successor_pins_immutable_first_actual_without_relabeling(tmp_path):
        root = Path(__file__).resolve().parents[1]
        predecessor = root / (
            "artifacts/research/process/20261004-ced-development/"
            "astra-repair-execution/R07/producer/protocol-final"
        )
        if not predecessor.is_dir():
            pytest.skip("requires immutable first R07 actual predecessor")
>       api().prepare_successor_generation(
        ^^^^^^^^^^^^^^^^^^^^^^^^^^^^^^^^^^
            predecessor,
            tmp_path / "actual-successor",
            expected_predecessor_hash="66570b912ba08e0924e4cbe31098be9df7f1f02ed43548b131f65b2695ded724",
        )
E       AttributeError: module 'cloud_edge_robot_arm.research.protocol_generation' has no attribute 'prepare_successor_generation'

tests/test_protocol_generation_sources.py:718: AttributeError
=========================== short test summary info ============================
FAILED tests/test_protocol_generation_sources.py::test_successor_preserves_all_rows_payloads_and_consumed_namespace
FAILED tests/test_protocol_generation_sources.py::test_successor_copy_cannot_reset_shared_allocation_namespace
FAILED tests/test_protocol_generation_sources.py::test_successor_rejects_missing_or_drifted_originals_before_backend[missing_predecessor]
FAILED tests/test_protocol_generation_sources.py::test_successor_rejects_missing_or_drifted_originals_before_backend[payload]
FAILED tests/test_protocol_generation_sources.py::test_successor_rejects_missing_or_drifted_originals_before_backend[source_archive]
FAILED tests/test_protocol_generation_sources.py::test_successor_rejects_missing_or_drifted_originals_before_backend[actual_pin]
FAILED tests/test_protocol_generation_sources.py::test_successor_requires_reviewed_predecessor_hash_before_freeze
FAILED tests/test_protocol_generation_sources.py::test_successor_accounts_new_cpu_failure_in_shared_200_denominator
FAILED tests/test_protocol_generation_sources.py::test_successor_pins_immutable_first_actual_without_relabeling
9 failed, 22 deselected in 12.86s
