PASS bool-owner-revision
PASS mutated-full-fact-source-hash
PASS naive-initial-clock
PASS future-calibration-domain
PASS identical-source-file-symlink
PASS deadline-crossing-during-image-preparation
PASS deadline-crossing-before-final-builder
PASS reject-inner-authority-ActionEvidence
PASS reject-inner-authority-stage
PASS reject-inner-authority-authenticated_owner
PASS reject-inner-authority-permission
PASS reject-inner-authority-executable_contract
PASS duplicate-inner-nested-pixel-key
PASS coordinate-reject-normalized_1000-1001
PASS coordinate-reject-pixel--1
PASS coordinate-reject-pixel-100000000000
PASS three-current-frames-retain-future-FAIL-no-execution-or-money
PASS source-binding-metadata-never-owner-authority
{
  "probe_count": 18,
  "passed": [
    "bool-owner-revision",
    "mutated-full-fact-source-hash",
    "naive-initial-clock",
    "future-calibration-domain",
    "identical-source-file-symlink",
    "deadline-crossing-during-image-preparation",
    "deadline-crossing-before-final-builder",
    "reject-inner-authority-ActionEvidence",
    "reject-inner-authority-stage",
    "reject-inner-authority-authenticated_owner",
    "reject-inner-authority-permission",
    "reject-inner-authority-executable_contract",
    "duplicate-inner-nested-pixel-key",
    "coordinate-reject-normalized_1000-1001",
    "coordinate-reject-pixel--1",
    "coordinate-reject-pixel-100000000000",
    "three-current-frames-retain-future-FAIL-no-execution-or-money",
    "source-binding-metadata-never-owner-authority"
  ],
  "scope": "SOFTWARE_ONLY",
  "actual_provider_renderer_controller_calls": 0
}
