{
  "source_scope": "SOFTWARE_ONLY",
  "numeric_repeat_equal": true,
  "numeric_observation_count": 32,
  "candidate_count": 2,
  "diagnostic_winner_hash": "1a911a177d9036a6f47985ff8519362f9abd53284038a2569cfe051e1d7d991f",
  "registered_actual_source_status": "UNKNOWN",
  "registered_diagnostic_status": "UNAVAILABLE",
  "registered_comparison_status": "UNKNOWN",
  "registered_counts": {
    "assigned_attempts": 1,
    "allocated_observations": 2,
    "missing_observations": 0,
    "terminal_labelled_attempts": 1,
    "terminal_failure_attempts": 1,
    "unknown_terminal_label_attempts": 0,
    "task_labels": 2,
    "feature_rows": 2,
    "geometric_labels": 2,
    "motion_labels": 0,
    "failed_task_observations": 2
  },
  "loaded_production_test_paths": 72
}
