src/cloud_edge_robot_arm/research/risk_replay.py:59: error: Returning Any from function declared to return "Mapping[str, str]"  [no-any-return]
src/cloud_edge_robot_arm/research/risk_replay.py:143: error: Function is missing a return type annotation  [no-untyped-def]
src/cloud_edge_robot_arm/research/risk_replay.py:150: error: Need type annotation for "components" (hint: "components: dict[<type>, <type>] = ...")  [var-annotated]
src/cloud_edge_robot_arm/research/risk_replay.py:151: error: Need type annotation for "case_failures" (hint: "case_failures: dict[<type>, <type>] = ...")  [var-annotated]
src/cloud_edge_robot_arm/research/risk_replay.py:208: error: Function is missing a type annotation  [no-untyped-def]
src/cloud_edge_robot_arm/research/risk_replay.py:214: error: Function is missing a type annotation  [no-untyped-def]
src/cloud_edge_robot_arm/research/risk_replay.py:234: error: Function is missing a type annotation  [no-untyped-def]
src/cloud_edge_robot_arm/research/risk_replay.py:235: error: Need type annotation for "groups" (hint: "groups: dict[<type>, <type>] = ...")  [var-annotated]
src/cloud_edge_robot_arm/research/risk_replay.py:247: error: Function is missing a type annotation  [no-untyped-def]
src/cloud_edge_robot_arm/research/risk_replay.py:274: error: Function is missing a type annotation  [no-untyped-def]
src/cloud_edge_robot_arm/research/risk_replay.py:314: error: Function is missing a type annotation  [no-untyped-def]
src/cloud_edge_robot_arm/research/risk_replay.py:320: error: Function is missing a type annotation for one or more parameters  [no-untyped-def]
src/cloud_edge_robot_arm/research/risk_replay.py:381: error: Returning Any from function declared to return "Mapping[str, Any]"  [no-any-return]
src/cloud_edge_robot_arm/research/risk_replay.py:392: error: Function is missing a return type annotation  [no-untyped-def]
src/cloud_edge_robot_arm/research/risk_replay.py:392: note: Use "-> None" if function does not return a value
src/cloud_edge_robot_arm/research/risk_replay.py:406: error: Function is missing a return type annotation  [no-untyped-def]
src/cloud_edge_robot_arm/research/risk_replay.py:406: note: Use "-> None" if function does not return a value
src/cloud_edge_robot_arm/research/risk_replay.py:443: error: Function is missing a return type annotation  [no-untyped-def]
src/cloud_edge_robot_arm/research/risk_replay.py:443: note: Use "-> None" if function does not return a value
src/cloud_edge_robot_arm/research/risk_replay.py:448: error: Function is missing a type annotation  [no-untyped-def]
src/cloud_edge_robot_arm/research/risk_replay.py:449: error: Function is missing a type annotation  [no-untyped-def]
src/cloud_edge_robot_arm/research/risk_replay.py:456: error: Function is missing a type annotation  [no-untyped-def]
src/cloud_edge_robot_arm/research/risk_replay.py:464: error: Function is missing a type annotation  [no-untyped-def]
src/cloud_edge_robot_arm/research/risk_replay.py:470: error: Function is missing a type annotation  [no-untyped-def]
src/cloud_edge_robot_arm/research/risk_replay.py:494: error: Function is missing a type annotation  [no-untyped-def]
src/cloud_edge_robot_arm/research/risk_replay.py:499: error: Need type annotation for "sources" (hint: "sources: dict[<type>, <type>] = ...")  [var-annotated]
pyproject.toml: note: unused section(s): module = ['ament_index_python.*', 'rclpy.*']
Found 23 errors in 1 file (checked 1 source file)
