FFF                                                                      [100%]
=================================== FAILURES ===================================
__ test_all_candidate_blockers_are_retained_when_calibration_is_also_missing ___

tmp_path = PosixPath('/tmp/pytest-of-ningyd/pytest-970/test_all_candidate_blockers_ar0')

    def test_all_candidate_blockers_are_retained_when_calibration_is_also_missing(tmp_path):
        registration, source, _, _, _ = registered_replay(tmp_path)
        result=api().RiskArtifactAuditor({"replay":registration},{"source":source}).audit("replay")
>       assert all("complete_calibration_population_unavailable" in candidate["reasons"]
                   and "both_class_training_unavailable" in candidate["reasons"]
                   for candidate in result.candidate_results)
E       assert False
E        +  where False = all(<generator object test_all_candidate_blockers_are_retained_when_calibration_is_also_missing.<locals>.<genexpr> at 0x79c6161ab850>)

tests/test_research_risk_replay.py:565: AssertionError
_____ test_only_opaque_source_registration_identity_is_allowed[../source] ______

tmp_path = PosixPath('/tmp/pytest-of-ningyd/pytest-970/test_only_opaque_source_regist0')
identity = '../source'

    @pytest.mark.parametrize("identity", ["../source", "source with spaces"])
    def test_only_opaque_source_registration_identity_is_allowed(tmp_path, identity):
>       with pytest.raises(ValueError,match="identity"):
E       Failed: DID NOT RAISE <class 'ValueError'>

tests/test_research_risk_replay.py:572: Failed
_ test_only_opaque_source_registration_identity_is_allowed[source with spaces] _

tmp_path = PosixPath('/tmp/pytest-of-ningyd/pytest-970/test_only_opaque_source_regist1')
identity = 'source with spaces'

    @pytest.mark.parametrize("identity", ["../source", "source with spaces"])
    def test_only_opaque_source_registration_identity_is_allowed(tmp_path, identity):
>       with pytest.raises(ValueError,match="identity"):
E       Failed: DID NOT RAISE <class 'ValueError'>

tests/test_research_risk_replay.py:572: Failed
=========================== short test summary info ============================
FAILED tests/test_research_risk_replay.py::test_all_candidate_blockers_are_retained_when_calibration_is_also_missing
FAILED tests/test_research_risk_replay.py::test_only_opaque_source_registration_identity_is_allowed[../source]
FAILED tests/test_research_risk_replay.py::test_only_opaque_source_registration_identity_is_allowed[source with spaces]
3 failed, 57 deselected in 0.98s
