FFFFFFFFFFFFFFFFFFFFFFFFFFFFFF                                           [100%]
=================================== FAILURES ===================================
_________ test_unregistered_audit_is_unknown_without_actual_accessors __________

    def test_unregistered_audit_is_unknown_without_actual_accessors():
>       result = api().RiskArtifactAuditor({}, {}).audit("absent")
                 ^^^^^

tests/test_research_risk_replay.py:83: 
_ _ _ _ _ _ _ _ _ _ _ _ _ _ _ _ _ _ _ _ _ _ _ _ _ _ _ _ _ _ _ _ _ _ _ _ _ _ _ _ 
tests/test_research_risk_replay.py:19: in api
    return importlib.import_module("cloud_edge_robot_arm.research.risk_replay")
           ^^^^^^^^^^^^^^^^^^^^^^^^^^^^^^^^^^^^^^^^^^^^^^^^^^^^^^^^^^^^^^^^^^^^
/usr/lib/python3.12/importlib/__init__.py:90: in import_module
    return _bootstrap._gcd_import(name[level:], package, level)
           ^^^^^^^^^^^^^^^^^^^^^^^^^^^^^^^^^^^^^^^^^^^^^^^^^^^^
<frozen importlib._bootstrap>:1387: in _gcd_import
    ???
<frozen importlib._bootstrap>:1360: in _find_and_load
    ???
_ _ _ _ _ _ _ _ _ _ _ _ _ _ _ _ _ _ _ _ _ _ _ _ _ _ _ _ _ _ _ _ _ _ _ _ _ _ _ _ 

name = 'cloud_edge_robot_arm.research.risk_replay'
import_ = <function _gcd_import at 0x77f19b7540e0>

>   ???
E   ModuleNotFoundError: No module named 'cloud_edge_robot_arm.research.risk_replay'

<frozen importlib._bootstrap>:1324: ModuleNotFoundError
_ test_complete_finite_replay_is_deterministic_and_calibrated_with_hash_tie_break _

    def test_complete_finite_replay_is_deterministic_and_calibrated_with_hash_tie_break():
>       result = replay()
                 ^^^^^^^^

tests/test_research_risk_replay.py:91: 
_ _ _ _ _ _ _ _ _ _ _ _ _ _ _ _ _ _ _ _ _ _ _ _ _ _ _ _ _ _ _ _ _ _ _ _ _ _ _ _ 
tests/test_research_risk_replay.py:77: in replay
    return api().replay_diagnostic_candidates(
           ^^^^^
tests/test_research_risk_replay.py:19: in api
    return importlib.import_module("cloud_edge_robot_arm.research.risk_replay")
           ^^^^^^^^^^^^^^^^^^^^^^^^^^^^^^^^^^^^^^^^^^^^^^^^^^^^^^^^^^^^^^^^^^^^
/usr/lib/python3.12/importlib/__init__.py:90: in import_module
    return _bootstrap._gcd_import(name[level:], package, level)
           ^^^^^^^^^^^^^^^^^^^^^^^^^^^^^^^^^^^^^^^^^^^^^^^^^^^^
<frozen importlib._bootstrap>:1387: in _gcd_import
    ???
<frozen importlib._bootstrap>:1360: in _find_and_load
    ???
_ _ _ _ _ _ _ _ _ _ _ _ _ _ _ _ _ _ _ _ _ _ _ _ _ _ _ _ _ _ _ _ _ _ _ _ _ _ _ _ 

name = 'cloud_edge_robot_arm.research.risk_replay'
import_ = <function _gcd_import at 0x77f19b7540e0>

>   ???
E   ModuleNotFoundError: No module named 'cloud_edge_robot_arm.research.risk_replay'

<frozen importlib._bootstrap>:1324: ModuleNotFoundError
____________ test_raw_sigmoid_cannot_replace_calibrated_probability ____________

    def test_raw_sigmoid_cannot_replace_calibrated_probability():
        allocations, rows = numeric_fixture()
        for row in rows:
            if row["split"] == "train":
                row["offline_labels"]["failure"] = int(row["sample_id"].split("-")[-1]) >= 2
>       result = replay(allocations, rows)
                 ^^^^^^^^^^^^^^^^^^^^^^^^^

tests/test_research_risk_replay.py:121: 
_ _ _ _ _ _ _ _ _ _ _ _ _ _ _ _ _ _ _ _ _ _ _ _ _ _ _ _ _ _ _ _ _ _ _ _ _ _ _ _ 
tests/test_research_risk_replay.py:77: in replay
    return api().replay_diagnostic_candidates(
           ^^^^^
tests/test_research_risk_replay.py:19: in api
    return importlib.import_module("cloud_edge_robot_arm.research.risk_replay")
           ^^^^^^^^^^^^^^^^^^^^^^^^^^^^^^^^^^^^^^^^^^^^^^^^^^^^^^^^^^^^^^^^^^^^
/usr/lib/python3.12/importlib/__init__.py:90: in import_module
    return _bootstrap._gcd_import(name[level:], package, level)
           ^^^^^^^^^^^^^^^^^^^^^^^^^^^^^^^^^^^^^^^^^^^^^^^^^^^^
<frozen importlib._bootstrap>:1387: in _gcd_import
    ???
<frozen importlib._bootstrap>:1360: in _find_and_load
    ???
_ _ _ _ _ _ _ _ _ _ _ _ _ _ _ _ _ _ _ _ _ _ _ _ _ _ _ _ _ _ _ _ _ _ _ _ _ _ _ _ 

name = 'cloud_edge_robot_arm.research.risk_replay'
import_ = <function _gcd_import at 0x77f19b7540e0>

>   ???
E   ModuleNotFoundError: No module named 'cloud_edge_robot_arm.research.risk_replay'

<frozen importlib._bootstrap>:1324: ModuleNotFoundError
___________ test_group_maxima_and_nine_group_rank_not_frame_quantile ___________

    def test_group_maxima_and_nine_group_rank_not_frame_quantile():
        allocations, rows = numeric_fixture()
        for row in rows:
            if row["split"] == "calibration":
                i = int(row["sample_id"].split("-")[-1])
                row["offline_labels"]["geometric_error_m"] = .1 if i == 0 else 0.
>       result = replay(allocations, rows)
                 ^^^^^^^^^^^^^^^^^^^^^^^^^

tests/test_research_risk_replay.py:134: 
_ _ _ _ _ _ _ _ _ _ _ _ _ _ _ _ _ _ _ _ _ _ _ _ _ _ _ _ _ _ _ _ _ _ _ _ _ _ _ _ 
tests/test_research_risk_replay.py:77: in replay
    return api().replay_diagnostic_candidates(
           ^^^^^
tests/test_research_risk_replay.py:19: in api
    return importlib.import_module("cloud_edge_robot_arm.research.risk_replay")
           ^^^^^^^^^^^^^^^^^^^^^^^^^^^^^^^^^^^^^^^^^^^^^^^^^^^^^^^^^^^^^^^^^^^^
/usr/lib/python3.12/importlib/__init__.py:90: in import_module
    return _bootstrap._gcd_import(name[level:], package, level)
           ^^^^^^^^^^^^^^^^^^^^^^^^^^^^^^^^^^^^^^^^^^^^^^^^^^^^
<frozen importlib._bootstrap>:1387: in _gcd_import
    ???
<frozen importlib._bootstrap>:1360: in _find_and_load
    ???
_ _ _ _ _ _ _ _ _ _ _ _ _ _ _ _ _ _ _ _ _ _ _ _ _ _ _ _ _ _ _ _ _ _ _ _ _ _ _ _ 

name = 'cloud_edge_robot_arm.research.risk_replay'
import_ = <function _gcd_import at 0x77f19b7540e0>

>   ???
E   ModuleNotFoundError: No module named 'cloud_edge_robot_arm.research.risk_replay'

<frozen importlib._bootstrap>:1324: ModuleNotFoundError
_ test_incomplete_calibration_retains_population_and_has_no_feasible_winner[eight_groups] _

kind = 'eight_groups'

    @pytest.mark.parametrize("kind", ["eight_groups", "no_geometry", "no_motion", "no_classes"])
    def test_incomplete_calibration_retains_population_and_has_no_feasible_winner(kind):
        allocations, rows = numeric_fixture()
        for row in rows:
            if row["split"] == "calibration":
                if kind == "eight_groups" and row["group_id"] == "calibration-g-8":
                    row["group_id"] = "calibration-g-7"
                    row["scene_hash"] = hashlib.sha256(row["group_id"].encode()).hexdigest()
                elif kind == "no_geometry":
                    row["offline_labels"]["geometric_error_m"] = None
                elif kind == "no_motion":
                    row["offline_labels"]["motion_residual_m_s"] = None
                elif kind == "no_classes":
                    row["offline_labels"]["failure"] = False
>       result = replay(allocations, rows)
                 ^^^^^^^^^^^^^^^^^^^^^^^^^

tests/test_research_risk_replay.py:152: 
_ _ _ _ _ _ _ _ _ _ _ _ _ _ _ _ _ _ _ _ _ _ _ _ _ _ _ _ _ _ _ _ _ _ _ _ _ _ _ _ 
tests/test_research_risk_replay.py:77: in replay
    return api().replay_diagnostic_candidates(
           ^^^^^
tests/test_research_risk_replay.py:19: in api
    return importlib.import_module("cloud_edge_robot_arm.research.risk_replay")
           ^^^^^^^^^^^^^^^^^^^^^^^^^^^^^^^^^^^^^^^^^^^^^^^^^^^^^^^^^^^^^^^^^^^^
/usr/lib/python3.12/importlib/__init__.py:90: in import_module
    return _bootstrap._gcd_import(name[level:], package, level)
           ^^^^^^^^^^^^^^^^^^^^^^^^^^^^^^^^^^^^^^^^^^^^^^^^^^^^
<frozen importlib._bootstrap>:1387: in _gcd_import
    ???
<frozen importlib._bootstrap>:1360: in _find_and_load
    ???
_ _ _ _ _ _ _ _ _ _ _ _ _ _ _ _ _ _ _ _ _ _ _ _ _ _ _ _ _ _ _ _ _ _ _ _ _ _ _ _ 

name = 'cloud_edge_robot_arm.research.risk_replay'
import_ = <function _gcd_import at 0x77f19b7540e0>

>   ???
E   ModuleNotFoundError: No module named 'cloud_edge_robot_arm.research.risk_replay'

<frozen importlib._bootstrap>:1324: ModuleNotFoundError
_ test_incomplete_calibration_retains_population_and_has_no_feasible_winner[no_geometry] _

kind = 'no_geometry'

    @pytest.mark.parametrize("kind", ["eight_groups", "no_geometry", "no_motion", "no_classes"])
    def test_incomplete_calibration_retains_population_and_has_no_feasible_winner(kind):
        allocations, rows = numeric_fixture()
        for row in rows:
            if row["split"] == "calibration":
                if kind == "eight_groups" and row["group_id"] == "calibration-g-8":
                    row["group_id"] = "calibration-g-7"
                    row["scene_hash"] = hashlib.sha256(row["group_id"].encode()).hexdigest()
                elif kind == "no_geometry":
                    row["offline_labels"]["geometric_error_m"] = None
                elif kind == "no_motion":
                    row["offline_labels"]["motion_residual_m_s"] = None
                elif kind == "no_classes":
                    row["offline_labels"]["failure"] = False
>       result = replay(allocations, rows)
                 ^^^^^^^^^^^^^^^^^^^^^^^^^

tests/test_research_risk_replay.py:152: 
_ _ _ _ _ _ _ _ _ _ _ _ _ _ _ _ _ _ _ _ _ _ _ _ _ _ _ _ _ _ _ _ _ _ _ _ _ _ _ _ 
tests/test_research_risk_replay.py:77: in replay
    return api().replay_diagnostic_candidates(
           ^^^^^
tests/test_research_risk_replay.py:19: in api
    return importlib.import_module("cloud_edge_robot_arm.research.risk_replay")
           ^^^^^^^^^^^^^^^^^^^^^^^^^^^^^^^^^^^^^^^^^^^^^^^^^^^^^^^^^^^^^^^^^^^^
/usr/lib/python3.12/importlib/__init__.py:90: in import_module
    return _bootstrap._gcd_import(name[level:], package, level)
           ^^^^^^^^^^^^^^^^^^^^^^^^^^^^^^^^^^^^^^^^^^^^^^^^^^^^
<frozen importlib._bootstrap>:1387: in _gcd_import
    ???
<frozen importlib._bootstrap>:1360: in _find_and_load
    ???
_ _ _ _ _ _ _ _ _ _ _ _ _ _ _ _ _ _ _ _ _ _ _ _ _ _ _ _ _ _ _ _ _ _ _ _ _ _ _ _ 

name = 'cloud_edge_robot_arm.research.risk_replay'
import_ = <function _gcd_import at 0x77f19b7540e0>

>   ???
E   ModuleNotFoundError: No module named 'cloud_edge_robot_arm.research.risk_replay'

<frozen importlib._bootstrap>:1324: ModuleNotFoundError
_ test_incomplete_calibration_retains_population_and_has_no_feasible_winner[no_motion] _

kind = 'no_motion'

    @pytest.mark.parametrize("kind", ["eight_groups", "no_geometry", "no_motion", "no_classes"])
    def test_incomplete_calibration_retains_population_and_has_no_feasible_winner(kind):
        allocations, rows = numeric_fixture()
        for row in rows:
            if row["split"] == "calibration":
                if kind == "eight_groups" and row["group_id"] == "calibration-g-8":
                    row["group_id"] = "calibration-g-7"
                    row["scene_hash"] = hashlib.sha256(row["group_id"].encode()).hexdigest()
                elif kind == "no_geometry":
                    row["offline_labels"]["geometric_error_m"] = None
                elif kind == "no_motion":
                    row["offline_labels"]["motion_residual_m_s"] = None
                elif kind == "no_classes":
                    row["offline_labels"]["failure"] = False
>       result = replay(allocations, rows)
                 ^^^^^^^^^^^^^^^^^^^^^^^^^

tests/test_research_risk_replay.py:152: 
_ _ _ _ _ _ _ _ _ _ _ _ _ _ _ _ _ _ _ _ _ _ _ _ _ _ _ _ _ _ _ _ _ _ _ _ _ _ _ _ 
tests/test_research_risk_replay.py:77: in replay
    return api().replay_diagnostic_candidates(
           ^^^^^
tests/test_research_risk_replay.py:19: in api
    return importlib.import_module("cloud_edge_robot_arm.research.risk_replay")
           ^^^^^^^^^^^^^^^^^^^^^^^^^^^^^^^^^^^^^^^^^^^^^^^^^^^^^^^^^^^^^^^^^^^^
/usr/lib/python3.12/importlib/__init__.py:90: in import_module
    return _bootstrap._gcd_import(name[level:], package, level)
           ^^^^^^^^^^^^^^^^^^^^^^^^^^^^^^^^^^^^^^^^^^^^^^^^^^^^
<frozen importlib._bootstrap>:1387: in _gcd_import
    ???
<frozen importlib._bootstrap>:1360: in _find_and_load
    ???
_ _ _ _ _ _ _ _ _ _ _ _ _ _ _ _ _ _ _ _ _ _ _ _ _ _ _ _ _ _ _ _ _ _ _ _ _ _ _ _ 

name = 'cloud_edge_robot_arm.research.risk_replay'
import_ = <function _gcd_import at 0x77f19b7540e0>

>   ???
E   ModuleNotFoundError: No module named 'cloud_edge_robot_arm.research.risk_replay'

<frozen importlib._bootstrap>:1324: ModuleNotFoundError
_ test_incomplete_calibration_retains_population_and_has_no_feasible_winner[no_classes] _

kind = 'no_classes'

    @pytest.mark.parametrize("kind", ["eight_groups", "no_geometry", "no_motion", "no_classes"])
    def test_incomplete_calibration_retains_population_and_has_no_feasible_winner(kind):
        allocations, rows = numeric_fixture()
        for row in rows:
            if row["split"] == "calibration":
                if kind == "eight_groups" and row["group_id"] == "calibration-g-8":
                    row["group_id"] = "calibration-g-7"
                    row["scene_hash"] = hashlib.sha256(row["group_id"].encode()).hexdigest()
                elif kind == "no_geometry":
                    row["offline_labels"]["geometric_error_m"] = None
                elif kind == "no_motion":
                    row["offline_labels"]["motion_residual_m_s"] = None
                elif kind == "no_classes":
                    row["offline_labels"]["failure"] = False
>       result = replay(allocations, rows)
                 ^^^^^^^^^^^^^^^^^^^^^^^^^

tests/test_research_risk_replay.py:152: 
_ _ _ _ _ _ _ _ _ _ _ _ _ _ _ _ _ _ _ _ _ _ _ _ _ _ _ _ _ _ _ _ _ _ _ _ _ _ _ _ 
tests/test_research_risk_replay.py:77: in replay
    return api().replay_diagnostic_candidates(
           ^^^^^
tests/test_research_risk_replay.py:19: in api
    return importlib.import_module("cloud_edge_robot_arm.research.risk_replay")
           ^^^^^^^^^^^^^^^^^^^^^^^^^^^^^^^^^^^^^^^^^^^^^^^^^^^^^^^^^^^^^^^^^^^^
/usr/lib/python3.12/importlib/__init__.py:90: in import_module
    return _bootstrap._gcd_import(name[level:], package, level)
           ^^^^^^^^^^^^^^^^^^^^^^^^^^^^^^^^^^^^^^^^^^^^^^^^^^^^
<frozen importlib._bootstrap>:1387: in _gcd_import
    ???
<frozen importlib._bootstrap>:1360: in _find_and_load
    ???
_ _ _ _ _ _ _ _ _ _ _ _ _ _ _ _ _ _ _ _ _ _ _ _ _ _ _ _ _ _ _ _ _ _ _ _ _ _ _ _ 

name = 'cloud_edge_robot_arm.research.risk_replay'
import_ = <function _gcd_import at 0x77f19b7540e0>

>   ???
E   ModuleNotFoundError: No module named 'cloud_edge_robot_arm.research.risk_replay'

<frozen importlib._bootstrap>:1324: ModuleNotFoundError
_ test_missing_selection_cannot_choose_favorable_surviving_subset[missing_row] _

kind = 'missing_row'

    @pytest.mark.parametrize("kind", ["missing_row", "missing_features", "missing_failure", "outside_support", "no_pair"])
    def test_missing_selection_cannot_choose_favorable_surviving_subset(kind):
        allocations, rows = numeric_fixture()
        index = next(i for i,r in enumerate(rows) if r["sample_id"] == "selection-0")
        if kind == "missing_row":
            rows.pop(index)
        elif kind == "missing_features":
            rows[index]["online_features"] = None
        elif kind == "missing_failure":
            rows[index]["offline_labels"]["failure"] = None
        elif kind == "outside_support":
            rows[index]["online_features"]["depth_median_m"] = 99.
        else:
            rows[index]["online_features"]["motion_pair_valid"] = 0.
>       result = replay(allocations, rows)
                 ^^^^^^^^^^^^^^^^^^^^^^^^^

tests/test_research_risk_replay.py:174: 
_ _ _ _ _ _ _ _ _ _ _ _ _ _ _ _ _ _ _ _ _ _ _ _ _ _ _ _ _ _ _ _ _ _ _ _ _ _ _ _ 
tests/test_research_risk_replay.py:77: in replay
    return api().replay_diagnostic_candidates(
           ^^^^^
tests/test_research_risk_replay.py:19: in api
    return importlib.import_module("cloud_edge_robot_arm.research.risk_replay")
           ^^^^^^^^^^^^^^^^^^^^^^^^^^^^^^^^^^^^^^^^^^^^^^^^^^^^^^^^^^^^^^^^^^^^
/usr/lib/python3.12/importlib/__init__.py:90: in import_module
    return _bootstrap._gcd_import(name[level:], package, level)
           ^^^^^^^^^^^^^^^^^^^^^^^^^^^^^^^^^^^^^^^^^^^^^^^^^^^^
<frozen importlib._bootstrap>:1387: in _gcd_import
    ???
<frozen importlib._bootstrap>:1360: in _find_and_load
    ???
_ _ _ _ _ _ _ _ _ _ _ _ _ _ _ _ _ _ _ _ _ _ _ _ _ _ _ _ _ _ _ _ _ _ _ _ _ _ _ _ 

name = 'cloud_edge_robot_arm.research.risk_replay'
import_ = <function _gcd_import at 0x77f19b7540e0>

>   ???
E   ModuleNotFoundError: No module named 'cloud_edge_robot_arm.research.risk_replay'

<frozen importlib._bootstrap>:1324: ModuleNotFoundError
_ test_missing_selection_cannot_choose_favorable_surviving_subset[missing_features] _

kind = 'missing_features'

    @pytest.mark.parametrize("kind", ["missing_row", "missing_features", "missing_failure", "outside_support", "no_pair"])
    def test_missing_selection_cannot_choose_favorable_surviving_subset(kind):
        allocations, rows = numeric_fixture()
        index = next(i for i,r in enumerate(rows) if r["sample_id"] == "selection-0")
        if kind == "missing_row":
            rows.pop(index)
        elif kind == "missing_features":
            rows[index]["online_features"] = None
        elif kind == "missing_failure":
            rows[index]["offline_labels"]["failure"] = None
        elif kind == "outside_support":
            rows[index]["online_features"]["depth_median_m"] = 99.
        else:
            rows[index]["online_features"]["motion_pair_valid"] = 0.
>       result = replay(allocations, rows)
                 ^^^^^^^^^^^^^^^^^^^^^^^^^

tests/test_research_risk_replay.py:174: 
_ _ _ _ _ _ _ _ _ _ _ _ _ _ _ _ _ _ _ _ _ _ _ _ _ _ _ _ _ _ _ _ _ _ _ _ _ _ _ _ 
tests/test_research_risk_replay.py:77: in replay
    return api().replay_diagnostic_candidates(
           ^^^^^
tests/test_research_risk_replay.py:19: in api
    return importlib.import_module("cloud_edge_robot_arm.research.risk_replay")
           ^^^^^^^^^^^^^^^^^^^^^^^^^^^^^^^^^^^^^^^^^^^^^^^^^^^^^^^^^^^^^^^^^^^^
/usr/lib/python3.12/importlib/__init__.py:90: in import_module
    return _bootstrap._gcd_import(name[level:], package, level)
           ^^^^^^^^^^^^^^^^^^^^^^^^^^^^^^^^^^^^^^^^^^^^^^^^^^^^
<frozen importlib._bootstrap>:1387: in _gcd_import
    ???
<frozen importlib._bootstrap>:1360: in _find_and_load
    ???
_ _ _ _ _ _ _ _ _ _ _ _ _ _ _ _ _ _ _ _ _ _ _ _ _ _ _ _ _ _ _ _ _ _ _ _ _ _ _ _ 

name = 'cloud_edge_robot_arm.research.risk_replay'
import_ = <function _gcd_import at 0x77f19b7540e0>

>   ???
E   ModuleNotFoundError: No module named 'cloud_edge_robot_arm.research.risk_replay'

<frozen importlib._bootstrap>:1324: ModuleNotFoundError
_ test_missing_selection_cannot_choose_favorable_surviving_subset[missing_failure] _

kind = 'missing_failure'

    @pytest.mark.parametrize("kind", ["missing_row", "missing_features", "missing_failure", "outside_support", "no_pair"])
    def test_missing_selection_cannot_choose_favorable_surviving_subset(kind):
        allocations, rows = numeric_fixture()
        index = next(i for i,r in enumerate(rows) if r["sample_id"] == "selection-0")
        if kind == "missing_row":
            rows.pop(index)
        elif kind == "missing_features":
            rows[index]["online_features"] = None
        elif kind == "missing_failure":
            rows[index]["offline_labels"]["failure"] = None
        elif kind == "outside_support":
            rows[index]["online_features"]["depth_median_m"] = 99.
        else:
            rows[index]["online_features"]["motion_pair_valid"] = 0.
>       result = replay(allocations, rows)
                 ^^^^^^^^^^^^^^^^^^^^^^^^^

tests/test_research_risk_replay.py:174: 
_ _ _ _ _ _ _ _ _ _ _ _ _ _ _ _ _ _ _ _ _ _ _ _ _ _ _ _ _ _ _ _ _ _ _ _ _ _ _ _ 
tests/test_research_risk_replay.py:77: in replay
    return api().replay_diagnostic_candidates(
           ^^^^^
tests/test_research_risk_replay.py:19: in api
    return importlib.import_module("cloud_edge_robot_arm.research.risk_replay")
           ^^^^^^^^^^^^^^^^^^^^^^^^^^^^^^^^^^^^^^^^^^^^^^^^^^^^^^^^^^^^^^^^^^^^
/usr/lib/python3.12/importlib/__init__.py:90: in import_module
    return _bootstrap._gcd_import(name[level:], package, level)
           ^^^^^^^^^^^^^^^^^^^^^^^^^^^^^^^^^^^^^^^^^^^^^^^^^^^^
<frozen importlib._bootstrap>:1387: in _gcd_import
    ???
<frozen importlib._bootstrap>:1360: in _find_and_load
    ???
_ _ _ _ _ _ _ _ _ _ _ _ _ _ _ _ _ _ _ _ _ _ _ _ _ _ _ _ _ _ _ _ _ _ _ _ _ _ _ _ 

name = 'cloud_edge_robot_arm.research.risk_replay'
import_ = <function _gcd_import at 0x77f19b7540e0>

>   ???
E   ModuleNotFoundError: No module named 'cloud_edge_robot_arm.research.risk_replay'

<frozen importlib._bootstrap>:1324: ModuleNotFoundError
_ test_missing_selection_cannot_choose_favorable_surviving_subset[outside_support] _

kind = 'outside_support'

    @pytest.mark.parametrize("kind", ["missing_row", "missing_features", "missing_failure", "outside_support", "no_pair"])
    def test_missing_selection_cannot_choose_favorable_surviving_subset(kind):
        allocations, rows = numeric_fixture()
        index = next(i for i,r in enumerate(rows) if r["sample_id"] == "selection-0")
        if kind == "missing_row":
            rows.pop(index)
        elif kind == "missing_features":
            rows[index]["online_features"] = None
        elif kind == "missing_failure":
            rows[index]["offline_labels"]["failure"] = None
        elif kind == "outside_support":
            rows[index]["online_features"]["depth_median_m"] = 99.
        else:
            rows[index]["online_features"]["motion_pair_valid"] = 0.
>       result = replay(allocations, rows)
                 ^^^^^^^^^^^^^^^^^^^^^^^^^

tests/test_research_risk_replay.py:174: 
_ _ _ _ _ _ _ _ _ _ _ _ _ _ _ _ _ _ _ _ _ _ _ _ _ _ _ _ _ _ _ _ _ _ _ _ _ _ _ _ 
tests/test_research_risk_replay.py:77: in replay
    return api().replay_diagnostic_candidates(
           ^^^^^
tests/test_research_risk_replay.py:19: in api
    return importlib.import_module("cloud_edge_robot_arm.research.risk_replay")
           ^^^^^^^^^^^^^^^^^^^^^^^^^^^^^^^^^^^^^^^^^^^^^^^^^^^^^^^^^^^^^^^^^^^^
/usr/lib/python3.12/importlib/__init__.py:90: in import_module
    return _bootstrap._gcd_import(name[level:], package, level)
           ^^^^^^^^^^^^^^^^^^^^^^^^^^^^^^^^^^^^^^^^^^^^^^^^^^^^
<frozen importlib._bootstrap>:1387: in _gcd_import
    ???
<frozen importlib._bootstrap>:1360: in _find_and_load
    ???
_ _ _ _ _ _ _ _ _ _ _ _ _ _ _ _ _ _ _ _ _ _ _ _ _ _ _ _ _ _ _ _ _ _ _ _ _ _ _ _ 

name = 'cloud_edge_robot_arm.research.risk_replay'
import_ = <function _gcd_import at 0x77f19b7540e0>

>   ???
E   ModuleNotFoundError: No module named 'cloud_edge_robot_arm.research.risk_replay'

<frozen importlib._bootstrap>:1324: ModuleNotFoundError
___ test_missing_selection_cannot_choose_favorable_surviving_subset[no_pair] ___

kind = 'no_pair'

    @pytest.mark.parametrize("kind", ["missing_row", "missing_features", "missing_failure", "outside_support", "no_pair"])
    def test_missing_selection_cannot_choose_favorable_surviving_subset(kind):
        allocations, rows = numeric_fixture()
        index = next(i for i,r in enumerate(rows) if r["sample_id"] == "selection-0")
        if kind == "missing_row":
            rows.pop(index)
        elif kind == "missing_features":
            rows[index]["online_features"] = None
        elif kind == "missing_failure":
            rows[index]["offline_labels"]["failure"] = None
        elif kind == "outside_support":
            rows[index]["online_features"]["depth_median_m"] = 99.
        else:
            rows[index]["online_features"]["motion_pair_valid"] = 0.
>       result = replay(allocations, rows)
                 ^^^^^^^^^^^^^^^^^^^^^^^^^

tests/test_research_risk_replay.py:174: 
_ _ _ _ _ _ _ _ _ _ _ _ _ _ _ _ _ _ _ _ _ _ _ _ _ _ _ _ _ _ _ _ _ _ _ _ _ _ _ _ 
tests/test_research_risk_replay.py:77: in replay
    return api().replay_diagnostic_candidates(
           ^^^^^
tests/test_research_risk_replay.py:19: in api
    return importlib.import_module("cloud_edge_robot_arm.research.risk_replay")
           ^^^^^^^^^^^^^^^^^^^^^^^^^^^^^^^^^^^^^^^^^^^^^^^^^^^^^^^^^^^^^^^^^^^^
/usr/lib/python3.12/importlib/__init__.py:90: in import_module
    return _bootstrap._gcd_import(name[level:], package, level)
           ^^^^^^^^^^^^^^^^^^^^^^^^^^^^^^^^^^^^^^^^^^^^^^^^^^^^
<frozen importlib._bootstrap>:1387: in _gcd_import
    ???
<frozen importlib._bootstrap>:1360: in _find_and_load
    ???
_ _ _ _ _ _ _ _ _ _ _ _ _ _ _ _ _ _ _ _ _ _ _ _ _ _ _ _ _ _ _ _ _ _ _ _ _ _ _ _ 

name = 'cloud_edge_robot_arm.research.risk_replay'
import_ = <function _gcd_import at 0x77f19b7540e0>

>   ???
E   ModuleNotFoundError: No module named 'cloud_edge_robot_arm.research.risk_replay'

<frozen importlib._bootstrap>:1324: ModuleNotFoundError
_______ test_test_labels_and_features_do_not_fit_select_or_change_winner _______

    def test_test_labels_and_features_do_not_fit_select_or_change_winner():
        allocations, rows = numeric_fixture()
>       before = replay(allocations, rows)
                 ^^^^^^^^^^^^^^^^^^^^^^^^^

tests/test_research_risk_replay.py:184: 
_ _ _ _ _ _ _ _ _ _ _ _ _ _ _ _ _ _ _ _ _ _ _ _ _ _ _ _ _ _ _ _ _ _ _ _ _ _ _ _ 
tests/test_research_risk_replay.py:77: in replay
    return api().replay_diagnostic_candidates(
           ^^^^^
tests/test_research_risk_replay.py:19: in api
    return importlib.import_module("cloud_edge_robot_arm.research.risk_replay")
           ^^^^^^^^^^^^^^^^^^^^^^^^^^^^^^^^^^^^^^^^^^^^^^^^^^^^^^^^^^^^^^^^^^^^
/usr/lib/python3.12/importlib/__init__.py:90: in import_module
    return _bootstrap._gcd_import(name[level:], package, level)
           ^^^^^^^^^^^^^^^^^^^^^^^^^^^^^^^^^^^^^^^^^^^^^^^^^^^^
<frozen importlib._bootstrap>:1387: in _gcd_import
    ???
<frozen importlib._bootstrap>:1360: in _find_and_load
    ???
_ _ _ _ _ _ _ _ _ _ _ _ _ _ _ _ _ _ _ _ _ _ _ _ _ _ _ _ _ _ _ _ _ _ _ _ _ _ _ _ 

name = 'cloud_edge_robot_arm.research.risk_replay'
import_ = <function _gcd_import at 0x77f19b7540e0>

>   ???
E   ModuleNotFoundError: No module named 'cloud_edge_robot_arm.research.risk_replay'

<frozen importlib._bootstrap>:1324: ModuleNotFoundError
__ test_invalid_source_or_online_boundary_cannot_feed_numeric_fit[component] ___

kind = 'component'

    @pytest.mark.parametrize("kind", ["component", "history", "feature_truth", "bool_feature", "huge_feature", "label_bool", "extra_row"])
    def test_invalid_source_or_online_boundary_cannot_feed_numeric_fit(kind):
        allocations, rows = numeric_fixture()
        if kind == "component":
            rows[-1]["group_id"] = rows[0]["group_id"]
        elif kind == "history":
            rows[-1]["used_purposes"] = ("TUNED",)
        elif kind == "feature_truth":
            rows[0]["online_features"]["true_error_m"] = 0.
        elif kind == "bool_feature":
            rows[0]["online_features"]["depth_median_m"] = True
        elif kind == "huge_feature":
            rows[0]["online_features"]["depth_median_m"] = 10**500
        elif kind == "label_bool":
            rows[0]["offline_labels"]["failure"] = 0
        else:
            rows.append({**rows[0], "sample_id":"unallocated"})
        with pytest.raises(ValueError):
>           replay(allocations, rows)

tests/test_research_risk_replay.py:216: 
_ _ _ _ _ _ _ _ _ _ _ _ _ _ _ _ _ _ _ _ _ _ _ _ _ _ _ _ _ _ _ _ _ _ _ _ _ _ _ _ 
tests/test_research_risk_replay.py:77: in replay
    return api().replay_diagnostic_candidates(
           ^^^^^
tests/test_research_risk_replay.py:19: in api
    return importlib.import_module("cloud_edge_robot_arm.research.risk_replay")
           ^^^^^^^^^^^^^^^^^^^^^^^^^^^^^^^^^^^^^^^^^^^^^^^^^^^^^^^^^^^^^^^^^^^^
/usr/lib/python3.12/importlib/__init__.py:90: in import_module
    return _bootstrap._gcd_import(name[level:], package, level)
           ^^^^^^^^^^^^^^^^^^^^^^^^^^^^^^^^^^^^^^^^^^^^^^^^^^^^
<frozen importlib._bootstrap>:1387: in _gcd_import
    ???
<frozen importlib._bootstrap>:1360: in _find_and_load
    ???
_ _ _ _ _ _ _ _ _ _ _ _ _ _ _ _ _ _ _ _ _ _ _ _ _ _ _ _ _ _ _ _ _ _ _ _ _ _ _ _ 

name = 'cloud_edge_robot_arm.research.risk_replay'
import_ = <function _gcd_import at 0x77f19b7540e0>

>   ???
E   ModuleNotFoundError: No module named 'cloud_edge_robot_arm.research.risk_replay'

<frozen importlib._bootstrap>:1324: ModuleNotFoundError
___ test_invalid_source_or_online_boundary_cannot_feed_numeric_fit[history] ____

kind = 'history'

    @pytest.mark.parametrize("kind", ["component", "history", "feature_truth", "bool_feature", "huge_feature", "label_bool", "extra_row"])
    def test_invalid_source_or_online_boundary_cannot_feed_numeric_fit(kind):
        allocations, rows = numeric_fixture()
        if kind == "component":
            rows[-1]["group_id"] = rows[0]["group_id"]
        elif kind == "history":
            rows[-1]["used_purposes"] = ("TUNED",)
        elif kind == "feature_truth":
            rows[0]["online_features"]["true_error_m"] = 0.
        elif kind == "bool_feature":
            rows[0]["online_features"]["depth_median_m"] = True
        elif kind == "huge_feature":
            rows[0]["online_features"]["depth_median_m"] = 10**500
        elif kind == "label_bool":
            rows[0]["offline_labels"]["failure"] = 0
        else:
            rows.append({**rows[0], "sample_id":"unallocated"})
        with pytest.raises(ValueError):
>           replay(allocations, rows)

tests/test_research_risk_replay.py:216: 
_ _ _ _ _ _ _ _ _ _ _ _ _ _ _ _ _ _ _ _ _ _ _ _ _ _ _ _ _ _ _ _ _ _ _ _ _ _ _ _ 
tests/test_research_risk_replay.py:77: in replay
    return api().replay_diagnostic_candidates(
           ^^^^^
tests/test_research_risk_replay.py:19: in api
    return importlib.import_module("cloud_edge_robot_arm.research.risk_replay")
           ^^^^^^^^^^^^^^^^^^^^^^^^^^^^^^^^^^^^^^^^^^^^^^^^^^^^^^^^^^^^^^^^^^^^
/usr/lib/python3.12/importlib/__init__.py:90: in import_module
    return _bootstrap._gcd_import(name[level:], package, level)
           ^^^^^^^^^^^^^^^^^^^^^^^^^^^^^^^^^^^^^^^^^^^^^^^^^^^^
<frozen importlib._bootstrap>:1387: in _gcd_import
    ???
<frozen importlib._bootstrap>:1360: in _find_and_load
    ???
_ _ _ _ _ _ _ _ _ _ _ _ _ _ _ _ _ _ _ _ _ _ _ _ _ _ _ _ _ _ _ _ _ _ _ _ _ _ _ _ 

name = 'cloud_edge_robot_arm.research.risk_replay'
import_ = <function _gcd_import at 0x77f19b7540e0>

>   ???
E   ModuleNotFoundError: No module named 'cloud_edge_robot_arm.research.risk_replay'

<frozen importlib._bootstrap>:1324: ModuleNotFoundError
_ test_invalid_source_or_online_boundary_cannot_feed_numeric_fit[feature_truth] _

kind = 'feature_truth'

    @pytest.mark.parametrize("kind", ["component", "history", "feature_truth", "bool_feature", "huge_feature", "label_bool", "extra_row"])
    def test_invalid_source_or_online_boundary_cannot_feed_numeric_fit(kind):
        allocations, rows = numeric_fixture()
        if kind == "component":
            rows[-1]["group_id"] = rows[0]["group_id"]
        elif kind == "history":
            rows[-1]["used_purposes"] = ("TUNED",)
        elif kind == "feature_truth":
            rows[0]["online_features"]["true_error_m"] = 0.
        elif kind == "bool_feature":
            rows[0]["online_features"]["depth_median_m"] = True
        elif kind == "huge_feature":
            rows[0]["online_features"]["depth_median_m"] = 10**500
        elif kind == "label_bool":
            rows[0]["offline_labels"]["failure"] = 0
        else:
            rows.append({**rows[0], "sample_id":"unallocated"})
        with pytest.raises(ValueError):
>           replay(allocations, rows)

tests/test_research_risk_replay.py:216: 
_ _ _ _ _ _ _ _ _ _ _ _ _ _ _ _ _ _ _ _ _ _ _ _ _ _ _ _ _ _ _ _ _ _ _ _ _ _ _ _ 
tests/test_research_risk_replay.py:77: in replay
    return api().replay_diagnostic_candidates(
           ^^^^^
tests/test_research_risk_replay.py:19: in api
    return importlib.import_module("cloud_edge_robot_arm.research.risk_replay")
           ^^^^^^^^^^^^^^^^^^^^^^^^^^^^^^^^^^^^^^^^^^^^^^^^^^^^^^^^^^^^^^^^^^^^
/usr/lib/python3.12/importlib/__init__.py:90: in import_module
    return _bootstrap._gcd_import(name[level:], package, level)
           ^^^^^^^^^^^^^^^^^^^^^^^^^^^^^^^^^^^^^^^^^^^^^^^^^^^^
<frozen importlib._bootstrap>:1387: in _gcd_import
    ???
<frozen importlib._bootstrap>:1360: in _find_and_load
    ???
_ _ _ _ _ _ _ _ _ _ _ _ _ _ _ _ _ _ _ _ _ _ _ _ _ _ _ _ _ _ _ _ _ _ _ _ _ _ _ _ 

name = 'cloud_edge_robot_arm.research.risk_replay'
import_ = <function _gcd_import at 0x77f19b7540e0>

>   ???
E   ModuleNotFoundError: No module named 'cloud_edge_robot_arm.research.risk_replay'

<frozen importlib._bootstrap>:1324: ModuleNotFoundError
_ test_invalid_source_or_online_boundary_cannot_feed_numeric_fit[bool_feature] _

kind = 'bool_feature'

    @pytest.mark.parametrize("kind", ["component", "history", "feature_truth", "bool_feature", "huge_feature", "label_bool", "extra_row"])
    def test_invalid_source_or_online_boundary_cannot_feed_numeric_fit(kind):
        allocations, rows = numeric_fixture()
        if kind == "component":
            rows[-1]["group_id"] = rows[0]["group_id"]
        elif kind == "history":
            rows[-1]["used_purposes"] = ("TUNED",)
        elif kind == "feature_truth":
            rows[0]["online_features"]["true_error_m"] = 0.
        elif kind == "bool_feature":
            rows[0]["online_features"]["depth_median_m"] = True
        elif kind == "huge_feature":
            rows[0]["online_features"]["depth_median_m"] = 10**500
        elif kind == "label_bool":
            rows[0]["offline_labels"]["failure"] = 0
        else:
            rows.append({**rows[0], "sample_id":"unallocated"})
        with pytest.raises(ValueError):
>           replay(allocations, rows)

tests/test_research_risk_replay.py:216: 
_ _ _ _ _ _ _ _ _ _ _ _ _ _ _ _ _ _ _ _ _ _ _ _ _ _ _ _ _ _ _ _ _ _ _ _ _ _ _ _ 
tests/test_research_risk_replay.py:77: in replay
    return api().replay_diagnostic_candidates(
           ^^^^^
tests/test_research_risk_replay.py:19: in api
    return importlib.import_module("cloud_edge_robot_arm.research.risk_replay")
           ^^^^^^^^^^^^^^^^^^^^^^^^^^^^^^^^^^^^^^^^^^^^^^^^^^^^^^^^^^^^^^^^^^^^
/usr/lib/python3.12/importlib/__init__.py:90: in import_module
    return _bootstrap._gcd_import(name[level:], package, level)
           ^^^^^^^^^^^^^^^^^^^^^^^^^^^^^^^^^^^^^^^^^^^^^^^^^^^^
<frozen importlib._bootstrap>:1387: in _gcd_import
    ???
<frozen importlib._bootstrap>:1360: in _find_and_load
    ???
_ _ _ _ _ _ _ _ _ _ _ _ _ _ _ _ _ _ _ _ _ _ _ _ _ _ _ _ _ _ _ _ _ _ _ _ _ _ _ _ 

name = 'cloud_edge_robot_arm.research.risk_replay'
import_ = <function _gcd_import at 0x77f19b7540e0>

>   ???
E   ModuleNotFoundError: No module named 'cloud_edge_robot_arm.research.risk_replay'

<frozen importlib._bootstrap>:1324: ModuleNotFoundError
_ test_invalid_source_or_online_boundary_cannot_feed_numeric_fit[huge_feature] _

kind = 'huge_feature'

    @pytest.mark.parametrize("kind", ["component", "history", "feature_truth", "bool_feature", "huge_feature", "label_bool", "extra_row"])
    def test_invalid_source_or_online_boundary_cannot_feed_numeric_fit(kind):
        allocations, rows = numeric_fixture()
        if kind == "component":
            rows[-1]["group_id"] = rows[0]["group_id"]
        elif kind == "history":
            rows[-1]["used_purposes"] = ("TUNED",)
        elif kind == "feature_truth":
            rows[0]["online_features"]["true_error_m"] = 0.
        elif kind == "bool_feature":
            rows[0]["online_features"]["depth_median_m"] = True
        elif kind == "huge_feature":
            rows[0]["online_features"]["depth_median_m"] = 10**500
        elif kind == "label_bool":
            rows[0]["offline_labels"]["failure"] = 0
        else:
            rows.append({**rows[0], "sample_id":"unallocated"})
        with pytest.raises(ValueError):
>           replay(allocations, rows)

tests/test_research_risk_replay.py:216: 
_ _ _ _ _ _ _ _ _ _ _ _ _ _ _ _ _ _ _ _ _ _ _ _ _ _ _ _ _ _ _ _ _ _ _ _ _ _ _ _ 
tests/test_research_risk_replay.py:77: in replay
    return api().replay_diagnostic_candidates(
           ^^^^^
tests/test_research_risk_replay.py:19: in api
    return importlib.import_module("cloud_edge_robot_arm.research.risk_replay")
           ^^^^^^^^^^^^^^^^^^^^^^^^^^^^^^^^^^^^^^^^^^^^^^^^^^^^^^^^^^^^^^^^^^^^
/usr/lib/python3.12/importlib/__init__.py:90: in import_module
    return _bootstrap._gcd_import(name[level:], package, level)
           ^^^^^^^^^^^^^^^^^^^^^^^^^^^^^^^^^^^^^^^^^^^^^^^^^^^^
<frozen importlib._bootstrap>:1387: in _gcd_import
    ???
<frozen importlib._bootstrap>:1360: in _find_and_load
    ???
_ _ _ _ _ _ _ _ _ _ _ _ _ _ _ _ _ _ _ _ _ _ _ _ _ _ _ _ _ _ _ _ _ _ _ _ _ _ _ _ 

name = 'cloud_edge_robot_arm.research.risk_replay'
import_ = <function _gcd_import at 0x77f19b7540e0>

>   ???
E   ModuleNotFoundError: No module named 'cloud_edge_robot_arm.research.risk_replay'

<frozen importlib._bootstrap>:1324: ModuleNotFoundError
__ test_invalid_source_or_online_boundary_cannot_feed_numeric_fit[label_bool] __

kind = 'label_bool'

    @pytest.mark.parametrize("kind", ["component", "history", "feature_truth", "bool_feature", "huge_feature", "label_bool", "extra_row"])
    def test_invalid_source_or_online_boundary_cannot_feed_numeric_fit(kind):
        allocations, rows = numeric_fixture()
        if kind == "component":
            rows[-1]["group_id"] = rows[0]["group_id"]
        elif kind == "history":
            rows[-1]["used_purposes"] = ("TUNED",)
        elif kind == "feature_truth":
            rows[0]["online_features"]["true_error_m"] = 0.
        elif kind == "bool_feature":
            rows[0]["online_features"]["depth_median_m"] = True
        elif kind == "huge_feature":
            rows[0]["online_features"]["depth_median_m"] = 10**500
        elif kind == "label_bool":
            rows[0]["offline_labels"]["failure"] = 0
        else:
            rows.append({**rows[0], "sample_id":"unallocated"})
        with pytest.raises(ValueError):
>           replay(allocations, rows)

tests/test_research_risk_replay.py:216: 
_ _ _ _ _ _ _ _ _ _ _ _ _ _ _ _ _ _ _ _ _ _ _ _ _ _ _ _ _ _ _ _ _ _ _ _ _ _ _ _ 
tests/test_research_risk_replay.py:77: in replay
    return api().replay_diagnostic_candidates(
           ^^^^^
tests/test_research_risk_replay.py:19: in api
    return importlib.import_module("cloud_edge_robot_arm.research.risk_replay")
           ^^^^^^^^^^^^^^^^^^^^^^^^^^^^^^^^^^^^^^^^^^^^^^^^^^^^^^^^^^^^^^^^^^^^
/usr/lib/python3.12/importlib/__init__.py:90: in import_module
    return _bootstrap._gcd_import(name[level:], package, level)
           ^^^^^^^^^^^^^^^^^^^^^^^^^^^^^^^^^^^^^^^^^^^^^^^^^^^^
<frozen importlib._bootstrap>:1387: in _gcd_import
    ???
<frozen importlib._bootstrap>:1360: in _find_and_load
    ???
_ _ _ _ _ _ _ _ _ _ _ _ _ _ _ _ _ _ _ _ _ _ _ _ _ _ _ _ _ _ _ _ _ _ _ _ _ _ _ _ 

name = 'cloud_edge_robot_arm.research.risk_replay'
import_ = <function _gcd_import at 0x77f19b7540e0>

>   ???
E   ModuleNotFoundError: No module named 'cloud_edge_robot_arm.research.risk_replay'

<frozen importlib._bootstrap>:1324: ModuleNotFoundError
__ test_invalid_source_or_online_boundary_cannot_feed_numeric_fit[extra_row] ___

kind = 'extra_row'

    @pytest.mark.parametrize("kind", ["component", "history", "feature_truth", "bool_feature", "huge_feature", "label_bool", "extra_row"])
    def test_invalid_source_or_online_boundary_cannot_feed_numeric_fit(kind):
        allocations, rows = numeric_fixture()
        if kind == "component":
            rows[-1]["group_id"] = rows[0]["group_id"]
        elif kind == "history":
            rows[-1]["used_purposes"] = ("TUNED",)
        elif kind == "feature_truth":
            rows[0]["online_features"]["true_error_m"] = 0.
        elif kind == "bool_feature":
            rows[0]["online_features"]["depth_median_m"] = True
        elif kind == "huge_feature":
            rows[0]["online_features"]["depth_median_m"] = 10**500
        elif kind == "label_bool":
            rows[0]["offline_labels"]["failure"] = 0
        else:
            rows.append({**rows[0], "sample_id":"unallocated"})
        with pytest.raises(ValueError):
>           replay(allocations, rows)

tests/test_research_risk_replay.py:216: 
_ _ _ _ _ _ _ _ _ _ _ _ _ _ _ _ _ _ _ _ _ _ _ _ _ _ _ _ _ _ _ _ _ _ _ _ _ _ _ _ 
tests/test_research_risk_replay.py:77: in replay
    return api().replay_diagnostic_candidates(
           ^^^^^
tests/test_research_risk_replay.py:19: in api
    return importlib.import_module("cloud_edge_robot_arm.research.risk_replay")
           ^^^^^^^^^^^^^^^^^^^^^^^^^^^^^^^^^^^^^^^^^^^^^^^^^^^^^^^^^^^^^^^^^^^^
/usr/lib/python3.12/importlib/__init__.py:90: in import_module
    return _bootstrap._gcd_import(name[level:], package, level)
           ^^^^^^^^^^^^^^^^^^^^^^^^^^^^^^^^^^^^^^^^^^^^^^^^^^^^
<frozen importlib._bootstrap>:1387: in _gcd_import
    ???
<frozen importlib._bootstrap>:1360: in _find_and_load
    ???
_ _ _ _ _ _ _ _ _ _ _ _ _ _ _ _ _ _ _ _ _ _ _ _ _ _ _ _ _ _ _ _ _ _ _ _ _ _ _ _ 

name = 'cloud_edge_robot_arm.research.risk_replay'
import_ = <function _gcd_import at 0x77f19b7540e0>

>   ???
E   ModuleNotFoundError: No module named 'cloud_edge_robot_arm.research.risk_replay'

<frozen importlib._bootstrap>:1324: ModuleNotFoundError
___ test_candidates_require_complete_exact_frozen_recipe_objects[duplicate] ____

kind = 'duplicate'

    @pytest.mark.parametrize("kind", ["duplicate", "incomplete", "authority_flag", "mutable_settings", "boolean_seed"])
    def test_candidates_require_complete_exact_frozen_recipe_objects(kind):
        candidates = [parameters()]
        if kind == "duplicate":
            candidates.append(parameters())
        elif kind == "incomplete":
            candidates[0].pop("settings")
        elif kind == "authority_flag":
            candidates[0]["eligible"] = True
        elif kind == "mutable_settings":
            candidates[0]["settings"]["l2"] = .2
        else:
            candidates[0]["seed"] = True
        with pytest.raises(ValueError):
>           replay(candidates=candidates)

tests/test_research_risk_replay.py:233: 
_ _ _ _ _ _ _ _ _ _ _ _ _ _ _ _ _ _ _ _ _ _ _ _ _ _ _ _ _ _ _ _ _ _ _ _ _ _ _ _ 
tests/test_research_risk_replay.py:77: in replay
    return api().replay_diagnostic_candidates(
           ^^^^^
tests/test_research_risk_replay.py:19: in api
    return importlib.import_module("cloud_edge_robot_arm.research.risk_replay")
           ^^^^^^^^^^^^^^^^^^^^^^^^^^^^^^^^^^^^^^^^^^^^^^^^^^^^^^^^^^^^^^^^^^^^
/usr/lib/python3.12/importlib/__init__.py:90: in import_module
    return _bootstrap._gcd_import(name[level:], package, level)
           ^^^^^^^^^^^^^^^^^^^^^^^^^^^^^^^^^^^^^^^^^^^^^^^^^^^^
<frozen importlib._bootstrap>:1387: in _gcd_import
    ???
<frozen importlib._bootstrap>:1360: in _find_and_load
    ???
_ _ _ _ _ _ _ _ _ _ _ _ _ _ _ _ _ _ _ _ _ _ _ _ _ _ _ _ _ _ _ _ _ _ _ _ _ _ _ _ 

name = 'cloud_edge_robot_arm.research.risk_replay'
import_ = <function _gcd_import at 0x77f19b7540e0>

>   ???
E   ModuleNotFoundError: No module named 'cloud_edge_robot_arm.research.risk_replay'

<frozen importlib._bootstrap>:1324: ModuleNotFoundError
___ test_candidates_require_complete_exact_frozen_recipe_objects[incomplete] ___

kind = 'incomplete'

    @pytest.mark.parametrize("kind", ["duplicate", "incomplete", "authority_flag", "mutable_settings", "boolean_seed"])
    def test_candidates_require_complete_exact_frozen_recipe_objects(kind):
        candidates = [parameters()]
        if kind == "duplicate":
            candidates.append(parameters())
        elif kind == "incomplete":
            candidates[0].pop("settings")
        elif kind == "authority_flag":
            candidates[0]["eligible"] = True
        elif kind == "mutable_settings":
            candidates[0]["settings"]["l2"] = .2
        else:
            candidates[0]["seed"] = True
        with pytest.raises(ValueError):
>           replay(candidates=candidates)

tests/test_research_risk_replay.py:233: 
_ _ _ _ _ _ _ _ _ _ _ _ _ _ _ _ _ _ _ _ _ _ _ _ _ _ _ _ _ _ _ _ _ _ _ _ _ _ _ _ 
tests/test_research_risk_replay.py:77: in replay
    return api().replay_diagnostic_candidates(
           ^^^^^
tests/test_research_risk_replay.py:19: in api
    return importlib.import_module("cloud_edge_robot_arm.research.risk_replay")
           ^^^^^^^^^^^^^^^^^^^^^^^^^^^^^^^^^^^^^^^^^^^^^^^^^^^^^^^^^^^^^^^^^^^^
/usr/lib/python3.12/importlib/__init__.py:90: in import_module
    return _bootstrap._gcd_import(name[level:], package, level)
           ^^^^^^^^^^^^^^^^^^^^^^^^^^^^^^^^^^^^^^^^^^^^^^^^^^^^
<frozen importlib._bootstrap>:1387: in _gcd_import
    ???
<frozen importlib._bootstrap>:1360: in _find_and_load
    ???
_ _ _ _ _ _ _ _ _ _ _ _ _ _ _ _ _ _ _ _ _ _ _ _ _ _ _ _ _ _ _ _ _ _ _ _ _ _ _ _ 

name = 'cloud_edge_robot_arm.research.risk_replay'
import_ = <function _gcd_import at 0x77f19b7540e0>

>   ???
E   ModuleNotFoundError: No module named 'cloud_edge_robot_arm.research.risk_replay'

<frozen importlib._bootstrap>:1324: ModuleNotFoundError
_ test_candidates_require_complete_exact_frozen_recipe_objects[authority_flag] _

kind = 'authority_flag'

    @pytest.mark.parametrize("kind", ["duplicate", "incomplete", "authority_flag", "mutable_settings", "boolean_seed"])
    def test_candidates_require_complete_exact_frozen_recipe_objects(kind):
        candidates = [parameters()]
        if kind == "duplicate":
            candidates.append(parameters())
        elif kind == "incomplete":
            candidates[0].pop("settings")
        elif kind == "authority_flag":
            candidates[0]["eligible"] = True
        elif kind == "mutable_settings":
            candidates[0]["settings"]["l2"] = .2
        else:
            candidates[0]["seed"] = True
        with pytest.raises(ValueError):
>           replay(candidates=candidates)

tests/test_research_risk_replay.py:233: 
_ _ _ _ _ _ _ _ _ _ _ _ _ _ _ _ _ _ _ _ _ _ _ _ _ _ _ _ _ _ _ _ _ _ _ _ _ _ _ _ 
tests/test_research_risk_replay.py:77: in replay
    return api().replay_diagnostic_candidates(
           ^^^^^
tests/test_research_risk_replay.py:19: in api
    return importlib.import_module("cloud_edge_robot_arm.research.risk_replay")
           ^^^^^^^^^^^^^^^^^^^^^^^^^^^^^^^^^^^^^^^^^^^^^^^^^^^^^^^^^^^^^^^^^^^^
/usr/lib/python3.12/importlib/__init__.py:90: in import_module
    return _bootstrap._gcd_import(name[level:], package, level)
           ^^^^^^^^^^^^^^^^^^^^^^^^^^^^^^^^^^^^^^^^^^^^^^^^^^^^
<frozen importlib._bootstrap>:1387: in _gcd_import
    ???
<frozen importlib._bootstrap>:1360: in _find_and_load
    ???
_ _ _ _ _ _ _ _ _ _ _ _ _ _ _ _ _ _ _ _ _ _ _ _ _ _ _ _ _ _ _ _ _ _ _ _ _ _ _ _ 

name = 'cloud_edge_robot_arm.research.risk_replay'
import_ = <function _gcd_import at 0x77f19b7540e0>

>   ???
E   ModuleNotFoundError: No module named 'cloud_edge_robot_arm.research.risk_replay'

<frozen importlib._bootstrap>:1324: ModuleNotFoundError
_ test_candidates_require_complete_exact_frozen_recipe_objects[mutable_settings] _

kind = 'mutable_settings'

    @pytest.mark.parametrize("kind", ["duplicate", "incomplete", "authority_flag", "mutable_settings", "boolean_seed"])
    def test_candidates_require_complete_exact_frozen_recipe_objects(kind):
        candidates = [parameters()]
        if kind == "duplicate":
            candidates.append(parameters())
        elif kind == "incomplete":
            candidates[0].pop("settings")
        elif kind == "authority_flag":
            candidates[0]["eligible"] = True
        elif kind == "mutable_settings":
            candidates[0]["settings"]["l2"] = .2
        else:
            candidates[0]["seed"] = True
        with pytest.raises(ValueError):
>           replay(candidates=candidates)

tests/test_research_risk_replay.py:233: 
_ _ _ _ _ _ _ _ _ _ _ _ _ _ _ _ _ _ _ _ _ _ _ _ _ _ _ _ _ _ _ _ _ _ _ _ _ _ _ _ 
tests/test_research_risk_replay.py:77: in replay
    return api().replay_diagnostic_candidates(
           ^^^^^
tests/test_research_risk_replay.py:19: in api
    return importlib.import_module("cloud_edge_robot_arm.research.risk_replay")
           ^^^^^^^^^^^^^^^^^^^^^^^^^^^^^^^^^^^^^^^^^^^^^^^^^^^^^^^^^^^^^^^^^^^^
/usr/lib/python3.12/importlib/__init__.py:90: in import_module
    return _bootstrap._gcd_import(name[level:], package, level)
           ^^^^^^^^^^^^^^^^^^^^^^^^^^^^^^^^^^^^^^^^^^^^^^^^^^^^
<frozen importlib._bootstrap>:1387: in _gcd_import
    ???
<frozen importlib._bootstrap>:1360: in _find_and_load
    ???
_ _ _ _ _ _ _ _ _ _ _ _ _ _ _ _ _ _ _ _ _ _ _ _ _ _ _ _ _ _ _ _ _ _ _ _ _ _ _ _ 

name = 'cloud_edge_robot_arm.research.risk_replay'
import_ = <function _gcd_import at 0x77f19b7540e0>

>   ???
E   ModuleNotFoundError: No module named 'cloud_edge_robot_arm.research.risk_replay'

<frozen importlib._bootstrap>:1324: ModuleNotFoundError
__ test_candidates_require_complete_exact_frozen_recipe_objects[boolean_seed] __

kind = 'boolean_seed'

    @pytest.mark.parametrize("kind", ["duplicate", "incomplete", "authority_flag", "mutable_settings", "boolean_seed"])
    def test_candidates_require_complete_exact_frozen_recipe_objects(kind):
        candidates = [parameters()]
        if kind == "duplicate":
            candidates.append(parameters())
        elif kind == "incomplete":
            candidates[0].pop("settings")
        elif kind == "authority_flag":
            candidates[0]["eligible"] = True
        elif kind == "mutable_settings":
            candidates[0]["settings"]["l2"] = .2
        else:
            candidates[0]["seed"] = True
        with pytest.raises(ValueError):
>           replay(candidates=candidates)

tests/test_research_risk_replay.py:233: 
_ _ _ _ _ _ _ _ _ _ _ _ _ _ _ _ _ _ _ _ _ _ _ _ _ _ _ _ _ _ _ _ _ _ _ _ _ _ _ _ 
tests/test_research_risk_replay.py:77: in replay
    return api().replay_diagnostic_candidates(
           ^^^^^
tests/test_research_risk_replay.py:19: in api
    return importlib.import_module("cloud_edge_robot_arm.research.risk_replay")
           ^^^^^^^^^^^^^^^^^^^^^^^^^^^^^^^^^^^^^^^^^^^^^^^^^^^^^^^^^^^^^^^^^^^^
/usr/lib/python3.12/importlib/__init__.py:90: in import_module
    return _bootstrap._gcd_import(name[level:], package, level)
           ^^^^^^^^^^^^^^^^^^^^^^^^^^^^^^^^^^^^^^^^^^^^^^^^^^^^
<frozen importlib._bootstrap>:1387: in _gcd_import
    ???
<frozen importlib._bootstrap>:1360: in _find_and_load
    ???
_ _ _ _ _ _ _ _ _ _ _ _ _ _ _ _ _ _ _ _ _ _ _ _ _ _ _ _ _ _ _ _ _ _ _ _ _ _ _ _ 

name = 'cloud_edge_robot_arm.research.risk_replay'
import_ = <function _gcd_import at 0x77f19b7540e0>

>   ???
E   ModuleNotFoundError: No module named 'cloud_edge_robot_arm.research.risk_replay'

<frozen importlib._bootstrap>:1324: ModuleNotFoundError
___ test_registered_raw_only_source_is_reread_and_keeps_failure_denominators ___

tmp_path = PosixPath('/tmp/pytest-of-ningyd/pytest-956/test_registered_raw_only_sourc0')

    def test_registered_raw_only_source_is_reread_and_keeps_failure_denominators(tmp_path):
>       registration, source, _, _, _ = registered_replay(tmp_path)
                                        ^^^^^^^^^^^^^^^^^^^^^^^^^^^

tests/test_research_risk_replay.py:260: 
_ _ _ _ _ _ _ _ _ _ _ _ _ _ _ _ _ _ _ _ _ _ _ _ _ _ _ _ _ _ _ _ _ _ _ _ _ _ _ _ 
tests/test_research_risk_replay.py:237: in registered_replay
    module = api()
             ^^^^^
tests/test_research_risk_replay.py:19: in api
    return importlib.import_module("cloud_edge_robot_arm.research.risk_replay")
           ^^^^^^^^^^^^^^^^^^^^^^^^^^^^^^^^^^^^^^^^^^^^^^^^^^^^^^^^^^^^^^^^^^^^
/usr/lib/python3.12/importlib/__init__.py:90: in import_module
    return _bootstrap._gcd_import(name[level:], package, level)
           ^^^^^^^^^^^^^^^^^^^^^^^^^^^^^^^^^^^^^^^^^^^^^^^^^^^^
<frozen importlib._bootstrap>:1387: in _gcd_import
    ???
<frozen importlib._bootstrap>:1360: in _find_and_load
    ???
_ _ _ _ _ _ _ _ _ _ _ _ _ _ _ _ _ _ _ _ _ _ _ _ _ _ _ _ _ _ _ _ _ _ _ _ _ _ _ _ 

name = 'cloud_edge_robot_arm.research.risk_replay'
import_ = <function _gcd_import at 0x77f19b7540e0>

>   ???
E   ModuleNotFoundError: No module named 'cloud_edge_robot_arm.research.risk_replay'

<frozen importlib._bootstrap>:1324: ModuleNotFoundError
_____ test_registry_rejects_fake_supervision_auditor_receipt_and_subclass ______

tmp_path = PosixPath('/tmp/pytest-of-ningyd/pytest-956/test_registry_rejects_fake_sup0')

    def test_registry_rejects_fake_supervision_auditor_receipt_and_subclass(tmp_path):
>       module=api()
               ^^^^^

tests/test_research_risk_replay.py:275: 
_ _ _ _ _ _ _ _ _ _ _ _ _ _ _ _ _ _ _ _ _ _ _ _ _ _ _ _ _ _ _ _ _ _ _ _ _ _ _ _ 
tests/test_research_risk_replay.py:19: in api
    return importlib.import_module("cloud_edge_robot_arm.research.risk_replay")
           ^^^^^^^^^^^^^^^^^^^^^^^^^^^^^^^^^^^^^^^^^^^^^^^^^^^^^^^^^^^^^^^^^^^^
/usr/lib/python3.12/importlib/__init__.py:90: in import_module
    return _bootstrap._gcd_import(name[level:], package, level)
           ^^^^^^^^^^^^^^^^^^^^^^^^^^^^^^^^^^^^^^^^^^^^^^^^^^^^
<frozen importlib._bootstrap>:1387: in _gcd_import
    ???
<frozen importlib._bootstrap>:1360: in _find_and_load
    ???
_ _ _ _ _ _ _ _ _ _ _ _ _ _ _ _ _ _ _ _ _ _ _ _ _ _ _ _ _ _ _ _ _ _ _ _ _ _ _ _ 

name = 'cloud_edge_robot_arm.research.risk_replay'
import_ = <function _gcd_import at 0x77f19b7540e0>

>   ???
E   ModuleNotFoundError: No module named 'cloud_edge_robot_arm.research.risk_replay'

<frozen importlib._bootstrap>:1324: ModuleNotFoundError
________ test_rehashed_candidate_config_cannot_omit_frozen_full_object _________

tmp_path = PosixPath('/tmp/pytest-of-ningyd/pytest-956/test_rehashed_candidate_config0')

    def test_rehashed_candidate_config_cannot_omit_frozen_full_object(tmp_path):
>       registration, source, artifacts, _, _ = registered_replay(tmp_path)
                                                ^^^^^^^^^^^^^^^^^^^^^^^^^^^

tests/test_research_risk_replay.py:290: 
_ _ _ _ _ _ _ _ _ _ _ _ _ _ _ _ _ _ _ _ _ _ _ _ _ _ _ _ _ _ _ _ _ _ _ _ _ _ _ _ 
tests/test_research_risk_replay.py:237: in registered_replay
    module = api()
             ^^^^^
tests/test_research_risk_replay.py:19: in api
    return importlib.import_module("cloud_edge_robot_arm.research.risk_replay")
           ^^^^^^^^^^^^^^^^^^^^^^^^^^^^^^^^^^^^^^^^^^^^^^^^^^^^^^^^^^^^^^^^^^^^
/usr/lib/python3.12/importlib/__init__.py:90: in import_module
    return _bootstrap._gcd_import(name[level:], package, level)
           ^^^^^^^^^^^^^^^^^^^^^^^^^^^^^^^^^^^^^^^^^^^^^^^^^^^^
<frozen importlib._bootstrap>:1387: in _gcd_import
    ???
<frozen importlib._bootstrap>:1360: in _find_and_load
    ???
_ _ _ _ _ _ _ _ _ _ _ _ _ _ _ _ _ _ _ _ _ _ _ _ _ _ _ _ _ _ _ _ _ _ _ _ _ _ _ _ 

name = 'cloud_edge_robot_arm.research.risk_replay'
import_ = <function _gcd_import at 0x77f19b7540e0>

>   ???
E   ModuleNotFoundError: No module named 'cloud_edge_robot_arm.research.risk_replay'

<frozen importlib._bootstrap>:1324: ModuleNotFoundError
_____ test_original_current_source_drift_does_not_drop_failed_assignments ______

tmp_path = PosixPath('/tmp/pytest-of-ningyd/pytest-956/test_original_current_source_d0')

    def test_original_current_source_drift_does_not_drop_failed_assignments(tmp_path):
>       registration, source, _, directory, _ = registered_replay(tmp_path)
                                                ^^^^^^^^^^^^^^^^^^^^^^^^^^^

tests/test_research_risk_replay.py:301: 
_ _ _ _ _ _ _ _ _ _ _ _ _ _ _ _ _ _ _ _ _ _ _ _ _ _ _ _ _ _ _ _ _ _ _ _ _ _ _ _ 
tests/test_research_risk_replay.py:237: in registered_replay
    module = api()
             ^^^^^
tests/test_research_risk_replay.py:19: in api
    return importlib.import_module("cloud_edge_robot_arm.research.risk_replay")
           ^^^^^^^^^^^^^^^^^^^^^^^^^^^^^^^^^^^^^^^^^^^^^^^^^^^^^^^^^^^^^^^^^^^^
/usr/lib/python3.12/importlib/__init__.py:90: in import_module
    return _bootstrap._gcd_import(name[level:], package, level)
           ^^^^^^^^^^^^^^^^^^^^^^^^^^^^^^^^^^^^^^^^^^^^^^^^^^^^
<frozen importlib._bootstrap>:1387: in _gcd_import
    ???
<frozen importlib._bootstrap>:1360: in _find_and_load
    ???
_ _ _ _ _ _ _ _ _ _ _ _ _ _ _ _ _ _ _ _ _ _ _ _ _ _ _ _ _ _ _ _ _ _ _ _ _ _ _ _ 

name = 'cloud_edge_robot_arm.research.risk_replay'
import_ = <function _gcd_import at 0x77f19b7540e0>

>   ???
E   ModuleNotFoundError: No module named 'cloud_edge_robot_arm.research.risk_replay'

<frozen importlib._bootstrap>:1324: ModuleNotFoundError
=========================== short test summary info ============================
FAILED tests/test_research_risk_replay.py::test_unregistered_audit_is_unknown_without_actual_accessors
FAILED tests/test_research_risk_replay.py::test_complete_finite_replay_is_deterministic_and_calibrated_with_hash_tie_break
FAILED tests/test_research_risk_replay.py::test_raw_sigmoid_cannot_replace_calibrated_probability
FAILED tests/test_research_risk_replay.py::test_group_maxima_and_nine_group_rank_not_frame_quantile
FAILED tests/test_research_risk_replay.py::test_incomplete_calibration_retains_population_and_has_no_feasible_winner[eight_groups]
FAILED tests/test_research_risk_replay.py::test_incomplete_calibration_retains_population_and_has_no_feasible_winner[no_geometry]
FAILED tests/test_research_risk_replay.py::test_incomplete_calibration_retains_population_and_has_no_feasible_winner[no_motion]
FAILED tests/test_research_risk_replay.py::test_incomplete_calibration_retains_population_and_has_no_feasible_winner[no_classes]
FAILED tests/test_research_risk_replay.py::test_missing_selection_cannot_choose_favorable_surviving_subset[missing_row]
FAILED tests/test_research_risk_replay.py::test_missing_selection_cannot_choose_favorable_surviving_subset[missing_features]
FAILED tests/test_research_risk_replay.py::test_missing_selection_cannot_choose_favorable_surviving_subset[missing_failure]
FAILED tests/test_research_risk_replay.py::test_missing_selection_cannot_choose_favorable_surviving_subset[outside_support]
FAILED tests/test_research_risk_replay.py::test_missing_selection_cannot_choose_favorable_surviving_subset[no_pair]
FAILED tests/test_research_risk_replay.py::test_test_labels_and_features_do_not_fit_select_or_change_winner
FAILED tests/test_research_risk_replay.py::test_invalid_source_or_online_boundary_cannot_feed_numeric_fit[component]
FAILED tests/test_research_risk_replay.py::test_invalid_source_or_online_boundary_cannot_feed_numeric_fit[history]
FAILED tests/test_research_risk_replay.py::test_invalid_source_or_online_boundary_cannot_feed_numeric_fit[feature_truth]
FAILED tests/test_research_risk_replay.py::test_invalid_source_or_online_boundary_cannot_feed_numeric_fit[bool_feature]
FAILED tests/test_research_risk_replay.py::test_invalid_source_or_online_boundary_cannot_feed_numeric_fit[huge_feature]
FAILED tests/test_research_risk_replay.py::test_invalid_source_or_online_boundary_cannot_feed_numeric_fit[label_bool]
FAILED tests/test_research_risk_replay.py::test_invalid_source_or_online_boundary_cannot_feed_numeric_fit[extra_row]
FAILED tests/test_research_risk_replay.py::test_candidates_require_complete_exact_frozen_recipe_objects[duplicate]
FAILED tests/test_research_risk_replay.py::test_candidates_require_complete_exact_frozen_recipe_objects[incomplete]
FAILED tests/test_research_risk_replay.py::test_candidates_require_complete_exact_frozen_recipe_objects[authority_flag]
FAILED tests/test_research_risk_replay.py::test_candidates_require_complete_exact_frozen_recipe_objects[mutable_settings]
FAILED tests/test_research_risk_replay.py::test_candidates_require_complete_exact_frozen_recipe_objects[boolean_seed]
FAILED tests/test_research_risk_replay.py::test_registered_raw_only_source_is_reread_and_keeps_failure_denominators
FAILED tests/test_research_risk_replay.py::test_registry_rejects_fake_supervision_auditor_receipt_and_subclass
FAILED tests/test_research_risk_replay.py::test_rehashed_candidate_config_cannot_omit_frozen_full_object
FAILED tests/test_research_risk_replay.py::test_original_current_source_drift_does_not_drop_failed_assignments
30 failed in 0.74s
