E501 Line too long (111 > 100)
  --> src/cloud_edge_robot_arm/research/risk_replay.py:75:101
   |
74 | def risk_replay_environment() -> Mapping[str, str]:
75 |     result: Mapping[str, str] = _copied({"python": platform.python_version(), "pydantic": pydantic.__version__,
   |                                                                                                     ^^^^^^^^^^^
76 |                     "Pillow": PIL.__version__, "numpy": numpy.__version__, "opencv": cv2.__version__})
77 |     return result
   |

E501 Line too long (102 > 100)
  --> src/cloud_edge_robot_arm/research/risk_replay.py:76:101
   |
74 | def risk_replay_environment() -> Mapping[str, str]:
75 |     result: Mapping[str, str] = _copied({"python": platform.python_version(), "pydantic": pydantic.__version__,
76 |                     "Pillow": PIL.__version__, "numpy": numpy.__version__, "opencv": cv2.__version__})
   |                                                                                                     ^^
77 |     return result
   |

E501 Line too long (107 > 100)
   --> src/cloud_edge_robot_arm/research/risk_replay.py:126:101
    |
124 |                    "assignment": _plain(c.assignment), "context": _plain(c.context),
125 |                    "expected_counts": dict(c.expected_counts), "source_kind": c.source_kind,
126 |                    "marker_registration": asdict(c.marker_registration) if c.marker_registration else None}
    |                                                                                                     ^^^^^^^
127 |                   for c in raw.cases],
128 |         "criteria": asdict(raw.criteria), "current_source_hashes": dict(raw.current_source_hashes),
    |

E501 Line too long (106 > 100)
   --> src/cloud_edge_robot_arm/research/risk_replay.py:134:101
    |
132 |                       for h in registration.histories],
133 |         "measurements": {"original_file_hashes": dict(measured.original_file_hashes),
134 |                          "clock_path": measured.clock_path, "calibration_path": measured.calibration_path}
    |                                                                                                     ^^^^^^
135 |                         if measured else None,
136 |         "initial": {"protocol_path": str(initial.protocol_path),
    |

E501 Line too long (133 > 100)
   --> src/cloud_edge_robot_arm/research/risk_replay.py:162:101
    |
162 | def _rows(allocations: Sequence[RiskObservationAllocation], values: Sequence[Mapping[str, Any]]) -> tuple[list[dict[str, Any]], int]:
    |                                                                                                     ^^^^^^^^^^^^^^^^^^^^^^^^^^^^^^^^^
163 |     if any(type(item) is not RiskObservationAllocation for item in allocations):
164 |         raise TypeError("concrete original allocations required")
    |

E501 Line too long (111 > 100)
   --> src/cloud_edge_robot_arm/research/risk_replay.py:191:101
    |
189 |             raise ValueError("original component usage history required")
190 |         original_history = tuple(history)
191 |         if row["group_id"] in component_histories and component_histories[row["group_id"]] != original_history:
    |                                                                                                     ^^^^^^^^^^^
192 |             raise ValueError("contradictory original component history")
193 |         component_histories[row["group_id"]] = original_history
    |

E501 Line too long (122 > 100)
   --> src/cloud_edge_robot_arm/research/risk_replay.py:200:101
    |
198 |         if row["geometry_scope"] != "MARKER_CENTER_TRANSLATION":
199 |             raise ValueError("only marker-center point residual scope is supported")
200 |         labels = _object(row["offline_labels"], {"failure", "geometric_error_m", "motion_residual_m_s"}, "offline labels")
    |                                                                                                     ^^^^^^^^^^^^^^^^^^^^^^
201 |         failure = labels["failure"]
202 |         if failure is not None and type(failure) is not bool:
    |

E501 Line too long (106 > 100)
   --> src/cloud_edge_robot_arm/research/risk_replay.py:206:101
    |
204 |         if failure is not None:
205 |             if row["case_id"] in case_failures and case_failures[row["case_id"]] != failure:
206 |                 raise ValueError("one original episode cannot have contradictory terminal failure labels")
    |                                                                                                     ^^^^^^
207 |             case_failures[row["case_id"]] = failure
208 |         for key in ("geometric_error_m", "motion_residual_m_s"):
    |

E501 Line too long (144 > 100)
   --> src/cloud_edge_robot_arm/research/risk_replay.py:213:101
    |
211 | …
212 | …e point residual required")
213 | …", "evaluation_start_step", "terminal_step", "terminal_sim_time_s"}, "terminal horizon")
    |                                              ^^^^^^^^^^^^^^^^^^^^^^^^^^^^^^^^^^^^^^^^^^^^
214 | …L"
215 | … not int or horizon["evaluation_start_step"] != 120
    |

E501 Line too long (107 > 100)
   --> src/cloud_edge_robot_arm/research/risk_replay.py:215:101
    |
213 | …     horizon = _object(row["failure_horizon"], {"kind", "evaluation_start_step", "terminal_step", "terminal_sim_time_s"}, "terminal …
214 | …     if (horizon["kind"] != "ORIGINAL_EPISODE_TERMINAL"
215 | …         or type(horizon["evaluation_start_step"]) is not int or horizon["evaluation_start_step"] != 120
    |                                                                                                   ^^^^^^^
216 | …         or type(horizon["terminal_step"]) is not int or horizon["terminal_step"] < 120
217 | …         or _number(horizon["terminal_sim_time_s"]) < 0):
    |

E501 Line too long (106 > 100)
   --> src/cloud_edge_robot_arm/research/risk_replay.py:228:101
    |
226 |             "observation_id": item.observation_id, "split": item.split, "group_id": None,
227 |             "scene_hash": None, "features": None, "history_available": False,
228 |             "offline_labels": {"failure": None, "geometric_error_m": None, "motion_residual_m_s": None}}))
    |                                                                                                     ^^^^^^
229 |     return output, len(observed)
    |

E501 Line too long (117 > 100)
   --> src/cloud_edge_robot_arm/research/risk_replay.py:243:101
    |
241 |     for index in range(len(REGRESSORS)):
242 |         mean = sum(row[index] for row in vectors) / len(vectors)
243 |         if not math.isfinite(mean) or any(not math.isfinite((row[index]-mean)*(row[index]-mean)) for row in vectors):
    |                                                                                                     ^^^^^^^^^^^^^^^^^
244 |             raise ValueError("fixed fit recipe arithmetic exceeds finite range")
245 |     data = logistic_fit(vectors, [row["offline_labels"]["failure"] for row in rows], parameters["seed"])
    |

E501 Line too long (104 > 100)
   --> src/cloud_edge_robot_arm/research/risk_replay.py:245:101
    |
243 |         if not math.isfinite(mean) or any(not math.isfinite((row[index]-mean)*(row[index]-mean)) for row in vectors):
244 |             raise ValueError("fixed fit recipe arithmetic exceeds finite range")
245 |     data = logistic_fit(vectors, [row["offline_labels"]["failure"] for row in rows], parameters["seed"])
    |                                                                                                     ^^^^
246 |     data.update({"schema_version": "ced.risk-replay-model.v1", "scope": "SOFTWARE_ONLY",
247 |         "target": "ORIGINAL_EPISODE_TERMINAL_FAILURE", "seed": parameters["seed"],
    |

E501 Line too long (118 > 100)
   --> src/cloud_edge_robot_arm/research/risk_replay.py:251:101
    |
249 |         "regressors": list(REGRESSORS), "fit_group_ids": sorted({row["group_id"] for row in rows}),
250 |         "fit_provenance": _provenance(rows),
251 |         "calibration_fingerprints": sorted({row["features"].values["calibration_fingerprint"].value for row in rows}),
    |                                                                                                     ^^^^^^^^^^^^^^^^^^
252 |         "feature_ranges": {key: [min(row["features"].values[key].value for row in rows),
253 |                                   max(row["features"].values[key].value for row in rows)] for key in REGRESSORS},
    |

E501 Line too long (113 > 100)
   --> src/cloud_edge_robot_arm/research/risk_replay.py:253:101
    |
251 |         "calibration_fingerprints": sorted({row["features"].values["calibration_fingerprint"].value for row in rows}),
252 |         "feature_ranges": {key: [min(row["features"].values[key].value for row in rows),
253 |                                   max(row["features"].values[key].value for row in rows)] for key in REGRESSORS},
    |                                                                                                     ^^^^^^^^^^^^^
254 |         "action_models": {action: None for action in ACTIONS}, "source_accepted": False, "formal_use": "FORBIDDEN"})
255 |     return data
    |

E501 Line too long (116 > 100)
   --> src/cloud_edge_robot_arm/research/risk_replay.py:254:101
    |
252 |         "feature_ranges": {key: [min(row["features"].values[key].value for row in rows),
253 |                                   max(row["features"].values[key].value for row in rows)] for key in REGRESSORS},
254 |         "action_models": {action: None for action in ACTIONS}, "source_accepted": False, "formal_use": "FORBIDDEN"})
    |                                                                                                     ^^^^^^^^^^^^^^^^
255 |     return data
    |

E501 Line too long (124 > 100)
   --> src/cloud_edge_robot_arm/research/risk_replay.py:258:101
    |
258 | def _bound(rows: Sequence[Mapping[str, Any]], key: str, motion: bool = False) -> tuple[float | None, list[float], int, int]:
    |                                                                                                     ^^^^^^^^^^^^^^^^^^^^^^^^
259 |     groups: dict[str, float] = {}
260 |     eligible = [row for row in rows if not motion or row["features"].values["motion_pair_valid"].value == 1]
    |

E501 Line too long (108 > 100)
   --> src/cloud_edge_robot_arm/research/risk_replay.py:260:101
    |
258 | def _bound(rows: Sequence[Mapping[str, Any]], key: str, motion: bool = False) -> tuple[float | None, list[float], int, int]:
259 |     groups: dict[str, float] = {}
260 |     eligible = [row for row in rows if not motion or row["features"].values["motion_pair_valid"].value == 1]
    |                                                                                                     ^^^^^^^^
261 |     for row in eligible:
262 |         value = row["offline_labels"][key]
    |

E501 Line too long (102 > 100)
   --> src/cloud_edge_robot_arm/research/risk_replay.py:268:101
    |
266 |     rank = math.ceil((len(residuals)+1)*_FIXED["coverage"])
267 |     return (residuals[rank-1] if residuals and rank <= len(residuals) else None,
268 |             residuals, len(eligible), sum(row["offline_labels"][key] is not None for row in eligible))
    |                                                                                                     ^^
    |

E501 Line too long (117 > 100)
   --> src/cloud_edge_robot_arm/research/risk_replay.py:271:101
    |
271 | def _calibrate(model: Mapping[str, Any], rows: Sequence[Mapping[str, Any]]) -> tuple[dict[str, Any], dict[str, int]]:
    |                                                                                                     ^^^^^^^^^^^^^^^^^
272 |     scores = [predict(model, row["features"]) for row in rows]
273 |     labels = [row["offline_labels"]["failure"] for row in rows]
    |

E501 Line too long (101 > 100)
   --> src/cloud_edge_robot_arm/research/risk_replay.py:276:101
    |
274 |     blocks = isotonic_fit(scores, labels)
275 |     geometry, geo_groups, geo_eligible, geo_labels = _bound(rows, "geometric_error_m")
276 |     motion, motion_groups, motion_eligible, motion_labels = _bound(rows, "motion_residual_m_s", True)
    |                                                                                                     ^
277 |     coverage = {"geometry_group_count": len(geo_groups), "motion_group_count": len(motion_groups),
278 |                 "geometry_eligible_rows": geo_eligible, "geometry_label_rows": geo_labels,
    |

E501 Line too long (112 > 100)
   --> src/cloud_edge_robot_arm/research/risk_replay.py:283:101
    |
281 |                 "motion_missing_label_rows": motion_eligible-motion_labels}
282 |     calibrated = {"schema_version": "ced.risk-replay-calibration.v1", "scope": "SOFTWARE_ONLY",
283 |         "model_hash": content_digest(model), "calibration_group_ids": sorted({row["group_id"] for row in rows}),
    |                                                                                                     ^^^^^^^^^^^^
284 |         "calibration_provenance": _provenance(rows), "isotonic_blocks": blocks,
285 |         "observable_support": {key: [min(model["feature_ranges"][key][0], min(row["features"].values[key].value for row in rows)),
    |

E501 Line too long (130 > 100)
   --> src/cloud_edge_robot_arm/research/risk_replay.py:285:101
    |
283 |         "model_hash": content_digest(model), "calibration_group_ids": sorted({row["group_id"] for row in rows}),
284 |         "calibration_provenance": _provenance(rows), "isotonic_blocks": blocks,
285 |         "observable_support": {key: [min(model["feature_ranges"][key][0], min(row["features"].values[key].value for row in rows)),
    |                                                                                                     ^^^^^^^^^^^^^^^^^^^^^^^^^^^^^^
286 |                                      max(model["feature_ranges"][key][1], max(row["features"].values[key].value for row in rows))]
287 |                                for key in ("depth_median_m", "depth_dispersion_m", "calibration_residual_m")},
    |

E501 Line too long (130 > 100)
   --> src/cloud_edge_robot_arm/research/risk_replay.py:286:101
    |
284 |         "calibration_provenance": _provenance(rows), "isotonic_blocks": blocks,
285 |         "observable_support": {key: [min(model["feature_ranges"][key][0], min(row["features"].values[key].value for row in rows)),
286 |                                      max(model["feature_ranges"][key][1], max(row["features"].values[key].value for row in rows))]
    |                                                                                                     ^^^^^^^^^^^^^^^^^^^^^^^^^^^^^^
287 |                                for key in ("depth_median_m", "depth_dispersion_m", "calibration_residual_m")},
288 |         "action_isotonic_blocks": {action: None for action in ACTIONS}, "coverage": _FIXED["coverage"],
    |

E501 Line too long (110 > 100)
   --> src/cloud_edge_robot_arm/research/risk_replay.py:287:101
    |
285 |         "observable_support": {key: [min(model["feature_ranges"][key][0], min(row["features"].values[key].value for row in rows)),
286 |                                      max(model["feature_ranges"][key][1], max(row["features"].values[key].value for row in rows))]
287 |                                for key in ("depth_median_m", "depth_dispersion_m", "calibration_residual_m")},
    |                                                                                                     ^^^^^^^^^^
288 |         "action_isotonic_blocks": {action: None for action in ACTIONS}, "coverage": _FIXED["coverage"],
289 |         "geometry_scope": "MARKER_CENTER_TRANSLATION", "bound_scope": "AVAILABLE_LABEL_GROUP_DIAGNOSTICS",
    |

E501 Line too long (103 > 100)
   --> src/cloud_edge_robot_arm/research/risk_replay.py:288:101
    |
286 |                                      max(model["feature_ranges"][key][1], max(row["features"].values[key].value for row in rows))]
287 |                                for key in ("depth_median_m", "depth_dispersion_m", "calibration_residual_m")},
288 |         "action_isotonic_blocks": {action: None for action in ACTIONS}, "coverage": _FIXED["coverage"],
    |                                                                                                     ^^^
289 |         "geometry_scope": "MARKER_CENTER_TRANSLATION", "bound_scope": "AVAILABLE_LABEL_GROUP_DIAGNOSTICS",
290 |         "marker_point_error_bound_m": geometry, "motion_residual_bound_m_s": motion,
    |

E501 Line too long (106 > 100)
   --> src/cloud_edge_robot_arm/research/risk_replay.py:289:101
    |
287 |                                for key in ("depth_median_m", "depth_dispersion_m", "calibration_residual_m")},
288 |         "action_isotonic_blocks": {action: None for action in ACTIONS}, "coverage": _FIXED["coverage"],
289 |         "geometry_scope": "MARKER_CENTER_TRANSLATION", "bound_scope": "AVAILABLE_LABEL_GROUP_DIAGNOSTICS",
    |                                                                                                     ^^^^^^
290 |         "marker_point_error_bound_m": geometry, "motion_residual_bound_m_s": motion,
291 |         "geometry_group_residuals_m": geo_groups, "motion_group_residuals_m_s": motion_groups,
    |

E501 Line too long (105 > 100)
   --> src/cloud_edge_robot_arm/research/risk_replay.py:292:101
    |
290 |         "marker_point_error_bound_m": geometry, "motion_residual_bound_m_s": motion,
291 |         "geometry_group_residuals_m": geo_groups, "motion_group_residuals_m_s": motion_groups,
292 |         "reliability": [{"score": score, "failure": label, "calibrated": isotonic_predict(blocks, score)}
    |                                                                                                     ^^^^^
293 |                         for score,label in zip(scores,labels,strict=True)], "label_coverage": coverage}
294 |     calibrated["content_hash"] = content_digest(calibrated)
    |

E501 Line too long (103 > 100)
   --> src/cloud_edge_robot_arm/research/risk_replay.py:293:101
    |
291 |         "geometry_group_residuals_m": geo_groups, "motion_group_residuals_m_s": motion_groups,
292 |         "reliability": [{"score": score, "failure": label, "calibrated": isotonic_predict(blocks, score)}
293 |                         for score,label in zip(scores,labels,strict=True)], "label_coverage": coverage}
    |                                                                                                     ^^^
294 |     calibrated["content_hash"] = content_digest(calibrated)
295 |     return calibrated, coverage
    |

E501 Line too long (129 > 100)
   --> src/cloud_edge_robot_arm/research/risk_replay.py:298:101
    |
298 | def _prediction(row: Mapping[str, Any], model: Mapping[str, Any] | None, calibrated: Mapping[str, Any] | None) -> dict[str, Any]:
    |                                                                                                     ^^^^^^^^^^^^^^^^^^^^^^^^^^^^^
299 |     reasons = []
300 |     feature = row["features"]
    |

E501 Line too long (117 > 100)
   --> src/cloud_edge_robot_arm/research/risk_replay.py:313:101
    |
311 |         raw_probability = predict(model, feature)
312 |         for condition,reason in (
313 |             (values["invalid_depth_fraction"] > _FIXED["max_invalid_depth_fraction"], "invalid_depth_outside_guard"),
    |                                                                                                     ^^^^^^^^^^^^^^^^^
314 |             (values["calibration_valid"] != 1, "calibration_guard_unavailable"),
315 |             (values["motion_pair_valid"] != 1, "fresh_motion_pair_unavailable"),
    |

E501 Line too long (128 > 100)
   --> src/cloud_edge_robot_arm/research/risk_replay.py:316:101
    |
314 | …     (values["calibration_valid"] != 1, "calibration_guard_unavailable"),
315 | …     (values["motion_pair_valid"] != 1, "fresh_motion_pair_unavailable"),
316 | …     (values["calibration_fingerprint"] not in model["calibration_fingerprints"], "calibration_fingerprint_outside_fit"),
    |                                                                                               ^^^^^^^^^^^^^^^^^^^^^^^^^^^^
317 | …     (values["frame_interval_s"] > _FIXED["max_frame_interval_s"], "frame_interval_outside_guard"),
318 | …     (any(not low <= values[key] <= high for key,(low,high) in calibrated["observable_support"].items()), "observable_support_outsid…
    |

E501 Line too long (106 > 100)
   --> src/cloud_edge_robot_arm/research/risk_replay.py:317:101
    |
315 | …     (values["motion_pair_valid"] != 1, "fresh_motion_pair_unavailable"),
316 | …     (values["calibration_fingerprint"] not in model["calibration_fingerprints"], "calibration_fingerprint_outside_fit"),
317 | …     (values["frame_interval_s"] > _FIXED["max_frame_interval_s"], "frame_interval_outside_guard"),
    |                                                                                               ^^^^^^
318 | …     (any(not low <= values[key] <= high for key,(low,high) in calibrated["observable_support"].items()), "observable_support_outsid…
319 | …     (calibrated["marker_point_error_bound_m"] is None, "marker_point_group_bound_unavailable"),
    |

E501 Line too long (159 > 100)
   --> src/cloud_edge_robot_arm/research/risk_replay.py:318:101
    |
316 | …ibration_fingerprints"], "calibration_fingerprint_outside_fit"),
317 | …rval_s"], "frame_interval_outside_guard"),
318 | …h) in calibrated["observable_support"].items()), "observable_support_outside_fit_calibration"),
    |                                      ^^^^^^^^^^^^^^^^^^^^^^^^^^^^^^^^^^^^^^^^^^^^^^^^^^^^^^^^^^^
319 | …marker_point_group_bound_unavailable"),
320 | …resh_motion_group_bound_unavailable"),
    |

E501 Line too long (103 > 100)
   --> src/cloud_edge_robot_arm/research/risk_replay.py:319:101
    |
317 | …     (values["frame_interval_s"] > _FIXED["max_frame_interval_s"], "frame_interval_outside_guard"),
318 | …     (any(not low <= values[key] <= high for key,(low,high) in calibrated["observable_support"].items()), "observable_support_outsid…
319 | …     (calibrated["marker_point_error_bound_m"] is None, "marker_point_group_bound_unavailable"),
    |                                                                                               ^^^
320 | …     (calibrated["motion_residual_bound_m_s"] is None, "fresh_motion_group_bound_unavailable"),
321 | …     (not calibrated["isotonic_blocks"], "both_class_isotonic_unavailable"),
    |

E501 Line too long (102 > 100)
   --> src/cloud_edge_robot_arm/research/risk_replay.py:320:101
    |
318 | …         (any(not low <= values[key] <= high for key,(low,high) in calibrated["observable_support"].items()), "observable_support_ou…
319 | …         (calibrated["marker_point_error_bound_m"] is None, "marker_point_group_bound_unavailable"),
320 | …         (calibrated["motion_residual_bound_m_s"] is None, "fresh_motion_group_bound_unavailable"),
    |                                                                                                   ^^
321 | …         (not calibrated["isotonic_blocks"], "both_class_isotonic_unavailable"),
322 | …     ):
    |

E501 Line too long (101 > 100)
   --> src/cloud_edge_robot_arm/research/risk_replay.py:339:101
    |
338 | def _brier(rows: Sequence[Mapping[str, Any]]) -> float | None:
339 |     if not rows or any(row["failure_probability"] is None or row["failure"] is None for row in rows):
    |                                                                                                     ^
340 |         return None
341 |     return sum((row["failure_probability"]-row["failure"])**2 for row in rows)/len(rows)
    |

E501 Line too long (194 > 100)
   --> src/cloud_edge_robot_arm/research/risk_replay.py:344:101
    |
344 | …, reconstructed_rows: Sequence[Mapping[str, Any]], candidates: Sequence[Mapping[str, Any]]) -> Mapping[str, Any]:
    |                     ^^^^^^^^^^^^^^^^^^^^^^^^^^^^^^^^^^^^^^^^^^^^^^^^^^^^^^^^^^^^^^^^^^^^^^^^^^^^^^^^^^^^^^^^^^^^^^
345 | …
    |

E501 Line too long (117 > 100)
   --> src/cloud_edge_robot_arm/research/risk_replay.py:353:101
    |
351 |     rows, observed_count = _rows(allocations, reconstructed_rows)
352 |     splits = {name: [row for row in rows if row["split"] == name] for name in _SPLITS}
353 |     counts = {"allocated_observations": len(allocations), "assigned_attempts": len({a.case_id for a in allocations}),
    |                                                                                                     ^^^^^^^^^^^^^^^^^
354 |               "missing_observations": len(allocations)-observed_count,
355 |               "task_labels": sum(row["offline_labels"]["failure"] is not None for row in rows),
    |

E501 Line too long (104 > 100)
   --> src/cloud_edge_robot_arm/research/risk_replay.py:357:101
    |
355 |               "task_labels": sum(row["offline_labels"]["failure"] is not None for row in rows),
356 |               "feature_rows": sum(row["features"] is not None for row in rows),
357 |               "failed_task_observations": sum(row["offline_labels"]["failure"] is True for row in rows)}
    |                                                                                                     ^^^^
358 |     split_counts = {name: {"allocated": len(items), "feature_rows": sum(row["features"] is not None for row in items),
359 |                           "failure_labels": sum(row["offline_labels"]["failure"] is not None for row in items),
    |

E501 Line too long (118 > 100)
   --> src/cloud_edge_robot_arm/research/risk_replay.py:358:101
    |
356 |               "feature_rows": sum(row["features"] is not None for row in rows),
357 |               "failed_task_observations": sum(row["offline_labels"]["failure"] is True for row in rows)}
358 |     split_counts = {name: {"allocated": len(items), "feature_rows": sum(row["features"] is not None for row in items),
    |                                                                                                     ^^^^^^^^^^^^^^^^^^
359 |                           "failure_labels": sum(row["offline_labels"]["failure"] is not None for row in items),
360 |                           "missing_features": sum(row["features"] is None for row in items),
    |

E501 Line too long (111 > 100)
   --> src/cloud_edge_robot_arm/research/risk_replay.py:359:101
    |
357 |               "failed_task_observations": sum(row["offline_labels"]["failure"] is True for row in rows)}
358 |     split_counts = {name: {"allocated": len(items), "feature_rows": sum(row["features"] is not None for row in items),
359 |                           "failure_labels": sum(row["offline_labels"]["failure"] is not None for row in items),
    |                                                                                                     ^^^^^^^^^^^
360 |                           "missing_features": sum(row["features"] is None for row in items),
361 |                           "missing_labels": sum(row["offline_labels"]["failure"] is None for row in items)}
    |

E501 Line too long (107 > 100)
   --> src/cloud_edge_robot_arm/research/risk_replay.py:361:101
    |
359 |                           "failure_labels": sum(row["offline_labels"]["failure"] is not None for row in items),
360 |                           "missing_features": sum(row["features"] is None for row in items),
361 |                           "missing_labels": sum(row["offline_labels"]["failure"] is None for row in items)}
    |                                                                                                     ^^^^^^^
362 |                     for name,items in splits.items()}
363 |     results = []
    |

E501 Line too long (190 > 100)
   --> src/cloud_edge_robot_arm/research/risk_replay.py:374:101
    |
372 | …s):
373 | …
374 | … for row in splits["train"]) and {row["offline_labels"]["failure"] for row in splits["train"]} != {False,True}:
    |                       ^^^^^^^^^^^^^^^^^^^^^^^^^^^^^^^^^^^^^^^^^^^^^^^^^^^^^^^^^^^^^^^^^^^^^^^^^^^^^^^^^^^^^^^^^^
375 | …
376 | …
    |

E501 Line too long (112 > 100)
   --> src/cloud_edge_robot_arm/research/risk_replay.py:388:101
    |
386 |         if score is None:
387 |             reasons.append("complete_selection_predictions_unavailable")
388 |         results.append({"parameters": candidate, "parameters_hash": content_digest(candidate), "status": status,
    |                                                                                                     ^^^^^^^^^^^^
389 |             "reasons": reasons, "model": model, "model_hash": content_digest(model) if model else None,
390 |             "calibration": calibrated, "calibration_hash": calibrated["content_hash"] if calibrated else None,
    |

E501 Line too long (103 > 100)
   --> src/cloud_edge_robot_arm/research/risk_replay.py:389:101
    |
387 |             reasons.append("complete_selection_predictions_unavailable")
388 |         results.append({"parameters": candidate, "parameters_hash": content_digest(candidate), "status": status,
389 |             "reasons": reasons, "model": model, "model_hash": content_digest(model) if model else None,
    |                                                                                                     ^^^
390 |             "calibration": calibrated, "calibration_hash": calibrated["content_hash"] if calibrated else None,
391 |             "coverage": coverage, "selection_results": selection, "test_results": test,
    |

E501 Line too long (110 > 100)
   --> src/cloud_edge_robot_arm/research/risk_replay.py:390:101
    |
388 |         results.append({"parameters": candidate, "parameters_hash": content_digest(candidate), "status": status,
389 |             "reasons": reasons, "model": model, "model_hash": content_digest(model) if model else None,
390 |             "calibration": calibrated, "calibration_hash": calibrated["content_hash"] if calibrated else None,
    |                                                                                                     ^^^^^^^^^^
391 |             "coverage": coverage, "selection_results": selection, "test_results": test,
392 |             "selection_brier": score, "test_brier": _brier(test),
    |

E501 Line too long (126 > 100)
   --> src/cloud_edge_robot_arm/research/risk_replay.py:398:101
    |
396 |                 "missing_selection_rows": len(splits["selection"])} for action in ACTIONS}})
397 |     feasible = [candidate for candidate in results if candidate["selection_brier"] is not None]
398 |     winner = min(feasible, key=lambda c:(c["selection_brier"], c["parameters_hash"]))["parameters_hash"] if feasible else None
    |                                                                                                     ^^^^^^^^^^^^^^^^^^^^^^^^^^
399 |     status = "VALID" if winner else "UNAVAILABLE" if all(c["status"] == "UNAVAILABLE" for c in results) else "NO_FEASIBLE"
400 |     selection_snapshot = {"schema_version": "ced.risk-replay-selection.v1", "scope": "SOFTWARE_ONLY",
    |

E501 Line too long (122 > 100)
   --> src/cloud_edge_robot_arm/research/risk_replay.py:399:101
    |
397 |     feasible = [candidate for candidate in results if candidate["selection_brier"] is not None]
398 |     winner = min(feasible, key=lambda c:(c["selection_brier"], c["parameters_hash"]))["parameters_hash"] if feasible else None
399 |     status = "VALID" if winner else "UNAVAILABLE" if all(c["status"] == "UNAVAILABLE" for c in results) else "NO_FEASIBLE"
    |                                                                                                     ^^^^^^^^^^^^^^^^^^^^^^
400 |     selection_snapshot = {"schema_version": "ced.risk-replay-selection.v1", "scope": "SOFTWARE_ONLY",
401 |         "selection_rule": _RULE, "population_rule": _POPULATION, "diagnostic_winner_hash": winner,
    |

E501 Line too long (101 > 100)
   --> src/cloud_edge_robot_arm/research/risk_replay.py:400:101
    |
398 |     winner = min(feasible, key=lambda c:(c["selection_brier"], c["parameters_hash"]))["parameters_hash"] if feasible else None
399 |     status = "VALID" if winner else "UNAVAILABLE" if all(c["status"] == "UNAVAILABLE" for c in results) else "NO_FEASIBLE"
400 |     selection_snapshot = {"schema_version": "ced.risk-replay-selection.v1", "scope": "SOFTWARE_ONLY",
    |                                                                                                     ^
401 |         "selection_rule": _RULE, "population_rule": _POPULATION, "diagnostic_winner_hash": winner,
402 |         "selection_sample_ids": [row["sample_id"] for row in splits["selection"]],
    |

E501 Line too long (108 > 100)
   --> src/cloud_edge_robot_arm/research/risk_replay.py:403:101
    |
401 |         "selection_rule": _RULE, "population_rule": _POPULATION, "diagnostic_winner_hash": winner,
402 |         "selection_sample_ids": [row["sample_id"] for row in splits["selection"]],
403 |         "candidate_results": [{key:candidate[key] for key in ("parameters", "parameters_hash", "model_hash",
    |                                                                                                     ^^^^^^^^
404 |             "calibration_hash", "selection_results", "selection_brier", "status")} for candidate in results]}
405 |     result: Mapping[str, Any] = _copied({"scope": "SOFTWARE_ONLY", "status": status, "counts": counts,
    |

E501 Line too long (109 > 100)
   --> src/cloud_edge_robot_arm/research/risk_replay.py:404:101
    |
402 |         "selection_sample_ids": [row["sample_id"] for row in splits["selection"]],
403 |         "candidate_results": [{key:candidate[key] for key in ("parameters", "parameters_hash", "model_hash",
404 |             "calibration_hash", "selection_results", "selection_brier", "status")} for candidate in results]}
    |                                                                                                     ^^^^^^^^^
405 |     result: Mapping[str, Any] = _copied({"scope": "SOFTWARE_ONLY", "status": status, "counts": counts,
406 |         "split_counts": split_counts, "candidate_results": results, "diagnostic_winner_hash": winner,
    |

E501 Line too long (102 > 100)
   --> src/cloud_edge_robot_arm/research/risk_replay.py:405:101
    |
403 |         "candidate_results": [{key:candidate[key] for key in ("parameters", "parameters_hash", "model_hash",
404 |             "calibration_hash", "selection_results", "selection_brier", "status")} for candidate in results]}
405 |     result: Mapping[str, Any] = _copied({"scope": "SOFTWARE_ONLY", "status": status, "counts": counts,
    |                                                                                                     ^^
406 |         "split_counts": split_counts, "candidate_results": results, "diagnostic_winner_hash": winner,
407 |         "selection_snapshot": selection_snapshot,
    |

E501 Line too long (101 > 100)
   --> src/cloud_edge_robot_arm/research/risk_replay.py:406:101
    |
404 |             "calibration_hash", "selection_results", "selection_brier", "status")} for candidate in results]}
405 |     result: Mapping[str, Any] = _copied({"scope": "SOFTWARE_ONLY", "status": status, "counts": counts,
406 |         "split_counts": split_counts, "candidate_results": results, "diagnostic_winner_hash": winner,
    |                                                                                                     ^
407 |         "selection_snapshot": selection_snapshot,
408 |         "component_usage_histories": {row["group_id"]: list(row["used_purposes"]) for row in rows if row["group_id"] is not None}})
    |

E501 Line too long (131 > 100)
   --> src/cloud_edge_robot_arm/research/risk_replay.py:408:101
    |
406 |         "split_counts": split_counts, "candidate_results": results, "diagnostic_winner_hash": winner,
407 |         "selection_snapshot": selection_snapshot,
408 |         "component_usage_histories": {row["group_id"]: list(row["used_purposes"]) for row in rows if row["group_id"] is not None}})
    |                                                                                                     ^^^^^^^^^^^^^^^^^^^^^^^^^^^^^^^
409 |     return result
    |

E501 Line too long (146 > 100)
   --> src/cloud_edge_robot_arm/research/risk_replay.py:474:101
    |
472 | …v1":
473 | …ma required")
474 | …_results", "original_file_hashes", "current_source_hashes", "component_usage_histories"):
    |                                             ^^^^^^^^^^^^^^^^^^^^^^^^^^^^^^^^^^^^^^^^^^^^^^
475 | …r(self,name)))
    |

E501 Line too long (154 > 100)
   --> src/cloud_edge_robot_arm/research/risk_replay.py:500:101
    |
498 | …
499 | …ion remain UNKNOWN."""
500 | …Registration], supervision_registrations: Mapping[str, RiskSupervisionRegistration]) -> None:
    |                                         ^^^^^^^^^^^^^^^^^^^^^^^^^^^^^^^^^^^^^^^^^^^^^^^^^^^^^^
501 | … or not isinstance(registrations, Mapping):
502 | …equired, not passed auditors")
    |

E501 Line too long (104 > 100)
   --> src/cloud_edge_robot_arm/research/risk_replay.py:501:101
    |
499 |     """Concrete copied registrations only; actual risk/selection remain UNKNOWN."""
500 |     def __init__(self, registrations: Mapping[str, RiskReplayRegistration], supervision_registrations: Mapping[str, RiskSupervisionRe…
501 |         if not isinstance(supervision_registrations, Mapping) or not isinstance(registrations, Mapping):
    |                                                                                                     ^^^^
502 |             raise TypeError("concrete registration mappings required, not passed auditors")
503 |         self._registered: dict[str, RiskReplayRegistration] = {}
    |

E501 Line too long (104 > 100)
   --> src/cloud_edge_robot_arm/research/risk_replay.py:511:101
    |
509 |             source = replace(source)
510 |             sources = source.raw_registration.current_source_hashes
511 |             if sources.get("src/cloud_edge_robot_arm/research/risk_supervision.py") != _SUPERVISION_SHA:
    |                                                                                                     ^^^^
512 |                 raise ValueError("corrected independently reviewed supervision fix1 required")
513 |             if sources.get("src/cloud_edge_robot_arm/research/risk_sources.py") != _RAW_SHA:
    |

E501 Line too long (102 > 100)
   --> src/cloud_edge_robot_arm/research/risk_replay.py:537:101
    |
535 |         comparison: Status = "UNKNOWN"
536 |         scope = "SOFTWARE_ONLY"
537 |         source = self._supervision.get(registration.supervision_evidence_id) if registration else None
    |                                                                                                     ^^
538 |         if registration is None or source is None:
539 |             reasons.append("evidence_id_not_registered" if registration is None else "supervision_evidence_id_not_registered")
    |

E501 Line too long (126 > 100)
   --> src/cloud_edge_robot_arm/research/risk_replay.py:539:101
    |
537 |         source = self._supervision.get(registration.supervision_evidence_id) if registration else None
538 |         if registration is None or source is None:
539 |             reasons.append("evidence_id_not_registered" if registration is None else "supervision_evidence_id_not_registered")
    |                                                                                                     ^^^^^^^^^^^^^^^^^^^^^^^^^^
540 |         else:
541 |             counts["assigned_attempts"] = len(source.raw_registration.cases)
    |

E501 Line too long (124 > 100)
   --> src/cloud_edge_robot_arm/research/risk_replay.py:542:101
    |
540 |         else:
541 |             counts["assigned_attempts"] = len(source.raw_registration.cases)
542 |             counts["allocated_observations"] = sum(case.expected_counts["frames"] for case in source.raw_registration.cases)
    |                                                                                                     ^^^^^^^^^^^^^^^^^^^^^^^^
543 |             counts["missing_observations"] = counts["allocated_observations"]
544 |             try:
    |

E501 Line too long (123 > 100)
   --> src/cloud_edge_robot_arm/research/risk_replay.py:548:101
    |
546 |                 supervised = concrete.audit("source")
547 |                 counts.update(supervised.counts)
548 |                 originals.update({f"supervision/{name}":digest for name,digest in supervised.original_file_hashes.items()})
    |                                                                                                     ^^^^^^^^^^^^^^^^^^^^^^^
549 |                 sources.update(supervised.current_source_hashes)
550 |                 scope = supervised.source_scope
    |

E501 Line too long (113 > 100)
   --> src/cloud_edge_robot_arm/research/risk_replay.py:552:101
    |
550 |                 scope = supervised.source_scope
551 |                 reasons.extend(supervised.reasons)
552 |                 before = _inventory(registration.artifact_root, registration.original_file_hashes, complete=True)
    |                                                                                                     ^^^^^^^^^^^^^
553 |                 originals.update({f"replay/{name}":digest for name,digest in before.items()})
554 |                 raw = source.raw_registration
    |

E501 Line too long (102 > 100)
   --> src/cloud_edge_robot_arm/research/risk_replay.py:555:101
    |
553 |                 originals.update({f"replay/{name}":digest for name,digest in before.items()})
554 |                 raw = source.raw_registration
555 |                 source_before = _inventory(raw.source_root, raw.current_source_hashes, complete=False)
    |                                                                                                     ^^
556 |                 config = _object(_json_object(_safe(registration.artifact_root,registration.config_path)),
557 |                     {"schema_version", "inventory_version", "selection_rule", "population_rule", "candidates",
    |

E501 Line too long (106 > 100)
   --> src/cloud_edge_robot_arm/research/risk_replay.py:556:101
    |
554 |                 raw = source.raw_registration
555 |                 source_before = _inventory(raw.source_root, raw.current_source_hashes, complete=False)
556 |                 config = _object(_json_object(_safe(registration.artifact_root,registration.config_path)),
    |                                                                                                     ^^^^^^
557 |                     {"schema_version", "inventory_version", "selection_rule", "population_rule", "candidates",
558 |                      "environment", "recipe_source_hashes", "supervision_registration_hash"}, "replay config")
    |

E501 Line too long (110 > 100)
   --> src/cloud_edge_robot_arm/research/risk_replay.py:557:101
    |
555 |                 source_before = _inventory(raw.source_root, raw.current_source_hashes, complete=False)
556 |                 config = _object(_json_object(_safe(registration.artifact_root,registration.config_path)),
557 |                     {"schema_version", "inventory_version", "selection_rule", "population_rule", "candidates",
    |                                                                                                     ^^^^^^^^^^
558 |                      "environment", "recipe_source_hashes", "supervision_registration_hash"}, "replay config")
559 |                 if (config["schema_version"] != "ced.risk-replay-config.v1" or not _identity(config["inventory_version"])
    |

E501 Line too long (110 > 100)
   --> src/cloud_edge_robot_arm/research/risk_replay.py:558:101
    |
556 |                 config = _object(_json_object(_safe(registration.artifact_root,registration.config_path)),
557 |                     {"schema_version", "inventory_version", "selection_rule", "population_rule", "candidates",
558 |                      "environment", "recipe_source_hashes", "supervision_registration_hash"}, "replay config")
    |                                                                                                     ^^^^^^^^^^
559 |                 if (config["schema_version"] != "ced.risk-replay-config.v1" or not _identity(config["inventory_version"])
560 |                     or config["selection_rule"] != _RULE or config["population_rule"] != _POPULATION
    |

E501 Line too long (121 > 100)
   --> src/cloud_edge_robot_arm/research/risk_replay.py:559:101
    |
557 |                     {"schema_version", "inventory_version", "selection_rule", "population_rule", "candidates",
558 |                      "environment", "recipe_source_hashes", "supervision_registration_hash"}, "replay config")
559 |                 if (config["schema_version"] != "ced.risk-replay-config.v1" or not _identity(config["inventory_version"])
    |                                                                                                     ^^^^^^^^^^^^^^^^^^^^^
560 |                     or config["selection_rule"] != _RULE or config["population_rule"] != _POPULATION
561 |                     or not _same(config["environment"], risk_replay_environment())
    |

E501 Line too long (147 > 100)
   --> src/cloud_edge_robot_arm/research/risk_replay.py:562:101
    |
560 | …r config["population_rule"] != _POPULATION
561 | …sk_replay_environment())
562 | …hes"], {name:raw.current_source_hashes[name] for name in required_replay_source_paths()})
    |                                            ^^^^^^^^^^^^^^^^^^^^^^^^^^^^^^^^^^^^^^^^^^^^^^^
563 | …sh"] != supervision_registration_hash(source)):
564 | …nment/recipe/source binding mismatch")
    |

E501 Line too long (105 > 100)
   --> src/cloud_edge_robot_arm/research/risk_replay.py:563:101
    |
561 | …         or not _same(config["environment"], risk_replay_environment())
562 | …         or not _same(config["recipe_source_hashes"], {name:raw.current_source_hashes[name] for name in required_replay_source_paths…
563 | …         or config["supervision_registration_hash"] != supervision_registration_hash(source)):
    |                                                                                           ^^^^^
564 | …         raise ValueError("frozen config/environment/recipe/source binding mismatch")
565 | …     candidates = _candidates(config["candidates"])
    |

E501 Line too long (102 > 100)
   --> src/cloud_edge_robot_arm/research/risk_replay.py:566:101
    |
564 |                     raise ValueError("frozen config/environment/recipe/source binding mismatch")
565 |                 candidates = _candidates(config["candidates"])
566 |                 replay = replay_diagnostic_candidates(source.allocations, supervised.rows, candidates)
    |                                                                                                     ^^
567 |                 candidate_results = replay["candidate_results"]
568 |                 split_counts = replay["split_counts"]
    |

E501 Line too long (197 > 100)
   --> src/cloud_edge_robot_arm/research/risk_replay.py:571:101
    |
569 | …
570 | …
571 | …if key not in {"assigned_attempts","allocated_observations","missing_observations","task_labels","feature_rows"}})
    |                   ^^^^^^^^^^^^^^^^^^^^^^^^^^^^^^^^^^^^^^^^^^^^^^^^^^^^^^^^^^^^^^^^^^^^^^^^^^^^^^^^^^^^^^^^^^^^^^^^^
572 | …ource_status == "INVALID":
573 | …
    |

E501 Line too long (109 > 100)
   --> src/cloud_edge_robot_arm/research/risk_replay.py:572:101
    |
570 | …     diagnostic = replay["status"]
571 | …     counts.update({key:value for key,value in replay["counts"].items() if key not in {"assigned_attempts","allocated_observations",…
572 | …     if supervised.diagnostic_status == "INVALID" or supervised.actual_source_status == "INVALID":
    |                                                                                           ^^^^^^^^^
573 | …         status = "INVALID"
574 | …         diagnostic = "INVALID"
    |

E501 Line too long (151 > 100)
   --> src/cloud_edge_robot_arm/research/risk_replay.py:578:101
    |
576 | …istration, replay, reasons)
577 | …
578 | …ounts != supervised.counts or after.original_file_hashes != supervised.original_file_hashes
    |                                          ^^^^^^^^^^^^^^^^^^^^^^^^^^^^^^^^^^^^^^^^^^^^^^^^^^^
579 | …ised.current_source_hashes or after.diagnostic_status != supervised.diagnostic_status
580 | …sed.actual_source_status
    |

E501 Line too long (145 > 100)
   --> src/cloud_edge_robot_arm/research/risk_replay.py:579:101
    |
577 | …
578 | …r.counts != supervised.counts or after.original_file_hashes != supervised.original_file_hashes
579 | …ervised.current_source_hashes or after.diagnostic_status != supervised.diagnostic_status
    |                                             ^^^^^^^^^^^^^^^^^^^^^^^^^^^^^^^^^^^^^^^^^^^^^
580 | …rvised.actual_source_status
581 | …ervised.initial_source_status
    |

E501 Line too long (121 > 100)
   --> src/cloud_edge_robot_arm/research/risk_replay.py:584:101
    |
582 |                     or after.raw_execution_status != supervised.raw_execution_status
583 |                     or after.reasons != supervised.reasons
584 |                     or _inventory(registration.artifact_root, registration.original_file_hashes, complete=True) != before
    |                                                                                                     ^^^^^^^^^^^^^^^^^^^^^
585 |                     or _inventory(raw.source_root, raw.current_source_hashes, complete=False) != source_before):
586 |                     raise ValueError("original or current validating source changed during replay")
    |

E501 Line too long (112 > 100)
   --> src/cloud_edge_robot_arm/research/risk_replay.py:585:101
    |
583 |                     or after.reasons != supervised.reasons
584 |                     or _inventory(registration.artifact_root, registration.original_file_hashes, complete=True) != before
585 |                     or _inventory(raw.source_root, raw.current_source_hashes, complete=False) != source_before):
    |                                                                                                     ^^^^^^^^^^^^
586 |                     raise ValueError("original or current validating source changed during replay")
587 |                 reasons.extend(("actual_risk_selection_unavailable", "derived_sample_record_materializer_unavailable",
    |

E501 Line too long (118 > 100)
   --> src/cloud_edge_robot_arm/research/risk_replay.py:587:101
    |
585 |                     or _inventory(raw.source_root, raw.current_source_hashes, complete=False) != source_before):
586 |                     raise ValueError("original or current validating source changed during replay")
587 |                 reasons.extend(("actual_risk_selection_unavailable", "derived_sample_record_materializer_unavailable",
    |                                                                                                     ^^^^^^^^^^^^^^^^^^
588 |                                 "actual_action_feedback_replay_unavailable"))
589 |             except (ValueError, TypeError, KeyError, IndexError) as error:
    |

E501 Line too long (103 > 100)
   --> src/cloud_edge_robot_arm/research/risk_replay.py:597:101
    |
595 |             except OSError as error:
596 |                 reasons.append(f"risk_replay_unavailable:{error}")
597 |         return RiskArtifactAudit(status, status, diagnostic, comparison, tuple(dict.fromkeys(reasons)),
    |                                                                                                     ^^^
598 |             counts, split_counts, tuple(candidate_results), winner, originals, sources, scope,
599 |             component_usage_histories={item.group_id:tuple(item.used_purposes) for item in source.histories} if source else {})
    |

E501 Line too long (127 > 100)
   --> src/cloud_edge_robot_arm/research/risk_replay.py:599:101
    |
597 |         return RiskArtifactAudit(status, status, diagnostic, comparison, tuple(dict.fromkeys(reasons)),
598 |             counts, split_counts, tuple(candidate_results), winner, originals, sources, scope,
599 |             component_usage_histories={item.group_id:tuple(item.used_purposes) for item in source.histories} if source else {})
    |                                                                                                     ^^^^^^^^^^^^^^^^^^^^^^^^^^^
    |

E501 Line too long (124 > 100)
   --> src/cloud_edge_robot_arm/research/risk_replay.py:605:101
    |
603 |     _object(model, {"means", "scales", "weights", "intercept", "schema_version", "scope", "target",
604 |         "seed", "settings", "feature_schema", "regressors", "fit_group_ids", "fit_provenance",
605 |         "calibration_fingerprints", "feature_ranges", "action_models", "source_accepted", "formal_use"}, "diagnostic model")
    |                                                                                                     ^^^^^^^^^^^^^^^^^^^^^^^^
606 |     if (model["schema_version"] != "ced.risk-replay-model.v1" or model["scope"] != "SOFTWARE_ONLY"
607 |         or model["target"] != "ORIGINAL_EPISODE_TERMINAL_FAILURE" or model["source_accepted"] is not False
    |

E501 Line too long (106 > 100)
   --> src/cloud_edge_robot_arm/research/risk_replay.py:607:101
    |
605 |         "calibration_fingerprints", "feature_ranges", "action_models", "source_accepted", "formal_use"}, "diagnostic model")
606 |     if (model["schema_version"] != "ced.risk-replay-model.v1" or model["scope"] != "SOFTWARE_ONLY"
607 |         or model["target"] != "ORIGINAL_EPISODE_TERMINAL_FAILURE" or model["source_accepted"] is not False
    |                                                                                                     ^^^^^^
608 |         or model["formal_use"] != "FORBIDDEN" or not _same(model["feature_schema"], FEATURE_SOURCES)
609 |         or model["regressors"] != list(REGRESSORS)
    |

E501 Line too long (103 > 100)
   --> src/cloud_edge_robot_arm/research/risk_replay.py:622:101
    |
620 |     ranges = _object(model["feature_ranges"], set(REGRESSORS), "fit feature ranges")
621 |     for limits in ranges.values():
622 |         if not isinstance(limits, list) or len(limits) != 2 or _number(limits[0]) > _number(limits[1]):
    |                                                                                                     ^^^
623 |             raise ValueError("finite ordered fit support required")
624 |     if not isinstance(model["calibration_fingerprints"], list):
    |

E501 Line too long (150 > 100)
   --> src/cloud_edge_robot_arm/research/risk_replay.py:631:101
    |
629 | …
630 | …
631 | …", "observation_id", "group_id", "scene_hash", "used_purposes_by_group"}, "fit provenance")
    |                                           ^^^^^^^^^^^^^^^^^^^^^^^^^^^^^^^^^^^^^^^^^^^^^^^^^^
    |

E501 Line too long (117 > 100)
   --> src/cloud_edge_robot_arm/research/risk_replay.py:635:101
    |
634 | def _validate_original_calibration(calibration: Mapping[str, Any]) -> None:
635 |     _object(calibration, {"schema_version", "scope", "model_hash", "calibration_group_ids", "calibration_provenance",
    |                                                                                                     ^^^^^^^^^^^^^^^^^
636 |         "isotonic_blocks", "observable_support", "action_isotonic_blocks", "coverage", "geometry_scope",
637 |         "bound_scope", "marker_point_error_bound_m", "motion_residual_bound_m_s", "geometry_group_residuals_m",
    |

E501 Line too long (104 > 100)
   --> src/cloud_edge_robot_arm/research/risk_replay.py:636:101
    |
634 | def _validate_original_calibration(calibration: Mapping[str, Any]) -> None:
635 |     _object(calibration, {"schema_version", "scope", "model_hash", "calibration_group_ids", "calibration_provenance",
636 |         "isotonic_blocks", "observable_support", "action_isotonic_blocks", "coverage", "geometry_scope",
    |                                                                                                     ^^^^
637 |         "bound_scope", "marker_point_error_bound_m", "motion_residual_bound_m_s", "geometry_group_residuals_m",
638 |         "motion_group_residuals_m_s", "reliability", "label_coverage", "content_hash"}, "diagnostic calibration")
    |

E501 Line too long (111 > 100)
   --> src/cloud_edge_robot_arm/research/risk_replay.py:637:101
    |
635 |     _object(calibration, {"schema_version", "scope", "model_hash", "calibration_group_ids", "calibration_provenance",
636 |         "isotonic_blocks", "observable_support", "action_isotonic_blocks", "coverage", "geometry_scope",
637 |         "bound_scope", "marker_point_error_bound_m", "motion_residual_bound_m_s", "geometry_group_residuals_m",
    |                                                                                                     ^^^^^^^^^^^
638 |         "motion_group_residuals_m_s", "reliability", "label_coverage", "content_hash"}, "diagnostic calibration")
639 |     if (calibration["schema_version"] != "ced.risk-replay-calibration.v1" or calibration["scope"] != "SOFTWARE_ONLY"
    |

E501 Line too long (113 > 100)
   --> src/cloud_edge_robot_arm/research/risk_replay.py:638:101
    |
636 |         "isotonic_blocks", "observable_support", "action_isotonic_blocks", "coverage", "geometry_scope",
637 |         "bound_scope", "marker_point_error_bound_m", "motion_residual_bound_m_s", "geometry_group_residuals_m",
638 |         "motion_group_residuals_m_s", "reliability", "label_coverage", "content_hash"}, "diagnostic calibration")
    |                                                                                                     ^^^^^^^^^^^^^
639 |     if (calibration["schema_version"] != "ced.risk-replay-calibration.v1" or calibration["scope"] != "SOFTWARE_ONLY"
640 |         or calibration["geometry_scope"] != "MARKER_CENTER_TRANSLATION"
    |

E501 Line too long (116 > 100)
   --> src/cloud_edge_robot_arm/research/risk_replay.py:639:101
    |
637 |         "bound_scope", "marker_point_error_bound_m", "motion_residual_bound_m_s", "geometry_group_residuals_m",
638 |         "motion_group_residuals_m_s", "reliability", "label_coverage", "content_hash"}, "diagnostic calibration")
639 |     if (calibration["schema_version"] != "ced.risk-replay-calibration.v1" or calibration["scope"] != "SOFTWARE_ONLY"
    |                                                                                                     ^^^^^^^^^^^^^^^^
640 |         or calibration["geometry_scope"] != "MARKER_CENTER_TRANSLATION"
641 |         or calibration["bound_scope"] != "AVAILABLE_LABEL_GROUP_DIAGNOSTICS"
    |

E501 Line too long (101 > 100)
   --> src/cloud_edge_robot_arm/research/risk_replay.py:663:101
    |
661 |             raise ValueError("exact isotonic block shape required")
662 |         low,high,probability=map(_number,block)
663 |         if not 0 <= low <= high <= 1 or low <= last_high or not last_probability <= probability <= 1:
    |                                                                                                     ^
664 |             raise ValueError("ordered finite monotone isotonic blocks required")
665 |         last_high,last_probability=high,probability
    |

E501 Line too long (156 > 100)
   --> src/cloud_edge_robot_arm/research/risk_replay.py:666:101
    |
664 | … blocks required")
665 | …
666 | …_median_m", "depth_dispersion_m", "calibration_residual_m"}, "calibration observable support")
    |                                        ^^^^^^^^^^^^^^^^^^^^^^^^^^^^^^^^^^^^^^^^^^^^^^^^^^^^^^^^
667 | …
668 | …_number(limits[0]) > _number(limits[1]):
    |

E501 Line too long (102 > 100)
   --> src/cloud_edge_robot_arm/research/risk_replay.py:668:101
    |
666 |     support=_object(calibration["observable_support"], {"depth_median_m", "depth_dispersion_m", "calibration_residual_m"}, "calibrati…
667 |     for limits in support.values():
668 |         if not isinstance(limits,list) or len(limits) != 2 or _number(limits[0]) > _number(limits[1]):
    |                                                                                                     ^^
669 |             raise ValueError("finite ordered calibration support required")
670 |     _object(calibration["calibration_provenance"], {"sample_id", "case_id", "observation_id", "group_id", "scene_hash", "used_purpose…
    |

E501 Line too long (172 > 100)
   --> src/cloud_edge_robot_arm/research/risk_replay.py:670:101
    |
668 | …limits[0]) > _number(limits[1]):
669 | …red")
670 | …_id", "observation_id", "group_id", "scene_hash", "used_purposes_by_group"}, "calibration provenance")
    |                                ^^^^^^^^^^^^^^^^^^^^^^^^^^^^^^^^^^^^^^^^^^^^^^^^^^^^^^^^^^^^^^^^^^^^^^^^
    |

E501 Line too long (127 > 100)
   --> src/cloud_edge_robot_arm/research/risk_replay.py:673:101
    |
673 | def _compare_original_artifacts(registration: RiskReplayRegistration, replay: Mapping[str, Any], reasons: list[str]) -> Status:
    |                                                                                                     ^^^^^^^^^^^^^^^^^^^^^^^^^^^
674 |     """Compare diagnostic originals only; source authority is never produced."""
675 |     before=_inventory(registration.artifact_root, registration.original_file_hashes, complete=True)
    |

E501 Line too long (128 > 100)
   --> src/cloud_edge_robot_arm/research/risk_replay.py:682:101
    |
680 |         reasons.append("original_selection_results_unavailable")
681 |     candidates=replay["candidate_results"]
682 |     if registration.candidate_artifacts and set(registration.candidate_artifacts) != {c["parameters_hash"] for c in candidates}:
    |                                                                                                     ^^^^^^^^^^^^^^^^^^^^^^^^^^^^
683 |         raise ValueError("original artifacts must retain every frozen candidate")
684 |     comparable=True
    |

E501 Line too long (101 > 100)
   --> src/cloud_edge_robot_arm/research/risk_replay.py:706:101
    |
704 |         snapshot=_json_object(_safe(registration.artifact_root,registration.selection_results_path))
705 |         if not _same(snapshot,replay["selection_snapshot"]):
706 |             raise ValueError("original selection probabilities/population/winner differ from replay")
    |                                                                                                     ^
707 |     if _inventory(registration.artifact_root, registration.original_file_hashes, complete=True) != before:
708 |         raise ValueError("original numeric artifacts changed during comparison")
    |

E501 Line too long (106 > 100)
   --> src/cloud_edge_robot_arm/research/risk_replay.py:707:101
    |
705 |         if not _same(snapshot,replay["selection_snapshot"]):
706 |             raise ValueError("original selection probabilities/population/winner differ from replay")
707 |     if _inventory(registration.artifact_root, registration.original_file_hashes, complete=True) != before:
    |                                                                                                     ^^^^^^
708 |         raise ValueError("original numeric artifacts changed during comparison")
709 |     return "VALID" if not missing and comparable else "UNKNOWN"
    |

E501 Line too long (107 > 100)
  --> tests/test_research_risk_replay.py:87:101
   |
85 |     assert result.diagnostic_winner_hash is None
86 |     assert result.counts["allocated_observations"] == 0
87 |     assert not any(hasattr(result, name) for name in ("accepted", "execution_admitted", "method_accepted"))
   |                                                                                                     ^^^^^^^
   |

E501 Line too long (103 > 100)
   --> tests/test_research_risk_replay.py:108:101
    |
106 |         assert all(row["failure_probability"] == .5 for row in candidate["selection_results"])
107 |         assert candidate["calibration"]["geometry_scope"] == "MARKER_CENTER_TRANSLATION"
108 |         assert candidate["calibration"]["marker_point_error_bound_m"] == pytest.approx(.018, abs=1e-15)
    |                                                                                                     ^^^
109 |         assert candidate["calibration"]["motion_residual_bound_m_s"] == pytest.approx(.18, abs=1e-15)
110 |         assert candidate["selection_results"][0]["motion_bound_m_s"] == pytest.approx(.23, abs=1e-15)
    |

E501 Line too long (101 > 100)
   --> tests/test_research_risk_replay.py:109:101
    |
107 |         assert candidate["calibration"]["geometry_scope"] == "MARKER_CENTER_TRANSLATION"
108 |         assert candidate["calibration"]["marker_point_error_bound_m"] == pytest.approx(.018, abs=1e-15)
109 |         assert candidate["calibration"]["motion_residual_bound_m_s"] == pytest.approx(.18, abs=1e-15)
    |                                                                                                     ^
110 |         assert candidate["selection_results"][0]["motion_bound_m_s"] == pytest.approx(.23, abs=1e-15)
111 |         assert candidate["coverage"]["geometry_group_count"] == 9
    |

E501 Line too long (101 > 100)
   --> tests/test_research_risk_replay.py:110:101
    |
108 |         assert candidate["calibration"]["marker_point_error_bound_m"] == pytest.approx(.018, abs=1e-15)
109 |         assert candidate["calibration"]["motion_residual_bound_m_s"] == pytest.approx(.18, abs=1e-15)
110 |         assert candidate["selection_results"][0]["motion_bound_m_s"] == pytest.approx(.23, abs=1e-15)
    |                                                                                                     ^
111 |         assert candidate["coverage"]["geometry_group_count"] == 9
112 |         assert candidate["coverage"]["motion_group_count"] == 9
    |

E501 Line too long (105 > 100)
   --> tests/test_research_risk_replay.py:135:101
    |
133 |             row["offline_labels"]["geometric_error_m"] = .1 if i == 0 else 0.
134 |     result = replay(allocations, rows)
135 |     assert all(c["calibration"]["marker_point_error_bound_m"] == .1 for c in result["candidate_results"])
    |                                                                                                     ^^^^^
    |

E501 Line too long (118 > 100)
   --> tests/test_research_risk_replay.py:160:101
    |
160 | @pytest.mark.parametrize("kind", ["missing_row", "missing_features", "missing_failure", "outside_support", "no_pair"])
    |                                                                                                     ^^^^^^^^^^^^^^^^^^
161 | def test_missing_selection_cannot_choose_favorable_surviving_subset(kind):
162 |     allocations, rows = numeric_fixture()
    |

E501 Line too long (134 > 100)
   --> tests/test_research_risk_replay.py:198:101
    |
198 | @pytest.mark.parametrize("kind", ["component", "history", "feature_truth", "bool_feature", "huge_feature", "label_bool", "extra_row"])
    |                                                                                                     ^^^^^^^^^^^^^^^^^^^^^^^^^^^^^^^^^^
199 | def test_invalid_source_or_online_boundary_cannot_feed_numeric_fit(kind):
200 |     allocations, rows = numeric_fixture()
    |

E501 Line too long (115 > 100)
   --> tests/test_research_risk_replay.py:219:101
    |
219 | @pytest.mark.parametrize("kind", ["duplicate", "incomplete", "authority_flag", "mutable_settings", "boolean_seed"])
    |                                                                                                     ^^^^^^^^^^^^^^^
220 | def test_candidates_require_complete_exact_frozen_recipe_objects(kind):
221 |     candidates = [parameters()]
    |

E501 Line too long (112 > 100)
   --> tests/test_research_risk_replay.py:242:101
    |
240 |     for name in module.required_replay_source_paths():
241 |         inventory[name] = hashlib.sha256((ROOT / name).read_bytes()).hexdigest()
242 |     source = replace(source, raw_registration=replace(source.raw_registration, current_source_hashes=inventory))
    |                                                                                                     ^^^^^^^^^^^^
243 |     artifacts = tmp_path / "replay"
244 |     artifacts.mkdir()
    |

E501 Line too long (106 > 100)
   --> tests/test_research_risk_replay.py:251:101
    |
249 |         "candidates": [parameters(7), parameters(11)],
250 |         "environment": dict(module.risk_replay_environment()),
251 |         "recipe_source_hashes": {name: inventory[name] for name in module.required_replay_source_paths()},
    |                                                                                                     ^^^^^^
252 |         "supervision_registration_hash": module.supervision_registration_hash(source),
253 |     }
    |

E501 Line too long (103 > 100)
   --> tests/test_research_risk_replay.py:255:101
    |
253 |     }
254 |     json_file(artifacts / "config.json", config)
255 |     registration = module.RiskReplayRegistration(artifacts, hashes(artifacts), "config.json", "source")
    |                                                                                                     ^^^
256 |     return registration, source, artifacts, directory, measurements
    |

E501 Line too long (102 > 100)
   --> tests/test_research_risk_replay.py:284:101
    |
282 |     )
283 |     with pytest.raises(TypeError):
284 |         module.RiskArtifactAuditor({"replay":registration}, RiskSupervisionAuditor({"source":source}))
    |                                                                                                     ^^
285 |     class Forged(RiskSupervisionRegistration):
286 |         pass
    |

E501 Line too long (144 > 100)
   --> tests/test_research_risk_replay.py:322:101
    |
320 | …0"] == ("DEVELOPMENT_FEEDBACK", "TRAIN")
321 | …al_use"] == "FORBIDDEN"
322 | …provenance"]["used_purposes_by_group"]["train-g-0"] == ("DEVELOPMENT_FEEDBACK", "TRAIN")
    |                                              ^^^^^^^^^^^^^^^^^^^^^^^^^^^^^^^^^^^^^^^^^^^^
    |

E501 Line too long (112 > 100)
   --> tests/test_research_risk_replay.py:325:101
    |
325 | @pytest.mark.parametrize("kind", ["missing_train", "missing_calibration", "one_class_train", "unknown_history"])
    |                                                                                                     ^^^^^^^^^^^^
326 | def test_required_fit_populations_are_unavailable_instead_of_filtered(kind):
327 |     allocations, rows = numeric_fixture()
    |

E501 Line too long (102 > 100)
   --> tests/test_research_risk_replay.py:331:101
    |
329 |         rows[0]["online_features"] = None
330 |     elif kind == "missing_calibration":
331 |         next(row for row in rows if row["split"] == "calibration")["offline_labels"]["failure"] = None
    |                                                                                                     ^^
332 |     elif kind == "one_class_train":
333 |         for row in rows:
    |

E501 Line too long (108 > 100)
   --> tests/test_research_risk_replay.py:341:101
    |
339 |     assert result["status"] == "UNAVAILABLE"
340 |     assert result["counts"]["allocated_observations"] == 32
341 |     assert all(c["model"] is None and len(c["selection_results"]) == 4 for c in result["candidate_results"])
    |                                                                                                     ^^^^^^^^
    |

E501 Line too long (115 > 100)
   --> tests/test_research_risk_replay.py:373:101
    |
371 |         cal_name=f"calibration-{candidate['calibration_hash']}.json"
372 |         json_file(folder/cal_name, dict_plain(candidate["calibration"]))
373 |         registrations[digest]=module.RiskReplayArtifactRegistration(f"{digest}/model.json", f"{digest}/{cal_name}")
    |                                                                                                     ^^^^^^^^^^^^^^^
374 |     json_file(tmp_path/"selection.json", dict_plain(result["selection_snapshot"]))
375 |     json_file(tmp_path/"config.json", {"fixture_scope":"SOFTWARE_ONLY"})
    |

E501 Line too long (130 > 100)
   --> tests/test_research_risk_replay.py:376:101
    |
374 |     json_file(tmp_path/"selection.json", dict_plain(result["selection_snapshot"]))
375 |     json_file(tmp_path/"config.json", {"fixture_scope":"SOFTWARE_ONLY"})
376 |     registered=module.RiskReplayRegistration(tmp_path, hashes(tmp_path), "config.json", "source", registrations, "selection.json")
    |                                                                                                     ^^^^^^^^^^^^^^^^^^^^^^^^^^^^^^
377 |     return registered,result
    |

E501 Line too long (167 > 100)
   --> tests/test_research_risk_replay.py:389:101
    |
389 | …"omit_candidate", "winner", "source_flag", "unknown_schema", "bool_coefficient", "wrong_filename"])
    |                                  ^^^^^^^^^^^^^^^^^^^^^^^^^^^^^^^^^^^^^^^^^^^^^^^^^^^^^^^^^^^^^^^^^^^
390 | …(tmp_path, kind):
391 | …
    |

E501 Line too long (108 > 100)
   --> tests/test_research_risk_replay.py:421:101
    |
419 |         artifacts=dict(registered.candidate_artifacts)
420 |         artifacts[digest]=replace(artifact, calibration_path=f"{digest}/{bad.name}")
421 |         registered=replace(registered, candidate_artifacts=artifacts, original_file_hashes=hashes(tmp_path))
    |                                                                                                     ^^^^^^^^
422 |     if kind != "wrong_filename":
423 |         json_file(path, payload)
    |

E501 Line too long (112 > 100)
   --> tests/test_research_risk_replay.py:438:101
    |
436 |         else:
437 |             registered=replace(registered, original_file_hashes=hashes(tmp_path))
438 |     pattern = "full replay" if kind == "coefficient" else "probabilities" if kind == "raw_probability" else None
    |                                                                                                     ^^^^^^^^^^^^
439 |     with pytest.raises(ValueError, match=pattern):
440 |         api()._compare_original_artifacts(registered, result, [])
    |

Found 122 errors (3 fixed, 119 remaining).
