{
  "actual_execution_admitted": false,
  "actual_factory_created": false,
  "count": 27,
  "provider_requests": 0,
  "records": [
    {
      "name": "current attempt reread and scope remains source-only",
      "result": "PASS",
      "scope": "SOFTWARE_ONLY"
    },
    {
      "error": "ValueError",
      "name": "observed before open attempt starts",
      "reason": "current job/lease/attempt join invalid",
      "result": "REJECTED",
      "scope": "SOFTWARE_ONLY"
    },
    {
      "error": "ValueError",
      "name": "observed before lease acquisition",
      "reason": "current job/lease/attempt join invalid",
      "result": "REJECTED",
      "scope": "SOFTWARE_ONLY"
    },
    {
      "error": "ValueError",
      "name": "exact expiry closed",
      "reason": "worker job identity/status/lease source invalid",
      "result": "REJECTED",
      "scope": "SOFTWARE_ONLY"
    },
    {
      "error": "ValueError",
      "name": "positive attempt rejects bool",
      "reason": "positive current attempt required",
      "result": "REJECTED",
      "scope": "SOFTWARE_ONLY"
    },
    {
      "error": "ValueError",
      "name": "source rejects naive observation",
      "reason": "binding timestamps require an aware clock",
      "result": "REJECTED",
      "scope": "SOFTWARE_ONLY"
    },
    {
      "error": "ValueError",
      "name": "source rejects malformed state hash",
      "reason": "full SHA256 source identity required",
      "result": "REJECTED",
      "scope": "SOFTWARE_ONLY"
    },
    {
      "name": "ordered original graph full original requirements deadlines and aliases frozen",
      "result": "PASS",
      "scope": "SOFTWARE_ONLY"
    },
    {
      "name": "all eight skills in one ordered graph preserve full policy and original semantics",
      "result": "PASS",
      "scope": "SOFTWARE_ONLY"
    },
    {
      "error": "ValueError",
      "name": "caller lease subclass cannot compile",
      "reason": "concrete lease observation and owner identity required",
      "result": "REJECTED",
      "scope": "SOFTWARE_ONLY"
    },
    {
      "error": "ValueError",
      "name": "nonfuture original task_deadline_at",
      "reason": "original absolute deadline invalid",
      "result": "REJECTED",
      "scope": "SOFTWARE_ONLY"
    },
    {
      "error": "ValueError",
      "name": "nonfuture original verification_deadline_at",
      "reason": "original absolute deadline invalid",
      "result": "REJECTED",
      "scope": "SOFTWARE_ONLY"
    },
    {
      "error": "ValueError",
      "name": "strict bound pose bool",
      "reason": "bound target coordinates require strict finite numbers",
      "result": "REJECTED",
      "scope": "SOFTWARE_ONLY"
    },
    {
      "error": "ValueError",
      "name": "strict bound pose huge-int",
      "reason": "bound target coordinate exceeds finite range",
      "result": "REJECTED",
      "scope": "SOFTWARE_ONLY"
    },
    {
      "error": "ValueError",
      "name": "strict bound pose numeric-string",
      "reason": "bound target coordinates require strict finite numbers",
      "result": "REJECTED",
      "scope": "SOFTWARE_ONLY"
    },
    {
      "error": "ValueError",
      "name": "strict bound pose nonfinite",
      "reason": "bound target coordinates require strict finite numbers",
      "result": "REJECTED",
      "scope": "SOFTWARE_ONLY"
    },
    {
      "error": "ValueError",
      "name": "strict bound pose extra-coordinate",
      "reason": "exact bound target position required",
      "result": "REJECTED",
      "scope": "SOFTWARE_ONLY"
    },
    {
      "error": "ValueError",
      "name": "grounded binding beyond original absolute deadline",
      "reason": "grounded effect original/source/version/policy binding mismatch",
      "result": "REJECTED",
      "scope": "SOFTWARE_ONLY"
    },
    {
      "error": "ValueError",
      "name": "grounded binding before original registration",
      "reason": "grounded effect original/source/version/policy binding mismatch",
      "result": "REJECTED",
      "scope": "SOFTWARE_ONLY"
    },
    {
      "name": "exact target pose instantiates only check inputs and preserves original template",
      "result": "PASS",
      "scope": "SOFTWARE_ONLY"
    },
    {
      "name": "pinned input map copied immutable and local only",
      "result": "PASS",
      "scope": "SOFTWARE_ONLY"
    },
    {
      "error": "ValueError",
      "name": "changed source bytes",
      "reason": "current source bytes differ from registered source",
      "result": "REJECTED",
      "scope": "SOFTWARE_ONLY"
    },
    {
      "error": "ValueError",
      "name": "noncanonical source filename",
      "reason": "canonical relative source path required",
      "result": "REJECTED",
      "scope": "SOFTWARE_ONLY"
    },
    {
      "error": "ValueError",
      "name": "filename parent traversal",
      "reason": "source names must be registered relative paths",
      "result": "REJECTED",
      "scope": "SOFTWARE_ONLY"
    },
    {
      "error": "ValueError",
      "name": "lexical source file alias",
      "reason": "source file/ancestor symlink rejected",
      "result": "REJECTED",
      "scope": "SOFTWARE_ONLY"
    },
    {
      "error": "ValueError",
      "name": "direct lexical root alias",
      "reason": "lexical source root/ancestor symlink rejected",
      "result": "REJECTED",
      "scope": "SOFTWARE_ONLY"
    },
    {
      "error": "ValueError",
      "name": "lexical source ancestor alias",
      "reason": "source file/ancestor symlink rejected",
      "result": "REJECTED",
      "scope": "SOFTWARE_ONLY"
    }
  ],
  "scope": "SOFTWARE_ONLY",
  "simulator_or_controller_calls": 0
}
