E501 Line too long (124 > 100)
  --> src/cloud_edge_robot_arm/cloud/replanning/conditional_intent.py:78:101
   |
76 |                     raise ValueError("pixel intentions require nonnegative strict integers")
77 |                 object.__setattr__(self, name, tuple(value))
78 |         checks = tuple((name, status, frame, tuple(reasons)) for name, status, frame, reasons in self.current_preconditions)
   |                                                                                                     ^^^^^^^^^^^^^^^^^^^^^^^^
79 |         if tuple(c[0] for c in checks) != tuple(c.name for c in copied.preconditions) or any(
80 |             status not in {"PASS", "FAIL", "UNKNOWN"} or not frame for _, status, frame, _ in checks
   |

E501 Line too long (101 > 100)
   --> src/cloud_edge_robot_arm/cloud/replanning/conditional_intent.py:175:101
    |
173 |     if current_identity != original.identity:
174 |         raise ValueError("foreign planning owner identity")
175 |     cp = ExecutionCheckpoint.model_validate_json(_model_json(source_checkpoint, ExecutionCheckpoint))
    |                                                                                                     ^
176 |     observation = RGBDObservation.model_validate_json(_model_json(online.observation, RGBDObservation))
177 |     robot = type(online.robot_state).model_validate_json(_model_json(online.robot_state, type(online.robot_state)))
    |

E501 Line too long (103 > 100)
   --> src/cloud_edge_robot_arm/cloud/replanning/conditional_intent.py:176:101
    |
174 |         raise ValueError("foreign planning owner identity")
175 |     cp = ExecutionCheckpoint.model_validate_json(_model_json(source_checkpoint, ExecutionCheckpoint))
176 |     observation = RGBDObservation.model_validate_json(_model_json(online.observation, RGBDObservation))
    |                                                                                                     ^^^
177 |     robot = type(online.robot_state).model_validate_json(_model_json(online.robot_state, type(online.robot_state)))
178 |     contract = original.contract
    |

E501 Line too long (115 > 100)
   --> src/cloud_edge_robot_arm/cloud/replanning/conditional_intent.py:177:101
    |
175 |     cp = ExecutionCheckpoint.model_validate_json(_model_json(source_checkpoint, ExecutionCheckpoint))
176 |     observation = RGBDObservation.model_validate_json(_model_json(online.observation, RGBDObservation))
177 |     robot = type(online.robot_state).model_validate_json(_model_json(online.robot_state, type(online.robot_state)))
    |                                                                                                     ^^^^^^^^^^^^^^^
178 |     contract = original.contract
179 |     ids = [step.step_id for step in contract.steps]
    |

E501 Line too long (101 > 100)
   --> src/cloud_edge_robot_arm/cloud/replanning/conditional_intent.py:189:101
    |
187 |         or (cp.plan_version, cp.command_seq) != (contract.plan_version, contract.command_seq)
188 |         or type(online.plan_version) is not int or type(online.command_seq) is not int
189 |         or (online.plan_version, online.command_seq) != (contract.plan_version, contract.command_seq)
    |                                                                                                     ^
190 |         or ids[:len(completed)] != completed
191 |         or cp.pending_step_ids != ids[len(completed):]
    |

E501 Line too long (151 > 100)
   --> src/cloud_edge_robot_arm/cloud/replanning/conditional_intent.py:201:101
    |
199 | …version mismatch")
200 | …
201 | …evidence_ids, d.physical_effect_id, d.step_id in completed) for d in original.dependencies)
    |                                          ^^^^^^^^^^^^^^^^^^^^^^^^^^^^^^^^^^^^^^^^^^^^^^^^^^^
202 | …in original.dependencies):
203 | …completed effect")
    |

E501 Line too long (135 > 100)
   --> src/cloud_edge_robot_arm/cloud/replanning/conditional_intent.py:204:101
    |
202 | …d for d in original.dependencies):
203 | …viously completed effect")
204 | …cted_plan_version=contract.plan_version, expected_command_seq=contract.command_seq)
    |                                                  ^^^^^^^^^^^^^^^^^^^^^^^^^^^^^^^^^^^
205 | …
206 | …w is empty")
    |

E501 Line too long (123 > 100)
   --> src/cloud_edge_robot_arm/cloud/replanning/conditional_intent.py:216:101
    |
214 |                 raise ValueError("invalid registered requirement TTL")
215 |             ages.append(age)
216 |             if c.tolerances.get("calibration_version", observation.calibration_version) != observation.calibration_version:
    |                                                                                                     ^^^^^^^^^^^^^^^^^^^^^^^
217 |                 raise ValueError("registered planning calibration mismatch")
218 |     expires = min(original.effective_deadline_at, observation.captured_at + timedelta(seconds=min(ages)))
    |

E501 Line too long (105 > 100)
   --> src/cloud_edge_robot_arm/cloud/replanning/conditional_intent.py:218:101
    |
216 |             if c.tolerances.get("calibration_version", observation.calibration_version) != observation.calibration_version:
217 |                 raise ValueError("registered planning calibration mismatch")
218 |     expires = min(original.effective_deadline_at, observation.captured_at + timedelta(seconds=min(ages)))
    |                                                                                                     ^^^^^
219 |     if not original.registered_at <= observation.captured_at <= now < expires:
220 |         raise ValueError("conditional planning source is stale, future or expired")
    |

E501 Line too long (126 > 100)
   --> src/cloud_edge_robot_arm/cloud/replanning/conditional_intent.py:222:101
    |
220 |         raise ValueError("conditional planning source is stale, future or expired")
221 |     facts = json.loads(json.dumps(_plain(online.visual_facts), allow_nan=False))
222 |     detached = OnlineEvidenceSnapshot(observation, robot, facts, online.plan_version, online.command_seq, online.context_hash)
    |                                                                                                     ^^^^^^^^^^^^^^^^^^^^^^^^^^
223 |     binding = _digest({
224 |         "schema": SCHEMA,
    |

E501 Line too long (116 > 100)
   --> src/cloud_edge_robot_arm/cloud/replanning/conditional_intent.py:253:101
    |
253 | def build_conditional_repair_intent(*, intent_json: str | bytes, **context: Any) -> ConditionalRepairPlanningIntent:
    |                                                                                                     ^^^^^^^^^^^^^^^^
254 |     local = _context(**context)
255 |     decoded = json.loads(intent_json, object_pairs_hook=_unique)
    |

E501 Line too long (128 > 100)
   --> src/cloud_edge_robot_arm/cloud/replanning/conditional_intent.py:258:101
    |
256 |     # JSON-mode validation accepts enum wire strings while preserving strict ints.
257 |     wire = _Wire.model_validate_json(json.dumps(decoded, allow_nan=False))
258 |     if wire.binding_hash != local.binding_hash or [r.step_id for r in wire.replacements] != list(local.window.replace_step_ids):
    |                                                                                                     ^^^^^^^^^^^^^^^^^^^^^^^^^^^^
259 |         raise ValueError("response binding or exact replacement window mismatch")
260 |     replacements = []
    |

E501 Line too long (116 > 100)
   --> src/cloud_edge_robot_arm/cloud/replanning/conditional_intent.py:267:101
    |
265 | …         raise ValueError("conditional repair cannot change original skill")
266 | …     for pixel in (intent.target_pixel, intent.destination_pixel):
267 | …         if pixel is not None and not (0 <= pixel[0] < observation.width and 0 <= pixel[1] < observation.height):
    |                                                                                                   ^^^^^^^^^^^^^^^^
268 | …             raise ValueError("pixel intention outside current frame")
269 | …     checks = tuple((v.condition_name, v.status.value, v.observation_id, tuple(v.reasons)) for v in evaluate_conditions(requirement.…
    |

E501 Line too long (184 > 100)
   --> src/cloud_edge_robot_arm/cloud/replanning/conditional_intent.py:269:101
    |
267 | …and 0 <= pixel[1] < observation.height):
268 | …
269 | …tuple(v.reasons)) for v in evaluate_conditions(requirement.preconditions, local.online, now=context["now"]))
    |                          ^^^^^^^^^^^^^^^^^^^^^^^^^^^^^^^^^^^^^^^^^^^^^^^^^^^^^^^^^^^^^^^^^^^^^^^^^^^^^^^^^^^^
270 | …rget_pixel, intent.destination_pixel, requirement, checks))
271 | …l.original.contract.steps if step.step_id in local.window.preserved_step_ids}
    |

E501 Line too long (135 > 100)
   --> src/cloud_edge_robot_arm/cloud/replanning/conditional_intent.py:270:101
    |
268 | …tside current frame")
269 | …alue, v.observation_id, tuple(v.reasons)) for v in evaluate_conditions(requirement.preconditions, local.online, now=context["now"]))
270 | …ntent.step_id, intent.target_pixel, intent.destination_pixel, requirement, checks))
    |                                                  ^^^^^^^^^^^^^^^^^^^^^^^^^^^^^^^^^^^
271 | …"json") for step in local.original.contract.steps if step.step_id in local.window.preserved_step_ids}
272 | …ding_hash, local.original.digest(), local.checkpoint.checkpoint_hash, observation.observation_id, observation.checksum_sha256, conte…
    |

E501 Line too long (153 > 100)
   --> src/cloud_edge_robot_arm/cloud/replanning/conditional_intent.py:271:101
    |
269 | …bservation_id, tuple(v.reasons)) for v in evaluate_conditions(requirement.preconditions, local.online, now=context["now"]))
270 | …p_id, intent.target_pixel, intent.destination_pixel, requirement, checks))
271 | …or step in local.original.contract.steps if step.step_id in local.window.preserved_step_ids}
    |                                         ^^^^^^^^^^^^^^^^^^^^^^^^^^^^^^^^^^^^^^^^^^^^^^^^^^^^^
272 | …, local.original.digest(), local.checkpoint.checkpoint_hash, observation.observation_id, observation.checksum_sha256, context["owner…
    |

E501 Line too long (332 > 100)
   --> src/cloud_edge_robot_arm/cloud/replanning/conditional_intent.py:272:101
    |
270 | …destination_pixel, requirement, checks))
271 | ….steps if step.step_id in local.window.preserved_step_ids}
272 | …heckpoint.checkpoint_hash, observation.observation_id, observation.checksum_sha256, context["owner_revision"], context["state_generation"], local.expires, tuple(replacements), json.dumps(preserved, sort_keys=True, separators=(",", ":")))
    |       ^^^^^^^^^^^^^^^^^^^^^^^^^^^^^^^^^^^^^^^^^^^^^^^^^^^^^^^^^^^^^^^^^^^^^^^^^^^^^^^^^^^^^^^^^^^^^^^^^^^^^^^^^^^^^^^^^^^^^^^^^^^^^^^^^^^^^^^^^^^^^^^^^^^^^^^^^^^^^^^^^^^^^^^^^^^^^^^^^^^^^^^^^^^^^^^^^^^^^^^^^^^^^^^^^^^^^^^^^^^^^^^^^^^^^^^^
    |

E501 Line too long (102 > 100)
  --> tests/test_conditional_repair_intent.py:85:101
   |
83 |         "binding_hash": api().conditional_planning_binding(**data),
84 |         "replacements": [
85 |             {"step_id": "grasp", "skill": "GRASP", "target_pixel": [1, 1], "destination_pixel": None},
   |                                                                                                     ^^
86 |             {"step_id": "lift", "skill": "LIFT", "target_pixel": None, "destination_pixel": None},
87 |         ],
   |

E501 Line too long (114 > 100)
   --> tests/test_conditional_repair_intent.py:106:101
    |
104 |     assert result.execution_admitted is False and result.method_admitted is False
105 |     assert result.replacements[1].current_preconditions[0][1] == "FAIL"
106 |     assert result.replacements[1].original_requirements.digest() == data["original"].requirements["lift"].digest()
    |                                                                                                     ^^^^^^^^^^^^^^
107 |     assert result.original_plan_hash == data["original"].digest()
108 |     assert not hasattr(result, "steps") and not hasattr(result, "activation_token")
    |

E501 Line too long (136 > 100)
   --> tests/test_conditional_repair_intent.py:113:101
    |
113 | …ash", "0" * 64), ("schema_version", "executable.v1"), ("execution_admitted", True)])
    |                                                  ^^^^^^^^^^^^^^^^^^^^^^^^^^^^^^^^^^^^
114 | …t(field, value):
115 | …
    |

E501 Line too long (118 > 100)
   --> tests/test_conditional_repair_intent.py:122:101
    |
122 | @pytest.mark.parametrize("change", ["unauthorized", "duplicate", "reordered", "missing", "skill", "command", "pixel"])
    |                                                                                                     ^^^^^^^^^^^^^^^^^^
123 | def test_replacement_window_skills_and_pixel_only_payload_are_exact(change):
124 |     data = inputs()
    |

E501 Line too long (125 > 100)
   --> tests/test_conditional_repair_intent.py:144:101
    |
144 | @pytest.mark.parametrize("kind", ["version", "foreign", "stale", "future", "deadline", "checkpoint_hash", "bool_generation"])
    |                                                                                                     ^^^^^^^^^^^^^^^^^^^^^^^^^
145 | def test_current_source_bindings_and_absolute_deadline_cannot_be_relaxed(kind):
146 |     data = inputs()
    |

E501 Line too long (110 > 100)
   --> tests/test_conditional_repair_intent.py:157:101
    |
155 |         data["now"] = data["original"].effective_deadline_at
156 |     elif kind == "checkpoint_hash":
157 |         data["source_checkpoint"] = data["source_checkpoint"].model_copy(update={"checkpoint_hash": "0" * 64})
    |                                                                                                     ^^^^^^^^^^
158 |     else:
159 |         data["state_generation"] = True
    |

E501 Line too long (131 > 100)
   --> tests/test_conditional_repair_intent.py:167:101
    |
165 |     data = inputs()
166 |     cp = data["source_checkpoint"].model_copy(
167 |         update={"completed_step_ids": ["grasp"], "pending_step_ids": ["lift"], "current_step_index": 1, "current_step_id": "lift"},
    |                                                                                                     ^^^^^^^^^^^^^^^^^^^^^^^^^^^^^^^
168 |         deep=True,
169 |     )
    |

E501 Line too long (113 > 100)
   --> tests/test_conditional_repair_intent.py:178:101
    |
176 |     wire["replacements"] = wire["replacements"][1:]
177 |     result = build(data, wire)
178 |     assert result.preserved_original_steps["grasp"] == data["original"].contract.steps[0].model_dump(mode="json")
    |                                                                                                     ^^^^^^^^^^^^^
    |

E501 Line too long (107 > 100)
   --> tests/test_conditional_repair_intent.py:189:101
    |
187 |     view["replacements"][0]["original_requirements"]["allowed_error_m"] = 1
188 |     assert result.digest() == digest
189 |     for field, value in [("scope", "EXECUTABLE"), ("execution_admitted", True), ("method_admitted", True)]:
    |                                                                                                     ^^^^^^^
190 |         with pytest.raises(ValueError):
191 |             replace(result, **{field: value})
    |

E501 Line too long (102 > 100)
   --> tests/test_conditional_repair_intent.py:197:101
    |
195 |     data = inputs()
196 |     wire = json.dumps(payload(data))
197 |     wire = wire.replace('{"schema_version"', '{"binding_hash":"' + '0' * 64 + '","schema_version"', 1)
    |                                                                                                     ^^
198 |     with pytest.raises(ValueError):
199 |         api().build_conditional_repair_intent(**data, intent_json=wire)
    |

Found 29 errors (2 fixed, 27 remaining).
