FFFFFFFFFFFFFFFFFFFFF                                                    [100%]
=================================== FAILURES ===================================
_ test_future_holding_fail_is_preserved_as_requirement_without_action_authority _

    def test_future_holding_fail_is_preserved_as_requirement_without_action_authority():
        data = inputs()
        assert evaluate_conditions(
            data["original"].requirements["lift"].preconditions, data["online"], now=data["now"]
        )[0].status == "FAIL"
>       result = build(data)
                 ^^^^^^^^^^^

tests/test_conditional_repair_intent.py:102: 
_ _ _ _ _ _ _ _ _ _ _ _ _ _ _ _ _ _ _ _ _ _ _ _ _ _ _ _ _ _ _ _ _ _ _ _ _ _ _ _ 
tests/test_conditional_repair_intent.py:93: in build
    wire = payload(data) if wire is None else wire
           ^^^^^^^^^^^^^
tests/test_conditional_repair_intent.py:83: in payload
    "binding_hash": api().conditional_planning_binding(**data),
                    ^^^^^
tests/test_conditional_repair_intent.py:18: in api
    return import_module("cloud_edge_robot_arm.cloud.replanning.conditional_intent")
           ^^^^^^^^^^^^^^^^^^^^^^^^^^^^^^^^^^^^^^^^^^^^^^^^^^^^^^^^^^^^^^^^^^^^^^^^^
/usr/lib/python3.12/importlib/__init__.py:90: in import_module
    return _bootstrap._gcd_import(name[level:], package, level)
           ^^^^^^^^^^^^^^^^^^^^^^^^^^^^^^^^^^^^^^^^^^^^^^^^^^^^
<frozen importlib._bootstrap>:1387: in _gcd_import
    ???
<frozen importlib._bootstrap>:1360: in _find_and_load
    ???
_ _ _ _ _ _ _ _ _ _ _ _ _ _ _ _ _ _ _ _ _ _ _ _ _ _ _ _ _ _ _ _ _ _ _ _ _ _ _ _ 

name = 'cloud_edge_robot_arm.cloud.replanning.conditional_intent'
import_ = <function _gcd_import at 0x7bfdcacc40e0>

>   ???
E   ModuleNotFoundError: No module named 'cloud_edge_robot_arm.cloud.replanning.conditional_intent'

<frozen importlib._bootstrap>:1324: ModuleNotFoundError
_ test_unbound_or_executable_response_fields_reject[binding_hash-0000000000000000000000000000000000000000000000000000000000000000] _

field = 'binding_hash'
value = '0000000000000000000000000000000000000000000000000000000000000000'

    @pytest.mark.parametrize("field,value", [("binding_hash", "0" * 64), ("schema_version", "executable.v1"), ("execution_admitted", True)])
    def test_unbound_or_executable_response_fields_reject(field, value):
        data = inputs()
>       wire = payload(data)
               ^^^^^^^^^^^^^

tests/test_conditional_repair_intent.py:116: 
_ _ _ _ _ _ _ _ _ _ _ _ _ _ _ _ _ _ _ _ _ _ _ _ _ _ _ _ _ _ _ _ _ _ _ _ _ _ _ _ 
tests/test_conditional_repair_intent.py:83: in payload
    "binding_hash": api().conditional_planning_binding(**data),
                    ^^^^^
tests/test_conditional_repair_intent.py:18: in api
    return import_module("cloud_edge_robot_arm.cloud.replanning.conditional_intent")
           ^^^^^^^^^^^^^^^^^^^^^^^^^^^^^^^^^^^^^^^^^^^^^^^^^^^^^^^^^^^^^^^^^^^^^^^^^
/usr/lib/python3.12/importlib/__init__.py:90: in import_module
    return _bootstrap._gcd_import(name[level:], package, level)
           ^^^^^^^^^^^^^^^^^^^^^^^^^^^^^^^^^^^^^^^^^^^^^^^^^^^^
<frozen importlib._bootstrap>:1387: in _gcd_import
    ???
<frozen importlib._bootstrap>:1360: in _find_and_load
    ???
_ _ _ _ _ _ _ _ _ _ _ _ _ _ _ _ _ _ _ _ _ _ _ _ _ _ _ _ _ _ _ _ _ _ _ _ _ _ _ _ 

name = 'cloud_edge_robot_arm.cloud.replanning.conditional_intent'
import_ = <function _gcd_import at 0x7bfdcacc40e0>

>   ???
E   ModuleNotFoundError: No module named 'cloud_edge_robot_arm.cloud.replanning.conditional_intent'

<frozen importlib._bootstrap>:1324: ModuleNotFoundError
_ test_unbound_or_executable_response_fields_reject[schema_version-executable.v1] _

field = 'schema_version', value = 'executable.v1'

    @pytest.mark.parametrize("field,value", [("binding_hash", "0" * 64), ("schema_version", "executable.v1"), ("execution_admitted", True)])
    def test_unbound_or_executable_response_fields_reject(field, value):
        data = inputs()
>       wire = payload(data)
               ^^^^^^^^^^^^^

tests/test_conditional_repair_intent.py:116: 
_ _ _ _ _ _ _ _ _ _ _ _ _ _ _ _ _ _ _ _ _ _ _ _ _ _ _ _ _ _ _ _ _ _ _ _ _ _ _ _ 
tests/test_conditional_repair_intent.py:83: in payload
    "binding_hash": api().conditional_planning_binding(**data),
                    ^^^^^
tests/test_conditional_repair_intent.py:18: in api
    return import_module("cloud_edge_robot_arm.cloud.replanning.conditional_intent")
           ^^^^^^^^^^^^^^^^^^^^^^^^^^^^^^^^^^^^^^^^^^^^^^^^^^^^^^^^^^^^^^^^^^^^^^^^^
/usr/lib/python3.12/importlib/__init__.py:90: in import_module
    return _bootstrap._gcd_import(name[level:], package, level)
           ^^^^^^^^^^^^^^^^^^^^^^^^^^^^^^^^^^^^^^^^^^^^^^^^^^^^
<frozen importlib._bootstrap>:1387: in _gcd_import
    ???
<frozen importlib._bootstrap>:1360: in _find_and_load
    ???
_ _ _ _ _ _ _ _ _ _ _ _ _ _ _ _ _ _ _ _ _ _ _ _ _ _ _ _ _ _ _ _ _ _ _ _ _ _ _ _ 

name = 'cloud_edge_robot_arm.cloud.replanning.conditional_intent'
import_ = <function _gcd_import at 0x7bfdcacc40e0>

>   ???
E   ModuleNotFoundError: No module named 'cloud_edge_robot_arm.cloud.replanning.conditional_intent'

<frozen importlib._bootstrap>:1324: ModuleNotFoundError
__ test_unbound_or_executable_response_fields_reject[execution_admitted-True] __

field = 'execution_admitted', value = True

    @pytest.mark.parametrize("field,value", [("binding_hash", "0" * 64), ("schema_version", "executable.v1"), ("execution_admitted", True)])
    def test_unbound_or_executable_response_fields_reject(field, value):
        data = inputs()
>       wire = payload(data)
               ^^^^^^^^^^^^^

tests/test_conditional_repair_intent.py:116: 
_ _ _ _ _ _ _ _ _ _ _ _ _ _ _ _ _ _ _ _ _ _ _ _ _ _ _ _ _ _ _ _ _ _ _ _ _ _ _ _ 
tests/test_conditional_repair_intent.py:83: in payload
    "binding_hash": api().conditional_planning_binding(**data),
                    ^^^^^
tests/test_conditional_repair_intent.py:18: in api
    return import_module("cloud_edge_robot_arm.cloud.replanning.conditional_intent")
           ^^^^^^^^^^^^^^^^^^^^^^^^^^^^^^^^^^^^^^^^^^^^^^^^^^^^^^^^^^^^^^^^^^^^^^^^^
/usr/lib/python3.12/importlib/__init__.py:90: in import_module
    return _bootstrap._gcd_import(name[level:], package, level)
           ^^^^^^^^^^^^^^^^^^^^^^^^^^^^^^^^^^^^^^^^^^^^^^^^^^^^
<frozen importlib._bootstrap>:1387: in _gcd_import
    ???
<frozen importlib._bootstrap>:1360: in _find_and_load
    ???
_ _ _ _ _ _ _ _ _ _ _ _ _ _ _ _ _ _ _ _ _ _ _ _ _ _ _ _ _ _ _ _ _ _ _ _ _ _ _ _ 

name = 'cloud_edge_robot_arm.cloud.replanning.conditional_intent'
import_ = <function _gcd_import at 0x7bfdcacc40e0>

>   ???
E   ModuleNotFoundError: No module named 'cloud_edge_robot_arm.cloud.replanning.conditional_intent'

<frozen importlib._bootstrap>:1324: ModuleNotFoundError
_ test_replacement_window_skills_and_pixel_only_payload_are_exact[unauthorized] _

change = 'unauthorized'

    @pytest.mark.parametrize("change", ["unauthorized", "duplicate", "reordered", "missing", "skill", "command", "pixel"])
    def test_replacement_window_skills_and_pixel_only_payload_are_exact(change):
        data = inputs()
>       wire = payload(data)
               ^^^^^^^^^^^^^

tests/test_conditional_repair_intent.py:125: 
_ _ _ _ _ _ _ _ _ _ _ _ _ _ _ _ _ _ _ _ _ _ _ _ _ _ _ _ _ _ _ _ _ _ _ _ _ _ _ _ 
tests/test_conditional_repair_intent.py:83: in payload
    "binding_hash": api().conditional_planning_binding(**data),
                    ^^^^^
tests/test_conditional_repair_intent.py:18: in api
    return import_module("cloud_edge_robot_arm.cloud.replanning.conditional_intent")
           ^^^^^^^^^^^^^^^^^^^^^^^^^^^^^^^^^^^^^^^^^^^^^^^^^^^^^^^^^^^^^^^^^^^^^^^^^
/usr/lib/python3.12/importlib/__init__.py:90: in import_module
    return _bootstrap._gcd_import(name[level:], package, level)
           ^^^^^^^^^^^^^^^^^^^^^^^^^^^^^^^^^^^^^^^^^^^^^^^^^^^^
<frozen importlib._bootstrap>:1387: in _gcd_import
    ???
<frozen importlib._bootstrap>:1360: in _find_and_load
    ???
_ _ _ _ _ _ _ _ _ _ _ _ _ _ _ _ _ _ _ _ _ _ _ _ _ _ _ _ _ _ _ _ _ _ _ _ _ _ _ _ 

name = 'cloud_edge_robot_arm.cloud.replanning.conditional_intent'
import_ = <function _gcd_import at 0x7bfdcacc40e0>

>   ???
E   ModuleNotFoundError: No module named 'cloud_edge_robot_arm.cloud.replanning.conditional_intent'

<frozen importlib._bootstrap>:1324: ModuleNotFoundError
__ test_replacement_window_skills_and_pixel_only_payload_are_exact[duplicate] __

change = 'duplicate'

    @pytest.mark.parametrize("change", ["unauthorized", "duplicate", "reordered", "missing", "skill", "command", "pixel"])
    def test_replacement_window_skills_and_pixel_only_payload_are_exact(change):
        data = inputs()
>       wire = payload(data)
               ^^^^^^^^^^^^^

tests/test_conditional_repair_intent.py:125: 
_ _ _ _ _ _ _ _ _ _ _ _ _ _ _ _ _ _ _ _ _ _ _ _ _ _ _ _ _ _ _ _ _ _ _ _ _ _ _ _ 
tests/test_conditional_repair_intent.py:83: in payload
    "binding_hash": api().conditional_planning_binding(**data),
                    ^^^^^
tests/test_conditional_repair_intent.py:18: in api
    return import_module("cloud_edge_robot_arm.cloud.replanning.conditional_intent")
           ^^^^^^^^^^^^^^^^^^^^^^^^^^^^^^^^^^^^^^^^^^^^^^^^^^^^^^^^^^^^^^^^^^^^^^^^^
/usr/lib/python3.12/importlib/__init__.py:90: in import_module
    return _bootstrap._gcd_import(name[level:], package, level)
           ^^^^^^^^^^^^^^^^^^^^^^^^^^^^^^^^^^^^^^^^^^^^^^^^^^^^
<frozen importlib._bootstrap>:1387: in _gcd_import
    ???
<frozen importlib._bootstrap>:1360: in _find_and_load
    ???
_ _ _ _ _ _ _ _ _ _ _ _ _ _ _ _ _ _ _ _ _ _ _ _ _ _ _ _ _ _ _ _ _ _ _ _ _ _ _ _ 

name = 'cloud_edge_robot_arm.cloud.replanning.conditional_intent'
import_ = <function _gcd_import at 0x7bfdcacc40e0>

>   ???
E   ModuleNotFoundError: No module named 'cloud_edge_robot_arm.cloud.replanning.conditional_intent'

<frozen importlib._bootstrap>:1324: ModuleNotFoundError
__ test_replacement_window_skills_and_pixel_only_payload_are_exact[reordered] __

change = 'reordered'

    @pytest.mark.parametrize("change", ["unauthorized", "duplicate", "reordered", "missing", "skill", "command", "pixel"])
    def test_replacement_window_skills_and_pixel_only_payload_are_exact(change):
        data = inputs()
>       wire = payload(data)
               ^^^^^^^^^^^^^

tests/test_conditional_repair_intent.py:125: 
_ _ _ _ _ _ _ _ _ _ _ _ _ _ _ _ _ _ _ _ _ _ _ _ _ _ _ _ _ _ _ _ _ _ _ _ _ _ _ _ 
tests/test_conditional_repair_intent.py:83: in payload
    "binding_hash": api().conditional_planning_binding(**data),
                    ^^^^^
tests/test_conditional_repair_intent.py:18: in api
    return import_module("cloud_edge_robot_arm.cloud.replanning.conditional_intent")
           ^^^^^^^^^^^^^^^^^^^^^^^^^^^^^^^^^^^^^^^^^^^^^^^^^^^^^^^^^^^^^^^^^^^^^^^^^
/usr/lib/python3.12/importlib/__init__.py:90: in import_module
    return _bootstrap._gcd_import(name[level:], package, level)
           ^^^^^^^^^^^^^^^^^^^^^^^^^^^^^^^^^^^^^^^^^^^^^^^^^^^^
<frozen importlib._bootstrap>:1387: in _gcd_import
    ???
<frozen importlib._bootstrap>:1360: in _find_and_load
    ???
_ _ _ _ _ _ _ _ _ _ _ _ _ _ _ _ _ _ _ _ _ _ _ _ _ _ _ _ _ _ _ _ _ _ _ _ _ _ _ _ 

name = 'cloud_edge_robot_arm.cloud.replanning.conditional_intent'
import_ = <function _gcd_import at 0x7bfdcacc40e0>

>   ???
E   ModuleNotFoundError: No module named 'cloud_edge_robot_arm.cloud.replanning.conditional_intent'

<frozen importlib._bootstrap>:1324: ModuleNotFoundError
___ test_replacement_window_skills_and_pixel_only_payload_are_exact[missing] ___

change = 'missing'

    @pytest.mark.parametrize("change", ["unauthorized", "duplicate", "reordered", "missing", "skill", "command", "pixel"])
    def test_replacement_window_skills_and_pixel_only_payload_are_exact(change):
        data = inputs()
>       wire = payload(data)
               ^^^^^^^^^^^^^

tests/test_conditional_repair_intent.py:125: 
_ _ _ _ _ _ _ _ _ _ _ _ _ _ _ _ _ _ _ _ _ _ _ _ _ _ _ _ _ _ _ _ _ _ _ _ _ _ _ _ 
tests/test_conditional_repair_intent.py:83: in payload
    "binding_hash": api().conditional_planning_binding(**data),
                    ^^^^^
tests/test_conditional_repair_intent.py:18: in api
    return import_module("cloud_edge_robot_arm.cloud.replanning.conditional_intent")
           ^^^^^^^^^^^^^^^^^^^^^^^^^^^^^^^^^^^^^^^^^^^^^^^^^^^^^^^^^^^^^^^^^^^^^^^^^
/usr/lib/python3.12/importlib/__init__.py:90: in import_module
    return _bootstrap._gcd_import(name[level:], package, level)
           ^^^^^^^^^^^^^^^^^^^^^^^^^^^^^^^^^^^^^^^^^^^^^^^^^^^^
<frozen importlib._bootstrap>:1387: in _gcd_import
    ???
<frozen importlib._bootstrap>:1360: in _find_and_load
    ???
_ _ _ _ _ _ _ _ _ _ _ _ _ _ _ _ _ _ _ _ _ _ _ _ _ _ _ _ _ _ _ _ _ _ _ _ _ _ _ _ 

name = 'cloud_edge_robot_arm.cloud.replanning.conditional_intent'
import_ = <function _gcd_import at 0x7bfdcacc40e0>

>   ???
E   ModuleNotFoundError: No module named 'cloud_edge_robot_arm.cloud.replanning.conditional_intent'

<frozen importlib._bootstrap>:1324: ModuleNotFoundError
____ test_replacement_window_skills_and_pixel_only_payload_are_exact[skill] ____

change = 'skill'

    @pytest.mark.parametrize("change", ["unauthorized", "duplicate", "reordered", "missing", "skill", "command", "pixel"])
    def test_replacement_window_skills_and_pixel_only_payload_are_exact(change):
        data = inputs()
>       wire = payload(data)
               ^^^^^^^^^^^^^

tests/test_conditional_repair_intent.py:125: 
_ _ _ _ _ _ _ _ _ _ _ _ _ _ _ _ _ _ _ _ _ _ _ _ _ _ _ _ _ _ _ _ _ _ _ _ _ _ _ _ 
tests/test_conditional_repair_intent.py:83: in payload
    "binding_hash": api().conditional_planning_binding(**data),
                    ^^^^^
tests/test_conditional_repair_intent.py:18: in api
    return import_module("cloud_edge_robot_arm.cloud.replanning.conditional_intent")
           ^^^^^^^^^^^^^^^^^^^^^^^^^^^^^^^^^^^^^^^^^^^^^^^^^^^^^^^^^^^^^^^^^^^^^^^^^
/usr/lib/python3.12/importlib/__init__.py:90: in import_module
    return _bootstrap._gcd_import(name[level:], package, level)
           ^^^^^^^^^^^^^^^^^^^^^^^^^^^^^^^^^^^^^^^^^^^^^^^^^^^^
<frozen importlib._bootstrap>:1387: in _gcd_import
    ???
<frozen importlib._bootstrap>:1360: in _find_and_load
    ???
_ _ _ _ _ _ _ _ _ _ _ _ _ _ _ _ _ _ _ _ _ _ _ _ _ _ _ _ _ _ _ _ _ _ _ _ _ _ _ _ 

name = 'cloud_edge_robot_arm.cloud.replanning.conditional_intent'
import_ = <function _gcd_import at 0x7bfdcacc40e0>

>   ???
E   ModuleNotFoundError: No module named 'cloud_edge_robot_arm.cloud.replanning.conditional_intent'

<frozen importlib._bootstrap>:1324: ModuleNotFoundError
___ test_replacement_window_skills_and_pixel_only_payload_are_exact[command] ___

change = 'command'

    @pytest.mark.parametrize("change", ["unauthorized", "duplicate", "reordered", "missing", "skill", "command", "pixel"])
    def test_replacement_window_skills_and_pixel_only_payload_are_exact(change):
        data = inputs()
>       wire = payload(data)
               ^^^^^^^^^^^^^

tests/test_conditional_repair_intent.py:125: 
_ _ _ _ _ _ _ _ _ _ _ _ _ _ _ _ _ _ _ _ _ _ _ _ _ _ _ _ _ _ _ _ _ _ _ _ _ _ _ _ 
tests/test_conditional_repair_intent.py:83: in payload
    "binding_hash": api().conditional_planning_binding(**data),
                    ^^^^^
tests/test_conditional_repair_intent.py:18: in api
    return import_module("cloud_edge_robot_arm.cloud.replanning.conditional_intent")
           ^^^^^^^^^^^^^^^^^^^^^^^^^^^^^^^^^^^^^^^^^^^^^^^^^^^^^^^^^^^^^^^^^^^^^^^^^
/usr/lib/python3.12/importlib/__init__.py:90: in import_module
    return _bootstrap._gcd_import(name[level:], package, level)
           ^^^^^^^^^^^^^^^^^^^^^^^^^^^^^^^^^^^^^^^^^^^^^^^^^^^^
<frozen importlib._bootstrap>:1387: in _gcd_import
    ???
<frozen importlib._bootstrap>:1360: in _find_and_load
    ???
_ _ _ _ _ _ _ _ _ _ _ _ _ _ _ _ _ _ _ _ _ _ _ _ _ _ _ _ _ _ _ _ _ _ _ _ _ _ _ _ 

name = 'cloud_edge_robot_arm.cloud.replanning.conditional_intent'
import_ = <function _gcd_import at 0x7bfdcacc40e0>

>   ???
E   ModuleNotFoundError: No module named 'cloud_edge_robot_arm.cloud.replanning.conditional_intent'

<frozen importlib._bootstrap>:1324: ModuleNotFoundError
____ test_replacement_window_skills_and_pixel_only_payload_are_exact[pixel] ____

change = 'pixel'

    @pytest.mark.parametrize("change", ["unauthorized", "duplicate", "reordered", "missing", "skill", "command", "pixel"])
    def test_replacement_window_skills_and_pixel_only_payload_are_exact(change):
        data = inputs()
>       wire = payload(data)
               ^^^^^^^^^^^^^

tests/test_conditional_repair_intent.py:125: 
_ _ _ _ _ _ _ _ _ _ _ _ _ _ _ _ _ _ _ _ _ _ _ _ _ _ _ _ _ _ _ _ _ _ _ _ _ _ _ _ 
tests/test_conditional_repair_intent.py:83: in payload
    "binding_hash": api().conditional_planning_binding(**data),
                    ^^^^^
tests/test_conditional_repair_intent.py:18: in api
    return import_module("cloud_edge_robot_arm.cloud.replanning.conditional_intent")
           ^^^^^^^^^^^^^^^^^^^^^^^^^^^^^^^^^^^^^^^^^^^^^^^^^^^^^^^^^^^^^^^^^^^^^^^^^
/usr/lib/python3.12/importlib/__init__.py:90: in import_module
    return _bootstrap._gcd_import(name[level:], package, level)
           ^^^^^^^^^^^^^^^^^^^^^^^^^^^^^^^^^^^^^^^^^^^^^^^^^^^^
<frozen importlib._bootstrap>:1387: in _gcd_import
    ???
<frozen importlib._bootstrap>:1360: in _find_and_load
    ???
_ _ _ _ _ _ _ _ _ _ _ _ _ _ _ _ _ _ _ _ _ _ _ _ _ _ _ _ _ _ _ _ _ _ _ _ _ _ _ _ 

name = 'cloud_edge_robot_arm.cloud.replanning.conditional_intent'
import_ = <function _gcd_import at 0x7bfdcacc40e0>

>   ???
E   ModuleNotFoundError: No module named 'cloud_edge_robot_arm.cloud.replanning.conditional_intent'

<frozen importlib._bootstrap>:1324: ModuleNotFoundError
_ test_current_source_bindings_and_absolute_deadline_cannot_be_relaxed[version] _

kind = 'version'

    @pytest.mark.parametrize("kind", ["version", "foreign", "stale", "future", "deadline", "checkpoint_hash", "bool_generation"])
    def test_current_source_bindings_and_absolute_deadline_cannot_be_relaxed(kind):
        data = inputs()
        if kind == "version":
            data["online"] = replace(data["online"], command_seq=data["online"].command_seq + 1)
        elif kind == "foreign":
            data["current_identity"] = replace(data["current_identity"], owner_epoch="new-epoch")
        elif kind in {"stale", "future"}:
            delta = 6 if kind == "stale" else -1
            data["now"] = data["online"].observation.captured_at + timedelta(seconds=delta)
        elif kind == "deadline":
            data["now"] = data["original"].effective_deadline_at
        elif kind == "checkpoint_hash":
            data["source_checkpoint"] = data["source_checkpoint"].model_copy(update={"checkpoint_hash": "0" * 64})
        else:
            data["state_generation"] = True
        with pytest.raises(ValueError):
>           api().conditional_planning_binding(**data)
            ^^^^^

tests/test_conditional_repair_intent.py:161: 
_ _ _ _ _ _ _ _ _ _ _ _ _ _ _ _ _ _ _ _ _ _ _ _ _ _ _ _ _ _ _ _ _ _ _ _ _ _ _ _ 
tests/test_conditional_repair_intent.py:18: in api
    return import_module("cloud_edge_robot_arm.cloud.replanning.conditional_intent")
           ^^^^^^^^^^^^^^^^^^^^^^^^^^^^^^^^^^^^^^^^^^^^^^^^^^^^^^^^^^^^^^^^^^^^^^^^^
/usr/lib/python3.12/importlib/__init__.py:90: in import_module
    return _bootstrap._gcd_import(name[level:], package, level)
           ^^^^^^^^^^^^^^^^^^^^^^^^^^^^^^^^^^^^^^^^^^^^^^^^^^^^
<frozen importlib._bootstrap>:1387: in _gcd_import
    ???
<frozen importlib._bootstrap>:1360: in _find_and_load
    ???
_ _ _ _ _ _ _ _ _ _ _ _ _ _ _ _ _ _ _ _ _ _ _ _ _ _ _ _ _ _ _ _ _ _ _ _ _ _ _ _ 

name = 'cloud_edge_robot_arm.cloud.replanning.conditional_intent'
import_ = <function _gcd_import at 0x7bfdcacc40e0>

>   ???
E   ModuleNotFoundError: No module named 'cloud_edge_robot_arm.cloud.replanning.conditional_intent'

<frozen importlib._bootstrap>:1324: ModuleNotFoundError
_ test_current_source_bindings_and_absolute_deadline_cannot_be_relaxed[foreign] _

kind = 'foreign'

    @pytest.mark.parametrize("kind", ["version", "foreign", "stale", "future", "deadline", "checkpoint_hash", "bool_generation"])
    def test_current_source_bindings_and_absolute_deadline_cannot_be_relaxed(kind):
        data = inputs()
        if kind == "version":
            data["online"] = replace(data["online"], command_seq=data["online"].command_seq + 1)
        elif kind == "foreign":
            data["current_identity"] = replace(data["current_identity"], owner_epoch="new-epoch")
        elif kind in {"stale", "future"}:
            delta = 6 if kind == "stale" else -1
            data["now"] = data["online"].observation.captured_at + timedelta(seconds=delta)
        elif kind == "deadline":
            data["now"] = data["original"].effective_deadline_at
        elif kind == "checkpoint_hash":
            data["source_checkpoint"] = data["source_checkpoint"].model_copy(update={"checkpoint_hash": "0" * 64})
        else:
            data["state_generation"] = True
        with pytest.raises(ValueError):
>           api().conditional_planning_binding(**data)
            ^^^^^

tests/test_conditional_repair_intent.py:161: 
_ _ _ _ _ _ _ _ _ _ _ _ _ _ _ _ _ _ _ _ _ _ _ _ _ _ _ _ _ _ _ _ _ _ _ _ _ _ _ _ 
tests/test_conditional_repair_intent.py:18: in api
    return import_module("cloud_edge_robot_arm.cloud.replanning.conditional_intent")
           ^^^^^^^^^^^^^^^^^^^^^^^^^^^^^^^^^^^^^^^^^^^^^^^^^^^^^^^^^^^^^^^^^^^^^^^^^
/usr/lib/python3.12/importlib/__init__.py:90: in import_module
    return _bootstrap._gcd_import(name[level:], package, level)
           ^^^^^^^^^^^^^^^^^^^^^^^^^^^^^^^^^^^^^^^^^^^^^^^^^^^^
<frozen importlib._bootstrap>:1387: in _gcd_import
    ???
<frozen importlib._bootstrap>:1360: in _find_and_load
    ???
_ _ _ _ _ _ _ _ _ _ _ _ _ _ _ _ _ _ _ _ _ _ _ _ _ _ _ _ _ _ _ _ _ _ _ _ _ _ _ _ 

name = 'cloud_edge_robot_arm.cloud.replanning.conditional_intent'
import_ = <function _gcd_import at 0x7bfdcacc40e0>

>   ???
E   ModuleNotFoundError: No module named 'cloud_edge_robot_arm.cloud.replanning.conditional_intent'

<frozen importlib._bootstrap>:1324: ModuleNotFoundError
_ test_current_source_bindings_and_absolute_deadline_cannot_be_relaxed[stale] __

kind = 'stale'

    @pytest.mark.parametrize("kind", ["version", "foreign", "stale", "future", "deadline", "checkpoint_hash", "bool_generation"])
    def test_current_source_bindings_and_absolute_deadline_cannot_be_relaxed(kind):
        data = inputs()
        if kind == "version":
            data["online"] = replace(data["online"], command_seq=data["online"].command_seq + 1)
        elif kind == "foreign":
            data["current_identity"] = replace(data["current_identity"], owner_epoch="new-epoch")
        elif kind in {"stale", "future"}:
            delta = 6 if kind == "stale" else -1
            data["now"] = data["online"].observation.captured_at + timedelta(seconds=delta)
        elif kind == "deadline":
            data["now"] = data["original"].effective_deadline_at
        elif kind == "checkpoint_hash":
            data["source_checkpoint"] = data["source_checkpoint"].model_copy(update={"checkpoint_hash": "0" * 64})
        else:
            data["state_generation"] = True
        with pytest.raises(ValueError):
>           api().conditional_planning_binding(**data)
            ^^^^^

tests/test_conditional_repair_intent.py:161: 
_ _ _ _ _ _ _ _ _ _ _ _ _ _ _ _ _ _ _ _ _ _ _ _ _ _ _ _ _ _ _ _ _ _ _ _ _ _ _ _ 
tests/test_conditional_repair_intent.py:18: in api
    return import_module("cloud_edge_robot_arm.cloud.replanning.conditional_intent")
           ^^^^^^^^^^^^^^^^^^^^^^^^^^^^^^^^^^^^^^^^^^^^^^^^^^^^^^^^^^^^^^^^^^^^^^^^^
/usr/lib/python3.12/importlib/__init__.py:90: in import_module
    return _bootstrap._gcd_import(name[level:], package, level)
           ^^^^^^^^^^^^^^^^^^^^^^^^^^^^^^^^^^^^^^^^^^^^^^^^^^^^
<frozen importlib._bootstrap>:1387: in _gcd_import
    ???
<frozen importlib._bootstrap>:1360: in _find_and_load
    ???
_ _ _ _ _ _ _ _ _ _ _ _ _ _ _ _ _ _ _ _ _ _ _ _ _ _ _ _ _ _ _ _ _ _ _ _ _ _ _ _ 

name = 'cloud_edge_robot_arm.cloud.replanning.conditional_intent'
import_ = <function _gcd_import at 0x7bfdcacc40e0>

>   ???
E   ModuleNotFoundError: No module named 'cloud_edge_robot_arm.cloud.replanning.conditional_intent'

<frozen importlib._bootstrap>:1324: ModuleNotFoundError
_ test_current_source_bindings_and_absolute_deadline_cannot_be_relaxed[future] _

kind = 'future'

    @pytest.mark.parametrize("kind", ["version", "foreign", "stale", "future", "deadline", "checkpoint_hash", "bool_generation"])
    def test_current_source_bindings_and_absolute_deadline_cannot_be_relaxed(kind):
        data = inputs()
        if kind == "version":
            data["online"] = replace(data["online"], command_seq=data["online"].command_seq + 1)
        elif kind == "foreign":
            data["current_identity"] = replace(data["current_identity"], owner_epoch="new-epoch")
        elif kind in {"stale", "future"}:
            delta = 6 if kind == "stale" else -1
            data["now"] = data["online"].observation.captured_at + timedelta(seconds=delta)
        elif kind == "deadline":
            data["now"] = data["original"].effective_deadline_at
        elif kind == "checkpoint_hash":
            data["source_checkpoint"] = data["source_checkpoint"].model_copy(update={"checkpoint_hash": "0" * 64})
        else:
            data["state_generation"] = True
        with pytest.raises(ValueError):
>           api().conditional_planning_binding(**data)
            ^^^^^

tests/test_conditional_repair_intent.py:161: 
_ _ _ _ _ _ _ _ _ _ _ _ _ _ _ _ _ _ _ _ _ _ _ _ _ _ _ _ _ _ _ _ _ _ _ _ _ _ _ _ 
tests/test_conditional_repair_intent.py:18: in api
    return import_module("cloud_edge_robot_arm.cloud.replanning.conditional_intent")
           ^^^^^^^^^^^^^^^^^^^^^^^^^^^^^^^^^^^^^^^^^^^^^^^^^^^^^^^^^^^^^^^^^^^^^^^^^
/usr/lib/python3.12/importlib/__init__.py:90: in import_module
    return _bootstrap._gcd_import(name[level:], package, level)
           ^^^^^^^^^^^^^^^^^^^^^^^^^^^^^^^^^^^^^^^^^^^^^^^^^^^^
<frozen importlib._bootstrap>:1387: in _gcd_import
    ???
<frozen importlib._bootstrap>:1360: in _find_and_load
    ???
_ _ _ _ _ _ _ _ _ _ _ _ _ _ _ _ _ _ _ _ _ _ _ _ _ _ _ _ _ _ _ _ _ _ _ _ _ _ _ _ 

name = 'cloud_edge_robot_arm.cloud.replanning.conditional_intent'
import_ = <function _gcd_import at 0x7bfdcacc40e0>

>   ???
E   ModuleNotFoundError: No module named 'cloud_edge_robot_arm.cloud.replanning.conditional_intent'

<frozen importlib._bootstrap>:1324: ModuleNotFoundError
_ test_current_source_bindings_and_absolute_deadline_cannot_be_relaxed[deadline] _

kind = 'deadline'

    @pytest.mark.parametrize("kind", ["version", "foreign", "stale", "future", "deadline", "checkpoint_hash", "bool_generation"])
    def test_current_source_bindings_and_absolute_deadline_cannot_be_relaxed(kind):
        data = inputs()
        if kind == "version":
            data["online"] = replace(data["online"], command_seq=data["online"].command_seq + 1)
        elif kind == "foreign":
            data["current_identity"] = replace(data["current_identity"], owner_epoch="new-epoch")
        elif kind in {"stale", "future"}:
            delta = 6 if kind == "stale" else -1
            data["now"] = data["online"].observation.captured_at + timedelta(seconds=delta)
        elif kind == "deadline":
            data["now"] = data["original"].effective_deadline_at
        elif kind == "checkpoint_hash":
            data["source_checkpoint"] = data["source_checkpoint"].model_copy(update={"checkpoint_hash": "0" * 64})
        else:
            data["state_generation"] = True
        with pytest.raises(ValueError):
>           api().conditional_planning_binding(**data)
            ^^^^^

tests/test_conditional_repair_intent.py:161: 
_ _ _ _ _ _ _ _ _ _ _ _ _ _ _ _ _ _ _ _ _ _ _ _ _ _ _ _ _ _ _ _ _ _ _ _ _ _ _ _ 
tests/test_conditional_repair_intent.py:18: in api
    return import_module("cloud_edge_robot_arm.cloud.replanning.conditional_intent")
           ^^^^^^^^^^^^^^^^^^^^^^^^^^^^^^^^^^^^^^^^^^^^^^^^^^^^^^^^^^^^^^^^^^^^^^^^^
/usr/lib/python3.12/importlib/__init__.py:90: in import_module
    return _bootstrap._gcd_import(name[level:], package, level)
           ^^^^^^^^^^^^^^^^^^^^^^^^^^^^^^^^^^^^^^^^^^^^^^^^^^^^
<frozen importlib._bootstrap>:1387: in _gcd_import
    ???
<frozen importlib._bootstrap>:1360: in _find_and_load
    ???
_ _ _ _ _ _ _ _ _ _ _ _ _ _ _ _ _ _ _ _ _ _ _ _ _ _ _ _ _ _ _ _ _ _ _ _ _ _ _ _ 

name = 'cloud_edge_robot_arm.cloud.replanning.conditional_intent'
import_ = <function _gcd_import at 0x7bfdcacc40e0>

>   ???
E   ModuleNotFoundError: No module named 'cloud_edge_robot_arm.cloud.replanning.conditional_intent'

<frozen importlib._bootstrap>:1324: ModuleNotFoundError
_ test_current_source_bindings_and_absolute_deadline_cannot_be_relaxed[checkpoint_hash] _

kind = 'checkpoint_hash'

    @pytest.mark.parametrize("kind", ["version", "foreign", "stale", "future", "deadline", "checkpoint_hash", "bool_generation"])
    def test_current_source_bindings_and_absolute_deadline_cannot_be_relaxed(kind):
        data = inputs()
        if kind == "version":
            data["online"] = replace(data["online"], command_seq=data["online"].command_seq + 1)
        elif kind == "foreign":
            data["current_identity"] = replace(data["current_identity"], owner_epoch="new-epoch")
        elif kind in {"stale", "future"}:
            delta = 6 if kind == "stale" else -1
            data["now"] = data["online"].observation.captured_at + timedelta(seconds=delta)
        elif kind == "deadline":
            data["now"] = data["original"].effective_deadline_at
        elif kind == "checkpoint_hash":
            data["source_checkpoint"] = data["source_checkpoint"].model_copy(update={"checkpoint_hash": "0" * 64})
        else:
            data["state_generation"] = True
        with pytest.raises(ValueError):
>           api().conditional_planning_binding(**data)
            ^^^^^

tests/test_conditional_repair_intent.py:161: 
_ _ _ _ _ _ _ _ _ _ _ _ _ _ _ _ _ _ _ _ _ _ _ _ _ _ _ _ _ _ _ _ _ _ _ _ _ _ _ _ 
tests/test_conditional_repair_intent.py:18: in api
    return import_module("cloud_edge_robot_arm.cloud.replanning.conditional_intent")
           ^^^^^^^^^^^^^^^^^^^^^^^^^^^^^^^^^^^^^^^^^^^^^^^^^^^^^^^^^^^^^^^^^^^^^^^^^
/usr/lib/python3.12/importlib/__init__.py:90: in import_module
    return _bootstrap._gcd_import(name[level:], package, level)
           ^^^^^^^^^^^^^^^^^^^^^^^^^^^^^^^^^^^^^^^^^^^^^^^^^^^^
<frozen importlib._bootstrap>:1387: in _gcd_import
    ???
<frozen importlib._bootstrap>:1360: in _find_and_load
    ???
_ _ _ _ _ _ _ _ _ _ _ _ _ _ _ _ _ _ _ _ _ _ _ _ _ _ _ _ _ _ _ _ _ _ _ _ _ _ _ _ 

name = 'cloud_edge_robot_arm.cloud.replanning.conditional_intent'
import_ = <function _gcd_import at 0x7bfdcacc40e0>

>   ???
E   ModuleNotFoundError: No module named 'cloud_edge_robot_arm.cloud.replanning.conditional_intent'

<frozen importlib._bootstrap>:1324: ModuleNotFoundError
_ test_current_source_bindings_and_absolute_deadline_cannot_be_relaxed[bool_generation] _

kind = 'bool_generation'

    @pytest.mark.parametrize("kind", ["version", "foreign", "stale", "future", "deadline", "checkpoint_hash", "bool_generation"])
    def test_current_source_bindings_and_absolute_deadline_cannot_be_relaxed(kind):
        data = inputs()
        if kind == "version":
            data["online"] = replace(data["online"], command_seq=data["online"].command_seq + 1)
        elif kind == "foreign":
            data["current_identity"] = replace(data["current_identity"], owner_epoch="new-epoch")
        elif kind in {"stale", "future"}:
            delta = 6 if kind == "stale" else -1
            data["now"] = data["online"].observation.captured_at + timedelta(seconds=delta)
        elif kind == "deadline":
            data["now"] = data["original"].effective_deadline_at
        elif kind == "checkpoint_hash":
            data["source_checkpoint"] = data["source_checkpoint"].model_copy(update={"checkpoint_hash": "0" * 64})
        else:
            data["state_generation"] = True
        with pytest.raises(ValueError):
>           api().conditional_planning_binding(**data)
            ^^^^^

tests/test_conditional_repair_intent.py:161: 
_ _ _ _ _ _ _ _ _ _ _ _ _ _ _ _ _ _ _ _ _ _ _ _ _ _ _ _ _ _ _ _ _ _ _ _ _ _ _ _ 
tests/test_conditional_repair_intent.py:18: in api
    return import_module("cloud_edge_robot_arm.cloud.replanning.conditional_intent")
           ^^^^^^^^^^^^^^^^^^^^^^^^^^^^^^^^^^^^^^^^^^^^^^^^^^^^^^^^^^^^^^^^^^^^^^^^^
/usr/lib/python3.12/importlib/__init__.py:90: in import_module
    return _bootstrap._gcd_import(name[level:], package, level)
           ^^^^^^^^^^^^^^^^^^^^^^^^^^^^^^^^^^^^^^^^^^^^^^^^^^^^
<frozen importlib._bootstrap>:1387: in _gcd_import
    ???
<frozen importlib._bootstrap>:1360: in _find_and_load
    ???
_ _ _ _ _ _ _ _ _ _ _ _ _ _ _ _ _ _ _ _ _ _ _ _ _ _ _ _ _ _ _ _ _ _ _ _ _ _ _ _ 

name = 'cloud_edge_robot_arm.cloud.replanning.conditional_intent'
import_ = <function _gcd_import at 0x7bfdcacc40e0>

>   ???
E   ModuleNotFoundError: No module named 'cloud_edge_robot_arm.cloud.replanning.conditional_intent'

<frozen importlib._bootstrap>:1324: ModuleNotFoundError
____ test_completed_effect_is_preserved_and_cannot_enter_replacement_window ____

    def test_completed_effect_is_preserved_and_cannot_enter_replacement_window():
        data = inputs()
        cp = data["source_checkpoint"].model_copy(
            update={"completed_step_ids": ["grasp"], "pending_step_ids": ["lift"], "current_step_index": 1, "current_step_id": "lift"},
            deep=True,
        )
        cp = cp.model_copy(update={"checkpoint_hash": checkpoint_digest(cp)})
        data["source_checkpoint"] = cp
        data["online"] = replace(data["online"], context_hash=cp.checkpoint_hash)
>       wire = payload(data)
               ^^^^^^^^^^^^^

tests/test_conditional_repair_intent.py:173: 
_ _ _ _ _ _ _ _ _ _ _ _ _ _ _ _ _ _ _ _ _ _ _ _ _ _ _ _ _ _ _ _ _ _ _ _ _ _ _ _ 
tests/test_conditional_repair_intent.py:83: in payload
    "binding_hash": api().conditional_planning_binding(**data),
                    ^^^^^
tests/test_conditional_repair_intent.py:18: in api
    return import_module("cloud_edge_robot_arm.cloud.replanning.conditional_intent")
           ^^^^^^^^^^^^^^^^^^^^^^^^^^^^^^^^^^^^^^^^^^^^^^^^^^^^^^^^^^^^^^^^^^^^^^^^^
/usr/lib/python3.12/importlib/__init__.py:90: in import_module
    return _bootstrap._gcd_import(name[level:], package, level)
           ^^^^^^^^^^^^^^^^^^^^^^^^^^^^^^^^^^^^^^^^^^^^^^^^^^^^
<frozen importlib._bootstrap>:1387: in _gcd_import
    ???
<frozen importlib._bootstrap>:1360: in _find_and_load
    ???
_ _ _ _ _ _ _ _ _ _ _ _ _ _ _ _ _ _ _ _ _ _ _ _ _ _ _ _ _ _ _ _ _ _ _ _ _ _ _ _ 

name = 'cloud_edge_robot_arm.cloud.replanning.conditional_intent'
import_ = <function _gcd_import at 0x7bfdcacc40e0>

>   ???
E   ModuleNotFoundError: No module named 'cloud_edge_robot_arm.cloud.replanning.conditional_intent'

<frozen importlib._bootstrap>:1324: ModuleNotFoundError
______ test_planning_result_is_detached_and_cannot_request_admitted_scope ______

    def test_planning_result_is_detached_and_cannot_request_admitted_scope():
        data = inputs()
>       result = build(data)
                 ^^^^^^^^^^^

tests/test_conditional_repair_intent.py:183: 
_ _ _ _ _ _ _ _ _ _ _ _ _ _ _ _ _ _ _ _ _ _ _ _ _ _ _ _ _ _ _ _ _ _ _ _ _ _ _ _ 
tests/test_conditional_repair_intent.py:93: in build
    wire = payload(data) if wire is None else wire
           ^^^^^^^^^^^^^
tests/test_conditional_repair_intent.py:83: in payload
    "binding_hash": api().conditional_planning_binding(**data),
                    ^^^^^
tests/test_conditional_repair_intent.py:18: in api
    return import_module("cloud_edge_robot_arm.cloud.replanning.conditional_intent")
           ^^^^^^^^^^^^^^^^^^^^^^^^^^^^^^^^^^^^^^^^^^^^^^^^^^^^^^^^^^^^^^^^^^^^^^^^^
/usr/lib/python3.12/importlib/__init__.py:90: in import_module
    return _bootstrap._gcd_import(name[level:], package, level)
           ^^^^^^^^^^^^^^^^^^^^^^^^^^^^^^^^^^^^^^^^^^^^^^^^^^^^
<frozen importlib._bootstrap>:1387: in _gcd_import
    ???
<frozen importlib._bootstrap>:1360: in _find_and_load
    ???
_ _ _ _ _ _ _ _ _ _ _ _ _ _ _ _ _ _ _ _ _ _ _ _ _ _ _ _ _ _ _ _ _ _ _ _ _ _ _ _ 

name = 'cloud_edge_robot_arm.cloud.replanning.conditional_intent'
import_ = <function _gcd_import at 0x7bfdcacc40e0>

>   ???
E   ModuleNotFoundError: No module named 'cloud_edge_robot_arm.cloud.replanning.conditional_intent'

<frozen importlib._bootstrap>:1324: ModuleNotFoundError
__________ test_duplicate_wire_keys_do_not_override_original_binding ___________

    def test_duplicate_wire_keys_do_not_override_original_binding():
        data = inputs()
>       wire = json.dumps(payload(data))
                          ^^^^^^^^^^^^^

tests/test_conditional_repair_intent.py:196: 
_ _ _ _ _ _ _ _ _ _ _ _ _ _ _ _ _ _ _ _ _ _ _ _ _ _ _ _ _ _ _ _ _ _ _ _ _ _ _ _ 
tests/test_conditional_repair_intent.py:83: in payload
    "binding_hash": api().conditional_planning_binding(**data),
                    ^^^^^
tests/test_conditional_repair_intent.py:18: in api
    return import_module("cloud_edge_robot_arm.cloud.replanning.conditional_intent")
           ^^^^^^^^^^^^^^^^^^^^^^^^^^^^^^^^^^^^^^^^^^^^^^^^^^^^^^^^^^^^^^^^^^^^^^^^^
/usr/lib/python3.12/importlib/__init__.py:90: in import_module
    return _bootstrap._gcd_import(name[level:], package, level)
           ^^^^^^^^^^^^^^^^^^^^^^^^^^^^^^^^^^^^^^^^^^^^^^^^^^^^
<frozen importlib._bootstrap>:1387: in _gcd_import
    ???
<frozen importlib._bootstrap>:1360: in _find_and_load
    ???
_ _ _ _ _ _ _ _ _ _ _ _ _ _ _ _ _ _ _ _ _ _ _ _ _ _ _ _ _ _ _ _ _ _ _ _ _ _ _ _ 

name = 'cloud_edge_robot_arm.cloud.replanning.conditional_intent'
import_ = <function _gcd_import at 0x7bfdcacc40e0>

>   ???
E   ModuleNotFoundError: No module named 'cloud_edge_robot_arm.cloud.replanning.conditional_intent'

<frozen importlib._bootstrap>:1324: ModuleNotFoundError
=========================== short test summary info ============================
FAILED tests/test_conditional_repair_intent.py::test_future_holding_fail_is_preserved_as_requirement_without_action_authority
FAILED tests/test_conditional_repair_intent.py::test_unbound_or_executable_response_fields_reject[binding_hash-0000000000000000000000000000000000000000000000000000000000000000]
FAILED tests/test_conditional_repair_intent.py::test_unbound_or_executable_response_fields_reject[schema_version-executable.v1]
FAILED tests/test_conditional_repair_intent.py::test_unbound_or_executable_response_fields_reject[execution_admitted-True]
FAILED tests/test_conditional_repair_intent.py::test_replacement_window_skills_and_pixel_only_payload_are_exact[unauthorized]
FAILED tests/test_conditional_repair_intent.py::test_replacement_window_skills_and_pixel_only_payload_are_exact[duplicate]
FAILED tests/test_conditional_repair_intent.py::test_replacement_window_skills_and_pixel_only_payload_are_exact[reordered]
FAILED tests/test_conditional_repair_intent.py::test_replacement_window_skills_and_pixel_only_payload_are_exact[missing]
FAILED tests/test_conditional_repair_intent.py::test_replacement_window_skills_and_pixel_only_payload_are_exact[skill]
FAILED tests/test_conditional_repair_intent.py::test_replacement_window_skills_and_pixel_only_payload_are_exact[command]
FAILED tests/test_conditional_repair_intent.py::test_replacement_window_skills_and_pixel_only_payload_are_exact[pixel]
FAILED tests/test_conditional_repair_intent.py::test_current_source_bindings_and_absolute_deadline_cannot_be_relaxed[version]
FAILED tests/test_conditional_repair_intent.py::test_current_source_bindings_and_absolute_deadline_cannot_be_relaxed[foreign]
FAILED tests/test_conditional_repair_intent.py::test_current_source_bindings_and_absolute_deadline_cannot_be_relaxed[stale]
FAILED tests/test_conditional_repair_intent.py::test_current_source_bindings_and_absolute_deadline_cannot_be_relaxed[future]
FAILED tests/test_conditional_repair_intent.py::test_current_source_bindings_and_absolute_deadline_cannot_be_relaxed[deadline]
FAILED tests/test_conditional_repair_intent.py::test_current_source_bindings_and_absolute_deadline_cannot_be_relaxed[checkpoint_hash]
FAILED tests/test_conditional_repair_intent.py::test_current_source_bindings_and_absolute_deadline_cannot_be_relaxed[bool_generation]
FAILED tests/test_conditional_repair_intent.py::test_completed_effect_is_preserved_and_cannot_enter_replacement_window
FAILED tests/test_conditional_repair_intent.py::test_planning_result_is_detached_and_cannot_request_admitted_scope
FAILED tests/test_conditional_repair_intent.py::test_duplicate_wire_keys_do_not_override_original_binding
21 failed in 0.68s
