{
  "scope": "READ_ONLY_SAVED_RAW_RECONSTRUCTION",
  "raw_physics_to_samples": "PASS",
  "raw_actuator_arithmetic_and_step_binding": "PASS",
  "action_command_ranges": "PASS",
  "source_and_raw_byte_hashes": "PASS",
  "raw_recomputed_outcome": {
    "success": true,
    "status": "SUCCESS",
    "safety_violation": false,
    "failure_reason": null,
    "measured_lift_m": 0.10389920812730212,
    "hold_s": 0.7625000060999572,
    "placed_stable_s": 2.1541666839007974,
    "elapsed_s": 20.02500016020091,
    "safety_events": [],
    "evidence_samples": 4807,
    "self_collision_checked_pairs": [
      [
        "base",
        "hand"
      ],
      [
        "base",
        "left_finger_geom"
      ],
      [
        "base",
        "link2"
      ],
      [
        "base",
        "link3"
      ],
      [
        "base",
        "link4"
      ],
      [
        "base",
        "link5"
      ],
      [
        "base",
        "link6"
      ],
      [
        "base",
        "right_finger_geom"
      ],
      [
        "link1",
        "hand"
      ],
      [
        "link1",
        "left_finger_geom"
      ],
      [
        "link1",
        "link3"
      ],
      [
        "link1",
        "link4"
      ],
      [
        "link1",
        "link5"
      ],
      [
        "link1",
        "link6"
      ],
      [
        "link1",
        "right_finger_geom"
      ],
      [
        "link2",
        "hand"
      ],
      [
        "link2",
        "left_finger_geom"
      ],
      [
        "link2",
        "link4"
      ],
      [
        "link2",
        "link5"
      ],
      [
        "link2",
        "link6"
      ],
      [
        "link2",
        "right_finger_geom"
      ],
      [
        "link3",
        "hand"
      ],
      [
        "link3",
        "left_finger_geom"
      ],
      [
        "link3",
        "link5"
      ],
      [
        "link3",
        "link6"
      ],
      [
        "link3",
        "right_finger_geom"
      ],
      [
        "link4",
        "hand"
      ],
      [
        "link4",
        "left_finger_geom"
      ],
      [
        "link4",
        "link6"
      ],
      [
        "link4",
        "right_finger_geom"
      ],
      [
        "link5",
        "hand"
      ],
      [
        "link5",
        "left_finger_geom"
      ],
      [
        "link5",
        "right_finger_geom"
      ]
    ],
    "safety_assessment": "SCOPED_NO_VIOLATION"
  },
  "visibility": [
    {
      "boundary": "AFTER_01_MOVE_ABOVE",
      "status": "UNKNOWN",
      "sim_time_s": 3.1041666915000503
    },
    {
      "boundary": "AFTER_02_APPROACH",
      "status": "UNKNOWN",
      "sim_time_s": 5.395833376500017
    },
    {
      "boundary": "AFTER_03_GRASP",
      "status": "UNKNOWN",
      "sim_time_s": 6.391666717799961
    },
    {
      "boundary": "AFTER_04_LIFT",
      "status": "UNKNOWN",
      "sim_time_s": 9.287500074299798
    },
    {
      "boundary": "AFTER_05_OBSERVE",
      "status": "UNKNOWN",
      "sim_time_s": 9.78750007829977
    },
    {
      "boundary": "AFTER_06_MOVE_TO_REGION",
      "status": "UNKNOWN",
      "sim_time_s": 14.808333451799488
    },
    {
      "boundary": "AFTER_07_PLACE",
      "status": "UNKNOWN",
      "sim_time_s": 17.829166809300098
    },
    {
      "boundary": "AFTER_08_RELEASE",
      "status": "UNKNOWN",
      "sim_time_s": 18.825000150600466
    },
    {
      "boundary": "AFTER_09_OBSERVE",
      "status": "UNKNOWN",
      "sim_time_s": 20.02500016020091
    },
    {
      "boundary": "INITIAL_SETTLED",
      "status": "OBSERVED",
      "sim_time_s": 0.500000003999999
    }
  ],
  "actual_reruns": 0,
  "live_model_calls": 0,
  "renderer": "NOT_RUN",
  "controller_commands_during_review": 0,
  "native_admission": false,
  "formal_source_eligible": false
}
