.FF                                                                      [100%]
=================================== FAILURES ===================================
__ test_durable_trace_sink_is_hashed_and_never_overwrites_conflicting_record ___

tmp_path = PosixPath('/tmp/pytest-of-ningyd/pytest-579/test_durable_trace_sink_is_has0')

    def test_durable_trace_sink_is_hashed_and_never_overwrites_conflicting_record(tmp_path):
        import json
        module = import_module("cloud_edge_robot_arm.auto_mode.joint_policy")
        chosen = policy()
>       sink = module.JsonDecisionTraceSink(tmp_path / "decisions")
               ^^^^^^^^^^^^^^^^^^^^^^^^^^^^
E       AttributeError: module 'cloud_edge_robot_arm.auto_mode.joint_policy' has no attribute 'JsonDecisionTraceSink'

tests/test_joint_visual_policy.py:242: AttributeError
_____________ test_software_trace_never_creates_physical_authority _____________

    def test_software_trace_never_creates_physical_authority():
        chosen = policy()
        chosen.decide(prepared_context())
>       with pytest.raises(ValueError, match="software"):
E       Failed: DID NOT RAISE <class 'ValueError'>

tests/test_joint_visual_policy.py:261: Failed
=========================== short test summary info ============================
FAILED tests/test_joint_visual_policy.py::test_durable_trace_sink_is_hashed_and_never_overwrites_conflicting_record
FAILED tests/test_joint_visual_policy.py::test_software_trace_never_creates_physical_authority
2 failed, 1 passed, 21 deselected in 0.31s
