FFFFFFFFFFFFFFFFFFFFFF                                                   [100%]
=================================== FAILURES ===================================
____________________ test_unsafe_low_cost_action_cannot_win ____________________

    def test_unsafe_low_cost_action_cannot_win():
>       c,j,p=modules();ctx=prepared_context()
              ^^^^^^^^^

tests/test_decision_judgment.py:49: 
_ _ _ _ _ _ _ _ _ _ _ _ _ _ _ _ _ _ _ _ _ _ _ _ _ _ _ _ _ _ _ _ _ _ _ _ _ _ _ _ 
tests/test_decision_judgment.py:17: in modules
    candidates=import_module('cloud_edge_robot_arm.auto_mode.candidates')
               ^^^^^^^^^^^^^^^^^^^^^^^^^^^^^^^^^^^^^^^^^^^^^^^^^^^^^^^^^^
/usr/lib/python3.12/importlib/__init__.py:90: in import_module
    return _bootstrap._gcd_import(name[level:], package, level)
           ^^^^^^^^^^^^^^^^^^^^^^^^^^^^^^^^^^^^^^^^^^^^^^^^^^^^
<frozen importlib._bootstrap>:1387: in _gcd_import
    ???
<frozen importlib._bootstrap>:1360: in _find_and_load
    ???
_ _ _ _ _ _ _ _ _ _ _ _ _ _ _ _ _ _ _ _ _ _ _ _ _ _ _ _ _ _ _ _ _ _ _ _ _ _ _ _ 

name = 'cloud_edge_robot_arm.auto_mode.candidates'
import_ = <function _gcd_import at 0x7339272fc0e0>

>   ???
E   ModuleNotFoundError: No module named 'cloud_edge_robot_arm.auto_mode.candidates'

<frozen importlib._bootstrap>:1324: ModuleNotFoundError
_______ test_missing_action_contract_and_unaccepted_recovery_are_masked ________

    def test_missing_action_contract_and_unaccepted_recovery_are_masked():
>       c,j,p=modules();ctx=prepared_context()
              ^^^^^^^^^

tests/test_decision_judgment.py:59: 
_ _ _ _ _ _ _ _ _ _ _ _ _ _ _ _ _ _ _ _ _ _ _ _ _ _ _ _ _ _ _ _ _ _ _ _ _ _ _ _ 
tests/test_decision_judgment.py:17: in modules
    candidates=import_module('cloud_edge_robot_arm.auto_mode.candidates')
               ^^^^^^^^^^^^^^^^^^^^^^^^^^^^^^^^^^^^^^^^^^^^^^^^^^^^^^^^^^
/usr/lib/python3.12/importlib/__init__.py:90: in import_module
    return _bootstrap._gcd_import(name[level:], package, level)
           ^^^^^^^^^^^^^^^^^^^^^^^^^^^^^^^^^^^^^^^^^^^^^^^^^^^^
<frozen importlib._bootstrap>:1387: in _gcd_import
    ???
<frozen importlib._bootstrap>:1360: in _find_and_load
    ???
_ _ _ _ _ _ _ _ _ _ _ _ _ _ _ _ _ _ _ _ _ _ _ _ _ _ _ _ _ _ _ _ _ _ _ _ _ _ _ _ 

name = 'cloud_edge_robot_arm.auto_mode.candidates'
import_ = <function _gcd_import at 0x7339272fc0e0>

>   ???
E   ModuleNotFoundError: No module named 'cloud_edge_robot_arm.auto_mode.candidates'

<frozen importlib._bootstrap>:1324: ModuleNotFoundError
________ test_atomic_ordinary_candidates_are_deferred_but_stop_remains _________

    def test_atomic_ordinary_candidates_are_deferred_but_stop_remains():
>       c,j,p=modules();ctx=prepared_context();ctx=replace(ctx,event=replace(ctx.event,atomic_action_active=True))
              ^^^^^^^^^

tests/test_decision_judgment.py:67: 
_ _ _ _ _ _ _ _ _ _ _ _ _ _ _ _ _ _ _ _ _ _ _ _ _ _ _ _ _ _ _ _ _ _ _ _ _ _ _ _ 
tests/test_decision_judgment.py:17: in modules
    candidates=import_module('cloud_edge_robot_arm.auto_mode.candidates')
               ^^^^^^^^^^^^^^^^^^^^^^^^^^^^^^^^^^^^^^^^^^^^^^^^^^^^^^^^^^
/usr/lib/python3.12/importlib/__init__.py:90: in import_module
    return _bootstrap._gcd_import(name[level:], package, level)
           ^^^^^^^^^^^^^^^^^^^^^^^^^^^^^^^^^^^^^^^^^^^^^^^^^^^^
<frozen importlib._bootstrap>:1387: in _gcd_import
    ???
<frozen importlib._bootstrap>:1360: in _find_and_load
    ???
_ _ _ _ _ _ _ _ _ _ _ _ _ _ _ _ _ _ _ _ _ _ _ _ _ _ _ _ _ _ _ _ _ _ _ _ _ _ _ _ 

name = 'cloud_edge_robot_arm.auto_mode.candidates'
import_ = <function _gcd_import at 0x7339272fc0e0>

>   ???
E   ModuleNotFoundError: No module named 'cloud_edge_robot_arm.auto_mode.candidates'

<frozen importlib._bootstrap>:1324: ModuleNotFoundError
__________ test_candidate_hash_rejects_mutation_and_duplicate_options __________

    def test_candidate_hash_rejects_mutation_and_duplicate_options():
>       c,j,p=modules();ctx=prepared_context();built=c.build_candidates(ctx,action_contracts=contracts(ctx))
              ^^^^^^^^^

tests/test_decision_judgment.py:73: 
_ _ _ _ _ _ _ _ _ _ _ _ _ _ _ _ _ _ _ _ _ _ _ _ _ _ _ _ _ _ _ _ _ _ _ _ _ _ _ _ 
tests/test_decision_judgment.py:17: in modules
    candidates=import_module('cloud_edge_robot_arm.auto_mode.candidates')
               ^^^^^^^^^^^^^^^^^^^^^^^^^^^^^^^^^^^^^^^^^^^^^^^^^^^^^^^^^^
/usr/lib/python3.12/importlib/__init__.py:90: in import_module
    return _bootstrap._gcd_import(name[level:], package, level)
           ^^^^^^^^^^^^^^^^^^^^^^^^^^^^^^^^^^^^^^^^^^^^^^^^^^^^
<frozen importlib._bootstrap>:1387: in _gcd_import
    ???
<frozen importlib._bootstrap>:1360: in _find_and_load
    ???
_ _ _ _ _ _ _ _ _ _ _ _ _ _ _ _ _ _ _ _ _ _ _ _ _ _ _ _ _ _ _ _ _ _ _ _ _ _ _ _ 

name = 'cloud_edge_robot_arm.auto_mode.candidates'
import_ = <function _gcd_import at 0x7339272fc0e0>

>   ???
E   ModuleNotFoundError: No module named 'cloud_edge_robot_arm.auto_mode.candidates'

<frozen importlib._bootstrap>:1324: ModuleNotFoundError
______________ test_rule_scores_have_no_fabricated_probabilities _______________

    def test_rule_scores_have_no_fabricated_probabilities():
>       c,j,p=modules();ctx=prepared_context();built=c.build_candidates(ctx,action_contracts=contracts(ctx))
              ^^^^^^^^^

tests/test_decision_judgment.py:82: 
_ _ _ _ _ _ _ _ _ _ _ _ _ _ _ _ _ _ _ _ _ _ _ _ _ _ _ _ _ _ _ _ _ _ _ _ _ _ _ _ 
tests/test_decision_judgment.py:17: in modules
    candidates=import_module('cloud_edge_robot_arm.auto_mode.candidates')
               ^^^^^^^^^^^^^^^^^^^^^^^^^^^^^^^^^^^^^^^^^^^^^^^^^^^^^^^^^^
/usr/lib/python3.12/importlib/__init__.py:90: in import_module
    return _bootstrap._gcd_import(name[level:], package, level)
           ^^^^^^^^^^^^^^^^^^^^^^^^^^^^^^^^^^^^^^^^^^^^^^^^^^^^
<frozen importlib._bootstrap>:1387: in _gcd_import
    ???
<frozen importlib._bootstrap>:1360: in _find_and_load
    ???
_ _ _ _ _ _ _ _ _ _ _ _ _ _ _ _ _ _ _ _ _ _ _ _ _ _ _ _ _ _ _ _ _ _ _ _ _ _ _ _ 

name = 'cloud_edge_robot_arm.auto_mode.candidates'
import_ = <function _gcd_import at 0x7339272fc0e0>

>   ???
E   ModuleNotFoundError: No module named 'cloud_edge_robot_arm.auto_mode.candidates'

<frozen importlib._bootstrap>:1324: ModuleNotFoundError
________________ test_equal_scores_have_deterministic_tie_break ________________

    def test_equal_scores_have_deterministic_tie_break():
>       c,j,p=modules();ctx=prepared_context();built=c.build_candidates(ctx,action_contracts=contracts(ctx))
              ^^^^^^^^^

tests/test_decision_judgment.py:91: 
_ _ _ _ _ _ _ _ _ _ _ _ _ _ _ _ _ _ _ _ _ _ _ _ _ _ _ _ _ _ _ _ _ _ _ _ _ _ _ _ 
tests/test_decision_judgment.py:17: in modules
    candidates=import_module('cloud_edge_robot_arm.auto_mode.candidates')
               ^^^^^^^^^^^^^^^^^^^^^^^^^^^^^^^^^^^^^^^^^^^^^^^^^^^^^^^^^^
/usr/lib/python3.12/importlib/__init__.py:90: in import_module
    return _bootstrap._gcd_import(name[level:], package, level)
           ^^^^^^^^^^^^^^^^^^^^^^^^^^^^^^^^^^^^^^^^^^^^^^^^^^^^
<frozen importlib._bootstrap>:1387: in _gcd_import
    ???
<frozen importlib._bootstrap>:1360: in _find_and_load
    ???
_ _ _ _ _ _ _ _ _ _ _ _ _ _ _ _ _ _ _ _ _ _ _ _ _ _ _ _ _ _ _ _ _ _ _ _ _ _ _ _ 

name = 'cloud_edge_robot_arm.auto_mode.candidates'
import_ = <function _gcd_import at 0x7339272fc0e0>

>   ???
E   ModuleNotFoundError: No module named 'cloud_edge_robot_arm.auto_mode.candidates'

<frozen importlib._bootstrap>:1324: ModuleNotFoundError
________ test_independent_answers_with_conflicting_actions_are_rejected ________

    def test_independent_answers_with_conflicting_actions_are_rejected():
>       c,j,p=modules()
              ^^^^^^^^^

tests/test_decision_judgment.py:101: 
_ _ _ _ _ _ _ _ _ _ _ _ _ _ _ _ _ _ _ _ _ _ _ _ _ _ _ _ _ _ _ _ _ _ _ _ _ _ _ _ 
tests/test_decision_judgment.py:17: in modules
    candidates=import_module('cloud_edge_robot_arm.auto_mode.candidates')
               ^^^^^^^^^^^^^^^^^^^^^^^^^^^^^^^^^^^^^^^^^^^^^^^^^^^^^^^^^^
/usr/lib/python3.12/importlib/__init__.py:90: in import_module
    return _bootstrap._gcd_import(name[level:], package, level)
           ^^^^^^^^^^^^^^^^^^^^^^^^^^^^^^^^^^^^^^^^^^^^^^^^^^^^
<frozen importlib._bootstrap>:1387: in _gcd_import
    ???
<frozen importlib._bootstrap>:1360: in _find_and_load
    ???
_ _ _ _ _ _ _ _ _ _ _ _ _ _ _ _ _ _ _ _ _ _ _ _ _ _ _ _ _ _ _ _ _ _ _ _ _ _ _ _ 

name = 'cloud_edge_robot_arm.auto_mode.candidates'
import_ = <function _gcd_import at 0x7339272fc0e0>

>   ???
E   ModuleNotFoundError: No module named 'cloud_edge_robot_arm.auto_mode.candidates'

<frozen importlib._bootstrap>:1324: ModuleNotFoundError
________ test_candidate_identity_changes_with_observation_and_versions _________

    def test_candidate_identity_changes_with_observation_and_versions():
>       c,j,p=modules();ctx=prepared_context();first=c.build_candidates(ctx,action_contracts=contracts(ctx))
              ^^^^^^^^^

tests/test_decision_judgment.py:109: 
_ _ _ _ _ _ _ _ _ _ _ _ _ _ _ _ _ _ _ _ _ _ _ _ _ _ _ _ _ _ _ _ _ _ _ _ _ _ _ _ 
tests/test_decision_judgment.py:17: in modules
    candidates=import_module('cloud_edge_robot_arm.auto_mode.candidates')
               ^^^^^^^^^^^^^^^^^^^^^^^^^^^^^^^^^^^^^^^^^^^^^^^^^^^^^^^^^^
/usr/lib/python3.12/importlib/__init__.py:90: in import_module
    return _bootstrap._gcd_import(name[level:], package, level)
           ^^^^^^^^^^^^^^^^^^^^^^^^^^^^^^^^^^^^^^^^^^^^^^^^^^^^
<frozen importlib._bootstrap>:1387: in _gcd_import
    ???
<frozen importlib._bootstrap>:1360: in _find_and_load
    ???
_ _ _ _ _ _ _ _ _ _ _ _ _ _ _ _ _ _ _ _ _ _ _ _ _ _ _ _ _ _ _ _ _ _ _ _ _ _ _ _ 

name = 'cloud_edge_robot_arm.auto_mode.candidates'
import_ = <function _gcd_import at 0x7339272fc0e0>

>   ???
E   ModuleNotFoundError: No module named 'cloud_edge_robot_arm.auto_mode.candidates'

<frozen importlib._bootstrap>:1324: ModuleNotFoundError
_________ test_default_adaptive_path_is_closed_without_real_selection __________

    def test_default_adaptive_path_is_closed_without_real_selection():
>       chosen=policy(software_only=False)
               ^^^^^^^^^^^^^^^^^^^^^^^^^^^

tests/test_joint_visual_policy.py:34: 
_ _ _ _ _ _ _ _ _ _ _ _ _ _ _ _ _ _ _ _ _ _ _ _ _ _ _ _ _ _ _ _ _ _ _ _ _ _ _ _ 
tests/test_joint_visual_policy.py:27: in policy
    module=import_module('cloud_edge_robot_arm.auto_mode.joint_policy')
           ^^^^^^^^^^^^^^^^^^^^^^^^^^^^^^^^^^^^^^^^^^^^^^^^^^^^^^^^^^^^
/usr/lib/python3.12/importlib/__init__.py:90: in import_module
    return _bootstrap._gcd_import(name[level:], package, level)
           ^^^^^^^^^^^^^^^^^^^^^^^^^^^^^^^^^^^^^^^^^^^^^^^^^^^^
<frozen importlib._bootstrap>:1387: in _gcd_import
    ???
<frozen importlib._bootstrap>:1360: in _find_and_load
    ???
_ _ _ _ _ _ _ _ _ _ _ _ _ _ _ _ _ _ _ _ _ _ _ _ _ _ _ _ _ _ _ _ _ _ _ _ _ _ _ _ 

name = 'cloud_edge_robot_arm.auto_mode.joint_policy'
import_ = <function _gcd_import at 0x7339272fc0e0>

>   ???
E   ModuleNotFoundError: No module named 'cloud_edge_robot_arm.auto_mode.joint_policy'

<frozen importlib._bootstrap>:1324: ModuleNotFoundError
________ test_selected_decision_records_candidate_and_observation_hash _________

    def test_selected_decision_records_candidate_and_observation_hash():
>       chosen=policy()
               ^^^^^^^^

tests/test_joint_visual_policy.py:40: 
_ _ _ _ _ _ _ _ _ _ _ _ _ _ _ _ _ _ _ _ _ _ _ _ _ _ _ _ _ _ _ _ _ _ _ _ _ _ _ _ 
tests/test_joint_visual_policy.py:27: in policy
    module=import_module('cloud_edge_robot_arm.auto_mode.joint_policy')
           ^^^^^^^^^^^^^^^^^^^^^^^^^^^^^^^^^^^^^^^^^^^^^^^^^^^^^^^^^^^^
/usr/lib/python3.12/importlib/__init__.py:90: in import_module
    return _bootstrap._gcd_import(name[level:], package, level)
           ^^^^^^^^^^^^^^^^^^^^^^^^^^^^^^^^^^^^^^^^^^^^^^^^^^^^
<frozen importlib._bootstrap>:1387: in _gcd_import
    ???
<frozen importlib._bootstrap>:1360: in _find_and_load
    ???
_ _ _ _ _ _ _ _ _ _ _ _ _ _ _ _ _ _ _ _ _ _ _ _ _ _ _ _ _ _ _ _ _ _ _ _ _ _ _ _ 

name = 'cloud_edge_robot_arm.auto_mode.joint_policy'
import_ = <function _gcd_import at 0x7339272fc0e0>

>   ???
E   ModuleNotFoundError: No module named 'cloud_edge_robot_arm.auto_mode.joint_policy'

<frozen importlib._bootstrap>:1324: ModuleNotFoundError
________________ test_high_failure_risk_changes_choice_to_cloud ________________

    def test_high_failure_risk_changes_choice_to_cloud():
        ctx=prepared_context(risk_estimate=RiskEstimate(.9,{'CONTINUE':.9,'REQUEST_CLOUD':.01},.001,.001,'VALID'))
>       assert policy().decide(ctx)==DecisionAction.REQUEST_CLOUD
               ^^^^^^^^

tests/test_joint_visual_policy.py:53: 
_ _ _ _ _ _ _ _ _ _ _ _ _ _ _ _ _ _ _ _ _ _ _ _ _ _ _ _ _ _ _ _ _ _ _ _ _ _ _ _ 
tests/test_joint_visual_policy.py:27: in policy
    module=import_module('cloud_edge_robot_arm.auto_mode.joint_policy')
           ^^^^^^^^^^^^^^^^^^^^^^^^^^^^^^^^^^^^^^^^^^^^^^^^^^^^^^^^^^^^
/usr/lib/python3.12/importlib/__init__.py:90: in import_module
    return _bootstrap._gcd_import(name[level:], package, level)
           ^^^^^^^^^^^^^^^^^^^^^^^^^^^^^^^^^^^^^^^^^^^^^^^^^^^^
<frozen importlib._bootstrap>:1387: in _gcd_import
    ???
<frozen importlib._bootstrap>:1360: in _find_and_load
    ???
_ _ _ _ _ _ _ _ _ _ _ _ _ _ _ _ _ _ _ _ _ _ _ _ _ _ _ _ _ _ _ _ _ _ _ _ _ _ _ _ 

name = 'cloud_edge_robot_arm.auto_mode.joint_policy'
import_ = <function _gcd_import at 0x7339272fc0e0>

>   ???
E   ModuleNotFoundError: No module named 'cloud_edge_robot_arm.auto_mode.joint_policy'

<frozen importlib._bootstrap>:1324: ModuleNotFoundError
________________ test_aged_or_missing_ttl_requires_new_capture _________________

    def test_aged_or_missing_ttl_requires_new_capture():
        ctx=prepared_context()
        old=ctx.online_evidence.observation.model_copy(update={'captured_at':NOW-timedelta(seconds=6)})
        ctx=replace(ctx,online_evidence=replace(ctx.online_evidence,observation=old))
>       chosen=policy()
               ^^^^^^^^

tests/test_joint_visual_policy.py:60: 
_ _ _ _ _ _ _ _ _ _ _ _ _ _ _ _ _ _ _ _ _ _ _ _ _ _ _ _ _ _ _ _ _ _ _ _ _ _ _ _ 
tests/test_joint_visual_policy.py:27: in policy
    module=import_module('cloud_edge_robot_arm.auto_mode.joint_policy')
           ^^^^^^^^^^^^^^^^^^^^^^^^^^^^^^^^^^^^^^^^^^^^^^^^^^^^^^^^^^^^
/usr/lib/python3.12/importlib/__init__.py:90: in import_module
    return _bootstrap._gcd_import(name[level:], package, level)
           ^^^^^^^^^^^^^^^^^^^^^^^^^^^^^^^^^^^^^^^^^^^^^^^^^^^^
<frozen importlib._bootstrap>:1387: in _gcd_import
    ???
<frozen importlib._bootstrap>:1360: in _find_and_load
    ???
_ _ _ _ _ _ _ _ _ _ _ _ _ _ _ _ _ _ _ _ _ _ _ _ _ _ _ _ _ _ _ _ _ _ _ _ _ _ _ _ 

name = 'cloud_edge_robot_arm.auto_mode.joint_policy'
import_ = <function _gcd_import at 0x7339272fc0e0>

>   ???
E   ModuleNotFoundError: No module named 'cloud_edge_robot_arm.auto_mode.joint_policy'

<frozen importlib._bootstrap>:1324: ModuleNotFoundError
___________________ test_physical_unknown_bounds_cannot_win ____________________

    def test_physical_unknown_bounds_cannot_win():
        ctx=prepared_context(risk_estimate=RiskEstimate(None,{},None,None,'UNKNOWN'))
>       chosen=policy()
               ^^^^^^^^

tests/test_joint_visual_policy.py:69: 
_ _ _ _ _ _ _ _ _ _ _ _ _ _ _ _ _ _ _ _ _ _ _ _ _ _ _ _ _ _ _ _ _ _ _ _ _ _ _ _ 
tests/test_joint_visual_policy.py:27: in policy
    module=import_module('cloud_edge_robot_arm.auto_mode.joint_policy')
           ^^^^^^^^^^^^^^^^^^^^^^^^^^^^^^^^^^^^^^^^^^^^^^^^^^^^^^^^^^^^
/usr/lib/python3.12/importlib/__init__.py:90: in import_module
    return _bootstrap._gcd_import(name[level:], package, level)
           ^^^^^^^^^^^^^^^^^^^^^^^^^^^^^^^^^^^^^^^^^^^^^^^^^^^^
<frozen importlib._bootstrap>:1387: in _gcd_import
    ???
<frozen importlib._bootstrap>:1360: in _find_and_load
    ???
_ _ _ _ _ _ _ _ _ _ _ _ _ _ _ _ _ _ _ _ _ _ _ _ _ _ _ _ _ _ _ _ _ _ _ _ _ _ _ _ 

name = 'cloud_edge_robot_arm.auto_mode.joint_policy'
import_ = <function _gcd_import at 0x7339272fc0e0>

>   ???
E   ModuleNotFoundError: No module named 'cloud_edge_robot_arm.auto_mode.joint_policy'

<frozen importlib._bootstrap>:1324: ModuleNotFoundError
_______ test_unsafe_hard_stop_bypasses_cheap_action_and_atomic_boundary ________

    def test_unsafe_hard_stop_bypasses_cheap_action_and_atomic_boundary():
        ctx=prepared_context()
        state=ctx.online_evidence.robot_state.model_copy(update={'estop_engaged':True})
        ctx=replace(ctx,online_evidence=replace(ctx.online_evidence,robot_state=state),event=replace(ctx.event,atomic_action_active=True))
>       chosen=policy()
               ^^^^^^^^

tests/test_joint_visual_policy.py:78: 
_ _ _ _ _ _ _ _ _ _ _ _ _ _ _ _ _ _ _ _ _ _ _ _ _ _ _ _ _ _ _ _ _ _ _ _ _ _ _ _ 
tests/test_joint_visual_policy.py:27: in policy
    module=import_module('cloud_edge_robot_arm.auto_mode.joint_policy')
           ^^^^^^^^^^^^^^^^^^^^^^^^^^^^^^^^^^^^^^^^^^^^^^^^^^^^^^^^^^^^
/usr/lib/python3.12/importlib/__init__.py:90: in import_module
    return _bootstrap._gcd_import(name[level:], package, level)
           ^^^^^^^^^^^^^^^^^^^^^^^^^^^^^^^^^^^^^^^^^^^^^^^^^^^^
<frozen importlib._bootstrap>:1387: in _gcd_import
    ???
<frozen importlib._bootstrap>:1360: in _find_and_load
    ???
_ _ _ _ _ _ _ _ _ _ _ _ _ _ _ _ _ _ _ _ _ _ _ _ _ _ _ _ _ _ _ _ _ _ _ _ _ _ _ _ 

name = 'cloud_edge_robot_arm.auto_mode.joint_policy'
import_ = <function _gcd_import at 0x7339272fc0e0>

>   ???
E   ModuleNotFoundError: No module named 'cloud_edge_robot_arm.auto_mode.joint_policy'

<frozen importlib._bootstrap>:1324: ModuleNotFoundError
_________ test_atomic_non_safety_defer_does_not_authorize_next_action __________

    def test_atomic_non_safety_defer_does_not_authorize_next_action():
        ctx=prepared_context();ctx=replace(ctx,event=replace(ctx.event,atomic_action_active=True))
>       chosen=policy()
               ^^^^^^^^

tests/test_joint_visual_policy.py:85: 
_ _ _ _ _ _ _ _ _ _ _ _ _ _ _ _ _ _ _ _ _ _ _ _ _ _ _ _ _ _ _ _ _ _ _ _ _ _ _ _ 
tests/test_joint_visual_policy.py:27: in policy
    module=import_module('cloud_edge_robot_arm.auto_mode.joint_policy')
           ^^^^^^^^^^^^^^^^^^^^^^^^^^^^^^^^^^^^^^^^^^^^^^^^^^^^^^^^^^^^
/usr/lib/python3.12/importlib/__init__.py:90: in import_module
    return _bootstrap._gcd_import(name[level:], package, level)
           ^^^^^^^^^^^^^^^^^^^^^^^^^^^^^^^^^^^^^^^^^^^^^^^^^^^^
<frozen importlib._bootstrap>:1387: in _gcd_import
    ???
<frozen importlib._bootstrap>:1360: in _find_and_load
    ???
_ _ _ _ _ _ _ _ _ _ _ _ _ _ _ _ _ _ _ _ _ _ _ _ _ _ _ _ _ _ _ _ _ _ _ _ _ _ _ _ 

name = 'cloud_edge_robot_arm.auto_mode.joint_policy'
import_ = <function _gcd_import at 0x7339272fc0e0>

>   ???
E   ModuleNotFoundError: No module named 'cloud_edge_robot_arm.auto_mode.joint_policy'

<frozen importlib._bootstrap>:1324: ModuleNotFoundError
_ test_bad_provider_output_routes_with_budget_and_preserves_failure[out_of_set] _

mode = 'out_of_set'

    @pytest.mark.parametrize('mode',['out_of_set','abstain','timeout'])
    def test_bad_provider_output_routes_with_budget_and_preserves_failure(mode):
>       module=import_module('cloud_edge_robot_arm.auto_mode.judgment')
               ^^^^^^^^^^^^^^^^^^^^^^^^^^^^^^^^^^^^^^^^^^^^^^^^^^^^^^^^

tests/test_joint_visual_policy.py:93: 
_ _ _ _ _ _ _ _ _ _ _ _ _ _ _ _ _ _ _ _ _ _ _ _ _ _ _ _ _ _ _ _ _ _ _ _ _ _ _ _ 
/usr/lib/python3.12/importlib/__init__.py:90: in import_module
    return _bootstrap._gcd_import(name[level:], package, level)
           ^^^^^^^^^^^^^^^^^^^^^^^^^^^^^^^^^^^^^^^^^^^^^^^^^^^^
<frozen importlib._bootstrap>:1387: in _gcd_import
    ???
<frozen importlib._bootstrap>:1360: in _find_and_load
    ???
_ _ _ _ _ _ _ _ _ _ _ _ _ _ _ _ _ _ _ _ _ _ _ _ _ _ _ _ _ _ _ _ _ _ _ _ _ _ _ _ 

name = 'cloud_edge_robot_arm.auto_mode.judgment'
import_ = <function _gcd_import at 0x7339272fc0e0>

>   ???
E   ModuleNotFoundError: No module named 'cloud_edge_robot_arm.auto_mode.judgment'

<frozen importlib._bootstrap>:1324: ModuleNotFoundError
__ test_bad_provider_output_routes_with_budget_and_preserves_failure[abstain] __

mode = 'abstain'

    @pytest.mark.parametrize('mode',['out_of_set','abstain','timeout'])
    def test_bad_provider_output_routes_with_budget_and_preserves_failure(mode):
>       module=import_module('cloud_edge_robot_arm.auto_mode.judgment')
               ^^^^^^^^^^^^^^^^^^^^^^^^^^^^^^^^^^^^^^^^^^^^^^^^^^^^^^^^

tests/test_joint_visual_policy.py:93: 
_ _ _ _ _ _ _ _ _ _ _ _ _ _ _ _ _ _ _ _ _ _ _ _ _ _ _ _ _ _ _ _ _ _ _ _ _ _ _ _ 
/usr/lib/python3.12/importlib/__init__.py:90: in import_module
    return _bootstrap._gcd_import(name[level:], package, level)
           ^^^^^^^^^^^^^^^^^^^^^^^^^^^^^^^^^^^^^^^^^^^^^^^^^^^^
<frozen importlib._bootstrap>:1387: in _gcd_import
    ???
<frozen importlib._bootstrap>:1360: in _find_and_load
    ???
_ _ _ _ _ _ _ _ _ _ _ _ _ _ _ _ _ _ _ _ _ _ _ _ _ _ _ _ _ _ _ _ _ _ _ _ _ _ _ _ 

name = 'cloud_edge_robot_arm.auto_mode.judgment'
import_ = <function _gcd_import at 0x7339272fc0e0>

>   ???
E   ModuleNotFoundError: No module named 'cloud_edge_robot_arm.auto_mode.judgment'

<frozen importlib._bootstrap>:1324: ModuleNotFoundError
__ test_bad_provider_output_routes_with_budget_and_preserves_failure[timeout] __

mode = 'timeout'

    @pytest.mark.parametrize('mode',['out_of_set','abstain','timeout'])
    def test_bad_provider_output_routes_with_budget_and_preserves_failure(mode):
>       module=import_module('cloud_edge_robot_arm.auto_mode.judgment')
               ^^^^^^^^^^^^^^^^^^^^^^^^^^^^^^^^^^^^^^^^^^^^^^^^^^^^^^^^

tests/test_joint_visual_policy.py:93: 
_ _ _ _ _ _ _ _ _ _ _ _ _ _ _ _ _ _ _ _ _ _ _ _ _ _ _ _ _ _ _ _ _ _ _ _ _ _ _ _ 
/usr/lib/python3.12/importlib/__init__.py:90: in import_module
    return _bootstrap._gcd_import(name[level:], package, level)
           ^^^^^^^^^^^^^^^^^^^^^^^^^^^^^^^^^^^^^^^^^^^^^^^^^^^^
<frozen importlib._bootstrap>:1387: in _gcd_import
    ???
<frozen importlib._bootstrap>:1360: in _find_and_load
    ???
_ _ _ _ _ _ _ _ _ _ _ _ _ _ _ _ _ _ _ _ _ _ _ _ _ _ _ _ _ _ _ _ _ _ _ _ _ _ _ _ 

name = 'cloud_edge_robot_arm.auto_mode.judgment'
import_ = <function _gcd_import at 0x7339272fc0e0>

>   ???
E   ModuleNotFoundError: No module named 'cloud_edge_robot_arm.auto_mode.judgment'

<frozen importlib._bootstrap>:1324: ModuleNotFoundError
____________ test_exhausted_budget_stops_instead_of_silent_fallback ____________

    def test_exhausted_budget_stops_instead_of_silent_fallback():
        ctx=prepared_context();ctx.verification_budget.remaining_reobservations=0
>       chosen=policy();chosen.contract_provider=None
               ^^^^^^^^

tests/test_joint_visual_policy.py:112: 
_ _ _ _ _ _ _ _ _ _ _ _ _ _ _ _ _ _ _ _ _ _ _ _ _ _ _ _ _ _ _ _ _ _ _ _ _ _ _ _ 
tests/test_joint_visual_policy.py:27: in policy
    module=import_module('cloud_edge_robot_arm.auto_mode.joint_policy')
           ^^^^^^^^^^^^^^^^^^^^^^^^^^^^^^^^^^^^^^^^^^^^^^^^^^^^^^^^^^^^
/usr/lib/python3.12/importlib/__init__.py:90: in import_module
    return _bootstrap._gcd_import(name[level:], package, level)
           ^^^^^^^^^^^^^^^^^^^^^^^^^^^^^^^^^^^^^^^^^^^^^^^^^^^^
<frozen importlib._bootstrap>:1387: in _gcd_import
    ???
<frozen importlib._bootstrap>:1360: in _find_and_load
    ???
_ _ _ _ _ _ _ _ _ _ _ _ _ _ _ _ _ _ _ _ _ _ _ _ _ _ _ _ _ _ _ _ _ _ _ _ _ _ _ _ 

name = 'cloud_edge_robot_arm.auto_mode.joint_policy'
import_ = <function _gcd_import at 0x7339272fc0e0>

>   ???
E   ModuleNotFoundError: No module named 'cloud_edge_robot_arm.auto_mode.joint_policy'

<frozen importlib._bootstrap>:1324: ModuleNotFoundError
____ test_policy_reads_live_ledger_and_does_not_count_rules_as_model_calls _____

    def test_policy_reads_live_ledger_and_does_not_count_rules_as_model_calls():
>       costs=ledger();chosen=policy(costs=costs)
                              ^^^^^^^^^^^^^^^^^^^

tests/test_joint_visual_policy.py:117: 
_ _ _ _ _ _ _ _ _ _ _ _ _ _ _ _ _ _ _ _ _ _ _ _ _ _ _ _ _ _ _ _ _ _ _ _ _ _ _ _ 
tests/test_joint_visual_policy.py:27: in policy
    module=import_module('cloud_edge_robot_arm.auto_mode.joint_policy')
           ^^^^^^^^^^^^^^^^^^^^^^^^^^^^^^^^^^^^^^^^^^^^^^^^^^^^^^^^^^^^
/usr/lib/python3.12/importlib/__init__.py:90: in import_module
    return _bootstrap._gcd_import(name[level:], package, level)
           ^^^^^^^^^^^^^^^^^^^^^^^^^^^^^^^^^^^^^^^^^^^^^^^^^^^^
<frozen importlib._bootstrap>:1387: in _gcd_import
    ???
<frozen importlib._bootstrap>:1360: in _find_and_load
    ???
_ _ _ _ _ _ _ _ _ _ _ _ _ _ _ _ _ _ _ _ _ _ _ _ _ _ _ _ _ _ _ _ _ _ _ _ _ _ _ _ 

name = 'cloud_edge_robot_arm.auto_mode.joint_policy'
import_ = <function _gcd_import at 0x7339272fc0e0>

>   ???
E   ModuleNotFoundError: No module named 'cloud_edge_robot_arm.auto_mode.joint_policy'

<frozen importlib._bootstrap>:1324: ModuleNotFoundError
_______ test_unknown_inference_cost_stays_null_without_rtt_substitution ________

    def test_unknown_inference_cost_stays_null_without_rtt_substitution():
>       module=import_module('cloud_edge_robot_arm.auto_mode.joint_policy')
               ^^^^^^^^^^^^^^^^^^^^^^^^^^^^^^^^^^^^^^^^^^^^^^^^^^^^^^^^^^^^

tests/test_joint_visual_policy.py:128: 
_ _ _ _ _ _ _ _ _ _ _ _ _ _ _ _ _ _ _ _ _ _ _ _ _ _ _ _ _ _ _ _ _ _ _ _ _ _ _ _ 
/usr/lib/python3.12/importlib/__init__.py:90: in import_module
    return _bootstrap._gcd_import(name[level:], package, level)
           ^^^^^^^^^^^^^^^^^^^^^^^^^^^^^^^^^^^^^^^^^^^^^^^^^^^^
<frozen importlib._bootstrap>:1387: in _gcd_import
    ???
<frozen importlib._bootstrap>:1360: in _find_and_load
    ???
_ _ _ _ _ _ _ _ _ _ _ _ _ _ _ _ _ _ _ _ _ _ _ _ _ _ _ _ _ _ _ _ _ _ _ _ _ _ _ _ 

name = 'cloud_edge_robot_arm.auto_mode.joint_policy'
import_ = <function _gcd_import at 0x7339272fc0e0>

>   ???
E   ModuleNotFoundError: No module named 'cloud_edge_robot_arm.auto_mode.joint_policy'

<frozen importlib._bootstrap>:1324: ModuleNotFoundError
_______ test_failed_and_timed_out_attempts_and_telemetry_remain_separate _______

    def test_failed_and_timed_out_attempts_and_telemetry_remain_separate():
        costs=ledger()
        for number,status in [(2,'TIMEOUT'),(3,'SUCCESS')]:
            costs.record_request(RequestCost(request_id=f'attempt-{number}',sent_at=NOW,finished_at=NOW+timedelta(seconds=1),
                is_cloud_model=True,model_role='SUPERVISOR',deployment='CLOUD',provider_location='REMOTE_SERVICE',
                provider_version='frozen',status=status,serialized_sent_bytes=7,serialized_received_bytes=5 if status=='SUCCESS' else 0))
        costs.record_telemetry(3,4)
>       chosen=policy(costs=costs);chosen.decide(prepared_context())
               ^^^^^^^^^^^^^^^^^^^

tests/test_joint_visual_policy.py:142: 
_ _ _ _ _ _ _ _ _ _ _ _ _ _ _ _ _ _ _ _ _ _ _ _ _ _ _ _ _ _ _ _ _ _ _ _ _ _ _ _ 
tests/test_joint_visual_policy.py:27: in policy
    module=import_module('cloud_edge_robot_arm.auto_mode.joint_policy')
           ^^^^^^^^^^^^^^^^^^^^^^^^^^^^^^^^^^^^^^^^^^^^^^^^^^^^^^^^^^^^
/usr/lib/python3.12/importlib/__init__.py:90: in import_module
    return _bootstrap._gcd_import(name[level:], package, level)
           ^^^^^^^^^^^^^^^^^^^^^^^^^^^^^^^^^^^^^^^^^^^^^^^^^^^^
<frozen importlib._bootstrap>:1387: in _gcd_import
    ???
<frozen importlib._bootstrap>:1360: in _find_and_load
    ???
_ _ _ _ _ _ _ _ _ _ _ _ _ _ _ _ _ _ _ _ _ _ _ _ _ _ _ _ _ _ _ _ _ _ _ _ _ _ _ _ 

name = 'cloud_edge_robot_arm.auto_mode.joint_policy'
import_ = <function _gcd_import at 0x7339272fc0e0>

>   ???
E   ModuleNotFoundError: No module named 'cloud_edge_robot_arm.auto_mode.joint_policy'

<frozen importlib._bootstrap>:1324: ModuleNotFoundError
=========================== short test summary info ============================
FAILED tests/test_decision_judgment.py::test_unsafe_low_cost_action_cannot_win
FAILED tests/test_decision_judgment.py::test_missing_action_contract_and_unaccepted_recovery_are_masked
FAILED tests/test_decision_judgment.py::test_atomic_ordinary_candidates_are_deferred_but_stop_remains
FAILED tests/test_decision_judgment.py::test_candidate_hash_rejects_mutation_and_duplicate_options
FAILED tests/test_decision_judgment.py::test_rule_scores_have_no_fabricated_probabilities
FAILED tests/test_decision_judgment.py::test_equal_scores_have_deterministic_tie_break
FAILED tests/test_decision_judgment.py::test_independent_answers_with_conflicting_actions_are_rejected
FAILED tests/test_decision_judgment.py::test_candidate_identity_changes_with_observation_and_versions
FAILED tests/test_joint_visual_policy.py::test_default_adaptive_path_is_closed_without_real_selection
FAILED tests/test_joint_visual_policy.py::test_selected_decision_records_candidate_and_observation_hash
FAILED tests/test_joint_visual_policy.py::test_high_failure_risk_changes_choice_to_cloud
FAILED tests/test_joint_visual_policy.py::test_aged_or_missing_ttl_requires_new_capture
FAILED tests/test_joint_visual_policy.py::test_physical_unknown_bounds_cannot_win
FAILED tests/test_joint_visual_policy.py::test_unsafe_hard_stop_bypasses_cheap_action_and_atomic_boundary
FAILED tests/test_joint_visual_policy.py::test_atomic_non_safety_defer_does_not_authorize_next_action
FAILED tests/test_joint_visual_policy.py::test_bad_provider_output_routes_with_budget_and_preserves_failure[out_of_set]
FAILED tests/test_joint_visual_policy.py::test_bad_provider_output_routes_with_budget_and_preserves_failure[abstain]
FAILED tests/test_joint_visual_policy.py::test_bad_provider_output_routes_with_budget_and_preserves_failure[timeout]
FAILED tests/test_joint_visual_policy.py::test_exhausted_budget_stops_instead_of_silent_fallback
FAILED tests/test_joint_visual_policy.py::test_policy_reads_live_ledger_and_does_not_count_rules_as_model_calls
FAILED tests/test_joint_visual_policy.py::test_unknown_inference_cost_stays_null_without_rtt_substitution
FAILED tests/test_joint_visual_policy.py::test_failed_and_timed_out_attempts_and_telemetry_remain_separate
22 failed in 0.42s
