{
  "kind": "REAL_DEVELOPMENT_CAPTURE",
  "scenario": "S01_NORMAL_STATIC",
  "seed": 0,
  "status": "OBSERVED",
  "reason": "uncalibrated_single_frame_pose_estimate",
  "image_dimensions": [
    640,
    480
  ],
  "camera": "unchanged rgbd top camera, pos=(.35,0,1.4), fovy=50",
  "marked_asset_sha256": "02efdc94a346d21ce1162418d58ee344c73a1a4afef32fa8b2feff3adaf53c30",
  "registration_hash": "4da5176a176433524f11ff75c94ff2bcf9eb83426b4699ebeaa251173cd9a736",
  "intrinsics": [
    514.6816609222941,
    514.6816609222941,
    319.5,
    239.5
  ],
  "calibration_version": "3a224602f7d34743",
  "image_profile": "marked-S01-native-640x480-development-only",
  "detector_source_sha256": "c67c50ef4563f7a1288c2fd0ac8a9e8edf90e8d54fb6c438a57417fe24a93932",
  "model_requests": 0,
  "controller_commands": 0,
  "robot_actions": 0,
  "physics_steps_for_settling": 120,
  "physical_success": "NOT_RUN",
  "native_evidence_status": "NOT_PROMOTED",
  "continuous_motion_bound": "UNAVAILABLE",
  "calibrated_error_bound": "UNAVAILABLE"
}
