FFFFFFFFFFFF                                                             [100%]
=================================== FAILURES ===================================
_____ test_ordered_known_marker_rotation_distinguishes_cube_quarter_turns ______

    def test_ordered_known_marker_rotation_distinguishes_cube_quarter_turns():
>       estimates=[api().detect_pose_marker(observation(rotation=k),registration()) for k in (0,1,2,3)]
                   ^^^^^

tests/test_pose_marker_evidence.py:56: 
_ _ _ _ _ _ _ _ _ _ _ _ _ _ _ _ _ _ _ _ _ _ _ _ _ _ _ _ _ _ _ _ _ _ _ _ _ _ _ _ 
tests/test_pose_marker_evidence.py:26: in api
    return importlib.import_module('cloud_edge_robot_arm.vision.pose_markers')
           ^^^^^^^^^^^^^^^^^^^^^^^^^^^^^^^^^^^^^^^^^^^^^^^^^^^^^^^^^^^^^^^^^^^
/usr/lib/python3.12/importlib/__init__.py:90: in import_module
    return _bootstrap._gcd_import(name[level:], package, level)
           ^^^^^^^^^^^^^^^^^^^^^^^^^^^^^^^^^^^^^^^^^^^^^^^^^^^^
<frozen importlib._bootstrap>:1387: in _gcd_import
    ???
<frozen importlib._bootstrap>:1360: in _find_and_load
    ???
_ _ _ _ _ _ _ _ _ _ _ _ _ _ _ _ _ _ _ _ _ _ _ _ _ _ _ _ _ _ _ _ _ _ _ _ _ _ _ _ 

name = 'cloud_edge_robot_arm.vision.pose_markers'
import_ = <function _gcd_import at 0x797e135a40e0>

>   ???
E   ModuleNotFoundError: No module named 'cloud_edge_robot_arm.vision.pose_markers'

<frozen importlib._bootstrap>:1324: ModuleNotFoundError
_ test_missing_or_ambiguous_or_unregistered_measurement_stays_unknown[missing] _

bad = 'missing'

    @pytest.mark.parametrize('bad',['missing','foreign','duplicate','clipped','zero_depth','wrong_scale','no_calibration','bytes'])
    def test_missing_or_ambiguous_or_unregistered_measurement_stays_unknown(bad):
        options={'foreign':{'marker_id':8},'duplicate':{'duplicate':True},'clipped':{'clipped':True},
                 'zero_depth':{'depth':0.},'wrong_scale':{'depth':2.},'no_calibration':{'calibration':None}}
        current=observation(**options.get(bad,{}))
        if bad=='missing':
            image=io.BytesIO();Image.new('RGB',(160,160),'white').save(image,format='PNG')
            current=RGBDObservation.model_validate({**current.model_dump(),
                'rgb_png_base64':base64.b64encode(image.getvalue()).decode(),'checksum_sha256':''})
        if bad=='bytes':
            current=current.model_copy(update={'depth_float32_base64':'AAAA'})
>       result=api().detect_pose_marker(current,registration())
               ^^^^^

tests/test_pose_marker_evidence.py:79: 
_ _ _ _ _ _ _ _ _ _ _ _ _ _ _ _ _ _ _ _ _ _ _ _ _ _ _ _ _ _ _ _ _ _ _ _ _ _ _ _ 
tests/test_pose_marker_evidence.py:26: in api
    return importlib.import_module('cloud_edge_robot_arm.vision.pose_markers')
           ^^^^^^^^^^^^^^^^^^^^^^^^^^^^^^^^^^^^^^^^^^^^^^^^^^^^^^^^^^^^^^^^^^^
/usr/lib/python3.12/importlib/__init__.py:90: in import_module
    return _bootstrap._gcd_import(name[level:], package, level)
           ^^^^^^^^^^^^^^^^^^^^^^^^^^^^^^^^^^^^^^^^^^^^^^^^^^^^
<frozen importlib._bootstrap>:1387: in _gcd_import
    ???
<frozen importlib._bootstrap>:1360: in _find_and_load
    ???
_ _ _ _ _ _ _ _ _ _ _ _ _ _ _ _ _ _ _ _ _ _ _ _ _ _ _ _ _ _ _ _ _ _ _ _ _ _ _ _ 

name = 'cloud_edge_robot_arm.vision.pose_markers'
import_ = <function _gcd_import at 0x797e135a40e0>

>   ???
E   ModuleNotFoundError: No module named 'cloud_edge_robot_arm.vision.pose_markers'

<frozen importlib._bootstrap>:1324: ModuleNotFoundError
_ test_missing_or_ambiguous_or_unregistered_measurement_stays_unknown[foreign] _

bad = 'foreign'

    @pytest.mark.parametrize('bad',['missing','foreign','duplicate','clipped','zero_depth','wrong_scale','no_calibration','bytes'])
    def test_missing_or_ambiguous_or_unregistered_measurement_stays_unknown(bad):
        options={'foreign':{'marker_id':8},'duplicate':{'duplicate':True},'clipped':{'clipped':True},
                 'zero_depth':{'depth':0.},'wrong_scale':{'depth':2.},'no_calibration':{'calibration':None}}
        current=observation(**options.get(bad,{}))
        if bad=='missing':
            image=io.BytesIO();Image.new('RGB',(160,160),'white').save(image,format='PNG')
            current=RGBDObservation.model_validate({**current.model_dump(),
                'rgb_png_base64':base64.b64encode(image.getvalue()).decode(),'checksum_sha256':''})
        if bad=='bytes':
            current=current.model_copy(update={'depth_float32_base64':'AAAA'})
>       result=api().detect_pose_marker(current,registration())
               ^^^^^

tests/test_pose_marker_evidence.py:79: 
_ _ _ _ _ _ _ _ _ _ _ _ _ _ _ _ _ _ _ _ _ _ _ _ _ _ _ _ _ _ _ _ _ _ _ _ _ _ _ _ 
tests/test_pose_marker_evidence.py:26: in api
    return importlib.import_module('cloud_edge_robot_arm.vision.pose_markers')
           ^^^^^^^^^^^^^^^^^^^^^^^^^^^^^^^^^^^^^^^^^^^^^^^^^^^^^^^^^^^^^^^^^^^
/usr/lib/python3.12/importlib/__init__.py:90: in import_module
    return _bootstrap._gcd_import(name[level:], package, level)
           ^^^^^^^^^^^^^^^^^^^^^^^^^^^^^^^^^^^^^^^^^^^^^^^^^^^^
<frozen importlib._bootstrap>:1387: in _gcd_import
    ???
<frozen importlib._bootstrap>:1360: in _find_and_load
    ???
_ _ _ _ _ _ _ _ _ _ _ _ _ _ _ _ _ _ _ _ _ _ _ _ _ _ _ _ _ _ _ _ _ _ _ _ _ _ _ _ 

name = 'cloud_edge_robot_arm.vision.pose_markers'
import_ = <function _gcd_import at 0x797e135a40e0>

>   ???
E   ModuleNotFoundError: No module named 'cloud_edge_robot_arm.vision.pose_markers'

<frozen importlib._bootstrap>:1324: ModuleNotFoundError
_ test_missing_or_ambiguous_or_unregistered_measurement_stays_unknown[duplicate] _

bad = 'duplicate'

    @pytest.mark.parametrize('bad',['missing','foreign','duplicate','clipped','zero_depth','wrong_scale','no_calibration','bytes'])
    def test_missing_or_ambiguous_or_unregistered_measurement_stays_unknown(bad):
        options={'foreign':{'marker_id':8},'duplicate':{'duplicate':True},'clipped':{'clipped':True},
                 'zero_depth':{'depth':0.},'wrong_scale':{'depth':2.},'no_calibration':{'calibration':None}}
        current=observation(**options.get(bad,{}))
        if bad=='missing':
            image=io.BytesIO();Image.new('RGB',(160,160),'white').save(image,format='PNG')
            current=RGBDObservation.model_validate({**current.model_dump(),
                'rgb_png_base64':base64.b64encode(image.getvalue()).decode(),'checksum_sha256':''})
        if bad=='bytes':
            current=current.model_copy(update={'depth_float32_base64':'AAAA'})
>       result=api().detect_pose_marker(current,registration())
               ^^^^^

tests/test_pose_marker_evidence.py:79: 
_ _ _ _ _ _ _ _ _ _ _ _ _ _ _ _ _ _ _ _ _ _ _ _ _ _ _ _ _ _ _ _ _ _ _ _ _ _ _ _ 
tests/test_pose_marker_evidence.py:26: in api
    return importlib.import_module('cloud_edge_robot_arm.vision.pose_markers')
           ^^^^^^^^^^^^^^^^^^^^^^^^^^^^^^^^^^^^^^^^^^^^^^^^^^^^^^^^^^^^^^^^^^^
/usr/lib/python3.12/importlib/__init__.py:90: in import_module
    return _bootstrap._gcd_import(name[level:], package, level)
           ^^^^^^^^^^^^^^^^^^^^^^^^^^^^^^^^^^^^^^^^^^^^^^^^^^^^
<frozen importlib._bootstrap>:1387: in _gcd_import
    ???
<frozen importlib._bootstrap>:1360: in _find_and_load
    ???
_ _ _ _ _ _ _ _ _ _ _ _ _ _ _ _ _ _ _ _ _ _ _ _ _ _ _ _ _ _ _ _ _ _ _ _ _ _ _ _ 

name = 'cloud_edge_robot_arm.vision.pose_markers'
import_ = <function _gcd_import at 0x797e135a40e0>

>   ???
E   ModuleNotFoundError: No module named 'cloud_edge_robot_arm.vision.pose_markers'

<frozen importlib._bootstrap>:1324: ModuleNotFoundError
_ test_missing_or_ambiguous_or_unregistered_measurement_stays_unknown[clipped] _

bad = 'clipped'

    @pytest.mark.parametrize('bad',['missing','foreign','duplicate','clipped','zero_depth','wrong_scale','no_calibration','bytes'])
    def test_missing_or_ambiguous_or_unregistered_measurement_stays_unknown(bad):
        options={'foreign':{'marker_id':8},'duplicate':{'duplicate':True},'clipped':{'clipped':True},
                 'zero_depth':{'depth':0.},'wrong_scale':{'depth':2.},'no_calibration':{'calibration':None}}
        current=observation(**options.get(bad,{}))
        if bad=='missing':
            image=io.BytesIO();Image.new('RGB',(160,160),'white').save(image,format='PNG')
            current=RGBDObservation.model_validate({**current.model_dump(),
                'rgb_png_base64':base64.b64encode(image.getvalue()).decode(),'checksum_sha256':''})
        if bad=='bytes':
            current=current.model_copy(update={'depth_float32_base64':'AAAA'})
>       result=api().detect_pose_marker(current,registration())
               ^^^^^

tests/test_pose_marker_evidence.py:79: 
_ _ _ _ _ _ _ _ _ _ _ _ _ _ _ _ _ _ _ _ _ _ _ _ _ _ _ _ _ _ _ _ _ _ _ _ _ _ _ _ 
tests/test_pose_marker_evidence.py:26: in api
    return importlib.import_module('cloud_edge_robot_arm.vision.pose_markers')
           ^^^^^^^^^^^^^^^^^^^^^^^^^^^^^^^^^^^^^^^^^^^^^^^^^^^^^^^^^^^^^^^^^^^
/usr/lib/python3.12/importlib/__init__.py:90: in import_module
    return _bootstrap._gcd_import(name[level:], package, level)
           ^^^^^^^^^^^^^^^^^^^^^^^^^^^^^^^^^^^^^^^^^^^^^^^^^^^^
<frozen importlib._bootstrap>:1387: in _gcd_import
    ???
<frozen importlib._bootstrap>:1360: in _find_and_load
    ???
_ _ _ _ _ _ _ _ _ _ _ _ _ _ _ _ _ _ _ _ _ _ _ _ _ _ _ _ _ _ _ _ _ _ _ _ _ _ _ _ 

name = 'cloud_edge_robot_arm.vision.pose_markers'
import_ = <function _gcd_import at 0x797e135a40e0>

>   ???
E   ModuleNotFoundError: No module named 'cloud_edge_robot_arm.vision.pose_markers'

<frozen importlib._bootstrap>:1324: ModuleNotFoundError
_ test_missing_or_ambiguous_or_unregistered_measurement_stays_unknown[zero_depth] _

bad = 'zero_depth'

    @pytest.mark.parametrize('bad',['missing','foreign','duplicate','clipped','zero_depth','wrong_scale','no_calibration','bytes'])
    def test_missing_or_ambiguous_or_unregistered_measurement_stays_unknown(bad):
        options={'foreign':{'marker_id':8},'duplicate':{'duplicate':True},'clipped':{'clipped':True},
                 'zero_depth':{'depth':0.},'wrong_scale':{'depth':2.},'no_calibration':{'calibration':None}}
        current=observation(**options.get(bad,{}))
        if bad=='missing':
            image=io.BytesIO();Image.new('RGB',(160,160),'white').save(image,format='PNG')
            current=RGBDObservation.model_validate({**current.model_dump(),
                'rgb_png_base64':base64.b64encode(image.getvalue()).decode(),'checksum_sha256':''})
        if bad=='bytes':
            current=current.model_copy(update={'depth_float32_base64':'AAAA'})
>       result=api().detect_pose_marker(current,registration())
               ^^^^^

tests/test_pose_marker_evidence.py:79: 
_ _ _ _ _ _ _ _ _ _ _ _ _ _ _ _ _ _ _ _ _ _ _ _ _ _ _ _ _ _ _ _ _ _ _ _ _ _ _ _ 
tests/test_pose_marker_evidence.py:26: in api
    return importlib.import_module('cloud_edge_robot_arm.vision.pose_markers')
           ^^^^^^^^^^^^^^^^^^^^^^^^^^^^^^^^^^^^^^^^^^^^^^^^^^^^^^^^^^^^^^^^^^^
/usr/lib/python3.12/importlib/__init__.py:90: in import_module
    return _bootstrap._gcd_import(name[level:], package, level)
           ^^^^^^^^^^^^^^^^^^^^^^^^^^^^^^^^^^^^^^^^^^^^^^^^^^^^
<frozen importlib._bootstrap>:1387: in _gcd_import
    ???
<frozen importlib._bootstrap>:1360: in _find_and_load
    ???
_ _ _ _ _ _ _ _ _ _ _ _ _ _ _ _ _ _ _ _ _ _ _ _ _ _ _ _ _ _ _ _ _ _ _ _ _ _ _ _ 

name = 'cloud_edge_robot_arm.vision.pose_markers'
import_ = <function _gcd_import at 0x797e135a40e0>

>   ???
E   ModuleNotFoundError: No module named 'cloud_edge_robot_arm.vision.pose_markers'

<frozen importlib._bootstrap>:1324: ModuleNotFoundError
_ test_missing_or_ambiguous_or_unregistered_measurement_stays_unknown[wrong_scale] _

bad = 'wrong_scale'

    @pytest.mark.parametrize('bad',['missing','foreign','duplicate','clipped','zero_depth','wrong_scale','no_calibration','bytes'])
    def test_missing_or_ambiguous_or_unregistered_measurement_stays_unknown(bad):
        options={'foreign':{'marker_id':8},'duplicate':{'duplicate':True},'clipped':{'clipped':True},
                 'zero_depth':{'depth':0.},'wrong_scale':{'depth':2.},'no_calibration':{'calibration':None}}
        current=observation(**options.get(bad,{}))
        if bad=='missing':
            image=io.BytesIO();Image.new('RGB',(160,160),'white').save(image,format='PNG')
            current=RGBDObservation.model_validate({**current.model_dump(),
                'rgb_png_base64':base64.b64encode(image.getvalue()).decode(),'checksum_sha256':''})
        if bad=='bytes':
            current=current.model_copy(update={'depth_float32_base64':'AAAA'})
>       result=api().detect_pose_marker(current,registration())
               ^^^^^

tests/test_pose_marker_evidence.py:79: 
_ _ _ _ _ _ _ _ _ _ _ _ _ _ _ _ _ _ _ _ _ _ _ _ _ _ _ _ _ _ _ _ _ _ _ _ _ _ _ _ 
tests/test_pose_marker_evidence.py:26: in api
    return importlib.import_module('cloud_edge_robot_arm.vision.pose_markers')
           ^^^^^^^^^^^^^^^^^^^^^^^^^^^^^^^^^^^^^^^^^^^^^^^^^^^^^^^^^^^^^^^^^^^
/usr/lib/python3.12/importlib/__init__.py:90: in import_module
    return _bootstrap._gcd_import(name[level:], package, level)
           ^^^^^^^^^^^^^^^^^^^^^^^^^^^^^^^^^^^^^^^^^^^^^^^^^^^^
<frozen importlib._bootstrap>:1387: in _gcd_import
    ???
<frozen importlib._bootstrap>:1360: in _find_and_load
    ???
_ _ _ _ _ _ _ _ _ _ _ _ _ _ _ _ _ _ _ _ _ _ _ _ _ _ _ _ _ _ _ _ _ _ _ _ _ _ _ _ 

name = 'cloud_edge_robot_arm.vision.pose_markers'
import_ = <function _gcd_import at 0x797e135a40e0>

>   ???
E   ModuleNotFoundError: No module named 'cloud_edge_robot_arm.vision.pose_markers'

<frozen importlib._bootstrap>:1324: ModuleNotFoundError
_ test_missing_or_ambiguous_or_unregistered_measurement_stays_unknown[no_calibration] _

bad = 'no_calibration'

    @pytest.mark.parametrize('bad',['missing','foreign','duplicate','clipped','zero_depth','wrong_scale','no_calibration','bytes'])
    def test_missing_or_ambiguous_or_unregistered_measurement_stays_unknown(bad):
        options={'foreign':{'marker_id':8},'duplicate':{'duplicate':True},'clipped':{'clipped':True},
                 'zero_depth':{'depth':0.},'wrong_scale':{'depth':2.},'no_calibration':{'calibration':None}}
        current=observation(**options.get(bad,{}))
        if bad=='missing':
            image=io.BytesIO();Image.new('RGB',(160,160),'white').save(image,format='PNG')
            current=RGBDObservation.model_validate({**current.model_dump(),
                'rgb_png_base64':base64.b64encode(image.getvalue()).decode(),'checksum_sha256':''})
        if bad=='bytes':
            current=current.model_copy(update={'depth_float32_base64':'AAAA'})
>       result=api().detect_pose_marker(current,registration())
               ^^^^^

tests/test_pose_marker_evidence.py:79: 
_ _ _ _ _ _ _ _ _ _ _ _ _ _ _ _ _ _ _ _ _ _ _ _ _ _ _ _ _ _ _ _ _ _ _ _ _ _ _ _ 
tests/test_pose_marker_evidence.py:26: in api
    return importlib.import_module('cloud_edge_robot_arm.vision.pose_markers')
           ^^^^^^^^^^^^^^^^^^^^^^^^^^^^^^^^^^^^^^^^^^^^^^^^^^^^^^^^^^^^^^^^^^^
/usr/lib/python3.12/importlib/__init__.py:90: in import_module
    return _bootstrap._gcd_import(name[level:], package, level)
           ^^^^^^^^^^^^^^^^^^^^^^^^^^^^^^^^^^^^^^^^^^^^^^^^^^^^
<frozen importlib._bootstrap>:1387: in _gcd_import
    ???
<frozen importlib._bootstrap>:1360: in _find_and_load
    ???
_ _ _ _ _ _ _ _ _ _ _ _ _ _ _ _ _ _ _ _ _ _ _ _ _ _ _ _ _ _ _ _ _ _ _ _ _ _ _ _ 

name = 'cloud_edge_robot_arm.vision.pose_markers'
import_ = <function _gcd_import at 0x797e135a40e0>

>   ???
E   ModuleNotFoundError: No module named 'cloud_edge_robot_arm.vision.pose_markers'

<frozen importlib._bootstrap>:1324: ModuleNotFoundError
__ test_missing_or_ambiguous_or_unregistered_measurement_stays_unknown[bytes] __

bad = 'bytes'

    @pytest.mark.parametrize('bad',['missing','foreign','duplicate','clipped','zero_depth','wrong_scale','no_calibration','bytes'])
    def test_missing_or_ambiguous_or_unregistered_measurement_stays_unknown(bad):
        options={'foreign':{'marker_id':8},'duplicate':{'duplicate':True},'clipped':{'clipped':True},
                 'zero_depth':{'depth':0.},'wrong_scale':{'depth':2.},'no_calibration':{'calibration':None}}
        current=observation(**options.get(bad,{}))
        if bad=='missing':
            image=io.BytesIO();Image.new('RGB',(160,160),'white').save(image,format='PNG')
            current=RGBDObservation.model_validate({**current.model_dump(),
                'rgb_png_base64':base64.b64encode(image.getvalue()).decode(),'checksum_sha256':''})
        if bad=='bytes':
            current=current.model_copy(update={'depth_float32_base64':'AAAA'})
>       result=api().detect_pose_marker(current,registration())
               ^^^^^

tests/test_pose_marker_evidence.py:79: 
_ _ _ _ _ _ _ _ _ _ _ _ _ _ _ _ _ _ _ _ _ _ _ _ _ _ _ _ _ _ _ _ _ _ _ _ _ _ _ _ 
tests/test_pose_marker_evidence.py:26: in api
    return importlib.import_module('cloud_edge_robot_arm.vision.pose_markers')
           ^^^^^^^^^^^^^^^^^^^^^^^^^^^^^^^^^^^^^^^^^^^^^^^^^^^^^^^^^^^^^^^^^^^
/usr/lib/python3.12/importlib/__init__.py:90: in import_module
    return _bootstrap._gcd_import(name[level:], package, level)
           ^^^^^^^^^^^^^^^^^^^^^^^^^^^^^^^^^^^^^^^^^^^^^^^^^^^^
<frozen importlib._bootstrap>:1387: in _gcd_import
    ???
<frozen importlib._bootstrap>:1360: in _find_and_load
    ???
_ _ _ _ _ _ _ _ _ _ _ _ _ _ _ _ _ _ _ _ _ _ _ _ _ _ _ _ _ _ _ _ _ _ _ _ _ _ _ _ 

name = 'cloud_edge_robot_arm.vision.pose_markers'
import_ = <function _gcd_import at 0x797e135a40e0>

>   ???
E   ModuleNotFoundError: No module named 'cloud_edge_robot_arm.vision.pose_markers'

<frozen importlib._bootstrap>:1324: ModuleNotFoundError
___________ test_registered_geometry_cannot_use_empty_asset_binding ____________

    def test_registered_geometry_cannot_use_empty_asset_binding():
        with pytest.raises(ValueError):
>           api().PoseMarkerRegistration(marker_id=7,marker_size_m=.24,marked_asset_sha256='')
            ^^^^^

tests/test_pose_marker_evidence.py:87: 
_ _ _ _ _ _ _ _ _ _ _ _ _ _ _ _ _ _ _ _ _ _ _ _ _ _ _ _ _ _ _ _ _ _ _ _ _ _ _ _ 
tests/test_pose_marker_evidence.py:26: in api
    return importlib.import_module('cloud_edge_robot_arm.vision.pose_markers')
           ^^^^^^^^^^^^^^^^^^^^^^^^^^^^^^^^^^^^^^^^^^^^^^^^^^^^^^^^^^^^^^^^^^^
/usr/lib/python3.12/importlib/__init__.py:90: in import_module
    return _bootstrap._gcd_import(name[level:], package, level)
           ^^^^^^^^^^^^^^^^^^^^^^^^^^^^^^^^^^^^^^^^^^^^^^^^^^^^
<frozen importlib._bootstrap>:1387: in _gcd_import
    ???
<frozen importlib._bootstrap>:1360: in _find_and_load
    ???
_ _ _ _ _ _ _ _ _ _ _ _ _ _ _ _ _ _ _ _ _ _ _ _ _ _ _ _ _ _ _ _ _ _ _ _ _ _ _ _ 

name = 'cloud_edge_robot_arm.vision.pose_markers'
import_ = <function _gcd_import at 0x797e135a40e0>

>   ???
E   ModuleNotFoundError: No module named 'cloud_edge_robot_arm.vision.pose_markers'

<frozen importlib._bootstrap>:1324: ModuleNotFoundError
_ test_builder_binds_exact_base_and_is_portable_xml_with_only_visual_additions _

    def test_builder_binds_exact_base_and_is_portable_xml_with_only_visual_additions():
        import xml.etree.ElementTree as ET
        base=BASE.read_bytes()
>       marked=api().build_pose_marked_xml(base)
               ^^^^^

tests/test_pose_marker_evidence.py:93: 
_ _ _ _ _ _ _ _ _ _ _ _ _ _ _ _ _ _ _ _ _ _ _ _ _ _ _ _ _ _ _ _ _ _ _ _ _ _ _ _ 
tests/test_pose_marker_evidence.py:26: in api
    return importlib.import_module('cloud_edge_robot_arm.vision.pose_markers')
           ^^^^^^^^^^^^^^^^^^^^^^^^^^^^^^^^^^^^^^^^^^^^^^^^^^^^^^^^^^^^^^^^^^^
/usr/lib/python3.12/importlib/__init__.py:90: in import_module
    return _bootstrap._gcd_import(name[level:], package, level)
           ^^^^^^^^^^^^^^^^^^^^^^^^^^^^^^^^^^^^^^^^^^^^^^^^^^^^
<frozen importlib._bootstrap>:1387: in _gcd_import
    ???
<frozen importlib._bootstrap>:1360: in _find_and_load
    ???
_ _ _ _ _ _ _ _ _ _ _ _ _ _ _ _ _ _ _ _ _ _ _ _ _ _ _ _ _ _ _ _ _ _ _ _ _ _ _ _ 

name = 'cloud_edge_robot_arm.vision.pose_markers'
import_ = <function _gcd_import at 0x797e135a40e0>

>   ???
E   ModuleNotFoundError: No module named 'cloud_edge_robot_arm.vision.pose_markers'

<frozen importlib._bootstrap>:1324: ModuleNotFoundError
_ test_compiled_marker_preserves_mass_inertia_joint_controller_camera_and_existing_contacts _

    def test_compiled_marker_preserves_mass_inertia_joint_controller_camera_and_existing_contacts():
        import mujoco
        base=mujoco.MjModel.from_xml_path(str(BASE))
>       marked=mujoco.MjModel.from_xml_string(api().build_pose_marked_xml(BASE.read_bytes()).decode())
                                              ^^^^^

tests/test_pose_marker_evidence.py:112: 
_ _ _ _ _ _ _ _ _ _ _ _ _ _ _ _ _ _ _ _ _ _ _ _ _ _ _ _ _ _ _ _ _ _ _ _ _ _ _ _ 
tests/test_pose_marker_evidence.py:26: in api
    return importlib.import_module('cloud_edge_robot_arm.vision.pose_markers')
           ^^^^^^^^^^^^^^^^^^^^^^^^^^^^^^^^^^^^^^^^^^^^^^^^^^^^^^^^^^^^^^^^^^^
/usr/lib/python3.12/importlib/__init__.py:90: in import_module
    return _bootstrap._gcd_import(name[level:], package, level)
           ^^^^^^^^^^^^^^^^^^^^^^^^^^^^^^^^^^^^^^^^^^^^^^^^^^^^
<frozen importlib._bootstrap>:1387: in _gcd_import
    ???
<frozen importlib._bootstrap>:1360: in _find_and_load
    ???
_ _ _ _ _ _ _ _ _ _ _ _ _ _ _ _ _ _ _ _ _ _ _ _ _ _ _ _ _ _ _ _ _ _ _ _ _ _ _ _ 

name = 'cloud_edge_robot_arm.vision.pose_markers'
import_ = <function _gcd_import at 0x797e135a40e0>

>   ???
E   ModuleNotFoundError: No module named 'cloud_edge_robot_arm.vision.pose_markers'

<frozen importlib._bootstrap>:1324: ModuleNotFoundError
=========================== short test summary info ============================
FAILED tests/test_pose_marker_evidence.py::test_ordered_known_marker_rotation_distinguishes_cube_quarter_turns
FAILED tests/test_pose_marker_evidence.py::test_missing_or_ambiguous_or_unregistered_measurement_stays_unknown[missing]
FAILED tests/test_pose_marker_evidence.py::test_missing_or_ambiguous_or_unregistered_measurement_stays_unknown[foreign]
FAILED tests/test_pose_marker_evidence.py::test_missing_or_ambiguous_or_unregistered_measurement_stays_unknown[duplicate]
FAILED tests/test_pose_marker_evidence.py::test_missing_or_ambiguous_or_unregistered_measurement_stays_unknown[clipped]
FAILED tests/test_pose_marker_evidence.py::test_missing_or_ambiguous_or_unregistered_measurement_stays_unknown[zero_depth]
FAILED tests/test_pose_marker_evidence.py::test_missing_or_ambiguous_or_unregistered_measurement_stays_unknown[wrong_scale]
FAILED tests/test_pose_marker_evidence.py::test_missing_or_ambiguous_or_unregistered_measurement_stays_unknown[no_calibration]
FAILED tests/test_pose_marker_evidence.py::test_missing_or_ambiguous_or_unregistered_measurement_stays_unknown[bytes]
FAILED tests/test_pose_marker_evidence.py::test_registered_geometry_cannot_use_empty_asset_binding
FAILED tests/test_pose_marker_evidence.py::test_builder_binds_exact_base_and_is_portable_xml_with_only_visual_additions
FAILED tests/test_pose_marker_evidence.py::test_compiled_marker_preserves_mass_inertia_joint_controller_camera_and_existing_contacts
12 failed in 0.39s
