..................F                                                      [100%]
=================================== FAILURES ===================================
________ test_non_string_asset_identity_rejects_as_invalid_registration ________

    def test_non_string_asset_identity_rejects_as_invalid_registration():
        with pytest.raises(ValueError):
>           api().PoseMarkerRegistration(marker_id=7,marker_size_m=.24,marked_asset_sha256=None)

tests/test_pose_marker_evidence.py:311: 
_ _ _ _ _ _ _ _ _ _ _ _ _ _ _ _ _ _ _ _ _ _ _ _ _ _ _ _ _ _ _ _ _ _ _ _ _ _ _ _ 
<string>:7: in __init__
    ???
src/cloud_edge_robot_arm/vision/pose_markers.py:42: in __post_init__
    or not re.fullmatch(r"[0-9a-f]{64}", self.marked_asset_sha256)
           ^^^^^^^^^^^^^^^^^^^^^^^^^^^^^^^^^^^^^^^^^^^^^^^^^^^^^^^
_ _ _ _ _ _ _ _ _ _ _ _ _ _ _ _ _ _ _ _ _ _ _ _ _ _ _ _ _ _ _ _ _ _ _ _ _ _ _ _ 

pattern = '[0-9a-f]{64}', string = None, flags = 0

    def fullmatch(pattern, string, flags=0):
        """Try to apply the pattern to all of the string, returning
        a Match object, or None if no match was found."""
>       return _compile(pattern, flags).fullmatch(string)
               ^^^^^^^^^^^^^^^^^^^^^^^^^^^^^^^^^^^^^^^^^^
E       TypeError: expected string or bytes-like object, got 'NoneType'

/usr/lib/python3.12/re/__init__.py:172: TypeError
=========================== short test summary info ============================
FAILED tests/test_pose_marker_evidence.py::test_non_string_asset_identity_rejects_as_invalid_registration
1 failed, 18 passed in 0.66s
