tests/test_pose_marker_evidence.py::test_ordered_known_marker_rotation_distinguishes_cube_quarter_turns
tests/test_pose_marker_evidence.py::test_missing_or_ambiguous_or_unregistered_measurement_stays_unknown[missing]
tests/test_pose_marker_evidence.py::test_missing_or_ambiguous_or_unregistered_measurement_stays_unknown[foreign]
tests/test_pose_marker_evidence.py::test_missing_or_ambiguous_or_unregistered_measurement_stays_unknown[duplicate]
tests/test_pose_marker_evidence.py::test_missing_or_ambiguous_or_unregistered_measurement_stays_unknown[clipped]
tests/test_pose_marker_evidence.py::test_missing_or_ambiguous_or_unregistered_measurement_stays_unknown[zero_depth]
tests/test_pose_marker_evidence.py::test_missing_or_ambiguous_or_unregistered_measurement_stays_unknown[wrong_scale]
tests/test_pose_marker_evidence.py::test_missing_or_ambiguous_or_unregistered_measurement_stays_unknown[no_calibration]
tests/test_pose_marker_evidence.py::test_missing_or_ambiguous_or_unregistered_measurement_stays_unknown[bytes]
tests/test_pose_marker_evidence.py::test_registered_geometry_cannot_use_empty_asset_binding
tests/test_pose_marker_evidence.py::test_builder_binds_exact_base_and_is_portable_xml_with_only_visual_additions
tests/test_pose_marker_evidence.py::test_compiled_marker_preserves_mass_inertia_joint_controller_camera_and_existing_contacts
tests/test_pose_marker_evidence.py::test_positive_depth_with_zero_mask_is_already_rejected_by_registered_pair_validator
tests/test_pose_marker_evidence.py::test_invalid_camera_calibration_or_frame_hash_rejects_before_pose_estimate[intrinsics]
tests/test_pose_marker_evidence.py::test_invalid_camera_calibration_or_frame_hash_rejects_before_pose_estimate[rotation]
tests/test_pose_marker_evidence.py::test_invalid_camera_calibration_or_frame_hash_rejects_before_pose_estimate[checksum]
tests/test_pose_marker_evidence.py::test_nonplanar_center_depth_cannot_produce_ordered_metric_pose
tests/test_pose_marker_evidence.py::test_saved_native_resolution_profiles_measure_detectability_without_truth_input
tests/test_pose_marker_evidence.py::test_non_string_asset_identity_rejects_as_invalid_registration
tests/test_rgbd_top_grasp.py::test_top_grasp_estimates_center_and_tcp_from_measured_top_and_support
tests/test_rgbd_top_grasp.py::test_calibrated_height_family_keeps_actual_scene_fingertips_above_support[0.05]
tests/test_rgbd_top_grasp.py::test_calibrated_height_family_keeps_actual_scene_fingertips_above_support[0.08]
tests/test_rgbd_top_grasp.py::test_calibrated_height_family_keeps_actual_scene_fingertips_above_support[0.1]
tests/test_rgbd_top_grasp.py::test_unsupported_height_is_rejected_without_clamping[0.0]
tests/test_rgbd_top_grasp.py::test_unsupported_height_is_rejected_without_clamping[0.049]
tests/test_rgbd_top_grasp.py::test_unsupported_height_is_rejected_without_clamping[0.101]
tests/test_rgbd_top_grasp.py::test_unsupported_height_is_rejected_without_clamping[0.2]
tests/test_rgbd_top_grasp.py::test_unsupported_height_is_rejected_without_clamping[-0.01]
tests/test_rgbd_top_grasp.py::test_float32_depth_representation_preserves_calibration_boundaries[0.05-True]
tests/test_rgbd_top_grasp.py::test_float32_depth_representation_preserves_calibration_boundaries[0.1-True]
tests/test_rgbd_top_grasp.py::test_float32_depth_representation_preserves_calibration_boundaries[0.049999-False]
tests/test_rgbd_top_grasp.py::test_float32_depth_representation_preserves_calibration_boundaries[0.100001-False]
tests/test_rgbd_top_grasp.py::test_support_must_be_a_finite_metric_measurement[nan]
tests/test_rgbd_top_grasp.py::test_support_must_be_a_finite_metric_measurement[inf]
tests/test_rgbd_top_grasp.py::test_support_must_be_a_finite_metric_measurement[-inf]
tests/test_rgbd_top_grasp.py::test_support_must_be_a_finite_metric_measurement[True]
tests/test_rgbd_top_grasp.py::test_support_must_be_a_finite_metric_measurement[0.2]
tests/test_rgbd_top_grasp.py::test_grasp_requires_a_complete_interior_three_by_three_patch[pixel0]
tests/test_rgbd_top_grasp.py::test_grasp_requires_a_complete_interior_three_by_three_patch[pixel1]
tests/test_rgbd_top_grasp.py::test_grasp_requires_a_complete_interior_three_by_three_patch[pixel2]
tests/test_rgbd_top_grasp.py::test_grasp_requires_a_complete_interior_three_by_three_patch[pixel3]
tests/test_rgbd_top_grasp.py::test_grasp_requires_a_complete_interior_three_by_three_patch[pixel4]
tests/test_rgbd_top_grasp.py::test_grasp_requires_a_complete_interior_three_by_three_patch[pixel5]
tests/test_rgbd_top_grasp.py::test_grasp_requires_a_complete_interior_three_by_three_patch[pixel6]
tests/test_rgbd_top_grasp.py::test_invalid_depth_anywhere_in_top_patch_rejects_grasp[missing0]
tests/test_rgbd_top_grasp.py::test_invalid_depth_anywhere_in_top_patch_rejects_grasp[missing1]
tests/test_rgbd_top_grasp.py::test_invalid_depth_anywhere_in_top_patch_rejects_grasp[missing2]
tests/test_rgbd_top_grasp.py::test_top_patch_world_height_variation_is_bounded[0.994-True]
tests/test_rgbd_top_grasp.py::test_top_patch_world_height_variation_is_bounded[0.991-False]
tests/test_rgbd_top_grasp.py::test_constant_camera_depth_does_not_prove_a_world_horizontal_top
tests/test_rgbd_observations.py::test_sensor_frame_requires_acquisition_timestamp
tests/test_rgbd_observations.py::test_historical_sensor_frame_preserves_acquisition_timestamp
tests/test_rgbd_observations.py::test_sensor_frame_rejects_wrong_rgb_payload_length[11]
tests/test_rgbd_observations.py::test_sensor_frame_rejects_wrong_rgb_payload_length[13]
tests/test_rgbd_observations.py::test_sensor_frame_validates_bounds_and_payloads_before_encoding[changes0]
tests/test_rgbd_observations.py::test_sensor_frame_validates_bounds_and_payloads_before_encoding[changes1]
tests/test_rgbd_observations.py::test_sensor_frame_validates_bounds_and_payloads_before_encoding[changes2]
tests/test_rgbd_observations.py::test_sensor_frame_validates_bounds_and_payloads_before_encoding[changes3]
tests/test_rgbd_observations.py::test_sensor_frame_validates_bounds_and_payloads_before_encoding[changes4]
tests/test_rgbd_observations.py::test_sensor_frame_validates_bounds_and_payloads_before_encoding[changes5]
tests/test_rgbd_observations.py::test_sensor_frame_validates_bounds_and_payloads_before_encoding[changes6]
tests/test_rgbd_observations.py::test_sensor_frame_validates_bounds_and_payloads_before_encoding[changes7]
tests/test_rgbd_observations.py::test_sensor_frame_validates_bounds_and_payloads_before_encoding[changes8]
tests/test_rgbd_observations.py::test_sensor_frame_validates_bounds_and_payloads_before_encoding[changes9]
tests/test_rgbd_observations.py::test_mujoco_camera_produces_registered_rgb_and_metric_depth
tests/test_rgbd_observations.py::test_metric_depth_backprojects_with_calibration
tests/test_rgbd_observations.py::test_invalid_rgbd_is_rejected[depth_float32_base64-AAAA]
tests/test_rgbd_observations.py::test_invalid_rgbd_is_rejected[rgb_png_base64-not-base64]
tests/test_rgbd_observations.py::test_invalid_rgbd_is_rejected[width-1281]
tests/test_rgbd_observations.py::test_invalid_rgbd_is_rejected[intrinsics-value3]
tests/test_rgbd_observations.py::test_invalid_rgbd_is_rejected[camera_to_world-value4]
tests/test_rgbd_observations.py::test_depth_visualization_has_same_resolution_as_rgb
tests/test_rgbd_observations.py::test_default_camera_has_visible_target_surface
tests/test_rgbd_observations.py::test_legacy_observation_stays_unbound_and_crop_preserves_identity
tests/test_rgbd_observations.py::test_invalid_depth_and_calibration_rejected

75 tests collected in 0.29s
