E501 Line too long (106 > 100)
  --> artifacts/research/process/20261004-ced-development/astra-repair-execution/R01/marker-v4-preparation/prepare.py:34:101
   |
32 |     entries = [g for g in body.findall("geom") if g.get("name", "").startswith(prefix)]
33 |     result = {g.attrib["name"][len(prefix):]: g for g in entries}
34 |     if len(entries) != 37 or set(result) != {"quiet", *(f"r{r}c{c}" for r in range(6) for c in range(6))}:
   |                                                                                                     ^^^^^^
35 |         raise ValueError("candidate complete 37-geom pattern required")
36 |     return result
   |

E501 Line too long (112 > 100)
  --> artifacts/research/process/20261004-ced-development/astra-repair-execution/R01/marker-v4-preparation/prepare.py:97:101
   |
95 |         for field, count in (("qpos", 37), ("qvel", 33), ("act", 0), ("ctrl", 9)):
96 |             values = c[field]
97 |             if len(values) != count or any(type(x) not in {float, int} or not math.isfinite(x) for x in values):
   |                                                                                                     ^^^^^^^^^^^^
98 |                 raise ValueError("original full state shape/value mismatch")
99 |     return {"status": "UNAVAILABLE_MISSING_ORIGINAL_FULL_QPOS" if missing else "SOURCE_POSES_PRESENT_NOT_EXECUTED",
   |

E501 Line too long (115 > 100)
   --> artifacts/research/process/20261004-ced-development/astra-repair-execution/R01/marker-v4-preparation/prepare.py:99:101
    |
 97 |             if len(values) != count or any(type(x) not in {float, int} or not math.isfinite(x) for x in values):
 98 |                 raise ValueError("original full state shape/value mismatch")
 99 |     return {"status": "UNAVAILABLE_MISSING_ORIGINAL_FULL_QPOS" if missing else "SOURCE_POSES_PRESENT_NOT_EXECUTED",
    |                                                                                                     ^^^^^^^^^^^^^^^
100 |             "missing_pose_steps": missing, "present_pose_steps": [n for n in selected if n not in missing],
101 |             "actual_model_constructions": 0, "actual_render_calls": 0,
    |

E501 Line too long (107 > 100)
   --> artifacts/research/process/20261004-ced-development/astra-repair-execution/R01/marker-v4-preparation/prepare.py:100:101
    |
 98 |                 raise ValueError("original full state shape/value mismatch")
 99 |     return {"status": "UNAVAILABLE_MISSING_ORIGINAL_FULL_QPOS" if missing else "SOURCE_POSES_PRESENT_NOT_EXECUTED",
100 |             "missing_pose_steps": missing, "present_pose_steps": [n for n in selected if n not in missing],
    |                                                                                                     ^^^^^^^
101 |             "actual_model_constructions": 0, "actual_render_calls": 0,
102 |             "render_pass_budget_available": 0 if missing else len(selected) * 4}
    |

E501 Line too long (107 > 100)
   --> artifacts/research/process/20261004-ced-development/astra-repair-execution/R01/marker-v4-preparation/prepare.py:130:101
    |
128 |                 if s["physics_step"] in states:
129 |                     raise ValueError("ambiguous full capture state")
130 |                 states[s["physics_step"]] = {k: s[k] for k in ("episode_id", "physics_step", "sim_time_s")}
    |                                                                                                     ^^^^^^^
131 |                 states[s["physics_step"]]["camera_state"] = s["parameters"]["camera_state"]
132 |             if s.get("kind") == "PHYSICS" and s.get("phase") == "END":
    |

E501 Line too long (138 > 100)
   --> artifacts/research/process/20261004-ced-development/astra-repair-execution/R01/marker-v4-preparation/prepare.py:151:101
    |
149 | …_s"]):
150 | …ity mismatch")
151 | …64"), ("depth.f32", "depth_float32_base64"), ("valid_mask.u8", "valid_mask_base64")):
    |                                                 ^^^^^^^^^^^^^^^^^^^^^^^^^^^^^^^^^^^^^^
152 | …e=True)
153 | …"][member] or len(data) != row["raw_member_bytes"][member]:
    |

E501 Line too long (112 > 100)
   --> artifacts/research/process/20261004-ced-development/astra-repair-execution/R01/marker-v4-preparation/prepare.py:153:101
    |
151 | …     for member, key in (("rgb.png", "rgb_png_base64"), ("depth.f32", "depth_float32_base64"), ("valid_mask.u8", "valid_mask_base64"…
152 | …         data = base64.b64decode(raw[key], validate=True)
153 | …         if digest(data) != row["raw_member_sha256"][member] or len(data) != row["raw_member_bytes"][member]:
    |                                                                                                   ^^^^^^^^^^^^
154 | …             raise ValueError("selected original member mismatch")
155 | …     frames.append({**pin(path), "physics_step": step, "episode_id": episode,
    |

E501 Line too long (112 > 100)
   --> artifacts/research/process/20261004-ced-development/astra-repair-execution/R01/marker-v4-preparation/prepare.py:162:101
    |
160 |     refs = [marker_path, offline / "offline-verification.json", actual / "teacher-evidence.json",
161 |             journal_path, actual / "summary.json", actual / "execution-header.json",
162 |             actual.parent / "execution-source-hashes.json", actual.parent / "execution-archive-index.json", OLD]
    |                                                                                                     ^^^^^^^^^^^^
163 |     manifest = {"protocol": "research.marker-v4-sparse-selection.v1", "scope": "EXCLUDED_SAME_DEVELOPMENT_COMPONENT",
164 |                 "independent_calibration_group": False, "original_episode_id": episode,
    |

E501 Line too long (117 > 100)
   --> artifacts/research/process/20261004-ced-development/astra-repair-execution/R01/marker-v4-preparation/prepare.py:163:101
    |
161 |             journal_path, actual / "summary.json", actual / "execution-header.json",
162 |             actual.parent / "execution-source-hashes.json", actual.parent / "execution-archive-index.json", OLD]
163 |     manifest = {"protocol": "research.marker-v4-sparse-selection.v1", "scope": "EXCLUDED_SAME_DEVELOPMENT_COMPONENT",
    |                                                                                                     ^^^^^^^^^^^^^^^^^
164 |                 "independent_calibration_group": False, "original_episode_id": episode,
165 |                 "original_total_frames": 4807, **selected, "selected_count": len(frames),
    |

E501 Line too long (121 > 100)
   --> artifacts/research/process/20261004-ced-development/astra-repair-execution/R01/marker-v4-preparation/prepare.py:166:101
    |
164 |                 "independent_calibration_group": False, "original_episode_id": episode,
165 |                 "original_total_frames": 4807, **selected, "selected_count": len(frames),
166 |                 "selection_rule": "ALL_189_UNKNOWN_PLUS_ALL_11_ORIGINAL_FULL_QPOS_BOUNDARIES_PLUS_PRE_FIRST_UNKNOWN_628",
    |                                                                                                     ^^^^^^^^^^^^^^^^^^^^^
167 |                 "input_pins": [pin(p) for p in refs], "original_frames": frames,
168 |                 "original_fixed_pose_preview": preview_readiness(selected["selected_steps"], states, episode),
    |

E501 Line too long (110 > 100)
   --> artifacts/research/process/20261004-ced-development/astra-repair-execution/R01/marker-v4-preparation/prepare.py:168:101
    |
166 |                 "selection_rule": "ALL_189_UNKNOWN_PLUS_ALL_11_ORIGINAL_FULL_QPOS_BOUNDARIES_PLUS_PRE_FIRST_UNKNOWN_628",
167 |                 "input_pins": [pin(p) for p in refs], "original_frames": frames,
168 |                 "original_fixed_pose_preview": preview_readiness(selected["selected_steps"], states, episode),
    |                                                                                                     ^^^^^^^^^^
169 |                 "candidate_tag_size_m": .075, "candidate_local_center_m": [.16, 0, .03505],
170 |                 "native_admission": "NOT_PROMOTED", "continuous_visibility": "NOT_ESTABLISHED"}
    |

E501 Line too long (101 > 100)
   --> artifacts/research/process/20261004-ced-development/astra-repair-execution/R01/marker-v4-preparation/prepare.py:180:101
    |
178 |         f.write(build_v4(OLD.read_bytes()))
179 |     result = prepare_original_selection()
180 |     print(json.dumps({"status": "PREPARED_SOFTWARE_ONLY", "selected_count": result["selected_count"],
    |                                                                                                     ^
181 |                       "original_fixed_pose_preview": result["original_fixed_pose_preview"]["status"],
182 |                       "actual_calls": 0}))
    |

E501 Line too long (101 > 100)
   --> artifacts/research/process/20261004-ced-development/astra-repair-execution/R01/marker-v4-preparation/prepare.py:181:101
    |
179 |     result = prepare_original_selection()
180 |     print(json.dumps({"status": "PREPARED_SOFTWARE_ONLY", "selected_count": result["selected_count"],
181 |                       "original_fixed_pose_preview": result["original_fixed_pose_preview"]["status"],
    |                                                                                                     ^
182 |                       "actual_calls": 0}))
    |

E501 Line too long (103 > 100)
   --> artifacts/research/process/20261004-ced-development/astra-repair-execution/R01/marker-v4-preparation/run_sparse_once.py:144:101
    |
142 | …     "saved_steps": self.saved, "failed_steps": self.failures,
143 | …     "missing_selected_steps": missing, "final_step": final_step,
144 | …     "final_sim_time_s": final_sim_time_s, "publication_errors": self.publication_errors,
    |                                                                                        ^^^
145 | …     "original_stability_gap_requirement_s": self.requirement,
146 | …     "sparse_max_gap_s": max((b - a for a, b in zip(self.saved_times[:-1], self.saved_times[1:], strict=True)), default=None),
    |

E501 Line too long (140 > 100)
   --> artifacts/research/process/20261004-ced-development/astra-repair-execution/R01/marker-v4-preparation/run_sparse_once.py:146:101
    |
144 | …s, "publication_errors": self.publication_errors,
145 | …_s": self.requirement,
146 | …a, b in zip(self.saved_times[:-1], self.saved_times[1:], strict=True)), default=None),
    |                                                ^^^^^^^^^^^^^^^^^^^^^^^^^^^^^^^^^^^^^^^^
147 | …LISHED", "native_admission": "NOT_PROMOTED"}
148 | …
    |

E501 Line too long (102 > 100)
   --> artifacts/research/process/20261004-ced-development/astra-repair-execution/R01/marker-v4-preparation/run_sparse_once.py:180:101
    |
178 |     guard_name = "src/cloud_edge_robot_arm/research/mujoco_state_guard.py"
179 |     if (sources.get(guard_name) != header["guard_core_sha256"]
180 |             or P.digest(Path(base.state_guard.__file__).read_bytes()) != header["guard_core_sha256"]):
    |                                                                                                     ^^
181 |         raise RuntimeError("loaded guard/source differs")
182 |     for member in header["environment"]["files"].values():
    |

E501 Line too long (101 > 100)
   --> artifacts/research/process/20261004-ced-development/astra-repair-execution/R01/marker-v4-preparation/run_sparse_once.py:185:101
    |
183 |         if P.digest(Path(member["path"]).read_bytes()) != member["sha256"]:
184 |             raise RuntimeError("frozen environment changed")
185 |     if header["protocol"] != PROTOCOL or header["capture_policy"] != "PREDECLARED_SPARSE_STEPS_ONLY":
    |                                                                                                     ^
186 |         raise RuntimeError("sparse protocol differs")
187 |     selection_path = HERE / "selection-manifest.json"
    |

E501 Line too long (103 > 100)
   --> artifacts/research/process/20261004-ced-development/astra-repair-execution/R01/marker-v4-preparation/run_sparse_once.py:191:101
    |
189 |         raise RuntimeError("original selection manifest changed")
190 |     selection = json.loads(selection_path.read_text())
191 |     if selection["selected_steps"] != header["selected_steps"] or len(header["selected_steps"]) != 201:
    |                                                                                                     ^^^
192 |         raise RuntimeError("fixed selected denominator changed")
193 |     original_pins(selection)
    |

E501 Line too long (105 > 100)
   --> artifacts/research/process/20261004-ced-development/astra-repair-execution/R01/marker-v4-preparation/run_sparse_once.py:211:101
    |
209 |                     "sim_time_s": backend.get_sim_time(),
210 |                     "camera_state": backend._operation_camera_state()}
211 |             P.preview_readiness([pose["physics_step"]], {pose["physics_step"]: pose}, pose["episode_id"])
    |                                                                                                     ^^^^^
212 |             try:
213 |                 return super().__call__()
    |

E501 Line too long (103 > 100)
   --> artifacts/research/process/20261004-ced-development/astra-repair-execution/R01/marker-v4-preparation/run_sparse_once.py:217:101
    |
215 |                 if self.last_capture is not None:
216 |                     self.last_capture["full_capture_state"] = base.plain(pose)
217 |                     self.last_capture["truth_scope"] = "OFFLINE_CAPTURE_STATE_ONLY_NEVER_DECODER_INPUT"
    |                                                                                                     ^^^
218 |     class SparseCoordinator(original_coordinator):
219 |         def record(self, snapshot):
    |

E501 Line too long (104 > 100)
   --> artifacts/research/process/20261004-ced-development/astra-repair-execution/R01/marker-v4-preparation/run_sparse_once.py:221:101
    |
219 |         def record(self, snapshot):
220 |             self.series.observe_step(episode_id=snapshot.episode_id,
221 |                                      physics_step=snapshot.physics_step, sim_time_s=snapshot.sim_time_s)
    |                                                                                                     ^^^^
222 |             if snapshot.physics_step in selected:
223 |                 return super().record(snapshot)
    |

E501 Line too long (108 > 100)
   --> artifacts/research/process/20261004-ced-development/astra-repair-execution/R01/marker-v4-preparation/run_sparse_once.py:245:101
    |
243 |     excluded = str((BASE.parent / "verify_offline.py").relative_to(ROOT))
244 |     del sources[excluded]
245 |     index = {name: {**old_index[name], "archive": str((DEV / old_index[name]["archive"]).relative_to(ROOT))}
    |                                                                                                     ^^^^^^^^
246 |              for name in sources}
247 |     own = [HERE / name for name in ("prepare.py", "run_sparse_once.py", "scene_pose_marker_outboard_v4.xml")]
    |

E501 Line too long (109 > 100)
   --> artifacts/research/process/20261004-ced-development/astra-repair-execution/R01/marker-v4-preparation/run_sparse_once.py:247:101
    |
245 |     index = {name: {**old_index[name], "archive": str((DEV / old_index[name]["archive"]).relative_to(ROOT))}
246 |              for name in sources}
247 |     own = [HERE / name for name in ("prepare.py", "run_sparse_once.py", "scene_pose_marker_outboard_v4.xml")]
    |                                                                                                     ^^^^^^^^^
248 |     archive = directory / "source-final"
249 |     archive.mkdir()
    |

E501 Line too long (110 > 100)
   --> artifacts/research/process/20261004-ced-development/astra-repair-execution/R01/marker-v4-preparation/run_sparse_once.py:255:101
    |
253 |         target.write_bytes(data)
254 |         sources[name] = P.digest(data)
255 |         index[name] = {"archive": str(target.relative_to(ROOT)), "sha256": P.digest(data), "bytes": len(data)}
    |                                                                                                     ^^^^^^^^^^
256 |     P.write_new(directory / "execution-source-hashes.json", sources)
257 |     P.write_new(directory / "execution-archive-index.json", index)
    |

E501 Line too long (109 > 100)
   --> artifacts/research/process/20261004-ced-development/astra-repair-execution/R01/marker-v4-preparation/run_sparse_once.py:263:101
    |
261 |                   scene=scene.model_dump(mode="json"), config=config.model_dump(mode="json"),
262 |                   scene_hash=scene.scene_hash, asset_sha256=scene.asset_family_hash,
263 |                   source_manifest_sha256=P.digest((directory / "execution-source-hashes.json").read_bytes()),
    |                                                                                                     ^^^^^^^^^
264 |                   source_archive_index_sha256=P.digest((directory / "execution-archive-index.json").read_bytes()),
265 |                   source_count=len(sources), source_bytes=sum((ROOT / n).stat().st_size for n in sources),
    |

E501 Line too long (114 > 100)
   --> artifacts/research/process/20261004-ced-development/astra-repair-execution/R01/marker-v4-preparation/run_sparse_once.py:264:101
    |
262 |                   scene_hash=scene.scene_hash, asset_sha256=scene.asset_family_hash,
263 |                   source_manifest_sha256=P.digest((directory / "execution-source-hashes.json").read_bytes()),
264 |                   source_archive_index_sha256=P.digest((directory / "execution-archive-index.json").read_bytes()),
    |                                                                                                     ^^^^^^^^^^^^^^
265 |                   source_count=len(sources), source_bytes=sum((ROOT / n).stat().st_size for n in sources),
266 |                   archive_root=str(ROOT), capture_policy="PREDECLARED_SPARSE_STEPS_ONLY",
    |

E501 Line too long (106 > 100)
   --> artifacts/research/process/20261004-ced-development/astra-repair-execution/R01/marker-v4-preparation/run_sparse_once.py:265:101
    |
263 |                   source_manifest_sha256=P.digest((directory / "execution-source-hashes.json").read_bytes()),
264 |                   source_archive_index_sha256=P.digest((directory / "execution-archive-index.json").read_bytes()),
265 |                   source_count=len(sources), source_bytes=sum((ROOT / n).stat().st_size for n in sources),
    |                                                                                                     ^^^^^^
266 |                   archive_root=str(ROOT), capture_policy="PREDECLARED_SPARSE_STEPS_ONLY",
267 |                   selection_manifest_sha256=P.digest((HERE / "selection-manifest.json").read_bytes()),
    |

E501 Line too long (102 > 100)
   --> artifacts/research/process/20261004-ced-development/astra-repair-execution/R01/marker-v4-preparation/run_sparse_once.py:267:101
    |
265 |                   source_count=len(sources), source_bytes=sum((ROOT / n).stat().st_size for n in sources),
266 |                   archive_root=str(ROOT), capture_policy="PREDECLARED_SPARSE_STEPS_ONLY",
267 |                   selection_manifest_sha256=P.digest((HERE / "selection-manifest.json").read_bytes()),
    |                                                                                                     ^^
268 |                   selected_steps=selection["selected_steps"], selected_frame_budget=201,
269 |                   expected_physics_steps=4806, expected_physics_steps_is_admission_gate=False,
    |

I001 [*] Import block is un-sorted or un-formatted
  --> artifacts/research/process/20261004-ced-development/astra-repair-execution/R01/marker-v4-preparation/test_cpu.py:2:1
   |
 1 |   """Artifact-local, pure CPU XML/source checks. No MuJoCo or decoder calls."""
 2 | / from __future__ import annotations
 3 | |
 4 | | import importlib.util
 5 | | import math
 6 | | import sys
 7 | | from types import SimpleNamespace
 8 | | import xml.etree.ElementTree as ET
 9 | | from pathlib import Path
10 | |
11 | | import pytest
   | |_____________^
12 |
13 |   HERE = Path(__file__).resolve().parent
   |
help: Organize imports

E501 Line too long (101 > 100)
  --> artifacts/research/process/20261004-ced-development/astra-repair-execution/R01/marker-v4-preparation/test_cpu.py:71:101
   |
69 |     assert m.vector(quiet, "size") == pytest.approx([.05, .05, .00001])
70 |     cells = [g for name, g in new.items() if name != "quiet"]
71 |     assert min(m.vector(g, "pos")[0] - m.vector(g, "size")[0] for g in cells) == pytest.approx(.1225)
   |                                                                                                     ^
72 |     assert max(m.vector(g, "pos")[0] + m.vector(g, "size")[0] for g in cells) == pytest.approx(.1975)
73 |     for name, g in new.items():
   |

E501 Line too long (101 > 100)
  --> artifacts/research/process/20261004-ced-development/astra-repair-execution/R01/marker-v4-preparation/test_cpu.py:72:101
   |
70 |     cells = [g for name, g in new.items() if name != "quiet"]
71 |     assert min(m.vector(g, "pos")[0] - m.vector(g, "size")[0] for g in cells) == pytest.approx(.1225)
72 |     assert max(m.vector(g, "pos")[0] + m.vector(g, "size")[0] for g in cells) == pytest.approx(.1975)
   |                                                                                                     ^
73 |     for name, g in new.items():
74 |         assert all(g.get(key) == "0" for key in ("mass", "density", "contype", "conaffinity"))
   |

E501 Line too long (105 > 100)
  --> artifacts/research/process/20261004-ced-development/astra-repair-execution/R01/marker-v4-preparation/test_cpu.py:79:101
   |
79 | @pytest.mark.parametrize("old", [b"<mujoco/>", OLD.read_bytes().replace(b'mass="0.08"', b'mass="0.09"')])
   |                                                                                                     ^^^^^
80 | def test_source_drift_cannot_generate_candidate(old):
81 |     with pytest.raises(ValueError, match="frozen v3"):
   |

E501 Line too long (105 > 100)
   --> artifacts/research/process/20261004-ced-development/astra-repair-execution/R01/marker-v4-preparation/test_cpu.py:216:101
    |
216 | @pytest.mark.parametrize("failing_event", ["ACQUISITION_BEGIN", "ACQUISITION_END", "ACQUISITION_FAILED"])
    |                                                                                                     ^^^^^
217 | def test_inherited_acquisition_journal_failures_keep_original_error_and_denominator(failing_event):
218 |     base = pilot().load_frozen_runner()
    |

E501 Line too long (103 > 100)
   --> artifacts/research/process/20261004-ced-development/astra-repair-execution/R01/marker-v4-preparation/test_cpu.py:251:101
    |
249 |     scene, config = m.specification(base)
250 |     assert scene.scene_parameters == prior_scene.scene_parameters
251 |     assert config.model_dump(exclude={"model_path"}) == prior_config.model_dump(exclude={"model_path"})
    |                                                                                                     ^^^
252 |     assert scene.asset_family_hash != prior_scene.asset_family_hash
253 |     assert scene.group_id.startswith("dev-marker-v4-sparse-")
    |

Found 34 errors.
[*] 1 fixable with the `--fix` option.
