E501 Line too long (102 > 100)
  --> artifacts/research/process/20261004-ced-development/astra-repair-execution/R01/marker-v4-preparation/prepare.py:70:101
   |
68 |         ET.Comment(
69 |             "EXCLUDED DEVELOPMENT OUTBOARD V4 CANDIDATE: ID7 75mm/X160mm visual attachment; "
70 |             "same object physics/camera/controller; no physical mount or native/calibration admission"
   |                                                                                                     ^^
71 |         ),
72 |     )
   |

E501 Line too long (113 > 100)
   --> artifacts/research/process/20261004-ced-development/astra-repair-execution/R01/marker-v4-preparation/prepare.py:227:101
    |
225 |         **selected,
226 |         "selected_count": len(frames),
227 |         "selection_rule": "ALL_189_UNKNOWN_PLUS_ALL_11_ORIGINAL_FULL_QPOS_BOUNDARIES_PLUS_PRE_FIRST_UNKNOWN_628",
    |                                                                                                     ^^^^^^^^^^^^^
228 |         "input_pins": [pin(p) for p in refs],
229 |         "original_frames": frames,
    |

Found 3 errors (1 fixed, 2 remaining).
