F..FF                                                                    [100%]
=================================== FAILURES ===================================
________ test_duplicate_rgbd_fingerprint_ignores_time_and_shared_masks _________

    def test_duplicate_rgbd_fingerprint_ignores_time_and_shared_masks():
        _, producer = api()
        _, records = raw_fixture()
        observation = dict(records.frames[0].observation_payload)
>       original = producer.original_rgbd_fingerprint(observation)
                   ^^^^^^^^^^^^^^^^^^^^^^^^^^^^^^^^^^
E       AttributeError: module 'cloud_edge_robot_arm.research.native_geometry_calibration' has no attribute 'original_rgbd_fingerprint'

tests/test_native_calibration_source.py:259: AttributeError
_____ test_independent_clock_originals_recompute_complete_pair_uncertainty _____

    def test_independent_clock_originals_recompute_complete_pair_uncertainty():
        _, producer = api()
        envelope, records = raw_fixture()
        payload = clock_originals(envelope, records)
>       assert producer.independent_utc_uncertainty_ns(payload, envelope, records) == 2000
               ^^^^^^^^^^^^^^^^^^^^^^^^^^^^^^^^^^^^^^^
E       AttributeError: module 'cloud_edge_robot_arm.research.native_geometry_calibration' has no attribute 'independent_utc_uncertainty_ns'

tests/test_native_calibration_source.py:312: AttributeError
______ test_clock_self_declaration_or_relabelled_local_source_is_rejected ______

    def test_clock_self_declaration_or_relabelled_local_source_is_rejected():
        _, producer = api()
        envelope, records = raw_fixture()
        payload = clock_originals(envelope, records)
        payload["independent_source_hashes"] = dict(envelope.clock_descriptor.source_hashes)
        with pytest.raises(ValueError):
>           producer.independent_utc_uncertainty_ns(payload, envelope, records)
            ^^^^^^^^^^^^^^^^^^^^^^^^^^^^^^^^^^^^^^^
E           AttributeError: module 'cloud_edge_robot_arm.research.native_geometry_calibration' has no attribute 'independent_utc_uncertainty_ns'

tests/test_native_calibration_source.py:324: AttributeError
=========================== short test summary info ============================
FAILED tests/test_native_calibration_source.py::test_duplicate_rgbd_fingerprint_ignores_time_and_shared_masks
FAILED tests/test_native_calibration_source.py::test_independent_clock_originals_recompute_complete_pair_uncertainty
FAILED tests/test_native_calibration_source.py::test_clock_self_declaration_or_relabelled_local_source_is_rejected
3 failed, 2 passed, 26 deselected in 1.02s
