Loading checkpoint shards:   0%|          | 0/4 [00:00<?, ?it/s]Loading checkpoint shards:  25%|██▌       | 1/4 [00:03<00:11,  3.97s/it]Loading checkpoint shards:  50%|█████     | 2/4 [00:08<00:08,  4.13s/it]Loading checkpoint shards:  75%|███████▌  | 3/4 [00:16<00:05,  5.81s/it]Loading checkpoint shards: 100%|██████████| 4/4 [00:17<00:00,  4.19s/it]Loading checkpoint shards: 100%|██████████| 4/4 [00:17<00:00,  4.43s/it]
{"case_id": "fixed-s01-1", "target": "localized", "destination": "invalid", "execution_eligible": false}
{"case_id": "fixed-s01-2", "target": "localized", "destination": "invalid", "execution_eligible": false}
{"case_id": "fixed-s01-3", "target": "localized", "destination": "invalid", "execution_eligible": false}
{"case_id": "fixed-s01-4", "target": "localized", "destination": "invalid", "execution_eligible": false}
{"case_id": "positive-01", "target": "localized", "destination": "invalid", "execution_eligible": false}
{"case_id": "positive-02", "target": "localized", "destination": "invalid", "execution_eligible": false}
{"case_id": "positive-03", "target": "localized", "destination": "invalid", "execution_eligible": false}
{"case_id": "positive-04", "target": "localized", "destination": "invalid", "execution_eligible": false}
{"case_id": "positive-05", "target": "localized", "destination": "invalid", "execution_eligible": false}
{"case_id": "positive-06", "target": "localized", "destination": "invalid", "execution_eligible": false}
{"case_id": "positive-07", "target": "localized", "destination": "invalid", "execution_eligible": false}
{"case_id": "positive-08", "target": "localized", "destination": "invalid", "execution_eligible": false}
{"case_id": "positive-09", "target": "localized", "destination": "invalid", "execution_eligible": false}
{"case_id": "positive-10", "target": "localized", "destination": "invalid", "execution_eligible": false}
{"case_id": "positive-11", "target": "localized", "destination": "invalid", "execution_eligible": false}
{"case_id": "positive-12", "target": "localized", "destination": "invalid", "execution_eligible": false}
{"case_id": "negative_absent-01", "target": "absent", "destination": "invalid", "execution_eligible": false}
{"case_id": "negative_absent-02", "target": "absent", "destination": "absent", "execution_eligible": false}
{"case_id": "negative_absent-03", "target": "absent", "destination": "absent", "execution_eligible": false}
{"case_id": "negative_absent-04", "target": "absent", "destination": "absent", "execution_eligible": false}
