DONE MolmoPoint-8B .gitattributes
DONE MolmoPoint-8B added_tokens.json
DONE MolmoPoint-8B chat_template.jinja
DONE MolmoPoint-8B config.json
DONE MolmoPoint-8B configuration.json
DONE MolmoPoint-8B configuration_molmo2.py
DONE MolmoPoint-8B configuration_molmo_point.py
DONE MolmoPoint-8B convert_molmo2_to_hf.py
DONE MolmoPoint-8B convert_molmo_point_to_hf.py
DONE MolmoPoint-8B generation_config.json
DONE MolmoPoint-8B image_processing_molmo2.py
DONE MolmoPoint-8B merges.txt
DONE MolmoPoint-8B model.safetensors.index.json
DONE MolmoPoint-8B modeling_molmo2.py
DONE MolmoPoint-8B modeling_molmo_point.py
DONE MolmoPoint-8B preprocessor_config.json
DONE MolmoPoint-8B processing_molmo2.py
DONE MolmoPoint-8B processing_molmo_point.py
DONE MolmoPoint-8B processor_config.json
DONE MolmoPoint-8B README.md
DONE MolmoPoint-8B special_tokens_map.json
DONE MolmoPoint-8B tokenizer.json
DONE MolmoPoint-8B tokenizer_config.json
DONE MolmoPoint-8B video_preprocessor_config.json
DONE MolmoPoint-8B video_processing_molmo2.py
DONE MolmoPoint-8B vocab.json
DONE MolmoPoint-8B model-00003-of-00008.safetensors
DONE MolmoPoint-8B model-00004-of-00008.safetensors
DONE MolmoPoint-8B model-00002-of-00008.safetensors
DONE MolmoPoint-8B model-00001-of-00008.safetensors
{"file": "model-00005-of-00008.safetensors", "completed_bytes": 1879048192, "total": 4630720320, "workers": 1, "elapsed_s": 20.5}
{"file": "model-00007-of-00008.safetensors", "completed_bytes": 1342177280, "total": 4091925052, "workers": 1, "elapsed_s": 27.7}
{"file": "model-00008-of-00008.safetensors", "completed_bytes": 1342177280, "total": 2491416816, "workers": 1, "elapsed_s": 35.1}
{"file": "model-00006-of-00008.safetensors", "completed_bytes": 1476395008, "total": 4630720320, "workers": 1, "elapsed_s": 51.7}
{"file": "model-00005-of-00008.safetensors", "completed_bytes": 2013265920, "total": 4630720320, "workers": 1, "elapsed_s": 66.7}
{"file": "model-00007-of-00008.safetensors", "completed_bytes": 1476395008, "total": 4091925052, "workers": 1, "elapsed_s": 76.1}
{"file": "model-00008-of-00008.safetensors", "completed_bytes": 1476395008, "total": 2491416816, "workers": 1, "elapsed_s": 86.4}
{"file": "model-00007-of-00008.safetensors", "completed_bytes": 1610612736, "total": 4091925052, "workers": 1, "elapsed_s": 92.3}
{"file": "model-00006-of-00008.safetensors", "completed_bytes": 1610612736, "total": 4630720320, "workers": 1, "elapsed_s": 103.4}
{"file": "model-00005-of-00008.safetensors", "completed_bytes": 2147483648, "total": 4630720320, "workers": 1, "elapsed_s": 122.7}
{"file": "model-00008-of-00008.safetensors", "completed_bytes": 1610612736, "total": 2491416816, "workers": 1, "elapsed_s": 131.9}
{"file": "model-00007-of-00008.safetensors", "completed_bytes": 1744830464, "total": 4091925052, "workers": 1, "elapsed_s": 144.7}
{"file": "model-00006-of-00008.safetensors", "completed_bytes": 1744830464, "total": 4630720320, "workers": 1, "elapsed_s": 150.4}
{"file": "model-00005-of-00008.safetensors", "completed_bytes": 2281701376, "total": 4630720320, "workers": 1, "elapsed_s": 165.9}
{"file": "model-00008-of-00008.safetensors", "completed_bytes": 1744830464, "total": 2491416816, "workers": 1, "elapsed_s": 177.4}
{"file": "model-00007-of-00008.safetensors", "completed_bytes": 1879048192, "total": 4091925052, "workers": 1, "elapsed_s": 190.0}
{"file": "model-00006-of-00008.safetensors", "completed_bytes": 1879048192, "total": 4630720320, "workers": 1, "elapsed_s": 196.3}
{"file": "model-00005-of-00008.safetensors", "completed_bytes": 2415919104, "total": 4630720320, "workers": 1, "elapsed_s": 212.4}
{"file": "model-00008-of-00008.safetensors", "completed_bytes": 1879048192, "total": 2491416816, "workers": 1, "elapsed_s": 222.3}
{"file": "model-00007-of-00008.safetensors", "completed_bytes": 2013265920, "total": 4091925052, "workers": 1, "elapsed_s": 235.5}
{"file": "model-00006-of-00008.safetensors", "completed_bytes": 2013265920, "total": 4630720320, "workers": 1, "elapsed_s": 247.7}
{"file": "model-00005-of-00008.safetensors", "completed_bytes": 2550136832, "total": 4630720320, "workers": 1, "elapsed_s": 254.2}
{"file": "model-00008-of-00008.safetensors", "completed_bytes": 2013265920, "total": 2491416816, "workers": 1, "elapsed_s": 269.0}
{"file": "model-00007-of-00008.safetensors", "completed_bytes": 2147483648, "total": 4091925052, "workers": 1, "elapsed_s": 281.6}
{"file": "model-00006-of-00008.safetensors", "completed_bytes": 2147483648, "total": 4630720320, "workers": 1, "elapsed_s": 289.7}
{"file": "model-00005-of-00008.safetensors", "completed_bytes": 2684354560, "total": 4630720320, "workers": 1, "elapsed_s": 302.5}
{"file": "model-00008-of-00008.safetensors", "completed_bytes": 2147483648, "total": 2491416816, "workers": 1, "elapsed_s": 315.4}
{"file": "model-00007-of-00008.safetensors", "completed_bytes": 2281701376, "total": 4091925052, "workers": 1, "elapsed_s": 325.9}
{"file": "model-00006-of-00008.safetensors", "completed_bytes": 2281701376, "total": 4630720320, "workers": 1, "elapsed_s": 338.5}
{"file": "model-00005-of-00008.safetensors", "completed_bytes": 2818572288, "total": 4630720320, "workers": 1, "elapsed_s": 349.6}
{"file": "model-00008-of-00008.safetensors", "completed_bytes": 2281701376, "total": 2491416816, "workers": 1, "elapsed_s": 359.3}
{"file": "model-00007-of-00008.safetensors", "completed_bytes": 2415919104, "total": 4091925052, "workers": 1, "elapsed_s": 374.8}
{"file": "model-00006-of-00008.safetensors", "completed_bytes": 2415919104, "total": 4630720320, "workers": 1, "elapsed_s": 388.8}
{"file": "model-00005-of-00008.safetensors", "completed_bytes": 2952790016, "total": 4630720320, "workers": 1, "elapsed_s": 393.5}
{"file": "model-00008-of-00008.safetensors", "completed_bytes": 2415919104, "total": 2491416816, "workers": 1, "elapsed_s": 404.3}
{"file": "model-00007-of-00008.safetensors", "completed_bytes": 2550136832, "total": 4091925052, "workers": 1, "elapsed_s": 423.2}
{"file": "model-00008-of-00008.safetensors", "completed_bytes": 2491416816, "total": 2491416816, "workers": 1, "elapsed_s": 427.1}
VERIFIED model-00008-of-00008.safetensors b87b59f8beb9a114e4867e522e3ec5116d05442f199901b48b1beb4fda6962d1
DONE MolmoPoint-8B model-00008-of-00008.safetensors
{"file": "model-00006-of-00008.safetensors", "completed_bytes": 2550136832, "total": 4630720320, "workers": 1, "elapsed_s": 433.8}
{"file": "model-00005-of-00008.safetensors", "completed_bytes": 3087007744, "total": 4630720320, "workers": 1, "elapsed_s": 438.1}
{"file": "model-00007-of-00008.safetensors", "completed_bytes": 2684354560, "total": 4091925052, "workers": 1, "elapsed_s": 456.2}
{"file": "model-00006-of-00008.safetensors", "completed_bytes": 2684354560, "total": 4630720320, "workers": 1, "elapsed_s": 466.0}
{"file": "model-00005-of-00008.safetensors", "completed_bytes": 3221225472, "total": 4630720320, "workers": 1, "elapsed_s": 473.9}
{"file": "model-00007-of-00008.safetensors", "completed_bytes": 2818572288, "total": 4091925052, "workers": 1, "elapsed_s": 496.8}
{"file": "model-00006-of-00008.safetensors", "completed_bytes": 2818572288, "total": 4630720320, "workers": 1, "elapsed_s": 499.8}
{"file": "model-00005-of-00008.safetensors", "completed_bytes": 3355443200, "total": 4630720320, "workers": 1, "elapsed_s": 504.7}
{"file": "model-00007-of-00008.safetensors", "completed_bytes": 2952790016, "total": 4091925052, "workers": 1, "elapsed_s": 529.8}
{"file": "model-00006-of-00008.safetensors", "completed_bytes": 2952790016, "total": 4630720320, "workers": 1, "elapsed_s": 534.1}
{"file": "model-00005-of-00008.safetensors", "completed_bytes": 3489660928, "total": 4630720320, "workers": 1, "elapsed_s": 541.4}
{"file": "model-00007-of-00008.safetensors", "completed_bytes": 3087007744, "total": 4091925052, "workers": 1, "elapsed_s": 562.9}
{"file": "model-00006-of-00008.safetensors", "completed_bytes": 3087007744, "total": 4630720320, "workers": 1, "elapsed_s": 566.9}
{"file": "model-00005-of-00008.safetensors", "completed_bytes": 3623878656, "total": 4630720320, "workers": 1, "elapsed_s": 577.0}
{"file": "model-00007-of-00008.safetensors", "completed_bytes": 3221225472, "total": 4091925052, "workers": 1, "elapsed_s": 598.3}
{"file": "model-00006-of-00008.safetensors", "completed_bytes": 3221225472, "total": 4630720320, "workers": 1, "elapsed_s": 601.7}
{"file": "model-00005-of-00008.safetensors", "completed_bytes": 3758096384, "total": 4630720320, "workers": 1, "elapsed_s": 608.0}
{"file": "model-00006-of-00008.safetensors", "completed_bytes": 3355443200, "total": 4630720320, "workers": 1, "elapsed_s": 632.1}
{"file": "model-00007-of-00008.safetensors", "completed_bytes": 3355443200, "total": 4091925052, "workers": 1, "elapsed_s": 634.7}
{"file": "model-00005-of-00008.safetensors", "completed_bytes": 3892314112, "total": 4630720320, "workers": 1, "elapsed_s": 645.8}
{"file": "model-00006-of-00008.safetensors", "completed_bytes": 3489660928, "total": 4630720320, "workers": 1, "elapsed_s": 663.7}
{"file": "model-00007-of-00008.safetensors", "completed_bytes": 3489660928, "total": 4091925052, "workers": 1, "elapsed_s": 668.2}
{"file": "model-00005-of-00008.safetensors", "completed_bytes": 4026531840, "total": 4630720320, "workers": 1, "elapsed_s": 683.2}
{"file": "model-00006-of-00008.safetensors", "completed_bytes": 3623878656, "total": 4630720320, "workers": 1, "elapsed_s": 693.5}
{"file": "model-00007-of-00008.safetensors", "completed_bytes": 3623878656, "total": 4091925052, "workers": 1, "elapsed_s": 707.9}
{"file": "model-00005-of-00008.safetensors", "completed_bytes": 4160749568, "total": 4630720320, "workers": 1, "elapsed_s": 712.4}
{"file": "model-00006-of-00008.safetensors", "completed_bytes": 3758096384, "total": 4630720320, "workers": 1, "elapsed_s": 734.5}
{"file": "model-00007-of-00008.safetensors", "completed_bytes": 3758096384, "total": 4091925052, "workers": 1, "elapsed_s": 741.2}
{"file": "model-00005-of-00008.safetensors", "completed_bytes": 4294967296, "total": 4630720320, "workers": 1, "elapsed_s": 744.5}
{"file": "model-00006-of-00008.safetensors", "completed_bytes": 3892314112, "total": 4630720320, "workers": 1, "elapsed_s": 767.6}
{"file": "model-00007-of-00008.safetensors", "completed_bytes": 3892314112, "total": 4091925052, "workers": 1, "elapsed_s": 777.7}
{"file": "model-00005-of-00008.safetensors", "completed_bytes": 4429185024, "total": 4630720320, "workers": 1, "elapsed_s": 779.9}
{"file": "model-00006-of-00008.safetensors", "completed_bytes": 4026531840, "total": 4630720320, "workers": 1, "elapsed_s": 799.6}
{"file": "model-00005-of-00008.safetensors", "completed_bytes": 4563402752, "total": 4630720320, "workers": 1, "elapsed_s": 813.2}
{"file": "model-00007-of-00008.safetensors", "completed_bytes": 4026531840, "total": 4091925052, "workers": 1, "elapsed_s": 814.3}
{"file": "model-00005-of-00008.safetensors", "completed_bytes": 4630720320, "total": 4630720320, "workers": 1, "elapsed_s": 830.9}
{"file": "model-00006-of-00008.safetensors", "completed_bytes": 4160749568, "total": 4630720320, "workers": 1, "elapsed_s": 831.3}
{"file": "model-00007-of-00008.safetensors", "completed_bytes": 4091925052, "total": 4091925052, "workers": 1, "elapsed_s": 831.9}
VERIFIED model-00005-of-00008.safetensors eeac368f9670bad559e45aceea971ff78db86fafee604f17e28c1e58932a27de
DONE MolmoPoint-8B model-00005-of-00008.safetensors
VERIFIED model-00007-of-00008.safetensors b0af4940b1b827e995397de33114310c838b8edece415819de119d4f403d420f
DONE MolmoPoint-8B model-00007-of-00008.safetensors
{"file": "model-00006-of-00008.safetensors", "completed_bytes": 4429185024, "total": 4630720320, "workers": 1, "elapsed_s": 882.9}
{"file": "model-00006-of-00008.safetensors", "completed_bytes": 4630720320, "total": 4630720320, "workers": 1, "elapsed_s": 901.3}
VERIFIED model-00006-of-00008.safetensors 3738d142536fdc8e9217e7a853240006aff3fe5c157d982cff3e52addb05f011
DONE MolmoPoint-8B model-00006-of-00008.safetensors
MODEL_VERIFIED MolmoPoint-8B
