DONE Molmo2-4B .gitattributes
DONE Molmo2-4B README.md
DONE Molmo2-4B added_tokens.json
DONE Molmo2-4B chat_template.jinja
DONE Molmo2-4B config.json
DONE Molmo2-4B configuration.json
DONE Molmo2-4B configuration_molmo2.py
DONE Molmo2-4B generation_config.json
DONE Molmo2-4B image_processing_molmo2.py
DONE Molmo2-4B merges.txt
DONE Molmo2-4B model.safetensors.index.json
DONE Molmo2-4B modeling_molmo2.py
DONE Molmo2-4B molmo_2_logo_RGB.png
DONE Molmo2-4B preprocessor_config.json
DONE Molmo2-4B processing_molmo2.py
DONE Molmo2-4B processor_config.json
DONE Molmo2-4B special_tokens_map.json
DONE Molmo2-4B tokenizer.json
DONE Molmo2-4B tokenizer_config.json
DONE Molmo2-4B video_preprocessor_config.json
DONE Molmo2-4B video_processing_molmo2.py
DONE Molmo2-4B vocab.json
{"file": "model-00001-of-00004.safetensors", "completed_bytes": 671088640, "total": 4891799000, "workers": 4, "elapsed_s": 39.9}
{"file": "model-00001-of-00004.safetensors", "completed_bytes": 805306368, "total": 4891799000, "workers": 4, "elapsed_s": 60.3}
{"file": "model-00001-of-00004.safetensors", "completed_bytes": 939524096, "total": 4891799000, "workers": 4, "elapsed_s": 210.6}
{"file": "model-00001-of-00004.safetensors", "completed_bytes": 1207959552, "total": 4891799000, "workers": 4, "elapsed_s": 255.9}
{"file": "model-00001-of-00004.safetensors", "completed_bytes": 1476395008, "total": 4891799000, "workers": 4, "elapsed_s": 415.4}
{"file": "model-00001-of-00004.safetensors", "completed_bytes": 1610612736, "total": 4891799000, "workers": 4, "elapsed_s": 431.2}
{"file": "model-00001-of-00004.safetensors", "completed_bytes": 1744830464, "total": 4891799000, "workers": 4, "elapsed_s": 466.4}
{"file": "model-00001-of-00004.safetensors", "completed_bytes": 2013265920, "total": 4891799000, "workers": 4, "elapsed_s": 608.7}
{"file": "model-00001-of-00004.safetensors", "completed_bytes": 2147483648, "total": 4891799000, "workers": 4, "elapsed_s": 624.1}
{"file": "model-00001-of-00004.safetensors", "completed_bytes": 2281701376, "total": 4891799000, "workers": 4, "elapsed_s": 647.9}
{"file": "model-00001-of-00004.safetensors", "completed_bytes": 2415919104, "total": 4891799000, "workers": 4, "elapsed_s": 665.0}
{"file": "model-00001-of-00004.safetensors", "completed_bytes": 2550136832, "total": 4891799000, "workers": 4, "elapsed_s": 733.6}
{"file": "model-00001-of-00004.safetensors", "completed_bytes": 2684354560, "total": 4891799000, "workers": 4, "elapsed_s": 765.2}
{"file": "model-00001-of-00004.safetensors", "completed_bytes": 2818572288, "total": 4891799000, "workers": 4, "elapsed_s": 781.4}
{"file": "model-00001-of-00004.safetensors", "completed_bytes": 2952790016, "total": 4891799000, "workers": 4, "elapsed_s": 816.6}
