DONE Molmo2-4B .gitattributes
DONE MolmoPoint-8B .gitattributes
DONE Molmo2-4B README.md
DONE MolmoPoint-8B README.md
DONE Molmo2-4B added_tokens.json
DONE MolmoPoint-8B added_tokens.json
DONE Molmo2-4B chat_template.jinja
DONE MolmoPoint-8B chat_template.jinja
DONE Molmo2-4B config.json
DONE MolmoPoint-8B config.json
DONE Molmo2-4B configuration.json
DONE MolmoPoint-8B configuration.json
DONE Molmo2-4B configuration_molmo2.py
DONE MolmoPoint-8B configuration_molmo2.py
DONE Molmo2-4B generation_config.json
DONE MolmoPoint-8B configuration_molmo_point.py
DONE Molmo2-4B image_processing_molmo2.py
DONE MolmoPoint-8B convert_molmo2_to_hf.py
DONE Molmo2-4B merges.txt
DONE MolmoPoint-8B convert_molmo_point_to_hf.py
DONE MolmoPoint-8B generation_config.json
DONE Molmo2-4B model.safetensors.index.json
DONE MolmoPoint-8B image_processing_molmo2.py
DONE Molmo2-4B modeling_molmo2.py
DONE MolmoPoint-8B merges.txt
DONE Molmo2-4B molmo_2_logo_RGB.png
DONE MolmoPoint-8B model.safetensors.index.json
DONE Molmo2-4B preprocessor_config.json
DONE MolmoPoint-8B modeling_molmo2.py
DONE Molmo2-4B processing_molmo2.py
DONE MolmoPoint-8B modeling_molmo_point.py
DONE Molmo2-4B processor_config.json
DONE MolmoPoint-8B preprocessor_config.json
DONE Molmo2-4B special_tokens_map.json
DONE MolmoPoint-8B processing_molmo2.py
DONE MolmoPoint-8B processing_molmo_point.py
DONE MolmoPoint-8B processor_config.json
DONE MolmoPoint-8B special_tokens_map.json
DONE Molmo2-4B tokenizer.json
DONE Molmo2-4B tokenizer_config.json
DONE Molmo2-4B video_preprocessor_config.json
DONE Molmo2-4B video_processing_molmo2.py
DONE MolmoPoint-8B tokenizer.json
DONE Molmo2-4B vocab.json
DONE MolmoPoint-8B tokenizer_config.json
DONE MolmoPoint-8B video_preprocessor_config.json
DONE MolmoPoint-8B video_processing_molmo2.py
DONE MolmoPoint-8B vocab.json
{"file": "model-00001-of-00004.safetensors", "completed_bytes": 134217728, "total": 4891799000, "workers": 2, "elapsed_s": 39.9}
{"file": "model-00001-of-00008.safetensors", "completed_bytes": 134217728, "total": 4974567112, "workers": 2, "elapsed_s": 45.4}
{"file": "model-00001-of-00004.safetensors", "completed_bytes": 402653184, "total": 4891799000, "workers": 2, "elapsed_s": 84.0}
{"file": "model-00001-of-00008.safetensors", "completed_bytes": 402653184, "total": 4974567112, "workers": 2, "elapsed_s": 97.4}
{"file": "model-00001-of-00008.safetensors", "completed_bytes": 536870912, "total": 4974567112, "workers": 2, "elapsed_s": 120.0}
