DONE Molmo2-4B .gitattributes
DONE Molmo2-4B added_tokens.json
DONE Molmo2-4B chat_template.jinja
DONE Molmo2-4B config.json
DONE Molmo2-4B configuration.json
DONE Molmo2-4B configuration_molmo2.py
DONE Molmo2-4B generation_config.json
DONE Molmo2-4B image_processing_molmo2.py
DONE Molmo2-4B merges.txt
DONE Molmo2-4B model.safetensors.index.json
DONE Molmo2-4B modeling_molmo2.py
DONE Molmo2-4B molmo_2_logo_RGB.png
DONE Molmo2-4B preprocessor_config.json
DONE Molmo2-4B processing_molmo2.py
DONE Molmo2-4B processor_config.json
DONE Molmo2-4B README.md
DONE Molmo2-4B special_tokens_map.json
DONE Molmo2-4B tokenizer.json
DONE Molmo2-4B tokenizer_config.json
DONE Molmo2-4B video_preprocessor_config.json
DONE Molmo2-4B video_processing_molmo2.py
DONE Molmo2-4B vocab.json
DONE Molmo2-4B model-00001-of-00004.safetensors
{"file": "model-00002-of-00004.safetensors", "completed_bytes": 3087007744, "total": 4844690992, "workers": 1, "elapsed_s": 16.6}
{"file": "model-00003-of-00004.safetensors", "completed_bytes": 3087007744, "total": 4844691024, "workers": 1, "elapsed_s": 16.9}
{"file": "model-00004-of-00004.safetensors", "completed_bytes": 3221225472, "total": 4822393416, "workers": 1, "elapsed_s": 21.0}
{"file": "model-00003-of-00004.safetensors", "completed_bytes": 3221225472, "total": 4844691024, "workers": 1, "elapsed_s": 34.2}
{"file": "model-00002-of-00004.safetensors", "completed_bytes": 3221225472, "total": 4844690992, "workers": 1, "elapsed_s": 39.8}
{"file": "model-00004-of-00004.safetensors", "completed_bytes": 3355443200, "total": 4822393416, "workers": 1, "elapsed_s": 58.4}
{"file": "model-00003-of-00004.safetensors", "completed_bytes": 3355443200, "total": 4844691024, "workers": 1, "elapsed_s": 62.2}
{"file": "model-00002-of-00004.safetensors", "completed_bytes": 3355443200, "total": 4844690992, "workers": 1, "elapsed_s": 80.4}
{"file": "model-00004-of-00004.safetensors", "completed_bytes": 3489660928, "total": 4822393416, "workers": 1, "elapsed_s": 91.6}
{"file": "model-00003-of-00004.safetensors", "completed_bytes": 3489660928, "total": 4844691024, "workers": 1, "elapsed_s": 94.4}
{"file": "model-00002-of-00004.safetensors", "completed_bytes": 3489660928, "total": 4844690992, "workers": 1, "elapsed_s": 115.0}
{"file": "model-00003-of-00004.safetensors", "completed_bytes": 3623878656, "total": 4844691024, "workers": 1, "elapsed_s": 126.5}
{"file": "model-00004-of-00004.safetensors", "completed_bytes": 3623878656, "total": 4822393416, "workers": 1, "elapsed_s": 129.5}
{"file": "model-00002-of-00004.safetensors", "completed_bytes": 3623878656, "total": 4844690992, "workers": 1, "elapsed_s": 147.9}
{"file": "model-00003-of-00004.safetensors", "completed_bytes": 3758096384, "total": 4844691024, "workers": 1, "elapsed_s": 160.4}
{"file": "model-00004-of-00004.safetensors", "completed_bytes": 3758096384, "total": 4822393416, "workers": 1, "elapsed_s": 167.8}
{"file": "model-00002-of-00004.safetensors", "completed_bytes": 3758096384, "total": 4844690992, "workers": 1, "elapsed_s": 178.3}
{"file": "model-00003-of-00004.safetensors", "completed_bytes": 3892314112, "total": 4844691024, "workers": 1, "elapsed_s": 193.6}
{"file": "model-00004-of-00004.safetensors", "completed_bytes": 3892314112, "total": 4822393416, "workers": 1, "elapsed_s": 201.1}
{"file": "model-00002-of-00004.safetensors", "completed_bytes": 3892314112, "total": 4844690992, "workers": 1, "elapsed_s": 220.0}
{"file": "model-00003-of-00004.safetensors", "completed_bytes": 4026531840, "total": 4844691024, "workers": 1, "elapsed_s": 228.7}
{"file": "model-00004-of-00004.safetensors", "completed_bytes": 4026531840, "total": 4822393416, "workers": 1, "elapsed_s": 229.6}
{"file": "model-00002-of-00004.safetensors", "completed_bytes": 4026531840, "total": 4844690992, "workers": 1, "elapsed_s": 254.9}
{"file": "model-00003-of-00004.safetensors", "completed_bytes": 4160749568, "total": 4844691024, "workers": 1, "elapsed_s": 261.9}
{"file": "model-00004-of-00004.safetensors", "completed_bytes": 4160749568, "total": 4822393416, "workers": 1, "elapsed_s": 265.3}
{"file": "model-00002-of-00004.safetensors", "completed_bytes": 4160749568, "total": 4844690992, "workers": 1, "elapsed_s": 287.5}
{"file": "model-00003-of-00004.safetensors", "completed_bytes": 4294967296, "total": 4844691024, "workers": 1, "elapsed_s": 296.3}
{"file": "model-00004-of-00004.safetensors", "completed_bytes": 4294967296, "total": 4822393416, "workers": 1, "elapsed_s": 300.8}
{"file": "model-00002-of-00004.safetensors", "completed_bytes": 4294967296, "total": 4844690992, "workers": 1, "elapsed_s": 321.0}
{"file": "model-00003-of-00004.safetensors", "completed_bytes": 4429185024, "total": 4844691024, "workers": 1, "elapsed_s": 328.4}
{"file": "model-00004-of-00004.safetensors", "completed_bytes": 4429185024, "total": 4822393416, "workers": 1, "elapsed_s": 339.3}
{"file": "model-00002-of-00004.safetensors", "completed_bytes": 4429185024, "total": 4844690992, "workers": 1, "elapsed_s": 355.6}
{"file": "model-00003-of-00004.safetensors", "completed_bytes": 4563402752, "total": 4844691024, "workers": 1, "elapsed_s": 360.5}
{"file": "model-00004-of-00004.safetensors", "completed_bytes": 4563402752, "total": 4822393416, "workers": 1, "elapsed_s": 374.3}
{"file": "model-00002-of-00004.safetensors", "completed_bytes": 4563402752, "total": 4844690992, "workers": 1, "elapsed_s": 388.8}
{"file": "model-00003-of-00004.safetensors", "completed_bytes": 4697620480, "total": 4844691024, "workers": 1, "elapsed_s": 394.2}
{"file": "model-00004-of-00004.safetensors", "completed_bytes": 4697620480, "total": 4822393416, "workers": 1, "elapsed_s": 409.2}
{"file": "model-00002-of-00004.safetensors", "completed_bytes": 4697620480, "total": 4844690992, "workers": 1, "elapsed_s": 421.8}
{"file": "model-00003-of-00004.safetensors", "completed_bytes": 4831838208, "total": 4844691024, "workers": 1, "elapsed_s": 429.0}
{"file": "model-00004-of-00004.safetensors", "completed_bytes": 4822393416, "total": 4822393416, "workers": 1, "elapsed_s": 439.7}
VERIFIED model-00003-of-00004.safetensors da71a15c961f92361b64c3b45f5465d370c9992f032f0f4adf544d0b208ed573
DONE Molmo2-4B model-00003-of-00004.safetensors
{"file": "model-00002-of-00004.safetensors", "completed_bytes": 4831838208, "total": 4844690992, "workers": 1, "elapsed_s": 445.5}
VERIFIED model-00004-of-00004.safetensors 519e694862a7d6d82e539424733f6f55fd8118c3c37e328c2dd942a6d4a16120
DONE Molmo2-4B model-00004-of-00004.safetensors
VERIFIED model-00002-of-00004.safetensors ac1506897468e69d5af2f46127d30274eecb71c60745e7d27ea0319a27addbb4
DONE Molmo2-4B model-00002-of-00004.safetensors
MODEL_VERIFIED Molmo2-4B
DONE MolmoPoint-8B .gitattributes
DONE MolmoPoint-8B added_tokens.json
DONE MolmoPoint-8B chat_template.jinja
DONE MolmoPoint-8B config.json
DONE MolmoPoint-8B configuration.json
DONE MolmoPoint-8B configuration_molmo2.py
DONE MolmoPoint-8B configuration_molmo_point.py
DONE MolmoPoint-8B convert_molmo2_to_hf.py
DONE MolmoPoint-8B convert_molmo_point_to_hf.py
DONE MolmoPoint-8B generation_config.json
DONE MolmoPoint-8B image_processing_molmo2.py
DONE MolmoPoint-8B merges.txt
DONE MolmoPoint-8B model.safetensors.index.json
DONE MolmoPoint-8B modeling_molmo2.py
DONE MolmoPoint-8B modeling_molmo_point.py
DONE MolmoPoint-8B preprocessor_config.json
DONE MolmoPoint-8B processing_molmo2.py
DONE MolmoPoint-8B processing_molmo_point.py
DONE MolmoPoint-8B processor_config.json
DONE MolmoPoint-8B README.md
DONE MolmoPoint-8B special_tokens_map.json
DONE MolmoPoint-8B tokenizer.json
DONE MolmoPoint-8B tokenizer_config.json
DONE MolmoPoint-8B video_preprocessor_config.json
DONE MolmoPoint-8B video_processing_molmo2.py
DONE MolmoPoint-8B vocab.json
{"file": "model-00001-of-00008.safetensors", "completed_bytes": 805306368, "total": 4974567112, "workers": 1, "elapsed_s": 34.8}
{"file": "model-00002-of-00008.safetensors", "completed_bytes": 134217728, "total": 4630720272, "workers": 1, "elapsed_s": 44.9}
{"file": "model-00003-of-00008.safetensors", "completed_bytes": 134217728, "total": 4630720296, "workers": 1, "elapsed_s": 45.9}
{"file": "model-00004-of-00008.safetensors", "completed_bytes": 134217728, "total": 4630720320, "workers": 1, "elapsed_s": 46.1}
{"file": "model-00001-of-00008.safetensors", "completed_bytes": 939524096, "total": 4974567112, "workers": 1, "elapsed_s": 78.7}
{"file": "model-00002-of-00008.safetensors", "completed_bytes": 268435456, "total": 4630720272, "workers": 1, "elapsed_s": 89.2}
{"file": "model-00003-of-00008.safetensors", "completed_bytes": 268435456, "total": 4630720296, "workers": 1, "elapsed_s": 89.5}
{"file": "model-00004-of-00008.safetensors", "completed_bytes": 268435456, "total": 4630720320, "workers": 1, "elapsed_s": 98.8}
{"file": "model-00001-of-00008.safetensors", "completed_bytes": 1073741824, "total": 4974567112, "workers": 1, "elapsed_s": 119.5}
{"file": "model-00003-of-00008.safetensors", "completed_bytes": 402653184, "total": 4630720296, "workers": 1, "elapsed_s": 137.3}
{"file": "model-00002-of-00008.safetensors", "completed_bytes": 402653184, "total": 4630720272, "workers": 1, "elapsed_s": 139.5}
{"file": "model-00004-of-00008.safetensors", "completed_bytes": 402653184, "total": 4630720320, "workers": 1, "elapsed_s": 140.1}
{"file": "model-00001-of-00008.safetensors", "completed_bytes": 1207959552, "total": 4974567112, "workers": 1, "elapsed_s": 167.0}
{"file": "model-00003-of-00008.safetensors", "completed_bytes": 536870912, "total": 4630720296, "workers": 1, "elapsed_s": 182.9}
{"file": "model-00004-of-00008.safetensors", "completed_bytes": 536870912, "total": 4630720320, "workers": 1, "elapsed_s": 186.0}
{"file": "model-00002-of-00008.safetensors", "completed_bytes": 536870912, "total": 4630720272, "workers": 1, "elapsed_s": 186.2}
{"file": "model-00001-of-00008.safetensors", "completed_bytes": 1342177280, "total": 4974567112, "workers": 1, "elapsed_s": 212.6}
{"file": "model-00003-of-00008.safetensors", "completed_bytes": 671088640, "total": 4630720296, "workers": 1, "elapsed_s": 225.8}
{"file": "model-00004-of-00008.safetensors", "completed_bytes": 671088640, "total": 4630720320, "workers": 1, "elapsed_s": 232.1}
{"file": "model-00002-of-00008.safetensors", "completed_bytes": 671088640, "total": 4630720272, "workers": 1, "elapsed_s": 232.6}
{"file": "model-00001-of-00008.safetensors", "completed_bytes": 1476395008, "total": 4974567112, "workers": 1, "elapsed_s": 258.8}
{"file": "model-00003-of-00008.safetensors", "completed_bytes": 805306368, "total": 4630720296, "workers": 1, "elapsed_s": 269.7}
{"file": "model-00002-of-00008.safetensors", "completed_bytes": 805306368, "total": 4630720272, "workers": 1, "elapsed_s": 279.1}
{"file": "model-00004-of-00008.safetensors", "completed_bytes": 805306368, "total": 4630720320, "workers": 1, "elapsed_s": 280.7}
{"file": "model-00001-of-00008.safetensors", "completed_bytes": 1610612736, "total": 4974567112, "workers": 1, "elapsed_s": 302.7}
{"file": "model-00003-of-00008.safetensors", "completed_bytes": 939524096, "total": 4630720296, "workers": 1, "elapsed_s": 314.3}
{"file": "model-00002-of-00008.safetensors", "completed_bytes": 939524096, "total": 4630720272, "workers": 1, "elapsed_s": 325.6}
{"file": "model-00004-of-00008.safetensors", "completed_bytes": 939524096, "total": 4630720320, "workers": 1, "elapsed_s": 329.0}
{"file": "model-00001-of-00008.safetensors", "completed_bytes": 1744830464, "total": 4974567112, "workers": 1, "elapsed_s": 346.4}
{"file": "model-00003-of-00008.safetensors", "completed_bytes": 1073741824, "total": 4630720296, "workers": 1, "elapsed_s": 358.4}
{"file": "model-00002-of-00008.safetensors", "completed_bytes": 1073741824, "total": 4630720272, "workers": 1, "elapsed_s": 373.1}
{"file": "model-00004-of-00008.safetensors", "completed_bytes": 1073741824, "total": 4630720320, "workers": 1, "elapsed_s": 373.4}
{"file": "model-00001-of-00008.safetensors", "completed_bytes": 1879048192, "total": 4974567112, "workers": 1, "elapsed_s": 394.0}
{"file": "model-00003-of-00008.safetensors", "completed_bytes": 1207959552, "total": 4630720296, "workers": 1, "elapsed_s": 399.3}
{"file": "model-00004-of-00008.safetensors", "completed_bytes": 1207959552, "total": 4630720320, "workers": 1, "elapsed_s": 420.7}
{"file": "model-00002-of-00008.safetensors", "completed_bytes": 1207959552, "total": 4630720272, "workers": 1, "elapsed_s": 421.8}
{"file": "model-00001-of-00008.safetensors", "completed_bytes": 2013265920, "total": 4974567112, "workers": 1, "elapsed_s": 439.3}
{"file": "model-00003-of-00008.safetensors", "completed_bytes": 1342177280, "total": 4630720296, "workers": 1, "elapsed_s": 452.7}
{"file": "model-00002-of-00008.safetensors", "completed_bytes": 1342177280, "total": 4630720272, "workers": 1, "elapsed_s": 465.5}
{"file": "model-00004-of-00008.safetensors", "completed_bytes": 1342177280, "total": 4630720320, "workers": 1, "elapsed_s": 466.6}
{"file": "model-00001-of-00008.safetensors", "completed_bytes": 2147483648, "total": 4974567112, "workers": 1, "elapsed_s": 483.9}
{"file": "model-00003-of-00008.safetensors", "completed_bytes": 1476395008, "total": 4630720296, "workers": 1, "elapsed_s": 497.0}
{"file": "model-00002-of-00008.safetensors", "completed_bytes": 1476395008, "total": 4630720272, "workers": 1, "elapsed_s": 508.6}
{"file": "model-00004-of-00008.safetensors", "completed_bytes": 1476395008, "total": 4630720320, "workers": 1, "elapsed_s": 519.5}
{"file": "model-00001-of-00008.safetensors", "completed_bytes": 2281701376, "total": 4974567112, "workers": 1, "elapsed_s": 525.3}
{"file": "model-00003-of-00008.safetensors", "completed_bytes": 1610612736, "total": 4630720296, "workers": 1, "elapsed_s": 544.0}
{"file": "model-00002-of-00008.safetensors", "completed_bytes": 1610612736, "total": 4630720272, "workers": 1, "elapsed_s": 557.2}
{"file": "model-00004-of-00008.safetensors", "completed_bytes": 1610612736, "total": 4630720320, "workers": 1, "elapsed_s": 561.1}
{"file": "model-00001-of-00008.safetensors", "completed_bytes": 2415919104, "total": 4974567112, "workers": 1, "elapsed_s": 575.5}
{"file": "model-00003-of-00008.safetensors", "completed_bytes": 1744830464, "total": 4630720296, "workers": 1, "elapsed_s": 592.8}
{"file": "model-00002-of-00008.safetensors", "completed_bytes": 1744830464, "total": 4630720272, "workers": 1, "elapsed_s": 598.0}
{"file": "model-00004-of-00008.safetensors", "completed_bytes": 1744830464, "total": 4630720320, "workers": 1, "elapsed_s": 609.6}
{"file": "model-00001-of-00008.safetensors", "completed_bytes": 2550136832, "total": 4974567112, "workers": 1, "elapsed_s": 619.4}
{"file": "model-00003-of-00008.safetensors", "completed_bytes": 1879048192, "total": 4630720296, "workers": 1, "elapsed_s": 636.5}
{"file": "model-00002-of-00008.safetensors", "completed_bytes": 1879048192, "total": 4630720272, "workers": 1, "elapsed_s": 642.6}
{"file": "model-00004-of-00008.safetensors", "completed_bytes": 1879048192, "total": 4630720320, "workers": 1, "elapsed_s": 658.9}
{"file": "model-00001-of-00008.safetensors", "completed_bytes": 2684354560, "total": 4974567112, "workers": 1, "elapsed_s": 664.7}
{"file": "model-00003-of-00008.safetensors", "completed_bytes": 2013265920, "total": 4630720296, "workers": 1, "elapsed_s": 684.5}
{"file": "model-00002-of-00008.safetensors", "completed_bytes": 2013265920, "total": 4630720272, "workers": 1, "elapsed_s": 686.5}
{"file": "model-00004-of-00008.safetensors", "completed_bytes": 2013265920, "total": 4630720320, "workers": 1, "elapsed_s": 705.9}
{"file": "model-00001-of-00008.safetensors", "completed_bytes": 2818572288, "total": 4974567112, "workers": 1, "elapsed_s": 706.0}
{"file": "model-00003-of-00008.safetensors", "completed_bytes": 2147483648, "total": 4630720296, "workers": 1, "elapsed_s": 729.8}
{"file": "model-00002-of-00008.safetensors", "completed_bytes": 2147483648, "total": 4630720272, "workers": 1, "elapsed_s": 733.8}
{"file": "model-00004-of-00008.safetensors", "completed_bytes": 2147483648, "total": 4630720320, "workers": 1, "elapsed_s": 750.2}
{"file": "model-00001-of-00008.safetensors", "completed_bytes": 2952790016, "total": 4974567112, "workers": 1, "elapsed_s": 752.8}
{"file": "model-00002-of-00008.safetensors", "completed_bytes": 2281701376, "total": 4630720272, "workers": 1, "elapsed_s": 778.1}
{"file": "model-00003-of-00008.safetensors", "completed_bytes": 2281701376, "total": 4630720296, "workers": 1, "elapsed_s": 778.4}
{"file": "model-00001-of-00008.safetensors", "completed_bytes": 3087007744, "total": 4974567112, "workers": 1, "elapsed_s": 796.1}
{"file": "model-00004-of-00008.safetensors", "completed_bytes": 2281701376, "total": 4630720320, "workers": 1, "elapsed_s": 797.7}
{"file": "model-00002-of-00008.safetensors", "completed_bytes": 2415919104, "total": 4630720272, "workers": 1, "elapsed_s": 825.1}
{"file": "model-00003-of-00008.safetensors", "completed_bytes": 2415919104, "total": 4630720296, "workers": 1, "elapsed_s": 825.8}
{"file": "model-00001-of-00008.safetensors", "completed_bytes": 3221225472, "total": 4974567112, "workers": 1, "elapsed_s": 837.6}
{"file": "model-00004-of-00008.safetensors", "completed_bytes": 2415919104, "total": 4630720320, "workers": 1, "elapsed_s": 843.5}
{"file": "model-00002-of-00008.safetensors", "completed_bytes": 2550136832, "total": 4630720272, "workers": 1, "elapsed_s": 870.3}
{"file": "model-00003-of-00008.safetensors", "completed_bytes": 2550136832, "total": 4630720296, "workers": 1, "elapsed_s": 875.2}
{"file": "model-00001-of-00008.safetensors", "completed_bytes": 3355443200, "total": 4974567112, "workers": 1, "elapsed_s": 881.4}
{"file": "model-00004-of-00008.safetensors", "completed_bytes": 2550136832, "total": 4630720320, "workers": 1, "elapsed_s": 888.7}
{"file": "model-00003-of-00008.safetensors", "completed_bytes": 2684354560, "total": 4630720296, "workers": 1, "elapsed_s": 919.2}
{"file": "model-00002-of-00008.safetensors", "completed_bytes": 2684354560, "total": 4630720272, "workers": 1, "elapsed_s": 919.9}
{"file": "model-00001-of-00008.safetensors", "completed_bytes": 3489660928, "total": 4974567112, "workers": 1, "elapsed_s": 923.6}
{"file": "model-00004-of-00008.safetensors", "completed_bytes": 2684354560, "total": 4630720320, "workers": 1, "elapsed_s": 937.6}
{"file": "model-00004-of-00008.safetensors", "completed_bytes": 2818572288, "total": 4630720320, "workers": 1, "elapsed_s": 964.5}
{"file": "model-00002-of-00008.safetensors", "completed_bytes": 2818572288, "total": 4630720272, "workers": 1, "elapsed_s": 969.7}
{"file": "model-00003-of-00008.safetensors", "completed_bytes": 2818572288, "total": 4630720296, "workers": 1, "elapsed_s": 970.6}
{"file": "model-00001-of-00008.safetensors", "completed_bytes": 3623878656, "total": 4974567112, "workers": 1, "elapsed_s": 975.2}
{"file": "model-00004-of-00008.safetensors", "completed_bytes": 2952790016, "total": 4630720320, "workers": 1, "elapsed_s": 1010.4}
{"file": "model-00003-of-00008.safetensors", "completed_bytes": 2952790016, "total": 4630720296, "workers": 1, "elapsed_s": 1014.0}
{"file": "model-00002-of-00008.safetensors", "completed_bytes": 2952790016, "total": 4630720272, "workers": 1, "elapsed_s": 1018.5}
{"file": "model-00001-of-00008.safetensors", "completed_bytes": 3758096384, "total": 4974567112, "workers": 1, "elapsed_s": 1024.4}
{"file": "model-00004-of-00008.safetensors", "completed_bytes": 3087007744, "total": 4630720320, "workers": 1, "elapsed_s": 1054.2}
{"file": "model-00003-of-00008.safetensors", "completed_bytes": 3087007744, "total": 4630720296, "workers": 1, "elapsed_s": 1057.7}
{"file": "model-00002-of-00008.safetensors", "completed_bytes": 3087007744, "total": 4630720272, "workers": 1, "elapsed_s": 1061.1}
{"file": "model-00001-of-00008.safetensors", "completed_bytes": 3892314112, "total": 4974567112, "workers": 1, "elapsed_s": 1076.5}
{"file": "model-00004-of-00008.safetensors", "completed_bytes": 3221225472, "total": 4630720320, "workers": 1, "elapsed_s": 1099.3}
{"file": "model-00003-of-00008.safetensors", "completed_bytes": 3221225472, "total": 4630720296, "workers": 1, "elapsed_s": 1102.8}
{"file": "model-00002-of-00008.safetensors", "completed_bytes": 3221225472, "total": 4630720272, "workers": 1, "elapsed_s": 1106.2}
{"file": "model-00001-of-00008.safetensors", "completed_bytes": 4026531840, "total": 4974567112, "workers": 1, "elapsed_s": 1120.9}
{"file": "model-00002-of-00008.safetensors", "completed_bytes": 3355443200, "total": 4630720272, "workers": 1, "elapsed_s": 1146.9}
{"file": "model-00003-of-00008.safetensors", "completed_bytes": 3355443200, "total": 4630720296, "workers": 1, "elapsed_s": 1147.3}
{"file": "model-00004-of-00008.safetensors", "completed_bytes": 3355443200, "total": 4630720320, "workers": 1, "elapsed_s": 1150.9}
{"file": "model-00001-of-00008.safetensors", "completed_bytes": 4160749568, "total": 4974567112, "workers": 1, "elapsed_s": 1164.1}
{"file": "model-00003-of-00008.safetensors", "completed_bytes": 3489660928, "total": 4630720296, "workers": 1, "elapsed_s": 1187.3}
{"file": "model-00002-of-00008.safetensors", "completed_bytes": 3489660928, "total": 4630720272, "workers": 1, "elapsed_s": 1195.7}
{"file": "model-00004-of-00008.safetensors", "completed_bytes": 3489660928, "total": 4630720320, "workers": 1, "elapsed_s": 1201.9}
{"file": "model-00001-of-00008.safetensors", "completed_bytes": 4294967296, "total": 4974567112, "workers": 1, "elapsed_s": 1210.2}
{"file": "model-00001-of-00008.safetensors", "completed_bytes": 4429185024, "total": 4974567112, "workers": 1, "elapsed_s": 1226.5}
{"file": "model-00003-of-00008.safetensors", "completed_bytes": 3623878656, "total": 4630720296, "workers": 1, "elapsed_s": 1241.7}
{"file": "model-00002-of-00008.safetensors", "completed_bytes": 3623878656, "total": 4630720272, "workers": 1, "elapsed_s": 1251.9}
{"file": "model-00004-of-00008.safetensors", "completed_bytes": 3623878656, "total": 4630720320, "workers": 1, "elapsed_s": 1260.3}
{"file": "model-00001-of-00008.safetensors", "completed_bytes": 4563402752, "total": 4974567112, "workers": 1, "elapsed_s": 1273.0}
{"file": "model-00003-of-00008.safetensors", "completed_bytes": 3758096384, "total": 4630720296, "workers": 1, "elapsed_s": 1282.7}
{"file": "model-00002-of-00008.safetensors", "completed_bytes": 3758096384, "total": 4630720272, "workers": 1, "elapsed_s": 1295.2}
{"file": "model-00004-of-00008.safetensors", "completed_bytes": 3758096384, "total": 4630720320, "workers": 1, "elapsed_s": 1308.3}
{"file": "model-00001-of-00008.safetensors", "completed_bytes": 4697620480, "total": 4974567112, "workers": 1, "elapsed_s": 1316.6}
{"file": "model-00003-of-00008.safetensors", "completed_bytes": 3892314112, "total": 4630720296, "workers": 1, "elapsed_s": 1326.9}
{"file": "model-00002-of-00008.safetensors", "completed_bytes": 3892314112, "total": 4630720272, "workers": 1, "elapsed_s": 1339.7}
{"file": "model-00004-of-00008.safetensors", "completed_bytes": 3892314112, "total": 4630720320, "workers": 1, "elapsed_s": 1359.4}
{"file": "model-00001-of-00008.safetensors", "completed_bytes": 4831838208, "total": 4974567112, "workers": 1, "elapsed_s": 1363.6}
{"file": "model-00003-of-00008.safetensors", "completed_bytes": 4026531840, "total": 4630720296, "workers": 1, "elapsed_s": 1374.0}
{"file": "model-00002-of-00008.safetensors", "completed_bytes": 4026531840, "total": 4630720272, "workers": 1, "elapsed_s": 1380.4}
{"file": "model-00004-of-00008.safetensors", "completed_bytes": 4026531840, "total": 4630720320, "workers": 1, "elapsed_s": 1406.0}
{"file": "model-00001-of-00008.safetensors", "completed_bytes": 4966055936, "total": 4974567112, "workers": 1, "elapsed_s": 1413.4}
{"file": "model-00003-of-00008.safetensors", "completed_bytes": 4160749568, "total": 4630720296, "workers": 1, "elapsed_s": 1416.3}
{"file": "model-00002-of-00008.safetensors", "completed_bytes": 4160749568, "total": 4630720272, "workers": 1, "elapsed_s": 1423.9}
VERIFIED model-00001-of-00008.safetensors 19ab63a529d72b101000396a03df34f2dc32e8d744b0c5cec50f0542eea6b8db
DONE MolmoPoint-8B model-00001-of-00008.safetensors
{"file": "model-00004-of-00008.safetensors", "completed_bytes": 4160749568, "total": 4630720320, "workers": 1, "elapsed_s": 1450.1}
{"file": "model-00003-of-00008.safetensors", "completed_bytes": 4294967296, "total": 4630720296, "workers": 1, "elapsed_s": 1453.1}
{"file": "model-00002-of-00008.safetensors", "completed_bytes": 4294967296, "total": 4630720272, "workers": 1, "elapsed_s": 1472.0}
{"file": "model-00005-of-00008.safetensors", "completed_bytes": 134217728, "total": 4630720320, "workers": 1, "elapsed_s": 49.4}
{"file": "model-00004-of-00008.safetensors", "completed_bytes": 4294967296, "total": 4630720320, "workers": 1, "elapsed_s": 1492.1}
{"file": "model-00003-of-00008.safetensors", "completed_bytes": 4429185024, "total": 4630720296, "workers": 1, "elapsed_s": 1496.2}
{"file": "model-00002-of-00008.safetensors", "completed_bytes": 4429185024, "total": 4630720272, "workers": 1, "elapsed_s": 1519.6}
{"file": "model-00005-of-00008.safetensors", "completed_bytes": 268435456, "total": 4630720320, "workers": 1, "elapsed_s": 96.0}
{"file": "model-00003-of-00008.safetensors", "completed_bytes": 4563402752, "total": 4630720296, "workers": 1, "elapsed_s": 1539.9}
{"file": "model-00004-of-00008.safetensors", "completed_bytes": 4429185024, "total": 4630720320, "workers": 1, "elapsed_s": 1540.7}
{"file": "model-00003-of-00008.safetensors", "completed_bytes": 4630720296, "total": 4630720296, "workers": 1, "elapsed_s": 1560.6}
{"file": "model-00002-of-00008.safetensors", "completed_bytes": 4563402752, "total": 4630720272, "workers": 1, "elapsed_s": 1566.7}
{"file": "model-00005-of-00008.safetensors", "completed_bytes": 402653184, "total": 4630720320, "workers": 1, "elapsed_s": 142.3}
VERIFIED model-00003-of-00008.safetensors c66ec2e00cd832d67a5f24ace0e4330e13627b82444784986062df6a2a973ac4
DONE MolmoPoint-8B model-00003-of-00008.safetensors
{"file": "model-00004-of-00008.safetensors", "completed_bytes": 4563402752, "total": 4630720320, "workers": 1, "elapsed_s": 1580.5}
{"file": "model-00002-of-00008.safetensors", "completed_bytes": 4630720272, "total": 4630720272, "workers": 1, "elapsed_s": 1588.2}
{"file": "model-00004-of-00008.safetensors", "completed_bytes": 4630720320, "total": 4630720320, "workers": 1, "elapsed_s": 1600.4}
VERIFIED model-00002-of-00008.safetensors 19fbea500ac2cb32175131e3009b4aebfc3c373e48b07ea51783b1049df34761
DONE MolmoPoint-8B model-00002-of-00008.safetensors
{"file": "model-00005-of-00008.safetensors", "completed_bytes": 536870912, "total": 4630720320, "workers": 1, "elapsed_s": 179.8}
{"file": "model-00006-of-00008.safetensors", "completed_bytes": 134217728, "total": 4630720320, "workers": 1, "elapsed_s": 38.1}
VERIFIED model-00004-of-00008.safetensors 20b4298b55a145d9ccdef463ffe3c344cbfd90e7fa67d0778d50f66688dacd27
DONE MolmoPoint-8B model-00004-of-00008.safetensors
{"file": "model-00007-of-00008.safetensors", "completed_bytes": 134217728, "total": 4091925052, "workers": 1, "elapsed_s": 40.4}
{"file": "model-00005-of-00008.safetensors", "completed_bytes": 671088640, "total": 4630720320, "workers": 1, "elapsed_s": 221.7}
{"file": "model-00008-of-00008.safetensors", "completed_bytes": 134217728, "total": 2491416816, "workers": 1, "elapsed_s": 43.7}
{"file": "model-00006-of-00008.safetensors", "completed_bytes": 268435456, "total": 4630720320, "workers": 1, "elapsed_s": 91.6}
{"file": "model-00007-of-00008.safetensors", "completed_bytes": 268435456, "total": 4091925052, "workers": 1, "elapsed_s": 81.5}
{"file": "model-00005-of-00008.safetensors", "completed_bytes": 805306368, "total": 4630720320, "workers": 1, "elapsed_s": 271.7}
{"file": "model-00008-of-00008.safetensors", "completed_bytes": 268435456, "total": 2491416816, "workers": 1, "elapsed_s": 88.9}
{"file": "model-00006-of-00008.safetensors", "completed_bytes": 402653184, "total": 4630720320, "workers": 1, "elapsed_s": 134.8}
{"file": "model-00007-of-00008.safetensors", "completed_bytes": 402653184, "total": 4091925052, "workers": 1, "elapsed_s": 124.6}
{"file": "model-00005-of-00008.safetensors", "completed_bytes": 939524096, "total": 4630720320, "workers": 1, "elapsed_s": 317.1}
{"file": "model-00008-of-00008.safetensors", "completed_bytes": 402653184, "total": 2491416816, "workers": 1, "elapsed_s": 134.2}
{"file": "model-00006-of-00008.safetensors", "completed_bytes": 536870912, "total": 4630720320, "workers": 1, "elapsed_s": 184.3}
{"file": "model-00007-of-00008.safetensors", "completed_bytes": 536870912, "total": 4091925052, "workers": 1, "elapsed_s": 169.8}
{"file": "model-00008-of-00008.safetensors", "completed_bytes": 536870912, "total": 2491416816, "workers": 1, "elapsed_s": 178.6}
{"file": "model-00005-of-00008.safetensors", "completed_bytes": 1073741824, "total": 4630720320, "workers": 1, "elapsed_s": 367.9}
{"file": "model-00006-of-00008.safetensors", "completed_bytes": 671088640, "total": 4630720320, "workers": 1, "elapsed_s": 229.7}
{"file": "model-00007-of-00008.safetensors", "completed_bytes": 671088640, "total": 4091925052, "workers": 1, "elapsed_s": 215.9}
{"file": "model-00005-of-00008.safetensors", "completed_bytes": 1207959552, "total": 4630720320, "workers": 1, "elapsed_s": 408.4}
{"file": "model-00008-of-00008.safetensors", "completed_bytes": 671088640, "total": 2491416816, "workers": 1, "elapsed_s": 227.3}
{"file": "model-00006-of-00008.safetensors", "completed_bytes": 805306368, "total": 4630720320, "workers": 1, "elapsed_s": 276.0}
{"file": "model-00007-of-00008.safetensors", "completed_bytes": 805306368, "total": 4091925052, "workers": 1, "elapsed_s": 267.5}
{"file": "model-00005-of-00008.safetensors", "completed_bytes": 1342177280, "total": 4630720320, "workers": 1, "elapsed_s": 449.7}
{"file": "model-00008-of-00008.safetensors", "completed_bytes": 805306368, "total": 2491416816, "workers": 1, "elapsed_s": 269.8}
{"file": "model-00006-of-00008.safetensors", "completed_bytes": 939524096, "total": 4630720320, "workers": 1, "elapsed_s": 327.3}
{"file": "model-00007-of-00008.safetensors", "completed_bytes": 939524096, "total": 4091925052, "workers": 1, "elapsed_s": 313.5}
{"file": "model-00005-of-00008.safetensors", "completed_bytes": 1476395008, "total": 4630720320, "workers": 1, "elapsed_s": 492.4}
{"file": "model-00008-of-00008.safetensors", "completed_bytes": 939524096, "total": 2491416816, "workers": 1, "elapsed_s": 313.9}
{"file": "model-00006-of-00008.safetensors", "completed_bytes": 1073741824, "total": 4630720320, "workers": 1, "elapsed_s": 375.8}
{"file": "model-00007-of-00008.safetensors", "completed_bytes": 1073741824, "total": 4091925052, "workers": 1, "elapsed_s": 358.0}
{"file": "model-00005-of-00008.safetensors", "completed_bytes": 1610612736, "total": 4630720320, "workers": 1, "elapsed_s": 534.9}
{"file": "model-00008-of-00008.safetensors", "completed_bytes": 1073741824, "total": 2491416816, "workers": 1, "elapsed_s": 365.4}
{"file": "model-00006-of-00008.safetensors", "completed_bytes": 1207959552, "total": 4630720320, "workers": 1, "elapsed_s": 419.0}
{"file": "model-00005-of-00008.safetensors", "completed_bytes": 1744830464, "total": 4630720320, "workers": 1, "elapsed_s": 577.7}
{"file": "model-00007-of-00008.safetensors", "completed_bytes": 1207959552, "total": 4091925052, "workers": 1, "elapsed_s": 406.1}
{"file": "model-00008-of-00008.safetensors", "completed_bytes": 1207959552, "total": 2491416816, "workers": 1, "elapsed_s": 413.3}
