DONE Molmo2-4B .gitattributes
DONE Molmo2-4B added_tokens.json
DONE Molmo2-4B chat_template.jinja
DONE Molmo2-4B config.json
DONE Molmo2-4B configuration.json
DONE Molmo2-4B configuration_molmo2.py
DONE Molmo2-4B generation_config.json
DONE Molmo2-4B image_processing_molmo2.py
DONE Molmo2-4B merges.txt
DONE Molmo2-4B model.safetensors.index.json
DONE Molmo2-4B modeling_molmo2.py
DONE Molmo2-4B molmo_2_logo_RGB.png
DONE Molmo2-4B preprocessor_config.json
DONE Molmo2-4B processing_molmo2.py
DONE Molmo2-4B processor_config.json
DONE Molmo2-4B README.md
DONE Molmo2-4B special_tokens_map.json
DONE Molmo2-4B tokenizer.json
DONE Molmo2-4B tokenizer_config.json
DONE Molmo2-4B video_preprocessor_config.json
DONE Molmo2-4B video_processing_molmo2.py
DONE Molmo2-4B vocab.json
DONE Molmo2-4B model-00001-of-00004.safetensors
{"file": "model-00004-of-00004.safetensors", "completed_bytes": 2281701376, "total": 4822393416, "workers": 2, "elapsed_s": 32.0}
{"file": "model-00003-of-00004.safetensors", "completed_bytes": 2281701376, "total": 4844691024, "workers": 2, "elapsed_s": 63.9}
{"file": "model-00004-of-00004.safetensors", "completed_bytes": 2415919104, "total": 4822393416, "workers": 2, "elapsed_s": 65.1}
{"file": "model-00002-of-00004.safetensors", "completed_bytes": 2281701376, "total": 4844690992, "workers": 2, "elapsed_s": 65.3}
{"file": "model-00004-of-00004.safetensors", "completed_bytes": 2550136832, "total": 4822393416, "workers": 2, "elapsed_s": 103.4}
{"file": "model-00003-of-00004.safetensors", "completed_bytes": 2550136832, "total": 4844691024, "workers": 2, "elapsed_s": 133.1}
{"file": "model-00002-of-00004.safetensors", "completed_bytes": 2550136832, "total": 4844690992, "workers": 2, "elapsed_s": 135.1}
{"file": "model-00004-of-00004.safetensors", "completed_bytes": 2684354560, "total": 4822393416, "workers": 2, "elapsed_s": 135.9}
{"file": "model-00004-of-00004.safetensors", "completed_bytes": 2818572288, "total": 4822393416, "workers": 2, "elapsed_s": 173.0}
{"file": "model-00003-of-00004.safetensors", "completed_bytes": 2818572288, "total": 4844691024, "workers": 2, "elapsed_s": 203.8}
{"file": "model-00004-of-00004.safetensors", "completed_bytes": 2952790016, "total": 4822393416, "workers": 2, "elapsed_s": 203.8}
{"file": "model-00002-of-00004.safetensors", "completed_bytes": 2818572288, "total": 4844690992, "workers": 2, "elapsed_s": 204.2}
