DONE Molmo2-4B .gitattributes
DONE Molmo2-4B added_tokens.json
DONE Molmo2-4B chat_template.jinja
DONE Molmo2-4B config.json
DONE Molmo2-4B configuration.json
DONE Molmo2-4B configuration_molmo2.py
DONE Molmo2-4B generation_config.json
DONE Molmo2-4B image_processing_molmo2.py
DONE Molmo2-4B merges.txt
DONE Molmo2-4B model.safetensors.index.json
DONE Molmo2-4B modeling_molmo2.py
DONE Molmo2-4B molmo_2_logo_RGB.png
DONE Molmo2-4B preprocessor_config.json
DONE Molmo2-4B processing_molmo2.py
DONE Molmo2-4B processor_config.json
DONE Molmo2-4B README.md
DONE Molmo2-4B special_tokens_map.json
DONE Molmo2-4B tokenizer.json
DONE Molmo2-4B tokenizer_config.json
DONE Molmo2-4B video_preprocessor_config.json
DONE Molmo2-4B video_processing_molmo2.py
DONE Molmo2-4B vocab.json
{"file": "model-00001-of-00004.safetensors", "completed_bytes": 3221225472, "total": 4891799000, "workers": 1, "elapsed_s": 59.9}
{"file": "model-00001-of-00004.safetensors", "completed_bytes": 3355443200, "total": 4891799000, "workers": 1, "elapsed_s": 107.8}
{"file": "model-00004-of-00004.safetensors", "completed_bytes": 134217728, "total": 4822393416, "workers": 1, "elapsed_s": 117.5}
{"file": "model-00003-of-00004.safetensors", "completed_bytes": 134217728, "total": 4844691024, "workers": 1, "elapsed_s": 124.5}
{"file": "model-00002-of-00004.safetensors", "completed_bytes": 134217728, "total": 4844690992, "workers": 1, "elapsed_s": 125.8}
{"file": "model-00001-of-00004.safetensors", "completed_bytes": 3489660928, "total": 4891799000, "workers": 1, "elapsed_s": 168.2}
{"file": "model-00004-of-00004.safetensors", "completed_bytes": 268435456, "total": 4822393416, "workers": 1, "elapsed_s": 188.3}
{"file": "model-00002-of-00004.safetensors", "completed_bytes": 268435456, "total": 4844690992, "workers": 1, "elapsed_s": 189.6}
{"file": "model-00003-of-00004.safetensors", "completed_bytes": 268435456, "total": 4844691024, "workers": 1, "elapsed_s": 192.3}
{"file": "model-00001-of-00004.safetensors", "completed_bytes": 3623878656, "total": 4891799000, "workers": 1, "elapsed_s": 215.6}
{"file": "model-00002-of-00004.safetensors", "completed_bytes": 402653184, "total": 4844690992, "workers": 1, "elapsed_s": 229.4}
{"file": "model-00004-of-00004.safetensors", "completed_bytes": 402653184, "total": 4822393416, "workers": 1, "elapsed_s": 236.5}
{"file": "model-00003-of-00004.safetensors", "completed_bytes": 402653184, "total": 4844691024, "workers": 1, "elapsed_s": 238.9}
{"file": "model-00001-of-00004.safetensors", "completed_bytes": 3758096384, "total": 4891799000, "workers": 1, "elapsed_s": 261.8}
{"file": "model-00002-of-00004.safetensors", "completed_bytes": 536870912, "total": 4844690992, "workers": 1, "elapsed_s": 276.0}
{"file": "model-00004-of-00004.safetensors", "completed_bytes": 536870912, "total": 4822393416, "workers": 1, "elapsed_s": 280.3}
{"file": "model-00003-of-00004.safetensors", "completed_bytes": 536870912, "total": 4844691024, "workers": 1, "elapsed_s": 285.3}
{"file": "model-00001-of-00004.safetensors", "completed_bytes": 3892314112, "total": 4891799000, "workers": 1, "elapsed_s": 309.3}
{"file": "model-00002-of-00004.safetensors", "completed_bytes": 671088640, "total": 4844690992, "workers": 1, "elapsed_s": 319.6}
{"file": "model-00004-of-00004.safetensors", "completed_bytes": 671088640, "total": 4822393416, "workers": 1, "elapsed_s": 324.3}
{"file": "model-00003-of-00004.safetensors", "completed_bytes": 671088640, "total": 4844691024, "workers": 1, "elapsed_s": 332.5}
{"file": "model-00001-of-00004.safetensors", "completed_bytes": 4026531840, "total": 4891799000, "workers": 1, "elapsed_s": 355.1}
{"file": "model-00002-of-00004.safetensors", "completed_bytes": 805306368, "total": 4844690992, "workers": 1, "elapsed_s": 365.0}
{"file": "model-00004-of-00004.safetensors", "completed_bytes": 805306368, "total": 4822393416, "workers": 1, "elapsed_s": 373.5}
{"file": "model-00003-of-00004.safetensors", "completed_bytes": 805306368, "total": 4844691024, "workers": 1, "elapsed_s": 374.3}
{"file": "model-00001-of-00004.safetensors", "completed_bytes": 4160749568, "total": 4891799000, "workers": 1, "elapsed_s": 404.7}
{"file": "model-00004-of-00004.safetensors", "completed_bytes": 939524096, "total": 4822393416, "workers": 1, "elapsed_s": 412.1}
{"file": "model-00002-of-00004.safetensors", "completed_bytes": 939524096, "total": 4844690992, "workers": 1, "elapsed_s": 414.0}
{"file": "model-00003-of-00004.safetensors", "completed_bytes": 939524096, "total": 4844691024, "workers": 1, "elapsed_s": 422.6}
{"file": "model-00004-of-00004.safetensors", "completed_bytes": 1073741824, "total": 4822393416, "workers": 1, "elapsed_s": 453.7}
{"file": "model-00001-of-00004.safetensors", "completed_bytes": 4294967296, "total": 4891799000, "workers": 1, "elapsed_s": 454.9}
{"file": "model-00002-of-00004.safetensors", "completed_bytes": 1073741824, "total": 4844690992, "workers": 1, "elapsed_s": 455.9}
{"file": "model-00003-of-00004.safetensors", "completed_bytes": 1073741824, "total": 4844691024, "workers": 1, "elapsed_s": 472.0}
{"file": "model-00001-of-00004.safetensors", "completed_bytes": 4429185024, "total": 4891799000, "workers": 1, "elapsed_s": 496.3}
{"file": "model-00004-of-00004.safetensors", "completed_bytes": 1207959552, "total": 4822393416, "workers": 1, "elapsed_s": 499.3}
{"file": "model-00002-of-00004.safetensors", "completed_bytes": 1207959552, "total": 4844690992, "workers": 1, "elapsed_s": 504.4}
{"file": "model-00003-of-00004.safetensors", "completed_bytes": 1207959552, "total": 4844691024, "workers": 1, "elapsed_s": 521.3}
{"file": "model-00001-of-00004.safetensors", "completed_bytes": 4563402752, "total": 4891799000, "workers": 1, "elapsed_s": 539.3}
{"file": "model-00004-of-00004.safetensors", "completed_bytes": 1342177280, "total": 4822393416, "workers": 1, "elapsed_s": 540.8}
{"file": "model-00002-of-00004.safetensors", "completed_bytes": 1342177280, "total": 4844690992, "workers": 1, "elapsed_s": 551.8}
{"file": "model-00003-of-00004.safetensors", "completed_bytes": 1342177280, "total": 4844691024, "workers": 1, "elapsed_s": 564.5}
{"file": "model-00001-of-00004.safetensors", "completed_bytes": 4697620480, "total": 4891799000, "workers": 1, "elapsed_s": 587.5}
{"file": "model-00004-of-00004.safetensors", "completed_bytes": 1476395008, "total": 4822393416, "workers": 1, "elapsed_s": 589.3}
{"file": "model-00002-of-00004.safetensors", "completed_bytes": 1476395008, "total": 4844690992, "workers": 1, "elapsed_s": 596.9}
{"file": "model-00003-of-00004.safetensors", "completed_bytes": 1476395008, "total": 4844691024, "workers": 1, "elapsed_s": 612.9}
{"file": "model-00004-of-00004.safetensors", "completed_bytes": 1610612736, "total": 4822393416, "workers": 1, "elapsed_s": 628.7}
{"file": "model-00001-of-00004.safetensors", "completed_bytes": 4831838208, "total": 4891799000, "workers": 1, "elapsed_s": 634.4}
{"file": "model-00002-of-00004.safetensors", "completed_bytes": 1610612736, "total": 4844690992, "workers": 1, "elapsed_s": 644.7}
{"file": "model-00001-of-00004.safetensors", "completed_bytes": 4891799000, "total": 4891799000, "workers": 1, "elapsed_s": 655.6}
{"file": "model-00003-of-00004.safetensors", "completed_bytes": 1610612736, "total": 4844691024, "workers": 1, "elapsed_s": 659.7}
VERIFIED model-00001-of-00004.safetensors 065ed844edb74cc3f3992415dc412cfae4c2f6e324de76dc84fffe3a652f6fd3
DONE Molmo2-4B model-00001-of-00004.safetensors
{"file": "model-00004-of-00004.safetensors", "completed_bytes": 1744830464, "total": 4822393416, "workers": 1, "elapsed_s": 669.4}
{"file": "model-00002-of-00004.safetensors", "completed_bytes": 1744830464, "total": 4844690992, "workers": 1, "elapsed_s": 680.4}
{"file": "model-00003-of-00004.safetensors", "completed_bytes": 1744830464, "total": 4844691024, "workers": 1, "elapsed_s": 693.9}
{"file": "model-00004-of-00004.safetensors", "completed_bytes": 1879048192, "total": 4822393416, "workers": 1, "elapsed_s": 702.6}
{"file": "model-00002-of-00004.safetensors", "completed_bytes": 1879048192, "total": 4844690992, "workers": 1, "elapsed_s": 715.1}
{"file": "model-00003-of-00004.safetensors", "completed_bytes": 1879048192, "total": 4844691024, "workers": 1, "elapsed_s": 725.2}
{"file": "model-00004-of-00004.safetensors", "completed_bytes": 2013265920, "total": 4822393416, "workers": 1, "elapsed_s": 741.9}
{"file": "model-00002-of-00004.safetensors", "completed_bytes": 2013265920, "total": 4844690992, "workers": 1, "elapsed_s": 748.7}
{"file": "model-00003-of-00004.safetensors", "completed_bytes": 2013265920, "total": 4844691024, "workers": 1, "elapsed_s": 758.0}
{"file": "model-00004-of-00004.safetensors", "completed_bytes": 2147483648, "total": 4822393416, "workers": 1, "elapsed_s": 772.0}
{"file": "model-00002-of-00004.safetensors", "completed_bytes": 2147483648, "total": 4844690992, "workers": 1, "elapsed_s": 788.9}
