{
  "schema_version": "ced.recovery-generation-result.v1",
  "assignment_id": "recovery-0001",
  "attempt": 1,
  "status": "PROVEN",
  "reason": null,
  "diagnostics": {
    "physical_calls": 7047,
    "raw_states": 7048,
    "actuator_rows": 7047,
    "teacher_actions": 9
  },
  "proof": {
    "injection_start_s": 0.500000003999999,
    "injection_end_s": 1.500000011999996,
    "measured_displacement_m": 0.01910200301195309,
    "recovery_start_s": 1.504166678699996,
    "independent_outcome": {
      "success": true,
      "status": "SUCCESS",
      "safety_violation": false,
      "failure_reason": null,
      "measured_lift_m": 0.0918537060125836,
      "hold_s": 0.6291666716999647,
      "placed_stable_s": 2.150000017200796,
      "elapsed_s": 29.362500234904367,
      "safety_events": [],
      "evidence_samples": 7048,
      "self_collision_checked_pairs": [
        [
          "base",
          "hand"
        ],
        [
          "base",
          "left_finger_geom"
        ],
        [
          "base",
          "link2"
        ],
        [
          "base",
          "link3"
        ],
        [
          "base",
          "link4"
        ],
        [
          "base",
          "link5"
        ],
        [
          "base",
          "link6"
        ],
        [
          "base",
          "right_finger_geom"
        ],
        [
          "link1",
          "hand"
        ],
        [
          "link1",
          "left_finger_geom"
        ],
        [
          "link1",
          "link3"
        ],
        [
          "link1",
          "link4"
        ],
        [
          "link1",
          "link5"
        ],
        [
          "link1",
          "link6"
        ],
        [
          "link1",
          "right_finger_geom"
        ],
        [
          "link2",
          "hand"
        ],
        [
          "link2",
          "left_finger_geom"
        ],
        [
          "link2",
          "link4"
        ],
        [
          "link2",
          "link5"
        ],
        [
          "link2",
          "link6"
        ],
        [
          "link2",
          "right_finger_geom"
        ],
        [
          "link3",
          "hand"
        ],
        [
          "link3",
          "left_finger_geom"
        ],
        [
          "link3",
          "link5"
        ],
        [
          "link3",
          "link6"
        ],
        [
          "link3",
          "right_finger_geom"
        ],
        [
          "link4",
          "hand"
        ],
        [
          "link4",
          "left_finger_geom"
        ],
        [
          "link4",
          "link6"
        ],
        [
          "link4",
          "right_finger_geom"
        ],
        [
          "link5",
          "hand"
        ],
        [
          "link5",
          "left_finger_geom"
        ],
        [
          "link5",
          "right_finger_geom"
        ]
      ],
      "safety_assessment": "SCOPED_NO_VIOLATION"
    }
  },
  "denominator": 200,
  "attempted": 1,
  "unattempted": 199,
  "g4_measured": false,
  "provider_calls": 0,
  "implicit_retries": 0,
  "retained_bytes": 101583657,
  "payload_hashes": {
    "raw-step-journal.jsonl": "295acbc8d799dd25980c0cfde274958b5a1bd43e30105d32a71107ec8f9894b8",
    "raw-actuators.jsonl": "ae8851aaea06b1fa0055b8e5dc4f6a23ad36d5d85413d38edcd333464cd17453",
    "execution-plan.json": "8d771a5522285978164446de44da9c8d96def5df041e774f79e3feac98be3b6f",
    "teacher-unframed-actions.json": "37517e5f3dc66819f61f5a7bb8ace1921282415f10551d2defa5c3eb0985b570",
    "raw-fault-events.json": "9b8084ce68ae2b6126b0a6a93375d583d516a690235ed0ed784e98a2c3d7c5dc",
    "physical-terminal.json": "7579c9d30f2163f421baaa14bce623ea93285bb96b0219c021487bce842d957a",
    "teacher-frames.json": "daa0483d3a242ffb75899fe89ff6ff6f33c913cb8ac83ac0c2ae08cf1fa3c5e8",
    "action-events.json": "dc75fb0ec0f4192410d94ad460d98db0e90607b787661262c1224537719ddb2f",
    "backend-commands.json": "101bc2476a13ca2fd8121d2e4c4f79ae8eceaf0f51d8d59942b575e6f76cf2c4",
    "raw-observations.jsonl": "4aa40b6bfadf6dacc380897aac5ece076197a68f45eaf1e09f97a2a3cdaef62e",
    "source/teacher-actions.json": "b7b7456ee74b5e0103f28ff191909f912d6d96ccbb3bf44a1f2483ac12baee20",
    "source/fault-events.json": "9b8084ce68ae2b6126b0a6a93375d583d516a690235ed0ed784e98a2c3d7c5dc",
    "source/commands.json": "8b8b6ccbea9f576dde84cb1f9c544999cae849c7cdac8662dc25e0401a62c7a9",
    "source/actuator-provenance.json": "5f72618858a25f99401bdffe542ec51b369f098e7983c4a0963e99059fe10905",
    "source/attempt.json": "5dc3b520c2a13ab2885cbd2d8941a1061a4b0610a5ce8cdc53817048063768fb",
    "source/physical-observations.json": "5f45ce80d954f0d9221e05c9e6b97bcf855ab7657d233b80528d6be2312745a6"
  }
}
