	Command being timed: "env PYTHONPATH=src:. PYTHONDONTWRITEBYTECODE=1 .venv/bin/python artifacts/research/process/20261004-ced-development/astra-repair-execution/R07/actual-first-attempt/independent-recompute.py"
	User time (seconds): 3.50
	System time (seconds): 0.16
	Percent of CPU this job got: 140%
	Elapsed (wall clock) time (h:mm:ss or m:ss): 0:02.62
	Average shared text size (kbytes): 0
	Average unshared data size (kbytes): 0
	Average stack size (kbytes): 0
	Average total size (kbytes): 0
	Maximum resident set size (kbytes): 239916
	Average resident set size (kbytes): 0
	Major (requiring I/O) page faults: 0
	Minor (reclaiming a frame) page faults: 72024
	Voluntary context switches: 17
	Involuntary context switches: 404
	Swaps: 0
	File system inputs: 0
	File system outputs: 32
	Socket messages sent: 0
	Socket messages received: 0
	Signals delivered: 0
	Page size (bytes): 4096
	Exit status: 0
