	Command being timed: "env MUJOCO_GL=egl PYTHONPATH=src:. PYTHONDONTWRITEBYTECODE=1 .venv/bin/python scripts/generate_rgbd_protocol_evidence.py --protocol artifacts/research/process/20261004-ced-development/astra-repair-execution/R07/producer/protocol-final --assignment recovery-0001 --attempt 1 --output artifacts/research/process/20261004-ced-development/astra-repair-execution/R07/producer/raw/recovery-0001/attempt-1 --expected-protocol-hash 66570b912ba08e0924e4cbe31098be9df7f1f02ed43548b131f65b2695ded724 --execute-once"
	User time (seconds): 18.15
	System time (seconds): 0.57
	Percent of CPU this job got: 107%
	Elapsed (wall clock) time (h:mm:ss or m:ss): 0:17.45
	Average shared text size (kbytes): 0
	Average unshared data size (kbytes): 0
	Average stack size (kbytes): 0
	Average total size (kbytes): 0
	Maximum resident set size (kbytes): 410528
	Average resident set size (kbytes): 0
	Major (requiring I/O) page faults: 0
	Minor (reclaiming a frame) page faults: 112302
	Voluntary context switches: 34824
	Involuntary context switches: 573
	Swaps: 0
	File system inputs: 0
	File system outputs: 200272
	Socket messages sent: 0
	Socket messages received: 0
	Signals delivered: 0
	Page size (bytes): 4096
	Exit status: 0
