{
  "baseline": {
    "status": "COMPLETE",
    "reasons": [],
    "counts": {
      "allocated_episodes": 1,
      "allocated_actions": 1,
      "recorded_actions": 1,
      "missing_actions": 0,
      "partial_actions": 0,
      "rejected_actions": 0,
      "allocated_acquisitions": 2,
      "recorded_acquisitions": 2,
      "recorded_acquisition_records": 2,
      "distinct_acquisition_intervals": 2,
      "derived_online_inputs": 0,
      "missing_acquisitions": 0,
      "physics_expected": 121,
      "physics_recorded": 121,
      "commands_expected": 1,
      "commands_recorded": 1
    },
    "scope": "SOURCE_CONSISTENCY_ONLY"
  },
  "real_backend_clipped_control": {
    "status": "COMPLETE",
    "reasons": [],
    "counts": {
      "allocated_episodes": 1,
      "allocated_actions": 1,
      "recorded_actions": 1,
      "missing_actions": 0,
      "partial_actions": 0,
      "rejected_actions": 0,
      "allocated_acquisitions": 2,
      "recorded_acquisitions": 2,
      "recorded_acquisition_records": 2,
      "distinct_acquisition_intervals": 2,
      "derived_online_inputs": 0,
      "missing_acquisitions": 0,
      "physics_expected": 121,
      "physics_recorded": 121,
      "commands_expected": 1,
      "commands_recorded": 1
    },
    "scope": "SOURCE_CONSISTENCY_ONLY"
  },
  "wrong_unclipped_formula_control": {
    "status": "INVALID",
    "reasons": [
      "recorded_control_equation_mismatch"
    ],
    "counts": {
      "allocated_episodes": 1,
      "allocated_actions": 1,
      "recorded_actions": 1,
      "missing_actions": 0,
      "partial_actions": 0,
      "rejected_actions": 0,
      "allocated_acquisitions": 2,
      "recorded_acquisitions": 2,
      "recorded_acquisition_records": 2,
      "distinct_acquisition_intervals": 2,
      "derived_online_inputs": 0,
      "missing_acquisitions": 0,
      "physics_expected": 121,
      "physics_recorded": 121,
      "commands_expected": 1,
      "commands_recorded": 1
    },
    "scope": "SOURCE_CONSISTENCY_ONLY"
  },
  "real_camera_time_inside_acquisition_bracket": {
    "status": "COMPLETE",
    "reasons": [],
    "counts": {
      "allocated_episodes": 1,
      "allocated_actions": 1,
      "recorded_actions": 1,
      "missing_actions": 0,
      "partial_actions": 0,
      "rejected_actions": 0,
      "allocated_acquisitions": 2,
      "recorded_acquisitions": 2,
      "recorded_acquisition_records": 2,
      "distinct_acquisition_intervals": 2,
      "derived_online_inputs": 0,
      "missing_acquisitions": 0,
      "physics_expected": 121,
      "physics_recorded": 121,
      "commands_expected": 1,
      "commands_recorded": 1
    },
    "scope": "SOURCE_CONSISTENCY_ONLY"
  }
}
