...............................FFF.......................                [100%]
=================================== FAILURES ===================================
____________________ test_b0_selected_from_feasible_periods ____________________

tmp_path = PosixPath('/tmp/pytest-of-ningyd/pytest-536/test_b0_selected_from_feasible0')

    def test_b0_selected_from_feasible_periods(tmp_path: Path):
        module = import_module("cloud_edge_robot_arm.auto_mode.baseline_policies")
        curves = {
            0.5: _selection_tree(tmp_path / "half", 0.5, requests=1, failed=20),
            1: _selection_tree(tmp_path / "one", 1, requests=2, duration=4),
            2: _selection_tree(tmp_path / "two", 2, requests=1, duration=8),
            5: _selection_tree(tmp_path / "five", 5, requests=1, duration=9),
        }
        result = module.select_b0(curves)
>       assert result["errors"] == []
E       AssertionError: assert ['0.5: ValueE...s incomplete'] == []
E         
E         Left contains one more item: '0.5: ValueError: selection physical safety assessment is incomplete'
E         Use -v to get more diff

tests/test_runtime_auto_baselines.py:451: AssertionError
__________ test_complete_no_feasible_baseline_disables_savings_claim ___________

tmp_path = PosixPath('/tmp/pytest-of-ningyd/pytest-536/test_complete_no_feasible_base0')

    def test_complete_no_feasible_baseline_disables_savings_claim(tmp_path: Path):
        module = import_module("cloud_edge_robot_arm.auto_mode.baseline_policies")
        curves = {p: _selection_tree(tmp_path / str(p), p, failed=30) for p in [0.5, 1, 2, 5]}
        result = module.select_b0(curves)
>       assert result["status"] == "NO_FEASIBLE_BASELINE"
E       AssertionError: assert 'INCOMPLETE' == 'NO_FEASIBLE_BASELINE'
E         
E         - NO_FEASIBLE_BASELINE
E         + INCOMPLETE

tests/test_runtime_auto_baselines.py:460: AssertionError
____ test_selection_rejects_published_success_without_raw_physical_success _____

tmp_path = PosixPath('/tmp/pytest-of-ningyd/pytest-536/test_selection_rejects_publish0')

    def test_selection_rejects_published_success_without_raw_physical_success(tmp_path: Path):
        import json
    
        module = import_module("cloud_edge_robot_arm.auto_mode.baseline_policies")
        curves = {p: _selection_tree(tmp_path / str(p), p) for p in [0.5, 1, 2, 5]}
        root = curves[1]
        assignments = json.loads((root / "assignments.json").read_text())
        case = root / "cases" / assignments[0]["assignment_id"]
        (case / "physical-evidence.json").unlink()
        (case / "physical-evidence.json").write_bytes((root / "bad.json").read_bytes())
        result = module.select_b0(curves)
        assert result["status"] == "INCOMPLETE" and result["selected_period_s"] is None
>       assert any("raw physical" in error for error in result["errors"])
E       assert False
E        +  where False = any(<generator object test_selection_rejects_published_success_without_raw_physical_success.<locals>.<genexpr> at 0x79f08e6f1cb0>)

tests/test_runtime_auto_baselines.py:476: AssertionError
=========================== short test summary info ============================
FAILED tests/test_runtime_auto_baselines.py::test_b0_selected_from_feasible_periods
FAILED tests/test_runtime_auto_baselines.py::test_complete_no_feasible_baseline_disables_savings_claim
FAILED tests/test_runtime_auto_baselines.py::test_selection_rejects_published_success_without_raw_physical_success
3 failed, 54 passed in 44.46s
