E501 Line too long (114 > 100)
   --> src/cloud_edge_robot_arm/auto_mode/baseline_policies.py:437:101
    |
435 |         target=assignment['scene']['scene_parameters']['target']
436 |         destination=assignment['scene']['scene_parameters']['destination']
437 |         if (any(abs(a-b)>.005 for a,b in zip(initial['object_position_m'][:2],target['position'][:2],strict=True))
    |                                                                                                     ^^^^^^^^^^^^^^
438 |                 or any(abs(a-b)>.003 for a,b in zip(initial['object_half_extent_xy_m'],target['half_size'][:2],strict=True))):
439 |             raise ValueError('selection physical source does not match assigned object geometry')
    |

E501 Line too long (126 > 100)
   --> src/cloud_edge_robot_arm/auto_mode/baseline_policies.py:438:101
    |
436 |         destination=assignment['scene']['scene_parameters']['destination']
437 |         if (any(abs(a-b)>.005 for a,b in zip(initial['object_position_m'][:2],target['position'][:2],strict=True))
438 |                 or any(abs(a-b)>.003 for a,b in zip(initial['object_half_extent_xy_m'],target['half_size'][:2],strict=True))):
    |                                                                                                     ^^^^^^^^^^^^^^^^^^^^^^^^^^
439 |             raise ValueError('selection physical source does not match assigned object geometry')
440 |         if any(any(abs(a-b)>1e-6 for a,b in zip(sample['region_center_xy_m'],destination['position'][:2],strict=True))
    |

E501 Line too long (118 > 100)
   --> src/cloud_edge_robot_arm/auto_mode/baseline_policies.py:440:101
    |
438 |                 or any(abs(a-b)>.003 for a,b in zip(initial['object_half_extent_xy_m'],target['half_size'][:2],strict=True))):
439 |             raise ValueError('selection physical source does not match assigned object geometry')
440 |         if any(any(abs(a-b)>1e-6 for a,b in zip(sample['region_center_xy_m'],destination['position'][:2],strict=True))
    |                                                                                                     ^^^^^^^^^^^^^^^^^^
441 |                 or any(abs(a-b)>1e-6 for a,b in zip(sample['region_half_extent_xy_m'],destination['half_size'][:2],strict=True))
442 |                 for sample in samples):
    |

E501 Line too long (128 > 100)
   --> src/cloud_edge_robot_arm/auto_mode/baseline_policies.py:441:101
    |
439 |             raise ValueError('selection physical source does not match assigned object geometry')
440 |         if any(any(abs(a-b)>1e-6 for a,b in zip(sample['region_center_xy_m'],destination['position'][:2],strict=True))
441 |                 or any(abs(a-b)>1e-6 for a,b in zip(sample['region_half_extent_xy_m'],destination['half_size'][:2],strict=True))
    |                                                                                                     ^^^^^^^^^^^^^^^^^^^^^^^^^^^^
442 |                 for sample in samples):
443 |             raise ValueError('selection physical source does not match fixed destination geometry')
    |

E501 Line too long (109 > 100)
   --> src/cloud_edge_robot_arm/auto_mode/baseline_policies.py:553:101
    |
551 |         if snapshot.method_id=='B2':
552 |             original=AutoModePolicy(version='auto-v1')
553 |             if (snapshot.policy_version!=original.version or snapshot.min_dwell_s!=original.min_dwell_seconds
    |                                                                                                     ^^^^^^^^^
554 |                     or snapshot.cooldown_s!=original.switch_cooldown_seconds or snapshot.max_switches!=original.max_switches_per_task
555 |                     or snapshot.confirmation_count!=original.confirmation_count):
    |

E501 Line too long (133 > 100)
   --> src/cloud_edge_robot_arm/auto_mode/baseline_policies.py:554:101
    |
552 |             original=AutoModePolicy(version='auto-v1')
553 |             if (snapshot.policy_version!=original.version or snapshot.min_dwell_s!=original.min_dwell_seconds
554 |                     or snapshot.cooldown_s!=original.switch_cooldown_seconds or snapshot.max_switches!=original.max_switches_per_task
    |                                                                                                     ^^^^^^^^^^^^^^^^^^^^^^^^^^^^^^^^^
555 |                     or snapshot.confirmation_count!=original.confirmation_count):
556 |                 raise ValueError('B2 original frozen mode rules cannot be rewritten by selection')
    |

E501 Line too long (105 > 100)
   --> src/cloud_edge_robot_arm/auto_mode/baseline_policies.py:564:101
    |
562 |             raise ValueError('mode selection manifest hash mismatch')
563 |         manifest=json.loads(path.read_text())
564 |         if manifest.get('schema_version')!='ced.mode-selection.v1' or manifest.get('stage')!='SELECTION':
    |                                                                                                     ^^^^^
565 |             raise ValueError('mode policy requires an explicit selection manifest')
566 |         candidates=manifest['candidates']
    |

E501 Line too long (104 > 100)
   --> src/cloud_edge_robot_arm/auto_mode/baseline_policies.py:585:101
    |
583 |             for assignment in assignments:
584 |                 log=json.loads((raw/'cases'/assignment['assignment_id']/'mode-transition-events.json').read_text())
585 |                 if log['policy_parameters'] != params or log['source_hashes'] != snapshot.source_hashes:
    |                                                                                                     ^^^^
586 |                     raise ValueError('case mode policy binding mismatch')
587 |                 transitions=[AutoModeTransition.model_validate(row) for row in log['committed_transitions']]
    |

E501 Line too long (108 > 100)
   --> src/cloud_edge_robot_arm/auto_mode/baseline_policies.py:587:101
    |
585 |                 if log['policy_parameters'] != params or log['source_hashes'] != snapshot.source_hashes:
586 |                     raise ValueError('case mode policy binding mismatch')
587 |                 transitions=[AutoModeTransition.model_validate(row) for row in log['committed_transitions']]
    |                                                                                                     ^^^^^^^^
588 |                 from cloud_edge_robot_arm.auto_mode.models import ModeTransitionCheckpoint
589 |                 checkpoints=[ModeTransitionCheckpoint.model_validate(row) for row in log['checkpoints']]
    |

E501 Line too long (104 > 100)
   --> src/cloud_edge_robot_arm/auto_mode/baseline_policies.py:589:101
    |
587 |                 transitions=[AutoModeTransition.model_validate(row) for row in log['committed_transitions']]
588 |                 from cloud_edge_robot_arm.auto_mode.models import ModeTransitionCheckpoint
589 |                 checkpoints=[ModeTransitionCheckpoint.model_validate(row) for row in log['checkpoints']]
    |                                                                                                     ^^^^
590 |                 if len(checkpoints)!=len(transitions):
591 |                     raise ValueError('every mode commit must have one verified checkpoint')
    |

E702 Multiple statements on one line (semicolon)
   --> src/cloud_edge_robot_arm/auto_mode/baseline_policies.py:593:33
    |
591 |                     raise ValueError('every mode commit must have one verified checkpoint')
592 |                 episode=json.loads((raw/'cases'/assignment['assignment_id']/'episode.json').read_text())
593 |                 previous_at=None;previous_version=None
    |                                 ^
594 |                 for ordinal,transition in enumerate(transitions):
595 |                     checkpoint=checkpoints[ordinal]
    |

E501 Line too long (107 > 100)
   --> src/cloud_edge_robot_arm/auto_mode/baseline_policies.py:596:101
    |
594 |                 for ordinal,transition in enumerate(transitions):
595 |                     checkpoint=checkpoints[ordinal]
596 |                     if (checkpoint.task_id!=transition.task_id or transition.task_id!=episode['episode_id']
    |                                                                                                     ^^^^^^^
597 |                             or checkpoint.mode_version!=transition.expected_mode_version
598 |                             or checkpoint.atomic_action_active or checkpoint.confirmation_count<params['confirmation_count']
    |

E501 Line too long (124 > 100)
   --> src/cloud_edge_robot_arm/auto_mode/baseline_policies.py:598:101
    |
596 |                     if (checkpoint.task_id!=transition.task_id or transition.task_id!=episode['episode_id']
597 |                             or checkpoint.mode_version!=transition.expected_mode_version
598 |                             or checkpoint.atomic_action_active or checkpoint.confirmation_count<params['confirmation_count']
    |                                                                                                     ^^^^^^^^^^^^^^^^^^^^^^^^
599 |                             or transition.committed_at is None or checkpoint.persisted_at>transition.committed_at):
600 |                         raise ValueError('mode selection checkpoint identity/boundary/confirmation is invalid')
    |

E501 Line too long (115 > 100)
   --> src/cloud_edge_robot_arm/auto_mode/baseline_policies.py:599:101
    |
597 |                             or checkpoint.mode_version!=transition.expected_mode_version
598 |                             or checkpoint.atomic_action_active or checkpoint.confirmation_count<params['confirmation_count']
599 |                             or transition.committed_at is None or checkpoint.persisted_at>transition.committed_at):
    |                                                                                                     ^^^^^^^^^^^^^^^
600 |                         raise ValueError('mode selection checkpoint identity/boundary/confirmation is invalid')
601 |                     if (transition.status != AutoModeTransitionStatus.COMMITTED
    |

E501 Line too long (111 > 100)
   --> src/cloud_edge_robot_arm/auto_mode/baseline_policies.py:600:101
    |
598 |                             or checkpoint.atomic_action_active or checkpoint.confirmation_count<params['confirmation_count']
599 |                             or transition.committed_at is None or checkpoint.persisted_at>transition.committed_at):
600 |                         raise ValueError('mode selection checkpoint identity/boundary/confirmation is invalid')
    |                                                                                                     ^^^^^^^^^^^
601 |                     if (transition.status != AutoModeTransitionStatus.COMMITTED
602 |                             or transition.committed_at is None
    |

E501 Line too long (118 > 100)
   --> src/cloud_edge_robot_arm/auto_mode/baseline_policies.py:605:101
    |
603 |                             or transition.committed_at < transition.prepared_at
604 |                             or transition.new_mode_version != transition.expected_mode_version+1
605 |                             or (previous_version is not None and transition.expected_mode_version != previous_version)
    |                                                                                                     ^^^^^^^^^^^^^^^^^^
606 |                             or ordinal >= params['max_switches']):
607 |                         raise ValueError('mode selection transition CAS/order/limit evidence is invalid')
    |

E501 Line too long (105 > 100)
   --> src/cloud_edge_robot_arm/auto_mode/baseline_policies.py:607:101
    |
605 |                             or (previous_version is not None and transition.expected_mode_version != previous_version)
606 |                             or ordinal >= params['max_switches']):
607 |                         raise ValueError('mode selection transition CAS/order/limit evidence is invalid')
    |                                                                                                     ^^^^^
608 |                     baseline_at=previous_at or datetime.fromisoformat(log['initial_last_switch_at'])
609 |                     required=max(float(params['min_dwell_s']),float(params['cooldown_s']))
    |

E702 Multiple statements on one line (semicolon)
   --> src/cloud_edge_robot_arm/auto_mode/baseline_policies.py:613:56
    |
611 |                             or (transition.committed_at-baseline_at).total_seconds() < required):
612 |                         raise ValueError('mode selection transition violates frozen dwell/cooldown')
613 |                     previous_at=transition.committed_at;previous_version=transition.new_mode_version
    |                                                        ^
614 |                     commits+=1
615 |             if commits==0:
    |

E501 Line too long (143 > 100)
   --> src/cloud_edge_robot_arm/auto_mode/baseline_policies.py:620:101
    |
618 | …
619 | …
620 | …signment_hash'] or curve['bindings'] != reference['bindings'] for curve in curves[1:]):
    |                                              ^^^^^^^^^^^^^^^^^^^^^^^^^^^^^^^^^^^^^^^^^^^
621 | …do not share assignments and frozen roles')
622 | …atic_success_rate']>=.9 and curve['success_rate']>=.8 and curve['safety_violation_rate']<=.01]
    |

E501 Line too long (150 > 100)
   --> src/cloud_edge_robot_arm/auto_mode/baseline_policies.py:622:101
    |
620 | …nment_hash'] or curve['bindings'] != reference['bindings'] for curve in curves[1:]):
621 | …not share assignments and frozen roles')
622 | …c_success_rate']>=.9 and curve['success_rate']>=.8 and curve['safety_violation_rate']<=.01]
    |                                           ^^^^^^^^^^^^^^^^^^^^^^^^^^^^^^^^^^^^^^^^^^^^^^^^^^
623 | …
624 | …e candidate')
    |

E501 Line too long (130 > 100)
   --> src/cloud_edge_robot_arm/auto_mode/baseline_policies.py:625:101
    |
623 |         if not feasible:
624 |             raise ValueError('mode selection has no feasible candidate')
625 |         winner=min(feasible,key=lambda curve:(curve['actual_cloud_requests'],curve['mean_wall_duration_s'],curve['candidate_id']))
    |                                                                                                     ^^^^^^^^^^^^^^^^^^^^^^^^^^^^^^
626 |         if manifest['selected_candidate_id'] != winner['candidate_id'] or snapshot.parameters() != winner['parameters']:
627 |             raise ValueError('mode policy snapshot is not the verified selection winner')
    |

E501 Line too long (120 > 100)
   --> src/cloud_edge_robot_arm/auto_mode/baseline_policies.py:626:101
    |
624 |             raise ValueError('mode selection has no feasible candidate')
625 |         winner=min(feasible,key=lambda curve:(curve['actual_cloud_requests'],curve['mean_wall_duration_s'],curve['candidate_id']))
626 |         if manifest['selected_candidate_id'] != winner['candidate_id'] or snapshot.parameters() != winner['parameters']:
    |                                                                                                     ^^^^^^^^^^^^^^^^^^^^
627 |             raise ValueError('mode policy snapshot is not the verified selection winner')
628 |         verdict.update(accepted=True,selection_manifest_hash=snapshot.selection_manifest_hash,policy_parameters=snapshot.parameters())
    |

E501 Line too long (108 > 100)
  --> src/cloud_edge_robot_arm/auto_mode/transition_service.py:44:101
   |
42 |         self._commit_guard = commit_guard
43 |         self._require_verified_boundary = require_verified_boundary
44 |         self._mode_switch_policy = (ModeSwitchPolicySnapshot.model_validate(mode_switch_policy.model_dump())
   |                                                                                                     ^^^^^^^^
45 |                                     if mode_switch_policy is not None else None)
   |

E702 Multiple statements on one line (semicolon)
   --> tests/test_mode_transition_cas.py:261:38
    |
259 | def test_research_missing_selection_policy_cannot_commit():
260 |     module=import_module('cloud_edge_robot_arm.auto_mode.models')
261 |     repo=InMemoryAutoModeRepository();initialize(repo)
    |                                      ^
262 |     boundary=module.ModeTransitionCheckpoint(task_id='task',checkpoint_id='cp',plan_version=1,command_seq=1,
263 |                 mode_version=1,atomic_action_active=False,confirmation_count=2,persisted_at=NOW)
    |

E702 Multiple statements on one line (semicolon)
   --> tests/test_mode_transition_cas.py:266:40
    |
264 |     service=ModeTransitionService(repository=repo,clock=lambda:NOW,require_verified_boundary=True,
265 |                                   commit_guard=lambda record:boundary)
266 |     prepared=service.prepare(request());repo.save_transition_checkpoint(prepared.transition_id,boundary)
    |                                        ^
267 |     with pytest.raises(ValueError,match='selection'):
268 |         service.commit(prepared.transition_id)
    |

E702 Multiple statements on one line (semicolon)
   --> tests/test_mode_transition_cas.py:284:38
    |
282 |     module=import_module('cloud_edge_robot_arm.auto_mode.models')
283 |     snapshot=mode_policy_snapshot(tmp_path/'selection')
284 |     repo=InMemoryAutoModeRepository();initialize(repo)
    |                                      ^
285 |     state=repo.get_status('task').model_copy(update={'last_switch_at':NOW-timedelta(seconds=600),**change})
286 |     repo.save_status(state)
    |

E702 Multiple statements on one line (semicolon)
   --> tests/test_mode_transition_cas.py:291:40
    |
289 |     service=ModeTransitionService(repository=repo,clock=lambda:NOW,require_verified_boundary=True,
290 |                                   mode_switch_policy=snapshot,commit_guard=lambda record:boundary)
291 |     prepared=service.prepare(request());repo.save_transition_checkpoint(prepared.transition_id,boundary)
    |                                        ^
292 |     with pytest.raises(ValueError,match=reason):
293 |         service.commit(prepared.transition_id)
    |

E702 Multiple statements on one line (semicolon)
   --> tests/test_runtime_auto_baselines.py:513:43
    |
511 |              'candidates':[{'candidate_id':'original','directory':'candidate','b0_period_s':1,
512 |                             'parameters':params,'source_hashes':source_hashes}]}
513 |     path=root/'mode-policy-selection.json';path.write_text(json.dumps(manifest))
    |                                           ^
514 |     return ModeSwitchPolicySnapshot(**params,source_hashes=source_hashes,selection_directory=str(root),
515 |              selection_manifest_hash=hashlib.sha256(path.read_bytes()).hexdigest())
    |

E501 Line too long (103 > 100)
   --> tests/test_runtime_auto_baselines.py:514:101
    |
512 |                             'parameters':params,'source_hashes':source_hashes}]}
513 |     path=root/'mode-policy-selection.json';path.write_text(json.dumps(manifest))
514 |     return ModeSwitchPolicySnapshot(**params,source_hashes=source_hashes,selection_directory=str(root),
    |                                                                                                     ^^^
515 |              selection_manifest_hash=hashlib.sha256(path.read_bytes()).hexdigest())
    |

Found 32 errors (3 fixed, 29 remaining).
