FFFF                                                                     [100%]
=================================== FAILURES ===================================
_ test_original_acquisition_action_utc_chronology_and_missing_reset_are_explicit[2020-01-01T00:00:00+00:00-False] _

when = '2020-01-01T00:00:00+00:00', bad = False

    @pytest.mark.parametrize("when,bad", [
        ("2020-01-01T00:00:00+00:00", False),
        ("2026-10-04T00:00:00.099998+00:00", True),
        ("2099-01-01T00:00:00+00:00", True),
    ])
    def test_original_acquisition_action_utc_chronology_and_missing_reset_are_explicit(when, bad):
        _, producer = api()
        envelope, records = raw_fixture()
        clock = clock_originals(envelope, records)
>       reasons = producer.preregistration_reasons({"preregistered_at": when}, envelope, records, clock)
                  ^^^^^^^^^^^^^^^^^^^^^^^^^^^^^^^^
E       AttributeError: module 'cloud_edge_robot_arm.research.native_geometry_calibration' has no attribute 'preregistration_reasons'

tests/test_native_calibration_source.py:622: AttributeError
_ test_original_acquisition_action_utc_chronology_and_missing_reset_are_explicit[2026-10-04T00:00:00.099998+00:00-True] _

when = '2026-10-04T00:00:00.099998+00:00', bad = True

    @pytest.mark.parametrize("when,bad", [
        ("2020-01-01T00:00:00+00:00", False),
        ("2026-10-04T00:00:00.099998+00:00", True),
        ("2099-01-01T00:00:00+00:00", True),
    ])
    def test_original_acquisition_action_utc_chronology_and_missing_reset_are_explicit(when, bad):
        _, producer = api()
        envelope, records = raw_fixture()
        clock = clock_originals(envelope, records)
>       reasons = producer.preregistration_reasons({"preregistered_at": when}, envelope, records, clock)
                  ^^^^^^^^^^^^^^^^^^^^^^^^^^^^^^^^
E       AttributeError: module 'cloud_edge_robot_arm.research.native_geometry_calibration' has no attribute 'preregistration_reasons'

tests/test_native_calibration_source.py:622: AttributeError
_ test_original_acquisition_action_utc_chronology_and_missing_reset_are_explicit[2099-01-01T00:00:00+00:00-True] _

when = '2099-01-01T00:00:00+00:00', bad = True

    @pytest.mark.parametrize("when,bad", [
        ("2020-01-01T00:00:00+00:00", False),
        ("2026-10-04T00:00:00.099998+00:00", True),
        ("2099-01-01T00:00:00+00:00", True),
    ])
    def test_original_acquisition_action_utc_chronology_and_missing_reset_are_explicit(when, bad):
        _, producer = api()
        envelope, records = raw_fixture()
        clock = clock_originals(envelope, records)
>       reasons = producer.preregistration_reasons({"preregistered_at": when}, envelope, records, clock)
                  ^^^^^^^^^^^^^^^^^^^^^^^^^^^^^^^^
E       AttributeError: module 'cloud_edge_robot_arm.research.native_geometry_calibration' has no attribute 'preregistration_reasons'

tests/test_native_calibration_source.py:622: AttributeError
_ test_registered_policy_is_read_from_originals_and_missing_or_mixed_is_unavailable _

tmp_path = PosixPath('/tmp/pytest-of-ningyd/pytest-1187/test_registered_policy_is_read0')

    def test_registered_policy_is_read_from_originals_and_missing_or_mixed_is_unavailable(tmp_path):
        _, producer = api()
        reg, payload = registration(tmp_path)
        data, owner = owner_originals()
>       assert producer.calibration_policy_digest(reg, "MOVE_ABOVE") is None
               ^^^^^^^^^^^^^^^^^^^^^^^^^^^^^^^^^^
E       AttributeError: module 'cloud_edge_robot_arm.research.native_geometry_calibration' has no attribute 'calibration_policy_digest'

tests/test_native_calibration_source.py:633: AttributeError
=========================== short test summary info ============================
FAILED tests/test_native_calibration_source.py::test_original_acquisition_action_utc_chronology_and_missing_reset_are_explicit[2020-01-01T00:00:00+00:00-False]
FAILED tests/test_native_calibration_source.py::test_original_acquisition_action_utc_chronology_and_missing_reset_are_explicit[2026-10-04T00:00:00.099998+00:00-True]
FAILED tests/test_native_calibration_source.py::test_original_acquisition_action_utc_chronology_and_missing_reset_are_explicit[2099-01-01T00:00:00+00:00-True]
FAILED tests/test_native_calibration_source.py::test_registered_policy_is_read_from_originals_and_missing_or_mixed_is_unavailable
4 failed, 48 deselected in 1.51s
