{
  "scope": "EXCLUDED_OFFLINE_DEVELOPMENT_ACTUAL_SIMULATED_CONTROLLER_ACTIONS",
  "formal_source_eligible": false,
  "group_id": "dev-marker-outboard-89852ec153489eeea846239a",
  "scene_hash": "89852ec153489eeea846239aaf966d1ca239c273953e3a0b7302f43b86b60c07",
  "episode_id": "de7035a29ddb48abb8b4ac4b695a1127",
  "model_calls": 0,
  "controller_command_records": 743,
  "executed_framed_actions": 9,
  "executed_unframed_actions": 0,
  "physics_steps": 4806,
  "evaluation_start_step": 120,
  "outcome": {
    "success": true,
    "status": "SUCCESS",
    "safety_violation": false,
    "failure_reason": null,
    "measured_lift_m": 0.10389920812730212,
    "hold_s": 0.7625000060999572,
    "placed_stable_s": 2.1541666839007974,
    "elapsed_s": 20.02500016020091,
    "safety_events": [],
    "evidence_samples": 4807,
    "self_collision_checked_pairs": [
      [
        "base",
        "hand"
      ],
      [
        "base",
        "left_finger_geom"
      ],
      [
        "base",
        "link2"
      ],
      [
        "base",
        "link3"
      ],
      [
        "base",
        "link4"
      ],
      [
        "base",
        "link5"
      ],
      [
        "base",
        "link6"
      ],
      [
        "base",
        "right_finger_geom"
      ],
      [
        "link1",
        "hand"
      ],
      [
        "link1",
        "left_finger_geom"
      ],
      [
        "link1",
        "link3"
      ],
      [
        "link1",
        "link4"
      ],
      [
        "link1",
        "link5"
      ],
      [
        "link1",
        "link6"
      ],
      [
        "link1",
        "right_finger_geom"
      ],
      [
        "link2",
        "hand"
      ],
      [
        "link2",
        "left_finger_geom"
      ],
      [
        "link2",
        "link4"
      ],
      [
        "link2",
        "link5"
      ],
      [
        "link2",
        "link6"
      ],
      [
        "link2",
        "right_finger_geom"
      ],
      [
        "link3",
        "hand"
      ],
      [
        "link3",
        "left_finger_geom"
      ],
      [
        "link3",
        "link5"
      ],
      [
        "link3",
        "link6"
      ],
      [
        "link3",
        "right_finger_geom"
      ],
      [
        "link4",
        "hand"
      ],
      [
        "link4",
        "left_finger_geom"
      ],
      [
        "link4",
        "link6"
      ],
      [
        "link4",
        "right_finger_geom"
      ],
      [
        "link5",
        "hand"
      ],
      [
        "link5",
        "left_finger_geom"
      ],
      [
        "link5",
        "right_finger_geom"
      ]
    ],
    "safety_assessment": "SCOPED_NO_VIOLATION"
  },
  "execution_verified_by_offline_scorer": true,
  "run_status": "COMPLETED_SINGLE_ATTEMPT",
  "elapsed_wall_s": 6.179936714004725,
  "rendered_boundary_observations": 10,
  "render_call_counts": {
    "setup_rgbd_capture_calls": 1,
    "explicit_boundary_rgbd_instance_calls": 10,
    "cached_updates_suppressed": 765
  },
  "cadence_instrumentation": "SCRIPT_ONLY_CACHED_UPDATE_SUPPRESSION_NOT_ORIGINAL_CADENCE_EQUIVALENCE",
  "calibrated_error_bound": "UNAVAILABLE",
  "continuous_motion_bound": "UNAVAILABLE",
  "native_admission": "NOT_PROMOTED",
  "G1_G4_acceptance": "NOT_RUN"
}
