FFFFF                                                                    [100%]
=================================== FAILURES ===================================
_ test_outboard_tag_is_rigidly_attached_outside_cube_without_changing_original_geometry _

    def test_outboard_tag_is_rigidly_attached_outside_cube_without_changing_original_geometry():
        before, centered = BASE.read_bytes(), OLD.read_bytes()
>       generated = api().build_outboard_pose_marker_xml(before)
                    ^^^^^

tests/test_pose_marker_visibility.py:25: 
_ _ _ _ _ _ _ _ _ _ _ _ _ _ _ _ _ _ _ _ _ _ _ _ _ _ _ _ _ _ _ _ _ _ _ _ _ _ _ _ 

    def api():
        module = "cloud_edge_robot_arm.vision.pose_marker_visibility"
>       assert importlib.util.find_spec(module) is not None, "outboard visibility asset is missing"
E       AssertionError: outboard visibility asset is missing
E       assert None is not None
E        +  where None = <function find_spec at 0x7ca9893a3920>('cloud_edge_robot_arm.vision.pose_marker_visibility')
E        +    where <function find_spec at 0x7ca9893a3920> = <module 'importlib.util' (frozen)>.find_spec
E        +      where <module 'importlib.util' (frozen)> = importlib.util

tests/test_pose_marker_visibility.py:19: AssertionError
_ test_changed_physical_base_cannot_generate_the_registered_visible_variant[mass="0.09"] _

mutation = b'mass="0.09"'

    @pytest.mark.parametrize("mutation", [b'mass="0.09"', b'mass="0.07"'])
    def test_changed_physical_base_cannot_generate_the_registered_visible_variant(mutation):
        with pytest.raises(ValueError, match="frozen base"):
>           api().build_outboard_pose_marker_xml(BASE.read_bytes().replace(b'mass="0.08"', mutation))
            ^^^^^

tests/test_pose_marker_visibility.py:49: 
_ _ _ _ _ _ _ _ _ _ _ _ _ _ _ _ _ _ _ _ _ _ _ _ _ _ _ _ _ _ _ _ _ _ _ _ _ _ _ _ 

    def api():
        module = "cloud_edge_robot_arm.vision.pose_marker_visibility"
>       assert importlib.util.find_spec(module) is not None, "outboard visibility asset is missing"
E       AssertionError: outboard visibility asset is missing
E       assert None is not None
E        +  where None = <function find_spec at 0x7ca9893a3920>('cloud_edge_robot_arm.vision.pose_marker_visibility')
E        +    where <function find_spec at 0x7ca9893a3920> = <module 'importlib.util' (frozen)>.find_spec
E        +      where <module 'importlib.util' (frozen)> = importlib.util

tests/test_pose_marker_visibility.py:19: AssertionError
_ test_changed_physical_base_cannot_generate_the_registered_visible_variant[mass="0.07"] _

mutation = b'mass="0.07"'

    @pytest.mark.parametrize("mutation", [b'mass="0.09"', b'mass="0.07"'])
    def test_changed_physical_base_cannot_generate_the_registered_visible_variant(mutation):
        with pytest.raises(ValueError, match="frozen base"):
>           api().build_outboard_pose_marker_xml(BASE.read_bytes().replace(b'mass="0.08"', mutation))
            ^^^^^

tests/test_pose_marker_visibility.py:49: 
_ _ _ _ _ _ _ _ _ _ _ _ _ _ _ _ _ _ _ _ _ _ _ _ _ _ _ _ _ _ _ _ _ _ _ _ _ _ _ _ 

    def api():
        module = "cloud_edge_robot_arm.vision.pose_marker_visibility"
>       assert importlib.util.find_spec(module) is not None, "outboard visibility asset is missing"
E       AssertionError: outboard visibility asset is missing
E       assert None is not None
E        +  where None = <function find_spec at 0x7ca9893a3920>('cloud_edge_robot_arm.vision.pose_marker_visibility')
E        +    where <function find_spec at 0x7ca9893a3920> = <module 'importlib.util' (frozen)>.find_spec
E        +      where <module 'importlib.util' (frozen)> = importlib.util

tests/test_pose_marker_visibility.py:19: AssertionError
_____ test_outboard_pattern_is_same_strict_id7_dictionary_and_metric_size ______

    def test_outboard_pattern_is_same_strict_id7_dictionary_and_metric_size():
        from cloud_edge_robot_arm.vision.pose_marker_assets import build_colored_pose_marker_xml
    
        centered = ET.fromstring(build_colored_pose_marker_xml(BASE.read_bytes()))
>       moved = ET.fromstring(api().build_outboard_pose_marker_xml(BASE.read_bytes()))
                              ^^^^^

tests/test_pose_marker_visibility.py:56: 
_ _ _ _ _ _ _ _ _ _ _ _ _ _ _ _ _ _ _ _ _ _ _ _ _ _ _ _ _ _ _ _ _ _ _ _ _ _ _ _ 

    def api():
        module = "cloud_edge_robot_arm.vision.pose_marker_visibility"
>       assert importlib.util.find_spec(module) is not None, "outboard visibility asset is missing"
E       AssertionError: outboard visibility asset is missing
E       assert None is not None
E        +  where None = <function find_spec at 0x7ca9893a3920>('cloud_edge_robot_arm.vision.pose_marker_visibility')
E        +    where <function find_spec at 0x7ca9893a3920> = <module 'importlib.util' (frozen)>.find_spec
E        +      where <module 'importlib.util' (frozen)> = importlib.util

tests/test_pose_marker_visibility.py:19: AssertionError
______ test_compiled_outboard_asset_retains_physics_camera_and_controller ______

    def test_compiled_outboard_asset_retains_physics_camera_and_controller():
        import mujoco
    
        original = mujoco.MjModel.from_xml_path(str(BASE))
>       marked = mujoco.MjModel.from_xml_string(api().build_outboard_pose_marker_xml(BASE.read_bytes()).decode())
                                                ^^^^^

tests/test_pose_marker_visibility.py:75: 
_ _ _ _ _ _ _ _ _ _ _ _ _ _ _ _ _ _ _ _ _ _ _ _ _ _ _ _ _ _ _ _ _ _ _ _ _ _ _ _ 

    def api():
        module = "cloud_edge_robot_arm.vision.pose_marker_visibility"
>       assert importlib.util.find_spec(module) is not None, "outboard visibility asset is missing"
E       AssertionError: outboard visibility asset is missing
E       assert None is not None
E        +  where None = <function find_spec at 0x7ca9893a3920>('cloud_edge_robot_arm.vision.pose_marker_visibility')
E        +    where <function find_spec at 0x7ca9893a3920> = <module 'importlib.util' (frozen)>.find_spec
E        +      where <module 'importlib.util' (frozen)> = importlib.util

tests/test_pose_marker_visibility.py:19: AssertionError
=========================== short test summary info ============================
FAILED tests/test_pose_marker_visibility.py::test_outboard_tag_is_rigidly_attached_outside_cube_without_changing_original_geometry
FAILED tests/test_pose_marker_visibility.py::test_changed_physical_base_cannot_generate_the_registered_visible_variant[mass="0.09"]
FAILED tests/test_pose_marker_visibility.py::test_changed_physical_base_cannot_generate_the_registered_visible_variant[mass="0.07"]
FAILED tests/test_pose_marker_visibility.py::test_outboard_pattern_is_same_strict_id7_dictionary_and_metric_size
FAILED tests/test_pose_marker_visibility.py::test_compiled_outboard_asset_retains_physics_camera_and_controller
5 failed in 0.32s
