I001 [*] Import block is un-sorted or un-formatted
  --> artifacts/research/process/20261004-ced-development/t7b-visible-marker-next/run_once.py:3:1
   |
 1 |   """One excluded offline teacher episode; no production executor or model calls."""
 2 |
 3 | / from __future__ import annotations
 4 | |
 5 | | import argparse
 6 | | import hashlib
 7 | | import json
 8 | | import time
 9 | | import traceback
10 | | from dataclasses import asdict
11 | | from pathlib import Path
12 | |
13 | | from cloud_edge_robot_arm.datasets.rgbd.models import SceneSpec
14 | | from cloud_edge_robot_arm.datasets.rgbd.teacher import EpisodeRecorder, run_teacher_episode
15 | | from cloud_edge_robot_arm.simulation.config import SimulatorConfig
16 | | from cloud_edge_robot_arm.simulation.mujoco.episode_evaluator import (
17 | |     CompletionCriteria,
18 | |     evaluate_episode,
19 | | )
20 | | from cloud_edge_robot_arm.simulation.mujoco.skill_robot import MuJoCoSkillRobot
21 | | from cloud_edge_robot_arm.simulation.mujoco.camera import MuJoCoRGBDCamera
22 | | from cloud_edge_robot_arm.vision.capture import MuJoCoCaptureSession, save_observation
23 | | from cloud_edge_robot_arm.vision.pose_markers import PoseMarkerRegistration, detect_pose_marker
   | |_______________________________________________________________________________________________^
24 |
25 |   HERE = Path(__file__).resolve().parent
   |
help: Organize imports

E501 Line too long (167 > 100)
   --> artifacts/research/process/20261004-ced-development/t7b-visible-marker-next/run_once.py:125:101
    |
123 | …
124 | …development-only",
125 | …ates after apply_scene; explicit T5 boundary captures unchanged; setup renders counted separately",
    |                                  ^^^^^^^^^^^^^^^^^^^^^^^^^^^^^^^^^^^^^^^^^^^^^^^^^^^^^^^^^^^^^^^^^^^
126 | …frame abort; frozen motion_controller contains no cached sensor reads",
127 | …
    |

E501 Line too long (139 > 100)
   --> artifacts/research/process/20261004-ced-development/t7b-visible-marker-next/run_once.py:126:101
    |
124 | …ion-native640-development-only",
125 | …ched pixel updates after apply_scene; explicit T5 boundary captures unchanged; setup renders counted separately",
126 | …nd.get_sensor_frame abort; frozen motion_controller contains no cached sensor reads",
    |                                                ^^^^^^^^^^^^^^^^^^^^^^^^^^^^^^^^^^^^^^^
127 | …
128 | …
    |

E501 Line too long (120 > 100)
   --> artifacts/research/process/20261004-ced-development/t7b-visible-marker-next/run_once.py:303:101
    |
301 |                     "rendered_boundary_observations": len(observations),
302 |                     "render_call_counts": render_counts,
303 |                     "cadence_instrumentation": "SCRIPT_ONLY_CACHED_UPDATE_SUPPRESSION_NOT_ORIGINAL_CADENCE_EQUIVALENCE",
    |                                                                                                     ^^^^^^^^^^^^^^^^^^^^
304 |                     "calibrated_error_bound": "UNAVAILABLE",
305 |                     "continuous_motion_bound": "UNAVAILABLE",
    |

B905 `zip()` without an explicit `strict=` parameter
  --> artifacts/research/process/20261004-ced-development/t7b-visible-marker-next/verify_offline.py:52:30
   |
50 |     for r in [*physics, *actuators, *commands, *actions]:
51 |         assert r["episode_id"] == summary["episode_id"]
52 |     for previous, current in zip(actions, actions[1:]):
   |                              ^^^^^^^^^^^^^^^^^^^^^^^^^
53 |         assert previous["end_step"] == current["start_step"]
54 |         assert previous["command_seq_end"] == current["command_seq_start"]
   |
help: Add explicit value for parameter `strict=`

E501 Line too long (102 > 100)
   --> artifacts/research/process/20261004-ced-development/t7b-visible-marker-next/verify_offline.py:137:101
    |
135 |             {
136 |                 "boundary": folder.name,
137 |                 "scope": "OFFLINE_SIMULATOR_TRUTH_PROJECTED_OCCLUSION_DIAGNOSTIC_NOT_ONLINE_EVIDENCE",
    |                                                                                                     ^^
138 |                 "physics_step": truth["physics_step"],
139 |                 "detector_status": estimate.status,
    |

E501 Line too long (108 > 100)
   --> artifacts/research/process/20261004-ced-development/t7b-visible-marker-next/verify_offline.py:150:101
    |
148 |                 "inferred_object_center_residual_m": inferred_object_center_error,
149 |                 "rotation_residual_rad": rotation_error_rad,
150 |                 "metric_residual_scope": "ONE_EXCLUDED_DEVELOPMENT_EPISODE_DIAGNOSTIC_NOT_CALIBRATED_BOUND",
    |                                                                                                     ^^^^^^^^
151 |             }
152 |         )
    |

B905 `zip()` without an explicit `strict=` parameter
   --> artifacts/research/process/20261004-ced-development/t7b-visible-marker-next/verify_offline.py:164:21
    |
162 |         and a["object_geom_rotation_row_major"] == b["object_geom_rotation_row_major"]
163 |         and a["joint_positions_rad"] == b["joint_positions_rad"]
164 |         for a, b in zip(old_physics, physics)
    |                     ^^^^^^^^^^^^^^^^^^^^^^^^^
165 |     )
166 |     writeback = {
    |
help: Add explicit value for parameter `strict=`

Found 8 errors.
[*] 1 fixable with the `--fix` option (2 hidden fixes can be enabled with the `--unsafe-fixes` option).
