foundation-0001 STATIC_RTT0: FAILED LIFT_HOLD_NOT_VERIFIED
foundation-0002 STATIC_RTT100: FAILED LIFT_HOLD_NOT_VERIFIED
foundation-0003 STATIC_RTT300: FAILED LIFT_EFFECT_NOT_VERIFIED
foundation-0004 STATIC_RTT600: FAILED TARGET_EVIDENCE_INVALIDATED
foundation-0005 SENSOR_RTT0: FAILED VISUAL_PLAN_REJECTED_OR_REOBSERVATION_EXHAUSTED
foundation-0006 SENSOR_RTT100: FAILED SUPERVISION_REQUIRES_NEW_PLAN
foundation-0007 SENSOR_RTT300: FAILED VISUAL_PLAN_REJECTED_OR_REOBSERVATION_EXHAUSTED
foundation-0008 SENSOR_RTT600: FAILED VISUAL_PLAN_REJECTED_OR_REOBSERVATION_EXHAUSTED
foundation-0009 DYNAMIC_RTT0: FAILED GRASP_EFFECT_NOT_VERIFIED
foundation-0010 DYNAMIC_RTT100: FAILED LIFT_HOLD_NOT_VERIFIED
foundation-0011 DYNAMIC_RTT300: FAILED SUPERVISION_REQUIRES_NEW_PLAN
foundation-0012 DYNAMIC_RTT600: FAILED GRASP_PRECONDITION_NOT_VERIFIED
foundation-0013 STATIC_RTT0: FAILED SUPERVISION_REQUIRES_NEW_PLAN
foundation-0014 STATIC_RTT100: FAILED LIFT_EFFECT_NOT_VERIFIED
foundation-0015 STATIC_RTT300: FAILED LIFT_HOLD_NOT_VERIFIED
foundation-0016 STATIC_RTT600: FAILED TARGET_EVIDENCE_INVALIDATED
foundation-0017 SENSOR_RTT0: FAILED VISUAL_PLAN_REJECTED_OR_REOBSERVATION_EXHAUSTED
foundation-0018 SENSOR_RTT100: FAILED TARGET_EVIDENCE_INVALIDATED
foundation-0019 SENSOR_RTT300: FAILED VISUAL_PLAN_REJECTED_OR_REOBSERVATION_EXHAUSTED
foundation-0020 SENSOR_RTT600: FAILED VISUAL_PLAN_REJECTED_OR_REOBSERVATION_EXHAUSTED
foundation-0021 DYNAMIC_RTT0: FAILED LIFT_HOLD_NOT_VERIFIED
foundation-0022 DYNAMIC_RTT100: FAILED TARGET_EVIDENCE_INVALIDATED
foundation-0023 DYNAMIC_RTT300: FAILED TARGET_EVIDENCE_INVALIDATED
foundation-0024 DYNAMIC_RTT600: FAILED SUPERVISION_UNAVAILABLE
foundation-0025 STATIC_RTT0: FAILED TARGET_EVIDENCE_INVALIDATED
foundation-0026 STATIC_RTT100: FAILED SUPERVISION_REQUIRES_NEW_PLAN
foundation-0027 STATIC_RTT300: FAILED LIFT_EFFECT_NOT_VERIFIED
foundation-0028 STATIC_RTT600: FAILED BLOCKED_BY_ENV_MODEL_UNAVAILABLE
foundation-0029 SENSOR_RTT0: FAILED VISUAL_PLAN_REJECTED_OR_REOBSERVATION_EXHAUSTED
foundation-0030 SENSOR_RTT100: FAILED SUPERVISION_REQUIRES_NEW_PLAN
foundation-0031 SENSOR_RTT300: FAILED VISUAL_PLAN_REJECTED_OR_REOBSERVATION_EXHAUSTED
foundation-0032 SENSOR_RTT600: FAILED VISUAL_PLAN_REJECTED_OR_REOBSERVATION_EXHAUSTED
foundation-0033 DYNAMIC_RTT0: FAILED SUPERVISION_REQUIRES_NEW_PLAN
foundation-0034 DYNAMIC_RTT100: FAILED LIFT_EFFECT_NOT_VERIFIED
foundation-0035 DYNAMIC_RTT300: FAILED GRASP_EFFECT_NOT_VERIFIED
foundation-0036 DYNAMIC_RTT600: FAILED SUPERVISION_REQUIRES_NEW_PLAN
foundation-0037 STATIC_RTT0: FAILED TARGET_EVIDENCE_INVALIDATED
foundation-0038 STATIC_RTT100: FAILED LIFT_HOLD_NOT_VERIFIED
foundation-0039 STATIC_RTT300: FAILED LIFT_HOLD_NOT_VERIFIED
foundation-0040 STATIC_RTT600: FAILED LIFT_EFFECT_NOT_VERIFIED
foundation-0041 SENSOR_RTT0: FAILED VISUAL_PLAN_REJECTED_OR_REOBSERVATION_EXHAUSTED
foundation-0042 SENSOR_RTT100: FAILED TARGET_EVIDENCE_INVALIDATED
foundation-0043 SENSOR_RTT300: FAILED VISUAL_PLAN_REJECTED_OR_REOBSERVATION_EXHAUSTED
foundation-0044 SENSOR_RTT600: FAILED VISUAL_PLAN_REJECTED_OR_REOBSERVATION_EXHAUSTED
foundation-0045 DYNAMIC_RTT0: FAILED LIFT_HOLD_NOT_VERIFIED
foundation-0046 DYNAMIC_RTT100: FAILED TARGET_EVIDENCE_INVALIDATED
foundation-0047 DYNAMIC_RTT300: FAILED LIFT_EFFECT_NOT_VERIFIED
foundation-0048 DYNAMIC_RTT600: FAILED SUPERVISION_UNAVAILABLE
foundation-0049 STATIC_RTT0: FAILED SUPERVISION_REQUIRES_NEW_PLAN
foundation-0050 STATIC_RTT100: FAILED SUPERVISION_REQUIRES_NEW_PLAN
foundation-0051 STATIC_RTT300: FAILED GRASP_PRECONDITION_NOT_VERIFIED
foundation-0052 STATIC_RTT600: FAILED SUPERVISION_REQUIRES_NEW_PLAN
foundation-0053 SENSOR_RTT0: FAILED VISUAL_PLAN_REJECTED_OR_REOBSERVATION_EXHAUSTED
foundation-0054 SENSOR_RTT100: FAILED LIFT_HOLD_NOT_VERIFIED
foundation-0055 SENSOR_RTT300: FAILED VISUAL_PLAN_REJECTED_OR_REOBSERVATION_EXHAUSTED
foundation-0056 SENSOR_RTT600: FAILED VISUAL_PLAN_REJECTED_OR_REOBSERVATION_EXHAUSTED
foundation-0057 DYNAMIC_RTT0: FAILED TARGET_EVIDENCE_INVALIDATED
foundation-0058 DYNAMIC_RTT100: FAILED SUPERVISION_REQUIRES_NEW_PLAN
foundation-0059 DYNAMIC_RTT300: FAILED TARGET_EVIDENCE_INVALIDATED
foundation-0060 DYNAMIC_RTT600: FAILED TARGET_EVIDENCE_INVALIDATED
foundation-0061 STATIC_RTT0: FAILED TARGET_EVIDENCE_INVALIDATED
foundation-0062 STATIC_RTT100: FAILED SUPERVISION_REQUIRES_NEW_PLAN
foundation-0063 STATIC_RTT300: FAILED GRASP_EFFECT_NOT_VERIFIED
foundation-0064 STATIC_RTT600: FAILED LIFT_HOLD_NOT_VERIFIED
foundation-0065 SENSOR_RTT0: FAILED VISUAL_PLAN_REJECTED_OR_REOBSERVATION_EXHAUSTED
foundation-0066 SENSOR_RTT100: FAILED LIFT_HOLD_NOT_VERIFIED
foundation-0067 SENSOR_RTT300: FAILED VISUAL_PLAN_REJECTED_OR_REOBSERVATION_EXHAUSTED
foundation-0068 SENSOR_RTT600: FAILED VISUAL_PLAN_REJECTED_OR_REOBSERVATION_EXHAUSTED
foundation-0069 DYNAMIC_RTT0: FAILED LIFT_HOLD_NOT_VERIFIED
foundation-0070 DYNAMIC_RTT100: FAILED LIFT_EFFECT_NOT_VERIFIED
foundation-0071 DYNAMIC_RTT300: FAILED TARGET_EVIDENCE_INVALIDATED
foundation-0072 DYNAMIC_RTT600: SUCCESS None
foundation-0073 STATIC_RTT0: FAILED GRASP_PRECONDITION_NOT_VERIFIED
foundation-0074 STATIC_RTT100: FAILED LIFT_HOLD_NOT_VERIFIED
foundation-0075 STATIC_RTT300: FAILED LIFT_HOLD_NOT_VERIFIED
foundation-0076 STATIC_RTT600: FAILED LIFT_HOLD_NOT_VERIFIED
foundation-0077 SENSOR_RTT0: FAILED VISUAL_PLAN_REJECTED_OR_REOBSERVATION_EXHAUSTED
foundation-0078 SENSOR_RTT100: FAILED TARGET_EVIDENCE_INVALIDATED
foundation-0079 SENSOR_RTT300: FAILED VISUAL_PLAN_REJECTED_OR_REOBSERVATION_EXHAUSTED
foundation-0080 SENSOR_RTT600: FAILED VISUAL_PLAN_REJECTED_OR_REOBSERVATION_EXHAUSTED
foundation-0081 DYNAMIC_RTT0: FAILED GRASP_EFFECT_NOT_VERIFIED
foundation-0082 DYNAMIC_RTT100: FAILED TARGET_EVIDENCE_INVALIDATED
foundation-0083 DYNAMIC_RTT300: FAILED GRASP_PRECONDITION_NOT_VERIFIED
foundation-0084 DYNAMIC_RTT600: FAILED SUPERVISION_REQUIRES_NEW_PLAN
foundation-0085 STATIC_RTT0: FAILED LIFT_HOLD_NOT_VERIFIED
foundation-0086 STATIC_RTT100: FAILED LIFT_EFFECT_NOT_VERIFIED
foundation-0087 STATIC_RTT300: FAILED TARGET_EVIDENCE_INVALIDATED
foundation-0088 STATIC_RTT600: FAILED TARGET_EVIDENCE_INVALIDATED
foundation-0089 SENSOR_RTT0: FAILED VISUAL_PLAN_REJECTED_OR_REOBSERVATION_EXHAUSTED
foundation-0090 SENSOR_RTT100: FAILED LIFT_HOLD_NOT_VERIFIED
foundation-0091 SENSOR_RTT300: FAILED VISUAL_PLAN_REJECTED_OR_REOBSERVATION_EXHAUSTED
foundation-0092 SENSOR_RTT600: FAILED VISUAL_PLAN_REJECTED_OR_REOBSERVATION_EXHAUSTED
foundation-0093 DYNAMIC_RTT0: FAILED SUPERVISION_REQUIRES_NEW_PLAN
foundation-0094 DYNAMIC_RTT100: FAILED SUPERVISION_REQUIRES_NEW_PLAN
foundation-0095 DYNAMIC_RTT300: FAILED SUPERVISION_REQUIRES_NEW_PLAN
foundation-0096 DYNAMIC_RTT600: FAILED SUPERVISION_REQUIRES_NEW_PLAN
foundation-0097 STATIC_RTT0: FAILED LIFT_HOLD_NOT_VERIFIED
foundation-0098 STATIC_RTT100: FAILED LIFT_EFFECT_NOT_VERIFIED
foundation-0099 STATIC_RTT300: FAILED LIFT_EFFECT_NOT_VERIFIED
foundation-0100 STATIC_RTT600: FAILED LIFT_HOLD_NOT_VERIFIED
foundation-0101 SENSOR_RTT0: FAILED VISUAL_PLAN_REJECTED_OR_REOBSERVATION_EXHAUSTED
foundation-0102 SENSOR_RTT100: FAILED SUPERVISION_REQUIRES_NEW_PLAN
foundation-0103 SENSOR_RTT300: FAILED VISUAL_PLAN_REJECTED_OR_REOBSERVATION_EXHAUSTED
foundation-0104 SENSOR_RTT600: FAILED VISUAL_PLAN_REJECTED_OR_REOBSERVATION_EXHAUSTED
foundation-0105 DYNAMIC_RTT0: FAILED LIFT_HOLD_NOT_VERIFIED
foundation-0106 DYNAMIC_RTT100: FAILED LIFT_HOLD_NOT_VERIFIED
foundation-0107 DYNAMIC_RTT300: FAILED GRASP_PRECONDITION_NOT_VERIFIED
foundation-0108 DYNAMIC_RTT600: FAILED TARGET_EVIDENCE_INVALIDATED
foundation-0109 STATIC_RTT0: FAILED SUPERVISION_REQUIRES_NEW_PLAN
foundation-0110 STATIC_RTT100: FAILED SUPERVISION_REQUIRES_NEW_PLAN
foundation-0111 STATIC_RTT300: FAILED GRASP_PRECONDITION_NOT_VERIFIED
foundation-0112 STATIC_RTT600: FAILED SUPERVISION_REQUIRES_NEW_PLAN
foundation-0113 SENSOR_RTT0: FAILED VISUAL_PLAN_REJECTED_OR_REOBSERVATION_EXHAUSTED
foundation-0114 SENSOR_RTT100: FAILED TARGET_EVIDENCE_INVALIDATED
foundation-0115 SENSOR_RTT300: FAILED VISUAL_PLAN_REJECTED_OR_REOBSERVATION_EXHAUSTED
foundation-0116 SENSOR_RTT600: FAILED VISUAL_PLAN_REJECTED_OR_REOBSERVATION_EXHAUSTED
foundation-0117 DYNAMIC_RTT0: FAILED LIFT_EFFECT_NOT_VERIFIED
foundation-0118 DYNAMIC_RTT100: FAILED LIFT_EFFECT_NOT_VERIFIED
foundation-0119 DYNAMIC_RTT300: FAILED LIFT_HOLD_NOT_VERIFIED
foundation-0120 DYNAMIC_RTT600: FAILED TARGET_EVIDENCE_INVALIDATED
{
  "assigned": 120,
  "recorded": 120,
  "unrecorded": 0,
  "succeeded": 1,
  "blocked": 1,
  "success_rate_all_assigned": 0.008333333333333333,
  "freeze_ready": false,
  "method_id": "B0",
  "b0_period_s": 2.0,
  "formal_g1": false,
  "inflight_requests": 0,
  "protocol_snapshot_complete": false,
  "status": "COMPLETE",
  "tcap_s": 120,
  "nominal_success_rate": 0.0,
  "safety_violation_rate": 0.0,
  "baseline_feasibility": "NO_FEASIBLE_BASELINE",
  "model_snapshot_hash": "ddd5a7af3fc25a06d7b998851d41de1989266b5397304abb9906dd3507de8887"
}
