fixed-s01-1 False None
fixed-s01-2 False None
fixed-s01-3 False None
fixed-s01-4 False None
positive-01 False None
positive-02 False None
positive-03 False None
positive-04 False None
positive-05 False None
positive-06 False None
positive-07 False None
positive-08 False None
positive-09 False None
positive-10 False None
positive-11 False None
positive-12 False None
negative_absent-01 True None
negative_absent-02 True None
negative_absent-03 True None
negative_absent-04 True None
{
  "total_cases": 16,
  "positive_cases": 12,
  "negative_cases": 4,
  "recorded_cases": 16,
  "complete_cases": 16,
  "error_cases": 0,
  "missing_cases": 0,
  "duplicate_cases": 0,
  "unknown_records": 0,
  "unique_scene_count": 16,
  "unique_rgb_count": 16,
  "passed_cases": 4,
  "positive_passed": 0,
  "negative_passed": 4,
  "positive_gate_counts": {
    "transport_two_images": 12,
    "observed_scene_present": 0,
    "parsed": 0,
    "grounded": 0,
    "target_hit": 0,
    "destination_hit": 1,
    "calibrated_offset": 0
  },
  "all_cases_pass": false,
  "fixed_passed": 0,
  "fixed_cases": 4,
  "target_error_p90_mm": 466.38233573771197,
  "target_error_coverage": "12/12",
  "warm_wall_latency_p95_s": 4.050538776602479,
  "negative_explicit_refusal": 4,
  "negative_grounded_action_proposals": 0,
  "physical_task_success_rate": null,
  "physical_misoperation_rate": null,
  "physical_actions": 0,
  "local_API_cost_CNY_per_task": 0,
  "total_cost_CNY_per_task": null
}
