..................F..........F.....F.............                        [100%]
=================================== FAILURES ===================================
______________ test_software_adapter_cannot_promote_mock_success _______________

scene_pool = [{'assignment_id': 'formal-0001', 'perturbation': {'noise_m': 0.0}, 'scene': {'asset_family_hash': 'fixture-assets', '...: 'rgbd.dataset.v1', ...}, 'scene_hash': '9c35a9edaf1496254c6419a261a6b11c2e01cbe786af0b0dfcd3ae7e9c1211c9', ...}, ...]

    def test_software_adapter_cannot_promote_mock_success(scene_pool):
        row = assignment(scene_pool)
    
        class SoftwareAdapter:
            evidence_kind = EvidenceKind.MOCK
    
            def run(self, assignment, protocol):
                return record(assignment, "COMPLETED", success=True, elapsed=0.1)
    
>       result = api().run_assignment(row, frozen(scene_pool), software_adapter=SoftwareAdapter())
                 ^^^^^^^^^^^^^^^^^^^^^^^^^^^^^^^^^^^^^^^^^^^^^^^^^^^^^^^^^^^^^^^^^^^^^^^^^^^^^^^^^

tests/test_research_runner.py:118: 
_ _ _ _ _ _ _ _ _ _ _ _ _ _ _ _ _ _ _ _ _ _ _ _ _ _ _ _ _ _ _ _ _ _ _ _ _ _ _ _ 
src/cloud_edge_robot_arm/research/runner.py:104: in run_assignment
    result = replace(
/usr/lib/python3.12/dataclasses.py:1581: in replace
    return obj.__class__(**changes)
           ^^^^^^^^^^^^^^^^^^^^^^^^
<string>:17: in __init__
    ???
_ _ _ _ _ _ _ _ _ _ _ _ _ _ _ _ _ _ _ _ _ _ _ _ _ _ _ _ _ _ _ _ _ _ _ _ _ _ _ _ 

self = EpisodeRecord(assignment=EpisodeAssignment(assignment_id='formal-0001::JOINT', group_id='g-f8a3087fa882eba833805c1b62f...ingproxy({}), run_status='COMPLETED', source_verified=False, schema_version='ced.episode-record.v1', frozen_tcap_s=120)

    def __post_init__(self) -> None:
        if self.schema_version != "ced.episode-record.v1":
            raise ValueError("unsupported episode record schema version")
        if self.run_status not in {"COMPLETED", "BLOCKED", "TIMEOUT", "STOP", "FALLBACK", "FAILED"}:
            raise ValueError("unsupported episode terminal status")
        if self.provenance.run_id != self.assignment.assignment_id or (
            self.provenance.scene_group_id != self.assignment.group_id
        ):
            raise ValueError("episode provenance does not match assignment")
        if self.provenance.cohort != "NEW_RESEARCH":
            raise ValueError("historical records cannot occupy a new research assignment")
        if self.outcome.status not in {"SUCCESS", "FAILED", "INCOMPLETE", "SAFETY_VIOLATION"}:
            raise ValueError("unsupported physical outcome status")
        if self.outcome.safety_assessment not in {"SCOPED_NO_VIOLATION", "PARTIAL", "VIOLATION"}:
            raise ValueError("unsupported physical safety assessment")
        if self.outcome.success and (
            self.run_status != "COMPLETED" or self.outcome.status != "SUCCESS"
            or self.outcome.online_reported_complete is not True
            or self.outcome.physical_success is not True or self.outcome.safety_violation
            or self.outcome.failure_reason is not None or self.outcome.terminal_reason is not None
        ):
            raise ValueError("episode completion status contradicts online/physical outcome")
        if self.outcome.status == "SUCCESS" and not self.outcome.success:
>           raise ValueError("SUCCESS outcome cannot omit task success")
E           ValueError: SUCCESS outcome cannot omit task success

src/cloud_edge_robot_arm/research/assignments.py:224: ValueError
_______________ test_record_roundtrip_detects_content_tampering ________________

scene_pool = [{'assignment_id': 'formal-0001', 'perturbation': {'noise_m': 0.0}, 'scene': {'asset_family_hash': 'fixture-assets', '...: 'rgbd.dataset.v1', ...}, 'scene_hash': '9c35a9edaf1496254c6419a261a6b11c2e01cbe786af0b0dfcd3ae7e9c1211c9', ...}, ...]

    def test_record_roundtrip_detects_content_tampering(scene_pool):
        module = assignment_api()
        original = record(assignment(scene_pool), "STOP")
        payload = original.to_payload(protocol=frozen(scene_pool))
        restored = module.episode_record_from_payload(payload, protocol=frozen(scene_pool))
        assert restored.content_hash == original.content_hash
        payload["duration_penalized_s"] = 0.01
        with pytest.raises(ValueError, match="hash"):
>           module.episode_record_from_payload(payload, protocol=frozen(scene_pool))

tests/test_research_runner.py:360: 
_ _ _ _ _ _ _ _ _ _ _ _ _ _ _ _ _ _ _ _ _ _ _ _ _ _ _ _ _ _ _ _ _ _ _ _ _ _ _ _ 
src/cloud_edge_robot_arm/research/assignments.py:451: in episode_record_from_payload
    record = EpisodeRecord(**values)
             ^^^^^^^^^^^^^^^^^^^^^^^
<string>:17: in __init__
    ???
_ _ _ _ _ _ _ _ _ _ _ _ _ _ _ _ _ _ _ _ _ _ _ _ _ _ _ _ _ _ _ _ _ _ _ _ _ _ _ _ 

self = EpisodeRecord(assignment=EpisodeAssignment(assignment_id='formal-0001::JOINT', group_id='g-f8a3087fa882eba833805c1b62f...vider_versions={}, run_status='STOP', source_verified=False, schema_version='ced.episode-record.v1', frozen_tcap_s=120)

    def __post_init__(self) -> None:
        if self.schema_version != "ced.episode-record.v1":
            raise ValueError("unsupported episode record schema version")
        if self.run_status not in {"COMPLETED", "BLOCKED", "TIMEOUT", "STOP", "FALLBACK", "FAILED"}:
            raise ValueError("unsupported episode terminal status")
        if self.provenance.run_id != self.assignment.assignment_id or (
            self.provenance.scene_group_id != self.assignment.group_id
        ):
            raise ValueError("episode provenance does not match assignment")
        if self.provenance.cohort != "NEW_RESEARCH":
            raise ValueError("historical records cannot occupy a new research assignment")
        if self.outcome.status not in {"SUCCESS", "FAILED", "INCOMPLETE", "SAFETY_VIOLATION"}:
            raise ValueError("unsupported physical outcome status")
        if self.outcome.safety_assessment not in {"SCOPED_NO_VIOLATION", "PARTIAL", "VIOLATION"}:
            raise ValueError("unsupported physical safety assessment")
        if self.outcome.success and (
            self.run_status != "COMPLETED" or self.outcome.status != "SUCCESS"
            or self.outcome.online_reported_complete is not True
            or self.outcome.physical_success is not True or self.outcome.safety_violation
            or self.outcome.failure_reason is not None or self.outcome.terminal_reason is not None
        ):
            raise ValueError("episode completion status contradicts online/physical outcome")
        if self.outcome.status == "SUCCESS" and not self.outcome.success:
            raise ValueError("SUCCESS outcome cannot omit task success")
        formal_bound = self.provenance.split_role == "formal" and bool(self.assignment.protocol_hash)
        if formal_bound and self.frozen_tcap_s is None:
            raise ValueError("formal records require the frozen Tcap deadline")
        if self.frozen_tcap_s is not None:
            if type(self.frozen_tcap_s) is not int or not (
                120 <= self.frozen_tcap_s <= 600 and self.frozen_tcap_s % 10 == 0
            ):
                raise ValueError("record frozen Tcap deadline invalid")
            # No independent physics validator is integrated in this module.
            # A success declaration or source metadata therefore cannot shorten
            # the conservative formal penalty; original elapsed time is retained.
            if not self.accepted_task_success and self.duration_penalized_s != self.frozen_tcap_s:
>               raise ValueError("unaccepted episode must retain exactly its frozen Tcap penalty")
E               ValueError: unaccepted episode must retain exactly its frozen Tcap penalty

src/cloud_edge_robot_arm/research/assignments.py:237: ValueError

During handling of the above exception, another exception occurred:

scene_pool = [{'assignment_id': 'formal-0001', 'perturbation': {'noise_m': 0.0}, 'scene': {'asset_family_hash': 'fixture-assets', '...: 'rgbd.dataset.v1', ...}, 'scene_hash': '9c35a9edaf1496254c6419a261a6b11c2e01cbe786af0b0dfcd3ae7e9c1211c9', ...}, ...]

    def test_record_roundtrip_detects_content_tampering(scene_pool):
        module = assignment_api()
        original = record(assignment(scene_pool), "STOP")
        payload = original.to_payload(protocol=frozen(scene_pool))
        restored = module.episode_record_from_payload(payload, protocol=frozen(scene_pool))
        assert restored.content_hash == original.content_hash
        payload["duration_penalized_s"] = 0.01
>       with pytest.raises(ValueError, match="hash"):
E       AssertionError: Regex pattern did not match.
E        Regex: 'hash'
E        Input: 'unaccepted episode must retain exactly its frozen Tcap penalty'

tests/test_research_runner.py:359: AssertionError
_____ test_resume_preserves_all_original_blocked_records_and_detects_drift _____

scene_pool = [{'assignment_id': 'formal-0001', 'perturbation': {'noise_m': 0.0}, 'scene': {'asset_family_hash': 'fixture-assets', '...: 'rgbd.dataset.v1', ...}, 'scene_hash': '9c35a9edaf1496254c6419a261a6b11c2e01cbe786af0b0dfcd3ae7e9c1211c9', ...}, ...]
tmp_path = PosixPath('/tmp/pytest-of-ningyd/pytest-556/test_resume_preserves_all_orig0')

    def test_resume_preserves_all_original_blocked_records_and_detects_drift(scene_pool, tmp_path):
        import json
        import subprocess
        import sys
    
        protocol_dir = tmp_path / "protocol"
        protocol_dir.mkdir()
        (protocol_dir / "protocol.json").write_text(frozen(scene_pool).model_dump_json())
        pools_path = tmp_path / "pools.json"
        pools_path.write_text(json.dumps({"formal": scene_pool}))
        config = tmp_path / "formal.yaml"
        config.write_text("schema_version: ced.formal.v1\nmethods: [JOINT]\n")
        command = [
            sys.executable,
            "scripts/run_rgbd_research.py",
            "--config",
            str(config),
            "--protocol",
            str(protocol_dir),
            "--pools",
            str(pools_path),
            "--output",
            str(tmp_path / "out"),
        ]
        first = subprocess.run(command, capture_output=True, text=True, check=False)
        assert first.returncode == 3, first.stdout + first.stderr
        records_path = tmp_path / "out" / "records.jsonl"
        original = records_path.read_bytes()
        report = json.loads((tmp_path / "out" / "report.json").read_text())
        assert report["assigned_denominator"] == report["blocked_assignments"] == 600
        assert report["executed_assignments"] == report["physical_success"] == 0
        second = subprocess.run(command + ["--resume"], capture_output=True, text=True, check=False)
        assert second.returncode == 3
        assert records_path.read_bytes() == original
        payload = json.loads(records_path.read_text().splitlines()[0])
        payload["duration_penalized_s"] = 0.001
        records_path.write_text(
            json.dumps(payload) + "\n" + "\n".join(records_path.read_text().splitlines()[1:]) + "\n"
        )
        corrupt = records_path.read_bytes()
        third = subprocess.run(command + ["--resume"], capture_output=True, text=True, check=False)
        assert third.returncode == 3
        assert records_path.read_bytes() == corrupt
        report = json.loads((tmp_path / "out" / "report.json").read_text())
        assert report["status"] == "NOT_RUN"
>       assert "hash" in report["reasons"][0]
E       AssertionError: assert 'hash' in 'unaccepted episode must retain exactly its frozen Tcap penalty'

tests/test_research_runner.py:505: AssertionError
=========================== short test summary info ============================
FAILED tests/test_research_runner.py::test_software_adapter_cannot_promote_mock_success
FAILED tests/test_research_runner.py::test_record_roundtrip_detects_content_tampering
FAILED tests/test_research_runner.py::test_resume_preserves_all_original_blocked_records_and_detects_drift
3 failed, 46 passed in 10.27s
