.......................F............                                     [100%]
=================================== FAILURES ===================================
____________________ test_power_selects_smallest_allowed_n _____________________

    def test_power_selects_smallest_allowed_n():
        result = api().choose_formal_n([(True, False)] * 3 + [(True, True)] * 117,
                                       [(True, False)] + [(False, False)] * 119)
        assert result.selected_n == 1200
        assert result.power_by_n[600]["safety"] < .8
        assert result.power_by_n[1200]["success"] >= .8
        assert result.power_by_n[1200]["safety"] >= .8
>       assert result.power_by_n[600]["safety"] == pytest.approx(.5030309, abs=.001)
E       assert 0.6394292794997235 == 0.5030309 ± 0.001
E         
E         comparison failed
E         Obtained: 0.6394292794997235
E         Expected: 0.5030309 ± 0.001

tests/test_research_power.py:21: AssertionError
=========================== short test summary info ============================
FAILED tests/test_research_power.py::test_power_selects_smallest_allowed_n - ...
1 failed, 35 passed in 2.89s
