FFFFFFFFFFFFFFFFFFFFFFFFFFFFFFFFFFFF                                     [100%]
=================================== FAILURES ===================================
______________ test_paired_assignments_share_scene_seed_schedule _______________

scene_pool = [{'assignment_id': 'formal-0001', 'perturbation': {'noise_m': 0.0}, 'scene': {'asset_family_hash': 'fixture-assets', '...: 'rgbd.dataset.v1', ...}, 'scene_hash': '9c35a9edaf1496254c6419a261a6b11c2e01cbe786af0b0dfcd3ae7e9c1211c9', ...}, ...]

    def test_paired_assignments_share_scene_seed_schedule(scene_pool):
>       module = api()
                 ^^^^^

tests/test_research_assignments.py:44: 
_ _ _ _ _ _ _ _ _ _ _ _ _ _ _ _ _ _ _ _ _ _ _ _ _ _ _ _ _ _ _ _ _ _ _ _ _ _ _ _ 

    def api():
        name = "cloud_edge_robot_arm.research.assignments"
>       assert util.find_spec(name) is not None, "missing production research assignments"
E       AssertionError: missing production research assignments
E       assert None is not None
E        +  where None = <function find_spec at 0x751bd627f920>('cloud_edge_robot_arm.research.assignments')
E        +    where <function find_spec at 0x751bd627f920> = util.find_spec

tests/test_research_assignments.py:15: AssertionError
___________________ test_all_methods_have_balanced_n[600-50] ___________________

scene_pool = [{'assignment_id': 'formal-0001', 'perturbation': {'noise_m': 0.0}, 'scene': {'asset_family_hash': 'fixture-assets', '...: 'rgbd.dataset.v1', ...}, 'scene_hash': '9c35a9edaf1496254c6419a261a6b11c2e01cbe786af0b0dfcd3ae7e9c1211c9', ...}, ...]
n = 600, per_layer = 50

    @pytest.mark.parametrize("n,per_layer", [(600, 50), (1200, 100), (1800, 150), (2400, 200)])
    def test_all_methods_have_balanced_n(scene_pool, n, per_layer):
>       rows = api().build_assignments(frozen(scene_pool, n), ("JOINT", "B0"),
               ^^^^^
                                       scene_pool=scene_pool)

tests/test_research_assignments.py:63: 
_ _ _ _ _ _ _ _ _ _ _ _ _ _ _ _ _ _ _ _ _ _ _ _ _ _ _ _ _ _ _ _ _ _ _ _ _ _ _ _ 

    def api():
        name = "cloud_edge_robot_arm.research.assignments"
>       assert util.find_spec(name) is not None, "missing production research assignments"
E       AssertionError: missing production research assignments
E       assert None is not None
E        +  where None = <function find_spec at 0x751bd627f920>('cloud_edge_robot_arm.research.assignments')
E        +    where <function find_spec at 0x751bd627f920> = util.find_spec

tests/test_research_assignments.py:15: AssertionError
__________________ test_all_methods_have_balanced_n[1200-100] __________________

scene_pool = [{'assignment_id': 'formal-0001', 'perturbation': {'noise_m': 0.0}, 'scene': {'asset_family_hash': 'fixture-assets', '...: 'rgbd.dataset.v1', ...}, 'scene_hash': '9c35a9edaf1496254c6419a261a6b11c2e01cbe786af0b0dfcd3ae7e9c1211c9', ...}, ...]
n = 1200, per_layer = 100

    @pytest.mark.parametrize("n,per_layer", [(600, 50), (1200, 100), (1800, 150), (2400, 200)])
    def test_all_methods_have_balanced_n(scene_pool, n, per_layer):
>       rows = api().build_assignments(frozen(scene_pool, n), ("JOINT", "B0"),
               ^^^^^
                                       scene_pool=scene_pool)

tests/test_research_assignments.py:63: 
_ _ _ _ _ _ _ _ _ _ _ _ _ _ _ _ _ _ _ _ _ _ _ _ _ _ _ _ _ _ _ _ _ _ _ _ _ _ _ _ 

    def api():
        name = "cloud_edge_robot_arm.research.assignments"
>       assert util.find_spec(name) is not None, "missing production research assignments"
E       AssertionError: missing production research assignments
E       assert None is not None
E        +  where None = <function find_spec at 0x751bd627f920>('cloud_edge_robot_arm.research.assignments')
E        +    where <function find_spec at 0x751bd627f920> = util.find_spec

tests/test_research_assignments.py:15: AssertionError
__________________ test_all_methods_have_balanced_n[1800-150] __________________

scene_pool = [{'assignment_id': 'formal-0001', 'perturbation': {'noise_m': 0.0}, 'scene': {'asset_family_hash': 'fixture-assets', '...: 'rgbd.dataset.v1', ...}, 'scene_hash': '9c35a9edaf1496254c6419a261a6b11c2e01cbe786af0b0dfcd3ae7e9c1211c9', ...}, ...]
n = 1800, per_layer = 150

    @pytest.mark.parametrize("n,per_layer", [(600, 50), (1200, 100), (1800, 150), (2400, 200)])
    def test_all_methods_have_balanced_n(scene_pool, n, per_layer):
>       rows = api().build_assignments(frozen(scene_pool, n), ("JOINT", "B0"),
               ^^^^^
                                       scene_pool=scene_pool)

tests/test_research_assignments.py:63: 
_ _ _ _ _ _ _ _ _ _ _ _ _ _ _ _ _ _ _ _ _ _ _ _ _ _ _ _ _ _ _ _ _ _ _ _ _ _ _ _ 

    def api():
        name = "cloud_edge_robot_arm.research.assignments"
>       assert util.find_spec(name) is not None, "missing production research assignments"
E       AssertionError: missing production research assignments
E       assert None is not None
E        +  where None = <function find_spec at 0x751bd627f920>('cloud_edge_robot_arm.research.assignments')
E        +    where <function find_spec at 0x751bd627f920> = util.find_spec

tests/test_research_assignments.py:15: AssertionError
__________________ test_all_methods_have_balanced_n[2400-200] __________________

scene_pool = [{'assignment_id': 'formal-0001', 'perturbation': {'noise_m': 0.0}, 'scene': {'asset_family_hash': 'fixture-assets', '...: 'rgbd.dataset.v1', ...}, 'scene_hash': '9c35a9edaf1496254c6419a261a6b11c2e01cbe786af0b0dfcd3ae7e9c1211c9', ...}, ...]
n = 2400, per_layer = 200

    @pytest.mark.parametrize("n,per_layer", [(600, 50), (1200, 100), (1800, 150), (2400, 200)])
    def test_all_methods_have_balanced_n(scene_pool, n, per_layer):
>       rows = api().build_assignments(frozen(scene_pool, n), ("JOINT", "B0"),
               ^^^^^
                                       scene_pool=scene_pool)

tests/test_research_assignments.py:63: 
_ _ _ _ _ _ _ _ _ _ _ _ _ _ _ _ _ _ _ _ _ _ _ _ _ _ _ _ _ _ _ _ _ _ _ _ _ _ _ _ 

    def api():
        name = "cloud_edge_robot_arm.research.assignments"
>       assert util.find_spec(name) is not None, "missing production research assignments"
E       AssertionError: missing production research assignments
E       assert None is not None
E        +  where None = <function find_spec at 0x751bd627f920>('cloud_edge_robot_arm.research.assignments')
E        +    where <function find_spec at 0x751bd627f920> = util.find_spec

tests/test_research_assignments.py:15: AssertionError
____________ test_pool_omission_or_drift_cannot_create_assignments _____________

scene_pool = [{'assignment_id': 'formal-0001', 'perturbation': {'noise_m': 0.0}, 'scene': {'asset_family_hash': 'fixture-assets', '...: 'rgbd.dataset.v1', ...}, 'scene_hash': '9c35a9edaf1496254c6419a261a6b11c2e01cbe786af0b0dfcd3ae7e9c1211c9', ...}, ...]

    def test_pool_omission_or_drift_cannot_create_assignments(scene_pool):
>       module = api()
                 ^^^^^

tests/test_research_assignments.py:74: 
_ _ _ _ _ _ _ _ _ _ _ _ _ _ _ _ _ _ _ _ _ _ _ _ _ _ _ _ _ _ _ _ _ _ _ _ _ _ _ _ 

    def api():
        name = "cloud_edge_robot_arm.research.assignments"
>       assert util.find_spec(name) is not None, "missing production research assignments"
E       AssertionError: missing production research assignments
E       assert None is not None
E        +  where None = <function find_spec at 0x751bd627f920>('cloud_edge_robot_arm.research.assignments')
E        +    where <function find_spec at 0x751bd627f920> = util.find_spec

tests/test_research_assignments.py:15: AssertionError
______ test_duplicate_or_incomplete_pool_is_rejected_before_subselection _______

scene_pool = [{'assignment_id': 'formal-0001', 'perturbation': {'noise_m': 0.0}, 'scene': {'asset_family_hash': 'fixture-assets', '...: 'rgbd.dataset.v1', ...}, 'scene_hash': '9c35a9edaf1496254c6419a261a6b11c2e01cbe786af0b0dfcd3ae7e9c1211c9', ...}, ...]

    def test_duplicate_or_incomplete_pool_is_rejected_before_subselection(scene_pool):
>       module = api()
                 ^^^^^

tests/test_research_assignments.py:84: 
_ _ _ _ _ _ _ _ _ _ _ _ _ _ _ _ _ _ _ _ _ _ _ _ _ _ _ _ _ _ _ _ _ _ _ _ _ _ _ _ 

    def api():
        name = "cloud_edge_robot_arm.research.assignments"
>       assert util.find_spec(name) is not None, "missing production research assignments"
E       AssertionError: missing production research assignments
E       assert None is not None
E        +  where None = <function find_spec at 0x751bd627f920>('cloud_edge_robot_arm.research.assignments')
E        +    where <function find_spec at 0x751bd627f920> = util.find_spec

tests/test_research_assignments.py:15: AssertionError
_______ test_initial_or_unfrozen_method_cannot_create_formal_assignments _______

scene_pool = [{'assignment_id': 'formal-0001', 'perturbation': {'noise_m': 0.0}, 'scene': {'asset_family_hash': 'fixture-assets', '...: 'rgbd.dataset.v1', ...}, 'scene_hash': '9c35a9edaf1496254c6419a261a6b11c2e01cbe786af0b0dfcd3ae7e9c1211c9', ...}, ...]

    def test_initial_or_unfrozen_method_cannot_create_formal_assignments(scene_pool):
>       module = api()
                 ^^^^^

tests/test_research_assignments.py:93: 
_ _ _ _ _ _ _ _ _ _ _ _ _ _ _ _ _ _ _ _ _ _ _ _ _ _ _ _ _ _ _ _ _ _ _ _ _ _ _ _ 

    def api():
        name = "cloud_edge_robot_arm.research.assignments"
>       assert util.find_spec(name) is not None, "missing production research assignments"
E       AssertionError: missing production research assignments
E       assert None is not None
E        +  where None = <function find_spec at 0x751bd627f920>('cloud_edge_robot_arm.research.assignments')
E        +    where <function find_spec at 0x751bd627f920> = util.find_spec

tests/test_research_assignments.py:15: AssertionError
__________________ test_assignment_scene_mutation_is_rejected __________________

scene_pool = [{'assignment_id': 'formal-0001', 'perturbation': {'noise_m': 0.0}, 'scene': {'asset_family_hash': 'fixture-assets', '...: 'rgbd.dataset.v1', ...}, 'scene_hash': '9c35a9edaf1496254c6419a261a6b11c2e01cbe786af0b0dfcd3ae7e9c1211c9', ...}, ...]

    def test_assignment_scene_mutation_is_rejected(scene_pool):
>       module = api()
                 ^^^^^

tests/test_research_assignments.py:104: 
_ _ _ _ _ _ _ _ _ _ _ _ _ _ _ _ _ _ _ _ _ _ _ _ _ _ _ _ _ _ _ _ _ _ _ _ _ _ _ _ 

    def api():
        name = "cloud_edge_robot_arm.research.assignments"
>       assert util.find_spec(name) is not None, "missing production research assignments"
E       AssertionError: missing production research assignments
E       assert None is not None
E        +  where None = <function find_spec at 0x751bd627f920>('cloud_edge_robot_arm.research.assignments')
E        +    where <function find_spec at 0x751bd627f920> = util.find_spec

tests/test_research_assignments.py:15: AssertionError
_______________ test_ablation_changes_only_registered_component ________________

    def test_ablation_changes_only_registered_component():
>       module = import_module("cloud_edge_robot_arm.research.ablations")
                 ^^^^^^^^^^^^^^^^^^^^^^^^^^^^^^^^^^^^^^^^^^^^^^^^^^^^^^^^

tests/test_research_assignments.py:113: 
_ _ _ _ _ _ _ _ _ _ _ _ _ _ _ _ _ _ _ _ _ _ _ _ _ _ _ _ _ _ _ _ _ _ _ _ _ _ _ _ 
/usr/lib/python3.12/importlib/__init__.py:90: in import_module
    return _bootstrap._gcd_import(name[level:], package, level)
           ^^^^^^^^^^^^^^^^^^^^^^^^^^^^^^^^^^^^^^^^^^^^^^^^^^^^
<frozen importlib._bootstrap>:1387: in _gcd_import
    ???
<frozen importlib._bootstrap>:1360: in _find_and_load
    ???
_ _ _ _ _ _ _ _ _ _ _ _ _ _ _ _ _ _ _ _ _ _ _ _ _ _ _ _ _ _ _ _ _ _ _ _ _ _ _ _ 

name = 'cloud_edge_robot_arm.research.ablations'
import_ = <function _gcd_import at 0x751bd63a40e0>

>   ???
E   ModuleNotFoundError: No module named 'cloud_edge_robot_arm.research.ablations'

<frozen importlib._bootstrap>:1324: ModuleNotFoundError
_________ test_blocked_timeout_stop_keep_assigned_denominator[BLOCKED] _________

scene_pool = [{'assignment_id': 'formal-0001', 'perturbation': {'noise_m': 0.0}, 'scene': {'asset_family_hash': 'fixture-assets', '...: 'rgbd.dataset.v1', ...}, 'scene_hash': '9c35a9edaf1496254c6419a261a6b11c2e01cbe786af0b0dfcd3ae7e9c1211c9', ...}, ...]
terminal = 'BLOCKED'

    @pytest.mark.parametrize("terminal", ["BLOCKED", "TIMEOUT", "STOP", "FALLBACK", "FAILED"])
    def test_blocked_timeout_stop_keep_assigned_denominator(scene_pool, terminal):
>       row = assignment(scene_pool)
              ^^^^^^^^^^^^^^^^^^^^^^

tests/test_research_runner.py:44: 
_ _ _ _ _ _ _ _ _ _ _ _ _ _ _ _ _ _ _ _ _ _ _ _ _ _ _ _ _ _ _ _ _ _ _ _ _ _ _ _ 
tests/test_research_runner.py:22: in assignment
    return assignment_api().build_assignments(frozen(pool), ("JOINT",), scene_pool=pool)[0]
           ^^^^^^^^^^^^^^^^
_ _ _ _ _ _ _ _ _ _ _ _ _ _ _ _ _ _ _ _ _ _ _ _ _ _ _ _ _ _ _ _ _ _ _ _ _ _ _ _ 

    def api():
        name = "cloud_edge_robot_arm.research.assignments"
>       assert util.find_spec(name) is not None, "missing production research assignments"
E       AssertionError: missing production research assignments
E       assert None is not None
E        +  where None = <function find_spec at 0x751bd627f920>('cloud_edge_robot_arm.research.assignments')
E        +    where <function find_spec at 0x751bd627f920> = util.find_spec

tests/test_research_assignments.py:15: AssertionError
_________ test_blocked_timeout_stop_keep_assigned_denominator[TIMEOUT] _________

scene_pool = [{'assignment_id': 'formal-0001', 'perturbation': {'noise_m': 0.0}, 'scene': {'asset_family_hash': 'fixture-assets', '...: 'rgbd.dataset.v1', ...}, 'scene_hash': '9c35a9edaf1496254c6419a261a6b11c2e01cbe786af0b0dfcd3ae7e9c1211c9', ...}, ...]
terminal = 'TIMEOUT'

    @pytest.mark.parametrize("terminal", ["BLOCKED", "TIMEOUT", "STOP", "FALLBACK", "FAILED"])
    def test_blocked_timeout_stop_keep_assigned_denominator(scene_pool, terminal):
>       row = assignment(scene_pool)
              ^^^^^^^^^^^^^^^^^^^^^^

tests/test_research_runner.py:44: 
_ _ _ _ _ _ _ _ _ _ _ _ _ _ _ _ _ _ _ _ _ _ _ _ _ _ _ _ _ _ _ _ _ _ _ _ _ _ _ _ 
tests/test_research_runner.py:22: in assignment
    return assignment_api().build_assignments(frozen(pool), ("JOINT",), scene_pool=pool)[0]
           ^^^^^^^^^^^^^^^^
_ _ _ _ _ _ _ _ _ _ _ _ _ _ _ _ _ _ _ _ _ _ _ _ _ _ _ _ _ _ _ _ _ _ _ _ _ _ _ _ 

    def api():
        name = "cloud_edge_robot_arm.research.assignments"
>       assert util.find_spec(name) is not None, "missing production research assignments"
E       AssertionError: missing production research assignments
E       assert None is not None
E        +  where None = <function find_spec at 0x751bd627f920>('cloud_edge_robot_arm.research.assignments')
E        +    where <function find_spec at 0x751bd627f920> = util.find_spec

tests/test_research_assignments.py:15: AssertionError
__________ test_blocked_timeout_stop_keep_assigned_denominator[STOP] ___________

scene_pool = [{'assignment_id': 'formal-0001', 'perturbation': {'noise_m': 0.0}, 'scene': {'asset_family_hash': 'fixture-assets', '...: 'rgbd.dataset.v1', ...}, 'scene_hash': '9c35a9edaf1496254c6419a261a6b11c2e01cbe786af0b0dfcd3ae7e9c1211c9', ...}, ...]
terminal = 'STOP'

    @pytest.mark.parametrize("terminal", ["BLOCKED", "TIMEOUT", "STOP", "FALLBACK", "FAILED"])
    def test_blocked_timeout_stop_keep_assigned_denominator(scene_pool, terminal):
>       row = assignment(scene_pool)
              ^^^^^^^^^^^^^^^^^^^^^^

tests/test_research_runner.py:44: 
_ _ _ _ _ _ _ _ _ _ _ _ _ _ _ _ _ _ _ _ _ _ _ _ _ _ _ _ _ _ _ _ _ _ _ _ _ _ _ _ 
tests/test_research_runner.py:22: in assignment
    return assignment_api().build_assignments(frozen(pool), ("JOINT",), scene_pool=pool)[0]
           ^^^^^^^^^^^^^^^^
_ _ _ _ _ _ _ _ _ _ _ _ _ _ _ _ _ _ _ _ _ _ _ _ _ _ _ _ _ _ _ _ _ _ _ _ _ _ _ _ 

    def api():
        name = "cloud_edge_robot_arm.research.assignments"
>       assert util.find_spec(name) is not None, "missing production research assignments"
E       AssertionError: missing production research assignments
E       assert None is not None
E        +  where None = <function find_spec at 0x751bd627f920>('cloud_edge_robot_arm.research.assignments')
E        +    where <function find_spec at 0x751bd627f920> = util.find_spec

tests/test_research_assignments.py:15: AssertionError
________ test_blocked_timeout_stop_keep_assigned_denominator[FALLBACK] _________

scene_pool = [{'assignment_id': 'formal-0001', 'perturbation': {'noise_m': 0.0}, 'scene': {'asset_family_hash': 'fixture-assets', '...: 'rgbd.dataset.v1', ...}, 'scene_hash': '9c35a9edaf1496254c6419a261a6b11c2e01cbe786af0b0dfcd3ae7e9c1211c9', ...}, ...]
terminal = 'FALLBACK'

    @pytest.mark.parametrize("terminal", ["BLOCKED", "TIMEOUT", "STOP", "FALLBACK", "FAILED"])
    def test_blocked_timeout_stop_keep_assigned_denominator(scene_pool, terminal):
>       row = assignment(scene_pool)
              ^^^^^^^^^^^^^^^^^^^^^^

tests/test_research_runner.py:44: 
_ _ _ _ _ _ _ _ _ _ _ _ _ _ _ _ _ _ _ _ _ _ _ _ _ _ _ _ _ _ _ _ _ _ _ _ _ _ _ _ 
tests/test_research_runner.py:22: in assignment
    return assignment_api().build_assignments(frozen(pool), ("JOINT",), scene_pool=pool)[0]
           ^^^^^^^^^^^^^^^^
_ _ _ _ _ _ _ _ _ _ _ _ _ _ _ _ _ _ _ _ _ _ _ _ _ _ _ _ _ _ _ _ _ _ _ _ _ _ _ _ 

    def api():
        name = "cloud_edge_robot_arm.research.assignments"
>       assert util.find_spec(name) is not None, "missing production research assignments"
E       AssertionError: missing production research assignments
E       assert None is not None
E        +  where None = <function find_spec at 0x751bd627f920>('cloud_edge_robot_arm.research.assignments')
E        +    where <function find_spec at 0x751bd627f920> = util.find_spec

tests/test_research_assignments.py:15: AssertionError
_________ test_blocked_timeout_stop_keep_assigned_denominator[FAILED] __________

scene_pool = [{'assignment_id': 'formal-0001', 'perturbation': {'noise_m': 0.0}, 'scene': {'asset_family_hash': 'fixture-assets', '...: 'rgbd.dataset.v1', ...}, 'scene_hash': '9c35a9edaf1496254c6419a261a6b11c2e01cbe786af0b0dfcd3ae7e9c1211c9', ...}, ...]
terminal = 'FAILED'

    @pytest.mark.parametrize("terminal", ["BLOCKED", "TIMEOUT", "STOP", "FALLBACK", "FAILED"])
    def test_blocked_timeout_stop_keep_assigned_denominator(scene_pool, terminal):
>       row = assignment(scene_pool)
              ^^^^^^^^^^^^^^^^^^^^^^

tests/test_research_runner.py:44: 
_ _ _ _ _ _ _ _ _ _ _ _ _ _ _ _ _ _ _ _ _ _ _ _ _ _ _ _ _ _ _ _ _ _ _ _ _ _ _ _ 
tests/test_research_runner.py:22: in assignment
    return assignment_api().build_assignments(frozen(pool), ("JOINT",), scene_pool=pool)[0]
           ^^^^^^^^^^^^^^^^
_ _ _ _ _ _ _ _ _ _ _ _ _ _ _ _ _ _ _ _ _ _ _ _ _ _ _ _ _ _ _ _ _ _ _ _ _ _ _ _ 

    def api():
        name = "cloud_edge_robot_arm.research.assignments"
>       assert util.find_spec(name) is not None, "missing production research assignments"
E       AssertionError: missing production research assignments
E       assert None is not None
E        +  where None = <function find_spec at 0x751bd627f920>('cloud_edge_robot_arm.research.assignments')
E        +    where <function find_spec at 0x751bd627f920> = util.find_spec

tests/test_research_assignments.py:15: AssertionError
_______________ test_formal_runner_requires_final_protocol_hash ________________

scene_pool = [{'assignment_id': 'formal-0001', 'perturbation': {'noise_m': 0.0}, 'scene': {'asset_family_hash': 'fixture-assets', '...: 'rgbd.dataset.v1', ...}, 'scene_hash': '9c35a9edaf1496254c6419a261a6b11c2e01cbe786af0b0dfcd3ae7e9c1211c9', ...}, ...]

    def test_formal_runner_requires_final_protocol_hash(scene_pool):
>       row = assignment(scene_pool)
              ^^^^^^^^^^^^^^^^^^^^^^

tests/test_research_runner.py:57: 
_ _ _ _ _ _ _ _ _ _ _ _ _ _ _ _ _ _ _ _ _ _ _ _ _ _ _ _ _ _ _ _ _ _ _ _ _ _ _ _ 
tests/test_research_runner.py:22: in assignment
    return assignment_api().build_assignments(frozen(pool), ("JOINT",), scene_pool=pool)[0]
           ^^^^^^^^^^^^^^^^
_ _ _ _ _ _ _ _ _ _ _ _ _ _ _ _ _ _ _ _ _ _ _ _ _ _ _ _ _ _ _ _ _ _ _ _ _ _ _ _ 

    def api():
        name = "cloud_edge_robot_arm.research.assignments"
>       assert util.find_spec(name) is not None, "missing production research assignments"
E       AssertionError: missing production research assignments
E       assert None is not None
E        +  where None = <function find_spec at 0x751bd627f920>('cloud_edge_robot_arm.research.assignments')
E        +    where <function find_spec at 0x751bd627f920> = util.find_spec

tests/test_research_assignments.py:15: AssertionError
____________ test_valid_metadata_without_actual_adapter_is_blocked _____________

scene_pool = [{'assignment_id': 'formal-0001', 'perturbation': {'noise_m': 0.0}, 'scene': {'asset_family_hash': 'fixture-assets', '...: 'rgbd.dataset.v1', ...}, 'scene_hash': '9c35a9edaf1496254c6419a261a6b11c2e01cbe786af0b0dfcd3ae7e9c1211c9', ...}, ...]

    def test_valid_metadata_without_actual_adapter_is_blocked(scene_pool):
>       result = api().run_assignment(assignment(scene_pool), frozen(scene_pool))
                 ^^^^^

tests/test_research_runner.py:69: 
_ _ _ _ _ _ _ _ _ _ _ _ _ _ _ _ _ _ _ _ _ _ _ _ _ _ _ _ _ _ _ _ _ _ _ _ _ _ _ _ 

    def api():
        name = "cloud_edge_robot_arm.research.runner"
>       assert util.find_spec(name) is not None, "missing production research runner"
E       AssertionError: missing production research runner
E       assert None is not None
E        +  where None = <function find_spec at 0x751bd627f920>('cloud_edge_robot_arm.research.runner')
E        +    where <function find_spec at 0x751bd627f920> = util.find_spec

tests/test_research_runner.py:17: AssertionError
______________ test_software_adapter_cannot_promote_mock_success _______________

scene_pool = [{'assignment_id': 'formal-0001', 'perturbation': {'noise_m': 0.0}, 'scene': {'asset_family_hash': 'fixture-assets', '...: 'rgbd.dataset.v1', ...}, 'scene_hash': '9c35a9edaf1496254c6419a261a6b11c2e01cbe786af0b0dfcd3ae7e9c1211c9', ...}, ...]

    def test_software_adapter_cannot_promote_mock_success(scene_pool):
>       row = assignment(scene_pool)
              ^^^^^^^^^^^^^^^^^^^^^^

tests/test_research_runner.py:79: 
_ _ _ _ _ _ _ _ _ _ _ _ _ _ _ _ _ _ _ _ _ _ _ _ _ _ _ _ _ _ _ _ _ _ _ _ _ _ _ _ 
tests/test_research_runner.py:22: in assignment
    return assignment_api().build_assignments(frozen(pool), ("JOINT",), scene_pool=pool)[0]
           ^^^^^^^^^^^^^^^^
_ _ _ _ _ _ _ _ _ _ _ _ _ _ _ _ _ _ _ _ _ _ _ _ _ _ _ _ _ _ _ _ _ _ _ _ _ _ _ _ 

    def api():
        name = "cloud_edge_robot_arm.research.assignments"
>       assert util.find_spec(name) is not None, "missing production research assignments"
E       AssertionError: missing production research assignments
E       assert None is not None
E        +  where None = <function find_spec at 0x751bd627f920>('cloud_edge_robot_arm.research.assignments')
E        +    where <function find_spec at 0x751bd627f920> = util.find_spec

tests/test_research_assignments.py:15: AssertionError
_____________ test_recovery_failure_penalty_is_fixed_sixty_seconds _____________

scene_pool = [{'assignment_id': 'formal-0001', 'perturbation': {'noise_m': 0.0}, 'scene': {'asset_family_hash': 'fixture-assets', '...: 'rgbd.dataset.v1', ...}, 'scene_hash': '9c35a9edaf1496254c6419a261a6b11c2e01cbe786af0b0dfcd3ae7e9c1211c9', ...}, ...]

    def test_recovery_failure_penalty_is_fixed_sixty_seconds(scene_pool):
>       row = assignment(scene_pool)
              ^^^^^^^^^^^^^^^^^^^^^^

tests/test_research_runner.py:91: 
_ _ _ _ _ _ _ _ _ _ _ _ _ _ _ _ _ _ _ _ _ _ _ _ _ _ _ _ _ _ _ _ _ _ _ _ _ _ _ _ 
tests/test_research_runner.py:22: in assignment
    return assignment_api().build_assignments(frozen(pool), ("JOINT",), scene_pool=pool)[0]
           ^^^^^^^^^^^^^^^^
_ _ _ _ _ _ _ _ _ _ _ _ _ _ _ _ _ _ _ _ _ _ _ _ _ _ _ _ _ _ _ _ _ _ _ _ _ _ _ _ 

    def api():
        name = "cloud_edge_robot_arm.research.assignments"
>       assert util.find_spec(name) is not None, "missing production research assignments"
E       AssertionError: missing production research assignments
E       assert None is not None
E        +  where None = <function find_spec at 0x751bd627f920>('cloud_edge_robot_arm.research.assignments')
E        +    where <function find_spec at 0x751bd627f920> = util.find_spec

tests/test_research_assignments.py:15: AssertionError
________ test_only_documented_infrastructure_damage_allows_paired_rerun ________

scene_pool = [{'assignment_id': 'formal-0001', 'perturbation': {'noise_m': 0.0}, 'scene': {'asset_family_hash': 'fixture-assets', '...: 'rgbd.dataset.v1', ...}, 'scene_hash': '9c35a9edaf1496254c6419a261a6b11c2e01cbe786af0b0dfcd3ae7e9c1211c9', ...}, ...]
tmp_path = PosixPath('/tmp/pytest-of-ningyd/pytest-523/test_only_documented_infrastru0')

    def test_only_documented_infrastructure_damage_allows_paired_rerun(scene_pool, tmp_path):
>       module = api()
                 ^^^^^

tests/test_research_runner.py:99: 
_ _ _ _ _ _ _ _ _ _ _ _ _ _ _ _ _ _ _ _ _ _ _ _ _ _ _ _ _ _ _ _ _ _ _ _ _ _ _ _ 

    def api():
        name = "cloud_edge_robot_arm.research.runner"
>       assert util.find_spec(name) is not None, "missing production research runner"
E       AssertionError: missing production research runner
E       assert None is not None
E        +  where None = <function find_spec at 0x751bd627f920>('cloud_edge_robot_arm.research.runner')
E        +    where <function find_spec at 0x751bd627f920> = util.find_spec

tests/test_research_runner.py:17: AssertionError
____________ test_trace_reference_verifies_hash_and_missing_content ____________

tmp_path = PosixPath('/tmp/pytest-of-ningyd/pytest-523/test_trace_reference_verifies_0')

    def test_trace_reference_verifies_hash_and_missing_content(tmp_path):
>       module = assignment_api()
                 ^^^^^^^^^^^^^^^^

tests/test_research_runner.py:128: 
_ _ _ _ _ _ _ _ _ _ _ _ _ _ _ _ _ _ _ _ _ _ _ _ _ _ _ _ _ _ _ _ _ _ _ _ _ _ _ _ 

    def api():
        name = "cloud_edge_robot_arm.research.assignments"
>       assert util.find_spec(name) is not None, "missing production research assignments"
E       AssertionError: missing production research assignments
E       assert None is not None
E        +  where None = <function find_spec at 0x751bd627f920>('cloud_edge_robot_arm.research.assignments')
E        +    where <function find_spec at 0x751bd627f920> = util.find_spec

tests/test_research_assignments.py:15: AssertionError
___________ test_gate_replay_preserves_identical_candidate_snapshot ____________

    def test_gate_replay_preserves_identical_candidate_snapshot():
        from tests.test_fixed_opportunity_replay import opportunities
        values = opportunities()
>       records = api().run_gate_replay(values, "JOINT")
                  ^^^^^

tests/test_research_runner.py:139: 
_ _ _ _ _ _ _ _ _ _ _ _ _ _ _ _ _ _ _ _ _ _ _ _ _ _ _ _ _ _ _ _ _ _ _ _ _ _ _ _ 

    def api():
        name = "cloud_edge_robot_arm.research.runner"
>       assert util.find_spec(name) is not None, "missing production research runner"
E       AssertionError: missing production research runner
E       assert None is not None
E        +  where None = <function find_spec at 0x751bd627f920>('cloud_edge_robot_arm.research.runner')
E        +    where <function find_spec at 0x751bd627f920> = util.find_spec

tests/test_research_runner.py:17: AssertionError
_____________ test_gate_replay_keeps_per_opportunity_frozen_clock ______________

    def test_gate_replay_keeps_per_opportunity_frozen_clock():
        from datetime import timedelta
        from tests.test_fixed_opportunity_replay import opportunities
        values = opportunities()
        values[1] = replace(values[1], replay_at=values[1].replay_at + timedelta(seconds=10))
>       records = api().run_gate_replay(values, "B3")
                  ^^^^^

tests/test_research_runner.py:154: 
_ _ _ _ _ _ _ _ _ _ _ _ _ _ _ _ _ _ _ _ _ _ _ _ _ _ _ _ _ _ _ _ _ _ _ _ _ _ _ _ 

    def api():
        name = "cloud_edge_robot_arm.research.runner"
>       assert util.find_spec(name) is not None, "missing production research runner"
E       AssertionError: missing production research runner
E       assert None is not None
E        +  where None = <function find_spec at 0x751bd627f920>('cloud_edge_robot_arm.research.runner')
E        +    where <function find_spec at 0x751bd627f920> = util.find_spec

tests/test_research_runner.py:17: AssertionError
____________________ test_power_selects_smallest_allowed_n _____________________

    def test_power_selects_smallest_allowed_n():
>       result = api().choose_formal_n([(True, False)] * 3 + [(True, True)] * 117,
                 ^^^^^
                                       [(True, False)] + [(False, False)] * 119)

tests/test_research_power.py:15: 
_ _ _ _ _ _ _ _ _ _ _ _ _ _ _ _ _ _ _ _ _ _ _ _ _ _ _ _ _ _ _ _ _ _ _ _ _ _ _ _ 

    def api():
        name = "cloud_edge_robot_arm.research.power"
>       assert util.find_spec(name) is not None, "missing production research power"
E       AssertionError: missing production research power
E       assert None is not None
E        +  where None = <function find_spec at 0x751bd627f920>('cloud_edge_robot_arm.research.power')
E        +    where <function find_spec at 0x751bd627f920> = util.find_spec

tests/test_research_power.py:10: AssertionError
_______ test_zero_disagreement_uses_exact_boundary_not_invented_variance _______

    def test_zero_disagreement_uses_exact_boundary_not_invented_variance():
>       result = api().choose_formal_n([(True, True)] * 120, [(False, False)] * 120)
                 ^^^^^

tests/test_research_power.py:25: 
_ _ _ _ _ _ _ _ _ _ _ _ _ _ _ _ _ _ _ _ _ _ _ _ _ _ _ _ _ _ _ _ _ _ _ _ _ _ _ _ 

    def api():
        name = "cloud_edge_robot_arm.research.power"
>       assert util.find_spec(name) is not None, "missing production research power"
E       AssertionError: missing production research power
E       assert None is not None
E        +  where None = <function find_spec at 0x751bd627f920>('cloud_edge_robot_arm.research.power')
E        +    where <function find_spec at 0x751bd627f920> = util.find_spec

tests/test_research_power.py:10: AssertionError
____________________ test_power_above_2400_is_insufficient _____________________

    def test_power_above_2400_is_insufficient():
        discordant = [(True, False)] * 24 + [(False, False)] * 96
>       result = api().choose_formal_n(discordant, discordant)
                 ^^^^^

tests/test_research_power.py:33: 
_ _ _ _ _ _ _ _ _ _ _ _ _ _ _ _ _ _ _ _ _ _ _ _ _ _ _ _ _ _ _ _ _ _ _ _ _ _ _ _ 

    def api():
        name = "cloud_edge_robot_arm.research.power"
>       assert util.find_spec(name) is not None, "missing production research power"
E       AssertionError: missing production research power
E       assert None is not None
E        +  where None = <function find_spec at 0x751bd627f920>('cloud_edge_robot_arm.research.power')
E        +    where <function find_spec at 0x751bd627f920> = util.find_spec

tests/test_research_power.py:10: AssertionError
_________ test_power_uses_only_disagreement_not_favorable_pilot_effect _________

    def test_power_uses_only_disagreement_not_favorable_pilot_effect():
        first = [(True, False)] * 6 + [(False, False)] * 114
        flipped = [(False, True)] * 6 + [(True, True)] * 114
>       assert api().choose_formal_n(first, first) == api().choose_formal_n(flipped, flipped)
               ^^^^^

tests/test_research_power.py:41: 
_ _ _ _ _ _ _ _ _ _ _ _ _ _ _ _ _ _ _ _ _ _ _ _ _ _ _ _ _ _ _ _ _ _ _ _ _ _ _ _ 

    def api():
        name = "cloud_edge_robot_arm.research.power"
>       assert util.find_spec(name) is not None, "missing production research power"
E       AssertionError: missing production research power
E       assert None is not None
E        +  where None = <function find_spec at 0x751bd627f920>('cloud_edge_robot_arm.research.power')
E        +    where <function find_spec at 0x751bd627f920> = util.find_spec

tests/test_research_power.py:10: AssertionError
_________ test_power_requires_complete_boolean_120_pair_pilot[pairs0] __________

pairs = []

    @pytest.mark.parametrize("pairs", [[], [(False, False)] * 119, [(False, False)] * 121,
                                       [(0, 1)] * 120, [(False,)] * 120])
    def test_power_requires_complete_boolean_120_pair_pilot(pairs):
        with pytest.raises(ValueError, match="120|boolean|pair"):
>           api().choose_formal_n(pairs, [(False, False)] * 120)
            ^^^^^

tests/test_research_power.py:48: 
_ _ _ _ _ _ _ _ _ _ _ _ _ _ _ _ _ _ _ _ _ _ _ _ _ _ _ _ _ _ _ _ _ _ _ _ _ _ _ _ 

    def api():
        name = "cloud_edge_robot_arm.research.power"
>       assert util.find_spec(name) is not None, "missing production research power"
E       AssertionError: missing production research power
E       assert None is not None
E        +  where None = <function find_spec at 0x751bd627f920>('cloud_edge_robot_arm.research.power')
E        +    where <function find_spec at 0x751bd627f920> = util.find_spec

tests/test_research_power.py:10: AssertionError
_________ test_power_requires_complete_boolean_120_pair_pilot[pairs1] __________

pairs = [(False, False), (False, False), (False, False), (False, False), (False, False), (False, False), ...]

    @pytest.mark.parametrize("pairs", [[], [(False, False)] * 119, [(False, False)] * 121,
                                       [(0, 1)] * 120, [(False,)] * 120])
    def test_power_requires_complete_boolean_120_pair_pilot(pairs):
        with pytest.raises(ValueError, match="120|boolean|pair"):
>           api().choose_formal_n(pairs, [(False, False)] * 120)
            ^^^^^

tests/test_research_power.py:48: 
_ _ _ _ _ _ _ _ _ _ _ _ _ _ _ _ _ _ _ _ _ _ _ _ _ _ _ _ _ _ _ _ _ _ _ _ _ _ _ _ 

    def api():
        name = "cloud_edge_robot_arm.research.power"
>       assert util.find_spec(name) is not None, "missing production research power"
E       AssertionError: missing production research power
E       assert None is not None
E        +  where None = <function find_spec at 0x751bd627f920>('cloud_edge_robot_arm.research.power')
E        +    where <function find_spec at 0x751bd627f920> = util.find_spec

tests/test_research_power.py:10: AssertionError
_________ test_power_requires_complete_boolean_120_pair_pilot[pairs2] __________

pairs = [(False, False), (False, False), (False, False), (False, False), (False, False), (False, False), ...]

    @pytest.mark.parametrize("pairs", [[], [(False, False)] * 119, [(False, False)] * 121,
                                       [(0, 1)] * 120, [(False,)] * 120])
    def test_power_requires_complete_boolean_120_pair_pilot(pairs):
        with pytest.raises(ValueError, match="120|boolean|pair"):
>           api().choose_formal_n(pairs, [(False, False)] * 120)
            ^^^^^

tests/test_research_power.py:48: 
_ _ _ _ _ _ _ _ _ _ _ _ _ _ _ _ _ _ _ _ _ _ _ _ _ _ _ _ _ _ _ _ _ _ _ _ _ _ _ _ 

    def api():
        name = "cloud_edge_robot_arm.research.power"
>       assert util.find_spec(name) is not None, "missing production research power"
E       AssertionError: missing production research power
E       assert None is not None
E        +  where None = <function find_spec at 0x751bd627f920>('cloud_edge_robot_arm.research.power')
E        +    where <function find_spec at 0x751bd627f920> = util.find_spec

tests/test_research_power.py:10: AssertionError
_________ test_power_requires_complete_boolean_120_pair_pilot[pairs3] __________

pairs = [(0, 1), (0, 1), (0, 1), (0, 1), (0, 1), (0, 1), ...]

    @pytest.mark.parametrize("pairs", [[], [(False, False)] * 119, [(False, False)] * 121,
                                       [(0, 1)] * 120, [(False,)] * 120])
    def test_power_requires_complete_boolean_120_pair_pilot(pairs):
        with pytest.raises(ValueError, match="120|boolean|pair"):
>           api().choose_formal_n(pairs, [(False, False)] * 120)
            ^^^^^

tests/test_research_power.py:48: 
_ _ _ _ _ _ _ _ _ _ _ _ _ _ _ _ _ _ _ _ _ _ _ _ _ _ _ _ _ _ _ _ _ _ _ _ _ _ _ _ 

    def api():
        name = "cloud_edge_robot_arm.research.power"
>       assert util.find_spec(name) is not None, "missing production research power"
E       AssertionError: missing production research power
E       assert None is not None
E        +  where None = <function find_spec at 0x751bd627f920>('cloud_edge_robot_arm.research.power')
E        +    where <function find_spec at 0x751bd627f920> = util.find_spec

tests/test_research_power.py:10: AssertionError
_________ test_power_requires_complete_boolean_120_pair_pilot[pairs4] __________

pairs = [(False,), (False,), (False,), (False,), (False,), (False,), ...]

    @pytest.mark.parametrize("pairs", [[], [(False, False)] * 119, [(False, False)] * 121,
                                       [(0, 1)] * 120, [(False,)] * 120])
    def test_power_requires_complete_boolean_120_pair_pilot(pairs):
        with pytest.raises(ValueError, match="120|boolean|pair"):
>           api().choose_formal_n(pairs, [(False, False)] * 120)
            ^^^^^

tests/test_research_power.py:48: 
_ _ _ _ _ _ _ _ _ _ _ _ _ _ _ _ _ _ _ _ _ _ _ _ _ _ _ _ _ _ _ _ _ _ _ _ _ _ _ _ 

    def api():
        name = "cloud_edge_robot_arm.research.power"
>       assert util.find_spec(name) is not None, "missing production research power"
E       AssertionError: missing production research power
E       assert None is not None
E        +  where None = <function find_spec at 0x751bd627f920>('cloud_edge_robot_arm.research.power')
E        +    where <function find_spec at 0x751bd627f920> = util.find_spec

tests/test_research_power.py:10: AssertionError
_____ test_power_design_cannot_change_alpha_or_target_after_pilot[kwargs0] _____

kwargs = {'alpha': 0.1}

    @pytest.mark.parametrize("kwargs", [{"alpha": .1}, {"target_power": .7}, {"alpha": float("nan")}])
    def test_power_design_cannot_change_alpha_or_target_after_pilot(kwargs):
        with pytest.raises(ValueError, match="fixed"):
>           api().choose_formal_n([(False, False)] * 120, [(False, False)] * 120, **kwargs)
            ^^^^^

tests/test_research_power.py:54: 
_ _ _ _ _ _ _ _ _ _ _ _ _ _ _ _ _ _ _ _ _ _ _ _ _ _ _ _ _ _ _ _ _ _ _ _ _ _ _ _ 

    def api():
        name = "cloud_edge_robot_arm.research.power"
>       assert util.find_spec(name) is not None, "missing production research power"
E       AssertionError: missing production research power
E       assert None is not None
E        +  where None = <function find_spec at 0x751bd627f920>('cloud_edge_robot_arm.research.power')
E        +    where <function find_spec at 0x751bd627f920> = util.find_spec

tests/test_research_power.py:10: AssertionError
_____ test_power_design_cannot_change_alpha_or_target_after_pilot[kwargs1] _____

kwargs = {'target_power': 0.7}

    @pytest.mark.parametrize("kwargs", [{"alpha": .1}, {"target_power": .7}, {"alpha": float("nan")}])
    def test_power_design_cannot_change_alpha_or_target_after_pilot(kwargs):
        with pytest.raises(ValueError, match="fixed"):
>           api().choose_formal_n([(False, False)] * 120, [(False, False)] * 120, **kwargs)
            ^^^^^

tests/test_research_power.py:54: 
_ _ _ _ _ _ _ _ _ _ _ _ _ _ _ _ _ _ _ _ _ _ _ _ _ _ _ _ _ _ _ _ _ _ _ _ _ _ _ _ 

    def api():
        name = "cloud_edge_robot_arm.research.power"
>       assert util.find_spec(name) is not None, "missing production research power"
E       AssertionError: missing production research power
E       assert None is not None
E        +  where None = <function find_spec at 0x751bd627f920>('cloud_edge_robot_arm.research.power')
E        +    where <function find_spec at 0x751bd627f920> = util.find_spec

tests/test_research_power.py:10: AssertionError
_____ test_power_design_cannot_change_alpha_or_target_after_pilot[kwargs2] _____

kwargs = {'alpha': nan}

    @pytest.mark.parametrize("kwargs", [{"alpha": .1}, {"target_power": .7}, {"alpha": float("nan")}])
    def test_power_design_cannot_change_alpha_or_target_after_pilot(kwargs):
        with pytest.raises(ValueError, match="fixed"):
>           api().choose_formal_n([(False, False)] * 120, [(False, False)] * 120, **kwargs)
            ^^^^^

tests/test_research_power.py:54: 
_ _ _ _ _ _ _ _ _ _ _ _ _ _ _ _ _ _ _ _ _ _ _ _ _ _ _ _ _ _ _ _ _ _ _ _ _ _ _ _ 

    def api():
        name = "cloud_edge_robot_arm.research.power"
>       assert util.find_spec(name) is not None, "missing production research power"
E       AssertionError: missing production research power
E       assert None is not None
E        +  where None = <function find_spec at 0x751bd627f920>('cloud_edge_robot_arm.research.power')
E        +    where <function find_spec at 0x751bd627f920> = util.find_spec

tests/test_research_power.py:10: AssertionError
________ test_power_provenance_wrapper_rejects_reused_or_formal_groups _________

    def test_power_provenance_wrapper_rejects_reused_or_formal_groups():
        rows = [{"group_id": f"power-{i}", "split_role": "power", "success": [True, True],
                 "safety": [False, False], "method_hashes": {"B0": "a"*64, "JOINT": "b"*64},
                 "source_hashes": ["c"*64]} for i in range(120)]
>       module = api()
                 ^^^^^

tests/test_research_power.py:61: 
_ _ _ _ _ _ _ _ _ _ _ _ _ _ _ _ _ _ _ _ _ _ _ _ _ _ _ _ _ _ _ _ _ _ _ _ _ _ _ _ 

    def api():
        name = "cloud_edge_robot_arm.research.power"
>       assert util.find_spec(name) is not None, "missing production research power"
E       AssertionError: missing production research power
E       assert None is not None
E        +  where None = <function find_spec at 0x751bd627f920>('cloud_edge_robot_arm.research.power')
E        +    where <function find_spec at 0x751bd627f920> = util.find_spec

tests/test_research_power.py:10: AssertionError
=========================== short test summary info ============================
FAILED tests/test_research_assignments.py::test_paired_assignments_share_scene_seed_schedule
FAILED tests/test_research_assignments.py::test_all_methods_have_balanced_n[600-50]
FAILED tests/test_research_assignments.py::test_all_methods_have_balanced_n[1200-100]
FAILED tests/test_research_assignments.py::test_all_methods_have_balanced_n[1800-150]
FAILED tests/test_research_assignments.py::test_all_methods_have_balanced_n[2400-200]
FAILED tests/test_research_assignments.py::test_pool_omission_or_drift_cannot_create_assignments
FAILED tests/test_research_assignments.py::test_duplicate_or_incomplete_pool_is_rejected_before_subselection
FAILED tests/test_research_assignments.py::test_initial_or_unfrozen_method_cannot_create_formal_assignments
FAILED tests/test_research_assignments.py::test_assignment_scene_mutation_is_rejected
FAILED tests/test_research_assignments.py::test_ablation_changes_only_registered_component
FAILED tests/test_research_runner.py::test_blocked_timeout_stop_keep_assigned_denominator[BLOCKED]
FAILED tests/test_research_runner.py::test_blocked_timeout_stop_keep_assigned_denominator[TIMEOUT]
FAILED tests/test_research_runner.py::test_blocked_timeout_stop_keep_assigned_denominator[STOP]
FAILED tests/test_research_runner.py::test_blocked_timeout_stop_keep_assigned_denominator[FALLBACK]
FAILED tests/test_research_runner.py::test_blocked_timeout_stop_keep_assigned_denominator[FAILED]
FAILED tests/test_research_runner.py::test_formal_runner_requires_final_protocol_hash
FAILED tests/test_research_runner.py::test_valid_metadata_without_actual_adapter_is_blocked
FAILED tests/test_research_runner.py::test_software_adapter_cannot_promote_mock_success
FAILED tests/test_research_runner.py::test_recovery_failure_penalty_is_fixed_sixty_seconds
FAILED tests/test_research_runner.py::test_only_documented_infrastructure_damage_allows_paired_rerun
FAILED tests/test_research_runner.py::test_trace_reference_verifies_hash_and_missing_content
FAILED tests/test_research_runner.py::test_gate_replay_preserves_identical_candidate_snapshot
FAILED tests/test_research_runner.py::test_gate_replay_keeps_per_opportunity_frozen_clock
FAILED tests/test_research_power.py::test_power_selects_smallest_allowed_n - ...
FAILED tests/test_research_power.py::test_zero_disagreement_uses_exact_boundary_not_invented_variance
FAILED tests/test_research_power.py::test_power_above_2400_is_insufficient - ...
FAILED tests/test_research_power.py::test_power_uses_only_disagreement_not_favorable_pilot_effect
FAILED tests/test_research_power.py::test_power_requires_complete_boolean_120_pair_pilot[pairs0]
FAILED tests/test_research_power.py::test_power_requires_complete_boolean_120_pair_pilot[pairs1]
FAILED tests/test_research_power.py::test_power_requires_complete_boolean_120_pair_pilot[pairs2]
FAILED tests/test_research_power.py::test_power_requires_complete_boolean_120_pair_pilot[pairs3]
FAILED tests/test_research_power.py::test_power_requires_complete_boolean_120_pair_pilot[pairs4]
FAILED tests/test_research_power.py::test_power_design_cannot_change_alpha_or_target_after_pilot[kwargs0]
FAILED tests/test_research_power.py::test_power_design_cannot_change_alpha_or_target_after_pilot[kwargs1]
FAILED tests/test_research_power.py::test_power_design_cannot_change_alpha_or_target_after_pilot[kwargs2]
FAILED tests/test_research_power.py::test_power_provenance_wrapper_rejects_reused_or_formal_groups
36 failed in 0.58s
