Independent CPU-only Task2 review command transcript.
No renderer, physics, cloud, model, hardware or Git operations.

COMMAND: PYTHONDONTWRITEBYTECODE=1 PYTHONPATH=src:. .venv/bin/python -m pytest -q -p no:cacheprovider tests/test_native_calibration_source.py
EXIT: 0
RESULT: 33 passed in 12.68s
The author's affected-set 184 includes these 33; these counts are not additive.

COMMAND: PYTHONDONTWRITEBYTECODE=1 .venv/bin/python -m ruff check --no-cache src/cloud_edge_robot_arm/vision/native_calibration.py src/cloud_edge_robot_arm/research/native_geometry_calibration.py tests/test_native_calibration_source.py
EXIT: 0
OUTPUT: All checks passed!

COMMAND: PYTHONDONTWRITEBYTECODE=1 PYTHONPATH=src:. .venv/bin/python -m mypy --follow-imports=skip --cache-dir=/tmp/task2-independent-mypy src/cloud_edge_robot_arm/vision/native_calibration.py src/cloud_edge_robot_arm/research/native_geometry_calibration.py
EXIT: 0
OUTPUT:
pyproject.toml: note: unused section(s): module = ['ament_index_python.*', 'mujoco', 'rclpy.*', 'yaml']
Success: no issues found in 2 source files

COMMAND: PYTHONDONTWRITEBYTECODE=1 PYTHONPATH=src:. .venv/bin/python artifacts/research/process/20261004-ced-development/t7b-native-calibration-source/task2-independent-formula-probe.py
EXIT: 0
FULL OUTPUT: task2-independent-formula-probe.log
Task2 independent reviewer reran the probe and confirmed the same output.

COMMAND: PYTHONDONTWRITEBYTECODE=1 PYTHONPATH=src:. .venv/bin/python artifacts/research/process/20261004-ced-development/t7b-native-calibration-source/task2-independent-source-link-probe.py
EXIT: 0
FULL OUTPUT: task2-independent-source-link-probe.log
Three SOFTWARE_ONLY metadata consistency probes. None produces a finite bound.

Final audited SHA256 values unchanged:
420a587d75ebfba35ff9d3ceccec6287ec411c9ada125aa90b63c6ac54632f12 src/cloud_edge_robot_arm/vision/native_calibration.py
5b438aeac0ee74da829b40fcda2d822afa34950ec8c09b9bdb864de8da5f7695 src/cloud_edge_robot_arm/research/native_geometry_calibration.py
865771b8db94b7cee1bc33ca63a420eae18b4e3164e643c94c56c0604468b19c tests/test_native_calibration_source.py
84d5e81bc167cd56897981abdeb575f03ed19b250a9077fd22fcc00379003cfa task2-implementation-report.json
