E501 Line too long (101 > 100)
   --> src/cloud_edge_robot_arm/vision/native_calibration.py:591:101
    |
589 |                     bound = quantile.bound_m
590 |                     if current.fixed_goal_coordinate_invariant:
591 |                         # This is source-proved fixed command coordinate speed, never body/TCP speed.
    |                                                                                                     ^
592 |                         motion = 0.0
593 |                     else:
    |

F821 Undefined name `envelope`
   --> tests/test_native_calibration_source.py:427:31
    |
425 |     with pytest.raises(ValueError, match="current native implementation"):
426 |         producer.reconstruct_registered_calibration(substituted)
427 |     payload = clock_originals(envelope, records)
    |                               ^^^^^^^^
428 |     payload["accepted_uncertainty_ns"] = 0
429 |     with pytest.raises(ValueError):
    |

F821 Undefined name `records`
   --> tests/test_native_calibration_source.py:427:41
    |
425 |     with pytest.raises(ValueError, match="current native implementation"):
426 |         producer.reconstruct_registered_calibration(substituted)
427 |     payload = clock_originals(envelope, records)
    |                                         ^^^^^^^
428 |     payload["accepted_uncertainty_ns"] = 0
429 |     with pytest.raises(ValueError):
    |

F821 Undefined name `envelope`
   --> tests/test_native_calibration_source.py:430:58
    |
428 |     payload["accepted_uncertainty_ns"] = 0
429 |     with pytest.raises(ValueError):
430 |         producer.independent_utc_uncertainty_ns(payload, envelope, records)
    |                                                          ^^^^^^^^
    |

F821 Undefined name `records`
   --> tests/test_native_calibration_source.py:430:68
    |
428 |     payload["accepted_uncertainty_ns"] = 0
429 |     with pytest.raises(ValueError):
430 |         producer.independent_utc_uncertainty_ns(payload, envelope, records)
    |                                                                    ^^^^^^^
    |

Found 5 errors.
