E501 Line too long (106 > 100)
  --> tests/test_native_references.py:51:101
   |
49 |         target.write_bytes((ROOT / name).read_bytes())
50 |         device[name] = hashlib.sha256(target.read_bytes()).hexdigest()
51 |     binding = replace(binding, edge_policy=binding.evidence()["edge_policy"], device_source_hashes=device,
   |                                                                                                     ^^^^^^
52 |                       bundle=replace(binding.bundle, device_pipeline_hash=configuration_hash(device)))
53 |     contract = _contract().model_copy(update={
   |

E501 Line too long (102 > 100)
  --> tests/test_native_references.py:52:101
   |
50 |         device[name] = hashlib.sha256(target.read_bytes()).hexdigest()
51 |     binding = replace(binding, edge_policy=binding.evidence()["edge_policy"], device_source_hashes=device,
52 |                       bundle=replace(binding.bundle, device_pipeline_hash=configuration_hash(device)))
   |                                                                                                     ^^
53 |     contract = _contract().model_copy(update={
54 |         "task_target": TaskTarget(object_id="object", object_class="cube",
   |

E501 Line too long (101 > 100)
   --> tests/test_native_references.py:108:101
    |
106 |     reference = module.resolve_native_reference(**inputs)
107 |     if change == "tcp":
108 |         state = inputs["online"].robot_state.model_copy(update={"tcp_pose": Pose(x=0.46,y=0,z=0.04)})
    |                                                                                                     ^
109 |         inputs["online"] = replace(inputs["online"], robot_state=state)
110 |     elif change in {"height", "region", "support"}:
    |

E501 Line too long (112 > 100)
   --> tests/test_native_references.py:132:101
    |
130 |     elif change == "role":
131 |         binding = inputs["role_binding"]
132 |         inputs["role_binding"] = replace(binding, edge_policy=binding.evidence()["edge_policy"], bundle=replace(
    |                                                                                                     ^^^^^^^^^^^^
133 |             binding.bundle, cloud_snapshot=replace(binding.bundle.cloud_snapshot,
134 |                                                    provider_id="changed-cloud")))
    |

E501 Line too long (121 > 100)
   --> tests/test_native_references.py:161:101
    |
159 |         if change == "rehashed":
160 |             device[name] = hashlib.sha256(path.read_bytes()).hexdigest()
161 |     inputs["role_binding"] = replace(binding, edge_policy=binding.evidence()["edge_policy"], device_source_hashes=device,
    |                                                                                                     ^^^^^^^^^^^^^^^^^^^^^
162 |         bundle=replace(binding.bundle, device_pipeline_hash=configuration_hash(device)))
163 |     with pytest.raises(ValueError):
    |

Found 6 errors (1 fixed, 5 remaining).
