FFFFFFFFFFFFFFFFFFFFFFFFFF                                               [100%]
=================================== FAILURES ===================================
______ test_full_geometry_uses_eight_vertices_contact_and_tcp_lever_arms _______

    def test_full_geometry_uses_eight_vertices_contact_and_tcp_lever_arms():
>       module, producer = api()
                           ^^^^^

tests/test_native_calibration_source.py:98: 
_ _ _ _ _ _ _ _ _ _ _ _ _ _ _ _ _ _ _ _ _ _ _ _ _ _ _ _ _ _ _ _ _ _ _ _ _ _ _ _ 

    def api():
        names = ("cloud_edge_robot_arm.vision.native_calibration",
                 "cloud_edge_robot_arm.research.native_geometry_calibration")
        for name in names:
>           assert util.find_spec(name) is not None, "missing production native calibration source"
E           AssertionError: missing production native calibration source
E           assert None is not None
E            +  where None = <function find_spec at 0x7183e2a9f920>('cloud_edge_robot_arm.vision.native_calibration')
E            +    where <function find_spec at 0x7183e2a9f920> = util.find_spec

tests/test_native_calibration_source.py:24: AssertionError
__________ test_rank_keeps_every_missing_group_in_denominator[8-None] __________

count = 8, bound = None

    @pytest.mark.parametrize("count,bound", [(8, None), (9, 0.009), (10, None)])
    def test_rank_keeps_every_missing_group_in_denominator(count, bound):
>       _, producer = api()
                      ^^^^^

tests/test_native_calibration_source.py:111: 
_ _ _ _ _ _ _ _ _ _ _ _ _ _ _ _ _ _ _ _ _ _ _ _ _ _ _ _ _ _ _ _ _ _ _ _ _ _ _ _ 

    def api():
        names = ("cloud_edge_robot_arm.vision.native_calibration",
                 "cloud_edge_robot_arm.research.native_geometry_calibration")
        for name in names:
>           assert util.find_spec(name) is not None, "missing production native calibration source"
E           AssertionError: missing production native calibration source
E           assert None is not None
E            +  where None = <function find_spec at 0x7183e2a9f920>('cloud_edge_robot_arm.vision.native_calibration')
E            +    where <function find_spec at 0x7183e2a9f920> = util.find_spec

tests/test_native_calibration_source.py:24: AssertionError
_________ test_rank_keeps_every_missing_group_in_denominator[9-0.009] __________

count = 9, bound = 0.009

    @pytest.mark.parametrize("count,bound", [(8, None), (9, 0.009), (10, None)])
    def test_rank_keeps_every_missing_group_in_denominator(count, bound):
>       _, producer = api()
                      ^^^^^

tests/test_native_calibration_source.py:111: 
_ _ _ _ _ _ _ _ _ _ _ _ _ _ _ _ _ _ _ _ _ _ _ _ _ _ _ _ _ _ _ _ _ _ _ _ _ _ _ _ 

    def api():
        names = ("cloud_edge_robot_arm.vision.native_calibration",
                 "cloud_edge_robot_arm.research.native_geometry_calibration")
        for name in names:
>           assert util.find_spec(name) is not None, "missing production native calibration source"
E           AssertionError: missing production native calibration source
E           assert None is not None
E            +  where None = <function find_spec at 0x7183e2a9f920>('cloud_edge_robot_arm.vision.native_calibration')
E            +    where <function find_spec at 0x7183e2a9f920> = util.find_spec

tests/test_native_calibration_source.py:24: AssertionError
_________ test_rank_keeps_every_missing_group_in_denominator[10-None] __________

count = 10, bound = None

    @pytest.mark.parametrize("count,bound", [(8, None), (9, 0.009), (10, None)])
    def test_rank_keeps_every_missing_group_in_denominator(count, bound):
>       _, producer = api()
                      ^^^^^

tests/test_native_calibration_source.py:111: 
_ _ _ _ _ _ _ _ _ _ _ _ _ _ _ _ _ _ _ _ _ _ _ _ _ _ _ _ _ _ _ _ _ _ _ _ _ _ _ _ 

    def api():
        names = ("cloud_edge_robot_arm.vision.native_calibration",
                 "cloud_edge_robot_arm.research.native_geometry_calibration")
        for name in names:
>           assert util.find_spec(name) is not None, "missing production native calibration source"
E           AssertionError: missing production native calibration source
E           assert None is not None
E            +  where None = <function find_spec at 0x7183e2a9f920>('cloud_edge_robot_arm.vision.native_calibration')
E            +    where <function find_spec at 0x7183e2a9f920> = util.find_spec

tests/test_native_calibration_source.py:24: AssertionError
_ test_registered_original_pipeline_retains_unknown_frames_failed_action_and_clock_gap _

tmp_path = PosixPath('/tmp/pytest-of-ningyd/pytest-1167/test_registered_original_pipel0')

    def test_registered_original_pipeline_retains_unknown_frames_failed_action_and_clock_gap(tmp_path):
>       _, producer = api()
                      ^^^^^

tests/test_native_calibration_source.py:124: 
_ _ _ _ _ _ _ _ _ _ _ _ _ _ _ _ _ _ _ _ _ _ _ _ _ _ _ _ _ _ _ _ _ _ _ _ _ _ _ _ 

    def api():
        names = ("cloud_edge_robot_arm.vision.native_calibration",
                 "cloud_edge_robot_arm.research.native_geometry_calibration")
        for name in names:
>           assert util.find_spec(name) is not None, "missing production native calibration source"
E           AssertionError: missing production native calibration source
E           assert None is not None
E            +  where None = <function find_spec at 0x7183e2a9f920>('cloud_edge_robot_arm.vision.native_calibration')
E            +    where <function find_spec at 0x7183e2a9f920> = util.find_spec

tests/test_native_calibration_source.py:24: AssertionError
_ test_rehashed_caller_scalar_flags_and_marker_only_quantity_are_rejected[bound_m-0.0001] _

tmp_path = PosixPath('/tmp/pytest-of-ningyd/pytest-1167/test_rehashed_caller_scalar_fl0')
field = 'bound_m', value = 0.0001

    @pytest.mark.parametrize("field,value", [
        ("bound_m", 0.0001), ("source_accepted", True), ("accepted_flag", "VALID"),
        ("quantity", "MARKER_CENTER_TRANSLATION"),
    ])
    def test_rehashed_caller_scalar_flags_and_marker_only_quantity_are_rejected(tmp_path, field, value):
>       api()

tests/test_native_calibration_source.py:144: 
_ _ _ _ _ _ _ _ _ _ _ _ _ _ _ _ _ _ _ _ _ _ _ _ _ _ _ _ _ _ _ _ _ _ _ _ _ _ _ _ 

    def api():
        names = ("cloud_edge_robot_arm.vision.native_calibration",
                 "cloud_edge_robot_arm.research.native_geometry_calibration")
        for name in names:
>           assert util.find_spec(name) is not None, "missing production native calibration source"
E           AssertionError: missing production native calibration source
E           assert None is not None
E            +  where None = <function find_spec at 0x7183e2a9f920>('cloud_edge_robot_arm.vision.native_calibration')
E            +    where <function find_spec at 0x7183e2a9f920> = util.find_spec

tests/test_native_calibration_source.py:24: AssertionError
_ test_rehashed_caller_scalar_flags_and_marker_only_quantity_are_rejected[source_accepted-True] _

tmp_path = PosixPath('/tmp/pytest-of-ningyd/pytest-1167/test_rehashed_caller_scalar_fl1')
field = 'source_accepted', value = True

    @pytest.mark.parametrize("field,value", [
        ("bound_m", 0.0001), ("source_accepted", True), ("accepted_flag", "VALID"),
        ("quantity", "MARKER_CENTER_TRANSLATION"),
    ])
    def test_rehashed_caller_scalar_flags_and_marker_only_quantity_are_rejected(tmp_path, field, value):
>       api()

tests/test_native_calibration_source.py:144: 
_ _ _ _ _ _ _ _ _ _ _ _ _ _ _ _ _ _ _ _ _ _ _ _ _ _ _ _ _ _ _ _ _ _ _ _ _ _ _ _ 

    def api():
        names = ("cloud_edge_robot_arm.vision.native_calibration",
                 "cloud_edge_robot_arm.research.native_geometry_calibration")
        for name in names:
>           assert util.find_spec(name) is not None, "missing production native calibration source"
E           AssertionError: missing production native calibration source
E           assert None is not None
E            +  where None = <function find_spec at 0x7183e2a9f920>('cloud_edge_robot_arm.vision.native_calibration')
E            +    where <function find_spec at 0x7183e2a9f920> = util.find_spec

tests/test_native_calibration_source.py:24: AssertionError
_ test_rehashed_caller_scalar_flags_and_marker_only_quantity_are_rejected[accepted_flag-VALID] _

tmp_path = PosixPath('/tmp/pytest-of-ningyd/pytest-1167/test_rehashed_caller_scalar_fl2')
field = 'accepted_flag', value = 'VALID'

    @pytest.mark.parametrize("field,value", [
        ("bound_m", 0.0001), ("source_accepted", True), ("accepted_flag", "VALID"),
        ("quantity", "MARKER_CENTER_TRANSLATION"),
    ])
    def test_rehashed_caller_scalar_flags_and_marker_only_quantity_are_rejected(tmp_path, field, value):
>       api()

tests/test_native_calibration_source.py:144: 
_ _ _ _ _ _ _ _ _ _ _ _ _ _ _ _ _ _ _ _ _ _ _ _ _ _ _ _ _ _ _ _ _ _ _ _ _ _ _ _ 

    def api():
        names = ("cloud_edge_robot_arm.vision.native_calibration",
                 "cloud_edge_robot_arm.research.native_geometry_calibration")
        for name in names:
>           assert util.find_spec(name) is not None, "missing production native calibration source"
E           AssertionError: missing production native calibration source
E           assert None is not None
E            +  where None = <function find_spec at 0x7183e2a9f920>('cloud_edge_robot_arm.vision.native_calibration')
E            +    where <function find_spec at 0x7183e2a9f920> = util.find_spec

tests/test_native_calibration_source.py:24: AssertionError
_ test_rehashed_caller_scalar_flags_and_marker_only_quantity_are_rejected[quantity-MARKER_CENTER_TRANSLATION] _

tmp_path = PosixPath('/tmp/pytest-of-ningyd/pytest-1167/test_rehashed_caller_scalar_fl3')
field = 'quantity', value = 'MARKER_CENTER_TRANSLATION'

    @pytest.mark.parametrize("field,value", [
        ("bound_m", 0.0001), ("source_accepted", True), ("accepted_flag", "VALID"),
        ("quantity", "MARKER_CENTER_TRANSLATION"),
    ])
    def test_rehashed_caller_scalar_flags_and_marker_only_quantity_are_rejected(tmp_path, field, value):
>       api()

tests/test_native_calibration_source.py:144: 
_ _ _ _ _ _ _ _ _ _ _ _ _ _ _ _ _ _ _ _ _ _ _ _ _ _ _ _ _ _ _ _ _ _ _ _ _ _ _ _ 

    def api():
        names = ("cloud_edge_robot_arm.vision.native_calibration",
                 "cloud_edge_robot_arm.research.native_geometry_calibration")
        for name in names:
>           assert util.find_spec(name) is not None, "missing production native calibration source"
E           AssertionError: missing production native calibration source
E           assert None is not None
E            +  where None = <function find_spec at 0x7183e2a9f920>('cloud_edge_robot_arm.vision.native_calibration')
E            +    where <function find_spec at 0x7183e2a9f920> = util.find_spec

tests/test_native_calibration_source.py:24: AssertionError
_ test_complete_geometry_registration_is_recomputed_from_asset[marker_offset] __

tmp_path = PosixPath('/tmp/pytest-of-ningyd/pytest-1167/test_complete_geometry_registr0')
change = 'marker_offset'

    @pytest.mark.parametrize("change", ["marker_offset", "object_extent", "tcp_frame", "asset"])
    def test_complete_geometry_registration_is_recomputed_from_asset(tmp_path, change):
>       api()

tests/test_native_calibration_source.py:153: 
_ _ _ _ _ _ _ _ _ _ _ _ _ _ _ _ _ _ _ _ _ _ _ _ _ _ _ _ _ _ _ _ _ _ _ _ _ _ _ _ 

    def api():
        names = ("cloud_edge_robot_arm.vision.native_calibration",
                 "cloud_edge_robot_arm.research.native_geometry_calibration")
        for name in names:
>           assert util.find_spec(name) is not None, "missing production native calibration source"
E           AssertionError: missing production native calibration source
E           assert None is not None
E            +  where None = <function find_spec at 0x7183e2a9f920>('cloud_edge_robot_arm.vision.native_calibration')
E            +    where <function find_spec at 0x7183e2a9f920> = util.find_spec

tests/test_native_calibration_source.py:24: AssertionError
_ test_complete_geometry_registration_is_recomputed_from_asset[object_extent] __

tmp_path = PosixPath('/tmp/pytest-of-ningyd/pytest-1167/test_complete_geometry_registr1')
change = 'object_extent'

    @pytest.mark.parametrize("change", ["marker_offset", "object_extent", "tcp_frame", "asset"])
    def test_complete_geometry_registration_is_recomputed_from_asset(tmp_path, change):
>       api()

tests/test_native_calibration_source.py:153: 
_ _ _ _ _ _ _ _ _ _ _ _ _ _ _ _ _ _ _ _ _ _ _ _ _ _ _ _ _ _ _ _ _ _ _ _ _ _ _ _ 

    def api():
        names = ("cloud_edge_robot_arm.vision.native_calibration",
                 "cloud_edge_robot_arm.research.native_geometry_calibration")
        for name in names:
>           assert util.find_spec(name) is not None, "missing production native calibration source"
E           AssertionError: missing production native calibration source
E           assert None is not None
E            +  where None = <function find_spec at 0x7183e2a9f920>('cloud_edge_robot_arm.vision.native_calibration')
E            +    where <function find_spec at 0x7183e2a9f920> = util.find_spec

tests/test_native_calibration_source.py:24: AssertionError
___ test_complete_geometry_registration_is_recomputed_from_asset[tcp_frame] ____

tmp_path = PosixPath('/tmp/pytest-of-ningyd/pytest-1167/test_complete_geometry_registr2')
change = 'tcp_frame'

    @pytest.mark.parametrize("change", ["marker_offset", "object_extent", "tcp_frame", "asset"])
    def test_complete_geometry_registration_is_recomputed_from_asset(tmp_path, change):
>       api()

tests/test_native_calibration_source.py:153: 
_ _ _ _ _ _ _ _ _ _ _ _ _ _ _ _ _ _ _ _ _ _ _ _ _ _ _ _ _ _ _ _ _ _ _ _ _ _ _ _ 

    def api():
        names = ("cloud_edge_robot_arm.vision.native_calibration",
                 "cloud_edge_robot_arm.research.native_geometry_calibration")
        for name in names:
>           assert util.find_spec(name) is not None, "missing production native calibration source"
E           AssertionError: missing production native calibration source
E           assert None is not None
E            +  where None = <function find_spec at 0x7183e2a9f920>('cloud_edge_robot_arm.vision.native_calibration')
E            +    where <function find_spec at 0x7183e2a9f920> = util.find_spec

tests/test_native_calibration_source.py:24: AssertionError
_____ test_complete_geometry_registration_is_recomputed_from_asset[asset] ______

tmp_path = PosixPath('/tmp/pytest-of-ningyd/pytest-1167/test_complete_geometry_registr3')
change = 'asset'

    @pytest.mark.parametrize("change", ["marker_offset", "object_extent", "tcp_frame", "asset"])
    def test_complete_geometry_registration_is_recomputed_from_asset(tmp_path, change):
>       api()

tests/test_native_calibration_source.py:153: 
_ _ _ _ _ _ _ _ _ _ _ _ _ _ _ _ _ _ _ _ _ _ _ _ _ _ _ _ _ _ _ _ _ _ _ _ _ _ _ _ 

    def api():
        names = ("cloud_edge_robot_arm.vision.native_calibration",
                 "cloud_edge_robot_arm.research.native_geometry_calibration")
        for name in names:
>           assert util.find_spec(name) is not None, "missing production native calibration source"
E           AssertionError: missing production native calibration source
E           assert None is not None
E            +  where None = <function find_spec at 0x7183e2a9f920>('cloud_edge_robot_arm.vision.native_calibration')
E            +    where <function find_spec at 0x7183e2a9f920> = util.find_spec

tests/test_native_calibration_source.py:24: AssertionError
______ test_original_inventory_and_current_source_are_rechecked[missing] _______

tmp_path = PosixPath('/tmp/pytest-of-ningyd/pytest-1167/test_original_inventory_and_cu0')
change = 'missing'

    @pytest.mark.parametrize("change", ["missing", "extra", "symlink", "source_drift"])
    def test_original_inventory_and_current_source_are_rechecked(tmp_path, change):
>       module, producer = api()
                           ^^^^^

tests/test_native_calibration_source.py:170: 
_ _ _ _ _ _ _ _ _ _ _ _ _ _ _ _ _ _ _ _ _ _ _ _ _ _ _ _ _ _ _ _ _ _ _ _ _ _ _ _ 

    def api():
        names = ("cloud_edge_robot_arm.vision.native_calibration",
                 "cloud_edge_robot_arm.research.native_geometry_calibration")
        for name in names:
>           assert util.find_spec(name) is not None, "missing production native calibration source"
E           AssertionError: missing production native calibration source
E           assert None is not None
E            +  where None = <function find_spec at 0x7183e2a9f920>('cloud_edge_robot_arm.vision.native_calibration')
E            +    where <function find_spec at 0x7183e2a9f920> = util.find_spec

tests/test_native_calibration_source.py:24: AssertionError
_______ test_original_inventory_and_current_source_are_rechecked[extra] ________

tmp_path = PosixPath('/tmp/pytest-of-ningyd/pytest-1167/test_original_inventory_and_cu1')
change = 'extra'

    @pytest.mark.parametrize("change", ["missing", "extra", "symlink", "source_drift"])
    def test_original_inventory_and_current_source_are_rechecked(tmp_path, change):
>       module, producer = api()
                           ^^^^^

tests/test_native_calibration_source.py:170: 
_ _ _ _ _ _ _ _ _ _ _ _ _ _ _ _ _ _ _ _ _ _ _ _ _ _ _ _ _ _ _ _ _ _ _ _ _ _ _ _ 

    def api():
        names = ("cloud_edge_robot_arm.vision.native_calibration",
                 "cloud_edge_robot_arm.research.native_geometry_calibration")
        for name in names:
>           assert util.find_spec(name) is not None, "missing production native calibration source"
E           AssertionError: missing production native calibration source
E           assert None is not None
E            +  where None = <function find_spec at 0x7183e2a9f920>('cloud_edge_robot_arm.vision.native_calibration')
E            +    where <function find_spec at 0x7183e2a9f920> = util.find_spec

tests/test_native_calibration_source.py:24: AssertionError
______ test_original_inventory_and_current_source_are_rechecked[symlink] _______

tmp_path = PosixPath('/tmp/pytest-of-ningyd/pytest-1167/test_original_inventory_and_cu2')
change = 'symlink'

    @pytest.mark.parametrize("change", ["missing", "extra", "symlink", "source_drift"])
    def test_original_inventory_and_current_source_are_rechecked(tmp_path, change):
>       module, producer = api()
                           ^^^^^

tests/test_native_calibration_source.py:170: 
_ _ _ _ _ _ _ _ _ _ _ _ _ _ _ _ _ _ _ _ _ _ _ _ _ _ _ _ _ _ _ _ _ _ _ _ _ _ _ _ 

    def api():
        names = ("cloud_edge_robot_arm.vision.native_calibration",
                 "cloud_edge_robot_arm.research.native_geometry_calibration")
        for name in names:
>           assert util.find_spec(name) is not None, "missing production native calibration source"
E           AssertionError: missing production native calibration source
E           assert None is not None
E            +  where None = <function find_spec at 0x7183e2a9f920>('cloud_edge_robot_arm.vision.native_calibration')
E            +    where <function find_spec at 0x7183e2a9f920> = util.find_spec

tests/test_native_calibration_source.py:24: AssertionError
____ test_original_inventory_and_current_source_are_rechecked[source_drift] ____

tmp_path = PosixPath('/tmp/pytest-of-ningyd/pytest-1167/test_original_inventory_and_cu3')
change = 'source_drift'

    @pytest.mark.parametrize("change", ["missing", "extra", "symlink", "source_drift"])
    def test_original_inventory_and_current_source_are_rechecked(tmp_path, change):
>       module, producer = api()
                           ^^^^^

tests/test_native_calibration_source.py:170: 
_ _ _ _ _ _ _ _ _ _ _ _ _ _ _ _ _ _ _ _ _ _ _ _ _ _ _ _ _ _ _ _ _ _ _ _ _ _ _ _ 

    def api():
        names = ("cloud_edge_robot_arm.vision.native_calibration",
                 "cloud_edge_robot_arm.research.native_geometry_calibration")
        for name in names:
>           assert util.find_spec(name) is not None, "missing production native calibration source"
E           AssertionError: missing production native calibration source
E           assert None is not None
E            +  where None = <function find_spec at 0x7183e2a9f920>('cloud_edge_robot_arm.vision.native_calibration')
E            +    where <function find_spec at 0x7183e2a9f920> = util.find_spec

tests/test_native_calibration_source.py:24: AssertionError
_ test_viewed_or_leaking_original_ancestors_cannot_be_relabelled_calibration[history0] _

tmp_path = PosixPath('/tmp/pytest-of-ningyd/pytest-1167/test_viewed_or_leaking_origina0')
history = ['DEVELOPMENT_FEEDBACK']

    @pytest.mark.parametrize("history", [["DEVELOPMENT_FEEDBACK"], ["TRAIN"], ["UNKNOWN"], ["TEST"]])
    def test_viewed_or_leaking_original_ancestors_cannot_be_relabelled_calibration(tmp_path, history):
>       api()

tests/test_native_calibration_source.py:189: 
_ _ _ _ _ _ _ _ _ _ _ _ _ _ _ _ _ _ _ _ _ _ _ _ _ _ _ _ _ _ _ _ _ _ _ _ _ _ _ _ 

    def api():
        names = ("cloud_edge_robot_arm.vision.native_calibration",
                 "cloud_edge_robot_arm.research.native_geometry_calibration")
        for name in names:
>           assert util.find_spec(name) is not None, "missing production native calibration source"
E           AssertionError: missing production native calibration source
E           assert None is not None
E            +  where None = <function find_spec at 0x7183e2a9f920>('cloud_edge_robot_arm.vision.native_calibration')
E            +    where <function find_spec at 0x7183e2a9f920> = util.find_spec

tests/test_native_calibration_source.py:24: AssertionError
_ test_viewed_or_leaking_original_ancestors_cannot_be_relabelled_calibration[history1] _

tmp_path = PosixPath('/tmp/pytest-of-ningyd/pytest-1167/test_viewed_or_leaking_origina1')
history = ['TRAIN']

    @pytest.mark.parametrize("history", [["DEVELOPMENT_FEEDBACK"], ["TRAIN"], ["UNKNOWN"], ["TEST"]])
    def test_viewed_or_leaking_original_ancestors_cannot_be_relabelled_calibration(tmp_path, history):
>       api()

tests/test_native_calibration_source.py:189: 
_ _ _ _ _ _ _ _ _ _ _ _ _ _ _ _ _ _ _ _ _ _ _ _ _ _ _ _ _ _ _ _ _ _ _ _ _ _ _ _ 

    def api():
        names = ("cloud_edge_robot_arm.vision.native_calibration",
                 "cloud_edge_robot_arm.research.native_geometry_calibration")
        for name in names:
>           assert util.find_spec(name) is not None, "missing production native calibration source"
E           AssertionError: missing production native calibration source
E           assert None is not None
E            +  where None = <function find_spec at 0x7183e2a9f920>('cloud_edge_robot_arm.vision.native_calibration')
E            +    where <function find_spec at 0x7183e2a9f920> = util.find_spec

tests/test_native_calibration_source.py:24: AssertionError
_ test_viewed_or_leaking_original_ancestors_cannot_be_relabelled_calibration[history2] _

tmp_path = PosixPath('/tmp/pytest-of-ningyd/pytest-1167/test_viewed_or_leaking_origina2')
history = ['UNKNOWN']

    @pytest.mark.parametrize("history", [["DEVELOPMENT_FEEDBACK"], ["TRAIN"], ["UNKNOWN"], ["TEST"]])
    def test_viewed_or_leaking_original_ancestors_cannot_be_relabelled_calibration(tmp_path, history):
>       api()

tests/test_native_calibration_source.py:189: 
_ _ _ _ _ _ _ _ _ _ _ _ _ _ _ _ _ _ _ _ _ _ _ _ _ _ _ _ _ _ _ _ _ _ _ _ _ _ _ _ 

    def api():
        names = ("cloud_edge_robot_arm.vision.native_calibration",
                 "cloud_edge_robot_arm.research.native_geometry_calibration")
        for name in names:
>           assert util.find_spec(name) is not None, "missing production native calibration source"
E           AssertionError: missing production native calibration source
E           assert None is not None
E            +  where None = <function find_spec at 0x7183e2a9f920>('cloud_edge_robot_arm.vision.native_calibration')
E            +    where <function find_spec at 0x7183e2a9f920> = util.find_spec

tests/test_native_calibration_source.py:24: AssertionError
_ test_viewed_or_leaking_original_ancestors_cannot_be_relabelled_calibration[history3] _

tmp_path = PosixPath('/tmp/pytest-of-ningyd/pytest-1167/test_viewed_or_leaking_origina3')
history = ['TEST']

    @pytest.mark.parametrize("history", [["DEVELOPMENT_FEEDBACK"], ["TRAIN"], ["UNKNOWN"], ["TEST"]])
    def test_viewed_or_leaking_original_ancestors_cannot_be_relabelled_calibration(tmp_path, history):
>       api()

tests/test_native_calibration_source.py:189: 
_ _ _ _ _ _ _ _ _ _ _ _ _ _ _ _ _ _ _ _ _ _ _ _ _ _ _ _ _ _ _ _ _ _ _ _ _ _ _ _ 

    def api():
        names = ("cloud_edge_robot_arm.vision.native_calibration",
                 "cloud_edge_robot_arm.research.native_geometry_calibration")
        for name in names:
>           assert util.find_spec(name) is not None, "missing production native calibration source"
E           AssertionError: missing production native calibration source
E           assert None is not None
E            +  where None = <function find_spec at 0x7183e2a9f920>('cloud_edge_robot_arm.vision.native_calibration')
E            +    where <function find_spec at 0x7183e2a9f920> = util.find_spec

tests/test_native_calibration_source.py:24: AssertionError
____ test_missing_record_retains_complete_assignment_and_no_zero_imputation ____

tmp_path = PosixPath('/tmp/pytest-of-ningyd/pytest-1167/test_missing_record_retains_co0')

    def test_missing_record_retains_complete_assignment_and_no_zero_imputation(tmp_path):
>       _, producer = api()
                      ^^^^^

tests/test_native_calibration_source.py:197: 
_ _ _ _ _ _ _ _ _ _ _ _ _ _ _ _ _ _ _ _ _ _ _ _ _ _ _ _ _ _ _ _ _ _ _ _ _ _ _ _ 

    def api():
        names = ("cloud_edge_robot_arm.vision.native_calibration",
                 "cloud_edge_robot_arm.research.native_geometry_calibration")
        for name in names:
>           assert util.find_spec(name) is not None, "missing production native calibration source"
E           AssertionError: missing production native calibration source
E           assert None is not None
E            +  where None = <function find_spec at 0x7183e2a9f920>('cloud_edge_robot_arm.vision.native_calibration')
E            +    where <function find_spec at 0x7183e2a9f920> = util.find_spec

tests/test_native_calibration_source.py:24: AssertionError
____________ test_upcoming_actuator_n_is_required_for_physics_end_n ____________

tmp_path = PosixPath('/tmp/pytest-of-ningyd/pytest-1167/test_upcoming_actuator_n_is_re0')

    def test_upcoming_actuator_n_is_required_for_physics_end_n(tmp_path):
>       _, producer = api()
                      ^^^^^

tests/test_native_calibration_source.py:213: 
_ _ _ _ _ _ _ _ _ _ _ _ _ _ _ _ _ _ _ _ _ _ _ _ _ _ _ _ _ _ _ _ _ _ _ _ _ _ _ _ 

    def api():
        names = ("cloud_edge_robot_arm.vision.native_calibration",
                 "cloud_edge_robot_arm.research.native_geometry_calibration")
        for name in names:
>           assert util.find_spec(name) is not None, "missing production native calibration source"
E           AssertionError: missing production native calibration source
E           assert None is not None
E            +  where None = <function find_spec at 0x7183e2a9f920>('cloud_edge_robot_arm.vision.native_calibration')
E            +    where <function find_spec at 0x7183e2a9f920> = util.find_spec

tests/test_native_calibration_source.py:24: AssertionError
_______ test_software_scope_cannot_be_upgraded_by_rehashed_origin_string _______

tmp_path = PosixPath('/tmp/pytest-of-ningyd/pytest-1167/test_software_scope_cannot_be_0')

    def test_software_scope_cannot_be_upgraded_by_rehashed_origin_string(tmp_path):
>       _, producer = api()
                      ^^^^^

tests/test_native_calibration_source.py:227: 
_ _ _ _ _ _ _ _ _ _ _ _ _ _ _ _ _ _ _ _ _ _ _ _ _ _ _ _ _ _ _ _ _ _ _ _ _ _ _ _ 

    def api():
        names = ("cloud_edge_robot_arm.vision.native_calibration",
                 "cloud_edge_robot_arm.research.native_geometry_calibration")
        for name in names:
>           assert util.find_spec(name) is not None, "missing production native calibration source"
E           AssertionError: missing production native calibration source
E           assert None is not None
E            +  where None = <function find_spec at 0x7183e2a9f920>('cloud_edge_robot_arm.vision.native_calibration')
E            +    where <function find_spec at 0x7183e2a9f920> = util.find_spec

tests/test_native_calibration_source.py:24: AssertionError
__ test_public_registration_and_lookalike_role_cannot_mint_application_source __

tmp_path = PosixPath('/tmp/pytest-of-ningyd/pytest-1167/test_public_registration_and_l0')

    def test_public_registration_and_lookalike_role_cannot_mint_application_source(tmp_path):
>       module, _ = api()
                    ^^^^^

tests/test_native_calibration_source.py:236: 
_ _ _ _ _ _ _ _ _ _ _ _ _ _ _ _ _ _ _ _ _ _ _ _ _ _ _ _ _ _ _ _ _ _ _ _ _ _ _ _ 

    def api():
        names = ("cloud_edge_robot_arm.vision.native_calibration",
                 "cloud_edge_robot_arm.research.native_geometry_calibration")
        for name in names:
>           assert util.find_spec(name) is not None, "missing production native calibration source"
E           AssertionError: missing production native calibration source
E           assert None is not None
E            +  where None = <function find_spec at 0x7183e2a9f920>('cloud_edge_robot_arm.vision.native_calibration')
E            +    where <function find_spec at 0x7183e2a9f920> = util.find_spec

tests/test_native_calibration_source.py:24: AssertionError
_____ test_shared_ancestors_or_raw_content_form_one_independent_component ______

    def test_shared_ancestors_or_raw_content_form_one_independent_component():
>       _, producer = api()
                      ^^^^^

tests/test_native_calibration_source.py:245: 
_ _ _ _ _ _ _ _ _ _ _ _ _ _ _ _ _ _ _ _ _ _ _ _ _ _ _ _ _ _ _ _ _ _ _ _ _ _ _ _ 

    def api():
        names = ("cloud_edge_robot_arm.vision.native_calibration",
                 "cloud_edge_robot_arm.research.native_geometry_calibration")
        for name in names:
>           assert util.find_spec(name) is not None, "missing production native calibration source"
E           AssertionError: missing production native calibration source
E           assert None is not None
E            +  where None = <function find_spec at 0x7183e2a9f920>('cloud_edge_robot_arm.vision.native_calibration')
E            +    where <function find_spec at 0x7183e2a9f920> = util.find_spec

tests/test_native_calibration_source.py:24: AssertionError
=========================== short test summary info ============================
FAILED tests/test_native_calibration_source.py::test_full_geometry_uses_eight_vertices_contact_and_tcp_lever_arms
FAILED tests/test_native_calibration_source.py::test_rank_keeps_every_missing_group_in_denominator[8-None]
FAILED tests/test_native_calibration_source.py::test_rank_keeps_every_missing_group_in_denominator[9-0.009]
FAILED tests/test_native_calibration_source.py::test_rank_keeps_every_missing_group_in_denominator[10-None]
FAILED tests/test_native_calibration_source.py::test_registered_original_pipeline_retains_unknown_frames_failed_action_and_clock_gap
FAILED tests/test_native_calibration_source.py::test_rehashed_caller_scalar_flags_and_marker_only_quantity_are_rejected[bound_m-0.0001]
FAILED tests/test_native_calibration_source.py::test_rehashed_caller_scalar_flags_and_marker_only_quantity_are_rejected[source_accepted-True]
FAILED tests/test_native_calibration_source.py::test_rehashed_caller_scalar_flags_and_marker_only_quantity_are_rejected[accepted_flag-VALID]
FAILED tests/test_native_calibration_source.py::test_rehashed_caller_scalar_flags_and_marker_only_quantity_are_rejected[quantity-MARKER_CENTER_TRANSLATION]
FAILED tests/test_native_calibration_source.py::test_complete_geometry_registration_is_recomputed_from_asset[marker_offset]
FAILED tests/test_native_calibration_source.py::test_complete_geometry_registration_is_recomputed_from_asset[object_extent]
FAILED tests/test_native_calibration_source.py::test_complete_geometry_registration_is_recomputed_from_asset[tcp_frame]
FAILED tests/test_native_calibration_source.py::test_complete_geometry_registration_is_recomputed_from_asset[asset]
FAILED tests/test_native_calibration_source.py::test_original_inventory_and_current_source_are_rechecked[missing]
FAILED tests/test_native_calibration_source.py::test_original_inventory_and_current_source_are_rechecked[extra]
FAILED tests/test_native_calibration_source.py::test_original_inventory_and_current_source_are_rechecked[symlink]
FAILED tests/test_native_calibration_source.py::test_original_inventory_and_current_source_are_rechecked[source_drift]
FAILED tests/test_native_calibration_source.py::test_viewed_or_leaking_original_ancestors_cannot_be_relabelled_calibration[history0]
FAILED tests/test_native_calibration_source.py::test_viewed_or_leaking_original_ancestors_cannot_be_relabelled_calibration[history1]
FAILED tests/test_native_calibration_source.py::test_viewed_or_leaking_original_ancestors_cannot_be_relabelled_calibration[history2]
FAILED tests/test_native_calibration_source.py::test_viewed_or_leaking_original_ancestors_cannot_be_relabelled_calibration[history3]
FAILED tests/test_native_calibration_source.py::test_missing_record_retains_complete_assignment_and_no_zero_imputation
FAILED tests/test_native_calibration_source.py::test_upcoming_actuator_n_is_required_for_physics_end_n
FAILED tests/test_native_calibration_source.py::test_software_scope_cannot_be_upgraded_by_rehashed_origin_string
FAILED tests/test_native_calibration_source.py::test_public_registration_and_lookalike_role_cannot_mint_application_source
FAILED tests/test_native_calibration_source.py::test_shared_ancestors_or_raw_content_form_one_independent_component
26 failed in 0.35s
