FFFFFFFFFFFFFFFFFFFFFFFFFF..                                             [100%]
=================================== FAILURES ===================================
_ test_original_resolver_and_registered_handler_forward_exact_fixed_endpoint[LIFT-endpoint0] _

tmp_path = PosixPath('/tmp/pytest-of-ningyd/pytest-1159/test_original_resolver_and_reg0')
skill = 'LIFT', endpoint = (0.45, 0.0, 0.16)

    @pytest.mark.parametrize("skill,endpoint", [
        ("LIFT", (0.45, 0.0, 0.16)),
        ("MOVE_TO_REGION", (0.2, 0.25, 0.16)),
        ("PLACE", (0.2, 0.25, 0.044)),
    ])
    def test_original_resolver_and_registered_handler_forward_exact_fixed_endpoint(
        tmp_path, skill, endpoint,
    ):
        module = api()
>       inputs = sample(tmp_path, skill)
                 ^^^^^^^^^^^^^^^^^^^^^^^

tests/test_native_references.py:78: 
_ _ _ _ _ _ _ _ _ _ _ _ _ _ _ _ _ _ _ _ _ _ _ _ _ _ _ _ _ _ _ _ _ _ _ _ _ _ _ _ 
tests/test_native_references.py:51: in sample
    binding = replace(binding, device_source_hashes=device,
/usr/lib/python3.12/dataclasses.py:1581: in replace
    return obj.__class__(**changes)
           ^^^^^^^^^^^^^^^^^^^^^^^^
<string>:8: in __init__
    ???
src/cloud_edge_robot_arm/vision/runtime_binding.py:75: in __post_init__
    policy = json.loads(json.dumps(dict(self.edge_policy), allow_nan=False))
                        ^^^^^^^^^^^^^^^^^^^^^^^^^^^^^^^^^^^^^^^^^^^^^^^^^^^
/usr/lib/python3.12/json/__init__.py:238: in dumps
    **kw).encode(obj)
          ^^^^^^^^^^^
/usr/lib/python3.12/json/encoder.py:200: in encode
    chunks = self.iterencode(o, _one_shot=True)
             ^^^^^^^^^^^^^^^^^^^^^^^^^^^^^^^^^^
/usr/lib/python3.12/json/encoder.py:258: in iterencode
    return _iterencode(o, 0)
           ^^^^^^^^^^^^^^^^^
_ _ _ _ _ _ _ _ _ _ _ _ _ _ _ _ _ _ _ _ _ _ _ _ _ _ _ _ _ _ _ _ _ _ _ _ _ _ _ _ 

self = <json.encoder.JSONEncoder object at 0x7e7108e479b0>
o = mappingproxy({'max_reobservations': 2, 'max_retries': 0, 'max_no_progress': 3, 'deadline_s': 120.0})

    def default(self, o):
        """Implement this method in a subclass such that it returns
        a serializable object for ``o``, or calls the base implementation
        (to raise a ``TypeError``).
    
        For example, to support arbitrary iterators, you could
        implement default like this::
    
            def default(self, o):
                try:
                    iterable = iter(o)
                except TypeError:
                    pass
                else:
                    return list(iterable)
                # Let the base class default method raise the TypeError
                return super().default(o)
    
        """
>       raise TypeError(f'Object of type {o.__class__.__name__} '
                        f'is not JSON serializable')
E       TypeError: Object of type mappingproxy is not JSON serializable

/usr/lib/python3.12/json/encoder.py:180: TypeError
_ test_original_resolver_and_registered_handler_forward_exact_fixed_endpoint[MOVE_TO_REGION-endpoint1] _

tmp_path = PosixPath('/tmp/pytest-of-ningyd/pytest-1159/test_original_resolver_and_reg1')
skill = 'MOVE_TO_REGION', endpoint = (0.2, 0.25, 0.16)

    @pytest.mark.parametrize("skill,endpoint", [
        ("LIFT", (0.45, 0.0, 0.16)),
        ("MOVE_TO_REGION", (0.2, 0.25, 0.16)),
        ("PLACE", (0.2, 0.25, 0.044)),
    ])
    def test_original_resolver_and_registered_handler_forward_exact_fixed_endpoint(
        tmp_path, skill, endpoint,
    ):
        module = api()
>       inputs = sample(tmp_path, skill)
                 ^^^^^^^^^^^^^^^^^^^^^^^

tests/test_native_references.py:78: 
_ _ _ _ _ _ _ _ _ _ _ _ _ _ _ _ _ _ _ _ _ _ _ _ _ _ _ _ _ _ _ _ _ _ _ _ _ _ _ _ 
tests/test_native_references.py:51: in sample
    binding = replace(binding, device_source_hashes=device,
/usr/lib/python3.12/dataclasses.py:1581: in replace
    return obj.__class__(**changes)
           ^^^^^^^^^^^^^^^^^^^^^^^^
<string>:8: in __init__
    ???
src/cloud_edge_robot_arm/vision/runtime_binding.py:75: in __post_init__
    policy = json.loads(json.dumps(dict(self.edge_policy), allow_nan=False))
                        ^^^^^^^^^^^^^^^^^^^^^^^^^^^^^^^^^^^^^^^^^^^^^^^^^^^
/usr/lib/python3.12/json/__init__.py:238: in dumps
    **kw).encode(obj)
          ^^^^^^^^^^^
/usr/lib/python3.12/json/encoder.py:200: in encode
    chunks = self.iterencode(o, _one_shot=True)
             ^^^^^^^^^^^^^^^^^^^^^^^^^^^^^^^^^^
/usr/lib/python3.12/json/encoder.py:258: in iterencode
    return _iterencode(o, 0)
           ^^^^^^^^^^^^^^^^^
_ _ _ _ _ _ _ _ _ _ _ _ _ _ _ _ _ _ _ _ _ _ _ _ _ _ _ _ _ _ _ _ _ _ _ _ _ _ _ _ 

self = <json.encoder.JSONEncoder object at 0x7e7108e5b020>
o = mappingproxy({'max_reobservations': 2, 'max_retries': 0, 'max_no_progress': 3, 'deadline_s': 120.0})

    def default(self, o):
        """Implement this method in a subclass such that it returns
        a serializable object for ``o``, or calls the base implementation
        (to raise a ``TypeError``).
    
        For example, to support arbitrary iterators, you could
        implement default like this::
    
            def default(self, o):
                try:
                    iterable = iter(o)
                except TypeError:
                    pass
                else:
                    return list(iterable)
                # Let the base class default method raise the TypeError
                return super().default(o)
    
        """
>       raise TypeError(f'Object of type {o.__class__.__name__} '
                        f'is not JSON serializable')
E       TypeError: Object of type mappingproxy is not JSON serializable

/usr/lib/python3.12/json/encoder.py:180: TypeError
_ test_original_resolver_and_registered_handler_forward_exact_fixed_endpoint[PLACE-endpoint2] _

tmp_path = PosixPath('/tmp/pytest-of-ningyd/pytest-1159/test_original_resolver_and_reg2')
skill = 'PLACE', endpoint = (0.2, 0.25, 0.044)

    @pytest.mark.parametrize("skill,endpoint", [
        ("LIFT", (0.45, 0.0, 0.16)),
        ("MOVE_TO_REGION", (0.2, 0.25, 0.16)),
        ("PLACE", (0.2, 0.25, 0.044)),
    ])
    def test_original_resolver_and_registered_handler_forward_exact_fixed_endpoint(
        tmp_path, skill, endpoint,
    ):
        module = api()
>       inputs = sample(tmp_path, skill)
                 ^^^^^^^^^^^^^^^^^^^^^^^

tests/test_native_references.py:78: 
_ _ _ _ _ _ _ _ _ _ _ _ _ _ _ _ _ _ _ _ _ _ _ _ _ _ _ _ _ _ _ _ _ _ _ _ _ _ _ _ 
tests/test_native_references.py:51: in sample
    binding = replace(binding, device_source_hashes=device,
/usr/lib/python3.12/dataclasses.py:1581: in replace
    return obj.__class__(**changes)
           ^^^^^^^^^^^^^^^^^^^^^^^^
<string>:8: in __init__
    ???
src/cloud_edge_robot_arm/vision/runtime_binding.py:75: in __post_init__
    policy = json.loads(json.dumps(dict(self.edge_policy), allow_nan=False))
                        ^^^^^^^^^^^^^^^^^^^^^^^^^^^^^^^^^^^^^^^^^^^^^^^^^^^
/usr/lib/python3.12/json/__init__.py:238: in dumps
    **kw).encode(obj)
          ^^^^^^^^^^^
/usr/lib/python3.12/json/encoder.py:200: in encode
    chunks = self.iterencode(o, _one_shot=True)
             ^^^^^^^^^^^^^^^^^^^^^^^^^^^^^^^^^^
/usr/lib/python3.12/json/encoder.py:258: in iterencode
    return _iterencode(o, 0)
           ^^^^^^^^^^^^^^^^^
_ _ _ _ _ _ _ _ _ _ _ _ _ _ _ _ _ _ _ _ _ _ _ _ _ _ _ _ _ _ _ _ _ _ _ _ _ _ _ _ 

self = <json.encoder.JSONEncoder object at 0x7e7108e59730>
o = mappingproxy({'max_reobservations': 2, 'max_retries': 0, 'max_no_progress': 3, 'deadline_s': 120.0})

    def default(self, o):
        """Implement this method in a subclass such that it returns
        a serializable object for ``o``, or calls the base implementation
        (to raise a ``TypeError``).
    
        For example, to support arbitrary iterators, you could
        implement default like this::
    
            def default(self, o):
                try:
                    iterable = iter(o)
                except TypeError:
                    pass
                else:
                    return list(iterable)
                # Let the base class default method raise the TypeError
                return super().default(o)
    
        """
>       raise TypeError(f'Object of type {o.__class__.__name__} '
                        f'is not JSON serializable')
E       TypeError: Object of type mappingproxy is not JSON serializable

/usr/lib/python3.12/json/encoder.py:180: TypeError
____ test_recomputed_reference_rejects_changed_resolution_or_ownership[tcp] ____

tmp_path = PosixPath('/tmp/pytest-of-ningyd/pytest-1159/test_recomputed_reference_reje0')
change = 'tcp'

    @pytest.mark.parametrize("change", [
        "tcp", "height", "region", "support", "target_pose", "contract", "step",
        "role", "context", "frame", "horizon", "compiled_velocity",
    ])
    def test_recomputed_reference_rejects_changed_resolution_or_ownership(tmp_path, change):
        module = api()
>       inputs = sample(tmp_path, "PLACE")
                 ^^^^^^^^^^^^^^^^^^^^^^^^^

tests/test_native_references.py:105: 
_ _ _ _ _ _ _ _ _ _ _ _ _ _ _ _ _ _ _ _ _ _ _ _ _ _ _ _ _ _ _ _ _ _ _ _ _ _ _ _ 
tests/test_native_references.py:51: in sample
    binding = replace(binding, device_source_hashes=device,
/usr/lib/python3.12/dataclasses.py:1581: in replace
    return obj.__class__(**changes)
           ^^^^^^^^^^^^^^^^^^^^^^^^
<string>:8: in __init__
    ???
src/cloud_edge_robot_arm/vision/runtime_binding.py:75: in __post_init__
    policy = json.loads(json.dumps(dict(self.edge_policy), allow_nan=False))
                        ^^^^^^^^^^^^^^^^^^^^^^^^^^^^^^^^^^^^^^^^^^^^^^^^^^^
/usr/lib/python3.12/json/__init__.py:238: in dumps
    **kw).encode(obj)
          ^^^^^^^^^^^
/usr/lib/python3.12/json/encoder.py:200: in encode
    chunks = self.iterencode(o, _one_shot=True)
             ^^^^^^^^^^^^^^^^^^^^^^^^^^^^^^^^^^
/usr/lib/python3.12/json/encoder.py:258: in iterencode
    return _iterencode(o, 0)
           ^^^^^^^^^^^^^^^^^
_ _ _ _ _ _ _ _ _ _ _ _ _ _ _ _ _ _ _ _ _ _ _ _ _ _ _ _ _ _ _ _ _ _ _ _ _ _ _ _ 

self = <json.encoder.JSONEncoder object at 0x7e7108e5acf0>
o = mappingproxy({'max_reobservations': 2, 'max_retries': 0, 'max_no_progress': 3, 'deadline_s': 120.0})

    def default(self, o):
        """Implement this method in a subclass such that it returns
        a serializable object for ``o``, or calls the base implementation
        (to raise a ``TypeError``).
    
        For example, to support arbitrary iterators, you could
        implement default like this::
    
            def default(self, o):
                try:
                    iterable = iter(o)
                except TypeError:
                    pass
                else:
                    return list(iterable)
                # Let the base class default method raise the TypeError
                return super().default(o)
    
        """
>       raise TypeError(f'Object of type {o.__class__.__name__} '
                        f'is not JSON serializable')
E       TypeError: Object of type mappingproxy is not JSON serializable

/usr/lib/python3.12/json/encoder.py:180: TypeError
__ test_recomputed_reference_rejects_changed_resolution_or_ownership[height] ___

tmp_path = PosixPath('/tmp/pytest-of-ningyd/pytest-1159/test_recomputed_reference_reje1')
change = 'height'

    @pytest.mark.parametrize("change", [
        "tcp", "height", "region", "support", "target_pose", "contract", "step",
        "role", "context", "frame", "horizon", "compiled_velocity",
    ])
    def test_recomputed_reference_rejects_changed_resolution_or_ownership(tmp_path, change):
        module = api()
>       inputs = sample(tmp_path, "PLACE")
                 ^^^^^^^^^^^^^^^^^^^^^^^^^

tests/test_native_references.py:105: 
_ _ _ _ _ _ _ _ _ _ _ _ _ _ _ _ _ _ _ _ _ _ _ _ _ _ _ _ _ _ _ _ _ _ _ _ _ _ _ _ 
tests/test_native_references.py:51: in sample
    binding = replace(binding, device_source_hashes=device,
/usr/lib/python3.12/dataclasses.py:1581: in replace
    return obj.__class__(**changes)
           ^^^^^^^^^^^^^^^^^^^^^^^^
<string>:8: in __init__
    ???
src/cloud_edge_robot_arm/vision/runtime_binding.py:75: in __post_init__
    policy = json.loads(json.dumps(dict(self.edge_policy), allow_nan=False))
                        ^^^^^^^^^^^^^^^^^^^^^^^^^^^^^^^^^^^^^^^^^^^^^^^^^^^
/usr/lib/python3.12/json/__init__.py:238: in dumps
    **kw).encode(obj)
          ^^^^^^^^^^^
/usr/lib/python3.12/json/encoder.py:200: in encode
    chunks = self.iterencode(o, _one_shot=True)
             ^^^^^^^^^^^^^^^^^^^^^^^^^^^^^^^^^^
/usr/lib/python3.12/json/encoder.py:258: in iterencode
    return _iterencode(o, 0)
           ^^^^^^^^^^^^^^^^^
_ _ _ _ _ _ _ _ _ _ _ _ _ _ _ _ _ _ _ _ _ _ _ _ _ _ _ _ _ _ _ _ _ _ _ _ _ _ _ _ 

self = <json.encoder.JSONEncoder object at 0x7e7108e5bfb0>
o = mappingproxy({'max_reobservations': 2, 'max_retries': 0, 'max_no_progress': 3, 'deadline_s': 120.0})

    def default(self, o):
        """Implement this method in a subclass such that it returns
        a serializable object for ``o``, or calls the base implementation
        (to raise a ``TypeError``).
    
        For example, to support arbitrary iterators, you could
        implement default like this::
    
            def default(self, o):
                try:
                    iterable = iter(o)
                except TypeError:
                    pass
                else:
                    return list(iterable)
                # Let the base class default method raise the TypeError
                return super().default(o)
    
        """
>       raise TypeError(f'Object of type {o.__class__.__name__} '
                        f'is not JSON serializable')
E       TypeError: Object of type mappingproxy is not JSON serializable

/usr/lib/python3.12/json/encoder.py:180: TypeError
__ test_recomputed_reference_rejects_changed_resolution_or_ownership[region] ___

tmp_path = PosixPath('/tmp/pytest-of-ningyd/pytest-1159/test_recomputed_reference_reje2')
change = 'region'

    @pytest.mark.parametrize("change", [
        "tcp", "height", "region", "support", "target_pose", "contract", "step",
        "role", "context", "frame", "horizon", "compiled_velocity",
    ])
    def test_recomputed_reference_rejects_changed_resolution_or_ownership(tmp_path, change):
        module = api()
>       inputs = sample(tmp_path, "PLACE")
                 ^^^^^^^^^^^^^^^^^^^^^^^^^

tests/test_native_references.py:105: 
_ _ _ _ _ _ _ _ _ _ _ _ _ _ _ _ _ _ _ _ _ _ _ _ _ _ _ _ _ _ _ _ _ _ _ _ _ _ _ _ 
tests/test_native_references.py:51: in sample
    binding = replace(binding, device_source_hashes=device,
/usr/lib/python3.12/dataclasses.py:1581: in replace
    return obj.__class__(**changes)
           ^^^^^^^^^^^^^^^^^^^^^^^^
<string>:8: in __init__
    ???
src/cloud_edge_robot_arm/vision/runtime_binding.py:75: in __post_init__
    policy = json.loads(json.dumps(dict(self.edge_policy), allow_nan=False))
                        ^^^^^^^^^^^^^^^^^^^^^^^^^^^^^^^^^^^^^^^^^^^^^^^^^^^
/usr/lib/python3.12/json/__init__.py:238: in dumps
    **kw).encode(obj)
          ^^^^^^^^^^^
/usr/lib/python3.12/json/encoder.py:200: in encode
    chunks = self.iterencode(o, _one_shot=True)
             ^^^^^^^^^^^^^^^^^^^^^^^^^^^^^^^^^^
/usr/lib/python3.12/json/encoder.py:258: in iterencode
    return _iterencode(o, 0)
           ^^^^^^^^^^^^^^^^^
_ _ _ _ _ _ _ _ _ _ _ _ _ _ _ _ _ _ _ _ _ _ _ _ _ _ _ _ _ _ _ _ _ _ _ _ _ _ _ _ 

self = <json.encoder.JSONEncoder object at 0x7e7108e5ab40>
o = mappingproxy({'max_reobservations': 2, 'max_retries': 0, 'max_no_progress': 3, 'deadline_s': 120.0})

    def default(self, o):
        """Implement this method in a subclass such that it returns
        a serializable object for ``o``, or calls the base implementation
        (to raise a ``TypeError``).
    
        For example, to support arbitrary iterators, you could
        implement default like this::
    
            def default(self, o):
                try:
                    iterable = iter(o)
                except TypeError:
                    pass
                else:
                    return list(iterable)
                # Let the base class default method raise the TypeError
                return super().default(o)
    
        """
>       raise TypeError(f'Object of type {o.__class__.__name__} '
                        f'is not JSON serializable')
E       TypeError: Object of type mappingproxy is not JSON serializable

/usr/lib/python3.12/json/encoder.py:180: TypeError
__ test_recomputed_reference_rejects_changed_resolution_or_ownership[support] __

tmp_path = PosixPath('/tmp/pytest-of-ningyd/pytest-1159/test_recomputed_reference_reje3')
change = 'support'

    @pytest.mark.parametrize("change", [
        "tcp", "height", "region", "support", "target_pose", "contract", "step",
        "role", "context", "frame", "horizon", "compiled_velocity",
    ])
    def test_recomputed_reference_rejects_changed_resolution_or_ownership(tmp_path, change):
        module = api()
>       inputs = sample(tmp_path, "PLACE")
                 ^^^^^^^^^^^^^^^^^^^^^^^^^

tests/test_native_references.py:105: 
_ _ _ _ _ _ _ _ _ _ _ _ _ _ _ _ _ _ _ _ _ _ _ _ _ _ _ _ _ _ _ _ _ _ _ _ _ _ _ _ 
tests/test_native_references.py:51: in sample
    binding = replace(binding, device_source_hashes=device,
/usr/lib/python3.12/dataclasses.py:1581: in replace
    return obj.__class__(**changes)
           ^^^^^^^^^^^^^^^^^^^^^^^^
<string>:8: in __init__
    ???
src/cloud_edge_robot_arm/vision/runtime_binding.py:75: in __post_init__
    policy = json.loads(json.dumps(dict(self.edge_policy), allow_nan=False))
                        ^^^^^^^^^^^^^^^^^^^^^^^^^^^^^^^^^^^^^^^^^^^^^^^^^^^
/usr/lib/python3.12/json/__init__.py:238: in dumps
    **kw).encode(obj)
          ^^^^^^^^^^^
/usr/lib/python3.12/json/encoder.py:200: in encode
    chunks = self.iterencode(o, _one_shot=True)
             ^^^^^^^^^^^^^^^^^^^^^^^^^^^^^^^^^^
/usr/lib/python3.12/json/encoder.py:258: in iterencode
    return _iterencode(o, 0)
           ^^^^^^^^^^^^^^^^^
_ _ _ _ _ _ _ _ _ _ _ _ _ _ _ _ _ _ _ _ _ _ _ _ _ _ _ _ _ _ _ _ _ _ _ _ _ _ _ _ 

self = <json.encoder.JSONEncoder object at 0x7e7108e71190>
o = mappingproxy({'max_reobservations': 2, 'max_retries': 0, 'max_no_progress': 3, 'deadline_s': 120.0})

    def default(self, o):
        """Implement this method in a subclass such that it returns
        a serializable object for ``o``, or calls the base implementation
        (to raise a ``TypeError``).
    
        For example, to support arbitrary iterators, you could
        implement default like this::
    
            def default(self, o):
                try:
                    iterable = iter(o)
                except TypeError:
                    pass
                else:
                    return list(iterable)
                # Let the base class default method raise the TypeError
                return super().default(o)
    
        """
>       raise TypeError(f'Object of type {o.__class__.__name__} '
                        f'is not JSON serializable')
E       TypeError: Object of type mappingproxy is not JSON serializable

/usr/lib/python3.12/json/encoder.py:180: TypeError
_ test_recomputed_reference_rejects_changed_resolution_or_ownership[target_pose] _

tmp_path = PosixPath('/tmp/pytest-of-ningyd/pytest-1159/test_recomputed_reference_reje4')
change = 'target_pose'

    @pytest.mark.parametrize("change", [
        "tcp", "height", "region", "support", "target_pose", "contract", "step",
        "role", "context", "frame", "horizon", "compiled_velocity",
    ])
    def test_recomputed_reference_rejects_changed_resolution_or_ownership(tmp_path, change):
        module = api()
>       inputs = sample(tmp_path, "PLACE")
                 ^^^^^^^^^^^^^^^^^^^^^^^^^

tests/test_native_references.py:105: 
_ _ _ _ _ _ _ _ _ _ _ _ _ _ _ _ _ _ _ _ _ _ _ _ _ _ _ _ _ _ _ _ _ _ _ _ _ _ _ _ 
tests/test_native_references.py:51: in sample
    binding = replace(binding, device_source_hashes=device,
/usr/lib/python3.12/dataclasses.py:1581: in replace
    return obj.__class__(**changes)
           ^^^^^^^^^^^^^^^^^^^^^^^^
<string>:8: in __init__
    ???
src/cloud_edge_robot_arm/vision/runtime_binding.py:75: in __post_init__
    policy = json.loads(json.dumps(dict(self.edge_policy), allow_nan=False))
                        ^^^^^^^^^^^^^^^^^^^^^^^^^^^^^^^^^^^^^^^^^^^^^^^^^^^
/usr/lib/python3.12/json/__init__.py:238: in dumps
    **kw).encode(obj)
          ^^^^^^^^^^^
/usr/lib/python3.12/json/encoder.py:200: in encode
    chunks = self.iterencode(o, _one_shot=True)
             ^^^^^^^^^^^^^^^^^^^^^^^^^^^^^^^^^^
/usr/lib/python3.12/json/encoder.py:258: in iterencode
    return _iterencode(o, 0)
           ^^^^^^^^^^^^^^^^^
_ _ _ _ _ _ _ _ _ _ _ _ _ _ _ _ _ _ _ _ _ _ _ _ _ _ _ _ _ _ _ _ _ _ _ _ _ _ _ _ 

self = <json.encoder.JSONEncoder object at 0x7e7108e5af60>
o = mappingproxy({'max_reobservations': 2, 'max_retries': 0, 'max_no_progress': 3, 'deadline_s': 120.0})

    def default(self, o):
        """Implement this method in a subclass such that it returns
        a serializable object for ``o``, or calls the base implementation
        (to raise a ``TypeError``).
    
        For example, to support arbitrary iterators, you could
        implement default like this::
    
            def default(self, o):
                try:
                    iterable = iter(o)
                except TypeError:
                    pass
                else:
                    return list(iterable)
                # Let the base class default method raise the TypeError
                return super().default(o)
    
        """
>       raise TypeError(f'Object of type {o.__class__.__name__} '
                        f'is not JSON serializable')
E       TypeError: Object of type mappingproxy is not JSON serializable

/usr/lib/python3.12/json/encoder.py:180: TypeError
_ test_recomputed_reference_rejects_changed_resolution_or_ownership[contract] __

tmp_path = PosixPath('/tmp/pytest-of-ningyd/pytest-1159/test_recomputed_reference_reje5')
change = 'contract'

    @pytest.mark.parametrize("change", [
        "tcp", "height", "region", "support", "target_pose", "contract", "step",
        "role", "context", "frame", "horizon", "compiled_velocity",
    ])
    def test_recomputed_reference_rejects_changed_resolution_or_ownership(tmp_path, change):
        module = api()
>       inputs = sample(tmp_path, "PLACE")
                 ^^^^^^^^^^^^^^^^^^^^^^^^^

tests/test_native_references.py:105: 
_ _ _ _ _ _ _ _ _ _ _ _ _ _ _ _ _ _ _ _ _ _ _ _ _ _ _ _ _ _ _ _ _ _ _ _ _ _ _ _ 
tests/test_native_references.py:51: in sample
    binding = replace(binding, device_source_hashes=device,
/usr/lib/python3.12/dataclasses.py:1581: in replace
    return obj.__class__(**changes)
           ^^^^^^^^^^^^^^^^^^^^^^^^
<string>:8: in __init__
    ???
src/cloud_edge_robot_arm/vision/runtime_binding.py:75: in __post_init__
    policy = json.loads(json.dumps(dict(self.edge_policy), allow_nan=False))
                        ^^^^^^^^^^^^^^^^^^^^^^^^^^^^^^^^^^^^^^^^^^^^^^^^^^^
/usr/lib/python3.12/json/__init__.py:238: in dumps
    **kw).encode(obj)
          ^^^^^^^^^^^
/usr/lib/python3.12/json/encoder.py:200: in encode
    chunks = self.iterencode(o, _one_shot=True)
             ^^^^^^^^^^^^^^^^^^^^^^^^^^^^^^^^^^
/usr/lib/python3.12/json/encoder.py:258: in iterencode
    return _iterencode(o, 0)
           ^^^^^^^^^^^^^^^^^
_ _ _ _ _ _ _ _ _ _ _ _ _ _ _ _ _ _ _ _ _ _ _ _ _ _ _ _ _ _ _ _ _ _ _ _ _ _ _ _ 

self = <json.encoder.JSONEncoder object at 0x7e7108e705f0>
o = mappingproxy({'max_reobservations': 2, 'max_retries': 0, 'max_no_progress': 3, 'deadline_s': 120.0})

    def default(self, o):
        """Implement this method in a subclass such that it returns
        a serializable object for ``o``, or calls the base implementation
        (to raise a ``TypeError``).
    
        For example, to support arbitrary iterators, you could
        implement default like this::
    
            def default(self, o):
                try:
                    iterable = iter(o)
                except TypeError:
                    pass
                else:
                    return list(iterable)
                # Let the base class default method raise the TypeError
                return super().default(o)
    
        """
>       raise TypeError(f'Object of type {o.__class__.__name__} '
                        f'is not JSON serializable')
E       TypeError: Object of type mappingproxy is not JSON serializable

/usr/lib/python3.12/json/encoder.py:180: TypeError
___ test_recomputed_reference_rejects_changed_resolution_or_ownership[step] ____

tmp_path = PosixPath('/tmp/pytest-of-ningyd/pytest-1159/test_recomputed_reference_reje6')
change = 'step'

    @pytest.mark.parametrize("change", [
        "tcp", "height", "region", "support", "target_pose", "contract", "step",
        "role", "context", "frame", "horizon", "compiled_velocity",
    ])
    def test_recomputed_reference_rejects_changed_resolution_or_ownership(tmp_path, change):
        module = api()
>       inputs = sample(tmp_path, "PLACE")
                 ^^^^^^^^^^^^^^^^^^^^^^^^^

tests/test_native_references.py:105: 
_ _ _ _ _ _ _ _ _ _ _ _ _ _ _ _ _ _ _ _ _ _ _ _ _ _ _ _ _ _ _ _ _ _ _ _ _ _ _ _ 
tests/test_native_references.py:51: in sample
    binding = replace(binding, device_source_hashes=device,
/usr/lib/python3.12/dataclasses.py:1581: in replace
    return obj.__class__(**changes)
           ^^^^^^^^^^^^^^^^^^^^^^^^
<string>:8: in __init__
    ???
src/cloud_edge_robot_arm/vision/runtime_binding.py:75: in __post_init__
    policy = json.loads(json.dumps(dict(self.edge_policy), allow_nan=False))
                        ^^^^^^^^^^^^^^^^^^^^^^^^^^^^^^^^^^^^^^^^^^^^^^^^^^^
/usr/lib/python3.12/json/__init__.py:238: in dumps
    **kw).encode(obj)
          ^^^^^^^^^^^
/usr/lib/python3.12/json/encoder.py:200: in encode
    chunks = self.iterencode(o, _one_shot=True)
             ^^^^^^^^^^^^^^^^^^^^^^^^^^^^^^^^^^
/usr/lib/python3.12/json/encoder.py:258: in iterencode
    return _iterencode(o, 0)
           ^^^^^^^^^^^^^^^^^
_ _ _ _ _ _ _ _ _ _ _ _ _ _ _ _ _ _ _ _ _ _ _ _ _ _ _ _ _ _ _ _ _ _ _ _ _ _ _ _ 

self = <json.encoder.JSONEncoder object at 0x7e7108e711f0>
o = mappingproxy({'max_reobservations': 2, 'max_retries': 0, 'max_no_progress': 3, 'deadline_s': 120.0})

    def default(self, o):
        """Implement this method in a subclass such that it returns
        a serializable object for ``o``, or calls the base implementation
        (to raise a ``TypeError``).
    
        For example, to support arbitrary iterators, you could
        implement default like this::
    
            def default(self, o):
                try:
                    iterable = iter(o)
                except TypeError:
                    pass
                else:
                    return list(iterable)
                # Let the base class default method raise the TypeError
                return super().default(o)
    
        """
>       raise TypeError(f'Object of type {o.__class__.__name__} '
                        f'is not JSON serializable')
E       TypeError: Object of type mappingproxy is not JSON serializable

/usr/lib/python3.12/json/encoder.py:180: TypeError
___ test_recomputed_reference_rejects_changed_resolution_or_ownership[role] ____

tmp_path = PosixPath('/tmp/pytest-of-ningyd/pytest-1159/test_recomputed_reference_reje7')
change = 'role'

    @pytest.mark.parametrize("change", [
        "tcp", "height", "region", "support", "target_pose", "contract", "step",
        "role", "context", "frame", "horizon", "compiled_velocity",
    ])
    def test_recomputed_reference_rejects_changed_resolution_or_ownership(tmp_path, change):
        module = api()
>       inputs = sample(tmp_path, "PLACE")
                 ^^^^^^^^^^^^^^^^^^^^^^^^^

tests/test_native_references.py:105: 
_ _ _ _ _ _ _ _ _ _ _ _ _ _ _ _ _ _ _ _ _ _ _ _ _ _ _ _ _ _ _ _ _ _ _ _ _ _ _ _ 
tests/test_native_references.py:51: in sample
    binding = replace(binding, device_source_hashes=device,
/usr/lib/python3.12/dataclasses.py:1581: in replace
    return obj.__class__(**changes)
           ^^^^^^^^^^^^^^^^^^^^^^^^
<string>:8: in __init__
    ???
src/cloud_edge_robot_arm/vision/runtime_binding.py:75: in __post_init__
    policy = json.loads(json.dumps(dict(self.edge_policy), allow_nan=False))
                        ^^^^^^^^^^^^^^^^^^^^^^^^^^^^^^^^^^^^^^^^^^^^^^^^^^^
/usr/lib/python3.12/json/__init__.py:238: in dumps
    **kw).encode(obj)
          ^^^^^^^^^^^
/usr/lib/python3.12/json/encoder.py:200: in encode
    chunks = self.iterencode(o, _one_shot=True)
             ^^^^^^^^^^^^^^^^^^^^^^^^^^^^^^^^^^
/usr/lib/python3.12/json/encoder.py:258: in iterencode
    return _iterencode(o, 0)
           ^^^^^^^^^^^^^^^^^
_ _ _ _ _ _ _ _ _ _ _ _ _ _ _ _ _ _ _ _ _ _ _ _ _ _ _ _ _ _ _ _ _ _ _ _ _ _ _ _ 

self = <json.encoder.JSONEncoder object at 0x7e7108e73260>
o = mappingproxy({'max_reobservations': 2, 'max_retries': 0, 'max_no_progress': 3, 'deadline_s': 120.0})

    def default(self, o):
        """Implement this method in a subclass such that it returns
        a serializable object for ``o``, or calls the base implementation
        (to raise a ``TypeError``).
    
        For example, to support arbitrary iterators, you could
        implement default like this::
    
            def default(self, o):
                try:
                    iterable = iter(o)
                except TypeError:
                    pass
                else:
                    return list(iterable)
                # Let the base class default method raise the TypeError
                return super().default(o)
    
        """
>       raise TypeError(f'Object of type {o.__class__.__name__} '
                        f'is not JSON serializable')
E       TypeError: Object of type mappingproxy is not JSON serializable

/usr/lib/python3.12/json/encoder.py:180: TypeError
__ test_recomputed_reference_rejects_changed_resolution_or_ownership[context] __

tmp_path = PosixPath('/tmp/pytest-of-ningyd/pytest-1159/test_recomputed_reference_reje8')
change = 'context'

    @pytest.mark.parametrize("change", [
        "tcp", "height", "region", "support", "target_pose", "contract", "step",
        "role", "context", "frame", "horizon", "compiled_velocity",
    ])
    def test_recomputed_reference_rejects_changed_resolution_or_ownership(tmp_path, change):
        module = api()
>       inputs = sample(tmp_path, "PLACE")
                 ^^^^^^^^^^^^^^^^^^^^^^^^^

tests/test_native_references.py:105: 
_ _ _ _ _ _ _ _ _ _ _ _ _ _ _ _ _ _ _ _ _ _ _ _ _ _ _ _ _ _ _ _ _ _ _ _ _ _ _ _ 
tests/test_native_references.py:51: in sample
    binding = replace(binding, device_source_hashes=device,
/usr/lib/python3.12/dataclasses.py:1581: in replace
    return obj.__class__(**changes)
           ^^^^^^^^^^^^^^^^^^^^^^^^
<string>:8: in __init__
    ???
src/cloud_edge_robot_arm/vision/runtime_binding.py:75: in __post_init__
    policy = json.loads(json.dumps(dict(self.edge_policy), allow_nan=False))
                        ^^^^^^^^^^^^^^^^^^^^^^^^^^^^^^^^^^^^^^^^^^^^^^^^^^^
/usr/lib/python3.12/json/__init__.py:238: in dumps
    **kw).encode(obj)
          ^^^^^^^^^^^
/usr/lib/python3.12/json/encoder.py:200: in encode
    chunks = self.iterencode(o, _one_shot=True)
             ^^^^^^^^^^^^^^^^^^^^^^^^^^^^^^^^^^
/usr/lib/python3.12/json/encoder.py:258: in iterencode
    return _iterencode(o, 0)
           ^^^^^^^^^^^^^^^^^
_ _ _ _ _ _ _ _ _ _ _ _ _ _ _ _ _ _ _ _ _ _ _ _ _ _ _ _ _ _ _ _ _ _ _ _ _ _ _ _ 

self = <json.encoder.JSONEncoder object at 0x7e7108e478f0>
o = mappingproxy({'max_reobservations': 2, 'max_retries': 0, 'max_no_progress': 3, 'deadline_s': 120.0})

    def default(self, o):
        """Implement this method in a subclass such that it returns
        a serializable object for ``o``, or calls the base implementation
        (to raise a ``TypeError``).
    
        For example, to support arbitrary iterators, you could
        implement default like this::
    
            def default(self, o):
                try:
                    iterable = iter(o)
                except TypeError:
                    pass
                else:
                    return list(iterable)
                # Let the base class default method raise the TypeError
                return super().default(o)
    
        """
>       raise TypeError(f'Object of type {o.__class__.__name__} '
                        f'is not JSON serializable')
E       TypeError: Object of type mappingproxy is not JSON serializable

/usr/lib/python3.12/json/encoder.py:180: TypeError
___ test_recomputed_reference_rejects_changed_resolution_or_ownership[frame] ___

tmp_path = PosixPath('/tmp/pytest-of-ningyd/pytest-1159/test_recomputed_reference_reje9')
change = 'frame'

    @pytest.mark.parametrize("change", [
        "tcp", "height", "region", "support", "target_pose", "contract", "step",
        "role", "context", "frame", "horizon", "compiled_velocity",
    ])
    def test_recomputed_reference_rejects_changed_resolution_or_ownership(tmp_path, change):
        module = api()
>       inputs = sample(tmp_path, "PLACE")
                 ^^^^^^^^^^^^^^^^^^^^^^^^^

tests/test_native_references.py:105: 
_ _ _ _ _ _ _ _ _ _ _ _ _ _ _ _ _ _ _ _ _ _ _ _ _ _ _ _ _ _ _ _ _ _ _ _ _ _ _ _ 
tests/test_native_references.py:51: in sample
    binding = replace(binding, device_source_hashes=device,
/usr/lib/python3.12/dataclasses.py:1581: in replace
    return obj.__class__(**changes)
           ^^^^^^^^^^^^^^^^^^^^^^^^
<string>:8: in __init__
    ???
src/cloud_edge_robot_arm/vision/runtime_binding.py:75: in __post_init__
    policy = json.loads(json.dumps(dict(self.edge_policy), allow_nan=False))
                        ^^^^^^^^^^^^^^^^^^^^^^^^^^^^^^^^^^^^^^^^^^^^^^^^^^^
/usr/lib/python3.12/json/__init__.py:238: in dumps
    **kw).encode(obj)
          ^^^^^^^^^^^
/usr/lib/python3.12/json/encoder.py:200: in encode
    chunks = self.iterencode(o, _one_shot=True)
             ^^^^^^^^^^^^^^^^^^^^^^^^^^^^^^^^^^
/usr/lib/python3.12/json/encoder.py:258: in iterencode
    return _iterencode(o, 0)
           ^^^^^^^^^^^^^^^^^
_ _ _ _ _ _ _ _ _ _ _ _ _ _ _ _ _ _ _ _ _ _ _ _ _ _ _ _ _ _ _ _ _ _ _ _ _ _ _ _ 

self = <json.encoder.JSONEncoder object at 0x7e7108e73f20>
o = mappingproxy({'max_reobservations': 2, 'max_retries': 0, 'max_no_progress': 3, 'deadline_s': 120.0})

    def default(self, o):
        """Implement this method in a subclass such that it returns
        a serializable object for ``o``, or calls the base implementation
        (to raise a ``TypeError``).
    
        For example, to support arbitrary iterators, you could
        implement default like this::
    
            def default(self, o):
                try:
                    iterable = iter(o)
                except TypeError:
                    pass
                else:
                    return list(iterable)
                # Let the base class default method raise the TypeError
                return super().default(o)
    
        """
>       raise TypeError(f'Object of type {o.__class__.__name__} '
                        f'is not JSON serializable')
E       TypeError: Object of type mappingproxy is not JSON serializable

/usr/lib/python3.12/json/encoder.py:180: TypeError
__ test_recomputed_reference_rejects_changed_resolution_or_ownership[horizon] __

tmp_path = PosixPath('/tmp/pytest-of-ningyd/pytest-1159/test_recomputed_reference_reje10')
change = 'horizon'

    @pytest.mark.parametrize("change", [
        "tcp", "height", "region", "support", "target_pose", "contract", "step",
        "role", "context", "frame", "horizon", "compiled_velocity",
    ])
    def test_recomputed_reference_rejects_changed_resolution_or_ownership(tmp_path, change):
        module = api()
>       inputs = sample(tmp_path, "PLACE")
                 ^^^^^^^^^^^^^^^^^^^^^^^^^

tests/test_native_references.py:105: 
_ _ _ _ _ _ _ _ _ _ _ _ _ _ _ _ _ _ _ _ _ _ _ _ _ _ _ _ _ _ _ _ _ _ _ _ _ _ _ _ 
tests/test_native_references.py:51: in sample
    binding = replace(binding, device_source_hashes=device,
/usr/lib/python3.12/dataclasses.py:1581: in replace
    return obj.__class__(**changes)
           ^^^^^^^^^^^^^^^^^^^^^^^^
<string>:8: in __init__
    ???
src/cloud_edge_robot_arm/vision/runtime_binding.py:75: in __post_init__
    policy = json.loads(json.dumps(dict(self.edge_policy), allow_nan=False))
                        ^^^^^^^^^^^^^^^^^^^^^^^^^^^^^^^^^^^^^^^^^^^^^^^^^^^
/usr/lib/python3.12/json/__init__.py:238: in dumps
    **kw).encode(obj)
          ^^^^^^^^^^^
/usr/lib/python3.12/json/encoder.py:200: in encode
    chunks = self.iterencode(o, _one_shot=True)
             ^^^^^^^^^^^^^^^^^^^^^^^^^^^^^^^^^^
/usr/lib/python3.12/json/encoder.py:258: in iterencode
    return _iterencode(o, 0)
           ^^^^^^^^^^^^^^^^^
_ _ _ _ _ _ _ _ _ _ _ _ _ _ _ _ _ _ _ _ _ _ _ _ _ _ _ _ _ _ _ _ _ _ _ _ _ _ _ _ 

self = <json.encoder.JSONEncoder object at 0x7e71352f3ef0>
o = mappingproxy({'max_reobservations': 2, 'max_retries': 0, 'max_no_progress': 3, 'deadline_s': 120.0})

    def default(self, o):
        """Implement this method in a subclass such that it returns
        a serializable object for ``o``, or calls the base implementation
        (to raise a ``TypeError``).
    
        For example, to support arbitrary iterators, you could
        implement default like this::
    
            def default(self, o):
                try:
                    iterable = iter(o)
                except TypeError:
                    pass
                else:
                    return list(iterable)
                # Let the base class default method raise the TypeError
                return super().default(o)
    
        """
>       raise TypeError(f'Object of type {o.__class__.__name__} '
                        f'is not JSON serializable')
E       TypeError: Object of type mappingproxy is not JSON serializable

/usr/lib/python3.12/json/encoder.py:180: TypeError
_ test_recomputed_reference_rejects_changed_resolution_or_ownership[compiled_velocity] _

tmp_path = PosixPath('/tmp/pytest-of-ningyd/pytest-1159/test_recomputed_reference_reje11')
change = 'compiled_velocity'

    @pytest.mark.parametrize("change", [
        "tcp", "height", "region", "support", "target_pose", "contract", "step",
        "role", "context", "frame", "horizon", "compiled_velocity",
    ])
    def test_recomputed_reference_rejects_changed_resolution_or_ownership(tmp_path, change):
        module = api()
>       inputs = sample(tmp_path, "PLACE")
                 ^^^^^^^^^^^^^^^^^^^^^^^^^

tests/test_native_references.py:105: 
_ _ _ _ _ _ _ _ _ _ _ _ _ _ _ _ _ _ _ _ _ _ _ _ _ _ _ _ _ _ _ _ _ _ _ _ _ _ _ _ 
tests/test_native_references.py:51: in sample
    binding = replace(binding, device_source_hashes=device,
/usr/lib/python3.12/dataclasses.py:1581: in replace
    return obj.__class__(**changes)
           ^^^^^^^^^^^^^^^^^^^^^^^^
<string>:8: in __init__
    ???
src/cloud_edge_robot_arm/vision/runtime_binding.py:75: in __post_init__
    policy = json.loads(json.dumps(dict(self.edge_policy), allow_nan=False))
                        ^^^^^^^^^^^^^^^^^^^^^^^^^^^^^^^^^^^^^^^^^^^^^^^^^^^
/usr/lib/python3.12/json/__init__.py:238: in dumps
    **kw).encode(obj)
          ^^^^^^^^^^^
/usr/lib/python3.12/json/encoder.py:200: in encode
    chunks = self.iterencode(o, _one_shot=True)
             ^^^^^^^^^^^^^^^^^^^^^^^^^^^^^^^^^^
/usr/lib/python3.12/json/encoder.py:258: in iterencode
    return _iterencode(o, 0)
           ^^^^^^^^^^^^^^^^^
_ _ _ _ _ _ _ _ _ _ _ _ _ _ _ _ _ _ _ _ _ _ _ _ _ _ _ _ _ _ _ _ _ _ _ _ _ _ _ _ 

self = <json.encoder.JSONEncoder object at 0x7e7108e72540>
o = mappingproxy({'max_reobservations': 2, 'max_retries': 0, 'max_no_progress': 3, 'deadline_s': 120.0})

    def default(self, o):
        """Implement this method in a subclass such that it returns
        a serializable object for ``o``, or calls the base implementation
        (to raise a ``TypeError``).
    
        For example, to support arbitrary iterators, you could
        implement default like this::
    
            def default(self, o):
                try:
                    iterable = iter(o)
                except TypeError:
                    pass
                else:
                    return list(iterable)
                # Let the base class default method raise the TypeError
                return super().default(o)
    
        """
>       raise TypeError(f'Object of type {o.__class__.__name__} '
                        f'is not JSON serializable')
E       TypeError: Object of type mappingproxy is not JSON serializable

/usr/lib/python3.12/json/encoder.py:180: TypeError
_ test_source_identity_checks_current_executing_code_not_rehashed_caller_copy[missing] _

tmp_path = PosixPath('/tmp/pytest-of-ningyd/pytest-1159/test_source_identity_checks_cu0')
change = 'missing'

    @pytest.mark.parametrize("change", ["missing", "modified", "rehashed"])
    def test_source_identity_checks_current_executing_code_not_rehashed_caller_copy(tmp_path, change):
        module = api()
>       inputs = sample(tmp_path)
                 ^^^^^^^^^^^^^^^^

tests/test_native_references.py:150: 
_ _ _ _ _ _ _ _ _ _ _ _ _ _ _ _ _ _ _ _ _ _ _ _ _ _ _ _ _ _ _ _ _ _ _ _ _ _ _ _ 
tests/test_native_references.py:51: in sample
    binding = replace(binding, device_source_hashes=device,
/usr/lib/python3.12/dataclasses.py:1581: in replace
    return obj.__class__(**changes)
           ^^^^^^^^^^^^^^^^^^^^^^^^
<string>:8: in __init__
    ???
src/cloud_edge_robot_arm/vision/runtime_binding.py:75: in __post_init__
    policy = json.loads(json.dumps(dict(self.edge_policy), allow_nan=False))
                        ^^^^^^^^^^^^^^^^^^^^^^^^^^^^^^^^^^^^^^^^^^^^^^^^^^^
/usr/lib/python3.12/json/__init__.py:238: in dumps
    **kw).encode(obj)
          ^^^^^^^^^^^
/usr/lib/python3.12/json/encoder.py:200: in encode
    chunks = self.iterencode(o, _one_shot=True)
             ^^^^^^^^^^^^^^^^^^^^^^^^^^^^^^^^^^
/usr/lib/python3.12/json/encoder.py:258: in iterencode
    return _iterencode(o, 0)
           ^^^^^^^^^^^^^^^^^
_ _ _ _ _ _ _ _ _ _ _ _ _ _ _ _ _ _ _ _ _ _ _ _ _ _ _ _ _ _ _ _ _ _ _ _ _ _ _ _ 

self = <json.encoder.JSONEncoder object at 0x7e71353641a0>
o = mappingproxy({'max_reobservations': 2, 'max_retries': 0, 'max_no_progress': 3, 'deadline_s': 120.0})

    def default(self, o):
        """Implement this method in a subclass such that it returns
        a serializable object for ``o``, or calls the base implementation
        (to raise a ``TypeError``).
    
        For example, to support arbitrary iterators, you could
        implement default like this::
    
            def default(self, o):
                try:
                    iterable = iter(o)
                except TypeError:
                    pass
                else:
                    return list(iterable)
                # Let the base class default method raise the TypeError
                return super().default(o)
    
        """
>       raise TypeError(f'Object of type {o.__class__.__name__} '
                        f'is not JSON serializable')
E       TypeError: Object of type mappingproxy is not JSON serializable

/usr/lib/python3.12/json/encoder.py:180: TypeError
_ test_source_identity_checks_current_executing_code_not_rehashed_caller_copy[modified] _

tmp_path = PosixPath('/tmp/pytest-of-ningyd/pytest-1159/test_source_identity_checks_cu1')
change = 'modified'

    @pytest.mark.parametrize("change", ["missing", "modified", "rehashed"])
    def test_source_identity_checks_current_executing_code_not_rehashed_caller_copy(tmp_path, change):
        module = api()
>       inputs = sample(tmp_path)
                 ^^^^^^^^^^^^^^^^

tests/test_native_references.py:150: 
_ _ _ _ _ _ _ _ _ _ _ _ _ _ _ _ _ _ _ _ _ _ _ _ _ _ _ _ _ _ _ _ _ _ _ _ _ _ _ _ 
tests/test_native_references.py:51: in sample
    binding = replace(binding, device_source_hashes=device,
/usr/lib/python3.12/dataclasses.py:1581: in replace
    return obj.__class__(**changes)
           ^^^^^^^^^^^^^^^^^^^^^^^^
<string>:8: in __init__
    ???
src/cloud_edge_robot_arm/vision/runtime_binding.py:75: in __post_init__
    policy = json.loads(json.dumps(dict(self.edge_policy), allow_nan=False))
                        ^^^^^^^^^^^^^^^^^^^^^^^^^^^^^^^^^^^^^^^^^^^^^^^^^^^
/usr/lib/python3.12/json/__init__.py:238: in dumps
    **kw).encode(obj)
          ^^^^^^^^^^^
/usr/lib/python3.12/json/encoder.py:200: in encode
    chunks = self.iterencode(o, _one_shot=True)
             ^^^^^^^^^^^^^^^^^^^^^^^^^^^^^^^^^^
/usr/lib/python3.12/json/encoder.py:258: in iterencode
    return _iterencode(o, 0)
           ^^^^^^^^^^^^^^^^^
_ _ _ _ _ _ _ _ _ _ _ _ _ _ _ _ _ _ _ _ _ _ _ _ _ _ _ _ _ _ _ _ _ _ _ _ _ _ _ _ 

self = <json.encoder.JSONEncoder object at 0x7e7135382330>
o = mappingproxy({'max_reobservations': 2, 'max_retries': 0, 'max_no_progress': 3, 'deadline_s': 120.0})

    def default(self, o):
        """Implement this method in a subclass such that it returns
        a serializable object for ``o``, or calls the base implementation
        (to raise a ``TypeError``).
    
        For example, to support arbitrary iterators, you could
        implement default like this::
    
            def default(self, o):
                try:
                    iterable = iter(o)
                except TypeError:
                    pass
                else:
                    return list(iterable)
                # Let the base class default method raise the TypeError
                return super().default(o)
    
        """
>       raise TypeError(f'Object of type {o.__class__.__name__} '
                        f'is not JSON serializable')
E       TypeError: Object of type mappingproxy is not JSON serializable

/usr/lib/python3.12/json/encoder.py:180: TypeError
_ test_source_identity_checks_current_executing_code_not_rehashed_caller_copy[rehashed] _

tmp_path = PosixPath('/tmp/pytest-of-ningyd/pytest-1159/test_source_identity_checks_cu2')
change = 'rehashed'

    @pytest.mark.parametrize("change", ["missing", "modified", "rehashed"])
    def test_source_identity_checks_current_executing_code_not_rehashed_caller_copy(tmp_path, change):
        module = api()
>       inputs = sample(tmp_path)
                 ^^^^^^^^^^^^^^^^

tests/test_native_references.py:150: 
_ _ _ _ _ _ _ _ _ _ _ _ _ _ _ _ _ _ _ _ _ _ _ _ _ _ _ _ _ _ _ _ _ _ _ _ _ _ _ _ 
tests/test_native_references.py:51: in sample
    binding = replace(binding, device_source_hashes=device,
/usr/lib/python3.12/dataclasses.py:1581: in replace
    return obj.__class__(**changes)
           ^^^^^^^^^^^^^^^^^^^^^^^^
<string>:8: in __init__
    ???
src/cloud_edge_robot_arm/vision/runtime_binding.py:75: in __post_init__
    policy = json.loads(json.dumps(dict(self.edge_policy), allow_nan=False))
                        ^^^^^^^^^^^^^^^^^^^^^^^^^^^^^^^^^^^^^^^^^^^^^^^^^^^
/usr/lib/python3.12/json/__init__.py:238: in dumps
    **kw).encode(obj)
          ^^^^^^^^^^^
/usr/lib/python3.12/json/encoder.py:200: in encode
    chunks = self.iterencode(o, _one_shot=True)
             ^^^^^^^^^^^^^^^^^^^^^^^^^^^^^^^^^^
/usr/lib/python3.12/json/encoder.py:258: in iterencode
    return _iterencode(o, 0)
           ^^^^^^^^^^^^^^^^^
_ _ _ _ _ _ _ _ _ _ _ _ _ _ _ _ _ _ _ _ _ _ _ _ _ _ _ _ _ _ _ _ _ _ _ _ _ _ _ _ 

self = <json.encoder.JSONEncoder object at 0x7e7108e70b00>
o = mappingproxy({'max_reobservations': 2, 'max_retries': 0, 'max_no_progress': 3, 'deadline_s': 120.0})

    def default(self, o):
        """Implement this method in a subclass such that it returns
        a serializable object for ``o``, or calls the base implementation
        (to raise a ``TypeError``).
    
        For example, to support arbitrary iterators, you could
        implement default like this::
    
            def default(self, o):
                try:
                    iterable = iter(o)
                except TypeError:
                    pass
                else:
                    return list(iterable)
                # Let the base class default method raise the TypeError
                return super().default(o)
    
        """
>       raise TypeError(f'Object of type {o.__class__.__name__} '
                        f'is not JSON serializable')
E       TypeError: Object of type mappingproxy is not JSON serializable

/usr/lib/python3.12/json/encoder.py:180: TypeError
____ test_inputs_are_detached_and_no_nested_alias_can_change_old_reference _____

tmp_path = PosixPath('/tmp/pytest-of-ningyd/pytest-1159/test_inputs_are_detached_and_n0')

    def test_inputs_are_detached_and_no_nested_alias_can_change_old_reference(tmp_path):
        module = api()
>       inputs = sample(tmp_path)
                 ^^^^^^^^^^^^^^^^

tests/test_native_references.py:169: 
_ _ _ _ _ _ _ _ _ _ _ _ _ _ _ _ _ _ _ _ _ _ _ _ _ _ _ _ _ _ _ _ _ _ _ _ _ _ _ _ 
tests/test_native_references.py:51: in sample
    binding = replace(binding, device_source_hashes=device,
/usr/lib/python3.12/dataclasses.py:1581: in replace
    return obj.__class__(**changes)
           ^^^^^^^^^^^^^^^^^^^^^^^^
<string>:8: in __init__
    ???
src/cloud_edge_robot_arm/vision/runtime_binding.py:75: in __post_init__
    policy = json.loads(json.dumps(dict(self.edge_policy), allow_nan=False))
                        ^^^^^^^^^^^^^^^^^^^^^^^^^^^^^^^^^^^^^^^^^^^^^^^^^^^
/usr/lib/python3.12/json/__init__.py:238: in dumps
    **kw).encode(obj)
          ^^^^^^^^^^^
/usr/lib/python3.12/json/encoder.py:200: in encode
    chunks = self.iterencode(o, _one_shot=True)
             ^^^^^^^^^^^^^^^^^^^^^^^^^^^^^^^^^^
/usr/lib/python3.12/json/encoder.py:258: in iterencode
    return _iterencode(o, 0)
           ^^^^^^^^^^^^^^^^^
_ _ _ _ _ _ _ _ _ _ _ _ _ _ _ _ _ _ _ _ _ _ _ _ _ _ _ _ _ _ _ _ _ _ _ _ _ _ _ _ 

self = <json.encoder.JSONEncoder object at 0x7e7135382d50>
o = mappingproxy({'max_reobservations': 2, 'max_retries': 0, 'max_no_progress': 3, 'deadline_s': 120.0})

    def default(self, o):
        """Implement this method in a subclass such that it returns
        a serializable object for ``o``, or calls the base implementation
        (to raise a ``TypeError``).
    
        For example, to support arbitrary iterators, you could
        implement default like this::
    
            def default(self, o):
                try:
                    iterable = iter(o)
                except TypeError:
                    pass
                else:
                    return list(iterable)
                # Let the base class default method raise the TypeError
                return super().default(o)
    
        """
>       raise TypeError(f'Object of type {o.__class__.__name__} '
                        f'is not JSON serializable')
E       TypeError: Object of type mappingproxy is not JSON serializable

/usr/lib/python3.12/json/encoder.py:180: TypeError
_______ test_contact_reference_cannot_be_relabelled_as_fixed_goal[GRASP] _______

tmp_path = PosixPath('/tmp/pytest-of-ningyd/pytest-1159/test_contact_reference_cannot_0')
skill = 'GRASP'

    @pytest.mark.parametrize("skill", ["GRASP", "APPROACH"])
    def test_contact_reference_cannot_be_relabelled_as_fixed_goal(tmp_path, skill):
        module = api()
>       inputs = sample(tmp_path, skill)
                 ^^^^^^^^^^^^^^^^^^^^^^^

tests/test_native_references.py:189: 
_ _ _ _ _ _ _ _ _ _ _ _ _ _ _ _ _ _ _ _ _ _ _ _ _ _ _ _ _ _ _ _ _ _ _ _ _ _ _ _ 
tests/test_native_references.py:51: in sample
    binding = replace(binding, device_source_hashes=device,
/usr/lib/python3.12/dataclasses.py:1581: in replace
    return obj.__class__(**changes)
           ^^^^^^^^^^^^^^^^^^^^^^^^
<string>:8: in __init__
    ???
src/cloud_edge_robot_arm/vision/runtime_binding.py:75: in __post_init__
    policy = json.loads(json.dumps(dict(self.edge_policy), allow_nan=False))
                        ^^^^^^^^^^^^^^^^^^^^^^^^^^^^^^^^^^^^^^^^^^^^^^^^^^^
/usr/lib/python3.12/json/__init__.py:238: in dumps
    **kw).encode(obj)
          ^^^^^^^^^^^
/usr/lib/python3.12/json/encoder.py:200: in encode
    chunks = self.iterencode(o, _one_shot=True)
             ^^^^^^^^^^^^^^^^^^^^^^^^^^^^^^^^^^
/usr/lib/python3.12/json/encoder.py:258: in iterencode
    return _iterencode(o, 0)
           ^^^^^^^^^^^^^^^^^
_ _ _ _ _ _ _ _ _ _ _ _ _ _ _ _ _ _ _ _ _ _ _ _ _ _ _ _ _ _ _ _ _ _ _ _ _ _ _ _ 

self = <json.encoder.JSONEncoder object at 0x7e71353658b0>
o = mappingproxy({'max_reobservations': 2, 'max_retries': 0, 'max_no_progress': 3, 'deadline_s': 120.0})

    def default(self, o):
        """Implement this method in a subclass such that it returns
        a serializable object for ``o``, or calls the base implementation
        (to raise a ``TypeError``).
    
        For example, to support arbitrary iterators, you could
        implement default like this::
    
            def default(self, o):
                try:
                    iterable = iter(o)
                except TypeError:
                    pass
                else:
                    return list(iterable)
                # Let the base class default method raise the TypeError
                return super().default(o)
    
        """
>       raise TypeError(f'Object of type {o.__class__.__name__} '
                        f'is not JSON serializable')
E       TypeError: Object of type mappingproxy is not JSON serializable

/usr/lib/python3.12/json/encoder.py:180: TypeError
_____ test_contact_reference_cannot_be_relabelled_as_fixed_goal[APPROACH] ______

tmp_path = PosixPath('/tmp/pytest-of-ningyd/pytest-1159/test_contact_reference_cannot_1')
skill = 'APPROACH'

    @pytest.mark.parametrize("skill", ["GRASP", "APPROACH"])
    def test_contact_reference_cannot_be_relabelled_as_fixed_goal(tmp_path, skill):
        module = api()
>       inputs = sample(tmp_path, skill)
                 ^^^^^^^^^^^^^^^^^^^^^^^

tests/test_native_references.py:189: 
_ _ _ _ _ _ _ _ _ _ _ _ _ _ _ _ _ _ _ _ _ _ _ _ _ _ _ _ _ _ _ _ _ _ _ _ _ _ _ _ 
tests/test_native_references.py:51: in sample
    binding = replace(binding, device_source_hashes=device,
/usr/lib/python3.12/dataclasses.py:1581: in replace
    return obj.__class__(**changes)
           ^^^^^^^^^^^^^^^^^^^^^^^^
<string>:8: in __init__
    ???
src/cloud_edge_robot_arm/vision/runtime_binding.py:75: in __post_init__
    policy = json.loads(json.dumps(dict(self.edge_policy), allow_nan=False))
                        ^^^^^^^^^^^^^^^^^^^^^^^^^^^^^^^^^^^^^^^^^^^^^^^^^^^
/usr/lib/python3.12/json/__init__.py:238: in dumps
    **kw).encode(obj)
          ^^^^^^^^^^^
/usr/lib/python3.12/json/encoder.py:200: in encode
    chunks = self.iterencode(o, _one_shot=True)
             ^^^^^^^^^^^^^^^^^^^^^^^^^^^^^^^^^^
/usr/lib/python3.12/json/encoder.py:258: in iterencode
    return _iterencode(o, 0)
           ^^^^^^^^^^^^^^^^^
_ _ _ _ _ _ _ _ _ _ _ _ _ _ _ _ _ _ _ _ _ _ _ _ _ _ _ _ _ _ _ _ _ _ _ _ _ _ _ _ 

self = <json.encoder.JSONEncoder object at 0x7e71351a5a00>
o = mappingproxy({'max_reobservations': 2, 'max_retries': 0, 'max_no_progress': 3, 'deadline_s': 120.0})

    def default(self, o):
        """Implement this method in a subclass such that it returns
        a serializable object for ``o``, or calls the base implementation
        (to raise a ``TypeError``).
    
        For example, to support arbitrary iterators, you could
        implement default like this::
    
            def default(self, o):
                try:
                    iterable = iter(o)
                except TypeError:
                    pass
                else:
                    return list(iterable)
                # Let the base class default method raise the TypeError
                return super().default(o)
    
        """
>       raise TypeError(f'Object of type {o.__class__.__name__} '
                        f'is not JSON serializable')
E       TypeError: Object of type mappingproxy is not JSON serializable

/usr/lib/python3.12/json/encoder.py:180: TypeError
_______ test_effective_owner_horizon_cannot_shorten_resolved_timeout[0] ________

tmp_path = PosixPath('/tmp/pytest-of-ningyd/pytest-1159/test_effective_owner_horizon_c0')
duration = 0

    @pytest.mark.parametrize("duration", [0, 7, float("nan"), True])
    def test_effective_owner_horizon_cannot_shorten_resolved_timeout(tmp_path, duration):
        module = api()
>       inputs = sample(tmp_path)
                 ^^^^^^^^^^^^^^^^

tests/test_native_references.py:204: 
_ _ _ _ _ _ _ _ _ _ _ _ _ _ _ _ _ _ _ _ _ _ _ _ _ _ _ _ _ _ _ _ _ _ _ _ _ _ _ _ 
tests/test_native_references.py:51: in sample
    binding = replace(binding, device_source_hashes=device,
/usr/lib/python3.12/dataclasses.py:1581: in replace
    return obj.__class__(**changes)
           ^^^^^^^^^^^^^^^^^^^^^^^^
<string>:8: in __init__
    ???
src/cloud_edge_robot_arm/vision/runtime_binding.py:75: in __post_init__
    policy = json.loads(json.dumps(dict(self.edge_policy), allow_nan=False))
                        ^^^^^^^^^^^^^^^^^^^^^^^^^^^^^^^^^^^^^^^^^^^^^^^^^^^
/usr/lib/python3.12/json/__init__.py:238: in dumps
    **kw).encode(obj)
          ^^^^^^^^^^^
/usr/lib/python3.12/json/encoder.py:200: in encode
    chunks = self.iterencode(o, _one_shot=True)
             ^^^^^^^^^^^^^^^^^^^^^^^^^^^^^^^^^^
/usr/lib/python3.12/json/encoder.py:258: in iterencode
    return _iterencode(o, 0)
           ^^^^^^^^^^^^^^^^^
_ _ _ _ _ _ _ _ _ _ _ _ _ _ _ _ _ _ _ _ _ _ _ _ _ _ _ _ _ _ _ _ _ _ _ _ _ _ _ _ 

self = <json.encoder.JSONEncoder object at 0x7e7108ed4290>
o = mappingproxy({'max_reobservations': 2, 'max_retries': 0, 'max_no_progress': 3, 'deadline_s': 120.0})

    def default(self, o):
        """Implement this method in a subclass such that it returns
        a serializable object for ``o``, or calls the base implementation
        (to raise a ``TypeError``).
    
        For example, to support arbitrary iterators, you could
        implement default like this::
    
            def default(self, o):
                try:
                    iterable = iter(o)
                except TypeError:
                    pass
                else:
                    return list(iterable)
                # Let the base class default method raise the TypeError
                return super().default(o)
    
        """
>       raise TypeError(f'Object of type {o.__class__.__name__} '
                        f'is not JSON serializable')
E       TypeError: Object of type mappingproxy is not JSON serializable

/usr/lib/python3.12/json/encoder.py:180: TypeError
_______ test_effective_owner_horizon_cannot_shorten_resolved_timeout[7] ________

tmp_path = PosixPath('/tmp/pytest-of-ningyd/pytest-1159/test_effective_owner_horizon_c1')
duration = 7

    @pytest.mark.parametrize("duration", [0, 7, float("nan"), True])
    def test_effective_owner_horizon_cannot_shorten_resolved_timeout(tmp_path, duration):
        module = api()
>       inputs = sample(tmp_path)
                 ^^^^^^^^^^^^^^^^

tests/test_native_references.py:204: 
_ _ _ _ _ _ _ _ _ _ _ _ _ _ _ _ _ _ _ _ _ _ _ _ _ _ _ _ _ _ _ _ _ _ _ _ _ _ _ _ 
tests/test_native_references.py:51: in sample
    binding = replace(binding, device_source_hashes=device,
/usr/lib/python3.12/dataclasses.py:1581: in replace
    return obj.__class__(**changes)
           ^^^^^^^^^^^^^^^^^^^^^^^^
<string>:8: in __init__
    ???
src/cloud_edge_robot_arm/vision/runtime_binding.py:75: in __post_init__
    policy = json.loads(json.dumps(dict(self.edge_policy), allow_nan=False))
                        ^^^^^^^^^^^^^^^^^^^^^^^^^^^^^^^^^^^^^^^^^^^^^^^^^^^
/usr/lib/python3.12/json/__init__.py:238: in dumps
    **kw).encode(obj)
          ^^^^^^^^^^^
/usr/lib/python3.12/json/encoder.py:200: in encode
    chunks = self.iterencode(o, _one_shot=True)
             ^^^^^^^^^^^^^^^^^^^^^^^^^^^^^^^^^^
/usr/lib/python3.12/json/encoder.py:258: in iterencode
    return _iterencode(o, 0)
           ^^^^^^^^^^^^^^^^^
_ _ _ _ _ _ _ _ _ _ _ _ _ _ _ _ _ _ _ _ _ _ _ _ _ _ _ _ _ _ _ _ _ _ _ _ _ _ _ _ 

self = <json.encoder.JSONEncoder object at 0x7e71351a7620>
o = mappingproxy({'max_reobservations': 2, 'max_retries': 0, 'max_no_progress': 3, 'deadline_s': 120.0})

    def default(self, o):
        """Implement this method in a subclass such that it returns
        a serializable object for ``o``, or calls the base implementation
        (to raise a ``TypeError``).
    
        For example, to support arbitrary iterators, you could
        implement default like this::
    
            def default(self, o):
                try:
                    iterable = iter(o)
                except TypeError:
                    pass
                else:
                    return list(iterable)
                # Let the base class default method raise the TypeError
                return super().default(o)
    
        """
>       raise TypeError(f'Object of type {o.__class__.__name__} '
                        f'is not JSON serializable')
E       TypeError: Object of type mappingproxy is not JSON serializable

/usr/lib/python3.12/json/encoder.py:180: TypeError
______ test_effective_owner_horizon_cannot_shorten_resolved_timeout[nan] _______

tmp_path = PosixPath('/tmp/pytest-of-ningyd/pytest-1159/test_effective_owner_horizon_c2')
duration = nan

    @pytest.mark.parametrize("duration", [0, 7, float("nan"), True])
    def test_effective_owner_horizon_cannot_shorten_resolved_timeout(tmp_path, duration):
        module = api()
>       inputs = sample(tmp_path)
                 ^^^^^^^^^^^^^^^^

tests/test_native_references.py:204: 
_ _ _ _ _ _ _ _ _ _ _ _ _ _ _ _ _ _ _ _ _ _ _ _ _ _ _ _ _ _ _ _ _ _ _ _ _ _ _ _ 
tests/test_native_references.py:51: in sample
    binding = replace(binding, device_source_hashes=device,
/usr/lib/python3.12/dataclasses.py:1581: in replace
    return obj.__class__(**changes)
           ^^^^^^^^^^^^^^^^^^^^^^^^
<string>:8: in __init__
    ???
src/cloud_edge_robot_arm/vision/runtime_binding.py:75: in __post_init__
    policy = json.loads(json.dumps(dict(self.edge_policy), allow_nan=False))
                        ^^^^^^^^^^^^^^^^^^^^^^^^^^^^^^^^^^^^^^^^^^^^^^^^^^^
/usr/lib/python3.12/json/__init__.py:238: in dumps
    **kw).encode(obj)
          ^^^^^^^^^^^
/usr/lib/python3.12/json/encoder.py:200: in encode
    chunks = self.iterencode(o, _one_shot=True)
             ^^^^^^^^^^^^^^^^^^^^^^^^^^^^^^^^^^
/usr/lib/python3.12/json/encoder.py:258: in iterencode
    return _iterencode(o, 0)
           ^^^^^^^^^^^^^^^^^
_ _ _ _ _ _ _ _ _ _ _ _ _ _ _ _ _ _ _ _ _ _ _ _ _ _ _ _ _ _ _ _ _ _ _ _ _ _ _ _ 

self = <json.encoder.JSONEncoder object at 0x7e7108ed7440>
o = mappingproxy({'max_reobservations': 2, 'max_retries': 0, 'max_no_progress': 3, 'deadline_s': 120.0})

    def default(self, o):
        """Implement this method in a subclass such that it returns
        a serializable object for ``o``, or calls the base implementation
        (to raise a ``TypeError``).
    
        For example, to support arbitrary iterators, you could
        implement default like this::
    
            def default(self, o):
                try:
                    iterable = iter(o)
                except TypeError:
                    pass
                else:
                    return list(iterable)
                # Let the base class default method raise the TypeError
                return super().default(o)
    
        """
>       raise TypeError(f'Object of type {o.__class__.__name__} '
                        f'is not JSON serializable')
E       TypeError: Object of type mappingproxy is not JSON serializable

/usr/lib/python3.12/json/encoder.py:180: TypeError
______ test_effective_owner_horizon_cannot_shorten_resolved_timeout[True] ______

tmp_path = PosixPath('/tmp/pytest-of-ningyd/pytest-1159/test_effective_owner_horizon_c3')
duration = True

    @pytest.mark.parametrize("duration", [0, 7, float("nan"), True])
    def test_effective_owner_horizon_cannot_shorten_resolved_timeout(tmp_path, duration):
        module = api()
>       inputs = sample(tmp_path)
                 ^^^^^^^^^^^^^^^^

tests/test_native_references.py:204: 
_ _ _ _ _ _ _ _ _ _ _ _ _ _ _ _ _ _ _ _ _ _ _ _ _ _ _ _ _ _ _ _ _ _ _ _ _ _ _ _ 
tests/test_native_references.py:51: in sample
    binding = replace(binding, device_source_hashes=device,
/usr/lib/python3.12/dataclasses.py:1581: in replace
    return obj.__class__(**changes)
           ^^^^^^^^^^^^^^^^^^^^^^^^
<string>:8: in __init__
    ???
src/cloud_edge_robot_arm/vision/runtime_binding.py:75: in __post_init__
    policy = json.loads(json.dumps(dict(self.edge_policy), allow_nan=False))
                        ^^^^^^^^^^^^^^^^^^^^^^^^^^^^^^^^^^^^^^^^^^^^^^^^^^^
/usr/lib/python3.12/json/__init__.py:238: in dumps
    **kw).encode(obj)
          ^^^^^^^^^^^
/usr/lib/python3.12/json/encoder.py:200: in encode
    chunks = self.iterencode(o, _one_shot=True)
             ^^^^^^^^^^^^^^^^^^^^^^^^^^^^^^^^^^
/usr/lib/python3.12/json/encoder.py:258: in iterencode
    return _iterencode(o, 0)
           ^^^^^^^^^^^^^^^^^
_ _ _ _ _ _ _ _ _ _ _ _ _ _ _ _ _ _ _ _ _ _ _ _ _ _ _ _ _ _ _ _ _ _ _ _ _ _ _ _ 

self = <json.encoder.JSONEncoder object at 0x7e71351a43b0>
o = mappingproxy({'max_reobservations': 2, 'max_retries': 0, 'max_no_progress': 3, 'deadline_s': 120.0})

    def default(self, o):
        """Implement this method in a subclass such that it returns
        a serializable object for ``o``, or calls the base implementation
        (to raise a ``TypeError``).
    
        For example, to support arbitrary iterators, you could
        implement default like this::
    
            def default(self, o):
                try:
                    iterable = iter(o)
                except TypeError:
                    pass
                else:
                    return list(iterable)
                # Let the base class default method raise the TypeError
                return super().default(o)
    
        """
>       raise TypeError(f'Object of type {o.__class__.__name__} '
                        f'is not JSON serializable')
E       TypeError: Object of type mappingproxy is not JSON serializable

/usr/lib/python3.12/json/encoder.py:180: TypeError
_______ test_public_role_like_object_is_not_a_registered_runtime_binding _______

tmp_path = PosixPath('/tmp/pytest-of-ningyd/pytest-1159/test_public_role_like_object_i0')

    def test_public_role_like_object_is_not_a_registered_runtime_binding(tmp_path):
        module = api()
>       inputs = sample(tmp_path)
                 ^^^^^^^^^^^^^^^^

tests/test_native_references.py:212: 
_ _ _ _ _ _ _ _ _ _ _ _ _ _ _ _ _ _ _ _ _ _ _ _ _ _ _ _ _ _ _ _ _ _ _ _ _ _ _ _ 
tests/test_native_references.py:51: in sample
    binding = replace(binding, device_source_hashes=device,
/usr/lib/python3.12/dataclasses.py:1581: in replace
    return obj.__class__(**changes)
           ^^^^^^^^^^^^^^^^^^^^^^^^
<string>:8: in __init__
    ???
src/cloud_edge_robot_arm/vision/runtime_binding.py:75: in __post_init__
    policy = json.loads(json.dumps(dict(self.edge_policy), allow_nan=False))
                        ^^^^^^^^^^^^^^^^^^^^^^^^^^^^^^^^^^^^^^^^^^^^^^^^^^^
/usr/lib/python3.12/json/__init__.py:238: in dumps
    **kw).encode(obj)
          ^^^^^^^^^^^
/usr/lib/python3.12/json/encoder.py:200: in encode
    chunks = self.iterencode(o, _one_shot=True)
             ^^^^^^^^^^^^^^^^^^^^^^^^^^^^^^^^^^
/usr/lib/python3.12/json/encoder.py:258: in iterencode
    return _iterencode(o, 0)
           ^^^^^^^^^^^^^^^^^
_ _ _ _ _ _ _ _ _ _ _ _ _ _ _ _ _ _ _ _ _ _ _ _ _ _ _ _ _ _ _ _ _ _ _ _ _ _ _ _ 

self = <json.encoder.JSONEncoder object at 0x7e7108ed7ad0>
o = mappingproxy({'max_reobservations': 2, 'max_retries': 0, 'max_no_progress': 3, 'deadline_s': 120.0})

    def default(self, o):
        """Implement this method in a subclass such that it returns
        a serializable object for ``o``, or calls the base implementation
        (to raise a ``TypeError``).
    
        For example, to support arbitrary iterators, you could
        implement default like this::
    
            def default(self, o):
                try:
                    iterable = iter(o)
                except TypeError:
                    pass
                else:
                    return list(iterable)
                # Let the base class default method raise the TypeError
                return super().default(o)
    
        """
>       raise TypeError(f'Object of type {o.__class__.__name__} '
                        f'is not JSON serializable')
E       TypeError: Object of type mappingproxy is not JSON serializable

/usr/lib/python3.12/json/encoder.py:180: TypeError
=========================== short test summary info ============================
FAILED tests/test_native_references.py::test_original_resolver_and_registered_handler_forward_exact_fixed_endpoint[LIFT-endpoint0]
FAILED tests/test_native_references.py::test_original_resolver_and_registered_handler_forward_exact_fixed_endpoint[MOVE_TO_REGION-endpoint1]
FAILED tests/test_native_references.py::test_original_resolver_and_registered_handler_forward_exact_fixed_endpoint[PLACE-endpoint2]
FAILED tests/test_native_references.py::test_recomputed_reference_rejects_changed_resolution_or_ownership[tcp]
FAILED tests/test_native_references.py::test_recomputed_reference_rejects_changed_resolution_or_ownership[height]
FAILED tests/test_native_references.py::test_recomputed_reference_rejects_changed_resolution_or_ownership[region]
FAILED tests/test_native_references.py::test_recomputed_reference_rejects_changed_resolution_or_ownership[support]
FAILED tests/test_native_references.py::test_recomputed_reference_rejects_changed_resolution_or_ownership[target_pose]
FAILED tests/test_native_references.py::test_recomputed_reference_rejects_changed_resolution_or_ownership[contract]
FAILED tests/test_native_references.py::test_recomputed_reference_rejects_changed_resolution_or_ownership[step]
FAILED tests/test_native_references.py::test_recomputed_reference_rejects_changed_resolution_or_ownership[role]
FAILED tests/test_native_references.py::test_recomputed_reference_rejects_changed_resolution_or_ownership[context]
FAILED tests/test_native_references.py::test_recomputed_reference_rejects_changed_resolution_or_ownership[frame]
FAILED tests/test_native_references.py::test_recomputed_reference_rejects_changed_resolution_or_ownership[horizon]
FAILED tests/test_native_references.py::test_recomputed_reference_rejects_changed_resolution_or_ownership[compiled_velocity]
FAILED tests/test_native_references.py::test_source_identity_checks_current_executing_code_not_rehashed_caller_copy[missing]
FAILED tests/test_native_references.py::test_source_identity_checks_current_executing_code_not_rehashed_caller_copy[modified]
FAILED tests/test_native_references.py::test_source_identity_checks_current_executing_code_not_rehashed_caller_copy[rehashed]
FAILED tests/test_native_references.py::test_inputs_are_detached_and_no_nested_alias_can_change_old_reference
FAILED tests/test_native_references.py::test_contact_reference_cannot_be_relabelled_as_fixed_goal[GRASP]
FAILED tests/test_native_references.py::test_contact_reference_cannot_be_relabelled_as_fixed_goal[APPROACH]
FAILED tests/test_native_references.py::test_effective_owner_horizon_cannot_shorten_resolved_timeout[0]
FAILED tests/test_native_references.py::test_effective_owner_horizon_cannot_shorten_resolved_timeout[7]
FAILED tests/test_native_references.py::test_effective_owner_horizon_cannot_shorten_resolved_timeout[nan]
FAILED tests/test_native_references.py::test_effective_owner_horizon_cannot_shorten_resolved_timeout[True]
FAILED tests/test_native_references.py::test_public_role_like_object_is_not_a_registered_runtime_binding
26 failed, 2 passed in 1.24s
