artifacts/research/process/20261004-ced-development/capture-state-guard/fix-round-1/author-red.log:11: trailing whitespace.
+    
artifacts/research/process/20261004-ced-development/capture-state-guard/fix-round-1/author-red.log:26: trailing whitespace.
+    
artifacts/research/process/20261004-ced-development/capture-state-guard/fix-round-1/author-red.log:41: trailing whitespace.
+    
artifacts/research/process/20261004-ced-development/capture-state-guard/green.log:13: trailing whitespace.
+    
artifacts/research/process/20261004-ced-development/capture-state-guard/green.log:24: trailing whitespace.
+    
artifacts/research/process/20261004-ced-development/capture-state-guard/green.log:28: trailing whitespace.
+tests/test_mujoco_state_guard.py:251: 
artifacts/research/process/20261004-ced-development/capture-state-guard/green.log:29: trailing whitespace.
+_ _ _ _ _ _ _ _ _ _ _ _ _ _ _ _ _ _ _ _ _ _ _ _ _ _ _ _ _ _ _ _ _ _ _ _ _ _ _ _ 
artifacts/research/process/20261004-ced-development/capture-state-guard/green.log:56: trailing whitespace.
+    
artifacts/research/process/20261004-ced-development/capture-state-guard/green.log:67: trailing whitespace.
+    
artifacts/research/process/20261004-ced-development/capture-state-guard/green.log:71: trailing whitespace.
+tests/test_mujoco_state_guard.py:251: 
artifacts/research/process/20261004-ced-development/capture-state-guard/green.log:72: trailing whitespace.
+_ _ _ _ _ _ _ _ _ _ _ _ _ _ _ _ _ _ _ _ _ _ _ _ _ _ _ _ _ _ _ _ _ _ _ _ _ _ _ _ 
artifacts/research/process/20261004-ced-development/capture-state-guard/independent-original-checks.log:18: new blank line at EOF.
artifacts/research/process/20261004-ced-development/capture-state-guard/independent-record-red.log:70: new blank line at EOF.
artifacts/research/process/20261004-ced-development/capture-state-guard/red-record-boundary.log:12: trailing whitespace.
+    
artifacts/research/process/20261004-ced-development/capture-state-guard/red-record-boundary.log:29: trailing whitespace.
+    
artifacts/research/process/20261004-ced-development/capture-state-guard/red.log:15: trailing whitespace.
+E         
artifacts/research/process/20261004-ced-development/capture-state-guard/red.log:31: trailing whitespace.
+E         
artifacts/research/process/20261004-ced-development/t7b-native-calibration-source/fix-round-1/baseline/artifacts/research/process/20261004-ced-development/t7b-native-calibration-source/task2-red.log:9: trailing whitespace.
+tests/test_native_calibration_source.py:98: 
artifacts/research/process/20261004-ced-development/t7b-native-calibration-source/fix-round-1/baseline/artifacts/research/process/20261004-ced-development/t7b-native-calibration-source/task2-red.log:10: trailing whitespace.
+_ _ _ _ _ _ _ _ _ _ _ _ _ _ _ _ _ _ _ _ _ _ _ _ _ _ _ _ _ _ _ _ _ _ _ _ _ _ _ _ 
artifacts/research/process/20261004-ced-development/t7b-native-calibration-source/fix-round-1/baseline/artifacts/research/process/20261004-ced-development/t7b-native-calibration-source/task2-red.log:32: trailing whitespace.
+tests/test_native_calibration_source.py:111: 
artifacts/research/process/20261004-ced-development/t7b-native-calibration-source/fix-round-1/baseline/artifacts/research/process/20261004-ced-development/t7b-native-calibration-source/task2-red.log:33: trailing whitespace.
+_ _ _ _ _ _ _ _ _ _ _ _ _ _ _ _ _ _ _ _ _ _ _ _ _ _ _ _ _ _ _ _ _ _ _ _ _ _ _ _ 
artifacts/research/process/20261004-ced-development/t7b-native-calibration-source/fix-round-1/baseline/artifacts/research/process/20261004-ced-development/t7b-native-calibration-source/task2-red.log:55: trailing whitespace.
+tests/test_native_calibration_source.py:111: 
artifacts/research/process/20261004-ced-development/t7b-native-calibration-source/fix-round-1/baseline/artifacts/research/process/20261004-ced-development/t7b-native-calibration-source/task2-red.log:56: trailing whitespace.
+_ _ _ _ _ _ _ _ _ _ _ _ _ _ _ _ _ _ _ _ _ _ _ _ _ _ _ _ _ _ _ _ _ _ _ _ _ _ _ _ 
artifacts/research/process/20261004-ced-development/t7b-native-calibration-source/fix-round-1/baseline/artifacts/research/process/20261004-ced-development/t7b-native-calibration-source/task2-red.log:78: trailing whitespace.
+tests/test_native_calibration_source.py:111: 
artifacts/research/process/20261004-ced-development/t7b-native-calibration-source/fix-round-1/baseline/artifacts/research/process/20261004-ced-development/t7b-native-calibration-source/task2-red.log:79: trailing whitespace.
+_ _ _ _ _ _ _ _ _ _ _ _ _ _ _ _ _ _ _ _ _ _ _ _ _ _ _ _ _ _ _ _ _ _ _ _ _ _ _ _ 
artifacts/research/process/20261004-ced-development/t7b-native-calibration-source/fix-round-1/baseline/artifacts/research/process/20261004-ced-development/t7b-native-calibration-source/task2-red.log:100: trailing whitespace.
+tests/test_native_calibration_source.py:124: 
artifacts/research/process/20261004-ced-development/t7b-native-calibration-source/fix-round-1/baseline/artifacts/research/process/20261004-ced-development/t7b-native-calibration-source/task2-red.log:101: trailing whitespace.
+_ _ _ _ _ _ _ _ _ _ _ _ _ _ _ _ _ _ _ _ _ _ _ _ _ _ _ _ _ _ _ _ _ _ _ _ _ _ _ _ 
artifacts/research/process/20261004-ced-development/t7b-native-calibration-source/fix-round-1/baseline/artifacts/research/process/20261004-ced-development/t7b-native-calibration-source/task2-red.log:126: trailing whitespace.
+tests/test_native_calibration_source.py:144: 
artifacts/research/process/20261004-ced-development/t7b-native-calibration-source/fix-round-1/baseline/artifacts/research/process/20261004-ced-development/t7b-native-calibration-source/task2-red.log:127: trailing whitespace.
+_ _ _ _ _ _ _ _ _ _ _ _ _ _ _ _ _ _ _ _ _ _ _ _ _ _ _ _ _ _ _ _ _ _ _ _ _ _ _ _ 
artifacts/research/process/20261004-ced-development/t7b-native-calibration-source/fix-round-1/baseline/artifacts/research/process/20261004-ced-development/t7b-native-calibration-source/task2-red.log:152: trailing whitespace.
+tests/test_native_calibration_source.py:144: 
artifacts/research/process/20261004-ced-development/t7b-native-calibration-source/fix-round-1/baseline/artifacts/research/process/20261004-ced-development/t7b-native-calibration-source/task2-red.log:153: trailing whitespace.
+_ _ _ _ _ _ _ _ _ _ _ _ _ _ _ _ _ _ _ _ _ _ _ _ _ _ _ _ _ _ _ _ _ _ _ _ _ _ _ _ 
artifacts/research/process/20261004-ced-development/t7b-native-calibration-source/fix-round-1/baseline/artifacts/research/process/20261004-ced-development/t7b-native-calibration-source/task2-red.log:178: trailing whitespace.
+tests/test_native_calibration_source.py:144: 
artifacts/research/process/20261004-ced-development/t7b-native-calibration-source/fix-round-1/baseline/artifacts/research/process/20261004-ced-development/t7b-native-calibration-source/task2-red.log:179: trailing whitespace.
+_ _ _ _ _ _ _ _ _ _ _ _ _ _ _ _ _ _ _ _ _ _ _ _ _ _ _ _ _ _ _ _ _ _ _ _ _ _ _ _ 
artifacts/research/process/20261004-ced-development/t7b-native-calibration-source/fix-round-1/baseline/artifacts/research/process/20261004-ced-development/t7b-native-calibration-source/task2-red.log:204: trailing whitespace.
+tests/test_native_calibration_source.py:144: 
artifacts/research/process/20261004-ced-development/t7b-native-calibration-source/fix-round-1/baseline/artifacts/research/process/20261004-ced-development/t7b-native-calibration-source/task2-red.log:205: trailing whitespace.
+_ _ _ _ _ _ _ _ _ _ _ _ _ _ _ _ _ _ _ _ _ _ _ _ _ _ _ _ _ _ _ _ _ _ _ _ _ _ _ _ 
artifacts/research/process/20261004-ced-development/t7b-native-calibration-source/fix-round-1/baseline/artifacts/research/process/20261004-ced-development/t7b-native-calibration-source/task2-red.log:227: trailing whitespace.
+tests/test_native_calibration_source.py:153: 
artifacts/research/process/20261004-ced-development/t7b-native-calibration-source/fix-round-1/baseline/artifacts/research/process/20261004-ced-development/t7b-native-calibration-source/task2-red.log:228: trailing whitespace.
+_ _ _ _ _ _ _ _ _ _ _ _ _ _ _ _ _ _ _ _ _ _ _ _ _ _ _ _ _ _ _ _ _ _ _ _ _ _ _ _ 
artifacts/research/process/20261004-ced-development/t7b-native-calibration-source/fix-round-1/baseline/artifacts/research/process/20261004-ced-development/t7b-native-calibration-source/task2-red.log:250: trailing whitespace.
+tests/test_native_calibration_source.py:153: 
artifacts/research/process/20261004-ced-development/t7b-native-calibration-source/fix-round-1/baseline/artifacts/research/process/20261004-ced-development/t7b-native-calibration-source/task2-red.log:251: trailing whitespace.
+_ _ _ _ _ _ _ _ _ _ _ _ _ _ _ _ _ _ _ _ _ _ _ _ _ _ _ _ _ _ _ _ _ _ _ _ _ _ _ _ 
artifacts/research/process/20261004-ced-development/t7b-native-calibration-source/fix-round-1/baseline/artifacts/research/process/20261004-ced-development/t7b-native-calibration-source/task2-red.log:273: trailing whitespace.
+tests/test_native_calibration_source.py:153: 
artifacts/research/process/20261004-ced-development/t7b-native-calibration-source/fix-round-1/baseline/artifacts/research/process/20261004-ced-development/t7b-native-calibration-source/task2-red.log:274: trailing whitespace.
+_ _ _ _ _ _ _ _ _ _ _ _ _ _ _ _ _ _ _ _ _ _ _ _ _ _ _ _ _ _ _ _ _ _ _ _ _ _ _ _ 
artifacts/research/process/20261004-ced-development/t7b-native-calibration-source/fix-round-1/baseline/artifacts/research/process/20261004-ced-development/t7b-native-calibration-source/task2-red.log:296: trailing whitespace.
+tests/test_native_calibration_source.py:153: 
artifacts/research/process/20261004-ced-development/t7b-native-calibration-source/fix-round-1/baseline/artifacts/research/process/20261004-ced-development/t7b-native-calibration-source/task2-red.log:297: trailing whitespace.
+_ _ _ _ _ _ _ _ _ _ _ _ _ _ _ _ _ _ _ _ _ _ _ _ _ _ _ _ _ _ _ _ _ _ _ _ _ _ _ _ 
artifacts/research/process/20261004-ced-development/t7b-native-calibration-source/fix-round-1/baseline/artifacts/research/process/20261004-ced-development/t7b-native-calibration-source/task2-red.log:320: trailing whitespace.
+tests/test_native_calibration_source.py:170: 
artifacts/research/process/20261004-ced-development/t7b-native-calibration-source/fix-round-1/baseline/artifacts/research/process/20261004-ced-development/t7b-native-calibration-source/task2-red.log:321: trailing whitespace.
+_ _ _ _ _ _ _ _ _ _ _ _ _ _ _ _ _ _ _ _ _ _ _ _ _ _ _ _ _ _ _ _ _ _ _ _ _ _ _ _ 
artifacts/research/process/20261004-ced-development/t7b-native-calibration-source/fix-round-1/baseline/artifacts/research/process/20261004-ced-development/t7b-native-calibration-source/task2-red.log:344: trailing whitespace.
+tests/test_native_calibration_source.py:170: 
artifacts/research/process/20261004-ced-development/t7b-native-calibration-source/fix-round-1/baseline/artifacts/research/process/20261004-ced-development/t7b-native-calibration-source/task2-red.log:345: trailing whitespace.
+_ _ _ _ _ _ _ _ _ _ _ _ _ _ _ _ _ _ _ _ _ _ _ _ _ _ _ _ _ _ _ _ _ _ _ _ _ _ _ _ 
artifacts/research/process/20261004-ced-development/t7b-native-calibration-source/fix-round-1/baseline/artifacts/research/process/20261004-ced-development/t7b-native-calibration-source/task2-red.log:368: trailing whitespace.
+tests/test_native_calibration_source.py:170: 
artifacts/research/process/20261004-ced-development/t7b-native-calibration-source/fix-round-1/baseline/artifacts/research/process/20261004-ced-development/t7b-native-calibration-source/task2-red.log:369: trailing whitespace.
+_ _ _ _ _ _ _ _ _ _ _ _ _ _ _ _ _ _ _ _ _ _ _ _ _ _ _ _ _ _ _ _ _ _ _ _ _ _ _ _ 
artifacts/research/process/20261004-ced-development/t7b-native-calibration-source/fix-round-1/baseline/artifacts/research/process/20261004-ced-development/t7b-native-calibration-source/task2-red.log:392: trailing whitespace.
+tests/test_native_calibration_source.py:170: 
artifacts/research/process/20261004-ced-development/t7b-native-calibration-source/fix-round-1/baseline/artifacts/research/process/20261004-ced-development/t7b-native-calibration-source/task2-red.log:393: trailing whitespace.
+_ _ _ _ _ _ _ _ _ _ _ _ _ _ _ _ _ _ _ _ _ _ _ _ _ _ _ _ _ _ _ _ _ _ _ _ _ _ _ _ 
artifacts/research/process/20261004-ced-development/t7b-native-calibration-source/fix-round-1/baseline/artifacts/research/process/20261004-ced-development/t7b-native-calibration-source/task2-red.log:415: trailing whitespace.
+tests/test_native_calibration_source.py:189: 
artifacts/research/process/20261004-ced-development/t7b-native-calibration-source/fix-round-1/baseline/artifacts/research/process/20261004-ced-development/t7b-native-calibration-source/task2-red.log:416: trailing whitespace.
+_ _ _ _ _ _ _ _ _ _ _ _ _ _ _ _ _ _ _ _ _ _ _ _ _ _ _ _ _ _ _ _ _ _ _ _ _ _ _ _ 
artifacts/research/process/20261004-ced-development/t7b-native-calibration-source/fix-round-1/baseline/artifacts/research/process/20261004-ced-development/t7b-native-calibration-source/task2-red.log:438: trailing whitespace.
+tests/test_native_calibration_source.py:189: 
artifacts/research/process/20261004-ced-development/t7b-native-calibration-source/fix-round-1/baseline/artifacts/research/process/20261004-ced-development/t7b-native-calibration-source/task2-red.log:439: trailing whitespace.
+_ _ _ _ _ _ _ _ _ _ _ _ _ _ _ _ _ _ _ _ _ _ _ _ _ _ _ _ _ _ _ _ _ _ _ _ _ _ _ _ 
artifacts/research/process/20261004-ced-development/t7b-native-calibration-source/fix-round-1/baseline/artifacts/research/process/20261004-ced-development/t7b-native-calibration-source/task2-red.log:461: trailing whitespace.
+tests/test_native_calibration_source.py:189: 
artifacts/research/process/20261004-ced-development/t7b-native-calibration-source/fix-round-1/baseline/artifacts/research/process/20261004-ced-development/t7b-native-calibration-source/task2-red.log:462: trailing whitespace.
+_ _ _ _ _ _ _ _ _ _ _ _ _ _ _ _ _ _ _ _ _ _ _ _ _ _ _ _ _ _ _ _ _ _ _ _ _ _ _ _ 
artifacts/research/process/20261004-ced-development/t7b-native-calibration-source/fix-round-1/baseline/artifacts/research/process/20261004-ced-development/t7b-native-calibration-source/task2-red.log:484: trailing whitespace.
+tests/test_native_calibration_source.py:189: 
artifacts/research/process/20261004-ced-development/t7b-native-calibration-source/fix-round-1/baseline/artifacts/research/process/20261004-ced-development/t7b-native-calibration-source/task2-red.log:485: trailing whitespace.
+_ _ _ _ _ _ _ _ _ _ _ _ _ _ _ _ _ _ _ _ _ _ _ _ _ _ _ _ _ _ _ _ _ _ _ _ _ _ _ _ 
artifacts/research/process/20261004-ced-development/t7b-native-calibration-source/fix-round-1/baseline/artifacts/research/process/20261004-ced-development/t7b-native-calibration-source/task2-red.log:506: trailing whitespace.
+tests/test_native_calibration_source.py:197: 
artifacts/research/process/20261004-ced-development/t7b-native-calibration-source/fix-round-1/baseline/artifacts/research/process/20261004-ced-development/t7b-native-calibration-source/task2-red.log:507: trailing whitespace.
+_ _ _ _ _ _ _ _ _ _ _ _ _ _ _ _ _ _ _ _ _ _ _ _ _ _ _ _ _ _ _ _ _ _ _ _ _ _ _ _ 
artifacts/research/process/20261004-ced-development/t7b-native-calibration-source/fix-round-1/baseline/artifacts/research/process/20261004-ced-development/t7b-native-calibration-source/task2-red.log:528: trailing whitespace.
+tests/test_native_calibration_source.py:213: 
artifacts/research/process/20261004-ced-development/t7b-native-calibration-source/fix-round-1/baseline/artifacts/research/process/20261004-ced-development/t7b-native-calibration-source/task2-red.log:529: trailing whitespace.
+_ _ _ _ _ _ _ _ _ _ _ _ _ _ _ _ _ _ _ _ _ _ _ _ _ _ _ _ _ _ _ _ _ _ _ _ _ _ _ _ 
artifacts/research/process/20261004-ced-development/t7b-native-calibration-source/fix-round-1/baseline/artifacts/research/process/20261004-ced-development/t7b-native-calibration-source/task2-red.log:550: trailing whitespace.
+tests/test_native_calibration_source.py:227: 
artifacts/research/process/20261004-ced-development/t7b-native-calibration-source/fix-round-1/baseline/artifacts/research/process/20261004-ced-development/t7b-native-calibration-source/task2-red.log:551: trailing whitespace.
+_ _ _ _ _ _ _ _ _ _ _ _ _ _ _ _ _ _ _ _ _ _ _ _ _ _ _ _ _ _ _ _ _ _ _ _ _ _ _ _ 
artifacts/research/process/20261004-ced-development/t7b-native-calibration-source/fix-round-1/baseline/artifacts/research/process/20261004-ced-development/t7b-native-calibration-source/task2-red.log:572: trailing whitespace.
+tests/test_native_calibration_source.py:236: 
artifacts/research/process/20261004-ced-development/t7b-native-calibration-source/fix-round-1/baseline/artifacts/research/process/20261004-ced-development/t7b-native-calibration-source/task2-red.log:573: trailing whitespace.
+_ _ _ _ _ _ _ _ _ _ _ _ _ _ _ _ _ _ _ _ _ _ _ _ _ _ _ _ _ _ _ _ _ _ _ _ _ _ _ _ 
artifacts/research/process/20261004-ced-development/t7b-native-calibration-source/fix-round-1/baseline/artifacts/research/process/20261004-ced-development/t7b-native-calibration-source/task2-red.log:592: trailing whitespace.
+tests/test_native_calibration_source.py:245: 
artifacts/research/process/20261004-ced-development/t7b-native-calibration-source/fix-round-1/baseline/artifacts/research/process/20261004-ced-development/t7b-native-calibration-source/task2-red.log:593: trailing whitespace.
+_ _ _ _ _ _ _ _ _ _ _ _ _ _ _ _ _ _ _ _ _ _ _ _ _ _ _ _ _ _ _ _ _ _ _ _ _ _ _ _ 
artifacts/research/process/20261004-ced-development/t7b-native-calibration-source/fix-round-1/qualified-red.log:25: trailing whitespace.
+    
artifacts/research/process/20261004-ced-development/t7b-native-calibration-source/fix-round-1/qualified-red.log:41: trailing whitespace.
+    
artifacts/research/process/20261004-ced-development/t7b-native-calibration-source/fix-round-1/qualified-red.log:55: trailing whitespace.
+E         
artifacts/research/process/20261004-ced-development/t7b-native-calibration-source/fix-round-2/baseline/artifacts/research/process/20261004-ced-development/t7b-native-calibration-source/fix-round-1/qualified-red.log:25: trailing whitespace.
+    
artifacts/research/process/20261004-ced-development/t7b-native-calibration-source/fix-round-2/baseline/artifacts/research/process/20261004-ced-development/t7b-native-calibration-source/fix-round-1/qualified-red.log:41: trailing whitespace.
+    
artifacts/research/process/20261004-ced-development/t7b-native-calibration-source/fix-round-2/baseline/artifacts/research/process/20261004-ced-development/t7b-native-calibration-source/fix-round-1/qualified-red.log:55: trailing whitespace.
+E         
artifacts/research/process/20261004-ced-development/t7b-native-calibration-source/fix-round-2/independent-original-replay.log:17: new blank line at EOF.
artifacts/research/process/20261004-ced-development/t7b-native-calibration-source/fix-round-3/red-unit.log:43: trailing whitespace.
+tests/test_native_calibration_source.py:756: 
artifacts/research/process/20261004-ced-development/t7b-native-calibration-source/fix-round-3/red-unit.log:44: trailing whitespace.
+_ _ _ _ _ _ _ _ _ _ _ _ _ _ _ _ _ _ _ _ _ _ _ _ _ _ _ _ _ _ _ _ _ _ _ _ _ _ _ _ 
artifacts/research/process/20261004-ced-development/t7b-native-calibration-source/fix-round-3/red-unit.log:54: trailing whitespace.
+    
artifacts/research/process/20261004-ced-development/t7b-native-calibration-source/fix-round-3/red-unit.log:133: trailing whitespace.
+tests/test_native_calibration_source.py:756: 
artifacts/research/process/20261004-ced-development/t7b-native-calibration-source/fix-round-3/red-unit.log:134: trailing whitespace.
+_ _ _ _ _ _ _ _ _ _ _ _ _ _ _ _ _ _ _ _ _ _ _ _ _ _ _ _ _ _ _ _ _ _ _ _ _ _ _ _ 
artifacts/research/process/20261004-ced-development/t7b-native-calibration-source/fix-round-3/red-unit.log:138: trailing whitespace.
+_ _ _ _ _ _ _ _ _ _ _ _ _ _ _ _ _ _ _ _ _ _ _ _ _ _ _ _ _ _ _ _ _ _ _ _ _ _ _ _ 
artifacts/research/process/20261004-ced-development/t7b-native-calibration-source/fix-round-3/red-unit.log:187: trailing whitespace.
+tests/test_native_calibration_source.py:756: 
artifacts/research/process/20261004-ced-development/t7b-native-calibration-source/fix-round-3/red-unit.log:188: trailing whitespace.
+_ _ _ _ _ _ _ _ _ _ _ _ _ _ _ _ _ _ _ _ _ _ _ _ _ _ _ _ _ _ _ _ _ _ _ _ _ _ _ _ 
artifacts/research/process/20261004-ced-development/t7b-native-calibration-source/fix-round-3/red-unit.log:192: trailing whitespace.
+_ _ _ _ _ _ _ _ _ _ _ _ _ _ _ _ _ _ _ _ _ _ _ _ _ _ _ _ _ _ _ _ _ _ _ _ _ _ _ _ 
artifacts/research/process/20261004-ced-development/t7b-native-calibration-source/fix-round-3/red-unit.log:241: trailing whitespace.
+tests/test_native_calibration_source.py:756: 
artifacts/research/process/20261004-ced-development/t7b-native-calibration-source/fix-round-3/red-unit.log:242: trailing whitespace.
+_ _ _ _ _ _ _ _ _ _ _ _ _ _ _ _ _ _ _ _ _ _ _ _ _ _ _ _ _ _ _ _ _ _ _ _ _ _ _ _ 
artifacts/research/process/20261004-ced-development/t7b-native-calibration-source/fix-round-3/red-unit.log:252: trailing whitespace.
+    
artifacts/research/process/20261004-ced-development/t7b-native-calibration-source/fix-round-3/red-unit.log:331: trailing whitespace.
+tests/test_native_calibration_source.py:756: 
artifacts/research/process/20261004-ced-development/t7b-native-calibration-source/fix-round-3/red-unit.log:332: trailing whitespace.
+_ _ _ _ _ _ _ _ _ _ _ _ _ _ _ _ _ _ _ _ _ _ _ _ _ _ _ _ _ _ _ _ _ _ _ _ _ _ _ _ 
artifacts/research/process/20261004-ced-development/t7b-native-calibration-source/fix-round-3/red-unit.log:342: trailing whitespace.
+    
artifacts/research/process/20261004-ced-development/t7b-native-calibration-source/fix-round-3/red-unit.log:421: trailing whitespace.
+tests/test_native_calibration_source.py:756: 
artifacts/research/process/20261004-ced-development/t7b-native-calibration-source/fix-round-3/red-unit.log:422: trailing whitespace.
+_ _ _ _ _ _ _ _ _ _ _ _ _ _ _ _ _ _ _ _ _ _ _ _ _ _ _ _ _ _ _ _ _ _ _ _ _ _ _ _ 
artifacts/research/process/20261004-ced-development/t7b-native-calibration-source/fix-round-3/red-unit.log:432: trailing whitespace.
+    
artifacts/research/process/20261004-ced-development/t7b-native-calibration-source/fix-round-3/red-unit.log:511: trailing whitespace.
+tests/test_native_calibration_source.py:756: 
artifacts/research/process/20261004-ced-development/t7b-native-calibration-source/fix-round-3/red-unit.log:512: trailing whitespace.
+_ _ _ _ _ _ _ _ _ _ _ _ _ _ _ _ _ _ _ _ _ _ _ _ _ _ _ _ _ _ _ _ _ _ _ _ _ _ _ _ 
artifacts/research/process/20261004-ced-development/t7b-native-calibration-source/fix-round-3/red-unit.log:522: trailing whitespace.
+    
artifacts/research/process/20261004-ced-development/t7b-native-calibration-source/fix-round-3/red-unit.log:588: trailing whitespace.
+tests/test_native_calibration_source.py:756: 
artifacts/research/process/20261004-ced-development/t7b-native-calibration-source/fix-round-3/red-unit.log:589: trailing whitespace.
+_ _ _ _ _ _ _ _ _ _ _ _ _ _ _ _ _ _ _ _ _ _ _ _ _ _ _ _ _ _ _ _ _ _ _ _ _ _ _ _ 
artifacts/research/process/20261004-ced-development/t7b-native-calibration-source/fix-round-3/red-unit.log:599: trailing whitespace.
+    
artifacts/research/process/20261004-ced-development/t7b-native-calibration-source/task2-red.log:9: trailing whitespace.
+tests/test_native_calibration_source.py:98: 
artifacts/research/process/20261004-ced-development/t7b-native-calibration-source/task2-red.log:10: trailing whitespace.
+_ _ _ _ _ _ _ _ _ _ _ _ _ _ _ _ _ _ _ _ _ _ _ _ _ _ _ _ _ _ _ _ _ _ _ _ _ _ _ _ 
artifacts/research/process/20261004-ced-development/t7b-native-calibration-source/task2-red.log:32: trailing whitespace.
+tests/test_native_calibration_source.py:111: 
artifacts/research/process/20261004-ced-development/t7b-native-calibration-source/task2-red.log:33: trailing whitespace.
+_ _ _ _ _ _ _ _ _ _ _ _ _ _ _ _ _ _ _ _ _ _ _ _ _ _ _ _ _ _ _ _ _ _ _ _ _ _ _ _ 
artifacts/research/process/20261004-ced-development/t7b-native-calibration-source/task2-red.log:55: trailing whitespace.
+tests/test_native_calibration_source.py:111: 
artifacts/research/process/20261004-ced-development/t7b-native-calibration-source/task2-red.log:56: trailing whitespace.
+_ _ _ _ _ _ _ _ _ _ _ _ _ _ _ _ _ _ _ _ _ _ _ _ _ _ _ _ _ _ _ _ _ _ _ _ _ _ _ _ 
artifacts/research/process/20261004-ced-development/t7b-native-calibration-source/task2-red.log:78: trailing whitespace.
+tests/test_native_calibration_source.py:111: 
artifacts/research/process/20261004-ced-development/t7b-native-calibration-source/task2-red.log:79: trailing whitespace.
+_ _ _ _ _ _ _ _ _ _ _ _ _ _ _ _ _ _ _ _ _ _ _ _ _ _ _ _ _ _ _ _ _ _ _ _ _ _ _ _ 
artifacts/research/process/20261004-ced-development/t7b-native-calibration-source/task2-red.log:100: trailing whitespace.
+tests/test_native_calibration_source.py:124: 
artifacts/research/process/20261004-ced-development/t7b-native-calibration-source/task2-red.log:101: trailing whitespace.
+_ _ _ _ _ _ _ _ _ _ _ _ _ _ _ _ _ _ _ _ _ _ _ _ _ _ _ _ _ _ _ _ _ _ _ _ _ _ _ _ 
artifacts/research/process/20261004-ced-development/t7b-native-calibration-source/task2-red.log:126: trailing whitespace.
+tests/test_native_calibration_source.py:144: 
artifacts/research/process/20261004-ced-development/t7b-native-calibration-source/task2-red.log:127: trailing whitespace.
+_ _ _ _ _ _ _ _ _ _ _ _ _ _ _ _ _ _ _ _ _ _ _ _ _ _ _ _ _ _ _ _ _ _ _ _ _ _ _ _ 
artifacts/research/process/20261004-ced-development/t7b-native-calibration-source/task2-red.log:152: trailing whitespace.
+tests/test_native_calibration_source.py:144: 
artifacts/research/process/20261004-ced-development/t7b-native-calibration-source/task2-red.log:153: trailing whitespace.
+_ _ _ _ _ _ _ _ _ _ _ _ _ _ _ _ _ _ _ _ _ _ _ _ _ _ _ _ _ _ _ _ _ _ _ _ _ _ _ _ 
artifacts/research/process/20261004-ced-development/t7b-native-calibration-source/task2-red.log:178: trailing whitespace.
+tests/test_native_calibration_source.py:144: 
artifacts/research/process/20261004-ced-development/t7b-native-calibration-source/task2-red.log:179: trailing whitespace.
+_ _ _ _ _ _ _ _ _ _ _ _ _ _ _ _ _ _ _ _ _ _ _ _ _ _ _ _ _ _ _ _ _ _ _ _ _ _ _ _ 
artifacts/research/process/20261004-ced-development/t7b-native-calibration-source/task2-red.log:204: trailing whitespace.
+tests/test_native_calibration_source.py:144: 
artifacts/research/process/20261004-ced-development/t7b-native-calibration-source/task2-red.log:205: trailing whitespace.
+_ _ _ _ _ _ _ _ _ _ _ _ _ _ _ _ _ _ _ _ _ _ _ _ _ _ _ _ _ _ _ _ _ _ _ _ _ _ _ _ 
artifacts/research/process/20261004-ced-development/t7b-native-calibration-source/task2-red.log:227: trailing whitespace.
+tests/test_native_calibration_source.py:153: 
artifacts/research/process/20261004-ced-development/t7b-native-calibration-source/task2-red.log:228: trailing whitespace.
+_ _ _ _ _ _ _ _ _ _ _ _ _ _ _ _ _ _ _ _ _ _ _ _ _ _ _ _ _ _ _ _ _ _ _ _ _ _ _ _ 
artifacts/research/process/20261004-ced-development/t7b-native-calibration-source/task2-red.log:250: trailing whitespace.
+tests/test_native_calibration_source.py:153: 
artifacts/research/process/20261004-ced-development/t7b-native-calibration-source/task2-red.log:251: trailing whitespace.
+_ _ _ _ _ _ _ _ _ _ _ _ _ _ _ _ _ _ _ _ _ _ _ _ _ _ _ _ _ _ _ _ _ _ _ _ _ _ _ _ 
artifacts/research/process/20261004-ced-development/t7b-native-calibration-source/task2-red.log:273: trailing whitespace.
+tests/test_native_calibration_source.py:153: 
artifacts/research/process/20261004-ced-development/t7b-native-calibration-source/task2-red.log:274: trailing whitespace.
+_ _ _ _ _ _ _ _ _ _ _ _ _ _ _ _ _ _ _ _ _ _ _ _ _ _ _ _ _ _ _ _ _ _ _ _ _ _ _ _ 
artifacts/research/process/20261004-ced-development/t7b-native-calibration-source/task2-red.log:296: trailing whitespace.
+tests/test_native_calibration_source.py:153: 
artifacts/research/process/20261004-ced-development/t7b-native-calibration-source/task2-red.log:297: trailing whitespace.
+_ _ _ _ _ _ _ _ _ _ _ _ _ _ _ _ _ _ _ _ _ _ _ _ _ _ _ _ _ _ _ _ _ _ _ _ _ _ _ _ 
artifacts/research/process/20261004-ced-development/t7b-native-calibration-source/task2-red.log:320: trailing whitespace.
+tests/test_native_calibration_source.py:170: 
artifacts/research/process/20261004-ced-development/t7b-native-calibration-source/task2-red.log:321: trailing whitespace.
+_ _ _ _ _ _ _ _ _ _ _ _ _ _ _ _ _ _ _ _ _ _ _ _ _ _ _ _ _ _ _ _ _ _ _ _ _ _ _ _ 
artifacts/research/process/20261004-ced-development/t7b-native-calibration-source/task2-red.log:344: trailing whitespace.
+tests/test_native_calibration_source.py:170: 
artifacts/research/process/20261004-ced-development/t7b-native-calibration-source/task2-red.log:345: trailing whitespace.
+_ _ _ _ _ _ _ _ _ _ _ _ _ _ _ _ _ _ _ _ _ _ _ _ _ _ _ _ _ _ _ _ _ _ _ _ _ _ _ _ 
artifacts/research/process/20261004-ced-development/t7b-native-calibration-source/task2-red.log:368: trailing whitespace.
+tests/test_native_calibration_source.py:170: 
artifacts/research/process/20261004-ced-development/t7b-native-calibration-source/task2-red.log:369: trailing whitespace.
+_ _ _ _ _ _ _ _ _ _ _ _ _ _ _ _ _ _ _ _ _ _ _ _ _ _ _ _ _ _ _ _ _ _ _ _ _ _ _ _ 
artifacts/research/process/20261004-ced-development/t7b-native-calibration-source/task2-red.log:392: trailing whitespace.
+tests/test_native_calibration_source.py:170: 
artifacts/research/process/20261004-ced-development/t7b-native-calibration-source/task2-red.log:393: trailing whitespace.
+_ _ _ _ _ _ _ _ _ _ _ _ _ _ _ _ _ _ _ _ _ _ _ _ _ _ _ _ _ _ _ _ _ _ _ _ _ _ _ _ 
artifacts/research/process/20261004-ced-development/t7b-native-calibration-source/task2-red.log:415: trailing whitespace.
+tests/test_native_calibration_source.py:189: 
artifacts/research/process/20261004-ced-development/t7b-native-calibration-source/task2-red.log:416: trailing whitespace.
+_ _ _ _ _ _ _ _ _ _ _ _ _ _ _ _ _ _ _ _ _ _ _ _ _ _ _ _ _ _ _ _ _ _ _ _ _ _ _ _ 
artifacts/research/process/20261004-ced-development/t7b-native-calibration-source/task2-red.log:438: trailing whitespace.
+tests/test_native_calibration_source.py:189: 
artifacts/research/process/20261004-ced-development/t7b-native-calibration-source/task2-red.log:439: trailing whitespace.
+_ _ _ _ _ _ _ _ _ _ _ _ _ _ _ _ _ _ _ _ _ _ _ _ _ _ _ _ _ _ _ _ _ _ _ _ _ _ _ _ 
artifacts/research/process/20261004-ced-development/t7b-native-calibration-source/task2-red.log:461: trailing whitespace.
+tests/test_native_calibration_source.py:189: 
artifacts/research/process/20261004-ced-development/t7b-native-calibration-source/task2-red.log:462: trailing whitespace.
+_ _ _ _ _ _ _ _ _ _ _ _ _ _ _ _ _ _ _ _ _ _ _ _ _ _ _ _ _ _ _ _ _ _ _ _ _ _ _ _ 
artifacts/research/process/20261004-ced-development/t7b-native-calibration-source/task2-red.log:484: trailing whitespace.
+tests/test_native_calibration_source.py:189: 
artifacts/research/process/20261004-ced-development/t7b-native-calibration-source/task2-red.log:485: trailing whitespace.
+_ _ _ _ _ _ _ _ _ _ _ _ _ _ _ _ _ _ _ _ _ _ _ _ _ _ _ _ _ _ _ _ _ _ _ _ _ _ _ _ 
artifacts/research/process/20261004-ced-development/t7b-native-calibration-source/task2-red.log:506: trailing whitespace.
+tests/test_native_calibration_source.py:197: 
artifacts/research/process/20261004-ced-development/t7b-native-calibration-source/task2-red.log:507: trailing whitespace.
+_ _ _ _ _ _ _ _ _ _ _ _ _ _ _ _ _ _ _ _ _ _ _ _ _ _ _ _ _ _ _ _ _ _ _ _ _ _ _ _ 
artifacts/research/process/20261004-ced-development/t7b-native-calibration-source/task2-red.log:528: trailing whitespace.
+tests/test_native_calibration_source.py:213: 
artifacts/research/process/20261004-ced-development/t7b-native-calibration-source/task2-red.log:529: trailing whitespace.
+_ _ _ _ _ _ _ _ _ _ _ _ _ _ _ _ _ _ _ _ _ _ _ _ _ _ _ _ _ _ _ _ _ _ _ _ _ _ _ _ 
artifacts/research/process/20261004-ced-development/t7b-native-calibration-source/task2-red.log:550: trailing whitespace.
+tests/test_native_calibration_source.py:227: 
artifacts/research/process/20261004-ced-development/t7b-native-calibration-source/task2-red.log:551: trailing whitespace.
+_ _ _ _ _ _ _ _ _ _ _ _ _ _ _ _ _ _ _ _ _ _ _ _ _ _ _ _ _ _ _ _ _ _ _ _ _ _ _ _ 
artifacts/research/process/20261004-ced-development/t7b-native-calibration-source/task2-red.log:572: trailing whitespace.
+tests/test_native_calibration_source.py:236: 
artifacts/research/process/20261004-ced-development/t7b-native-calibration-source/task2-red.log:573: trailing whitespace.
+_ _ _ _ _ _ _ _ _ _ _ _ _ _ _ _ _ _ _ _ _ _ _ _ _ _ _ _ _ _ _ _ _ _ _ _ _ _ _ _ 
artifacts/research/process/20261004-ced-development/t7b-native-calibration-source/task2-red.log:592: trailing whitespace.
+tests/test_native_calibration_source.py:245: 
artifacts/research/process/20261004-ced-development/t7b-native-calibration-source/task2-red.log:593: trailing whitespace.
+_ _ _ _ _ _ _ _ _ _ _ _ _ _ _ _ _ _ _ _ _ _ _ _ _ _ _ _ _ _ _ _ _ _ _ _ _ _ _ _ 
