{
  "qualified_counterexample": "R01-V4-RANGE-01",
  "frozen_expected_physics_steps": 4806,
  "frozen_expected_physics_steps_is_admission_gate": false,
  "healthy": {
    "final_step": 4806,
    "status": "COMPLETE",
    "physical_callbacks": 4807,
    "saved_selected_count": 201,
    "last_retained_callback": {
      "event": "PHYSICAL_CALLBACK",
      "episode_id": "independent-pure-cpu",
      "physics_step": 4806,
      "sim_time_s": 20.025,
      "selected": true
    },
    "missing_selected_steps": [],
    "scope": "SPARSE_PREDECLARED_STEPS_ONLY",
    "directory": "/tmp/bigsmall-v4-range-red-tt6ncalp/series"
  },
  "deviation": {
    "final_step": 4807,
    "status": "INCOMPLETE",
    "physical_callbacks": 4808,
    "saved_selected_count": 201,
    "last_retained_callback": {
      "event": "PHYSICAL_CALLBACK",
      "episode_id": "independent-pure-cpu",
      "physics_step": 4807,
      "sim_time_s": 20.029166666666665,
      "selected": false
    },
    "missing_selected_steps": [],
    "scope": "SPARSE_PREDECLARED_STEPS_ONLY",
    "directory": "/tmp/bigsmall-v4-range-red-7xj_w6b3/series"
  },
  "actual_model_renderer_physics_decoder_provider_calls": 0
}
