{
  "pins": {
    "run_once.py": {
      "sha256": "0f7c5d31f21bd35a5d7085e57376436b6bf33f043c47fe227542d6d94d654340",
      "bytes": 43011
    },
    "verify_offline.py": {
      "sha256": "35ae741fa995715749133485eab4ef6ec70e28a9854de440e8489bd68f65314e",
      "bytes": 50068
    },
    "test_cpu.py": {
      "sha256": "f1b47d4af307b286ab34782db6874233227e8103448d40d5d8b7069183badf7c",
      "bytes": 41612
    },
    "header.json": {
      "sha256": "5b9378778ae38188cfea824a004ef432375cd33fe85955f05e877605c3066de9",
      "bytes": 9833
    },
    "execution-source-hashes.json": {
      "sha256": "3ad707da2ecd4f4a597163b3bac47f986b99cb165e0d95dceec1d400a3740b3b",
      "bytes": 4026
    },
    "execution-archive-index.json": {
      "sha256": "4702de8c7d913b070900918aa24773dc6a278f2b2e8cf6c878390f362d6b7787",
      "bytes": 8671
    },
    "green-final.log": {
      "sha256": "de1527864535c88b8e6413534534542a3ab73f88ea8936884186b11e378f07ac",
      "bytes": 179
    },
    "ruff-final.log": {
      "sha256": "82b3e6a6c090a57601d22943bd23fca9218d1031dbe5a7b754092f9a156b4f18",
      "bytes": 19
    },
    "compile-final.log": {
      "sha256": "59d98cc8b2aa5ea0bdc5167a7cffa5b62ec16425809f926680f7e09e07c4c777",
      "bytes": 153
    },
    "prepare-final.log": {
      "sha256": "21c0b7deda8d0c4b211001660ce7a0fa334c10172cb0914addea40757a619923",
      "bytes": 148
    },
    "green-original-probe-final.log": {
      "sha256": "cd3690b48ac1c1fd3c8c3e40ffdddc3515929e62fc3b2578e9f66b622ab33f2d",
      "bytes": 4101
    },
    "preflight.json": {
      "sha256": "6d3dfe3e5ce1b67e7db178d0642bf6779a29d72e26ab0d18a31f9ec91a9e17ac",
      "bytes": 2033
    },
    "preservation.json": {
      "sha256": "7ae252943881dc585519e40e03f7dca99ee87f24015200b0128ff95dcc33e8d5",
      "bytes": 1130
    },
    "red-original-probe.log": {
      "sha256": "370851894bb6b6293e8f8bf2d9f5afc662130d5feef57da15bdcbc1f972ef4e3",
      "bytes": 3673
    },
    "red-owned.log": {
      "sha256": "2e7c914867c6e7be81a11cbb62640d21f5577058e8b7fd326dd9d9935cd74669",
      "bytes": 62744
    }
  },
  "report.md": {
    "sha256": "a753aeb9c282a15213d9a5d026f88359af549df06dd6fce2604ea181f326e96f",
    "bytes": 3840
  },
  "report.json": {
    "sha256": "d319cc2a88b1bdad6a6432ad92563827ae65d5cff71e336bb13029719dde6edc",
    "bytes": 6487
  },
  "source_quiet": true,
  "actual_calls": 0
}
