{
  "base": "/tmp/v3_reader_probe_d2jouu43",
  "results": [
    {
      "case": "baseline",
      "status": "VERIFIED",
      "failures": [],
      "allocated": 3,
      "verified": 3,
      "actions": 1,
      "input_unchanged": true,
      "run_status": "COMPLETED_SINGLE_ATTEMPT"
    },
    {
      "case": "declared_120_9",
      "status": "INCOMPLETE_OR_INVALID",
      "failures": [
        "original recipe nine action coverage incomplete"
      ],
      "allocated": 3,
      "verified": 3,
      "actions": 1,
      "input_unchanged": true,
      "run_status": "COMPLETED_SINGLE_ATTEMPT"
    },
    {
      "case": "physics_begin_step",
      "status": "INCOMPLETE_OR_INVALID",
      "failures": [
        "entire original operation source differs from terminal ledger",
        "step 1: complete PHYSICS BEGIN source identity mismatch",
        "step 2: complete PHYSICS BEGIN source identity mismatch"
      ],
      "allocated": 3,
      "verified": 3,
      "actions": 1,
      "input_unchanged": true,
      "run_status": "COMPLETED_SINGLE_ATTEMPT"
    },
    {
      "case": "control_begin_kind",
      "status": "INCOMPLETE_OR_INVALID",
      "failures": [
        "entire original operation source differs from terminal ledger",
        "operation 1: complete BEGIN/END identity or bracket mismatch",
        "operation 3: complete BEGIN/END identity or bracket mismatch",
        "step 1: complete CONTROL BEGIN source identity mismatch",
        "step 2: complete CONTROL BEGIN source identity mismatch"
      ],
      "allocated": 3,
      "verified": 3,
      "actions": 1,
      "input_unchanged": true,
      "run_status": "COMPLETED_SINGLE_ATTEMPT"
    },
    {
      "case": "control_end_episode",
      "status": "INCOMPLETE_OR_INVALID",
      "failures": [
        "operation 1: invalid original kind/episode/step or retained failure",
        "operation 3: invalid original kind/episode/step or retained failure",
        "entire original operation source differs from terminal ledger",
        "operation 1: complete BEGIN/END identity or bracket mismatch",
        "operation 3: complete BEGIN/END identity or bracket mismatch",
        "step 1: complete CONTROL END source identity mismatch",
        "step 2: complete CONTROL END source identity mismatch"
      ],
      "allocated": 3,
      "verified": 3,
      "actions": 1,
      "input_unchanged": true,
      "run_status": "COMPLETED_SINGLE_ATTEMPT"
    },
    {
      "case": "actuator_episode",
      "status": "INCOMPLETE_OR_INVALID",
      "failures": [
        "step 1: complete upcoming actuator source identity mismatch",
        "step 2: complete upcoming actuator source identity mismatch"
      ],
      "allocated": 3,
      "verified": 3,
      "actions": 1,
      "input_unchanged": true,
      "run_status": "COMPLETED_SINGLE_ATTEMPT"
    },
    {
      "case": "retained_acquisition_failed",
      "status": "INCOMPLETE_OR_INVALID",
      "failures": [
        "step 3: out-of-horizon acquisition retained",
        "step 3: unmatched original acquisition lifecycle retained",
        "step 3: original ACQUISITION_FAILED retained",
        "step 3: acquisition lifecycle episode mismatch",
        "entire original acquisition set differs from declared physical horizon",
        "journal-derived acquisition counters differ from summary"
      ],
      "allocated": 4,
      "verified": 3,
      "actions": 1,
      "input_unchanged": true,
      "run_status": "COMPLETED_SINGLE_ATTEMPT"
    },
    {
      "case": "extra_acquisition_begin",
      "status": "INCOMPLETE_OR_INVALID",
      "failures": [
        "step 3: out-of-horizon acquisition retained",
        "step 3: unmatched original acquisition lifecycle retained",
        "step 3: acquisition lifecycle episode mismatch",
        "entire original acquisition set differs from declared physical horizon",
        "journal-derived acquisition counters differ from summary"
      ],
      "allocated": 4,
      "verified": 3,
      "actions": 1,
      "input_unchanged": true,
      "run_status": "COMPLETED_SINGLE_ATTEMPT"
    }
  ]
}
