E501 Line too long (108 > 100)
  --> tests/test_native_clock_prefix_cli_v2.py:20:101
   |
20 | def test_default_only_validates_original_inputs_without_creating_output(cli, tmp_path, monkeypatch, capsys):
   |                                                                                                     ^^^^^^^^
21 |     output = tmp_path / "never-created"
22 |     config = tmp_path / "policy.json"
   |

E501 Line too long (105 > 100)
  --> tests/test_native_clock_prefix_cli_v2.py:43:101
   |
43 | def test_explicit_execute_uses_factory_and_returns_unchanged_receipt(cli, tmp_path, monkeypatch, capsys):
   |                                                                                                     ^^^^^
44 |     config, output = tmp_path / "policy.json", tmp_path / "fresh"
45 |     receipt = {"prefix_complete": True, "native_utc": "UNAVAILABLE", "originals": ["raw"]}
   |

E501 Line too long (118 > 100)
  --> tests/test_native_clock_prefix_cli_v2.py:68:101
   |
67 | @pytest.mark.parametrize("complete", [False, None, "true", 1])
68 | def test_incomplete_or_non_boolean_receipt_keeps_originals_and_exit_one(cli, tmp_path, monkeypatch, capsys, complete):
   |                                                                                                     ^^^^^^^^^^^^^^^^^^
69 |     receipt = {"prefix_complete": complete, "originals": ["failed A", "reset", "failed B"]}
   |

E501 Line too long (106 > 100)
  --> tests/test_native_clock_prefix_cli_v2.py:75:101
   |
73 |             return receipt
74 |
75 |     monkeypatch.setattr(cli.NativeClockPrefixApplicationV2, "from_startup", lambda *a, **k: Application())
   |                                                                                                     ^^^^^^
76 |     assert cli.main(["--output", str(tmp_path / "fresh"), "--execute-once"]) == 1
77 |     assert json.loads(capsys.readouterr().out)["receipt"] == receipt
   |

E501 Line too long (102 > 100)
  --> tests/test_native_clock_prefix_cli_v2.py:80:101
   |
80 | def test_validation_failure_never_calls_factory_or_creates_output(cli, tmp_path, monkeypatch, capsys):
   |                                                                                                     ^^
81 |     output = tmp_path / "never-created"
   |

E501 Line too long (104 > 100)
  --> tests/test_native_clock_prefix_cli_v2.py:97:101
   |
97 | def test_factory_failure_does_not_retry_or_remove_partial_originals(cli, tmp_path, monkeypatch, capsys):
   |                                                                                                     ^^^^
98 |     output = tmp_path / "partial"
99 |     output.mkdir()
   |

Found 6 errors.
