	Command being timed: "env PYTHONDONTWRITEBYTECODE=1 PYTHONPATH=src:. .venv/bin/python artifacts/research/process/20261004-ced-development/astra-repair-execution/R01/marker-v4-preparation/fix-round-1/offline/verify_sparse.py --decode-once"
	User time (seconds): 41.53
	System time (seconds): 3.86
	Percent of CPU this job got: 108%
	Elapsed (wall clock) time (h:mm:ss or m:ss): 0:41.75
	Average shared text size (kbytes): 0
	Average unshared data size (kbytes): 0
	Average stack size (kbytes): 0
	Average total size (kbytes): 0
	Maximum resident set size (kbytes): 2389828
	Average resident set size (kbytes): 0
	Major (requiring I/O) page faults: 0
	Minor (reclaiming a frame) page faults: 1569318
	Voluntary context switches: 1284
	Involuntary context switches: 33403
	Swaps: 0
	File system inputs: 0
	File system outputs: 984
	Socket messages sent: 0
	Socket messages received: 0
	Signals delivered: 0
	Page size (bytes): 4096
	Exit status: 0
