FFFFFFFFFFFFFFFFF                                                        [100%]
=================================== FAILURES ===================================
______________ test_fixed_sparse_horizon_accepts_healthy_fixture _______________

    def test_fixed_sparse_horizon_accepts_healthy_fixture():
        rows, summary, selected = index_fixture()
>       assert sorted(V.validate_index(rows, summary, selected, 2, 'e')) == selected
                      ^^^^^^^^^^^^^^^^^^^^^^^^^^^^^^^^^^^^^^^^^^^^^^^^^

artifacts/research/process/20261004-ced-development/astra-repair-execution/R01/marker-v4-preparation/fix-round-1/offline/test_cpu.py:34: 
_ _ _ _ _ _ _ _ _ _ _ _ _ _ _ _ _ _ _ _ _ _ _ _ _ _ _ _ _ _ _ _ _ _ _ _ _ _ _ _ 

rows = [{'episode_id': 'e', 'event': 'PHYSICAL_CALLBACK', 'physics_step': 0, 'selected': True, ...}, {'capture_monotonic_begi...ted': True, ...}, {'capture_monotonic_begin_ns': 30, 'episode_id': 'e', 'event': 'BEGIN', 'physics_step': 2, ...}, ...]
summary = {'allocated_steps': [0, 2], 'episode_id': 'e', 'expected_physics_steps': 2, 'failed_steps': [], ...}
selected = [0, 2], final = 2, episode = 'e'

    def validate_index(rows, summary, selected, final, episode):
>       raise NotImplementedError('sparse horizon reconciliation missing')
E       NotImplementedError: sparse horizon reconciliation missing

artifacts/research/process/20261004-ced-development/astra-repair-execution/R01/marker-v4-preparation/fix-round-1/offline/verify_sparse.py:4: NotImplementedError
__ test_full_callback_and_selected_denominator_rejects_drift[extra_callback] ___

variant = 'extra_callback'

    @pytest.mark.parametrize('variant', ['extra_callback', 'duplicate_end', 'failed', 'hanging', 'wrong_selected', 'wrong_episode'])
    def test_full_callback_and_selected_denominator_rejects_drift(variant):
        rows, summary, selected = index_fixture()
        if variant == 'extra_callback': rows.insert(-1, dict(event='PHYSICAL_CALLBACK', selected=False, episode_id='e', physics_step=3, sim_time_s=.3))
        elif variant == 'duplicate_end': rows.insert(-1, copy.deepcopy(rows[2]))
        elif variant == 'failed': rows.insert(-1, dict(event='FAILED', episode_id='e', physics_step=3, sim_time_s=.3))
        elif variant == 'hanging': rows.pop(-2)
        elif variant == 'wrong_selected': rows[0]['selected'] = False
        elif variant == 'wrong_episode': rows[0]['episode_id'] = 'other'
>       with pytest.raises(ValueError): V.validate_index(rows, summary, selected, 2, 'e')
                                        ^^^^^^^^^^^^^^^^^^^^^^^^^^^^^^^^^^^^^^^^^^^^^^^^^

artifacts/research/process/20261004-ced-development/astra-repair-execution/R01/marker-v4-preparation/fix-round-1/offline/test_cpu.py:46: 
_ _ _ _ _ _ _ _ _ _ _ _ _ _ _ _ _ _ _ _ _ _ _ _ _ _ _ _ _ _ _ _ _ _ _ _ _ _ _ _ 

rows = [{'episode_id': 'e', 'event': 'PHYSICAL_CALLBACK', 'physics_step': 0, 'selected': True, ...}, {'capture_monotonic_begi...ted': True, ...}, {'capture_monotonic_begin_ns': 30, 'episode_id': 'e', 'event': 'BEGIN', 'physics_step': 2, ...}, ...]
summary = {'allocated_steps': [0, 2], 'episode_id': 'e', 'expected_physics_steps': 2, 'failed_steps': [], ...}
selected = [0, 2], final = 2, episode = 'e'

    def validate_index(rows, summary, selected, final, episode):
>       raise NotImplementedError('sparse horizon reconciliation missing')
E       NotImplementedError: sparse horizon reconciliation missing

artifacts/research/process/20261004-ced-development/astra-repair-execution/R01/marker-v4-preparation/fix-round-1/offline/verify_sparse.py:4: NotImplementedError
___ test_full_callback_and_selected_denominator_rejects_drift[duplicate_end] ___

variant = 'duplicate_end'

    @pytest.mark.parametrize('variant', ['extra_callback', 'duplicate_end', 'failed', 'hanging', 'wrong_selected', 'wrong_episode'])
    def test_full_callback_and_selected_denominator_rejects_drift(variant):
        rows, summary, selected = index_fixture()
        if variant == 'extra_callback': rows.insert(-1, dict(event='PHYSICAL_CALLBACK', selected=False, episode_id='e', physics_step=3, sim_time_s=.3))
        elif variant == 'duplicate_end': rows.insert(-1, copy.deepcopy(rows[2]))
        elif variant == 'failed': rows.insert(-1, dict(event='FAILED', episode_id='e', physics_step=3, sim_time_s=.3))
        elif variant == 'hanging': rows.pop(-2)
        elif variant == 'wrong_selected': rows[0]['selected'] = False
        elif variant == 'wrong_episode': rows[0]['episode_id'] = 'other'
>       with pytest.raises(ValueError): V.validate_index(rows, summary, selected, 2, 'e')
                                        ^^^^^^^^^^^^^^^^^^^^^^^^^^^^^^^^^^^^^^^^^^^^^^^^^

artifacts/research/process/20261004-ced-development/astra-repair-execution/R01/marker-v4-preparation/fix-round-1/offline/test_cpu.py:46: 
_ _ _ _ _ _ _ _ _ _ _ _ _ _ _ _ _ _ _ _ _ _ _ _ _ _ _ _ _ _ _ _ _ _ _ _ _ _ _ _ 

rows = [{'episode_id': 'e', 'event': 'PHYSICAL_CALLBACK', 'physics_step': 0, 'selected': True, ...}, {'capture_monotonic_begi...ted': True, ...}, {'capture_monotonic_begin_ns': 30, 'episode_id': 'e', 'event': 'BEGIN', 'physics_step': 2, ...}, ...]
summary = {'allocated_steps': [0, 2], 'episode_id': 'e', 'expected_physics_steps': 2, 'failed_steps': [], ...}
selected = [0, 2], final = 2, episode = 'e'

    def validate_index(rows, summary, selected, final, episode):
>       raise NotImplementedError('sparse horizon reconciliation missing')
E       NotImplementedError: sparse horizon reconciliation missing

artifacts/research/process/20261004-ced-development/astra-repair-execution/R01/marker-v4-preparation/fix-round-1/offline/verify_sparse.py:4: NotImplementedError
______ test_full_callback_and_selected_denominator_rejects_drift[failed] _______

variant = 'failed'

    @pytest.mark.parametrize('variant', ['extra_callback', 'duplicate_end', 'failed', 'hanging', 'wrong_selected', 'wrong_episode'])
    def test_full_callback_and_selected_denominator_rejects_drift(variant):
        rows, summary, selected = index_fixture()
        if variant == 'extra_callback': rows.insert(-1, dict(event='PHYSICAL_CALLBACK', selected=False, episode_id='e', physics_step=3, sim_time_s=.3))
        elif variant == 'duplicate_end': rows.insert(-1, copy.deepcopy(rows[2]))
        elif variant == 'failed': rows.insert(-1, dict(event='FAILED', episode_id='e', physics_step=3, sim_time_s=.3))
        elif variant == 'hanging': rows.pop(-2)
        elif variant == 'wrong_selected': rows[0]['selected'] = False
        elif variant == 'wrong_episode': rows[0]['episode_id'] = 'other'
>       with pytest.raises(ValueError): V.validate_index(rows, summary, selected, 2, 'e')
                                        ^^^^^^^^^^^^^^^^^^^^^^^^^^^^^^^^^^^^^^^^^^^^^^^^^

artifacts/research/process/20261004-ced-development/astra-repair-execution/R01/marker-v4-preparation/fix-round-1/offline/test_cpu.py:46: 
_ _ _ _ _ _ _ _ _ _ _ _ _ _ _ _ _ _ _ _ _ _ _ _ _ _ _ _ _ _ _ _ _ _ _ _ _ _ _ _ 

rows = [{'episode_id': 'e', 'event': 'PHYSICAL_CALLBACK', 'physics_step': 0, 'selected': True, ...}, {'capture_monotonic_begi...ted': True, ...}, {'capture_monotonic_begin_ns': 30, 'episode_id': 'e', 'event': 'BEGIN', 'physics_step': 2, ...}, ...]
summary = {'allocated_steps': [0, 2], 'episode_id': 'e', 'expected_physics_steps': 2, 'failed_steps': [], ...}
selected = [0, 2], final = 2, episode = 'e'

    def validate_index(rows, summary, selected, final, episode):
>       raise NotImplementedError('sparse horizon reconciliation missing')
E       NotImplementedError: sparse horizon reconciliation missing

artifacts/research/process/20261004-ced-development/astra-repair-execution/R01/marker-v4-preparation/fix-round-1/offline/verify_sparse.py:4: NotImplementedError
______ test_full_callback_and_selected_denominator_rejects_drift[hanging] ______

variant = 'hanging'

    @pytest.mark.parametrize('variant', ['extra_callback', 'duplicate_end', 'failed', 'hanging', 'wrong_selected', 'wrong_episode'])
    def test_full_callback_and_selected_denominator_rejects_drift(variant):
        rows, summary, selected = index_fixture()
        if variant == 'extra_callback': rows.insert(-1, dict(event='PHYSICAL_CALLBACK', selected=False, episode_id='e', physics_step=3, sim_time_s=.3))
        elif variant == 'duplicate_end': rows.insert(-1, copy.deepcopy(rows[2]))
        elif variant == 'failed': rows.insert(-1, dict(event='FAILED', episode_id='e', physics_step=3, sim_time_s=.3))
        elif variant == 'hanging': rows.pop(-2)
        elif variant == 'wrong_selected': rows[0]['selected'] = False
        elif variant == 'wrong_episode': rows[0]['episode_id'] = 'other'
>       with pytest.raises(ValueError): V.validate_index(rows, summary, selected, 2, 'e')
                                        ^^^^^^^^^^^^^^^^^^^^^^^^^^^^^^^^^^^^^^^^^^^^^^^^^

artifacts/research/process/20261004-ced-development/astra-repair-execution/R01/marker-v4-preparation/fix-round-1/offline/test_cpu.py:46: 
_ _ _ _ _ _ _ _ _ _ _ _ _ _ _ _ _ _ _ _ _ _ _ _ _ _ _ _ _ _ _ _ _ _ _ _ _ _ _ _ 

rows = [{'episode_id': 'e', 'event': 'PHYSICAL_CALLBACK', 'physics_step': 0, 'selected': True, ...}, {'capture_monotonic_begi...ted': True, ...}, {'capture_monotonic_begin_ns': 30, 'episode_id': 'e', 'event': 'BEGIN', 'physics_step': 2, ...}, ...]
summary = {'allocated_steps': [0, 2], 'episode_id': 'e', 'expected_physics_steps': 2, 'failed_steps': [], ...}
selected = [0, 2], final = 2, episode = 'e'

    def validate_index(rows, summary, selected, final, episode):
>       raise NotImplementedError('sparse horizon reconciliation missing')
E       NotImplementedError: sparse horizon reconciliation missing

artifacts/research/process/20261004-ced-development/astra-repair-execution/R01/marker-v4-preparation/fix-round-1/offline/verify_sparse.py:4: NotImplementedError
__ test_full_callback_and_selected_denominator_rejects_drift[wrong_selected] ___

variant = 'wrong_selected'

    @pytest.mark.parametrize('variant', ['extra_callback', 'duplicate_end', 'failed', 'hanging', 'wrong_selected', 'wrong_episode'])
    def test_full_callback_and_selected_denominator_rejects_drift(variant):
        rows, summary, selected = index_fixture()
        if variant == 'extra_callback': rows.insert(-1, dict(event='PHYSICAL_CALLBACK', selected=False, episode_id='e', physics_step=3, sim_time_s=.3))
        elif variant == 'duplicate_end': rows.insert(-1, copy.deepcopy(rows[2]))
        elif variant == 'failed': rows.insert(-1, dict(event='FAILED', episode_id='e', physics_step=3, sim_time_s=.3))
        elif variant == 'hanging': rows.pop(-2)
        elif variant == 'wrong_selected': rows[0]['selected'] = False
        elif variant == 'wrong_episode': rows[0]['episode_id'] = 'other'
>       with pytest.raises(ValueError): V.validate_index(rows, summary, selected, 2, 'e')
                                        ^^^^^^^^^^^^^^^^^^^^^^^^^^^^^^^^^^^^^^^^^^^^^^^^^

artifacts/research/process/20261004-ced-development/astra-repair-execution/R01/marker-v4-preparation/fix-round-1/offline/test_cpu.py:46: 
_ _ _ _ _ _ _ _ _ _ _ _ _ _ _ _ _ _ _ _ _ _ _ _ _ _ _ _ _ _ _ _ _ _ _ _ _ _ _ _ 

rows = [{'episode_id': 'e', 'event': 'PHYSICAL_CALLBACK', 'physics_step': 0, 'selected': False, ...}, {'capture_monotonic_beg...ted': True, ...}, {'capture_monotonic_begin_ns': 30, 'episode_id': 'e', 'event': 'BEGIN', 'physics_step': 2, ...}, ...]
summary = {'allocated_steps': [0, 2], 'episode_id': 'e', 'expected_physics_steps': 2, 'failed_steps': [], ...}
selected = [0, 2], final = 2, episode = 'e'

    def validate_index(rows, summary, selected, final, episode):
>       raise NotImplementedError('sparse horizon reconciliation missing')
E       NotImplementedError: sparse horizon reconciliation missing

artifacts/research/process/20261004-ced-development/astra-repair-execution/R01/marker-v4-preparation/fix-round-1/offline/verify_sparse.py:4: NotImplementedError
___ test_full_callback_and_selected_denominator_rejects_drift[wrong_episode] ___

variant = 'wrong_episode'

    @pytest.mark.parametrize('variant', ['extra_callback', 'duplicate_end', 'failed', 'hanging', 'wrong_selected', 'wrong_episode'])
    def test_full_callback_and_selected_denominator_rejects_drift(variant):
        rows, summary, selected = index_fixture()
        if variant == 'extra_callback': rows.insert(-1, dict(event='PHYSICAL_CALLBACK', selected=False, episode_id='e', physics_step=3, sim_time_s=.3))
        elif variant == 'duplicate_end': rows.insert(-1, copy.deepcopy(rows[2]))
        elif variant == 'failed': rows.insert(-1, dict(event='FAILED', episode_id='e', physics_step=3, sim_time_s=.3))
        elif variant == 'hanging': rows.pop(-2)
        elif variant == 'wrong_selected': rows[0]['selected'] = False
        elif variant == 'wrong_episode': rows[0]['episode_id'] = 'other'
>       with pytest.raises(ValueError): V.validate_index(rows, summary, selected, 2, 'e')
                                        ^^^^^^^^^^^^^^^^^^^^^^^^^^^^^^^^^^^^^^^^^^^^^^^^^

artifacts/research/process/20261004-ced-development/astra-repair-execution/R01/marker-v4-preparation/fix-round-1/offline/test_cpu.py:46: 
_ _ _ _ _ _ _ _ _ _ _ _ _ _ _ _ _ _ _ _ _ _ _ _ _ _ _ _ _ _ _ _ _ _ _ _ _ _ _ _ 

rows = [{'episode_id': 'other', 'event': 'PHYSICAL_CALLBACK', 'physics_step': 0, 'selected': True, ...}, {'capture_monotonic_...ted': True, ...}, {'capture_monotonic_begin_ns': 30, 'episode_id': 'e', 'event': 'BEGIN', 'physics_step': 2, ...}, ...]
summary = {'allocated_steps': [0, 2], 'episode_id': 'e', 'expected_physics_steps': 2, 'failed_steps': [], ...}
selected = [0, 2], final = 2, episode = 'e'

    def validate_index(rows, summary, selected, final, episode):
>       raise NotImplementedError('sparse horizon reconciliation missing')
E       NotImplementedError: sparse horizon reconciliation missing

artifacts/research/process/20261004-ced-development/astra-repair-execution/R01/marker-v4-preparation/fix-round-1/offline/verify_sparse.py:4: NotImplementedError
_________ test_operation_preserves_begin_identity_and_physics_advance __________

    def test_operation_preserves_begin_identity_and_physics_advance():
>       V.validate_operation_pair(*operation_fixture(), 'e')

artifacts/research/process/20261004-ced-development/astra-repair-execution/R01/marker-v4-preparation/fix-round-1/offline/test_cpu.py:58: 
_ _ _ _ _ _ _ _ _ _ _ _ _ _ _ _ _ _ _ _ _ _ _ _ _ _ _ _ _ _ _ _ _ _ _ _ _ _ _ _ 

begin = {'record_seq': 1, 'source': {'episode_id': 'e', 'error': None, 'error_type': None, 'kind': 'PHYSICS', ...}}
end = {'record_seq': 2, 'source': {'episode_id': 'e', 'error': None, 'error_type': None, 'kind': 'PHYSICS', ...}}
episode = 'e'

    def validate_operation_pair(begin, end, episode):
>       raise NotImplementedError('operation identity reconciliation missing')
E       NotImplementedError: operation identity reconciliation missing

artifacts/research/process/20261004-ced-development/astra-repair-execution/R01/marker-v4-preparation/fix-round-1/offline/verify_sparse.py:7: NotImplementedError
_____________ test_operation_rejects_unrelated_begin[kind-COMMAND] _____________

key = 'kind', value = 'COMMAND'

    @pytest.mark.parametrize('key,value', [('kind','COMMAND'), ('episode_id','wrong'), ('physics_step',999)])
    def test_operation_rejects_unrelated_begin(key, value):
        begin, end = operation_fixture(); begin['source'][key]=value
>       with pytest.raises(ValueError): V.validate_operation_pair(begin, end, 'e')
                                        ^^^^^^^^^^^^^^^^^^^^^^^^^^^^^^^^^^^^^^^^^^

artifacts/research/process/20261004-ced-development/astra-repair-execution/R01/marker-v4-preparation/fix-round-1/offline/test_cpu.py:64: 
_ _ _ _ _ _ _ _ _ _ _ _ _ _ _ _ _ _ _ _ _ _ _ _ _ _ _ _ _ _ _ _ _ _ _ _ _ _ _ _ 

begin = {'record_seq': 1, 'source': {'episode_id': 'e', 'error': None, 'error_type': None, 'kind': 'COMMAND', ...}}
end = {'record_seq': 2, 'source': {'episode_id': 'e', 'error': None, 'error_type': None, 'kind': 'PHYSICS', ...}}
episode = 'e'

    def validate_operation_pair(begin, end, episode):
>       raise NotImplementedError('operation identity reconciliation missing')
E       NotImplementedError: operation identity reconciliation missing

artifacts/research/process/20261004-ced-development/astra-repair-execution/R01/marker-v4-preparation/fix-round-1/offline/verify_sparse.py:7: NotImplementedError
___________ test_operation_rejects_unrelated_begin[episode_id-wrong] ___________

key = 'episode_id', value = 'wrong'

    @pytest.mark.parametrize('key,value', [('kind','COMMAND'), ('episode_id','wrong'), ('physics_step',999)])
    def test_operation_rejects_unrelated_begin(key, value):
        begin, end = operation_fixture(); begin['source'][key]=value
>       with pytest.raises(ValueError): V.validate_operation_pair(begin, end, 'e')
                                        ^^^^^^^^^^^^^^^^^^^^^^^^^^^^^^^^^^^^^^^^^^

artifacts/research/process/20261004-ced-development/astra-repair-execution/R01/marker-v4-preparation/fix-round-1/offline/test_cpu.py:64: 
_ _ _ _ _ _ _ _ _ _ _ _ _ _ _ _ _ _ _ _ _ _ _ _ _ _ _ _ _ _ _ _ _ _ _ _ _ _ _ _ 

begin = {'record_seq': 1, 'source': {'episode_id': 'wrong', 'error': None, 'error_type': None, 'kind': 'PHYSICS', ...}}
end = {'record_seq': 2, 'source': {'episode_id': 'e', 'error': None, 'error_type': None, 'kind': 'PHYSICS', ...}}
episode = 'e'

    def validate_operation_pair(begin, end, episode):
>       raise NotImplementedError('operation identity reconciliation missing')
E       NotImplementedError: operation identity reconciliation missing

artifacts/research/process/20261004-ced-development/astra-repair-execution/R01/marker-v4-preparation/fix-round-1/offline/verify_sparse.py:7: NotImplementedError
___________ test_operation_rejects_unrelated_begin[physics_step-999] ___________

key = 'physics_step', value = 999

    @pytest.mark.parametrize('key,value', [('kind','COMMAND'), ('episode_id','wrong'), ('physics_step',999)])
    def test_operation_rejects_unrelated_begin(key, value):
        begin, end = operation_fixture(); begin['source'][key]=value
>       with pytest.raises(ValueError): V.validate_operation_pair(begin, end, 'e')
                                        ^^^^^^^^^^^^^^^^^^^^^^^^^^^^^^^^^^^^^^^^^^

artifacts/research/process/20261004-ced-development/astra-repair-execution/R01/marker-v4-preparation/fix-round-1/offline/test_cpu.py:64: 
_ _ _ _ _ _ _ _ _ _ _ _ _ _ _ _ _ _ _ _ _ _ _ _ _ _ _ _ _ _ _ _ _ _ _ _ _ _ _ _ 

begin = {'record_seq': 1, 'source': {'episode_id': 'e', 'error': None, 'error_type': None, 'kind': 'PHYSICS', ...}}
end = {'record_seq': 2, 'source': {'episode_id': 'e', 'error': None, 'error_type': None, 'kind': 'PHYSICS', ...}}
episode = 'e'

    def validate_operation_pair(begin, end, episode):
>       raise NotImplementedError('operation identity reconciliation missing')
E       NotImplementedError: operation identity reconciliation missing

artifacts/research/process/20261004-ced-development/astra-repair-execution/R01/marker-v4-preparation/fix-round-1/offline/verify_sparse.py:7: NotImplementedError
________________ test_full_capture_qpos_binds_guard_byte_domain ________________

    def test_full_capture_qpos_binds_guard_byte_domain():
>       V.validate_full_state(*full_fixture())

artifacts/research/process/20261004-ced-development/astra-repair-execution/R01/marker-v4-preparation/fix-round-1/offline/test_cpu.py:77: 
_ _ _ _ _ _ _ _ _ _ _ _ _ _ _ _ _ _ _ _ _ _ _ _ _ _ _ _ _ _ _ _ _ _ _ _ _ _ _ _ 

full = {'camera_state': {'act': [], 'ctrl': [0.0, 0.0, 0.0, 0.0, 0.0, 0.0, ...], 'qpos': [0.0, 0.0, 0.0, 0.0, 0.0, 0.0, ...], 'qvel': [0.0, 0.0, 0.0, 0.0, 0.0, 0.0, ...], ...}, 'episode_id': 'e', 'physics_step': 1, 'sim_time_s': 0.1}
before = {'episode_id': 'e', 'physical_step': 1, 'physics_state_sha256': 'e73aebaec1c342ae564fddc1a01e2c3636e16675eae44003bf327b02632293f4', 'sim_time_s': 0.1}
array_fields = [{'byte_sha256': '250f52cb2d6f1966a29f6ac771fa1cd185b8f8531396c8a4026c0fe635617e0c', 'dtype': '<f8', 'name': 'qpos', '...'834a709ba2534ebe3ee1397fd4f7bd288b2acc1d20a08d6c862dcd99b6f04400', 'dtype': '<f8', 'name': 'ctrl', 'shape': [9], ...}]
identity = {'episode_id': 'e', 'physics_step': 1, 'sim_time_s': 0.1}

    def validate_full_state(full, before, array_fields, identity):
>       raise NotImplementedError('full-state source reconciliation missing')
E       NotImplementedError: full-state source reconciliation missing

artifacts/research/process/20261004-ced-development/astra-repair-execution/R01/marker-v4-preparation/fix-round-1/offline/verify_sparse.py:10: NotImplementedError
_____________ test_full_capture_state_rejects_forgery[qpos_bytes] ______________

variant = 'qpos_bytes'

    @pytest.mark.parametrize('variant', ['qpos_bytes', 'missing_qpos', 'wrong_step'])
    def test_full_capture_state_rejects_forgery(variant):
        full, before, fields, identity = full_fixture()
        if variant=='qpos_bytes': full['camera_state']['qpos'][0]=1.
        elif variant=='missing_qpos': full['camera_state']['qpos'].pop()
        else: full['physics_step']=2
>       with pytest.raises(ValueError): V.validate_full_state(full,before,fields,identity)
                                        ^^^^^^^^^^^^^^^^^^^^^^^^^^^^^^^^^^^^^^^^^^^^^^^^^^

artifacts/research/process/20261004-ced-development/astra-repair-execution/R01/marker-v4-preparation/fix-round-1/offline/test_cpu.py:86: 
_ _ _ _ _ _ _ _ _ _ _ _ _ _ _ _ _ _ _ _ _ _ _ _ _ _ _ _ _ _ _ _ _ _ _ _ _ _ _ _ 

full = {'camera_state': {'act': [], 'ctrl': [0.0, 0.0, 0.0, 0.0, 0.0, 0.0, ...], 'qpos': [1.0, 0.0, 0.0, 0.0, 0.0, 0.0, ...], 'qvel': [0.0, 0.0, 0.0, 0.0, 0.0, 0.0, ...], ...}, 'episode_id': 'e', 'physics_step': 1, 'sim_time_s': 0.1}
before = {'episode_id': 'e', 'physical_step': 1, 'physics_state_sha256': 'e73aebaec1c342ae564fddc1a01e2c3636e16675eae44003bf327b02632293f4', 'sim_time_s': 0.1}
array_fields = [{'byte_sha256': '250f52cb2d6f1966a29f6ac771fa1cd185b8f8531396c8a4026c0fe635617e0c', 'dtype': '<f8', 'name': 'qpos', '...'834a709ba2534ebe3ee1397fd4f7bd288b2acc1d20a08d6c862dcd99b6f04400', 'dtype': '<f8', 'name': 'ctrl', 'shape': [9], ...}]
identity = {'episode_id': 'e', 'physics_step': 1, 'sim_time_s': 0.1}

    def validate_full_state(full, before, array_fields, identity):
>       raise NotImplementedError('full-state source reconciliation missing')
E       NotImplementedError: full-state source reconciliation missing

artifacts/research/process/20261004-ced-development/astra-repair-execution/R01/marker-v4-preparation/fix-round-1/offline/verify_sparse.py:10: NotImplementedError
____________ test_full_capture_state_rejects_forgery[missing_qpos] _____________

variant = 'missing_qpos'

    @pytest.mark.parametrize('variant', ['qpos_bytes', 'missing_qpos', 'wrong_step'])
    def test_full_capture_state_rejects_forgery(variant):
        full, before, fields, identity = full_fixture()
        if variant=='qpos_bytes': full['camera_state']['qpos'][0]=1.
        elif variant=='missing_qpos': full['camera_state']['qpos'].pop()
        else: full['physics_step']=2
>       with pytest.raises(ValueError): V.validate_full_state(full,before,fields,identity)
                                        ^^^^^^^^^^^^^^^^^^^^^^^^^^^^^^^^^^^^^^^^^^^^^^^^^^

artifacts/research/process/20261004-ced-development/astra-repair-execution/R01/marker-v4-preparation/fix-round-1/offline/test_cpu.py:86: 
_ _ _ _ _ _ _ _ _ _ _ _ _ _ _ _ _ _ _ _ _ _ _ _ _ _ _ _ _ _ _ _ _ _ _ _ _ _ _ _ 

full = {'camera_state': {'act': [], 'ctrl': [0.0, 0.0, 0.0, 0.0, 0.0, 0.0, ...], 'qpos': [0.0, 0.0, 0.0, 0.0, 0.0, 0.0, ...], 'qvel': [0.0, 0.0, 0.0, 0.0, 0.0, 0.0, ...], ...}, 'episode_id': 'e', 'physics_step': 1, 'sim_time_s': 0.1}
before = {'episode_id': 'e', 'physical_step': 1, 'physics_state_sha256': 'e73aebaec1c342ae564fddc1a01e2c3636e16675eae44003bf327b02632293f4', 'sim_time_s': 0.1}
array_fields = [{'byte_sha256': '250f52cb2d6f1966a29f6ac771fa1cd185b8f8531396c8a4026c0fe635617e0c', 'dtype': '<f8', 'name': 'qpos', '...'834a709ba2534ebe3ee1397fd4f7bd288b2acc1d20a08d6c862dcd99b6f04400', 'dtype': '<f8', 'name': 'ctrl', 'shape': [9], ...}]
identity = {'episode_id': 'e', 'physics_step': 1, 'sim_time_s': 0.1}

    def validate_full_state(full, before, array_fields, identity):
>       raise NotImplementedError('full-state source reconciliation missing')
E       NotImplementedError: full-state source reconciliation missing

artifacts/research/process/20261004-ced-development/astra-repair-execution/R01/marker-v4-preparation/fix-round-1/offline/verify_sparse.py:10: NotImplementedError
_____________ test_full_capture_state_rejects_forgery[wrong_step] ______________

variant = 'wrong_step'

    @pytest.mark.parametrize('variant', ['qpos_bytes', 'missing_qpos', 'wrong_step'])
    def test_full_capture_state_rejects_forgery(variant):
        full, before, fields, identity = full_fixture()
        if variant=='qpos_bytes': full['camera_state']['qpos'][0]=1.
        elif variant=='missing_qpos': full['camera_state']['qpos'].pop()
        else: full['physics_step']=2
>       with pytest.raises(ValueError): V.validate_full_state(full,before,fields,identity)
                                        ^^^^^^^^^^^^^^^^^^^^^^^^^^^^^^^^^^^^^^^^^^^^^^^^^^

artifacts/research/process/20261004-ced-development/astra-repair-execution/R01/marker-v4-preparation/fix-round-1/offline/test_cpu.py:86: 
_ _ _ _ _ _ _ _ _ _ _ _ _ _ _ _ _ _ _ _ _ _ _ _ _ _ _ _ _ _ _ _ _ _ _ _ _ _ _ _ 

full = {'camera_state': {'act': [], 'ctrl': [0.0, 0.0, 0.0, 0.0, 0.0, 0.0, ...], 'qpos': [0.0, 0.0, 0.0, 0.0, 0.0, 0.0, ...], 'qvel': [0.0, 0.0, 0.0, 0.0, 0.0, 0.0, ...], ...}, 'episode_id': 'e', 'physics_step': 2, 'sim_time_s': 0.1}
before = {'episode_id': 'e', 'physical_step': 1, 'physics_state_sha256': 'e73aebaec1c342ae564fddc1a01e2c3636e16675eae44003bf327b02632293f4', 'sim_time_s': 0.1}
array_fields = [{'byte_sha256': '250f52cb2d6f1966a29f6ac771fa1cd185b8f8531396c8a4026c0fe635617e0c', 'dtype': '<f8', 'name': 'qpos', '...'834a709ba2534ebe3ee1397fd4f7bd288b2acc1d20a08d6c862dcd99b6f04400', 'dtype': '<f8', 'name': 'ctrl', 'shape': [9], ...}]
identity = {'episode_id': 'e', 'physics_step': 1, 'sim_time_s': 0.1}

    def validate_full_state(full, before, array_fields, identity):
>       raise NotImplementedError('full-state source reconciliation missing')
E       NotImplementedError: full-state source reconciliation missing

artifacts/research/process/20261004-ced-development/astra-repair-execution/R01/marker-v4-preparation/fix-round-1/offline/verify_sparse.py:10: NotImplementedError
________________ test_recorded_comparison_excludes_only_episode ________________

    def test_recorded_comparison_excludes_only_episode():
>       assert V.compare_recorded([dict(episode_id='old', value=[1.])], [dict(episode_id='new', value=[1.])])['different_rows']==0
               ^^^^^^^^^^^^^^^^^^^^^^^^^^^^^^^^^^^^^^^^^^^^^^^^^^^^^^^^^^^^^^^^^^^^^^^^^^^^^^^^^^^^^^^^^^^^^^

artifacts/research/process/20261004-ced-development/astra-repair-execution/R01/marker-v4-preparation/fix-round-1/offline/test_cpu.py:90: 
_ _ _ _ _ _ _ _ _ _ _ _ _ _ _ _ _ _ _ _ _ _ _ _ _ _ _ _ _ _ _ _ _ _ _ _ _ _ _ _ 

old = [{'episode_id': 'old', 'value': [1.0]}]
new = [{'episode_id': 'new', 'value': [1.0]}]

    def compare_recorded(old, new):
>       raise NotImplementedError('recorded-state comparison missing')
E       NotImplementedError: recorded-state comparison missing

artifacts/research/process/20261004-ced-development/astra-repair-execution/R01/marker-v4-preparation/fix-round-1/offline/verify_sparse.py:13: NotImplementedError
_______ test_marker_comparison_retains_unknown_and_exception_denominator _______

    def test_marker_comparison_retains_unknown_and_exception_denominator():
>       r=V.compare_markers([1,2,3], {1:'UNKNOWN',2:'OBSERVED',3:'UNKNOWN'}, {1:'OBSERVED',2:'UNKNOWN',3:'DECODE_ERROR'})
          ^^^^^^^^^^^^^^^^^^^^^^^^^^^^^^^^^^^^^^^^^^^^^^^^^^^^^^^^^^^^^^^^^^^^^^^^^^^^^^^^^^^^^^^^^^^^^^^^^^^^^^^^^^^^^^^

artifacts/research/process/20261004-ced-development/astra-repair-execution/R01/marker-v4-preparation/fix-round-1/offline/test_cpu.py:95: 
_ _ _ _ _ _ _ _ _ _ _ _ _ _ _ _ _ _ _ _ _ _ _ _ _ _ _ _ _ _ _ _ _ _ _ _ _ _ _ _ 

selected = [1, 2, 3], old = {1: 'UNKNOWN', 2: 'OBSERVED', 3: 'UNKNOWN'}
new = {1: 'OBSERVED', 2: 'UNKNOWN', 3: 'DECODE_ERROR'}

    def compare_markers(selected, old, new):
>       raise NotImplementedError('fixed-denominator comparison missing')
E       NotImplementedError: fixed-denominator comparison missing

artifacts/research/process/20261004-ced-development/astra-repair-execution/R01/marker-v4-preparation/fix-round-1/offline/verify_sparse.py:16: NotImplementedError
=========================== short test summary info ============================
FAILED artifacts/research/process/20261004-ced-development/astra-repair-execution/R01/marker-v4-preparation/fix-round-1/offline/test_cpu.py::test_fixed_sparse_horizon_accepts_healthy_fixture
FAILED artifacts/research/process/20261004-ced-development/astra-repair-execution/R01/marker-v4-preparation/fix-round-1/offline/test_cpu.py::test_full_callback_and_selected_denominator_rejects_drift[extra_callback]
FAILED artifacts/research/process/20261004-ced-development/astra-repair-execution/R01/marker-v4-preparation/fix-round-1/offline/test_cpu.py::test_full_callback_and_selected_denominator_rejects_drift[duplicate_end]
FAILED artifacts/research/process/20261004-ced-development/astra-repair-execution/R01/marker-v4-preparation/fix-round-1/offline/test_cpu.py::test_full_callback_and_selected_denominator_rejects_drift[failed]
FAILED artifacts/research/process/20261004-ced-development/astra-repair-execution/R01/marker-v4-preparation/fix-round-1/offline/test_cpu.py::test_full_callback_and_selected_denominator_rejects_drift[hanging]
FAILED artifacts/research/process/20261004-ced-development/astra-repair-execution/R01/marker-v4-preparation/fix-round-1/offline/test_cpu.py::test_full_callback_and_selected_denominator_rejects_drift[wrong_selected]
FAILED artifacts/research/process/20261004-ced-development/astra-repair-execution/R01/marker-v4-preparation/fix-round-1/offline/test_cpu.py::test_full_callback_and_selected_denominator_rejects_drift[wrong_episode]
FAILED artifacts/research/process/20261004-ced-development/astra-repair-execution/R01/marker-v4-preparation/fix-round-1/offline/test_cpu.py::test_operation_preserves_begin_identity_and_physics_advance
FAILED artifacts/research/process/20261004-ced-development/astra-repair-execution/R01/marker-v4-preparation/fix-round-1/offline/test_cpu.py::test_operation_rejects_unrelated_begin[kind-COMMAND]
FAILED artifacts/research/process/20261004-ced-development/astra-repair-execution/R01/marker-v4-preparation/fix-round-1/offline/test_cpu.py::test_operation_rejects_unrelated_begin[episode_id-wrong]
FAILED artifacts/research/process/20261004-ced-development/astra-repair-execution/R01/marker-v4-preparation/fix-round-1/offline/test_cpu.py::test_operation_rejects_unrelated_begin[physics_step-999]
FAILED artifacts/research/process/20261004-ced-development/astra-repair-execution/R01/marker-v4-preparation/fix-round-1/offline/test_cpu.py::test_full_capture_qpos_binds_guard_byte_domain
FAILED artifacts/research/process/20261004-ced-development/astra-repair-execution/R01/marker-v4-preparation/fix-round-1/offline/test_cpu.py::test_full_capture_state_rejects_forgery[qpos_bytes]
FAILED artifacts/research/process/20261004-ced-development/astra-repair-execution/R01/marker-v4-preparation/fix-round-1/offline/test_cpu.py::test_full_capture_state_rejects_forgery[missing_qpos]
FAILED artifacts/research/process/20261004-ced-development/astra-repair-execution/R01/marker-v4-preparation/fix-round-1/offline/test_cpu.py::test_full_capture_state_rejects_forgery[wrong_step]
FAILED artifacts/research/process/20261004-ced-development/astra-repair-execution/R01/marker-v4-preparation/fix-round-1/offline/test_cpu.py::test_recorded_comparison_excludes_only_episode
FAILED artifacts/research/process/20261004-ced-development/astra-repair-execution/R01/marker-v4-preparation/fix-round-1/offline/test_cpu.py::test_marker_comparison_retains_unknown_and_exception_denominator
17 failed in 0.11s
