F................                                                        [100%]
=================================== FAILURES ===================================
______________ test_fixed_sparse_horizon_accepts_healthy_fixture _______________

    def test_fixed_sparse_horizon_accepts_healthy_fixture():
        rows, summary, selected = index_fixture()
>       assert sorted(V.validate_index(rows, summary, selected, 2, "e")) == selected
                      ^^^^^^^^^^^^^^^^^^^^^^^^^^^^^^^^^^^^^^^^^^^^^^^^^

artifacts/research/process/20261004-ced-development/astra-repair-execution/R01/marker-v4-preparation/fix-round-1/offline/test_cpu.py:55: 
_ _ _ _ _ _ _ _ _ _ _ _ _ _ _ _ _ _ _ _ _ _ _ _ _ _ _ _ _ _ _ _ _ _ _ _ _ _ _ _ 
artifacts/research/process/20261004-ced-development/astra-repair-execution/R01/marker-v4-preparation/fix-round-1/offline/verify_sparse.py:91: in validate_index
    require(
_ _ _ _ _ _ _ _ _ _ _ _ _ _ _ _ _ _ _ _ _ _ _ _ _ _ _ _ _ _ _ _ _ _ _ _ _ _ _ _ 

value = False, reason = 'index FINISH/summary mismatch'

    def require(value, reason):
        if not value:
>           raise ValueError(reason)
E           ValueError: index FINISH/summary mismatch

artifacts/research/process/20261004-ced-development/astra-repair-execution/R01/marker-v4-preparation/fix-round-1/offline/verify_sparse.py:53: ValueError
=========================== short test summary info ============================
FAILED artifacts/research/process/20261004-ced-development/astra-repair-execution/R01/marker-v4-preparation/fix-round-1/offline/test_cpu.py::test_fixed_sparse_horizon_accepts_healthy_fixture
1 failed, 16 passed in 0.28s
