.....FFFFFFFFFFFFFFFFFFFFFFFFF                                           [100%]
=================================== FAILURES ===================================
__ test_unavailable_or_dryrun_is_candidate_only_without_any_ack[memory-False] __

replan_repo = <cloud_edge_robot_arm.repositories.event_autonomy.memory.InMemoryEventAutonomyRepository object at 0x7545613dfd10>
dispatch = False

    @pytest.mark.parametrize("dispatch", [False, True])
    def test_unavailable_or_dryrun_is_candidate_only_without_any_ack(replan_repo, dispatch):
        from cloud_edge_robot_arm.cloud.replanning.apply_service import ReplanApplyService
        request, response = setup_replan(replan_repo)
        class LegacyGateway:
            def dispatch(self, contract):
                pytest.fail("legacy dispatch must never be used as staging")
        result = ReplanApplyService(repository=replan_repo, dispatcher=LegacyGateway(),
                                    clock=lambda: NOW).apply(
            request=request, response=response, dispatch=dispatch)
>       assert result.record.status == "PREPARED"
E       AssertionError: assert 'APPLIED' == 'PREPARED'
E         
E         - PREPARED
E         + APPLIED

tests/test_replan_activation.py:218: AssertionError
__ test_unavailable_or_dryrun_is_candidate_only_without_any_ack[memory-True] ___

replan_repo = <cloud_edge_robot_arm.repositories.event_autonomy.memory.InMemoryEventAutonomyRepository object at 0x75455b59a090>
dispatch = True

    @pytest.mark.parametrize("dispatch", [False, True])
    def test_unavailable_or_dryrun_is_candidate_only_without_any_ack(replan_repo, dispatch):
        from cloud_edge_robot_arm.cloud.replanning.apply_service import ReplanApplyService
        request, response = setup_replan(replan_repo)
        class LegacyGateway:
            def dispatch(self, contract):
                pytest.fail("legacy dispatch must never be used as staging")
        result = ReplanApplyService(repository=replan_repo, dispatcher=LegacyGateway(),
>                                   clock=lambda: NOW).apply(
            request=request, response=response, dispatch=dispatch)

tests/test_replan_activation.py:216: 
_ _ _ _ _ _ _ _ _ _ _ _ _ _ _ _ _ _ _ _ _ _ _ _ _ _ _ _ _ _ _ _ _ _ _ _ _ _ _ _ 
src/cloud_edge_robot_arm/cloud/replanning/apply_service.py:197: in apply
    ack = self._edge_ack(request, updated.contract, checkpoint, dispatch=dispatch)
          ^^^^^^^^^^^^^^^^^^^^^^^^^^^^^^^^^^^^^^^^^^^^^^^^^^^^^^^^^^^^^^^^^^^^^^^^
src/cloud_edge_robot_arm/cloud/replanning/apply_service.py:365: in _edge_ack
    result = self._dispatcher.dispatch(contract)
             ^^^^^^^^^^^^^^^^^^^^^^^^^^^^^^^^^^^
_ _ _ _ _ _ _ _ _ _ _ _ _ _ _ _ _ _ _ _ _ _ _ _ _ _ _ _ _ _ _ _ _ _ _ _ _ _ _ _ 

self = <tests.test_replan_activation.test_unavailable_or_dryrun_is_candidate_only_without_any_ack.<locals>.LegacyGateway object at 0x75455b59a630>
contract = TaskContract(task_id='task', plan_version=2, command_seq=2, timestamp=datetime.datetime(2026, 10, 4, 0, 0, tzinfo=date...tion_criteria=['object_inside_target_region'], supervision_period_ms=None, command_ttl_ms=None, previous_command_seq=1)

    def dispatch(self, contract):
>       pytest.fail("legacy dispatch must never be used as staging")
E       Failed: legacy dispatch must never be used as staging

tests/test_replan_activation.py:214: Failed
__ test_unavailable_or_dryrun_is_candidate_only_without_any_ack[sqlite-False] __

replan_repo = <cloud_edge_robot_arm.repositories.event_autonomy.sqlite.SQLiteEventAutonomyRepository object at 0x75455b59b140>
dispatch = False

    @pytest.mark.parametrize("dispatch", [False, True])
    def test_unavailable_or_dryrun_is_candidate_only_without_any_ack(replan_repo, dispatch):
        from cloud_edge_robot_arm.cloud.replanning.apply_service import ReplanApplyService
        request, response = setup_replan(replan_repo)
        class LegacyGateway:
            def dispatch(self, contract):
                pytest.fail("legacy dispatch must never be used as staging")
        result = ReplanApplyService(repository=replan_repo, dispatcher=LegacyGateway(),
                                    clock=lambda: NOW).apply(
            request=request, response=response, dispatch=dispatch)
>       assert result.record.status == "PREPARED"
E       AssertionError: assert 'APPLIED' == 'PREPARED'
E         
E         - PREPARED
E         + APPLIED

tests/test_replan_activation.py:218: AssertionError
__ test_unavailable_or_dryrun_is_candidate_only_without_any_ack[sqlite-True] ___

replan_repo = <cloud_edge_robot_arm.repositories.event_autonomy.sqlite.SQLiteEventAutonomyRepository object at 0x75455b59b6e0>
dispatch = True

    @pytest.mark.parametrize("dispatch", [False, True])
    def test_unavailable_or_dryrun_is_candidate_only_without_any_ack(replan_repo, dispatch):
        from cloud_edge_robot_arm.cloud.replanning.apply_service import ReplanApplyService
        request, response = setup_replan(replan_repo)
        class LegacyGateway:
            def dispatch(self, contract):
                pytest.fail("legacy dispatch must never be used as staging")
        result = ReplanApplyService(repository=replan_repo, dispatcher=LegacyGateway(),
>                                   clock=lambda: NOW).apply(
            request=request, response=response, dispatch=dispatch)

tests/test_replan_activation.py:216: 
_ _ _ _ _ _ _ _ _ _ _ _ _ _ _ _ _ _ _ _ _ _ _ _ _ _ _ _ _ _ _ _ _ _ _ _ _ _ _ _ 
src/cloud_edge_robot_arm/cloud/replanning/apply_service.py:197: in apply
    ack = self._edge_ack(request, updated.contract, checkpoint, dispatch=dispatch)
          ^^^^^^^^^^^^^^^^^^^^^^^^^^^^^^^^^^^^^^^^^^^^^^^^^^^^^^^^^^^^^^^^^^^^^^^^
src/cloud_edge_robot_arm/cloud/replanning/apply_service.py:365: in _edge_ack
    result = self._dispatcher.dispatch(contract)
             ^^^^^^^^^^^^^^^^^^^^^^^^^^^^^^^^^^^
_ _ _ _ _ _ _ _ _ _ _ _ _ _ _ _ _ _ _ _ _ _ _ _ _ _ _ _ _ _ _ _ _ _ _ _ _ _ _ _ 

self = <tests.test_replan_activation.test_unavailable_or_dryrun_is_candidate_only_without_any_ack.<locals>.LegacyGateway object at 0x75455b59a090>
contract = TaskContract(task_id='task', plan_version=2, command_seq=2, timestamp=datetime.datetime(2026, 10, 4, 0, 0, tzinfo=date...tion_criteria=['object_inside_target_region'], supervision_period_ms=None, command_ttl_ms=None, previous_command_seq=1)

    def dispatch(self, contract):
>       pytest.fail("legacy dispatch must never be used as staging")
E       Failed: legacy dispatch must never be used as staging

tests/test_replan_activation.py:214: Failed
_ test_mock_stage_activation_ack_is_not_execution_start_and_retry_does_not_replay[memory] _

replan_repo = <cloud_edge_robot_arm.repositories.event_autonomy.memory.InMemoryEventAutonomyRepository object at 0x75455b59a2a0>

    def test_mock_stage_activation_ack_is_not_execution_start_and_retry_does_not_replay(replan_repo):
        from cloud_edge_robot_arm.cloud.replanning.apply_service import ReplanApplyService
        request, response = setup_replan(replan_repo)
        gateway = MockStagedGateway()
>       service = ReplanApplyService(repository=replan_repo, dispatcher=gateway,
                                    submit_guard=submit_proof, clock=lambda: NOW)
E       TypeError: ReplanApplyService.__init__() got an unexpected keyword argument 'submit_guard'

tests/test_replan_activation.py:233: TypeError
_ test_mock_stage_activation_ack_is_not_execution_start_and_retry_does_not_replay[sqlite] _

replan_repo = <cloud_edge_robot_arm.repositories.event_autonomy.sqlite.SQLiteEventAutonomyRepository object at 0x75455b5efbc0>

    def test_mock_stage_activation_ack_is_not_execution_start_and_retry_does_not_replay(replan_repo):
        from cloud_edge_robot_arm.cloud.replanning.apply_service import ReplanApplyService
        request, response = setup_replan(replan_repo)
        gateway = MockStagedGateway()
>       service = ReplanApplyService(repository=replan_repo, dispatcher=gateway,
                                    submit_guard=submit_proof, clock=lambda: NOW)
E       TypeError: ReplanApplyService.__init__() got an unexpected keyword argument 'submit_guard'

tests/test_replan_activation.py:233: TypeError
____ test_mock_stage_wrong_binding_does_not_advance_active[memory-details0] ____

replan_repo = <cloud_edge_robot_arm.repositories.event_autonomy.memory.InMemoryEventAutonomyRepository object at 0x75455b5ef950>
details = {'activation_token': ''}

    @pytest.mark.parametrize("details", [
        {"activation_token": ""}, {"repair_id": "other"}, {"payload_hash": "wrong"},
    ])
    def test_mock_stage_wrong_binding_does_not_advance_active(replan_repo, details):
        from cloud_edge_robot_arm.cloud.replanning.apply_service import ReplanApplyService
        request, response = setup_replan(replan_repo)
        gateway = MockStagedGateway(stage_change=details)
>       result = ReplanApplyService(repository=replan_repo, dispatcher=gateway,
                                    submit_guard=submit_proof, clock=lambda: NOW).apply(
            request=request, response=response)
E       TypeError: ReplanApplyService.__init__() got an unexpected keyword argument 'submit_guard'

tests/test_replan_activation.py:255: TypeError
____ test_mock_stage_wrong_binding_does_not_advance_active[memory-details1] ____

replan_repo = <cloud_edge_robot_arm.repositories.event_autonomy.memory.InMemoryEventAutonomyRepository object at 0x75455b5ecad0>
details = {'repair_id': 'other'}

    @pytest.mark.parametrize("details", [
        {"activation_token": ""}, {"repair_id": "other"}, {"payload_hash": "wrong"},
    ])
    def test_mock_stage_wrong_binding_does_not_advance_active(replan_repo, details):
        from cloud_edge_robot_arm.cloud.replanning.apply_service import ReplanApplyService
        request, response = setup_replan(replan_repo)
        gateway = MockStagedGateway(stage_change=details)
>       result = ReplanApplyService(repository=replan_repo, dispatcher=gateway,
                                    submit_guard=submit_proof, clock=lambda: NOW).apply(
            request=request, response=response)
E       TypeError: ReplanApplyService.__init__() got an unexpected keyword argument 'submit_guard'

tests/test_replan_activation.py:255: TypeError
____ test_mock_stage_wrong_binding_does_not_advance_active[memory-details2] ____

replan_repo = <cloud_edge_robot_arm.repositories.event_autonomy.memory.InMemoryEventAutonomyRepository object at 0x75455b5ed250>
details = {'payload_hash': 'wrong'}

    @pytest.mark.parametrize("details", [
        {"activation_token": ""}, {"repair_id": "other"}, {"payload_hash": "wrong"},
    ])
    def test_mock_stage_wrong_binding_does_not_advance_active(replan_repo, details):
        from cloud_edge_robot_arm.cloud.replanning.apply_service import ReplanApplyService
        request, response = setup_replan(replan_repo)
        gateway = MockStagedGateway(stage_change=details)
>       result = ReplanApplyService(repository=replan_repo, dispatcher=gateway,
                                    submit_guard=submit_proof, clock=lambda: NOW).apply(
            request=request, response=response)
E       TypeError: ReplanApplyService.__init__() got an unexpected keyword argument 'submit_guard'

tests/test_replan_activation.py:255: TypeError
____ test_mock_stage_wrong_binding_does_not_advance_active[sqlite-details0] ____

replan_repo = <cloud_edge_robot_arm.repositories.event_autonomy.sqlite.SQLiteEventAutonomyRepository object at 0x75455b5ee1e0>
details = {'activation_token': ''}

    @pytest.mark.parametrize("details", [
        {"activation_token": ""}, {"repair_id": "other"}, {"payload_hash": "wrong"},
    ])
    def test_mock_stage_wrong_binding_does_not_advance_active(replan_repo, details):
        from cloud_edge_robot_arm.cloud.replanning.apply_service import ReplanApplyService
        request, response = setup_replan(replan_repo)
        gateway = MockStagedGateway(stage_change=details)
>       result = ReplanApplyService(repository=replan_repo, dispatcher=gateway,
                                    submit_guard=submit_proof, clock=lambda: NOW).apply(
            request=request, response=response)
E       TypeError: ReplanApplyService.__init__() got an unexpected keyword argument 'submit_guard'

tests/test_replan_activation.py:255: TypeError
____ test_mock_stage_wrong_binding_does_not_advance_active[sqlite-details1] ____

replan_repo = <cloud_edge_robot_arm.repositories.event_autonomy.sqlite.SQLiteEventAutonomyRepository object at 0x75455b5ee6c0>
details = {'repair_id': 'other'}

    @pytest.mark.parametrize("details", [
        {"activation_token": ""}, {"repair_id": "other"}, {"payload_hash": "wrong"},
    ])
    def test_mock_stage_wrong_binding_does_not_advance_active(replan_repo, details):
        from cloud_edge_robot_arm.cloud.replanning.apply_service import ReplanApplyService
        request, response = setup_replan(replan_repo)
        gateway = MockStagedGateway(stage_change=details)
>       result = ReplanApplyService(repository=replan_repo, dispatcher=gateway,
                                    submit_guard=submit_proof, clock=lambda: NOW).apply(
            request=request, response=response)
E       TypeError: ReplanApplyService.__init__() got an unexpected keyword argument 'submit_guard'

tests/test_replan_activation.py:255: TypeError
____ test_mock_stage_wrong_binding_does_not_advance_active[sqlite-details2] ____

replan_repo = <cloud_edge_robot_arm.repositories.event_autonomy.sqlite.SQLiteEventAutonomyRepository object at 0x75455b5ee1b0>
details = {'payload_hash': 'wrong'}

    @pytest.mark.parametrize("details", [
        {"activation_token": ""}, {"repair_id": "other"}, {"payload_hash": "wrong"},
    ])
    def test_mock_stage_wrong_binding_does_not_advance_active(replan_repo, details):
        from cloud_edge_robot_arm.cloud.replanning.apply_service import ReplanApplyService
        request, response = setup_replan(replan_repo)
        gateway = MockStagedGateway(stage_change=details)
>       result = ReplanApplyService(repository=replan_repo, dispatcher=gateway,
                                    submit_guard=submit_proof, clock=lambda: NOW).apply(
            request=request, response=response)
E       TypeError: ReplanApplyService.__init__() got an unexpected keyword argument 'submit_guard'

tests/test_replan_activation.py:255: TypeError
____ test_late_cancel_or_checkpoint_change_keeps_old_active[memory-cancel] _____

replan_repo = <cloud_edge_robot_arm.repositories.event_autonomy.memory.InMemoryEventAutonomyRepository object at 0x75455b41cb00>
change = 'cancel'

    @pytest.mark.parametrize("change", ["cancel", "checkpoint"])
    def test_late_cancel_or_checkpoint_change_keeps_old_active(replan_repo, change):
        from cloud_edge_robot_arm.cloud.replanning.apply_service import ReplanApplyService
        request, response = setup_replan(replan_repo)
        def late_change():
            if change == "cancel":
                replan_repo.save_state("task", "CANCELLED", "MOCK cancellation")
            else:
                checkpoint = replan_repo.get_latest_execution_checkpoint("task")
                replan_repo.save_execution_checkpoint(checkpoint.model_copy(update={
                    "checkpoint_id": "new-checkpoint", "checkpoint_hash": "", "updated_at": NOW,
                }))
        gateway = MockStagedGateway(after_stage=late_change)
>       result = ReplanApplyService(repository=replan_repo, dispatcher=gateway,
                                    submit_guard=submit_proof, clock=lambda: NOW).apply(
            request=request, response=response)
E       TypeError: ReplanApplyService.__init__() got an unexpected keyword argument 'submit_guard'

tests/test_replan_activation.py:276: TypeError
__ test_late_cancel_or_checkpoint_change_keeps_old_active[memory-checkpoint] ___

replan_repo = <cloud_edge_robot_arm.repositories.event_autonomy.memory.InMemoryEventAutonomyRepository object at 0x75455b41d070>
change = 'checkpoint'

    @pytest.mark.parametrize("change", ["cancel", "checkpoint"])
    def test_late_cancel_or_checkpoint_change_keeps_old_active(replan_repo, change):
        from cloud_edge_robot_arm.cloud.replanning.apply_service import ReplanApplyService
        request, response = setup_replan(replan_repo)
        def late_change():
            if change == "cancel":
                replan_repo.save_state("task", "CANCELLED", "MOCK cancellation")
            else:
                checkpoint = replan_repo.get_latest_execution_checkpoint("task")
                replan_repo.save_execution_checkpoint(checkpoint.model_copy(update={
                    "checkpoint_id": "new-checkpoint", "checkpoint_hash": "", "updated_at": NOW,
                }))
        gateway = MockStagedGateway(after_stage=late_change)
>       result = ReplanApplyService(repository=replan_repo, dispatcher=gateway,
                                    submit_guard=submit_proof, clock=lambda: NOW).apply(
            request=request, response=response)
E       TypeError: ReplanApplyService.__init__() got an unexpected keyword argument 'submit_guard'

tests/test_replan_activation.py:276: TypeError
____ test_late_cancel_or_checkpoint_change_keeps_old_active[sqlite-cancel] _____

replan_repo = <cloud_edge_robot_arm.repositories.event_autonomy.sqlite.SQLiteEventAutonomyRepository object at 0x75455b5ef200>
change = 'cancel'

    @pytest.mark.parametrize("change", ["cancel", "checkpoint"])
    def test_late_cancel_or_checkpoint_change_keeps_old_active(replan_repo, change):
        from cloud_edge_robot_arm.cloud.replanning.apply_service import ReplanApplyService
        request, response = setup_replan(replan_repo)
        def late_change():
            if change == "cancel":
                replan_repo.save_state("task", "CANCELLED", "MOCK cancellation")
            else:
                checkpoint = replan_repo.get_latest_execution_checkpoint("task")
                replan_repo.save_execution_checkpoint(checkpoint.model_copy(update={
                    "checkpoint_id": "new-checkpoint", "checkpoint_hash": "", "updated_at": NOW,
                }))
        gateway = MockStagedGateway(after_stage=late_change)
>       result = ReplanApplyService(repository=replan_repo, dispatcher=gateway,
                                    submit_guard=submit_proof, clock=lambda: NOW).apply(
            request=request, response=response)
E       TypeError: ReplanApplyService.__init__() got an unexpected keyword argument 'submit_guard'

tests/test_replan_activation.py:276: TypeError
__ test_late_cancel_or_checkpoint_change_keeps_old_active[sqlite-checkpoint] ___

replan_repo = <cloud_edge_robot_arm.repositories.event_autonomy.sqlite.SQLiteEventAutonomyRepository object at 0x75455b5ee780>
change = 'checkpoint'

    @pytest.mark.parametrize("change", ["cancel", "checkpoint"])
    def test_late_cancel_or_checkpoint_change_keeps_old_active(replan_repo, change):
        from cloud_edge_robot_arm.cloud.replanning.apply_service import ReplanApplyService
        request, response = setup_replan(replan_repo)
        def late_change():
            if change == "cancel":
                replan_repo.save_state("task", "CANCELLED", "MOCK cancellation")
            else:
                checkpoint = replan_repo.get_latest_execution_checkpoint("task")
                replan_repo.save_execution_checkpoint(checkpoint.model_copy(update={
                    "checkpoint_id": "new-checkpoint", "checkpoint_hash": "", "updated_at": NOW,
                }))
        gateway = MockStagedGateway(after_stage=late_change)
>       result = ReplanApplyService(repository=replan_repo, dispatcher=gateway,
                                    submit_guard=submit_proof, clock=lambda: NOW).apply(
            request=request, response=response)
E       TypeError: ReplanApplyService.__init__() got an unexpected keyword argument 'submit_guard'

tests/test_replan_activation.py:276: TypeError
__ test_resume_timeout_preserves_activated_version_and_restart_never_replays ___

tmp_path = PosixPath('/tmp/pytest-of-ningyd/pytest-581/test_resume_timeout_preserves_0')

    def test_resume_timeout_preserves_activated_version_and_restart_never_replays(tmp_path):
        from cloud_edge_robot_arm.cloud.replanning.apply_service import ReplanApplyService
        path = tmp_path / "restart.sqlite"
        repo = SQLiteEventAutonomyRepository(path)
        request, response = setup_replan(repo)
        gateway = MockStagedGateway(resume_timeout=True)
>       result = ReplanApplyService(repository=repo, dispatcher=gateway,
                                    submit_guard=submit_proof, clock=lambda: NOW).apply(
            request=request, response=response)
E       TypeError: ReplanApplyService.__init__() got an unexpected keyword argument 'submit_guard'

tests/test_replan_activation.py:290: TypeError
_ test_public_save_rejects_mutated_prepared_with_original_hash[memory-new_plan_version-9] _

replan_repo = <cloud_edge_robot_arm.repositories.event_autonomy.memory.InMemoryEventAutonomyRepository object at 0x75455b5ec7a0>
field = 'new_plan_version', value = 9

    @pytest.mark.parametrize("field,value", [
        ("new_plan_version", 9), ("payload_hash", "forged"), ("robot_id", "other"),
        ("status", "ACTIVATED"),
    ])
    def test_public_save_rejects_mutated_prepared_with_original_hash(replan_repo, field, value):
        from cloud_edge_robot_arm.cloud.replanning.apply_service import ReplanApplyService
        from cloud_edge_robot_arm.repositories.event_autonomy.protocol import IdempotencyConflictError
        request, response = setup_replan(replan_repo)
        original = ReplanApplyService(repository=replan_repo, clock=lambda: NOW).apply(
            request=request, response=response, dispatch=False).record
>       with pytest.raises((ValueError, IdempotencyConflictError)):
E       Failed: DID NOT RAISE any of (<class 'ValueError'>, <class 'cloud_edge_robot_arm.repositories.event_autonomy.protocol.IdempotencyConflictError'>)

tests/test_replan_activation.py:315: Failed
_ test_public_save_rejects_mutated_prepared_with_original_hash[memory-payload_hash-forged] _

replan_repo = <cloud_edge_robot_arm.repositories.event_autonomy.memory.InMemoryEventAutonomyRepository object at 0x75455b599220>
field = 'payload_hash', value = 'forged'

    @pytest.mark.parametrize("field,value", [
        ("new_plan_version", 9), ("payload_hash", "forged"), ("robot_id", "other"),
        ("status", "ACTIVATED"),
    ])
    def test_public_save_rejects_mutated_prepared_with_original_hash(replan_repo, field, value):
        from cloud_edge_robot_arm.cloud.replanning.apply_service import ReplanApplyService
        from cloud_edge_robot_arm.repositories.event_autonomy.protocol import IdempotencyConflictError
        request, response = setup_replan(replan_repo)
        original = ReplanApplyService(repository=replan_repo, clock=lambda: NOW).apply(
            request=request, response=response, dispatch=False).record
>       with pytest.raises((ValueError, IdempotencyConflictError)):
E       Failed: DID NOT RAISE any of (<class 'ValueError'>, <class 'cloud_edge_robot_arm.repositories.event_autonomy.protocol.IdempotencyConflictError'>)

tests/test_replan_activation.py:315: Failed
_ test_public_save_rejects_mutated_prepared_with_original_hash[memory-robot_id-other] _

replan_repo = <cloud_edge_robot_arm.repositories.event_autonomy.memory.InMemoryEventAutonomyRepository object at 0x75455b41ef00>
field = 'robot_id', value = 'other'

    @pytest.mark.parametrize("field,value", [
        ("new_plan_version", 9), ("payload_hash", "forged"), ("robot_id", "other"),
        ("status", "ACTIVATED"),
    ])
    def test_public_save_rejects_mutated_prepared_with_original_hash(replan_repo, field, value):
        from cloud_edge_robot_arm.cloud.replanning.apply_service import ReplanApplyService
        from cloud_edge_robot_arm.repositories.event_autonomy.protocol import IdempotencyConflictError
        request, response = setup_replan(replan_repo)
        original = ReplanApplyService(repository=replan_repo, clock=lambda: NOW).apply(
            request=request, response=response, dispatch=False).record
>       with pytest.raises((ValueError, IdempotencyConflictError)):
E       Failed: DID NOT RAISE any of (<class 'ValueError'>, <class 'cloud_edge_robot_arm.repositories.event_autonomy.protocol.IdempotencyConflictError'>)

tests/test_replan_activation.py:315: Failed
_ test_public_save_rejects_mutated_prepared_with_original_hash[memory-status-ACTIVATED] _

replan_repo = <cloud_edge_robot_arm.repositories.event_autonomy.memory.InMemoryEventAutonomyRepository object at 0x75455b41e4e0>
field = 'status', value = 'ACTIVATED'

    @pytest.mark.parametrize("field,value", [
        ("new_plan_version", 9), ("payload_hash", "forged"), ("robot_id", "other"),
        ("status", "ACTIVATED"),
    ])
    def test_public_save_rejects_mutated_prepared_with_original_hash(replan_repo, field, value):
        from cloud_edge_robot_arm.cloud.replanning.apply_service import ReplanApplyService
        from cloud_edge_robot_arm.repositories.event_autonomy.protocol import IdempotencyConflictError
        request, response = setup_replan(replan_repo)
        original = ReplanApplyService(repository=replan_repo, clock=lambda: NOW).apply(
            request=request, response=response, dispatch=False).record
>       with pytest.raises((ValueError, IdempotencyConflictError)):
E       Failed: DID NOT RAISE any of (<class 'ValueError'>, <class 'cloud_edge_robot_arm.repositories.event_autonomy.protocol.IdempotencyConflictError'>)

tests/test_replan_activation.py:315: Failed
_ test_public_save_rejects_mutated_prepared_with_original_hash[sqlite-new_plan_version-9] _

replan_repo = <cloud_edge_robot_arm.repositories.event_autonomy.sqlite.SQLiteEventAutonomyRepository object at 0x75455b41da00>
field = 'new_plan_version', value = 9

    @pytest.mark.parametrize("field,value", [
        ("new_plan_version", 9), ("payload_hash", "forged"), ("robot_id", "other"),
        ("status", "ACTIVATED"),
    ])
    def test_public_save_rejects_mutated_prepared_with_original_hash(replan_repo, field, value):
        from cloud_edge_robot_arm.cloud.replanning.apply_service import ReplanApplyService
        from cloud_edge_robot_arm.repositories.event_autonomy.protocol import IdempotencyConflictError
        request, response = setup_replan(replan_repo)
        original = ReplanApplyService(repository=replan_repo, clock=lambda: NOW).apply(
            request=request, response=response, dispatch=False).record
>       with pytest.raises((ValueError, IdempotencyConflictError)):
E       Failed: DID NOT RAISE any of (<class 'ValueError'>, <class 'cloud_edge_robot_arm.repositories.event_autonomy.protocol.IdempotencyConflictError'>)

tests/test_replan_activation.py:315: Failed
_ test_public_save_rejects_mutated_prepared_with_original_hash[sqlite-payload_hash-forged] _

replan_repo = <cloud_edge_robot_arm.repositories.event_autonomy.sqlite.SQLiteEventAutonomyRepository object at 0x75455b41ee10>
field = 'payload_hash', value = 'forged'

    @pytest.mark.parametrize("field,value", [
        ("new_plan_version", 9), ("payload_hash", "forged"), ("robot_id", "other"),
        ("status", "ACTIVATED"),
    ])
    def test_public_save_rejects_mutated_prepared_with_original_hash(replan_repo, field, value):
        from cloud_edge_robot_arm.cloud.replanning.apply_service import ReplanApplyService
        from cloud_edge_robot_arm.repositories.event_autonomy.protocol import IdempotencyConflictError
        request, response = setup_replan(replan_repo)
        original = ReplanApplyService(repository=replan_repo, clock=lambda: NOW).apply(
            request=request, response=response, dispatch=False).record
>       with pytest.raises((ValueError, IdempotencyConflictError)):
E       Failed: DID NOT RAISE any of (<class 'ValueError'>, <class 'cloud_edge_robot_arm.repositories.event_autonomy.protocol.IdempotencyConflictError'>)

tests/test_replan_activation.py:315: Failed
_ test_public_save_rejects_mutated_prepared_with_original_hash[sqlite-robot_id-other] _

replan_repo = <cloud_edge_robot_arm.repositories.event_autonomy.sqlite.SQLiteEventAutonomyRepository object at 0x75455b41e570>
field = 'robot_id', value = 'other'

    @pytest.mark.parametrize("field,value", [
        ("new_plan_version", 9), ("payload_hash", "forged"), ("robot_id", "other"),
        ("status", "ACTIVATED"),
    ])
    def test_public_save_rejects_mutated_prepared_with_original_hash(replan_repo, field, value):
        from cloud_edge_robot_arm.cloud.replanning.apply_service import ReplanApplyService
        from cloud_edge_robot_arm.repositories.event_autonomy.protocol import IdempotencyConflictError
        request, response = setup_replan(replan_repo)
        original = ReplanApplyService(repository=replan_repo, clock=lambda: NOW).apply(
            request=request, response=response, dispatch=False).record
>       with pytest.raises((ValueError, IdempotencyConflictError)):
E       Failed: DID NOT RAISE any of (<class 'ValueError'>, <class 'cloud_edge_robot_arm.repositories.event_autonomy.protocol.IdempotencyConflictError'>)

tests/test_replan_activation.py:315: Failed
_ test_public_save_rejects_mutated_prepared_with_original_hash[sqlite-status-ACTIVATED] _

replan_repo = <cloud_edge_robot_arm.repositories.event_autonomy.sqlite.SQLiteEventAutonomyRepository object at 0x75455b4d4920>
field = 'status', value = 'ACTIVATED'

    @pytest.mark.parametrize("field,value", [
        ("new_plan_version", 9), ("payload_hash", "forged"), ("robot_id", "other"),
        ("status", "ACTIVATED"),
    ])
    def test_public_save_rejects_mutated_prepared_with_original_hash(replan_repo, field, value):
        from cloud_edge_robot_arm.cloud.replanning.apply_service import ReplanApplyService
        from cloud_edge_robot_arm.repositories.event_autonomy.protocol import IdempotencyConflictError
        request, response = setup_replan(replan_repo)
        original = ReplanApplyService(repository=replan_repo, clock=lambda: NOW).apply(
            request=request, response=response, dispatch=False).record
>       with pytest.raises((ValueError, IdempotencyConflictError)):
E       Failed: DID NOT RAISE any of (<class 'ValueError'>, <class 'cloud_edge_robot_arm.repositories.event_autonomy.protocol.IdempotencyConflictError'>)

tests/test_replan_activation.py:315: Failed
=========================== short test summary info ============================
FAILED tests/test_replan_activation.py::test_unavailable_or_dryrun_is_candidate_only_without_any_ack[memory-False]
FAILED tests/test_replan_activation.py::test_unavailable_or_dryrun_is_candidate_only_without_any_ack[memory-True]
FAILED tests/test_replan_activation.py::test_unavailable_or_dryrun_is_candidate_only_without_any_ack[sqlite-False]
FAILED tests/test_replan_activation.py::test_unavailable_or_dryrun_is_candidate_only_without_any_ack[sqlite-True]
FAILED tests/test_replan_activation.py::test_mock_stage_activation_ack_is_not_execution_start_and_retry_does_not_replay[memory]
FAILED tests/test_replan_activation.py::test_mock_stage_activation_ack_is_not_execution_start_and_retry_does_not_replay[sqlite]
FAILED tests/test_replan_activation.py::test_mock_stage_wrong_binding_does_not_advance_active[memory-details0]
FAILED tests/test_replan_activation.py::test_mock_stage_wrong_binding_does_not_advance_active[memory-details1]
FAILED tests/test_replan_activation.py::test_mock_stage_wrong_binding_does_not_advance_active[memory-details2]
FAILED tests/test_replan_activation.py::test_mock_stage_wrong_binding_does_not_advance_active[sqlite-details0]
FAILED tests/test_replan_activation.py::test_mock_stage_wrong_binding_does_not_advance_active[sqlite-details1]
FAILED tests/test_replan_activation.py::test_mock_stage_wrong_binding_does_not_advance_active[sqlite-details2]
FAILED tests/test_replan_activation.py::test_late_cancel_or_checkpoint_change_keeps_old_active[memory-cancel]
FAILED tests/test_replan_activation.py::test_late_cancel_or_checkpoint_change_keeps_old_active[memory-checkpoint]
FAILED tests/test_replan_activation.py::test_late_cancel_or_checkpoint_change_keeps_old_active[sqlite-cancel]
FAILED tests/test_replan_activation.py::test_late_cancel_or_checkpoint_change_keeps_old_active[sqlite-checkpoint]
FAILED tests/test_replan_activation.py::test_resume_timeout_preserves_activated_version_and_restart_never_replays
FAILED tests/test_replan_activation.py::test_public_save_rejects_mutated_prepared_with_original_hash[memory-new_plan_version-9]
FAILED tests/test_replan_activation.py::test_public_save_rejects_mutated_prepared_with_original_hash[memory-payload_hash-forged]
FAILED tests/test_replan_activation.py::test_public_save_rejects_mutated_prepared_with_original_hash[memory-robot_id-other]
FAILED tests/test_replan_activation.py::test_public_save_rejects_mutated_prepared_with_original_hash[memory-status-ACTIVATED]
FAILED tests/test_replan_activation.py::test_public_save_rejects_mutated_prepared_with_original_hash[sqlite-new_plan_version-9]
FAILED tests/test_replan_activation.py::test_public_save_rejects_mutated_prepared_with_original_hash[sqlite-payload_hash-forged]
FAILED tests/test_replan_activation.py::test_public_save_rejects_mutated_prepared_with_original_hash[sqlite-robot_id-other]
FAILED tests/test_replan_activation.py::test_public_save_rejects_mutated_prepared_with_original_hash[sqlite-status-ACTIVATED]
25 failed, 5 passed in 4.13s

Executed command: .venv/bin/python -m pytest -q tests/test_replan_activation.py
Observed exit code: 1
