....FFFF                                                                 [100%]
=================================== FAILURES ===================================
_______________ test_simultaneous_apply_claims_stage_once[False] _______________

tmp_path = PosixPath('/tmp/pytest-of-ningyd/pytest-597/test_simultaneous_apply_claims0')
monkeypatch = <_pytest.monkeypatch.MonkeyPatch object at 0x73399a37f440>
sqlite = False

    @pytest.mark.parametrize("sqlite", [False, True])
    def test_simultaneous_apply_claims_stage_once(tmp_path, monkeypatch, sqlite):
        from cloud_edge_robot_arm.cloud.replanning.apply_service import ReplanApplyService
        path = tmp_path / "claim.sqlite"
        first = SQLiteEventAutonomyRepository(path) if sqlite else InMemoryEventAutonomyRepository()
        second = SQLiteEventAutonomyRepository(path) if sqlite else first
        request, response = setup_replan(first)
        barrier = Barrier(2)
        for repo in {first, second}:
            original = repo.get_replan_apply_record_for_request
            def get_before_both_insert(request_id, original=original):
                value = original(request_id)
                barrier.wait(timeout=5)
                return value
            monkeypatch.setattr(repo, "get_replan_apply_record_for_request", get_before_both_insert)
        gateway = MockStagedGateway()
        services = [ReplanApplyService(repository=repo, dispatcher=gateway,
                                       submit_guard=submit_proof, clock=lambda: NOW)
                    for repo in (first, second)]
        with ThreadPoolExecutor(max_workers=2) as pool:
            futures = [pool.submit(service.apply, request=request, response=response) for service in services]
            results = [future.result(timeout=10) for future in futures]
>       assert gateway.calls.count("stage") == 1
E       AssertionError: assert 2 == 1
E        +  where 2 = <built-in method count of list object at 0x73399b0a7400>('stage')
E        +    where <built-in method count of list object at 0x73399b0a7400> = ['stage', 'stage', 'resume'].count
E        +      where ['stage', 'stage', 'resume'] = <tests.test_replan_activation.MockStagedGateway object at 0x7339994d9c70>.calls

tests/test_replan_activation.py:511: AssertionError
_______________ test_simultaneous_apply_claims_stage_once[True] ________________

tmp_path = PosixPath('/tmp/pytest-of-ningyd/pytest-597/test_simultaneous_apply_claims1')
monkeypatch = <_pytest.monkeypatch.MonkeyPatch object at 0x73399653c200>
sqlite = True

    @pytest.mark.parametrize("sqlite", [False, True])
    def test_simultaneous_apply_claims_stage_once(tmp_path, monkeypatch, sqlite):
        from cloud_edge_robot_arm.cloud.replanning.apply_service import ReplanApplyService
        path = tmp_path / "claim.sqlite"
        first = SQLiteEventAutonomyRepository(path) if sqlite else InMemoryEventAutonomyRepository()
        second = SQLiteEventAutonomyRepository(path) if sqlite else first
        request, response = setup_replan(first)
        barrier = Barrier(2)
        for repo in {first, second}:
            original = repo.get_replan_apply_record_for_request
            def get_before_both_insert(request_id, original=original):
                value = original(request_id)
                barrier.wait(timeout=5)
                return value
            monkeypatch.setattr(repo, "get_replan_apply_record_for_request", get_before_both_insert)
        gateway = MockStagedGateway()
        services = [ReplanApplyService(repository=repo, dispatcher=gateway,
                                       submit_guard=submit_proof, clock=lambda: NOW)
                    for repo in (first, second)]
        with ThreadPoolExecutor(max_workers=2) as pool:
            futures = [pool.submit(service.apply, request=request, response=response) for service in services]
>           results = [future.result(timeout=10) for future in futures]
                       ^^^^^^^^^^^^^^^^^^^^^^^^^

tests/test_replan_activation.py:510: 
_ _ _ _ _ _ _ _ _ _ _ _ _ _ _ _ _ _ _ _ _ _ _ _ _ _ _ _ _ _ _ _ _ _ _ _ _ _ _ _ 
/usr/lib/python3.12/concurrent/futures/_base.py:456: in result
    return self.__get_result()
           ^^^^^^^^^^^^^^^^^^^
/usr/lib/python3.12/concurrent/futures/_base.py:401: in __get_result
    raise self._exception
/usr/lib/python3.12/concurrent/futures/thread.py:58: in run
    result = self.fn(*self.args, **self.kwargs)
             ^^^^^^^^^^^^^^^^^^^^^^^^^^^^^^^^^^
src/cloud_edge_robot_arm/cloud/replanning/apply_service.py:258: in apply
    prepared = self._record(
src/cloud_edge_robot_arm/cloud/replanning/apply_service.py:636: in _record
    return self._repo.save_replan_apply_record(record)
           ^^^^^^^^^^^^^^^^^^^^^^^^^^^^^^^^^^^^^^^^^^^
src/cloud_edge_robot_arm/repositories/event_autonomy/sqlite.py:1408: in save_replan_apply_record
    _same_or_conflict("ReplanApplyRecord", saved.apply_id, row["apply_hash"], h)
_ _ _ _ _ _ _ _ _ _ _ _ _ _ _ _ _ _ _ _ _ _ _ _ _ _ _ _ _ _ _ _ _ _ _ _ _ _ _ _ 

entity = 'ReplanApplyRecord', key = 'apply-request'
existing_hash = 'b552005425d60bc53b0e398330504f5fd5a70df35b9de8bbb944e215f58a8951'
new_hash = '4a2c2b695cc469d3522ad2dccf9202769a8da8b3f3f9d171e077183b9dc86a02'

    def _same_or_conflict(entity: str, key: str, existing_hash: str, new_hash: str) -> None:
        if existing_hash != new_hash:
>           raise IdempotencyConflictError(f"{entity} idempotency conflict for key {key!r}")
E           cloud_edge_robot_arm.repositories.event_autonomy.protocol.IdempotencyConflictError: ReplanApplyRecord idempotency conflict for key 'apply-request'

src/cloud_edge_robot_arm/repositories/event_autonomy/sqlite.py:67: IdempotencyConflictError
_ test_start_receipt_for_old_active_version_is_rejected_even_after_previous_start[memory] _

replan_repo = <cloud_edge_robot_arm.repositories.event_autonomy.memory.InMemoryEventAutonomyRepository object at 0x73399653e900>

    def test_start_receipt_for_old_active_version_is_rejected_even_after_previous_start(replan_repo):
        from cloud_edge_robot_arm.cloud.replanning.apply_service import ReplanApplyService
        from cloud_edge_robot_arm.contracts.models import ReplanExecutionReceipt
        request, response = setup_replan(replan_repo)
        service = ReplanApplyService(repository=replan_repo, dispatcher=MockStagedGateway(),
                                    submit_guard=submit_proof, clock=lambda: NOW)
        result = service.apply(request=request, response=response)
        receipt = ReplanExecutionReceipt(
            repair_id=result.record.repair_id, task_id="task", plan_version=2, command_seq=2,
            activation_token="mock-token", payload_hash=result.record.payload_hash,
            event_id="MOCK-start", occurred_at=NOW,
        )
        service.confirm_execution_started(receipt)
        replan_repo.save_active_contract(result.contract.model_copy(update={
            "plan_version": 3, "command_seq": 3,
        }), plan_id="plan", robot_id="robot")
>       with pytest.raises(ValueError):
E       Failed: DID NOT RAISE <class 'ValueError'>

tests/test_replan_activation.py:608: Failed
_ test_start_receipt_for_old_active_version_is_rejected_even_after_previous_start[sqlite] _

replan_repo = <cloud_edge_robot_arm.repositories.event_autonomy.sqlite.SQLiteEventAutonomyRepository object at 0x7339965c8710>

    def test_start_receipt_for_old_active_version_is_rejected_even_after_previous_start(replan_repo):
        from cloud_edge_robot_arm.cloud.replanning.apply_service import ReplanApplyService
        from cloud_edge_robot_arm.contracts.models import ReplanExecutionReceipt
        request, response = setup_replan(replan_repo)
        service = ReplanApplyService(repository=replan_repo, dispatcher=MockStagedGateway(),
                                    submit_guard=submit_proof, clock=lambda: NOW)
        result = service.apply(request=request, response=response)
        receipt = ReplanExecutionReceipt(
            repair_id=result.record.repair_id, task_id="task", plan_version=2, command_seq=2,
            activation_token="mock-token", payload_hash=result.record.payload_hash,
            event_id="MOCK-start", occurred_at=NOW,
        )
        service.confirm_execution_started(receipt)
        replan_repo.save_active_contract(result.contract.model_copy(update={
            "plan_version": 3, "command_seq": 3,
        }), plan_id="plan", robot_id="robot")
>       with pytest.raises(ValueError):
E       Failed: DID NOT RAISE <class 'ValueError'>

tests/test_replan_activation.py:608: Failed
=========================== short test summary info ============================
FAILED tests/test_replan_activation.py::test_simultaneous_apply_claims_stage_once[False]
FAILED tests/test_replan_activation.py::test_simultaneous_apply_claims_stage_once[True]
FAILED tests/test_replan_activation.py::test_start_receipt_for_old_active_version_is_rejected_even_after_previous_start[memory]
FAILED tests/test_replan_activation.py::test_start_receipt_for_old_active_version_is_rejected_even_after_previous_start[sqlite]
4 failed, 4 passed, 31 deselected in 1.71s

Executed command: .venv/bin/python -m pytest -q tests/test_replan_activation.py -k "simultaneous or old_active"
Observed exit code: 1
