FFFFFFFFFFFFFF..FF                                                       [100%]
=================================== FAILURES ===================================
_______ test_start_cannot_precede_actual_stage_or_resume_ack[memory-0.0] _______

replan_repo = <cloud_edge_robot_arm.repositories.event_autonomy.memory.InMemoryEventAutonomyRepository object at 0x73fd68ec1d00>
start_offset = 0.0

    @pytest.mark.parametrize("start_offset", [0., .6])
    def test_start_cannot_precede_actual_stage_or_resume_ack(replan_repo, start_offset):
        service, result = temporal_activation(replan_repo)
        assert result.record.status == "ACTIVATED"
>       with pytest.raises(ValueError):
E       Failed: DID NOT RAISE <class 'ValueError'>

tests/test_replan_activation.py:1208: Failed
_______ test_start_cannot_precede_actual_stage_or_resume_ack[memory-0.6] _______

replan_repo = <cloud_edge_robot_arm.repositories.event_autonomy.memory.InMemoryEventAutonomyRepository object at 0x73fd67429940>
start_offset = 0.6

    @pytest.mark.parametrize("start_offset", [0., .6])
    def test_start_cannot_precede_actual_stage_or_resume_ack(replan_repo, start_offset):
        service, result = temporal_activation(replan_repo)
        assert result.record.status == "ACTIVATED"
>       with pytest.raises(ValueError):
E       Failed: DID NOT RAISE <class 'ValueError'>

tests/test_replan_activation.py:1208: Failed
_______ test_start_cannot_precede_actual_stage_or_resume_ack[sqlite-0.0] _______

replan_repo = <cloud_edge_robot_arm.repositories.event_autonomy.sqlite.SQLiteEventAutonomyRepository object at 0x73fd69016ba0>
start_offset = 0.0

    @pytest.mark.parametrize("start_offset", [0., .6])
    def test_start_cannot_precede_actual_stage_or_resume_ack(replan_repo, start_offset):
        service, result = temporal_activation(replan_repo)
        assert result.record.status == "ACTIVATED"
>       with pytest.raises(ValueError):
E       Failed: DID NOT RAISE <class 'ValueError'>

tests/test_replan_activation.py:1208: Failed
_______ test_start_cannot_precede_actual_stage_or_resume_ack[sqlite-0.6] _______

replan_repo = <cloud_edge_robot_arm.repositories.event_autonomy.sqlite.SQLiteEventAutonomyRepository object at 0x73fd69015d00>
start_offset = 0.6

    @pytest.mark.parametrize("start_offset", [0., .6])
    def test_start_cannot_precede_actual_stage_or_resume_ack(replan_repo, start_offset):
        service, result = temporal_activation(replan_repo)
        assert result.record.status == "ACTIVATED"
>       with pytest.raises(ValueError):
E       Failed: DID NOT RAISE <class 'ValueError'>

tests/test_replan_activation.py:1208: Failed
________ test_actual_resume_ack_cannot_precede_stage_ack[memory-False] _________

replan_repo = <cloud_edge_robot_arm.repositories.event_autonomy.memory.InMemoryEventAutonomyRepository object at 0x73fd69015fd0>
resume_accepted = False

    @pytest.mark.parametrize("resume_accepted", [False, True])
    def test_actual_resume_ack_cannot_precede_stage_ack(replan_repo, resume_accepted):
        _, result = temporal_activation(replan_repo, resume_offset=0.,
                                        resume_accepted=resume_accepted)
        assert result.applied and result.record.status == "ACTIVATED"
>       assert result.errors and result.record.resume_ack is None
E       AssertionError: assert (['actual resume acknowledgement rejected; coordination required'] and CommandAck(task_id='task', plan_version=2, command_seq=2, timestamp=datetime.datetime(2026, 10, 4, 0, 0, tzinfo=dateti... 'activation_token': 'mock-token', 'payload_hash': '2f2d385e0f18708c13759ae9614f19fa6edef874c38b89cbfc7e1da737177fc4'}) is None)
E        +  where ['actual resume acknowledgement rejected; coordination required'] = ReplanApplyResult(applied=True, record=ReplanApplyRecord(apply_id='apply-request', request_id='request', task_id='task...9614f19fa6edef874c38b89cbfc7e1da737177fc4'}), errors=['actual resume acknowledgement rejected; coordination required']).errors
E        +  and   CommandAck(task_id='task', plan_version=2, command_seq=2, timestamp=datetime.datetime(2026, 10, 4, 0, 0, tzinfo=dateti... 'activation_token': 'mock-token', 'payload_hash': '2f2d385e0f18708c13759ae9614f19fa6edef874c38b89cbfc7e1da737177fc4'}) = ReplanApplyRecord(apply_id='apply-request', request_id='request', task_id='task', plan_id='plan', robot_id='robot', pr...'mock-token', 'payload_hash': '2f2d385e0f18708c13759ae9614f19fa6edef874c38b89cbfc7e1da737177fc4'}), start_receipt=None).resume_ack
E        +    where ReplanApplyRecord(apply_id='apply-request', request_id='request', task_id='task', plan_id='plan', robot_id='robot', pr...'mock-token', 'payload_hash': '2f2d385e0f18708c13759ae9614f19fa6edef874c38b89cbfc7e1da737177fc4'}), start_receipt=None) = ReplanApplyResult(applied=True, record=ReplanApplyRecord(apply_id='apply-request', request_id='request', task_id='task...9614f19fa6edef874c38b89cbfc7e1da737177fc4'}), errors=['actual resume acknowledgement rejected; coordination required']).record

tests/test_replan_activation.py:1221: AssertionError
_________ test_actual_resume_ack_cannot_precede_stage_ack[memory-True] _________

replan_repo = <cloud_edge_robot_arm.repositories.event_autonomy.memory.InMemoryEventAutonomyRepository object at 0x73fd69047080>
resume_accepted = True

    @pytest.mark.parametrize("resume_accepted", [False, True])
    def test_actual_resume_ack_cannot_precede_stage_ack(replan_repo, resume_accepted):
        _, result = temporal_activation(replan_repo, resume_offset=0.,
                                        resume_accepted=resume_accepted)
        assert result.applied and result.record.status == "ACTIVATED"
>       assert result.errors and result.record.resume_ack is None
E       AssertionError: assert ([])
E        +  where [] = ReplanApplyResult(applied=True, record=ReplanApplyRecord(apply_id='apply-request', request_id='request', task_id='task..._token': 'mock-token', 'payload_hash': '2f2d385e0f18708c13759ae9614f19fa6edef874c38b89cbfc7e1da737177fc4'}), errors=[]).errors

tests/test_replan_activation.py:1221: AssertionError
________ test_actual_resume_ack_cannot_precede_stage_ack[sqlite-False] _________

replan_repo = <cloud_edge_robot_arm.repositories.event_autonomy.sqlite.SQLiteEventAutonomyRepository object at 0x73fd647c4110>
resume_accepted = False

    @pytest.mark.parametrize("resume_accepted", [False, True])
    def test_actual_resume_ack_cannot_precede_stage_ack(replan_repo, resume_accepted):
        _, result = temporal_activation(replan_repo, resume_offset=0.,
                                        resume_accepted=resume_accepted)
        assert result.applied and result.record.status == "ACTIVATED"
>       assert result.errors and result.record.resume_ack is None
E       AssertionError: assert (['actual resume acknowledgement rejected; coordination required'] and CommandAck(task_id='task', plan_version=2, command_seq=2, timestamp=datetime.datetime(2026, 10, 4, 0, 0, tzinfo=dateti... 'activation_token': 'mock-token', 'payload_hash': '2f2d385e0f18708c13759ae9614f19fa6edef874c38b89cbfc7e1da737177fc4'}) is None)
E        +  where ['actual resume acknowledgement rejected; coordination required'] = ReplanApplyResult(applied=True, record=ReplanApplyRecord(apply_id='apply-request', request_id='request', task_id='task...9614f19fa6edef874c38b89cbfc7e1da737177fc4'}), errors=['actual resume acknowledgement rejected; coordination required']).errors
E        +  and   CommandAck(task_id='task', plan_version=2, command_seq=2, timestamp=datetime.datetime(2026, 10, 4, 0, 0, tzinfo=dateti... 'activation_token': 'mock-token', 'payload_hash': '2f2d385e0f18708c13759ae9614f19fa6edef874c38b89cbfc7e1da737177fc4'}) = ReplanApplyRecord(apply_id='apply-request', request_id='request', task_id='task', plan_id='plan', robot_id='robot', pr...'mock-token', 'payload_hash': '2f2d385e0f18708c13759ae9614f19fa6edef874c38b89cbfc7e1da737177fc4'}), start_receipt=None).resume_ack
E        +    where ReplanApplyRecord(apply_id='apply-request', request_id='request', task_id='task', plan_id='plan', robot_id='robot', pr...'mock-token', 'payload_hash': '2f2d385e0f18708c13759ae9614f19fa6edef874c38b89cbfc7e1da737177fc4'}), start_receipt=None) = ReplanApplyResult(applied=True, record=ReplanApplyRecord(apply_id='apply-request', request_id='request', task_id='task...9614f19fa6edef874c38b89cbfc7e1da737177fc4'}), errors=['actual resume acknowledgement rejected; coordination required']).record

tests/test_replan_activation.py:1221: AssertionError
_________ test_actual_resume_ack_cannot_precede_stage_ack[sqlite-True] _________

replan_repo = <cloud_edge_robot_arm.repositories.event_autonomy.sqlite.SQLiteEventAutonomyRepository object at 0x73fd64762750>
resume_accepted = True

    @pytest.mark.parametrize("resume_accepted", [False, True])
    def test_actual_resume_ack_cannot_precede_stage_ack(replan_repo, resume_accepted):
        _, result = temporal_activation(replan_repo, resume_offset=0.,
                                        resume_accepted=resume_accepted)
        assert result.applied and result.record.status == "ACTIVATED"
>       assert result.errors and result.record.resume_ack is None
E       AssertionError: assert ([])
E        +  where [] = ReplanApplyResult(applied=True, record=ReplanApplyRecord(apply_id='apply-request', request_id='request', task_id='task..._token': 'mock-token', 'payload_hash': '2f2d385e0f18708c13759ae9614f19fa6edef874c38b89cbfc7e1da737177fc4'}), errors=[]).errors

tests/test_replan_activation.py:1221: AssertionError
_____ test_repository_cannot_accept_rehashed_start_before_ack[memory-0.0] ______

replan_repo = <cloud_edge_robot_arm.repositories.event_autonomy.memory.InMemoryEventAutonomyRepository object at 0x73fd69b30c20>
start_offset = 0.0

    @pytest.mark.parametrize("start_offset", [0., .6])
    def test_repository_cannot_accept_rehashed_start_before_ack(replan_repo, start_offset):
        _, result = temporal_activation(replan_repo)
        record = result.record.model_copy(update={
            "status": "EXECUTION_STARTED", "start_receipt": temporal_receipt(result.record, start_offset),
            "executing_plan_version": 2, "executing_command_seq": 2, "apply_hash": "",
        }, deep=True)
        record = record.model_copy(update={"apply_hash": record.content_hash()}, deep=True)
>       with pytest.raises(ValueError):
E       Failed: DID NOT RAISE <class 'ValueError'>

tests/test_replan_activation.py:1234: Failed
_____ test_repository_cannot_accept_rehashed_start_before_ack[memory-0.6] ______

replan_repo = <cloud_edge_robot_arm.repositories.event_autonomy.memory.InMemoryEventAutonomyRepository object at 0x73fd68fc7ce0>
start_offset = 0.6

    @pytest.mark.parametrize("start_offset", [0., .6])
    def test_repository_cannot_accept_rehashed_start_before_ack(replan_repo, start_offset):
        _, result = temporal_activation(replan_repo)
        record = result.record.model_copy(update={
            "status": "EXECUTION_STARTED", "start_receipt": temporal_receipt(result.record, start_offset),
            "executing_plan_version": 2, "executing_command_seq": 2, "apply_hash": "",
        }, deep=True)
        record = record.model_copy(update={"apply_hash": record.content_hash()}, deep=True)
>       with pytest.raises(ValueError):
E       Failed: DID NOT RAISE <class 'ValueError'>

tests/test_replan_activation.py:1234: Failed
_____ test_repository_cannot_accept_rehashed_start_before_ack[sqlite-0.0] ______

replan_repo = <cloud_edge_robot_arm.repositories.event_autonomy.sqlite.SQLiteEventAutonomyRepository object at 0x73fd647c40e0>
start_offset = 0.0

    @pytest.mark.parametrize("start_offset", [0., .6])
    def test_repository_cannot_accept_rehashed_start_before_ack(replan_repo, start_offset):
        _, result = temporal_activation(replan_repo)
        record = result.record.model_copy(update={
            "status": "EXECUTION_STARTED", "start_receipt": temporal_receipt(result.record, start_offset),
            "executing_plan_version": 2, "executing_command_seq": 2, "apply_hash": "",
        }, deep=True)
        record = record.model_copy(update={"apply_hash": record.content_hash()}, deep=True)
>       with pytest.raises(ValueError):
E       Failed: DID NOT RAISE <class 'ValueError'>

tests/test_replan_activation.py:1234: Failed
_____ test_repository_cannot_accept_rehashed_start_before_ack[sqlite-0.6] ______

replan_repo = <cloud_edge_robot_arm.repositories.event_autonomy.sqlite.SQLiteEventAutonomyRepository object at 0x73fd647c4890>
start_offset = 0.6

    @pytest.mark.parametrize("start_offset", [0., .6])
    def test_repository_cannot_accept_rehashed_start_before_ack(replan_repo, start_offset):
        _, result = temporal_activation(replan_repo)
        record = result.record.model_copy(update={
            "status": "EXECUTION_STARTED", "start_receipt": temporal_receipt(result.record, start_offset),
            "executing_plan_version": 2, "executing_command_seq": 2, "apply_hash": "",
        }, deep=True)
        record = record.model_copy(update={"apply_hash": record.content_hash()}, deep=True)
>       with pytest.raises(ValueError):
E       Failed: DID NOT RAISE <class 'ValueError'>

tests/test_replan_activation.py:1234: Failed
______ test_repository_cannot_accept_rehashed_resume_before_stage[memory] ______

replan_repo = <cloud_edge_robot_arm.repositories.event_autonomy.memory.InMemoryEventAutonomyRepository object at 0x73fd647c4500>

    def test_repository_cannot_accept_rehashed_resume_before_stage(replan_repo):
        _, result = temporal_activation(replan_repo, timeout=True)
        assert result.record.resume_ack is None
        record = result.record.model_copy(update={
            "resume_ack": result.record.stage_ack.model_copy(update={"timestamp": NOW}),
            "apply_hash": "",
        }, deep=True)
        record = record.model_copy(update={"apply_hash": record.content_hash()}, deep=True)
>       with pytest.raises(ValueError):
E       Failed: DID NOT RAISE <class 'ValueError'>

tests/test_replan_activation.py:1247: Failed
______ test_repository_cannot_accept_rehashed_resume_before_stage[sqlite] ______

replan_repo = <cloud_edge_robot_arm.repositories.event_autonomy.sqlite.SQLiteEventAutonomyRepository object at 0x73fd647c7350>

    def test_repository_cannot_accept_rehashed_resume_before_stage(replan_repo):
        _, result = temporal_activation(replan_repo, timeout=True)
        assert result.record.resume_ack is None
        record = result.record.model_copy(update={
            "resume_ack": result.record.stage_ack.model_copy(update={"timestamp": NOW}),
            "apply_hash": "",
        }, deep=True)
        record = record.model_copy(update={"apply_hash": record.content_hash()}, deep=True)
>       with pytest.raises(ValueError):
E       Failed: DID NOT RAISE <class 'ValueError'>

tests/test_replan_activation.py:1247: Failed
_______ test_resume_timeout_does_not_fabricate_ack_or_start_time[memory] _______

replan_repo = <cloud_edge_robot_arm.repositories.event_autonomy.memory.InMemoryEventAutonomyRepository object at 0x73fd669cf0e0>

    def test_resume_timeout_does_not_fabricate_ack_or_start_time(replan_repo):
        service, result = temporal_activation(replan_repo, timeout=True)
        saved = replan_repo.get_replan_apply_record(result.record.apply_id)
        assert saved.status == "ACTIVATED" and saved.resume_ack is None and saved.start_receipt is None
>       with pytest.raises(ValueError):
E       Failed: DID NOT RAISE <class 'ValueError'>

tests/test_replan_activation.py:1265: Failed
_______ test_resume_timeout_does_not_fabricate_ack_or_start_time[sqlite] _______

replan_repo = <cloud_edge_robot_arm.repositories.event_autonomy.sqlite.SQLiteEventAutonomyRepository object at 0x73fd647df3e0>

    def test_resume_timeout_does_not_fabricate_ack_or_start_time(replan_repo):
        service, result = temporal_activation(replan_repo, timeout=True)
        saved = replan_repo.get_replan_apply_record(result.record.apply_id)
        assert saved.status == "ACTIVATED" and saved.resume_ack is None and saved.start_receipt is None
>       with pytest.raises(ValueError):
E       Failed: DID NOT RAISE <class 'ValueError'>

tests/test_replan_activation.py:1265: Failed
=========================== short test summary info ============================
FAILED tests/test_replan_activation.py::test_start_cannot_precede_actual_stage_or_resume_ack[memory-0.0]
FAILED tests/test_replan_activation.py::test_start_cannot_precede_actual_stage_or_resume_ack[memory-0.6]
FAILED tests/test_replan_activation.py::test_start_cannot_precede_actual_stage_or_resume_ack[sqlite-0.0]
FAILED tests/test_replan_activation.py::test_start_cannot_precede_actual_stage_or_resume_ack[sqlite-0.6]
FAILED tests/test_replan_activation.py::test_actual_resume_ack_cannot_precede_stage_ack[memory-False]
FAILED tests/test_replan_activation.py::test_actual_resume_ack_cannot_precede_stage_ack[memory-True]
FAILED tests/test_replan_activation.py::test_actual_resume_ack_cannot_precede_stage_ack[sqlite-False]
FAILED tests/test_replan_activation.py::test_actual_resume_ack_cannot_precede_stage_ack[sqlite-True]
FAILED tests/test_replan_activation.py::test_repository_cannot_accept_rehashed_start_before_ack[memory-0.0]
FAILED tests/test_replan_activation.py::test_repository_cannot_accept_rehashed_start_before_ack[memory-0.6]
FAILED tests/test_replan_activation.py::test_repository_cannot_accept_rehashed_start_before_ack[sqlite-0.0]
FAILED tests/test_replan_activation.py::test_repository_cannot_accept_rehashed_start_before_ack[sqlite-0.6]
FAILED tests/test_replan_activation.py::test_repository_cannot_accept_rehashed_resume_before_stage[memory]
FAILED tests/test_replan_activation.py::test_repository_cannot_accept_rehashed_resume_before_stage[sqlite]
FAILED tests/test_replan_activation.py::test_resume_timeout_does_not_fabricate_ack_or_start_time[memory]
FAILED tests/test_replan_activation.py::test_resume_timeout_does_not_fabricate_ack_or_start_time[sqlite]
16 failed, 2 passed, 85 deselected in 3.02s

COMMAND: .venv/bin/python -m pytest -q tests/test_replan_activation.py -k "precede or rehashed_start or rehashed_resume or actual_resume_time or fabricate_ack_or_start_time"
OBSERVED_EXIT_CODE: 1
