FF.............................................                          [100%]
=================================== FAILURES ===================================
_________________ test_phase62_dryrun_prepares_without_resume __________________

    def test_phase62_dryrun_prepares_without_resume() -> None:
        contract = _contract(retry_limit=1)
        robot = _robot(grasp_failures=2)
        runtime_repo = InMemoryRepository()
        event_repo = InMemoryEventAutonomyRepository()
        controller = EventTriggeredModeController(repository=event_repo)
    
        first = TaskExecutor(
            robot=robot,
            shield=SafetyShield(),
            repository=runtime_repo,
            event_controller=controller,
        ).submit_contract(contract.model_dump(mode="json"))
    
        assert first.success is False
        assert first.error is not None and first.error.code == "CLOUD_REPLAN_REQUIRED"
        assert [entry.action_type for entry in robot.history] == ["APPROACH", "GRASP", "GRASP"]
        request = _request_from_outbox(event_repo, contract.task_id)
        failed_checkpoint = event_repo.get_latest_execution_checkpoint(contract.task_id)
        assert failed_checkpoint is not None
        assert failed_checkpoint.completed_step_ids == ["approach"]
        assert failed_checkpoint.failed_step_id == "grasp"
        assert event_repo.get_failure_summary(request.failure_summary_id) is not None
        assert event_repo.get_active_contract(contract.task_id).plan_version == 1  # type: ignore[union-attr]
    
        response = LocalReplanningService(
            adapter=RuleBasedReplannerAdapter(),
            repository=event_repo,
            apply_service=ReplanApplyService(repository=event_repo, dispatcher=None),
>       ).process(request, apply=True, dispatch=False)
          ^^^^^^^^^^^^^^^^^^^^^^^^^^^^^^^^^^^^^^^^^^^^

tests/test_phase6_2_replan_resume.py:250: 
_ _ _ _ _ _ _ _ _ _ _ _ _ _ _ _ _ _ _ _ _ _ _ _ _ _ _ _ _ _ _ _ _ _ _ _ _ _ _ _ 
src/cloud_edge_robot_arm/cloud/replanning/service.py:123: in process
    return self._repo.save_replan_result(conflict)
           ^^^^^^^^^^^^^^^^^^^^^^^^^^^^^^^^^^^^^^^
src/cloud_edge_robot_arm/repositories/event_autonomy/memory.py:350: in save_replan_result
    self._ensure_same_hash(
_ _ _ _ _ _ _ _ _ _ _ _ _ _ _ _ _ _ _ _ _ _ _ _ _ _ _ _ _ _ _ _ _ _ _ _ _ _ _ _ 

entity = 'LocalReplanningResponse'
key = 'replan-req-task-phase62-evt-20261004095508980632-grasp_failed'
existing_hash = 'ce7f1011c92a9038d4a59497f42fb90ed7057f9922751649a049aedaf34dbde1'
new_hash = '745c6cf2897fa30a005d412e54e1c525c285191dfc935967f85e000629400f64'

    @staticmethod
    def _ensure_same_hash(entity: str, key: str, existing_hash: str, new_hash: str) -> None:
        if existing_hash != new_hash:
>           raise IdempotencyConflictError(f"{entity} idempotency conflict for key {key!r}")
E           cloud_edge_robot_arm.repositories.event_autonomy.protocol.IdempotencyConflictError: LocalReplanningResponse idempotency conflict for key 'replan-req-task-phase62-evt-20261004095508980632-grasp_failed'

src/cloud_edge_robot_arm/repositories/event_autonomy/memory.py:113: IdempotencyConflictError
_______ test_phase62_completed_grasp_not_regenerated_after_place_failure _______

    def test_phase62_completed_grasp_not_regenerated_after_place_failure() -> None:
        contract = _contract(task_id="task-place-fail", retry_limit=1)
        repo = InMemoryEventAutonomyRepository()
        repo.save_active_contract(contract, plan_id="plan-task-place-fail", robot_id="robot-unknown")
        now = datetime.now(UTC)
        event = repo.save_event(
            EdgeEvent(
                task_id=contract.task_id,
                plan_version=1,
                command_seq=1,
                timestamp=now,
                event_id="evt-place",
                event_type=EdgeEventType.PLACE_FAILED,
                step_id="place",
                severity="ERROR",
                robot_id="robot-unknown",
                plan_id="plan-task-place-fail",
                scene_version=1,
            )
        )
        summary = repo.save_failure_summary(
            FailureSummary(
                task_id=contract.task_id,
                plan_version=1,
                command_seq=1,
                timestamp=now,
                summary_id="fs-place",
                failure_event_id=event.event_id,
                failed_step_id="place",
                completed_step_ids=["approach", "grasp", "lift", "move-region"],
                reason="place failed",
                local_retry_count=1,
                recovery_hint="replan place",
                robot_id="robot-unknown",
                plan_id="plan-task-place-fail",
                requested_replan_scope="CURRENT_STEP",
            )
        )
        checkpoint = ExecutionCheckpoint(
            checkpoint_id="ckpt-place",
            task_id=contract.task_id,
            plan_id="plan-task-place-fail",
            robot_id="robot-unknown",
            plan_version=1,
            command_seq=1,
            current_step_id="place",
            current_step_index=4,
            failed_step_id="place",
            last_successful_step_id="move-region",
            completed_step_ids=["approach", "grasp", "lift", "move-region"],
            pending_step_ids=["place", "release", "verify"],
            scene_version=1,
            execution_state="WAITING_CLOUD_REPLAN",
        )
        repo.save_execution_checkpoint(checkpoint)
        request = repo.save_replan_request(
            LocalReplanningRequest(
                request_id="req-place",
                trigger_event_id=event.event_id,
                failure_summary_id=summary.summary_id,
                robot_id="robot-unknown",
                task_id=contract.task_id,
                plan_id="plan-task-place-fail",
                current_plan_version=1,
                current_command_seq=1,
                requested_replan_scope="CURRENT_STEP",
                completed_step_ids=list(checkpoint.completed_step_ids),
                failed_step_id="place",
                last_successful_step_id="move-region",
                current_scene_version=1,
            )
        )
>       response = LocalReplanningService(adapter=RuleBasedReplannerAdapter(), repository=repo).process(
            request,
            apply=True,
            dispatch=False,
        )

tests/test_phase6_2_replan_resume.py:343: 
_ _ _ _ _ _ _ _ _ _ _ _ _ _ _ _ _ _ _ _ _ _ _ _ _ _ _ _ _ _ _ _ _ _ _ _ _ _ _ _ 
src/cloud_edge_robot_arm/cloud/replanning/service.py:123: in process
    return self._repo.save_replan_result(conflict)
           ^^^^^^^^^^^^^^^^^^^^^^^^^^^^^^^^^^^^^^^
src/cloud_edge_robot_arm/repositories/event_autonomy/memory.py:350: in save_replan_result
    self._ensure_same_hash(
_ _ _ _ _ _ _ _ _ _ _ _ _ _ _ _ _ _ _ _ _ _ _ _ _ _ _ _ _ _ _ _ _ _ _ _ _ _ _ _ 

entity = 'LocalReplanningResponse', key = 'req-place'
existing_hash = 'b915eb42197d40f37ad0afa13a7c04331067c123620cee31aee47ed13478f387'
new_hash = '3b54bd7313d2cd0cd645c0cf186e49a63d49a9e8f5f88d7e3b9a19b9f3e5d881'

    @staticmethod
    def _ensure_same_hash(entity: str, key: str, existing_hash: str, new_hash: str) -> None:
        if existing_hash != new_hash:
>           raise IdempotencyConflictError(f"{entity} idempotency conflict for key {key!r}")
E           cloud_edge_robot_arm.repositories.event_autonomy.protocol.IdempotencyConflictError: LocalReplanningResponse idempotency conflict for key 'req-place'

src/cloud_edge_robot_arm/repositories/event_autonomy/memory.py:113: IdempotencyConflictError
=========================== short test summary info ============================
FAILED tests/test_phase6_2_replan_resume.py::test_phase62_dryrun_prepares_without_resume
FAILED tests/test_phase6_2_replan_resume.py::test_phase62_completed_grasp_not_regenerated_after_place_failure
2 failed, 45 passed in 5.91s
