FF                                                                       [100%]
=================================== FAILURES ===================================
____ test_start_event_identity_cannot_be_reused_for_another_repair[memory] _____

replan_repo = <cloud_edge_robot_arm.repositories.event_autonomy.memory.InMemoryEventAutonomyRepository object at 0x78716844e450>

    def test_start_event_identity_cannot_be_reused_for_another_repair(replan_repo):
        from dataclasses import replace
        from cloud_edge_robot_arm.cloud.replanning.apply_service import ReplanApplyService
        from cloud_edge_robot_arm.contracts.models import ReplanExecutionReceipt
        request, response = setup_replan(replan_repo)
        service = ReplanApplyService(repository=replan_repo, dispatcher=MockStagedGateway(),
                                    submit_guard=submit_proof, clock=lambda: NOW)
        first = service.apply(request=request, response=response)
        receipt = ReplanExecutionReceipt(
            repair_id=first.record.repair_id, task_id="task", plan_version=2, command_seq=2,
            activation_token="mock-token", payload_hash=first.record.payload_hash,
            event_id="MOCK-unique-start", occurred_at=NOW,
        )
        service.confirm_execution_started(receipt)
        event = replan_repo.get_event("failure")
        replan_repo.save_event(event.model_copy(update={"event_id": "failure2", "plan_version": 2,
                                                        "command_seq": 2, "step_id": "repair-grasp"}))
        summary = replan_repo.get_failure_summary("summary")
        replan_repo.save_failure_summary(summary.model_copy(update={
            "summary_id": "summary2", "summary_hash": "", "failure_event_id": "failure2",
            "plan_version": 2, "command_seq": 2, "failed_step_id": "repair-grasp",
        }))
        checkpoint = replan_repo.get_latest_execution_checkpoint("task")
        replan_repo.save_execution_checkpoint(checkpoint.model_copy(update={
            "checkpoint_id": "checkpoint2", "checkpoint_hash": "", "plan_version": 2,
            "command_seq": 2, "failed_step_id": "repair-grasp",
        }))
        second_request = request.model_copy(update={
            "request_id": "request2", "current_plan_version": 2, "current_command_seq": 2,
            "trigger_event_id": "failure2", "failure_summary_id": "summary2",
            "failed_step_id": "repair-grasp",
        })
        second_response = response.model_copy(update={
            "request_id": "request2", "new_plan_version": 3, "new_command_seq": 3,
            "new_steps": [response.new_steps[0].model_copy(update={"step_id": "repair-again"})],
        })
        def version3_proof(*args):
            proof = submit_proof(*args)
            return replace(proof, decision=replace(proof.decision, plan_version=3, command_seq=3),
                           current=replace(proof.current, plan_version=3, command_seq=3),
                           action=replace(proof.action, plan_version=3, command_seq=3),
                           online_evidence=replace(proof.online_evidence, plan_version=3, command_seq=3))
        second_service = ReplanApplyService(repository=replan_repo, dispatcher=MockStagedGateway(),
                                           submit_guard=version3_proof, clock=lambda: NOW)
        second = second_service.apply(request=second_request, response=second_response)
        assert second.record.status == "ACTIVATED"
>       with pytest.raises(ValueError):
E       Failed: DID NOT RAISE <class 'ValueError'>

tests/test_replan_activation.py:937: Failed
____ test_start_event_identity_cannot_be_reused_for_another_repair[sqlite] _____

replan_repo = <cloud_edge_robot_arm.repositories.event_autonomy.sqlite.SQLiteEventAutonomyRepository object at 0x787163dbd640>

    def test_start_event_identity_cannot_be_reused_for_another_repair(replan_repo):
        from dataclasses import replace
        from cloud_edge_robot_arm.cloud.replanning.apply_service import ReplanApplyService
        from cloud_edge_robot_arm.contracts.models import ReplanExecutionReceipt
        request, response = setup_replan(replan_repo)
        service = ReplanApplyService(repository=replan_repo, dispatcher=MockStagedGateway(),
                                    submit_guard=submit_proof, clock=lambda: NOW)
        first = service.apply(request=request, response=response)
        receipt = ReplanExecutionReceipt(
            repair_id=first.record.repair_id, task_id="task", plan_version=2, command_seq=2,
            activation_token="mock-token", payload_hash=first.record.payload_hash,
            event_id="MOCK-unique-start", occurred_at=NOW,
        )
        service.confirm_execution_started(receipt)
        event = replan_repo.get_event("failure")
        replan_repo.save_event(event.model_copy(update={"event_id": "failure2", "plan_version": 2,
                                                        "command_seq": 2, "step_id": "repair-grasp"}))
        summary = replan_repo.get_failure_summary("summary")
        replan_repo.save_failure_summary(summary.model_copy(update={
            "summary_id": "summary2", "summary_hash": "", "failure_event_id": "failure2",
            "plan_version": 2, "command_seq": 2, "failed_step_id": "repair-grasp",
        }))
        checkpoint = replan_repo.get_latest_execution_checkpoint("task")
        replan_repo.save_execution_checkpoint(checkpoint.model_copy(update={
            "checkpoint_id": "checkpoint2", "checkpoint_hash": "", "plan_version": 2,
            "command_seq": 2, "failed_step_id": "repair-grasp",
        }))
        second_request = request.model_copy(update={
            "request_id": "request2", "current_plan_version": 2, "current_command_seq": 2,
            "trigger_event_id": "failure2", "failure_summary_id": "summary2",
            "failed_step_id": "repair-grasp",
        })
        second_response = response.model_copy(update={
            "request_id": "request2", "new_plan_version": 3, "new_command_seq": 3,
            "new_steps": [response.new_steps[0].model_copy(update={"step_id": "repair-again"})],
        })
        def version3_proof(*args):
            proof = submit_proof(*args)
            return replace(proof, decision=replace(proof.decision, plan_version=3, command_seq=3),
                           current=replace(proof.current, plan_version=3, command_seq=3),
                           action=replace(proof.action, plan_version=3, command_seq=3),
                           online_evidence=replace(proof.online_evidence, plan_version=3, command_seq=3))
        second_service = ReplanApplyService(repository=replan_repo, dispatcher=MockStagedGateway(),
                                           submit_guard=version3_proof, clock=lambda: NOW)
        second = second_service.apply(request=second_request, response=second_response)
        assert second.record.status == "ACTIVATED"
>       with pytest.raises(ValueError):
E       Failed: DID NOT RAISE <class 'ValueError'>

tests/test_replan_activation.py:937: Failed
=========================== short test summary info ============================
FAILED tests/test_replan_activation.py::test_start_event_identity_cannot_be_reused_for_another_repair[memory]
FAILED tests/test_replan_activation.py::test_start_event_identity_cannot_be_reused_for_another_repair[sqlite]
2 failed, 60 deselected in 0.85s

Executed command: .venv/bin/python -m pytest -q tests/test_replan_activation.py -k start_event_identity
Observed exit code: 1
