FFFFFF                                                                   [100%]
=================================== FAILURES ===================================
_ test_real_render_disabled_passive_two_steps_have_ordered_actual_begin_end_and_old_observers _

    def test_real_render_disabled_passive_two_steps_have_ordered_actual_begin_end_and_old_observers():
>       boundary_api()

tests/test_visual_raw_recorder_v3.py:56: 
_ _ _ _ _ _ _ _ _ _ _ _ _ _ _ _ _ _ _ _ _ _ _ _ _ _ _ _ _ _ _ _ _ _ _ _ _ _ _ _ 

    def boundary_api():
>       assert hasattr(MuJoCoPhysicsBackend, "observe_operation_boundaries"), "paired readonly operation boundaries are missing"
E       AssertionError: paired readonly operation boundaries are missing
E       assert False
E        +  where False = hasattr(MuJoCoPhysicsBackend, 'observe_operation_boundaries')

tests/test_visual_raw_recorder_v3.py:17: AssertionError
_ test_nested_new_hook_and_callback_reentrant_mutation_reject_without_extra_steps _

    def test_nested_new_hook_and_callback_reentrant_mutation_reject_without_extra_steps():
>       boundary_api()

tests/test_visual_raw_recorder_v3.py:81: 
_ _ _ _ _ _ _ _ _ _ _ _ _ _ _ _ _ _ _ _ _ _ _ _ _ _ _ _ _ _ _ _ _ _ _ _ _ _ _ _ 

    def boundary_api():
>       assert hasattr(MuJoCoPhysicsBackend, "observe_operation_boundaries"), "paired readonly operation boundaries are missing"
E       AssertionError: paired readonly operation boundaries are missing
E       assert False
E        +  where False = hasattr(MuJoCoPhysicsBackend, 'observe_operation_boundaries')

tests/test_visual_raw_recorder_v3.py:17: AssertionError
_ test_observer_failure_cannot_suppress_hard_stop_or_erase_its_ordered_original_commands _

    def test_observer_failure_cannot_suppress_hard_stop_or_erase_its_ordered_original_commands():
>       boundary_api()

tests/test_visual_raw_recorder_v3.py:98: 
_ _ _ _ _ _ _ _ _ _ _ _ _ _ _ _ _ _ _ _ _ _ _ _ _ _ _ _ _ _ _ _ _ _ _ _ _ _ _ _ 

    def boundary_api():
>       assert hasattr(MuJoCoPhysicsBackend, "observe_operation_boundaries"), "paired readonly operation boundaries are missing"
E       AssertionError: paired readonly operation boundaries are missing
E       assert False
E        +  where False = hasattr(MuJoCoPhysicsBackend, 'observe_operation_boundaries')

tests/test_visual_raw_recorder_v3.py:17: AssertionError
_ test_original_command_exception_and_rejection_are_both_actual_operation_sources _

    def test_original_command_exception_and_rejection_are_both_actual_operation_sources():
>       boundary_api()

tests/test_visual_raw_recorder_v3.py:113: 
_ _ _ _ _ _ _ _ _ _ _ _ _ _ _ _ _ _ _ _ _ _ _ _ _ _ _ _ _ _ _ _ _ _ _ _ _ _ _ _ 

    def boundary_api():
>       assert hasattr(MuJoCoPhysicsBackend, "observe_operation_boundaries"), "paired readonly operation boundaries are missing"
E       AssertionError: paired readonly operation boundaries are missing
E       assert False
E        +  where False = hasattr(MuJoCoPhysicsBackend, 'observe_operation_boundaries')

tests/test_visual_raw_recorder_v3.py:17: AssertionError
___________ test_observer_payloads_are_detached_and_nested_readonly ____________

    def test_observer_payloads_are_detached_and_nested_readonly():
>       boundary_api()

tests/test_visual_raw_recorder_v3.py:129: 
_ _ _ _ _ _ _ _ _ _ _ _ _ _ _ _ _ _ _ _ _ _ _ _ _ _ _ _ _ _ _ _ _ _ _ _ _ _ _ _ 

    def boundary_api():
>       assert hasattr(MuJoCoPhysicsBackend, "observe_operation_boundaries"), "paired readonly operation boundaries are missing"
E       AssertionError: paired readonly operation boundaries are missing
E       assert False
E        +  where False = hasattr(MuJoCoPhysicsBackend, 'observe_operation_boundaries')

tests/test_visual_raw_recorder_v3.py:17: AssertionError
_ test_missing_recorder_module_qualifies_feature_red_before_any_actual_operation _

    def test_missing_recorder_module_qualifies_feature_red_before_any_actual_operation():
>       module = recorder_api()
                 ^^^^^^^^^^^^^^

tests/test_visual_raw_recorder_v3.py:145: 
_ _ _ _ _ _ _ _ _ _ _ _ _ _ _ _ _ _ _ _ _ _ _ _ _ _ _ _ _ _ _ _ _ _ _ _ _ _ _ _ 

    def recorder_api():
>       assert util.find_spec("cloud_edge_robot_arm.vision.raw_recorder_v3") is not None, "actual raw-v3 recorder module is missing"
E       AssertionError: actual raw-v3 recorder module is missing
E       assert None is not None
E        +  where None = <function find_spec at 0x716eb709f920>('cloud_edge_robot_arm.vision.raw_recorder_v3')
E        +    where <function find_spec at 0x716eb709f920> = util.find_spec

tests/test_visual_raw_recorder_v3.py:22: AssertionError
=========================== short test summary info ============================
FAILED tests/test_visual_raw_recorder_v3.py::test_real_render_disabled_passive_two_steps_have_ordered_actual_begin_end_and_old_observers
FAILED tests/test_visual_raw_recorder_v3.py::test_nested_new_hook_and_callback_reentrant_mutation_reject_without_extra_steps
FAILED tests/test_visual_raw_recorder_v3.py::test_observer_failure_cannot_suppress_hard_stop_or_erase_its_ordered_original_commands
FAILED tests/test_visual_raw_recorder_v3.py::test_original_command_exception_and_rejection_are_both_actual_operation_sources
FAILED tests/test_visual_raw_recorder_v3.py::test_observer_payloads_are_detached_and_nested_readonly
FAILED tests/test_visual_raw_recorder_v3.py::test_missing_recorder_module_qualifies_feature_red_before_any_actual_operation
6 failed in 0.29s
