FF..                                                                     [100%]
=================================== FAILURES ===================================
___ test_failure_events_cannot_share_one_execution_attempt_identity[memory] ____

lifecycle_repo = <cloud_edge_robot_arm.repositories.event_autonomy.memory.InMemoryEventAutonomyRepository object at 0x7f44e0150d40>

    def test_failure_events_cannot_share_one_execution_attempt_identity(lifecycle_repo):
        from dataclasses import replace
        saved = lifecycle_repo.initialize_recovery_if_absent(detected_record(lifecycle_repo))
        second = detected_record(lifecycle_repo, event_id="second-event", recovery_id="second-recovery")
>       with pytest.raises(ValueError):
E       Failed: DID NOT RAISE <class 'ValueError'>

tests/test_recovery_lifecycle_module.py:835: Failed
___ test_failure_events_cannot_share_one_execution_attempt_identity[sqlite] ____

lifecycle_repo = <cloud_edge_robot_arm.repositories.event_autonomy.sqlite.SQLiteEventAutonomyRepository object at 0x7f44de807ce0>

    def test_failure_events_cannot_share_one_execution_attempt_identity(lifecycle_repo):
        from dataclasses import replace
        saved = lifecycle_repo.initialize_recovery_if_absent(detected_record(lifecycle_repo))
        second = detected_record(lifecycle_repo, event_id="second-event", recovery_id="second-recovery")
>       with pytest.raises(ValueError):
E       Failed: DID NOT RAISE <class 'ValueError'>

tests/test_recovery_lifecycle_module.py:835: Failed
=========================== short test summary info ============================
FAILED tests/test_recovery_lifecycle_module.py::test_failure_events_cannot_share_one_execution_attempt_identity[memory]
FAILED tests/test_recovery_lifecycle_module.py::test_failure_events_cannot_share_one_execution_attempt_identity[sqlite]
2 failed, 2 passed, 112 deselected in 1.11s
