I001 [*] Import block is un-sorted or un-formatted
  --> src/cloud_edge_robot_arm/edge/recovery/lifecycle.py:3:1
   |
 1 |   """Durable verified recovery contracts; authorization and ACK are not resolution."""
 2 |
 3 | / from __future__ import annotations
 4 | |
 5 | | import hashlib
 6 | | import json
 7 | | from copy import deepcopy
 8 | | from collections.abc import Mapping
 9 | | from dataclasses import asdict, dataclass, field, fields, is_dataclass, replace
10 | | from datetime import UTC, datetime
11 | | from types import MappingProxyType
12 | | from typing import Any
13 | |
14 | | from cloud_edge_robot_arm.contracts.models import (
15 | |     ActiveTaskContractRecord, EdgeEvent, ExecutionCheckpoint, RecoveryBudget,
16 | |     ReplanExecutionReceipt, replan_payload_hash,
17 | | )
18 | | from cloud_edge_robot_arm.edge.evidence.conditions import ConditionSpec, OnlineEvidenceSnapshot
19 | | from cloud_edge_robot_arm.auto_mode.runtime_events import DecisionAction
20 | | from cloud_edge_robot_arm.edge.evidence.models import (
21 | |     ActionEvidenceContract, CommitContext, DecisionEnvelope,
22 | | )
23 | | from cloud_edge_robot_arm.edge.evidence.validator import validate_decision_commit, validate_evidence
24 | | from cloud_edge_robot_arm.edge.recovery.verification_router import (
25 | |     VerificationBudget,
26 | |     VerificationBudgetState,
27 | | )
   | |_^
   |
help: Organize imports

E501 Line too long (105 > 100)
   --> src/cloud_edge_robot_arm/edge/recovery/lifecycle.py:323:101
    |
321 |         return ("authorization_budget_or_deadline_exhausted",)
322 |     if (event.task_id != record.task_id or event.plan_version != record.failure_plan_version
323 |             or event.command_seq != record.failure_command_seq or proof.recovery_id != record.recovery_id
    |                                                                                                     ^^^^^
324 |             or active.plan_version != record.plan_version or active.command_seq != record.command_seq
325 |             or active.contract_hash != record.payload_hash
    |

E501 Line too long (101 > 100)
   --> src/cloud_edge_robot_arm/edge/recovery/lifecycle.py:324:101
    |
322 |     if (event.task_id != record.task_id or event.plan_version != record.failure_plan_version
323 |             or event.command_seq != record.failure_command_seq or proof.recovery_id != record.recovery_id
324 |             or active.plan_version != record.plan_version or active.command_seq != record.command_seq
    |                                                                                                     ^
325 |             or active.contract_hash != record.payload_hash
326 |             or replan_payload_hash(active.contract) != record.payload_hash
    |

E501 Line too long (103 > 100)
   --> src/cloud_edge_robot_arm/edge/recovery/lifecycle.py:339:101
    |
337 |     if (proof.current.plan_version != record.plan_version
338 |             or proof.current.command_seq != record.command_seq
339 |             or proof.current.task_id != record.task_id or proof.current.episode_id != record.episode_id
    |                                                                                                     ^^^
340 |             or proof.current.context_hash != record.checkpoint_hash
341 |             or proof.current.candidate_set_hash != record.payload_hash or proof.current.cancelled
    |

E501 Line too long (106 > 100)
   --> src/cloud_edge_robot_arm/edge/recovery/lifecycle.py:349:101
    |
347 |             or [_condition_payload(item) for item in proof.action.postconditions]
348 |             != [_condition_payload(item) for item in record.conditions]
349 |             or proof.decision.action not in {DecisionAction.LOCAL_RECOVER, DecisionAction.REQUEST_CLOUD}):
    |                                                                                                     ^^^^^^
350 |         return ("authorization_action_or_context_binding_mismatch",)
351 |     verdict = validate_decision_commit(proof.decision, proof.current, now)
    |

I001 [*] Import block is un-sorted or un-formatted
  --> src/cloud_edge_robot_arm/repositories/event_autonomy/memory.py:69:5
   |
68 |   if TYPE_CHECKING:
69 | /     from cloud_edge_robot_arm.edge.evidence.models import EvidenceVerdict
70 | |     from cloud_edge_robot_arm.edge.recovery.lifecycle import (
71 | |         RecoveryRecord,
72 | |         RecoveryAuthorizationEvidence,
73 | |         RecoveryAuthorizationResult,
74 | |         VerificationBudgetRecord,
75 | |     )
76 | |     from cloud_edge_robot_arm.edge.recovery.verification_router import VerificationBudgetState
   | |______________________________________________________________________________________________^
   |
help: Organize imports

I001 [*] Import block is un-sorted or un-formatted
   --> src/cloud_edge_robot_arm/repositories/event_autonomy/memory.py:306:9
    |
304 |           step_id: str, skill: str, authorization: RecoveryAuthorizationEvidence,
305 |       ) -> RecoveryAuthorizationResult:
306 | /         from cloud_edge_robot_arm.edge.recovery.lifecycle import (
307 | |             RecoveryAuthorizationResult, authorization_reasons, authorized_values,
308 | |         )
    | |_________^
309 |
310 |           with self._lock:
    |
help: Organize imports

E501 Line too long (102 > 100)
   --> src/cloud_edge_robot_arm/repositories/event_autonomy/memory.py:324:101
    |
322 |                     record, pool, budget, self._events.get(record.event_id),
323 |                     self._active_contracts.get(record.task_id), checkpoint,
324 |                     self._replan_cancelled_locked(record.task_id), authorization, step_id, skill, now,
    |                                                                                                     ^^
325 |                 )
326 |                 if not reasons:
    |

E501 Line too long (103 > 100)
   --> src/cloud_edge_robot_arm/repositories/event_autonomy/memory.py:332:101
    |
330 |                     )
331 |                     if consumed and retry:
332 |                         updated, next_pool = authorized_values(record, pool, retry, authorization, now)
    |                                                                                                     ^^^
333 |                         self._budgets[record.task_id] = retry
334 |                         self._recoveries[recovery_id] = updated
    |

I001 [*] Import block is un-sorted or un-formatted
  --> src/cloud_edge_robot_arm/repositories/event_autonomy/protocol.py:33:5
   |
32 |   if TYPE_CHECKING:
33 | /     from cloud_edge_robot_arm.edge.evidence.models import EvidenceVerdict
34 | |     from cloud_edge_robot_arm.edge.recovery.lifecycle import (
35 | |         RecoveryRecord,
36 | |         RecoveryAuthorizationEvidence,
37 | |         RecoveryAuthorizationResult,
38 | |         VerificationBudgetRecord,
39 | |     )
40 | |     from cloud_edge_robot_arm.edge.recovery.verification_router import VerificationBudgetState
   | |______________________________________________________________________________________________^
   |
help: Organize imports

I001 [*] Import block is un-sorted or un-formatted
  --> src/cloud_edge_robot_arm/repositories/event_autonomy/sqlite.py:71:5
   |
70 |   if TYPE_CHECKING:
71 | /     from cloud_edge_robot_arm.edge.evidence.models import EvidenceVerdict
72 | |     from cloud_edge_robot_arm.edge.recovery.lifecycle import (
73 | |         RecoveryRecord,
74 | |         RecoveryAuthorizationEvidence,
75 | |         RecoveryAuthorizationResult,
76 | |         VerificationBudgetRecord,
77 | |     )
78 | |     from cloud_edge_robot_arm.edge.recovery.verification_router import VerificationBudgetState
   | |______________________________________________________________________________________________^
   |
help: Organize imports

I001 [*] Import block is un-sorted or un-formatted
   --> src/cloud_edge_robot_arm/repositories/event_autonomy/sqlite.py:813:9
    |
811 |           step_id: str, skill: str, authorization: RecoveryAuthorizationEvidence,
812 |       ) -> RecoveryAuthorizationResult:
813 | /         from cloud_edge_robot_arm.edge.recovery.lifecycle import (
814 | |             RecoveryAuthorizationResult, authorization_reasons, authorized_values,
815 | |         )
    | |_________^
816 |
817 |           with self._write_lock, self._conn:
    |
help: Organize imports

E501 Line too long (102 > 100)
   --> src/cloud_edge_robot_arm/repositories/event_autonomy/sqlite.py:831:101
    |
829 |                     self.get_active_contract(record.task_id),
830 |                     self.get_latest_execution_checkpoint(record.task_id),
831 |                     self._replan_cancelled_locked(record.task_id), authorization, step_id, skill, now,
    |                                                                                                     ^^
832 |                 )
833 |                 if not reasons:
    |

E501 Line too long (103 > 100)
   --> src/cloud_edge_robot_arm/repositories/event_autonomy/sqlite.py:839:101
    |
837 |                     )
838 |                     if consumed and retry:
839 |                         updated, next_pool = authorized_values(record, pool, retry, authorization, now)
    |                                                                                                     ^^^
840 |                         self._update_recovery_locked(updated, next_pool)
841 |                         return RecoveryAuthorizationResult(True, updated, retry, next_pool, ())
    |

E501 Line too long (103 > 100)
   --> src/cloud_edge_robot_arm/repositories/event_autonomy/sqlite.py:855:101
    |
853 |         )
854 |         self._conn.execute(
855 |             "UPDATE verification_budgets SET revision=?,payload_json=?,content_hash=? WHERE task_id=?",
    |                                                                                                     ^^^
856 |             (pool.revision, self._json(pool.to_payload()), pool.content_hash, pool.task_id),
857 |         )
    |

I001 [*] Import block is un-sorted or un-formatted
   --> tests/test_recovery_lifecycle_module.py:210:5
    |
208 |   def authorization_proof(record):
209 |       """Synthetic complete canonical inputs, explicitly no real model/robot acceptance."""
210 | /     from dataclasses import replace
211 | |
212 | |     from cloud_edge_robot_arm.edge.evidence.conditions import ConditionSpec
213 | |     from cloud_edge_robot_arm.edge.evidence.models import (
214 | |         ActionEvidenceContract, CommitContext, DecisionEnvelope, VisualEvidence,
215 | |     )
216 | |     from cloud_edge_robot_arm.edge.recovery.lifecycle import RecoveryAuthorizationEvidence
217 | |     from tests.test_visual_evidence_contract import online_evidence
    | |___________________________________________________________________^
218 |
219 |       now = datetime.now(UTC)
    |
help: Organize imports

Found 16 errors.
[*] 7 fixable with the `--fix` option.
