src/cloud_edge_robot_arm/edge/recovery/lifecycle.py:3:1: I001 [*] Import block is un-sorted or un-formatted
src/cloud_edge_robot_arm/edge/recovery/lifecycle.py:204:101: E501 Line too long (105 > 100)
src/cloud_edge_robot_arm/edge/recovery/lifecycle.py:222:101: E501 Line too long (105 > 100)
src/cloud_edge_robot_arm/edge/recovery/lifecycle.py:587:101: E501 Line too long (103 > 100)
src/cloud_edge_robot_arm/edge/recovery/lifecycle.py:612:101: E501 Line too long (103 > 100)
src/cloud_edge_robot_arm/edge/recovery/lifecycle.py:659:101: E501 Line too long (103 > 100)
src/cloud_edge_robot_arm/repositories/event_autonomy/memory.py:346:9: I001 [*] Import block is un-sorted or un-formatted
src/cloud_edge_robot_arm/repositories/event_autonomy/memory.py:346:101: E501 Line too long (103 > 100)
src/cloud_edge_robot_arm/repositories/event_autonomy/memory.py:353:101: E501 Line too long (107 > 100)
src/cloud_edge_robot_arm/repositories/event_autonomy/sqlite.py:851:9: I001 [*] Import block is un-sorted or un-formatted
src/cloud_edge_robot_arm/repositories/event_autonomy/sqlite.py:851:101: E501 Line too long (103 > 100)
src/cloud_edge_robot_arm/repositories/event_autonomy/sqlite.py:859:101: E501 Line too long (107 > 100)
tests/test_recovery_lifecycle_module.py:407:101: E501 Line too long (101 > 100)
tests/test_recovery_lifecycle_module.py:474:101: E501 Line too long (101 > 100)
tests/test_recovery_lifecycle_module.py:475:101: E501 Line too long (101 > 100)
tests/test_recovery_lifecycle_module.py:492:101: E501 Line too long (103 > 100)
tests/test_recovery_lifecycle_module.py:509:101: E501 Line too long (103 > 100)
tests/test_recovery_lifecycle_module.py:545:101: E501 Line too long (103 > 100)
tests/test_recovery_lifecycle_module.py:557:101: E501 Line too long (103 > 100)
tests/test_recovery_lifecycle_module.py:573:101: E501 Line too long (102 > 100)
tests/test_recovery_lifecycle_module.py:641:5: I001 [*] Import block is un-sorted or un-formatted
tests/test_recovery_lifecycle_module.py:663:101: E501 Line too long (101 > 100)
tests/test_recovery_lifecycle_module.py:664:101: E501 Line too long (101 > 100)
tests/test_recovery_lifecycle_module.py:669:5: I001 [*] Import block is un-sorted or un-formatted
tests/test_recovery_lifecycle_module.py:779:101: E501 Line too long (103 > 100)
tests/test_recovery_lifecycle_module.py:780:101: E501 Line too long (101 > 100)
tests/test_recovery_lifecycle_module.py:785:101: E501 Line too long (103 > 100)
tests/test_recovery_lifecycle_module.py:794:5: I001 [*] Import block is un-sorted or un-formatted
tests/test_recovery_lifecycle_module.py:828:101: E501 Line too long (101 > 100)
tests/test_recovery_lifecycle_module.py:829:101: E501 Line too long (102 > 100)
tests/test_recovery_lifecycle_module.py:866:5: I001 [*] Import block is un-sorted or un-formatted
tests/test_recovery_lifecycle_module.py:877:5: I001 [*] Import block is un-sorted or un-formatted
tests/test_recovery_lifecycle_module.py:924:5: I001 [*] Import block is un-sorted or un-formatted
Found 33 errors.
[*] 9 fixable with the `--fix` option.
