[
  {
    "module": "cloud_edge_robot_arm.repositories.event_autonomy.memory",
    "returncode": 0,
    "stdout": "COLD_IMPORT_OK cloud_edge_robot_arm.repositories.event_autonomy.memory\n",
    "stderr": ""
  },
  {
    "module": "cloud_edge_robot_arm.repositories.event_autonomy.protocol",
    "returncode": 0,
    "stdout": "COLD_IMPORT_OK cloud_edge_robot_arm.repositories.event_autonomy.protocol\n",
    "stderr": ""
  },
  {
    "module": "cloud_edge_robot_arm.repositories.event_autonomy.visual_owner",
    "returncode": 0,
    "stdout": "COLD_IMPORT_OK cloud_edge_robot_arm.repositories.event_autonomy.visual_owner\n",
    "stderr": ""
  },
  {
    "module": "cloud_edge_robot_arm.repositories.event_autonomy.sqlite",
    "returncode": 0,
    "stdout": "COLD_IMPORT_OK cloud_edge_robot_arm.repositories.event_autonomy.sqlite\n",
    "stderr": ""
  },
  {
    "module": "cloud_edge_robot_arm.vision.owner_registration",
    "returncode": 0,
    "stdout": "COLD_IMPORT_OK cloud_edge_robot_arm.vision.owner_registration\n",
    "stderr": ""
  }
]
