FF                                                                       [100%]
=================================== FAILURES ===================================
__ test_missing_active_version_history_is_an_incomplete_source_group[memory] ___

prepared = (<cloud_edge_robot_arm.repositories.event_autonomy.memory.InMemoryEventAutonomyRepository object at 0x72a27eeab3b0>, V...o=datetime.timezone.utc), updated_at=datetime.datetime(2026, 10, 4, 16, 29, 37, 171406, tzinfo=datetime.timezone.utc)))

    def test_missing_active_version_history_is_an_incomplete_source_group(prepared):
        repo, original, _, _, _ = prepared
        initialize(prepared)
        if isinstance(repo, InMemoryEventAutonomyRepository):
            repo._contract_versions.pop(original.identity.task_id)
        else:
            repo._conn.execute("DELETE FROM task_contract_versions WHERE task_id=?", (original.identity.task_id,))
            repo._conn.commit()
>       assert repo.get_visual_owner_publication(original.identity.task_id) is None
E       assert VisualOwnerPublicationRecord(_payload_json='{"binding_scope":"DURABLE_BINDING_ONLY","checkpoint":{"checkpoint_hash":"2...":3,"remaining_retries":2,"verification_rounds":0},"task_id":"task","updated_at":"2026-10-04T16:29:37.181265+00:00"}}') is None
E        +  where VisualOwnerPublicationRecord(_payload_json='{"binding_scope":"DURABLE_BINDING_ONLY","checkpoint":{"checkpoint_hash":"2...":3,"remaining_retries":2,"verification_rounds":0},"task_id":"task","updated_at":"2026-10-04T16:29:37.181265+00:00"}}') = get_visual_owner_publication('task')
E        +    where get_visual_owner_publication = <cloud_edge_robot_arm.repositories.event_autonomy.memory.InMemoryEventAutonomyRepository object at 0x72a27eeab3b0>.get_visual_owner_publication
E        +    and   'task' = VisualOwnerIdentity(job_id='job-1', run_id='run-1', attempt=1, worker_id='worker-1', lease_id='lease-1', owner_epoch='epoch-1', episode_id='episode', task_id='task', plan_id='plan', robot_id='robot').task_id
E        +      where VisualOwnerIdentity(job_id='job-1', run_id='run-1', attempt=1, worker_id='worker-1', lease_id='lease-1', owner_epoch='epoch-1', episode_id='episode', task_id='task', plan_id='plan', robot_id='robot') = VisualOriginalPlan(identity=VisualOwnerIdentity(job_id='job-1', run_id='run-1', attempt=1, worker_id='worker-1', lease...datetime.timezone.utc), registered_at=datetime.datetime(2026, 10, 4, 16, 29, 37, 171406, tzinfo=datetime.timezone.utc)).identity

tests/test_visual_owner_repository.py:508: AssertionError
__ test_missing_active_version_history_is_an_incomplete_source_group[sqlite] ___

prepared = (<cloud_edge_robot_arm.repositories.event_autonomy.sqlite.SQLiteEventAutonomyRepository object at 0x72a27b12d6a0>, Vis...o=datetime.timezone.utc), updated_at=datetime.datetime(2026, 10, 4, 16, 29, 37, 431650, tzinfo=datetime.timezone.utc)))

    def test_missing_active_version_history_is_an_incomplete_source_group(prepared):
        repo, original, _, _, _ = prepared
        initialize(prepared)
        if isinstance(repo, InMemoryEventAutonomyRepository):
            repo._contract_versions.pop(original.identity.task_id)
        else:
            repo._conn.execute("DELETE FROM task_contract_versions WHERE task_id=?", (original.identity.task_id,))
            repo._conn.commit()
>       assert repo.get_visual_owner_publication(original.identity.task_id) is None
E       assert VisualOwnerPublicationRecord(_payload_json='{"binding_scope":"DURABLE_BINDING_ONLY","checkpoint":{"checkpoint_hash":"1...":3,"remaining_retries":2,"verification_rounds":0},"task_id":"task","updated_at":"2026-10-04T16:29:37.435563+00:00"}}') is None
E        +  where VisualOwnerPublicationRecord(_payload_json='{"binding_scope":"DURABLE_BINDING_ONLY","checkpoint":{"checkpoint_hash":"1...":3,"remaining_retries":2,"verification_rounds":0},"task_id":"task","updated_at":"2026-10-04T16:29:37.435563+00:00"}}') = get_visual_owner_publication('task')
E        +    where get_visual_owner_publication = <cloud_edge_robot_arm.repositories.event_autonomy.sqlite.SQLiteEventAutonomyRepository object at 0x72a27b12d6a0>.get_visual_owner_publication
E        +    and   'task' = VisualOwnerIdentity(job_id='job-1', run_id='run-1', attempt=1, worker_id='worker-1', lease_id='lease-1', owner_epoch='epoch-1', episode_id='episode', task_id='task', plan_id='plan', robot_id='robot').task_id
E        +      where VisualOwnerIdentity(job_id='job-1', run_id='run-1', attempt=1, worker_id='worker-1', lease_id='lease-1', owner_epoch='epoch-1', episode_id='episode', task_id='task', plan_id='plan', robot_id='robot') = VisualOriginalPlan(identity=VisualOwnerIdentity(job_id='job-1', run_id='run-1', attempt=1, worker_id='worker-1', lease...datetime.timezone.utc), registered_at=datetime.datetime(2026, 10, 4, 16, 29, 37, 431650, tzinfo=datetime.timezone.utc)).identity

tests/test_visual_owner_repository.py:508: AssertionError
=========================== short test summary info ============================
FAILED tests/test_visual_owner_repository.py::test_missing_active_version_history_is_an_incomplete_source_group[memory]
FAILED tests/test_visual_owner_repository.py::test_missing_active_version_history_is_an_incomplete_source_group[sqlite]
2 failed, 59 deselected in 0.77s
