FFFF                                                                     [100%]
=================================== FAILURES ===================================
_ test_rehashed_publication_must_still_bind_the_original_owner_and_contract[memory-owner_epoch] _

prepared = (<cloud_edge_robot_arm.repositories.event_autonomy.memory.InMemoryEventAutonomyRepository object at 0x7e8333de2180>, V...o=datetime.timezone.utc), updated_at=datetime.datetime(2026, 10, 4, 16, 27, 31, 150068, tzinfo=datetime.timezone.utc)))
field = 'owner_epoch'

    @pytest.mark.parametrize("field", ["owner_epoch", "contract_hash"])
    def test_rehashed_publication_must_still_bind_the_original_owner_and_contract(prepared, field):
        repo, original, _, _, _ = prepared
        record = initialize(prepared)
        module = importlib.import_module("cloud_edge_robot_arm.repositories.event_autonomy.visual_owner")
        payload = record.to_payload()
        if field == "owner_epoch":
            payload["identity"]["owner_epoch"] = "foreign-epoch"
        else:
            payload["contract_hash"] = "b" * 64
        payload.pop("publication_hash")
        payload["publication_hash"] = module.digest(payload)
        encoded = module.canonical(payload)
        if isinstance(repo, InMemoryEventAutonomyRepository):
            repo._visual_publications[(original.identity.task_id, 1)] = encoded
        else:
            repo._conn.execute("UPDATE visual_owner_publications SET payload_json=?, publication_hash=?, owner_epoch=? WHERE task_id=?", (encoded, payload["publication_hash"], payload["identity"]["owner_epoch"], original.identity.task_id))
            repo._conn.commit()
>       assert repo.get_visual_owner_publication(original.identity.task_id) is None
E       assert VisualOwnerPublicationRecord(_payload_json='{"binding_scope":"DURABLE_BINDING_ONLY","checkpoint":{"checkpoint_hash":"8...":3,"remaining_retries":2,"verification_rounds":0},"task_id":"task","updated_at":"2026-10-04T16:27:31.159923+00:00"}}') is None
E        +  where VisualOwnerPublicationRecord(_payload_json='{"binding_scope":"DURABLE_BINDING_ONLY","checkpoint":{"checkpoint_hash":"8...":3,"remaining_retries":2,"verification_rounds":0},"task_id":"task","updated_at":"2026-10-04T16:27:31.159923+00:00"}}') = get_visual_owner_publication('task')
E        +    where get_visual_owner_publication = <cloud_edge_robot_arm.repositories.event_autonomy.memory.InMemoryEventAutonomyRepository object at 0x7e8333de2180>.get_visual_owner_publication
E        +    and   'task' = VisualOwnerIdentity(job_id='job-1', run_id='run-1', attempt=1, worker_id='worker-1', lease_id='lease-1', owner_epoch='epoch-1', episode_id='episode', task_id='task', plan_id='plan', robot_id='robot').task_id
E        +      where VisualOwnerIdentity(job_id='job-1', run_id='run-1', attempt=1, worker_id='worker-1', lease_id='lease-1', owner_epoch='epoch-1', episode_id='episode', task_id='task', plan_id='plan', robot_id='robot') = VisualOriginalPlan(identity=VisualOwnerIdentity(job_id='job-1', run_id='run-1', attempt=1, worker_id='worker-1', lease...datetime.timezone.utc), registered_at=datetime.datetime(2026, 10, 4, 16, 27, 31, 150068, tzinfo=datetime.timezone.utc)).identity

tests/test_visual_owner_repository.py:497: AssertionError
_ test_rehashed_publication_must_still_bind_the_original_owner_and_contract[memory-contract_hash] _

prepared = (<cloud_edge_robot_arm.repositories.event_autonomy.memory.InMemoryEventAutonomyRepository object at 0x7e833012d0d0>, V...o=datetime.timezone.utc), updated_at=datetime.datetime(2026, 10, 4, 16, 27, 31, 196329, tzinfo=datetime.timezone.utc)))
field = 'contract_hash'

    @pytest.mark.parametrize("field", ["owner_epoch", "contract_hash"])
    def test_rehashed_publication_must_still_bind_the_original_owner_and_contract(prepared, field):
        repo, original, _, _, _ = prepared
        record = initialize(prepared)
        module = importlib.import_module("cloud_edge_robot_arm.repositories.event_autonomy.visual_owner")
        payload = record.to_payload()
        if field == "owner_epoch":
            payload["identity"]["owner_epoch"] = "foreign-epoch"
        else:
            payload["contract_hash"] = "b" * 64
        payload.pop("publication_hash")
        payload["publication_hash"] = module.digest(payload)
        encoded = module.canonical(payload)
        if isinstance(repo, InMemoryEventAutonomyRepository):
            repo._visual_publications[(original.identity.task_id, 1)] = encoded
        else:
            repo._conn.execute("UPDATE visual_owner_publications SET payload_json=?, publication_hash=?, owner_epoch=? WHERE task_id=?", (encoded, payload["publication_hash"], payload["identity"]["owner_epoch"], original.identity.task_id))
            repo._conn.commit()
>       assert repo.get_visual_owner_publication(original.identity.task_id) is None
E       assert VisualOwnerPublicationRecord(_payload_json='{"binding_scope":"DURABLE_BINDING_ONLY","checkpoint":{"checkpoint_hash":"0...":3,"remaining_retries":2,"verification_rounds":0},"task_id":"task","updated_at":"2026-10-04T16:27:31.199631+00:00"}}') is None
E        +  where VisualOwnerPublicationRecord(_payload_json='{"binding_scope":"DURABLE_BINDING_ONLY","checkpoint":{"checkpoint_hash":"0...":3,"remaining_retries":2,"verification_rounds":0},"task_id":"task","updated_at":"2026-10-04T16:27:31.199631+00:00"}}') = get_visual_owner_publication('task')
E        +    where get_visual_owner_publication = <cloud_edge_robot_arm.repositories.event_autonomy.memory.InMemoryEventAutonomyRepository object at 0x7e833012d0d0>.get_visual_owner_publication
E        +    and   'task' = VisualOwnerIdentity(job_id='job-1', run_id='run-1', attempt=1, worker_id='worker-1', lease_id='lease-1', owner_epoch='epoch-1', episode_id='episode', task_id='task', plan_id='plan', robot_id='robot').task_id
E        +      where VisualOwnerIdentity(job_id='job-1', run_id='run-1', attempt=1, worker_id='worker-1', lease_id='lease-1', owner_epoch='epoch-1', episode_id='episode', task_id='task', plan_id='plan', robot_id='robot') = VisualOriginalPlan(identity=VisualOwnerIdentity(job_id='job-1', run_id='run-1', attempt=1, worker_id='worker-1', lease...datetime.timezone.utc), registered_at=datetime.datetime(2026, 10, 4, 16, 27, 31, 196329, tzinfo=datetime.timezone.utc)).identity

tests/test_visual_owner_repository.py:497: AssertionError
_ test_rehashed_publication_must_still_bind_the_original_owner_and_contract[sqlite-owner_epoch] _

prepared = (<cloud_edge_robot_arm.repositories.event_autonomy.sqlite.SQLiteEventAutonomyRepository object at 0x7e83307ffb30>, Vis...o=datetime.timezone.utc), updated_at=datetime.datetime(2026, 10, 4, 16, 27, 31, 424438, tzinfo=datetime.timezone.utc)))
field = 'owner_epoch'

    @pytest.mark.parametrize("field", ["owner_epoch", "contract_hash"])
    def test_rehashed_publication_must_still_bind_the_original_owner_and_contract(prepared, field):
        repo, original, _, _, _ = prepared
        record = initialize(prepared)
        module = importlib.import_module("cloud_edge_robot_arm.repositories.event_autonomy.visual_owner")
        payload = record.to_payload()
        if field == "owner_epoch":
            payload["identity"]["owner_epoch"] = "foreign-epoch"
        else:
            payload["contract_hash"] = "b" * 64
        payload.pop("publication_hash")
        payload["publication_hash"] = module.digest(payload)
        encoded = module.canonical(payload)
        if isinstance(repo, InMemoryEventAutonomyRepository):
            repo._visual_publications[(original.identity.task_id, 1)] = encoded
        else:
            repo._conn.execute("UPDATE visual_owner_publications SET payload_json=?, publication_hash=?, owner_epoch=? WHERE task_id=?", (encoded, payload["publication_hash"], payload["identity"]["owner_epoch"], original.identity.task_id))
            repo._conn.commit()
>       assert repo.get_visual_owner_publication(original.identity.task_id) is None
E       assert VisualOwnerPublicationRecord(_payload_json='{"binding_scope":"DURABLE_BINDING_ONLY","checkpoint":{"checkpoint_hash":"3...":3,"remaining_retries":2,"verification_rounds":0},"task_id":"task","updated_at":"2026-10-04T16:27:31.428501+00:00"}}') is None
E        +  where VisualOwnerPublicationRecord(_payload_json='{"binding_scope":"DURABLE_BINDING_ONLY","checkpoint":{"checkpoint_hash":"3...":3,"remaining_retries":2,"verification_rounds":0},"task_id":"task","updated_at":"2026-10-04T16:27:31.428501+00:00"}}') = get_visual_owner_publication('task')
E        +    where get_visual_owner_publication = <cloud_edge_robot_arm.repositories.event_autonomy.sqlite.SQLiteEventAutonomyRepository object at 0x7e83307ffb30>.get_visual_owner_publication
E        +    and   'task' = VisualOwnerIdentity(job_id='job-1', run_id='run-1', attempt=1, worker_id='worker-1', lease_id='lease-1', owner_epoch='epoch-1', episode_id='episode', task_id='task', plan_id='plan', robot_id='robot').task_id
E        +      where VisualOwnerIdentity(job_id='job-1', run_id='run-1', attempt=1, worker_id='worker-1', lease_id='lease-1', owner_epoch='epoch-1', episode_id='episode', task_id='task', plan_id='plan', robot_id='robot') = VisualOriginalPlan(identity=VisualOwnerIdentity(job_id='job-1', run_id='run-1', attempt=1, worker_id='worker-1', lease...datetime.timezone.utc), registered_at=datetime.datetime(2026, 10, 4, 16, 27, 31, 424438, tzinfo=datetime.timezone.utc)).identity

tests/test_visual_owner_repository.py:497: AssertionError
_ test_rehashed_publication_must_still_bind_the_original_owner_and_contract[sqlite-contract_hash] _

prepared = (<cloud_edge_robot_arm.repositories.event_autonomy.sqlite.SQLiteEventAutonomyRepository object at 0x7e83307fff20>, Vis...o=datetime.timezone.utc), updated_at=datetime.datetime(2026, 10, 4, 16, 27, 31, 677996, tzinfo=datetime.timezone.utc)))
field = 'contract_hash'

    @pytest.mark.parametrize("field", ["owner_epoch", "contract_hash"])
    def test_rehashed_publication_must_still_bind_the_original_owner_and_contract(prepared, field):
        repo, original, _, _, _ = prepared
        record = initialize(prepared)
        module = importlib.import_module("cloud_edge_robot_arm.repositories.event_autonomy.visual_owner")
        payload = record.to_payload()
        if field == "owner_epoch":
            payload["identity"]["owner_epoch"] = "foreign-epoch"
        else:
            payload["contract_hash"] = "b" * 64
        payload.pop("publication_hash")
        payload["publication_hash"] = module.digest(payload)
        encoded = module.canonical(payload)
        if isinstance(repo, InMemoryEventAutonomyRepository):
            repo._visual_publications[(original.identity.task_id, 1)] = encoded
        else:
            repo._conn.execute("UPDATE visual_owner_publications SET payload_json=?, publication_hash=?, owner_epoch=? WHERE task_id=?", (encoded, payload["publication_hash"], payload["identity"]["owner_epoch"], original.identity.task_id))
            repo._conn.commit()
>       assert repo.get_visual_owner_publication(original.identity.task_id) is None
E       assert VisualOwnerPublicationRecord(_payload_json='{"binding_scope":"DURABLE_BINDING_ONLY","checkpoint":{"checkpoint_hash":"a...":3,"remaining_retries":2,"verification_rounds":0},"task_id":"task","updated_at":"2026-10-04T16:27:31.682116+00:00"}}') is None
E        +  where VisualOwnerPublicationRecord(_payload_json='{"binding_scope":"DURABLE_BINDING_ONLY","checkpoint":{"checkpoint_hash":"a...":3,"remaining_retries":2,"verification_rounds":0},"task_id":"task","updated_at":"2026-10-04T16:27:31.682116+00:00"}}') = get_visual_owner_publication('task')
E        +    where get_visual_owner_publication = <cloud_edge_robot_arm.repositories.event_autonomy.sqlite.SQLiteEventAutonomyRepository object at 0x7e83307fff20>.get_visual_owner_publication
E        +    and   'task' = VisualOwnerIdentity(job_id='job-1', run_id='run-1', attempt=1, worker_id='worker-1', lease_id='lease-1', owner_epoch='epoch-1', episode_id='episode', task_id='task', plan_id='plan', robot_id='robot').task_id
E        +      where VisualOwnerIdentity(job_id='job-1', run_id='run-1', attempt=1, worker_id='worker-1', lease_id='lease-1', owner_epoch='epoch-1', episode_id='episode', task_id='task', plan_id='plan', robot_id='robot') = VisualOriginalPlan(identity=VisualOwnerIdentity(job_id='job-1', run_id='run-1', attempt=1, worker_id='worker-1', lease...datetime.timezone.utc), registered_at=datetime.datetime(2026, 10, 4, 16, 27, 31, 677996, tzinfo=datetime.timezone.utc)).identity

tests/test_visual_owner_repository.py:497: AssertionError
=========================== short test summary info ============================
FAILED tests/test_visual_owner_repository.py::test_rehashed_publication_must_still_bind_the_original_owner_and_contract[memory-owner_epoch]
FAILED tests/test_visual_owner_repository.py::test_rehashed_publication_must_still_bind_the_original_owner_and_contract[memory-contract_hash]
FAILED tests/test_visual_owner_repository.py::test_rehashed_publication_must_still_bind_the_original_owner_and_contract[sqlite-owner_epoch]
FAILED tests/test_visual_owner_repository.py::test_rehashed_publication_must_still_bind_the_original_owner_and_contract[sqlite-contract_hash]
4 failed, 55 deselected in 1.05s
