..FF                                                                     [100%]
=================================== FAILURES ===================================
_ test_rehashed_grounding_cannot_weaken_registered_requirements_on_read[memory] _

prepared = (<cloud_edge_robot_arm.repositories.event_autonomy.memory.InMemoryEventAutonomyRepository object at 0x7efd56303380>, V...o=datetime.timezone.utc), updated_at=datetime.datetime(2026, 10, 4, 16, 31, 53, 473501, tzinfo=datetime.timezone.utc)))

    def test_rehashed_grounding_cannot_weaken_registered_requirements_on_read(prepared):
        repo, original, _, _, _ = prepared
        record = publish_source_grounding(prepared)
        assert record is not None
        module = importlib.import_module("cloud_edge_robot_arm.repositories.event_autonomy.visual_owner")
        payload = record.to_payload()
        payload["grounding"]["original_requirements"]["allowed_error_m"] = 0.1
        payload.pop("publication_hash")
        payload["publication_hash"] = module.digest(payload)
        encoded = module.canonical(payload)
        if isinstance(repo, InMemoryEventAutonomyRepository):
            repo._visual_publications[(original.identity.task_id, 2)] = encoded
        else:
            repo._conn.execute("UPDATE visual_owner_publications SET payload_json=?,publication_hash=? WHERE task_id=? AND owner_revision=2", (encoded, payload["publication_hash"], original.identity.task_id))
            repo._conn.commit()
>       assert repo.get_visual_owner_publication(original.identity.task_id) is None
E       assert VisualOwnerPublicationRecord(_payload_json='{"binding_scope":"DURABLE_BINDING_ONLY","checkpoint":{"checkpoint_hash":"9...":3,"remaining_retries":2,"verification_rounds":0},"task_id":"task","updated_at":"2026-10-04T16:31:53.476764+00:00"}}') is None
E        +  where VisualOwnerPublicationRecord(_payload_json='{"binding_scope":"DURABLE_BINDING_ONLY","checkpoint":{"checkpoint_hash":"9...":3,"remaining_retries":2,"verification_rounds":0},"task_id":"task","updated_at":"2026-10-04T16:31:53.476764+00:00"}}') = get_visual_owner_publication('task')
E        +    where get_visual_owner_publication = <cloud_edge_robot_arm.repositories.event_autonomy.memory.InMemoryEventAutonomyRepository object at 0x7efd56303380>.get_visual_owner_publication
E        +    and   'task' = VisualOwnerIdentity(job_id='job-1', run_id='run-1', attempt=1, worker_id='worker-1', lease_id='lease-1', owner_epoch='epoch-1', episode_id='episode', task_id='task', plan_id='plan', robot_id='robot').task_id
E        +      where VisualOwnerIdentity(job_id='job-1', run_id='run-1', attempt=1, worker_id='worker-1', lease_id='lease-1', owner_epoch='epoch-1', episode_id='episode', task_id='task', plan_id='plan', robot_id='robot') = VisualOriginalPlan(identity=VisualOwnerIdentity(job_id='job-1', run_id='run-1', attempt=1, worker_id='worker-1', lease...datetime.timezone.utc), registered_at=datetime.datetime(2026, 10, 4, 16, 31, 53, 473501, tzinfo=datetime.timezone.utc)).identity

tests/test_visual_owner_repository.py:562: AssertionError
_ test_rehashed_grounding_cannot_weaken_registered_requirements_on_read[sqlite] _

prepared = (<cloud_edge_robot_arm.repositories.event_autonomy.sqlite.SQLiteEventAutonomyRepository object at 0x7efd2e173dd0>, Vis...o=datetime.timezone.utc), updated_at=datetime.datetime(2026, 10, 4, 16, 31, 53, 727930, tzinfo=datetime.timezone.utc)))

    def test_rehashed_grounding_cannot_weaken_registered_requirements_on_read(prepared):
        repo, original, _, _, _ = prepared
        record = publish_source_grounding(prepared)
        assert record is not None
        module = importlib.import_module("cloud_edge_robot_arm.repositories.event_autonomy.visual_owner")
        payload = record.to_payload()
        payload["grounding"]["original_requirements"]["allowed_error_m"] = 0.1
        payload.pop("publication_hash")
        payload["publication_hash"] = module.digest(payload)
        encoded = module.canonical(payload)
        if isinstance(repo, InMemoryEventAutonomyRepository):
            repo._visual_publications[(original.identity.task_id, 2)] = encoded
        else:
            repo._conn.execute("UPDATE visual_owner_publications SET payload_json=?,publication_hash=? WHERE task_id=? AND owner_revision=2", (encoded, payload["publication_hash"], original.identity.task_id))
            repo._conn.commit()
>       assert repo.get_visual_owner_publication(original.identity.task_id) is None
E       assert VisualOwnerPublicationRecord(_payload_json='{"binding_scope":"DURABLE_BINDING_ONLY","checkpoint":{"checkpoint_hash":"5...":3,"remaining_retries":2,"verification_rounds":0},"task_id":"task","updated_at":"2026-10-04T16:31:53.731462+00:00"}}') is None
E        +  where VisualOwnerPublicationRecord(_payload_json='{"binding_scope":"DURABLE_BINDING_ONLY","checkpoint":{"checkpoint_hash":"5...":3,"remaining_retries":2,"verification_rounds":0},"task_id":"task","updated_at":"2026-10-04T16:31:53.731462+00:00"}}') = get_visual_owner_publication('task')
E        +    where get_visual_owner_publication = <cloud_edge_robot_arm.repositories.event_autonomy.sqlite.SQLiteEventAutonomyRepository object at 0x7efd2e173dd0>.get_visual_owner_publication
E        +    and   'task' = VisualOwnerIdentity(job_id='job-1', run_id='run-1', attempt=1, worker_id='worker-1', lease_id='lease-1', owner_epoch='epoch-1', episode_id='episode', task_id='task', plan_id='plan', robot_id='robot').task_id
E        +      where VisualOwnerIdentity(job_id='job-1', run_id='run-1', attempt=1, worker_id='worker-1', lease_id='lease-1', owner_epoch='epoch-1', episode_id='episode', task_id='task', plan_id='plan', robot_id='robot') = VisualOriginalPlan(identity=VisualOwnerIdentity(job_id='job-1', run_id='run-1', attempt=1, worker_id='worker-1', lease...datetime.timezone.utc), registered_at=datetime.datetime(2026, 10, 4, 16, 31, 53, 727930, tzinfo=datetime.timezone.utc)).identity

tests/test_visual_owner_repository.py:562: AssertionError
=========================== short test summary info ============================
FAILED tests/test_visual_owner_repository.py::test_rehashed_grounding_cannot_weaken_registered_requirements_on_read[memory]
FAILED tests/test_visual_owner_repository.py::test_rehashed_grounding_cannot_weaken_registered_requirements_on_read[sqlite]
2 failed, 2 passed, 61 deselected in 1.08s
