[
  {
    "backend": "memory",
    "probe": "checkpoint_bool",
    "source_scope": "SOFTWARE_ONLY",
    "constructor_rejected": false,
    "current_getter_accepts": true,
    "retained_serialized_value": true
  },
  {
    "backend": "memory",
    "probe": "checkpoint_float",
    "source_scope": "SOFTWARE_ONLY",
    "constructor_rejected": false,
    "current_getter_accepts": true,
    "retained_serialized_value": 1.0
  },
  {
    "backend": "memory",
    "probe": "checkpoint_extra",
    "source_scope": "SOFTWARE_ONLY",
    "constructor_rejected": false,
    "current_getter_accepts": true,
    "retained_serialized_value": "ignored"
  },
  {
    "backend": "memory",
    "probe": "retry_bool",
    "source_scope": "SOFTWARE_ONLY",
    "constructor_rejected": false,
    "current_getter_accepts": true,
    "retained_serialized_value": false
  },
  {
    "backend": "memory",
    "probe": "retry_extra",
    "source_scope": "SOFTWARE_ONLY",
    "constructor_rejected": false,
    "current_getter_accepts": true,
    "retained_serialized_value": "ignored"
  },
  {
    "backend": "sqlite",
    "probe": "checkpoint_bool",
    "source_scope": "SOFTWARE_ONLY",
    "constructor_rejected": false,
    "current_getter_accepts": true,
    "retained_serialized_value": true
  },
  {
    "backend": "sqlite",
    "probe": "checkpoint_float",
    "source_scope": "SOFTWARE_ONLY",
    "constructor_rejected": false,
    "current_getter_accepts": true,
    "retained_serialized_value": 1.0
  },
  {
    "backend": "sqlite",
    "probe": "checkpoint_extra",
    "source_scope": "SOFTWARE_ONLY",
    "constructor_rejected": false,
    "current_getter_accepts": true,
    "retained_serialized_value": "ignored"
  },
  {
    "backend": "sqlite",
    "probe": "retry_bool",
    "source_scope": "SOFTWARE_ONLY",
    "constructor_rejected": false,
    "current_getter_accepts": true,
    "retained_serialized_value": false
  },
  {
    "backend": "sqlite",
    "probe": "retry_extra",
    "source_scope": "SOFTWARE_ONLY",
    "constructor_rejected": false,
    "current_getter_accepts": true,
    "retained_serialized_value": "ignored"
  }
]
