FFF.F                                                                    [100%]
=================================== FAILURES ===================================
_ test_symlink_source_root_or_ancestor_cannot_supply_a_diagnostic_candidate[root] _

tmp_path = PosixPath('/tmp/pytest-of-ningyd/pytest-846/test_symlink_source_root_or_an0')
root_link = 'root'

    @pytest.mark.parametrize("root_link", ["root", "ancestor"])
    def test_symlink_source_root_or_ancestor_cannot_supply_a_diagnostic_candidate(tmp_path, root_link):
        module, observation, registration, context = inputs()
        link = tmp_path / "source-link"
        if root_link == "root":
            link.symlink_to(ROOT, target_is_directory=True)
            altered_root = link
        else:
            link.symlink_to(ROOT.parent, target_is_directory=True)
            altered_root = link / ROOT.name
        assert altered_root.resolve() == ROOT  # qualified identical source bytes
        changed = replace(registration, root=altered_root)
>       assert changed.sources_valid() is False
E       AssertionError: assert True is False
E        +  where True = sources_valid()
E        +    where sources_valid = MarkerObjectRegistration(registration_id='ced-marker-color-v2-object-development-v1', pose_marker=PoseMarkerRegistrati...r_assets.py': 'b1e1be9ea6bae24c43f0eeb5aadbc200444b6126a2993329080ea7c42d142a62'}), admission_scope='DEVELOPMENT_ONLY').sources_valid

tests/test_marker_association.py:204: AssertionError
_ test_symlink_source_root_or_ancestor_cannot_supply_a_diagnostic_candidate[ancestor] _

tmp_path = PosixPath('/tmp/pytest-of-ningyd/pytest-846/test_symlink_source_root_or_an1')
root_link = 'ancestor'

    @pytest.mark.parametrize("root_link", ["root", "ancestor"])
    def test_symlink_source_root_or_ancestor_cannot_supply_a_diagnostic_candidate(tmp_path, root_link):
        module, observation, registration, context = inputs()
        link = tmp_path / "source-link"
        if root_link == "root":
            link.symlink_to(ROOT, target_is_directory=True)
            altered_root = link
        else:
            link.symlink_to(ROOT.parent, target_is_directory=True)
            altered_root = link / ROOT.name
        assert altered_root.resolve() == ROOT  # qualified identical source bytes
        changed = replace(registration, root=altered_root)
>       assert changed.sources_valid() is False
E       AssertionError: assert True is False
E        +  where True = sources_valid()
E        +    where sources_valid = MarkerObjectRegistration(registration_id='ced-marker-color-v2-object-development-v1', pose_marker=PoseMarkerRegistrati...r_assets.py': 'b1e1be9ea6bae24c43f0eeb5aadbc200444b6126a2993329080ea7c42d142a62'}), admission_scope='DEVELOPMENT_ONLY').sources_valid

tests/test_marker_association.py:204: AssertionError
_ test_registry_path_must_be_regular_under_root_without_symlink_ancestors[parent_link] _

tmp_path = PosixPath('/tmp/pytest-of-ningyd/pytest-846/test_registry_path_must_be_reg0')
path_kind = 'parent_link'

    @pytest.mark.parametrize("path_kind", ["parent_link", "file_link", "outside_root"])
    def test_registry_path_must_be_regular_under_root_without_symlink_ancestors(tmp_path, path_kind):
        module, _, _, _ = inputs()
        if path_kind == "parent_link":
            parent = tmp_path / "registry-parent-link"
            parent.symlink_to(CONFIG.parent, target_is_directory=True)
            altered = parent / CONFIG.name
        elif path_kind == "file_link":
            altered = tmp_path / "registry-link.yaml"
            altered.symlink_to(CONFIG)
        else:
            altered = tmp_path / "identical-but-unregistered.yaml"
            altered.write_bytes(CONFIG.read_bytes())
        assert altered.read_bytes() == CONFIG.read_bytes()  # byte hash alone cannot authorize path
>       with pytest.raises(ValueError, match="registry"):
E       Failed: DID NOT RAISE <class 'ValueError'>

tests/test_marker_association.py:229: Failed
_ test_registry_path_must_be_regular_under_root_without_symlink_ancestors[outside_root] _

tmp_path = PosixPath('/tmp/pytest-of-ningyd/pytest-846/test_registry_path_must_be_reg2')
path_kind = 'outside_root'

    @pytest.mark.parametrize("path_kind", ["parent_link", "file_link", "outside_root"])
    def test_registry_path_must_be_regular_under_root_without_symlink_ancestors(tmp_path, path_kind):
        module, _, _, _ = inputs()
        if path_kind == "parent_link":
            parent = tmp_path / "registry-parent-link"
            parent.symlink_to(CONFIG.parent, target_is_directory=True)
            altered = parent / CONFIG.name
        elif path_kind == "file_link":
            altered = tmp_path / "registry-link.yaml"
            altered.symlink_to(CONFIG)
        else:
            altered = tmp_path / "identical-but-unregistered.yaml"
            altered.write_bytes(CONFIG.read_bytes())
        assert altered.read_bytes() == CONFIG.read_bytes()  # byte hash alone cannot authorize path
>       with pytest.raises(ValueError, match="registry"):
E       Failed: DID NOT RAISE <class 'ValueError'>

tests/test_marker_association.py:229: Failed
=========================== short test summary info ============================
FAILED tests/test_marker_association.py::test_symlink_source_root_or_ancestor_cannot_supply_a_diagnostic_candidate[root]
FAILED tests/test_marker_association.py::test_symlink_source_root_or_ancestor_cannot_supply_a_diagnostic_candidate[ancestor]
FAILED tests/test_marker_association.py::test_registry_path_must_be_regular_under_root_without_symlink_ancestors[parent_link]
FAILED tests/test_marker_association.py::test_registry_path_must_be_regular_under_root_without_symlink_ancestors[outside_root]
4 failed, 1 passed, 37 deselected in 0.60s
