FFFFFFFF                                                                 [100%]
=================================== FAILURES ===================================
_ test_effect_coordinates_come_only_from_bound_step_and_original_template_is_preserved _
tests/test_visual_worker_owner.py:174: in test_effect_coordinates_come_only_from_bound_step_and_original_template_is_preserved
    conditions = api().grounded_worker_effect_conditions(original,grounding)
                 ^^^^^^^^^^^^^^^^^^^^^^^^^^^^^^^^^^^^^^^
E   AttributeError: module 'cloud_edge_robot_arm.vision.worker_owner' has no attribute 'grounded_worker_effect_conditions'
_ test_effect_instantiation_requires_original_binding_and_strict_pose[foreign_hash] _
tests/test_visual_worker_owner.py:199: in test_effect_instantiation_requires_original_binding_and_strict_pose
    with pytest.raises(ValueError): api().grounded_worker_effect_conditions(original,grounding)
                                    ^^^^^^^^^^^^^^^^^^^^^^^^^^^^^^^^^^^^^^^
E   AttributeError: module 'cloud_edge_robot_arm.vision.worker_owner' has no attribute 'grounded_worker_effect_conditions'
_ test_effect_instantiation_requires_original_binding_and_strict_pose[foreign_identity] _
tests/test_visual_worker_owner.py:199: in test_effect_instantiation_requires_original_binding_and_strict_pose
    with pytest.raises(ValueError): api().grounded_worker_effect_conditions(original,grounding)
                                    ^^^^^^^^^^^^^^^^^^^^^^^^^^^^^^^^^^^^^^^
E   AttributeError: module 'cloud_edge_robot_arm.vision.worker_owner' has no attribute 'grounded_worker_effect_conditions'
_ test_effect_instantiation_requires_original_binding_and_strict_pose[foreign_version] _
tests/test_visual_worker_owner.py:199: in test_effect_instantiation_requires_original_binding_and_strict_pose
    with pytest.raises(ValueError): api().grounded_worker_effect_conditions(original,grounding)
                                    ^^^^^^^^^^^^^^^^^^^^^^^^^^^^^^^^^^^^^^^
E   AttributeError: module 'cloud_edge_robot_arm.vision.worker_owner' has no attribute 'grounded_worker_effect_conditions'
_ test_effect_instantiation_requires_original_binding_and_strict_pose[foreign_requirement] _
tests/test_visual_worker_owner.py:199: in test_effect_instantiation_requires_original_binding_and_strict_pose
    with pytest.raises(ValueError): api().grounded_worker_effect_conditions(original,grounding)
                                    ^^^^^^^^^^^^^^^^^^^^^^^^^^^^^^^^^^^^^^^
E   AttributeError: module 'cloud_edge_robot_arm.vision.worker_owner' has no attribute 'grounded_worker_effect_conditions'
_ test_effect_instantiation_requires_original_binding_and_strict_pose[foreign_source] _
tests/test_visual_worker_owner.py:199: in test_effect_instantiation_requires_original_binding_and_strict_pose
    with pytest.raises(ValueError): api().grounded_worker_effect_conditions(original,grounding)
                                    ^^^^^^^^^^^^^^^^^^^^^^^^^^^^^^^^^^^^^^^
E   AttributeError: module 'cloud_edge_robot_arm.vision.worker_owner' has no attribute 'grounded_worker_effect_conditions'
_ test_effect_instantiation_requires_original_binding_and_strict_pose[missing_pose] _
tests/test_visual_worker_owner.py:199: in test_effect_instantiation_requires_original_binding_and_strict_pose
    with pytest.raises(ValueError): api().grounded_worker_effect_conditions(original,grounding)
                                    ^^^^^^^^^^^^^^^^^^^^^^^^^^^^^^^^^^^^^^^
E   AttributeError: module 'cloud_edge_robot_arm.vision.worker_owner' has no attribute 'grounded_worker_effect_conditions'
_ test_effect_instantiation_requires_original_binding_and_strict_pose[bool_coordinate] _
tests/test_visual_worker_owner.py:199: in test_effect_instantiation_requires_original_binding_and_strict_pose
    with pytest.raises(ValueError): api().grounded_worker_effect_conditions(original,grounding)
                                    ^^^^^^^^^^^^^^^^^^^^^^^^^^^^^^^^^^^^^^^
E   AttributeError: module 'cloud_edge_robot_arm.vision.worker_owner' has no attribute 'grounded_worker_effect_conditions'
=========================== short test summary info ============================
FAILED tests/test_visual_worker_owner.py::test_effect_coordinates_come_only_from_bound_step_and_original_template_is_preserved
FAILED tests/test_visual_worker_owner.py::test_effect_instantiation_requires_original_binding_and_strict_pose[foreign_hash]
FAILED tests/test_visual_worker_owner.py::test_effect_instantiation_requires_original_binding_and_strict_pose[foreign_identity]
FAILED tests/test_visual_worker_owner.py::test_effect_instantiation_requires_original_binding_and_strict_pose[foreign_version]
FAILED tests/test_visual_worker_owner.py::test_effect_instantiation_requires_original_binding_and_strict_pose[foreign_requirement]
FAILED tests/test_visual_worker_owner.py::test_effect_instantiation_requires_original_binding_and_strict_pose[foreign_source]
FAILED tests/test_visual_worker_owner.py::test_effect_instantiation_requires_original_binding_and_strict_pose[missing_pose]
FAILED tests/test_visual_worker_owner.py::test_effect_instantiation_requires_original_binding_and_strict_pose[bool_coordinate]
8 failed, 19 deselected in 2.53s
