FFFFFFFFFFFFFFFFFFF                                                      [100%]
=================================== FAILURES ===================================
______ test_actual_repository_reread_joins_new_attempt_instead_of_old_job ______
tests/test_visual_worker_owner.py:50: in test_actual_repository_reread_joins_new_attempt_instead_of_old_job
    source = read(running)
             ^^^^^^^^^^^^^
tests/test_visual_worker_owner.py:44: in read
    return api().read_visual_worker_lease(repo,**args)
           ^^^^^
tests/test_visual_worker_owner.py:16: in api
    return import_module("cloud_edge_robot_arm.vision.worker_owner")
           ^^^^^^^^^^^^^^^^^^^^^^^^^^^^^^^^^^^^^^^^^^^^^^^^^^^^^^^^^
/usr/lib/python3.12/importlib/__init__.py:90: in import_module
    return _bootstrap._gcd_import(name[level:], package, level)
           ^^^^^^^^^^^^^^^^^^^^^^^^^^^^^^^^^^^^^^^^^^^^^^^^^^^^
<frozen importlib._bootstrap>:1387: in _gcd_import
    ???
<frozen importlib._bootstrap>:1360: in _find_and_load
    ???
<frozen importlib._bootstrap>:1324: in _find_and_load_unlocked
    ???
E   ModuleNotFoundError: No module named 'cloud_edge_robot_arm.vision.worker_owner'
______________ test_foreign_source_identity_cannot_attach[run_id] ______________
tests/test_visual_worker_owner.py:62: in test_foreign_source_identity_cannot_attach
    with pytest.raises(ValueError): read(running,**{field:"foreign"})
                                    ^^^^^^^^^^^^^^^^^^^^^^^^^^^^^^^^^
tests/test_visual_worker_owner.py:44: in read
    return api().read_visual_worker_lease(repo,**args)
           ^^^^^
tests/test_visual_worker_owner.py:16: in api
    return import_module("cloud_edge_robot_arm.vision.worker_owner")
           ^^^^^^^^^^^^^^^^^^^^^^^^^^^^^^^^^^^^^^^^^^^^^^^^^^^^^^^^^
/usr/lib/python3.12/importlib/__init__.py:90: in import_module
    return _bootstrap._gcd_import(name[level:], package, level)
           ^^^^^^^^^^^^^^^^^^^^^^^^^^^^^^^^^^^^^^^^^^^^^^^^^^^^
<frozen importlib._bootstrap>:1387: in _gcd_import
    ???
<frozen importlib._bootstrap>:1360: in _find_and_load
    ???
<frozen importlib._bootstrap>:1324: in _find_and_load_unlocked
    ???
E   ModuleNotFoundError: No module named 'cloud_edge_robot_arm.vision.worker_owner'
____________ test_foreign_source_identity_cannot_attach[worker_id] _____________
tests/test_visual_worker_owner.py:62: in test_foreign_source_identity_cannot_attach
    with pytest.raises(ValueError): read(running,**{field:"foreign"})
                                    ^^^^^^^^^^^^^^^^^^^^^^^^^^^^^^^^^
tests/test_visual_worker_owner.py:44: in read
    return api().read_visual_worker_lease(repo,**args)
           ^^^^^
tests/test_visual_worker_owner.py:16: in api
    return import_module("cloud_edge_robot_arm.vision.worker_owner")
           ^^^^^^^^^^^^^^^^^^^^^^^^^^^^^^^^^^^^^^^^^^^^^^^^^^^^^^^^^
/usr/lib/python3.12/importlib/__init__.py:90: in import_module
    return _bootstrap._gcd_import(name[level:], package, level)
           ^^^^^^^^^^^^^^^^^^^^^^^^^^^^^^^^^^^^^^^^^^^^^^^^^^^^
<frozen importlib._bootstrap>:1387: in _gcd_import
    ???
<frozen importlib._bootstrap>:1360: in _find_and_load
    ???
<frozen importlib._bootstrap>:1324: in _find_and_load_unlocked
    ???
E   ModuleNotFoundError: No module named 'cloud_edge_robot_arm.vision.worker_owner'
_____________ test_foreign_source_identity_cannot_attach[lease_id] _____________
tests/test_visual_worker_owner.py:62: in test_foreign_source_identity_cannot_attach
    with pytest.raises(ValueError): read(running,**{field:"foreign"})
                                    ^^^^^^^^^^^^^^^^^^^^^^^^^^^^^^^^^
tests/test_visual_worker_owner.py:44: in read
    return api().read_visual_worker_lease(repo,**args)
           ^^^^^
tests/test_visual_worker_owner.py:16: in api
    return import_module("cloud_edge_robot_arm.vision.worker_owner")
           ^^^^^^^^^^^^^^^^^^^^^^^^^^^^^^^^^^^^^^^^^^^^^^^^^^^^^^^^^
/usr/lib/python3.12/importlib/__init__.py:90: in import_module
    return _bootstrap._gcd_import(name[level:], package, level)
           ^^^^^^^^^^^^^^^^^^^^^^^^^^^^^^^^^^^^^^^^^^^^^^^^^^^^
<frozen importlib._bootstrap>:1387: in _gcd_import
    ???
<frozen importlib._bootstrap>:1360: in _find_and_load
    ???
<frozen importlib._bootstrap>:1324: in _find_and_load_unlocked
    ???
E   ModuleNotFoundError: No module named 'cloud_edge_robot_arm.vision.worker_owner'
_______ test_missing_live_lease_or_unique_open_attempt_rejects[released] _______
tests/test_visual_worker_owner.py:73: in test_missing_live_lease_or_unique_open_attempt_rejects
    read(running,**({"now":lease.expires_at} if kind == "expired" else {}))
tests/test_visual_worker_owner.py:44: in read
    return api().read_visual_worker_lease(repo,**args)
           ^^^^^
tests/test_visual_worker_owner.py:16: in api
    return import_module("cloud_edge_robot_arm.vision.worker_owner")
           ^^^^^^^^^^^^^^^^^^^^^^^^^^^^^^^^^^^^^^^^^^^^^^^^^^^^^^^^^
/usr/lib/python3.12/importlib/__init__.py:90: in import_module
    return _bootstrap._gcd_import(name[level:], package, level)
           ^^^^^^^^^^^^^^^^^^^^^^^^^^^^^^^^^^^^^^^^^^^^^^^^^^^^
<frozen importlib._bootstrap>:1387: in _gcd_import
    ???
<frozen importlib._bootstrap>:1360: in _find_and_load
    ???
<frozen importlib._bootstrap>:1324: in _find_and_load_unlocked
    ???
E   ModuleNotFoundError: No module named 'cloud_edge_robot_arm.vision.worker_owner'
______ test_missing_live_lease_or_unique_open_attempt_rejects[cancelled] _______
tests/test_visual_worker_owner.py:73: in test_missing_live_lease_or_unique_open_attempt_rejects
    read(running,**({"now":lease.expires_at} if kind == "expired" else {}))
tests/test_visual_worker_owner.py:44: in read
    return api().read_visual_worker_lease(repo,**args)
           ^^^^^
tests/test_visual_worker_owner.py:16: in api
    return import_module("cloud_edge_robot_arm.vision.worker_owner")
           ^^^^^^^^^^^^^^^^^^^^^^^^^^^^^^^^^^^^^^^^^^^^^^^^^^^^^^^^^
/usr/lib/python3.12/importlib/__init__.py:90: in import_module
    return _bootstrap._gcd_import(name[level:], package, level)
           ^^^^^^^^^^^^^^^^^^^^^^^^^^^^^^^^^^^^^^^^^^^^^^^^^^^^
<frozen importlib._bootstrap>:1387: in _gcd_import
    ???
<frozen importlib._bootstrap>:1360: in _find_and_load
    ???
<frozen importlib._bootstrap>:1324: in _find_and_load_unlocked
    ???
E   ModuleNotFoundError: No module named 'cloud_edge_robot_arm.vision.worker_owner'
_______ test_missing_live_lease_or_unique_open_attempt_rejects[expired] ________
tests/test_visual_worker_owner.py:73: in test_missing_live_lease_or_unique_open_attempt_rejects
    read(running,**({"now":lease.expires_at} if kind == "expired" else {}))
tests/test_visual_worker_owner.py:44: in read
    return api().read_visual_worker_lease(repo,**args)
           ^^^^^
tests/test_visual_worker_owner.py:16: in api
    return import_module("cloud_edge_robot_arm.vision.worker_owner")
           ^^^^^^^^^^^^^^^^^^^^^^^^^^^^^^^^^^^^^^^^^^^^^^^^^^^^^^^^^
/usr/lib/python3.12/importlib/__init__.py:90: in import_module
    return _bootstrap._gcd_import(name[level:], package, level)
           ^^^^^^^^^^^^^^^^^^^^^^^^^^^^^^^^^^^^^^^^^^^^^^^^^^^^
<frozen importlib._bootstrap>:1387: in _gcd_import
    ???
<frozen importlib._bootstrap>:1360: in _find_and_load
    ???
<frozen importlib._bootstrap>:1324: in _find_and_load_unlocked
    ???
E   ModuleNotFoundError: No module named 'cloud_edge_robot_arm.vision.worker_owner'
________ test_missing_live_lease_or_unique_open_attempt_rejects[ended] _________
tests/test_visual_worker_owner.py:73: in test_missing_live_lease_or_unique_open_attempt_rejects
    read(running,**({"now":lease.expires_at} if kind == "expired" else {}))
tests/test_visual_worker_owner.py:44: in read
    return api().read_visual_worker_lease(repo,**args)
           ^^^^^
tests/test_visual_worker_owner.py:16: in api
    return import_module("cloud_edge_robot_arm.vision.worker_owner")
           ^^^^^^^^^^^^^^^^^^^^^^^^^^^^^^^^^^^^^^^^^^^^^^^^^^^^^^^^^
/usr/lib/python3.12/importlib/__init__.py:90: in import_module
    return _bootstrap._gcd_import(name[level:], package, level)
           ^^^^^^^^^^^^^^^^^^^^^^^^^^^^^^^^^^^^^^^^^^^^^^^^^^^^
<frozen importlib._bootstrap>:1387: in _gcd_import
    ???
<frozen importlib._bootstrap>:1360: in _find_and_load
    ???
<frozen importlib._bootstrap>:1324: in _find_and_load_unlocked
    ???
E   ModuleNotFoundError: No module named 'cloud_edge_robot_arm.vision.worker_owner'
_______ test_missing_live_lease_or_unique_open_attempt_rejects[two_open] _______
tests/test_visual_worker_owner.py:73: in test_missing_live_lease_or_unique_open_attempt_rejects
    read(running,**({"now":lease.expires_at} if kind == "expired" else {}))
tests/test_visual_worker_owner.py:44: in read
    return api().read_visual_worker_lease(repo,**args)
           ^^^^^
tests/test_visual_worker_owner.py:16: in api
    return import_module("cloud_edge_robot_arm.vision.worker_owner")
           ^^^^^^^^^^^^^^^^^^^^^^^^^^^^^^^^^^^^^^^^^^^^^^^^^^^^^^^^^
/usr/lib/python3.12/importlib/__init__.py:90: in import_module
    return _bootstrap._gcd_import(name[level:], package, level)
           ^^^^^^^^^^^^^^^^^^^^^^^^^^^^^^^^^^^^^^^^^^^^^^^^^^^^
<frozen importlib._bootstrap>:1387: in _gcd_import
    ???
<frozen importlib._bootstrap>:1360: in _find_and_load
    ???
<frozen importlib._bootstrap>:1324: in _find_and_load_unlocked
    ???
E   ModuleNotFoundError: No module named 'cloud_edge_robot_arm.vision.worker_owner'
_________ test_rewritten_repository_subclass_is_not_a_source_provider __________
tests/test_visual_worker_owner.py:82: in test_rewritten_repository_subclass_is_not_a_source_provider
    api().read_visual_worker_lease(forged,job_id=job.job_id,run_id=job.run_id,
    ^^^^^
tests/test_visual_worker_owner.py:16: in api
    return import_module("cloud_edge_robot_arm.vision.worker_owner")
           ^^^^^^^^^^^^^^^^^^^^^^^^^^^^^^^^^^^^^^^^^^^^^^^^^^^^^^^^^
/usr/lib/python3.12/importlib/__init__.py:90: in import_module
    return _bootstrap._gcd_import(name[level:], package, level)
           ^^^^^^^^^^^^^^^^^^^^^^^^^^^^^^^^^^^^^^^^^^^^^^^^^^^^
<frozen importlib._bootstrap>:1387: in _gcd_import
    ???
<frozen importlib._bootstrap>:1360: in _find_and_load
    ???
<frozen importlib._bootstrap>:1324: in _find_and_load_unlocked
    ???
E   ModuleNotFoundError: No module named 'cloud_edge_robot_arm.vision.worker_owner'
__ test_compile_preserves_original_and_adds_full_local_canonical_requirements __
tests/test_visual_worker_owner.py:103: in test_compile_preserves_original_and_adds_full_local_canonical_requirements
    data=compilation(running)
         ^^^^^^^^^^^^^^^^^^^^
tests/test_visual_worker_owner.py:87: in compilation
    source = read(running)
             ^^^^^^^^^^^^^
tests/test_visual_worker_owner.py:44: in read
    return api().read_visual_worker_lease(repo,**args)
           ^^^^^
tests/test_visual_worker_owner.py:16: in api
    return import_module("cloud_edge_robot_arm.vision.worker_owner")
           ^^^^^^^^^^^^^^^^^^^^^^^^^^^^^^^^^^^^^^^^^^^^^^^^^^^^^^^^^
/usr/lib/python3.12/importlib/__init__.py:90: in import_module
    return _bootstrap._gcd_import(name[level:], package, level)
           ^^^^^^^^^^^^^^^^^^^^^^^^^^^^^^^^^^^^^^^^^^^^^^^^^^^^
<frozen importlib._bootstrap>:1387: in _gcd_import
    ???
<frozen importlib._bootstrap>:1360: in _find_and_load
    ???
<frozen importlib._bootstrap>:1324: in _find_and_load_unlocked
    ???
E   ModuleNotFoundError: No module named 'cloud_edge_robot_arm.vision.worker_owner'
_ test_complete_registered_identity_frame_sources_and_deadlines_required[foreign_attempt] _
tests/test_visual_worker_owner.py:122: in test_complete_registered_identity_frame_sources_and_deadlines_required
    data=compilation(running)
         ^^^^^^^^^^^^^^^^^^^^
tests/test_visual_worker_owner.py:87: in compilation
    source = read(running)
             ^^^^^^^^^^^^^
tests/test_visual_worker_owner.py:44: in read
    return api().read_visual_worker_lease(repo,**args)
           ^^^^^
tests/test_visual_worker_owner.py:16: in api
    return import_module("cloud_edge_robot_arm.vision.worker_owner")
           ^^^^^^^^^^^^^^^^^^^^^^^^^^^^^^^^^^^^^^^^^^^^^^^^^^^^^^^^^
/usr/lib/python3.12/importlib/__init__.py:90: in import_module
    return _bootstrap._gcd_import(name[level:], package, level)
           ^^^^^^^^^^^^^^^^^^^^^^^^^^^^^^^^^^^^^^^^^^^^^^^^^^^^
<frozen importlib._bootstrap>:1387: in _gcd_import
    ???
<frozen importlib._bootstrap>:1360: in _find_and_load
    ???
<frozen importlib._bootstrap>:1324: in _find_and_load_unlocked
    ???
E   ModuleNotFoundError: No module named 'cloud_edge_robot_arm.vision.worker_owner'
_ test_complete_registered_identity_frame_sources_and_deadlines_required[foreign_frame] _
tests/test_visual_worker_owner.py:122: in test_complete_registered_identity_frame_sources_and_deadlines_required
    data=compilation(running)
         ^^^^^^^^^^^^^^^^^^^^
tests/test_visual_worker_owner.py:87: in compilation
    source = read(running)
             ^^^^^^^^^^^^^
tests/test_visual_worker_owner.py:44: in read
    return api().read_visual_worker_lease(repo,**args)
           ^^^^^
tests/test_visual_worker_owner.py:16: in api
    return import_module("cloud_edge_robot_arm.vision.worker_owner")
           ^^^^^^^^^^^^^^^^^^^^^^^^^^^^^^^^^^^^^^^^^^^^^^^^^^^^^^^^^
/usr/lib/python3.12/importlib/__init__.py:90: in import_module
    return _bootstrap._gcd_import(name[level:], package, level)
           ^^^^^^^^^^^^^^^^^^^^^^^^^^^^^^^^^^^^^^^^^^^^^^^^^^^^
<frozen importlib._bootstrap>:1387: in _gcd_import
    ???
<frozen importlib._bootstrap>:1360: in _find_and_load
    ???
<frozen importlib._bootstrap>:1324: in _find_and_load_unlocked
    ???
E   ModuleNotFoundError: No module named 'cloud_edge_robot_arm.vision.worker_owner'
_ test_complete_registered_identity_frame_sources_and_deadlines_required[missing_calibration] _
tests/test_visual_worker_owner.py:122: in test_complete_registered_identity_frame_sources_and_deadlines_required
    data=compilation(running)
         ^^^^^^^^^^^^^^^^^^^^
tests/test_visual_worker_owner.py:87: in compilation
    source = read(running)
             ^^^^^^^^^^^^^
tests/test_visual_worker_owner.py:44: in read
    return api().read_visual_worker_lease(repo,**args)
           ^^^^^
tests/test_visual_worker_owner.py:16: in api
    return import_module("cloud_edge_robot_arm.vision.worker_owner")
           ^^^^^^^^^^^^^^^^^^^^^^^^^^^^^^^^^^^^^^^^^^^^^^^^^^^^^^^^^
/usr/lib/python3.12/importlib/__init__.py:90: in import_module
    return _bootstrap._gcd_import(name[level:], package, level)
           ^^^^^^^^^^^^^^^^^^^^^^^^^^^^^^^^^^^^^^^^^^^^^^^^^^^^
<frozen importlib._bootstrap>:1387: in _gcd_import
    ???
<frozen importlib._bootstrap>:1360: in _find_and_load
    ???
<frozen importlib._bootstrap>:1324: in _find_and_load_unlocked
    ???
E   ModuleNotFoundError: No module named 'cloud_edge_robot_arm.vision.worker_owner'
_ test_complete_registered_identity_frame_sources_and_deadlines_required[missing_source] _
tests/test_visual_worker_owner.py:122: in test_complete_registered_identity_frame_sources_and_deadlines_required
    data=compilation(running)
         ^^^^^^^^^^^^^^^^^^^^
tests/test_visual_worker_owner.py:87: in compilation
    source = read(running)
             ^^^^^^^^^^^^^
tests/test_visual_worker_owner.py:44: in read
    return api().read_visual_worker_lease(repo,**args)
           ^^^^^
tests/test_visual_worker_owner.py:16: in api
    return import_module("cloud_edge_robot_arm.vision.worker_owner")
           ^^^^^^^^^^^^^^^^^^^^^^^^^^^^^^^^^^^^^^^^^^^^^^^^^^^^^^^^^
/usr/lib/python3.12/importlib/__init__.py:90: in import_module
    return _bootstrap._gcd_import(name[level:], package, level)
           ^^^^^^^^^^^^^^^^^^^^^^^^^^^^^^^^^^^^^^^^^^^^^^^^^^^^
<frozen importlib._bootstrap>:1387: in _gcd_import
    ???
<frozen importlib._bootstrap>:1360: in _find_and_load
    ???
<frozen importlib._bootstrap>:1324: in _find_and_load_unlocked
    ???
E   ModuleNotFoundError: No module named 'cloud_edge_robot_arm.vision.worker_owner'
_ test_complete_registered_identity_frame_sources_and_deadlines_required[empty_source] _
tests/test_visual_worker_owner.py:122: in test_complete_registered_identity_frame_sources_and_deadlines_required
    data=compilation(running)
         ^^^^^^^^^^^^^^^^^^^^
tests/test_visual_worker_owner.py:87: in compilation
    source = read(running)
             ^^^^^^^^^^^^^
tests/test_visual_worker_owner.py:44: in read
    return api().read_visual_worker_lease(repo,**args)
           ^^^^^
tests/test_visual_worker_owner.py:16: in api
    return import_module("cloud_edge_robot_arm.vision.worker_owner")
           ^^^^^^^^^^^^^^^^^^^^^^^^^^^^^^^^^^^^^^^^^^^^^^^^^^^^^^^^^
/usr/lib/python3.12/importlib/__init__.py:90: in import_module
    return _bootstrap._gcd_import(name[level:], package, level)
           ^^^^^^^^^^^^^^^^^^^^^^^^^^^^^^^^^^^^^^^^^^^^^^^^^^^^
<frozen importlib._bootstrap>:1387: in _gcd_import
    ???
<frozen importlib._bootstrap>:1360: in _find_and_load
    ???
<frozen importlib._bootstrap>:1324: in _find_and_load_unlocked
    ???
E   ModuleNotFoundError: No module named 'cloud_edge_robot_arm.vision.worker_owner'
_ test_complete_registered_identity_frame_sources_and_deadlines_required[expired] _
tests/test_visual_worker_owner.py:122: in test_complete_registered_identity_frame_sources_and_deadlines_required
    data=compilation(running)
         ^^^^^^^^^^^^^^^^^^^^
tests/test_visual_worker_owner.py:87: in compilation
    source = read(running)
             ^^^^^^^^^^^^^
tests/test_visual_worker_owner.py:44: in read
    return api().read_visual_worker_lease(repo,**args)
           ^^^^^
tests/test_visual_worker_owner.py:16: in api
    return import_module("cloud_edge_robot_arm.vision.worker_owner")
           ^^^^^^^^^^^^^^^^^^^^^^^^^^^^^^^^^^^^^^^^^^^^^^^^^^^^^^^^^
/usr/lib/python3.12/importlib/__init__.py:90: in import_module
    return _bootstrap._gcd_import(name[level:], package, level)
           ^^^^^^^^^^^^^^^^^^^^^^^^^^^^^^^^^^^^^^^^^^^^^^^^^^^^
<frozen importlib._bootstrap>:1387: in _gcd_import
    ???
<frozen importlib._bootstrap>:1360: in _find_and_load
    ???
<frozen importlib._bootstrap>:1324: in _find_and_load_unlocked
    ???
E   ModuleNotFoundError: No module named 'cloud_edge_robot_arm.vision.worker_owner'
_____________ test_unsupported_skill_has_no_invented_requirements ______________
tests/test_visual_worker_owner.py:133: in test_unsupported_skill_has_no_invented_requirements
    data=compilation(running)
         ^^^^^^^^^^^^^^^^^^^^
tests/test_visual_worker_owner.py:87: in compilation
    source = read(running)
             ^^^^^^^^^^^^^
tests/test_visual_worker_owner.py:44: in read
    return api().read_visual_worker_lease(repo,**args)
           ^^^^^
tests/test_visual_worker_owner.py:16: in api
    return import_module("cloud_edge_robot_arm.vision.worker_owner")
           ^^^^^^^^^^^^^^^^^^^^^^^^^^^^^^^^^^^^^^^^^^^^^^^^^^^^^^^^^
/usr/lib/python3.12/importlib/__init__.py:90: in import_module
    return _bootstrap._gcd_import(name[level:], package, level)
           ^^^^^^^^^^^^^^^^^^^^^^^^^^^^^^^^^^^^^^^^^^^^^^^^^^^^
<frozen importlib._bootstrap>:1387: in _gcd_import
    ???
<frozen importlib._bootstrap>:1360: in _find_and_load
    ???
<frozen importlib._bootstrap>:1324: in _find_and_load_unlocked
    ???
E   ModuleNotFoundError: No module named 'cloud_edge_robot_arm.vision.worker_owner'
______ test_source_reader_rejects_lexical_root_symlinks_and_changed_bytes ______
tests/test_visual_worker_owner.py:146: in test_source_reader_rejects_lexical_root_symlinks_and_changed_bytes
    result=api().pin_worker_source_inventory(root,expected,required_paths={"source.py"})
           ^^^^^
tests/test_visual_worker_owner.py:16: in api
    return import_module("cloud_edge_robot_arm.vision.worker_owner")
           ^^^^^^^^^^^^^^^^^^^^^^^^^^^^^^^^^^^^^^^^^^^^^^^^^^^^^^^^^
/usr/lib/python3.12/importlib/__init__.py:90: in import_module
    return _bootstrap._gcd_import(name[level:], package, level)
           ^^^^^^^^^^^^^^^^^^^^^^^^^^^^^^^^^^^^^^^^^^^^^^^^^^^^
<frozen importlib._bootstrap>:1387: in _gcd_import
    ???
<frozen importlib._bootstrap>:1360: in _find_and_load
    ???
<frozen importlib._bootstrap>:1324: in _find_and_load_unlocked
    ???
E   ModuleNotFoundError: No module named 'cloud_edge_robot_arm.vision.worker_owner'
=========================== short test summary info ============================
FAILED tests/test_visual_worker_owner.py::test_actual_repository_reread_joins_new_attempt_instead_of_old_job
FAILED tests/test_visual_worker_owner.py::test_foreign_source_identity_cannot_attach[run_id]
FAILED tests/test_visual_worker_owner.py::test_foreign_source_identity_cannot_attach[worker_id]
FAILED tests/test_visual_worker_owner.py::test_foreign_source_identity_cannot_attach[lease_id]
FAILED tests/test_visual_worker_owner.py::test_missing_live_lease_or_unique_open_attempt_rejects[released]
FAILED tests/test_visual_worker_owner.py::test_missing_live_lease_or_unique_open_attempt_rejects[cancelled]
FAILED tests/test_visual_worker_owner.py::test_missing_live_lease_or_unique_open_attempt_rejects[expired]
FAILED tests/test_visual_worker_owner.py::test_missing_live_lease_or_unique_open_attempt_rejects[ended]
FAILED tests/test_visual_worker_owner.py::test_missing_live_lease_or_unique_open_attempt_rejects[two_open]
FAILED tests/test_visual_worker_owner.py::test_rewritten_repository_subclass_is_not_a_source_provider
FAILED tests/test_visual_worker_owner.py::test_compile_preserves_original_and_adds_full_local_canonical_requirements
FAILED tests/test_visual_worker_owner.py::test_complete_registered_identity_frame_sources_and_deadlines_required[foreign_attempt]
FAILED tests/test_visual_worker_owner.py::test_complete_registered_identity_frame_sources_and_deadlines_required[foreign_frame]
FAILED tests/test_visual_worker_owner.py::test_complete_registered_identity_frame_sources_and_deadlines_required[missing_calibration]
FAILED tests/test_visual_worker_owner.py::test_complete_registered_identity_frame_sources_and_deadlines_required[missing_source]
FAILED tests/test_visual_worker_owner.py::test_complete_registered_identity_frame_sources_and_deadlines_required[empty_source]
FAILED tests/test_visual_worker_owner.py::test_complete_registered_identity_frame_sources_and_deadlines_required[expired]
FAILED tests/test_visual_worker_owner.py::test_unsupported_skill_has_no_invented_requirements
FAILED tests/test_visual_worker_owner.py::test_source_reader_rejects_lexical_root_symlinks_and_changed_bytes
19 failed in 5.22s
