{
  "work": "/tmp/root-risk-criteria-probe-68lehjkt",
  "mutation": "original caller workspace_max_m[2] = 0.001",
  "all_original_files_unchanged": true,
  "before": {
    "actual_status": "UNKNOWN",
    "diagnostic_status": "VALID",
    "rows": 2
  },
  "after": {
    "actual_status": "INVALID",
    "diagnostic_status": "INVALID",
    "rows": 0,
    "reasons": [
      "sw-case:invalid:physical outcome summary does not reproduce raw snapshots",
      "raw_v3_clock_publisher_unavailable",
      "independent_calibration_publisher_unavailable",
      "derived_risk_commits_unavailable",
      "risk_selection_replay_unavailable",
      "initial_source_registration_unavailable"
    ]
  }
}
Traceback (most recent call last):
  File "/tmp/root-risk-supervision-criteria-probe.py", line 28, in <module>
    assert after.diagnostic_status==before.diagnostic_status, 'COPY ISOLATION FAILED: caller-owned criteria list alters registered immutable audit'
           ^^^^^^^^^^^^^^^^^^^^^^^^^^^^^^^^^^^^^^^^^^^^^^^^^
AssertionError: COPY ISOLATION FAILED: caller-owned criteria list alters registered immutable audit
