{
  "cold_import_production_count": 67,
  "paths": {
    "cloud_edge_robot_arm": "/tmp/root-review-risk-supervision-515-gipu7c04/src/cloud_edge_robot_arm/__init__.py",
    "cloud_edge_robot_arm.auto_mode": "/tmp/root-review-risk-supervision-515-gipu7c04/src/cloud_edge_robot_arm/auto_mode/__init__.py",
    "cloud_edge_robot_arm.auto_mode.models": "/tmp/root-review-risk-supervision-515-gipu7c04/src/cloud_edge_robot_arm/auto_mode/models.py",
    "cloud_edge_robot_arm.auto_mode.repository": "/tmp/root-review-risk-supervision-515-gipu7c04/src/cloud_edge_robot_arm/auto_mode/repository.py",
    "cloud_edge_robot_arm.auto_mode.runtime_events": "/tmp/root-review-risk-supervision-515-gipu7c04/src/cloud_edge_robot_arm/auto_mode/runtime_events.py",
    "cloud_edge_robot_arm.auto_mode.selector": "/tmp/root-review-risk-supervision-515-gipu7c04/src/cloud_edge_robot_arm/auto_mode/selector.py",
    "cloud_edge_robot_arm.auto_mode.transition_service": "/tmp/root-review-risk-supervision-515-gipu7c04/src/cloud_edge_robot_arm/auto_mode/transition_service.py",
    "cloud_edge_robot_arm.contracts": "/tmp/root-review-risk-supervision-515-gipu7c04/src/cloud_edge_robot_arm/contracts/__init__.py",
    "cloud_edge_robot_arm.contracts.models": "/tmp/root-review-risk-supervision-515-gipu7c04/src/cloud_edge_robot_arm/contracts/models.py",
    "cloud_edge_robot_arm.datasets": "/tmp/root-review-risk-supervision-515-gipu7c04/src/cloud_edge_robot_arm/datasets/__init__.py",
    "cloud_edge_robot_arm.datasets.rgbd": "/tmp/root-review-risk-supervision-515-gipu7c04/src/cloud_edge_robot_arm/datasets/rgbd/__init__.py",
    "cloud_edge_robot_arm.datasets.rgbd.models": "/tmp/root-review-risk-supervision-515-gipu7c04/src/cloud_edge_robot_arm/datasets/rgbd/models.py",
    "cloud_edge_robot_arm.datasets.rgbd.quality": "/tmp/root-review-risk-supervision-515-gipu7c04/src/cloud_edge_robot_arm/datasets/rgbd/quality.py",
    "cloud_edge_robot_arm.datasets.rgbd.scene_sampler": "/tmp/root-review-risk-supervision-515-gipu7c04/src/cloud_edge_robot_arm/datasets/rgbd/scene_sampler.py",
    "cloud_edge_robot_arm.edge": "/tmp/root-review-risk-supervision-515-gipu7c04/src/cloud_edge_robot_arm/edge/__init__.py",
    "cloud_edge_robot_arm.edge.evidence": "/tmp/root-review-risk-supervision-515-gipu7c04/src/cloud_edge_robot_arm/edge/evidence/__init__.py",
    "cloud_edge_robot_arm.edge.evidence.conditions": "/tmp/root-review-risk-supervision-515-gipu7c04/src/cloud_edge_robot_arm/edge/evidence/conditions.py",
    "cloud_edge_robot_arm.errors": "/tmp/root-review-risk-supervision-515-gipu7c04/src/cloud_edge_robot_arm/errors.py",
    "cloud_edge_robot_arm.model_control": "/tmp/root-review-risk-supervision-515-gipu7c04/src/cloud_edge_robot_arm/model_control/__init__.py",
    "cloud_edge_robot_arm.model_control.endpoint_security": "/tmp/root-review-risk-supervision-515-gipu7c04/src/cloud_edge_robot_arm/model_control/endpoint_security.py",
    "cloud_edge_robot_arm.model_control.models": "/tmp/root-review-risk-supervision-515-gipu7c04/src/cloud_edge_robot_arm/model_control/models.py",
    "cloud_edge_robot_arm.repositories": "/tmp/root-review-risk-supervision-515-gipu7c04/src/cloud_edge_robot_arm/repositories/__init__.py",
    "cloud_edge_robot_arm.repositories.base": "/tmp/root-review-risk-supervision-515-gipu7c04/src/cloud_edge_robot_arm/repositories/base.py",
    "cloud_edge_robot_arm.repositories.event_autonomy": "/tmp/root-review-risk-supervision-515-gipu7c04/src/cloud_edge_robot_arm/repositories/event_autonomy/__init__.py",
    "cloud_edge_robot_arm.repositories.event_autonomy.hashing": "/tmp/root-review-risk-supervision-515-gipu7c04/src/cloud_edge_robot_arm/repositories/event_autonomy/hashing.py",
    "cloud_edge_robot_arm.repositories.event_autonomy.memory": "/tmp/root-review-risk-supervision-515-gipu7c04/src/cloud_edge_robot_arm/repositories/event_autonomy/memory.py",
    "cloud_edge_robot_arm.repositories.event_autonomy.protocol": "/tmp/root-review-risk-supervision-515-gipu7c04/src/cloud_edge_robot_arm/repositories/event_autonomy/protocol.py",
    "cloud_edge_robot_arm.repositories.event_autonomy.sqlite": "/tmp/root-review-risk-supervision-515-gipu7c04/src/cloud_edge_robot_arm/repositories/event_autonomy/sqlite.py",
    "cloud_edge_robot_arm.repositories.memory": "/tmp/root-review-risk-supervision-515-gipu7c04/src/cloud_edge_robot_arm/repositories/memory.py",
    "cloud_edge_robot_arm.repositories.models": "/tmp/root-review-risk-supervision-515-gipu7c04/src/cloud_edge_robot_arm/repositories/models.py",
    "cloud_edge_robot_arm.repositories.sqlite": "/tmp/root-review-risk-supervision-515-gipu7c04/src/cloud_edge_robot_arm/repositories/sqlite.py",
    "cloud_edge_robot_arm.research": "/tmp/root-review-risk-supervision-515-gipu7c04/src/cloud_edge_robot_arm/research/__init__.py",
    "cloud_edge_robot_arm.research.admission": "/tmp/root-review-risk-supervision-515-gipu7c04/src/cloud_edge_robot_arm/research/admission.py",
    "cloud_edge_robot_arm.research.cost_ledger": "/tmp/root-review-risk-supervision-515-gipu7c04/src/cloud_edge_robot_arm/research/cost_ledger.py",
    "cloud_edge_robot_arm.research.freeze_evidence": "/tmp/root-review-risk-supervision-515-gipu7c04/src/cloud_edge_robot_arm/research/freeze_evidence.py",
    "cloud_edge_robot_arm.research.network": "/tmp/root-review-risk-supervision-515-gipu7c04/src/cloud_edge_robot_arm/research/network.py",
    "cloud_edge_robot_arm.research.pilot": "/tmp/root-review-risk-supervision-515-gipu7c04/src/cloud_edge_robot_arm/research/pilot.py",
    "cloud_edge_robot_arm.research.pilot_audit": "/tmp/root-review-risk-supervision-515-gipu7c04/src/cloud_edge_robot_arm/research/pilot_audit.py",
    "cloud_edge_robot_arm.research.protocol": "/tmp/root-review-risk-supervision-515-gipu7c04/src/cloud_edge_robot_arm/research/protocol.py",
    "cloud_edge_robot_arm.research.protocol_evidence": "/tmp/root-review-risk-supervision-515-gipu7c04/src/cloud_edge_robot_arm/research/protocol_evidence.py",
    "cloud_edge_robot_arm.research.risk_sources": "/tmp/root-review-risk-supervision-515-gipu7c04/src/cloud_edge_robot_arm/research/risk_sources.py",
    "cloud_edge_robot_arm.research.risk_supervision": "/tmp/root-review-risk-supervision-515-gipu7c04/src/cloud_edge_robot_arm/research/risk_supervision.py",
    "cloud_edge_robot_arm.simulation": "/tmp/root-review-risk-supervision-515-gipu7c04/src/cloud_edge_robot_arm/simulation/__init__.py",
    "cloud_edge_robot_arm.simulation.backend": "/tmp/root-review-risk-supervision-515-gipu7c04/src/cloud_edge_robot_arm/simulation/backend.py",
    "cloud_edge_robot_arm.simulation.config": "/tmp/root-review-risk-supervision-515-gipu7c04/src/cloud_edge_robot_arm/simulation/config.py",
    "cloud_edge_robot_arm.simulation.models": "/tmp/root-review-risk-supervision-515-gipu7c04/src/cloud_edge_robot_arm/simulation/models.py",
    "cloud_edge_robot_arm.simulation.mujoco": "/tmp/root-review-risk-supervision-515-gipu7c04/src/cloud_edge_robot_arm/simulation/mujoco/__init__.py",
    "cloud_edge_robot_arm.simulation.mujoco.backend": "/tmp/root-review-risk-supervision-515-gipu7c04/src/cloud_edge_robot_arm/simulation/mujoco/backend.py",
    "cloud_edge_robot_arm.simulation.mujoco.camera": "/tmp/root-review-risk-supervision-515-gipu7c04/src/cloud_edge_robot_arm/simulation/mujoco/camera.py",
    "cloud_edge_robot_arm.simulation.mujoco.episode_evaluator": "/tmp/root-review-risk-supervision-515-gipu7c04/src/cloud_edge_robot_arm/simulation/mujoco/episode_evaluator.py",
    "cloud_edge_robot_arm.simulation.mujoco.spec_randomization": "/tmp/root-review-risk-supervision-515-gipu7c04/src/cloud_edge_robot_arm/simulation/mujoco/spec_randomization.py",
    "cloud_edge_robot_arm.skill_cache": "/tmp/root-review-risk-supervision-515-gipu7c04/src/cloud_edge_robot_arm/skill_cache/__init__.py",
    "cloud_edge_robot_arm.skill_cache.models": "/tmp/root-review-risk-supervision-515-gipu7c04/src/cloud_edge_robot_arm/skill_cache/models.py",
    "cloud_edge_robot_arm.skill_cache.repository": "/tmp/root-review-risk-supervision-515-gipu7c04/src/cloud_edge_robot_arm/skill_cache/repository.py",
    "cloud_edge_robot_arm.vision": "/tmp/root-review-risk-supervision-515-gipu7c04/src/cloud_edge_robot_arm/vision/__init__.py",
    "cloud_edge_robot_arm.vision.capture": "/tmp/root-review-risk-supervision-515-gipu7c04/src/cloud_edge_robot_arm/vision/capture.py",
    "cloud_edge_robot_arm.vision.model_resolver": "/tmp/root-review-risk-supervision-515-gipu7c04/src/cloud_edge_robot_arm/vision/model_resolver.py",
    "cloud_edge_robot_arm.vision.observations": "/tmp/root-review-risk-supervision-515-gipu7c04/src/cloud_edge_robot_arm/vision/observations.py",
    "cloud_edge_robot_arm.vision.offline_reader": "/tmp/root-review-risk-supervision-515-gipu7c04/src/cloud_edge_robot_arm/vision/offline_reader.py",
    "cloud_edge_robot_arm.vision.pose_markers": "/tmp/root-review-risk-supervision-515-gipu7c04/src/cloud_edge_robot_arm/vision/pose_markers.py",
    "cloud_edge_robot_arm.vision.risk": "/tmp/root-review-risk-supervision-515-gipu7c04/src/cloud_edge_robot_arm/vision/risk/__init__.py",
    "cloud_edge_robot_arm.vision.risk.calibration": "/tmp/root-review-risk-supervision-515-gipu7c04/src/cloud_edge_robot_arm/vision/risk/calibration.py",
    "cloud_edge_robot_arm.vision.risk.features": "/tmp/root-review-risk-supervision-515-gipu7c04/src/cloud_edge_robot_arm/vision/risk/features.py",
    "cloud_edge_robot_arm.vision.risk.fit": "/tmp/root-review-risk-supervision-515-gipu7c04/src/cloud_edge_robot_arm/vision/risk/fit.py",
    "cloud_edge_robot_arm.vision.risk.models": "/tmp/root-review-risk-supervision-515-gipu7c04/src/cloud_edge_robot_arm/vision/risk/models.py",
    "cloud_edge_robot_arm.vision.role_models": "/tmp/root-review-risk-supervision-515-gipu7c04/src/cloud_edge_robot_arm/vision/role_models.py",
    "cloud_edge_robot_arm.vision.runtime_binding": "/tmp/root-review-risk-supervision-515-gipu7c04/src/cloud_edge_robot_arm/vision/runtime_binding.py"
  },
  "public_contract_classes_verified": 5,
  "status": "PASS"
}
