{
  "passed": 8,
  "probes": [
    {
      "probe": "allocation_subclass",
      "result": "PASS",
      "reason": "concrete allocations registrations required"
    },
    {
      "probe": "history_subclass",
      "result": "PASS",
      "reason": "concrete histories registrations required"
    },
    {
      "probe": "measurement_subclass",
      "result": "PASS",
      "reason": "concrete diagnostic measurements required"
    },
    {
      "probe": "missing_clock_path",
      "result": "PASS",
      "allocated": 2,
      "features": 0,
      "task_labels": 2
    },
    {
      "probe": "missing_calibration_path",
      "result": "PASS",
      "allocated": 2,
      "features": 0,
      "task_labels": 2
    },
    {
      "probe": "finite_components_overflow_norm",
      "result": "PASS",
      "reasons": [
        "raw_v3_clock_publisher_unavailable",
        "independent_calibration_publisher_unavailable",
        "derived_risk_commits_unavailable",
        "risk_selection_replay_unavailable",
        "initial_source_registration_unavailable",
        "supervision_invalid:calibration residual exceeds finite floating range"
      ]
    },
    {
      "probe": "UTC_monotonic_interval_incoherence",
      "result": "PASS",
      "reasons": [
        "raw_v3_clock_publisher_unavailable",
        "independent_calibration_publisher_unavailable",
        "derived_risk_commits_unavailable",
        "risk_selection_replay_unavailable",
        "initial_source_registration_unavailable",
        "supervision_invalid:clock UTC/monotonic intervals differ"
      ]
    },
    {
      "probe": "immutable_tuple_criteria_scalar_reassignment_is_isolated",
      "result": "PASS"
    }
  ]
}
