Collecting h5py<4,>=3.10
  Downloading h5py-3.16.0-cp312-cp312-manylinux_2_28_x86_64.whl.metadata (3.0 kB)
Collecting huggingface_hub<2,>=1.0
  Downloading huggingface_hub-1.33.0-py3-none-any.whl.metadata (16 kB)
Collecting py7zr<2,>=1.0
  Downloading py7zr-1.1.3-py3-none-any.whl.metadata (17 kB)
Collecting matplotlib<4,>=3.8
  Downloading matplotlib-3.11.2-cp312-cp312-manylinux2014_x86_64.manylinux_2_17_x86_64.whl.metadata (80 kB)
     ━━━━━━━━━━━━━━━━━━━━━━━━━━━━━━━━━━━━━━━ 80.3/80.3 kB 444.7 kB/s eta 0:00:00
Requirement already satisfied: numpy>=1.21.2 in ./.venv/lib/python3.12/site-packages (from h5py<4,>=3.10) (2.5.3)
Requirement already satisfied: click<9.0.0,>=8.4.2 in ./.venv/lib/python3.12/site-packages (from huggingface_hub<2,>=1.0) (8.5.0)
Collecting filelock>=3.10.0 (from huggingface_hub<2,>=1.0)
  Downloading filelock-4.0.9-py3-none-any.whl.metadata (2.0 kB)
Requirement already satisfied: fsspec>=2023.5.0 in ./.venv/lib/python3.12/site-packages (from huggingface_hub<2,>=1.0) (2026.9.0)
Collecting hf-xet<2.0.0,>=1.6.0 (from huggingface_hub<2,>=1.0)
  Downloading hf_xet-1.6.0-cp38-abi3-manylinux2014_x86_64.manylinux_2_17_x86_64.whl.metadata (4.9 kB)
Requirement already satisfied: httpx<1,>=0.23.0 in ./.venv/lib/python3.12/site-packages (from huggingface_hub<2,>=1.0) (0.28.1)
Requirement already satisfied: packaging>=20.9 in ./.venv/lib/python3.12/site-packages (from huggingface_hub<2,>=1.0) (26.3)
Requirement already satisfied: pyyaml>=5.1 in ./.venv/lib/python3.12/site-packages (from huggingface_hub<2,>=1.0) (6.0.3)
Collecting tqdm>=4.42.1 (from huggingface_hub<2,>=1.0)
  Downloading tqdm-4.70.1-py3-none-any.whl.metadata (57 kB)
     ━━━━━━━━━━━━━━━━━━━━━━━━━━━━━━━━━━━━━━━ 57.4/57.4 kB 380.9 kB/s eta 0:00:00
Requirement already satisfied: typing-extensions>=4.1.0 in ./.venv/lib/python3.12/site-packages (from huggingface_hub<2,>=1.0) (4.16.0)
Collecting texttable (from py7zr<2,>=1.0)
  Downloading texttable-1.7.0-py2.py3-none-any.whl.metadata (9.8 kB)
Collecting pycryptodomex>=3.20.0 (from py7zr<2,>=1.0)
  Downloading pycryptodomex-3.23.0-cp37-abi3-manylinux_2_17_x86_64.manylinux2014_x86_64.whl.metadata (3.4 kB)
Collecting brotli>=1.2.0 (from py7zr<2,>=1.0)
  Downloading brotli-1.2.0-cp312-cp312-manylinux2014_x86_64.manylinux_2_17_x86_64.whl.metadata (6.1 kB)
Requirement already satisfied: psutil in ./.venv/lib/python3.12/site-packages (from py7zr<2,>=1.0) (7.2.2)
Collecting backports.zstd>=1.0.0 (from py7zr<2,>=1.0)
  Downloading backports_zstd-1.7.0-cp312-cp312-manylinux2014_x86_64.manylinux_2_17_x86_64.manylinux_2_28_x86_64.whl.metadata (6.8 kB)
Collecting pyppmd>=1.3.1 (from py7zr<2,>=1.0)
  Downloading pyppmd-1.3.1-cp312-cp312-manylinux2014_x86_64.manylinux_2_17_x86_64.manylinux_2_28_x86_64.whl.metadata (5.4 kB)
Collecting pybcj>=1.0.6 (from py7zr<2,>=1.0)
  Downloading pybcj-1.0.8-cp312-cp312-manylinux2014_x86_64.manylinux_2_17_x86_64.manylinux_2_28_x86_64.whl.metadata (3.8 kB)
Collecting multivolumefile>=0.2.3 (from py7zr<2,>=1.0)
  Downloading multivolumefile-0.2.3-py3-none-any.whl.metadata (6.3 kB)
Collecting inflate64>=1.0.4 (from py7zr<2,>=1.0)
  Downloading inflate64-1.0.4-cp312-cp312-manylinux2014_x86_64.manylinux_2_17_x86_64.manylinux_2_28_x86_64.whl.metadata (4.4 kB)
Collecting contourpy>=1.0.1 (from matplotlib<4,>=3.8)
  Downloading contourpy-1.4.0-cp312-cp312-manylinux_2_27_x86_64.manylinux_2_28_x86_64.whl.metadata (3.8 kB)
Collecting cycler>=0.10 (from matplotlib<4,>=3.8)
  Downloading cycler-0.12.1-py3-none-any.whl.metadata (3.8 kB)
Collecting fonttools>=4.28.2 (from matplotlib<4,>=3.8)
  Downloading fonttools-4.66.1-cp312-cp312-manylinux2014_x86_64.manylinux_2_17_x86_64.whl.metadata (130 kB)
     ━━━━━━━━━━━━━━━━━━━━━━━━━━━━━━━━━━━━━ 130.1/130.1 kB 464.5 kB/s eta 0:00:00
Collecting kiwisolver>=1.3.1 (from matplotlib<4,>=3.8)
  Downloading kiwisolver-1.5.1-cp312-cp312-manylinux2014_x86_64.manylinux_2_17_x86_64.whl.metadata (5.2 kB)
Requirement already satisfied: pillow>=9 in ./.venv/lib/python3.12/site-packages (from matplotlib<4,>=3.8) (12.3.0)
Collecting pyparsing>=3 (from matplotlib<4,>=3.8)
  Downloading pyparsing-3.3.3-py3-none-any.whl.metadata (5.9 kB)
Requirement already satisfied: python-dateutil>=2.7 in ./.venv/lib/python3.12/site-packages (from matplotlib<4,>=3.8) (2.9.0.post0)
Requirement already satisfied: anyio in ./.venv/lib/python3.12/site-packages (from httpx<1,>=0.23.0->huggingface_hub<2,>=1.0) (4.15.1)
Requirement already satisfied: certifi in ./.venv/lib/python3.12/site-packages (from httpx<1,>=0.23.0->huggingface_hub<2,>=1.0) (2026.7.22)
Requirement already satisfied: httpcore==1.* in ./.venv/lib/python3.12/site-packages (from httpx<1,>=0.23.0->huggingface_hub<2,>=1.0) (1.0.9)
Requirement already satisfied: idna in ./.venv/lib/python3.12/site-packages (from httpx<1,>=0.23.0->huggingface_hub<2,>=1.0) (3.20)
Requirement already satisfied: h11>=0.16 in ./.venv/lib/python3.12/site-packages (from httpcore==1.*->httpx<1,>=0.23.0->huggingface_hub<2,>=1.0) (0.16.0)
Requirement already satisfied: six>=1.5 in ./.venv/lib/python3.12/site-packages (from python-dateutil>=2.7->matplotlib<4,>=3.8) (1.17.0)
Downloading h5py-3.16.0-cp312-cp312-manylinux_2_28_x86_64.whl (5.4 MB)
   ━━━━━━━━━━━━━━━━━━━━━━━━━━━━━━━━━━━━━━━━ 5.4/5.4 MB 463.4 kB/s eta 0:00:00
Downloading huggingface_hub-1.33.0-py3-none-any.whl (846 kB)
   ━━━━━━━━━━━━━━━━━━━━━━━━━━━━━━━━━━━━━━━ 846.4/846.4 kB 445.7 kB/s eta 0:00:00
Downloading py7zr-1.1.3-py3-none-any.whl (72 kB)
   ━━━━━━━━━━━━━━━━━━━━━━━━━━━━━━━━━━━━━━━━ 72.2/72.2 kB 617.9 kB/s eta 0:00:00
Downloading matplotlib-3.11.2-cp312-cp312-manylinux2014_x86_64.manylinux_2_17_x86_64.whl (9.9 MB)
   ━━━━━━━━━━━━━━━━━━━━━━━━━━━━━━━━━━━━━━━━ 9.9/9.9 MB 505.8 kB/s eta 0:00:00
Downloading backports_zstd-1.7.0-cp312-cp312-manylinux2014_x86_64.manylinux_2_17_x86_64.manylinux_2_28_x86_64.whl (496 kB)
   ━━━━━━━━━━━━━━━━━━━━━━━━━━━━━━━━━━━━━━━ 496.2/496.2 kB 550.7 kB/s eta 0:00:00
Downloading brotli-1.2.0-cp312-cp312-manylinux2014_x86_64.manylinux_2_17_x86_64.whl (1.4 MB)
   ━━━━━━━━━━━━━━━━━━━━━━━━━━━━━━━━━━━━━━━━ 1.4/1.4 MB 506.7 kB/s eta 0:00:00
Downloading contourpy-1.4.0-cp312-cp312-manylinux_2_27_x86_64.manylinux_2_28_x86_64.whl (383 kB)
   ━━━━━━━━━━━━━━━━━━━━━━━━━━━━━━━━━━━━━━━ 383.2/383.2 kB 503.7 kB/s eta 0:00:00
Downloading cycler-0.12.1-py3-none-any.whl (8.3 kB)
Downloading filelock-4.0.9-py3-none-any.whl (110 kB)
   ━━━━━━━━━━━━━━━━━━━━━━━━━━━━━━━━━━━━━━━ 110.4/110.4 kB 591.1 kB/s eta 0:00:00
Downloading fonttools-4.66.1-cp312-cp312-manylinux2014_x86_64.manylinux_2_17_x86_64.whl (5.4 MB)
   ━━━━━━━━━━━━━━━━━━━━━━━━━━━━━━━━━━━━━━━━ 5.4/5.4 MB 516.5 kB/s eta 0:00:00
Downloading hf_xet-1.6.0-cp38-abi3-manylinux2014_x86_64.manylinux_2_17_x86_64.whl (4.5 MB)
   ━━━━━━━━━━━━━━━━━━━━━━━━━━━━━━━━━━━━━━━━ 4.5/4.5 MB 533.0 kB/s eta 0:00:00
Using cached inflate64-1.0.4-cp312-cp312-manylinux2014_x86_64.manylinux_2_17_x86_64.manylinux_2_28_x86_64.whl (100 kB)
Downloading kiwisolver-1.5.1-cp312-cp312-manylinux2014_x86_64.manylinux_2_17_x86_64.whl (1.5 MB)
   ━━━━━━━━━━━━━━━━━━━━━━━━━━━━━━━━━━━━━━━━ 1.5/1.5 MB 490.8 kB/s eta 0:00:00
Using cached multivolumefile-0.2.3-py3-none-any.whl (17 kB)
Using cached pybcj-1.0.8-cp312-cp312-manylinux2014_x86_64.manylinux_2_17_x86_64.manylinux_2_28_x86_64.whl (52 kB)
Downloading pycryptodomex-3.23.0-cp37-abi3-manylinux_2_17_x86_64.manylinux2014_x86_64.whl (2.3 MB)
   ━━━━━━━━━━━━━━━━━━━━━━━━━━━━━━━━━━━━━━━━ 2.3/2.3 MB 482.7 kB/s eta 0:00:00
Downloading pyparsing-3.3.3-py3-none-any.whl (126 kB)
   ━━━━━━━━━━━━━━━━━━━━━━━━━━━━━━━━━━━━━━━ 126.4/126.4 kB 612.6 kB/s eta 0:00:00
Using cached pyppmd-1.3.1-cp312-cp312-manylinux2014_x86_64.manylinux_2_17_x86_64.manylinux_2_28_x86_64.whl (144 kB)
Downloading tqdm-4.70.1-py3-none-any.whl (80 kB)
   ━━━━━━━━━━━━━━━━━━━━━━━━━━━━━━━━━━━━━━━━ 80.2/80.2 kB 545.0 kB/s eta 0:00:00
Using cached texttable-1.7.0-py2.py3-none-any.whl (10 kB)
Installing collected packages: texttable, brotli, tqdm, pyppmd, pyparsing, pycryptodomex, pybcj, multivolumefile, kiwisolver, inflate64, hf-xet, h5py, fonttools, filelock, cycler, contourpy, backports.zstd, py7zr, matplotlib, huggingface_hub
Successfully installed backports.zstd-1.7.0 brotli-1.2.0 contourpy-1.4.0 cycler-0.12.1 filelock-4.0.9 fonttools-4.66.1 h5py-3.16.0 hf-xet-1.6.0 huggingface_hub-1.33.0 inflate64-1.0.4 kiwisolver-1.5.1 matplotlib-3.11.2 multivolumefile-0.2.3 py7zr-1.1.3 pybcj-1.0.8 pycryptodomex-3.23.0 pyparsing-3.3.3 pyppmd-1.3.1 texttable-1.7.0 tqdm-4.70.1
