E501 Line too long (101 > 100)
   --> src/cloud_edge_robot_arm/datasets/external/deployment.py:354:101
    |
352 |             raise ValueError("index dataset identity does not match plan")
353 |         row_root = row.get("source_root", row.get("root"))
354 |         if not row_root or Path(row_root).resolve() != (root / "raw" / plan["dataset_id"]).resolve():
    |                                                                                                     ^
355 |             raise ValueError("index source root does not belong to pinned raw deployment")
356 |     _verify_raw_marker(plan)
    |

E702 Multiple statements on one line (semicolon)
   --> tests/test_external_rgbd_deployment.py:151:39
    |
149 |     with tarfile.open(archive,"w:gz") as tar:
150 |         for name in ("data/a.txt","data/b.txt"):
151 |             info=tarfile.TarInfo(name);info.size=1
    |                                       ^
152 |             tar.addfile(info,io.BytesIO(b"x"))
153 |     plan={"data_root":str(tmp_path),"dataset_id":"robomind","source":"modelscope",
    |

E701 Multiple statements on one line (colon)
   --> tests/test_external_rgbd_deployment.py:163:30
    |
161 |             raise OSError("synthetic interruption during assembly")
162 |         result=original(path,target)
163 |         if path.name=="a.txt":moved.append(str(target))
    |                              ^
164 |         return result
165 |     monkeypatch.setattr(Path,"replace",interrupt)
    |

Found 4 errors (1 fixed, 3 remaining).
