FFFFFFFFFFFFFFFFFFFFF                                                    [100%]
=================================== FAILURES ===================================
________ test_discovery_preserves_official_split_camera_and_view_index _________

tmp_path = PosixPath('/tmp/pytest-of-ningyd/pytest-132/test_discovery_preserves_offic0')

    def test_discovery_preserves_official_split_camera_and_view_index(tmp_path: Path) -> None:
        # 若把52编号当时序或错置相机，则该测试失败。
        fixture_scene(tmp_path, image_id=4, scale=0.1)
        fixture_scene(tmp_path, image_id=5)
>       found = refs(tmp_path)
                ^^^^^^^^^^^^^^

tests/test_external_rgbd_graspclutter.py:76: 
_ _ _ _ _ _ _ _ _ _ _ _ _ _ _ _ _ _ _ _ _ _ _ _ _ _ _ _ _ _ _ _ _ _ _ _ _ _ _ _ 
tests/test_external_rgbd_graspclutter.py:64: in refs
    return discover_grasp_samples(
_ _ _ _ _ _ _ _ _ _ _ _ _ _ _ _ _ _ _ _ _ _ _ _ _ _ _ _ _ _ _ _ _ _ _ _ _ _ _ _ 

root = PosixPath('/tmp/pytest-of-ningyd/pytest-132/test_discovery_preserves_offic0')
source_revision = '973a567efa2f8047e5a40c9113a672e8215bcc1b'
splits = {'test': [], 'train': ['000005']}, scene_ids = ['000005']
protocol = 'grasp'

    def discover_grasp_samples(
        root: Path,
        source_revision: str,
        splits: dict[str, Any],
        scene_ids: list[str],
        protocol: str = "grasp",
    ) -> list[dict[str, Any]]:
>       raise NotImplementedError("GraspClutter6D discovery is not implemented")
E       NotImplementedError: GraspClutter6D discovery is not implemented

src/cloud_edge_robot_arm/datasets/external/graspclutter.py:18: NotImplementedError
________ test_depth_preserves_uint16_and_applies_scale_once[1-1.0-1.0] _________

tmp_path = PosixPath('/tmp/pytest-of-ningyd/pytest-132/test_depth_preserves_uint16_an0')
image_id = 1, scale = 1.0, want = 1.0

    @pytest.mark.parametrize(("image_id", "scale", "want"), [(1, 1.0, 1.0), (4, 0.1, 0.1)])
    def test_depth_preserves_uint16_and_applies_scale_once(
        tmp_path: Path, image_id: int, scale: float, want: float
    ) -> None:
        fixture_scene(tmp_path, image_id=image_id, scale=scale)
>       sample = read_grasp_sample(refs(tmp_path)[0])
                                   ^^^^^^^^^^^^^^

tests/test_external_rgbd_graspclutter.py:88: 
_ _ _ _ _ _ _ _ _ _ _ _ _ _ _ _ _ _ _ _ _ _ _ _ _ _ _ _ _ _ _ _ _ _ _ _ _ _ _ _ 
tests/test_external_rgbd_graspclutter.py:64: in refs
    return discover_grasp_samples(
_ _ _ _ _ _ _ _ _ _ _ _ _ _ _ _ _ _ _ _ _ _ _ _ _ _ _ _ _ _ _ _ _ _ _ _ _ _ _ _ 

root = PosixPath('/tmp/pytest-of-ningyd/pytest-132/test_depth_preserves_uint16_an0')
source_revision = '973a567efa2f8047e5a40c9113a672e8215bcc1b'
splits = {'test': [], 'train': ['000005']}, scene_ids = ['000005']
protocol = 'grasp'

    def discover_grasp_samples(
        root: Path,
        source_revision: str,
        splits: dict[str, Any],
        scene_ids: list[str],
        protocol: str = "grasp",
    ) -> list[dict[str, Any]]:
>       raise NotImplementedError("GraspClutter6D discovery is not implemented")
E       NotImplementedError: GraspClutter6D discovery is not implemented

src/cloud_edge_robot_arm/datasets/external/graspclutter.py:18: NotImplementedError
________ test_depth_preserves_uint16_and_applies_scale_once[4-0.1-0.1] _________

tmp_path = PosixPath('/tmp/pytest-of-ningyd/pytest-132/test_depth_preserves_uint16_an1')
image_id = 4, scale = 0.1, want = 0.1

    @pytest.mark.parametrize(("image_id", "scale", "want"), [(1, 1.0, 1.0), (4, 0.1, 0.1)])
    def test_depth_preserves_uint16_and_applies_scale_once(
        tmp_path: Path, image_id: int, scale: float, want: float
    ) -> None:
        fixture_scene(tmp_path, image_id=image_id, scale=scale)
>       sample = read_grasp_sample(refs(tmp_path)[0])
                                   ^^^^^^^^^^^^^^

tests/test_external_rgbd_graspclutter.py:88: 
_ _ _ _ _ _ _ _ _ _ _ _ _ _ _ _ _ _ _ _ _ _ _ _ _ _ _ _ _ _ _ _ _ _ _ _ _ _ _ _ 
tests/test_external_rgbd_graspclutter.py:64: in refs
    return discover_grasp_samples(
_ _ _ _ _ _ _ _ _ _ _ _ _ _ _ _ _ _ _ _ _ _ _ _ _ _ _ _ _ _ _ _ _ _ _ _ _ _ _ _ 

root = PosixPath('/tmp/pytest-of-ningyd/pytest-132/test_depth_preserves_uint16_an1')
source_revision = '973a567efa2f8047e5a40c9113a672e8215bcc1b'
splits = {'test': [], 'train': ['000005']}, scene_ids = ['000005']
protocol = 'grasp'

    def discover_grasp_samples(
        root: Path,
        source_revision: str,
        splits: dict[str, Any],
        scene_ids: list[str],
        protocol: str = "grasp",
    ) -> list[dict[str, Any]]:
>       raise NotImplementedError("GraspClutter6D discovery is not implemented")
E       NotImplementedError: GraspClutter6D discovery is not implemented

src/cloud_edge_robot_arm/datasets/external/graspclutter.py:18: NotImplementedError
__________ test_camera_geometry_has_source_evidence_and_correct_units __________

tmp_path = PosixPath('/tmp/pytest-of-ningyd/pytest-132/test_camera_geometry_has_sourc0')

    def test_camera_geometry_has_source_evidence_and_correct_units(tmp_path: Path) -> None:
        fixture_scene(tmp_path)
>       sample = read_grasp_sample(refs(tmp_path)[0])
                                   ^^^^^^^^^^^^^^

tests/test_external_rgbd_graspclutter.py:99: 
_ _ _ _ _ _ _ _ _ _ _ _ _ _ _ _ _ _ _ _ _ _ _ _ _ _ _ _ _ _ _ _ _ _ _ _ _ _ _ _ 
tests/test_external_rgbd_graspclutter.py:64: in refs
    return discover_grasp_samples(
_ _ _ _ _ _ _ _ _ _ _ _ _ _ _ _ _ _ _ _ _ _ _ _ _ _ _ _ _ _ _ _ _ _ _ _ _ _ _ _ 

root = PosixPath('/tmp/pytest-of-ningyd/pytest-132/test_camera_geometry_has_sourc0')
source_revision = '973a567efa2f8047e5a40c9113a672e8215bcc1b'
splits = {'test': [], 'train': ['000005']}, scene_ids = ['000005']
protocol = 'grasp'

    def discover_grasp_samples(
        root: Path,
        source_revision: str,
        splits: dict[str, Any],
        scene_ids: list[str],
        protocol: str = "grasp",
    ) -> list[dict[str, Any]]:
>       raise NotImplementedError("GraspClutter6D discovery is not implemented")
E       NotImplementedError: GraspClutter6D discovery is not implemented

src/cloud_edge_robot_arm/datasets/external/graspclutter.py:18: NotImplementedError
______ test_repeated_object_instances_and_both_mask_channels_are_retained ______

tmp_path = PosixPath('/tmp/pytest-of-ningyd/pytest-132/test_repeated_object_instances0')

    def test_repeated_object_instances_and_both_mask_channels_are_retained(tmp_path: Path) -> None:
        fixture_scene(tmp_path)
>       sample = read_grasp_sample(refs(tmp_path)[0])
                                   ^^^^^^^^^^^^^^

tests/test_external_rgbd_graspclutter.py:115: 
_ _ _ _ _ _ _ _ _ _ _ _ _ _ _ _ _ _ _ _ _ _ _ _ _ _ _ _ _ _ _ _ _ _ _ _ _ _ _ _ 
tests/test_external_rgbd_graspclutter.py:64: in refs
    return discover_grasp_samples(
_ _ _ _ _ _ _ _ _ _ _ _ _ _ _ _ _ _ _ _ _ _ _ _ _ _ _ _ _ _ _ _ _ _ _ _ _ _ _ _ 

root = PosixPath('/tmp/pytest-of-ningyd/pytest-132/test_repeated_object_instances0')
source_revision = '973a567efa2f8047e5a40c9113a672e8215bcc1b'
splits = {'test': [], 'train': ['000005']}, scene_ids = ['000005']
protocol = 'grasp'

    def discover_grasp_samples(
        root: Path,
        source_revision: str,
        splits: dict[str, Any],
        scene_ids: list[str],
        protocol: str = "grasp",
    ) -> list[dict[str, Any]]:
>       raise NotImplementedError("GraspClutter6D discovery is not implemented")
E       NotImplementedError: GraspClutter6D discovery is not implemented

src/cloud_edge_robot_arm/datasets/external/graspclutter.py:18: NotImplementedError
_______________ test_upstream_mask_visib_directory_is_supported ________________

tmp_path = PosixPath('/tmp/pytest-of-ningyd/pytest-132/test_upstream_mask_visib_direc0')

    def test_upstream_mask_visib_directory_is_supported(tmp_path: Path) -> None:
        scene = fixture_scene(tmp_path)
        (scene / "visible_mask").rename(scene / "mask_visib")
>       sample = read_grasp_sample(refs(tmp_path)[0])
                                   ^^^^^^^^^^^^^^

tests/test_external_rgbd_graspclutter.py:129: 
_ _ _ _ _ _ _ _ _ _ _ _ _ _ _ _ _ _ _ _ _ _ _ _ _ _ _ _ _ _ _ _ _ _ _ _ _ _ _ _ 
tests/test_external_rgbd_graspclutter.py:64: in refs
    return discover_grasp_samples(
_ _ _ _ _ _ _ _ _ _ _ _ _ _ _ _ _ _ _ _ _ _ _ _ _ _ _ _ _ _ _ _ _ _ _ _ _ _ _ _ 

root = PosixPath('/tmp/pytest-of-ningyd/pytest-132/test_upstream_mask_visib_direc0')
source_revision = '973a567efa2f8047e5a40c9113a672e8215bcc1b'
splits = {'test': [], 'train': ['000005']}, scene_ids = ['000005']
protocol = 'grasp'

    def discover_grasp_samples(
        root: Path,
        source_revision: str,
        splits: dict[str, Any],
        scene_ids: list[str],
        protocol: str = "grasp",
    ) -> list[dict[str, Any]]:
>       raise NotImplementedError("GraspClutter6D discovery is not implemented")
E       NotImplementedError: GraspClutter6D discovery is not implemented

src/cloud_edge_robot_arm/datasets/external/graspclutter.py:18: NotImplementedError
___ test_missing_depth_scale_preserves_readable_rgbd_without_metric_geometry ___

tmp_path = PosixPath('/tmp/pytest-of-ningyd/pytest-132/test_missing_depth_scale_prese0')

    def test_missing_depth_scale_preserves_readable_rgbd_without_metric_geometry(tmp_path: Path) -> None:
        fixture_scene(tmp_path, scale=None)
>       sample = read_grasp_sample(refs(tmp_path)[0])
                                   ^^^^^^^^^^^^^^

tests/test_external_rgbd_graspclutter.py:135: 
_ _ _ _ _ _ _ _ _ _ _ _ _ _ _ _ _ _ _ _ _ _ _ _ _ _ _ _ _ _ _ _ _ _ _ _ _ _ _ _ 
tests/test_external_rgbd_graspclutter.py:64: in refs
    return discover_grasp_samples(
_ _ _ _ _ _ _ _ _ _ _ _ _ _ _ _ _ _ _ _ _ _ _ _ _ _ _ _ _ _ _ _ _ _ _ _ _ _ _ _ 

root = PosixPath('/tmp/pytest-of-ningyd/pytest-132/test_missing_depth_scale_prese0')
source_revision = '973a567efa2f8047e5a40c9113a672e8215bcc1b'
splits = {'test': [], 'train': ['000005']}, scene_ids = ['000005']
protocol = 'grasp'

    def discover_grasp_samples(
        root: Path,
        source_revision: str,
        splits: dict[str, Any],
        scene_ids: list[str],
        protocol: str = "grasp",
    ) -> list[dict[str, Any]]:
>       raise NotImplementedError("GraspClutter6D discovery is not implemented")
E       NotImplementedError: GraspClutter6D discovery is not implemented

src/cloud_edge_robot_arm/datasets/external/graspclutter.py:18: NotImplementedError
________ test_missing_camera_intrinsics_does_not_fabricate_calibration _________

tmp_path = PosixPath('/tmp/pytest-of-ningyd/pytest-132/test_missing_camera_intrinsics0')

    def test_missing_camera_intrinsics_does_not_fabricate_calibration(tmp_path: Path) -> None:
        scene = fixture_scene(tmp_path)
        value = json.loads((scene / "scene_camera.json").read_text())
        value["1"].pop("cam_K")
        (scene / "scene_camera.json").write_text(json.dumps(value))
>       sample = read_grasp_sample(refs(tmp_path)[0])
                                   ^^^^^^^^^^^^^^

tests/test_external_rgbd_graspclutter.py:148: 
_ _ _ _ _ _ _ _ _ _ _ _ _ _ _ _ _ _ _ _ _ _ _ _ _ _ _ _ _ _ _ _ _ _ _ _ _ _ _ _ 
tests/test_external_rgbd_graspclutter.py:64: in refs
    return discover_grasp_samples(
_ _ _ _ _ _ _ _ _ _ _ _ _ _ _ _ _ _ _ _ _ _ _ _ _ _ _ _ _ _ _ _ _ _ _ _ _ _ _ _ 

root = PosixPath('/tmp/pytest-of-ningyd/pytest-132/test_missing_camera_intrinsics0')
source_revision = '973a567efa2f8047e5a40c9113a672e8215bcc1b'
splits = {'test': [], 'train': ['000005']}, scene_ids = ['000005']
protocol = 'grasp'

    def discover_grasp_samples(
        root: Path,
        source_revision: str,
        splits: dict[str, Any],
        scene_ids: list[str],
        protocol: str = "grasp",
    ) -> list[dict[str, Any]]:
>       raise NotImplementedError("GraspClutter6D discovery is not implemented")
E       NotImplementedError: GraspClutter6D discovery is not implemented

src/cloud_edge_robot_arm/datasets/external/graspclutter.py:18: NotImplementedError
_______________ test_different_rgb_depth_size_disables_alignment _______________

tmp_path = PosixPath('/tmp/pytest-of-ningyd/pytest-132/test_different_rgb_depth_size_0')

    def test_different_rgb_depth_size_disables_alignment(tmp_path: Path) -> None:
        scene = fixture_scene(tmp_path)
        Image.fromarray(np.ones((2, 2), dtype=np.uint16)).save(scene / "depth" / "000001.png")
>       sample = read_grasp_sample(refs(tmp_path)[0])
                                   ^^^^^^^^^^^^^^

tests/test_external_rgbd_graspclutter.py:157: 
_ _ _ _ _ _ _ _ _ _ _ _ _ _ _ _ _ _ _ _ _ _ _ _ _ _ _ _ _ _ _ _ _ _ _ _ _ _ _ _ 
tests/test_external_rgbd_graspclutter.py:64: in refs
    return discover_grasp_samples(
_ _ _ _ _ _ _ _ _ _ _ _ _ _ _ _ _ _ _ _ _ _ _ _ _ _ _ _ _ _ _ _ _ _ _ _ _ _ _ _ 

root = PosixPath('/tmp/pytest-of-ningyd/pytest-132/test_different_rgb_depth_size_0')
source_revision = '973a567efa2f8047e5a40c9113a672e8215bcc1b'
splits = {'test': [], 'train': ['000005']}, scene_ids = ['000005']
protocol = 'grasp'

    def discover_grasp_samples(
        root: Path,
        source_revision: str,
        splits: dict[str, Any],
        scene_ids: list[str],
        protocol: str = "grasp",
    ) -> list[dict[str, Any]]:
>       raise NotImplementedError("GraspClutter6D discovery is not implemented")
E       NotImplementedError: GraspClutter6D discovery is not implemented

src/cloud_edge_robot_arm/datasets/external/graspclutter.py:18: NotImplementedError
__________________ test_invalid_depth_scale_is_rejected[0.0] ___________________

tmp_path = PosixPath('/tmp/pytest-of-ningyd/pytest-132/test_invalid_depth_scale_is_re0')
scale = 0.0

    @pytest.mark.parametrize("scale", [0.0, -1.0, float("nan"), float("inf")])
    def test_invalid_depth_scale_is_rejected(tmp_path: Path, scale: float) -> None:
        fixture_scene(tmp_path, scale=scale)
        with pytest.raises(ValueError, match="depth scale"):
>           read_grasp_sample(refs(tmp_path)[0])
                              ^^^^^^^^^^^^^^

tests/test_external_rgbd_graspclutter.py:167: 
_ _ _ _ _ _ _ _ _ _ _ _ _ _ _ _ _ _ _ _ _ _ _ _ _ _ _ _ _ _ _ _ _ _ _ _ _ _ _ _ 
tests/test_external_rgbd_graspclutter.py:64: in refs
    return discover_grasp_samples(
_ _ _ _ _ _ _ _ _ _ _ _ _ _ _ _ _ _ _ _ _ _ _ _ _ _ _ _ _ _ _ _ _ _ _ _ _ _ _ _ 

root = PosixPath('/tmp/pytest-of-ningyd/pytest-132/test_invalid_depth_scale_is_re0')
source_revision = '973a567efa2f8047e5a40c9113a672e8215bcc1b'
splits = {'test': [], 'train': ['000005']}, scene_ids = ['000005']
protocol = 'grasp'

    def discover_grasp_samples(
        root: Path,
        source_revision: str,
        splits: dict[str, Any],
        scene_ids: list[str],
        protocol: str = "grasp",
    ) -> list[dict[str, Any]]:
>       raise NotImplementedError("GraspClutter6D discovery is not implemented")
E       NotImplementedError: GraspClutter6D discovery is not implemented

src/cloud_edge_robot_arm/datasets/external/graspclutter.py:18: NotImplementedError
__________________ test_invalid_depth_scale_is_rejected[-1.0] __________________

tmp_path = PosixPath('/tmp/pytest-of-ningyd/pytest-132/test_invalid_depth_scale_is_re1')
scale = -1.0

    @pytest.mark.parametrize("scale", [0.0, -1.0, float("nan"), float("inf")])
    def test_invalid_depth_scale_is_rejected(tmp_path: Path, scale: float) -> None:
        fixture_scene(tmp_path, scale=scale)
        with pytest.raises(ValueError, match="depth scale"):
>           read_grasp_sample(refs(tmp_path)[0])
                              ^^^^^^^^^^^^^^

tests/test_external_rgbd_graspclutter.py:167: 
_ _ _ _ _ _ _ _ _ _ _ _ _ _ _ _ _ _ _ _ _ _ _ _ _ _ _ _ _ _ _ _ _ _ _ _ _ _ _ _ 
tests/test_external_rgbd_graspclutter.py:64: in refs
    return discover_grasp_samples(
_ _ _ _ _ _ _ _ _ _ _ _ _ _ _ _ _ _ _ _ _ _ _ _ _ _ _ _ _ _ _ _ _ _ _ _ _ _ _ _ 

root = PosixPath('/tmp/pytest-of-ningyd/pytest-132/test_invalid_depth_scale_is_re1')
source_revision = '973a567efa2f8047e5a40c9113a672e8215bcc1b'
splits = {'test': [], 'train': ['000005']}, scene_ids = ['000005']
protocol = 'grasp'

    def discover_grasp_samples(
        root: Path,
        source_revision: str,
        splits: dict[str, Any],
        scene_ids: list[str],
        protocol: str = "grasp",
    ) -> list[dict[str, Any]]:
>       raise NotImplementedError("GraspClutter6D discovery is not implemented")
E       NotImplementedError: GraspClutter6D discovery is not implemented

src/cloud_edge_robot_arm/datasets/external/graspclutter.py:18: NotImplementedError
__________________ test_invalid_depth_scale_is_rejected[nan] ___________________

tmp_path = PosixPath('/tmp/pytest-of-ningyd/pytest-132/test_invalid_depth_scale_is_re2')
scale = nan

    @pytest.mark.parametrize("scale", [0.0, -1.0, float("nan"), float("inf")])
    def test_invalid_depth_scale_is_rejected(tmp_path: Path, scale: float) -> None:
        fixture_scene(tmp_path, scale=scale)
        with pytest.raises(ValueError, match="depth scale"):
>           read_grasp_sample(refs(tmp_path)[0])
                              ^^^^^^^^^^^^^^

tests/test_external_rgbd_graspclutter.py:167: 
_ _ _ _ _ _ _ _ _ _ _ _ _ _ _ _ _ _ _ _ _ _ _ _ _ _ _ _ _ _ _ _ _ _ _ _ _ _ _ _ 
tests/test_external_rgbd_graspclutter.py:64: in refs
    return discover_grasp_samples(
_ _ _ _ _ _ _ _ _ _ _ _ _ _ _ _ _ _ _ _ _ _ _ _ _ _ _ _ _ _ _ _ _ _ _ _ _ _ _ _ 

root = PosixPath('/tmp/pytest-of-ningyd/pytest-132/test_invalid_depth_scale_is_re2')
source_revision = '973a567efa2f8047e5a40c9113a672e8215bcc1b'
splits = {'test': [], 'train': ['000005']}, scene_ids = ['000005']
protocol = 'grasp'

    def discover_grasp_samples(
        root: Path,
        source_revision: str,
        splits: dict[str, Any],
        scene_ids: list[str],
        protocol: str = "grasp",
    ) -> list[dict[str, Any]]:
>       raise NotImplementedError("GraspClutter6D discovery is not implemented")
E       NotImplementedError: GraspClutter6D discovery is not implemented

src/cloud_edge_robot_arm/datasets/external/graspclutter.py:18: NotImplementedError
__________________ test_invalid_depth_scale_is_rejected[inf] ___________________

tmp_path = PosixPath('/tmp/pytest-of-ningyd/pytest-132/test_invalid_depth_scale_is_re3')
scale = inf

    @pytest.mark.parametrize("scale", [0.0, -1.0, float("nan"), float("inf")])
    def test_invalid_depth_scale_is_rejected(tmp_path: Path, scale: float) -> None:
        fixture_scene(tmp_path, scale=scale)
        with pytest.raises(ValueError, match="depth scale"):
>           read_grasp_sample(refs(tmp_path)[0])
                              ^^^^^^^^^^^^^^

tests/test_external_rgbd_graspclutter.py:167: 
_ _ _ _ _ _ _ _ _ _ _ _ _ _ _ _ _ _ _ _ _ _ _ _ _ _ _ _ _ _ _ _ _ _ _ _ _ _ _ _ 
tests/test_external_rgbd_graspclutter.py:64: in refs
    return discover_grasp_samples(
_ _ _ _ _ _ _ _ _ _ _ _ _ _ _ _ _ _ _ _ _ _ _ _ _ _ _ _ _ _ _ _ _ _ _ _ _ _ _ _ 

root = PosixPath('/tmp/pytest-of-ningyd/pytest-132/test_invalid_depth_scale_is_re3')
source_revision = '973a567efa2f8047e5a40c9113a672e8215bcc1b'
splits = {'test': [], 'train': ['000005']}, scene_ids = ['000005']
protocol = 'grasp'

    def discover_grasp_samples(
        root: Path,
        source_revision: str,
        splits: dict[str, Any],
        scene_ids: list[str],
        protocol: str = "grasp",
    ) -> list[dict[str, Any]]:
>       raise NotImplementedError("GraspClutter6D discovery is not implemented")
E       NotImplementedError: GraspClutter6D discovery is not implemented

src/cloud_edge_robot_arm/datasets/external/graspclutter.py:18: NotImplementedError
_______________________ test_wrong_rotation_is_rejected ________________________

tmp_path = PosixPath('/tmp/pytest-of-ningyd/pytest-132/test_wrong_rotation_is_rejecte0')

    def test_wrong_rotation_is_rejected(tmp_path: Path) -> None:
        scene = fixture_scene(tmp_path)
        value = json.loads((scene / "scene_camera.json").read_text())
        value["1"]["cam_R_w2c"] = [-1, 0, 0, 0, 1, 0, 0, 0, 1]
        (scene / "scene_camera.json").write_text(json.dumps(value))
        with pytest.raises(ValueError, match="right-handed"):
>           read_grasp_sample(refs(tmp_path)[0])
                              ^^^^^^^^^^^^^^

tests/test_external_rgbd_graspclutter.py:176: 
_ _ _ _ _ _ _ _ _ _ _ _ _ _ _ _ _ _ _ _ _ _ _ _ _ _ _ _ _ _ _ _ _ _ _ _ _ _ _ _ 
tests/test_external_rgbd_graspclutter.py:64: in refs
    return discover_grasp_samples(
_ _ _ _ _ _ _ _ _ _ _ _ _ _ _ _ _ _ _ _ _ _ _ _ _ _ _ _ _ _ _ _ _ _ _ _ _ _ _ _ 

root = PosixPath('/tmp/pytest-of-ningyd/pytest-132/test_wrong_rotation_is_rejecte0')
source_revision = '973a567efa2f8047e5a40c9113a672e8215bcc1b'
splits = {'test': [], 'train': ['000005']}, scene_ids = ['000005']
protocol = 'grasp'

    def discover_grasp_samples(
        root: Path,
        source_revision: str,
        splits: dict[str, Any],
        scene_ids: list[str],
        protocol: str = "grasp",
    ) -> list[dict[str, Any]]:
>       raise NotImplementedError("GraspClutter6D discovery is not implemented")
E       NotImplementedError: GraspClutter6D discovery is not implemented

src/cloud_edge_robot_arm/datasets/external/graspclutter.py:18: NotImplementedError
__________ test_missing_depth_and_missing_dataset_are_explicit_errors __________

tmp_path = PosixPath('/tmp/pytest-of-ningyd/pytest-132/test_missing_depth_and_missing0')

    def test_missing_depth_and_missing_dataset_are_explicit_errors(tmp_path: Path) -> None:
        with pytest.raises(FileNotFoundError):
>           refs(tmp_path)

tests/test_external_rgbd_graspclutter.py:181: 
_ _ _ _ _ _ _ _ _ _ _ _ _ _ _ _ _ _ _ _ _ _ _ _ _ _ _ _ _ _ _ _ _ _ _ _ _ _ _ _ 
tests/test_external_rgbd_graspclutter.py:64: in refs
    return discover_grasp_samples(
_ _ _ _ _ _ _ _ _ _ _ _ _ _ _ _ _ _ _ _ _ _ _ _ _ _ _ _ _ _ _ _ _ _ _ _ _ _ _ _ 

root = PosixPath('/tmp/pytest-of-ningyd/pytest-132/test_missing_depth_and_missing0')
source_revision = '973a567efa2f8047e5a40c9113a672e8215bcc1b'
splits = {'test': [], 'train': ['000005']}, scene_ids = ['000005']
protocol = 'grasp'

    def discover_grasp_samples(
        root: Path,
        source_revision: str,
        splits: dict[str, Any],
        scene_ids: list[str],
        protocol: str = "grasp",
    ) -> list[dict[str, Any]]:
>       raise NotImplementedError("GraspClutter6D discovery is not implemented")
E       NotImplementedError: GraspClutter6D discovery is not implemented

src/cloud_edge_robot_arm/datasets/external/graspclutter.py:18: NotImplementedError
________________ test_official_cross_split_overlap_is_reported _________________

tmp_path = PosixPath('/tmp/pytest-of-ningyd/pytest-132/test_official_cross_split_over0')

    def test_official_cross_split_overlap_is_reported(tmp_path: Path) -> None:
        fixture_scene(tmp_path)
        with pytest.raises(ValueError, match="more than one"):
>           refs(tmp_path, splits={"train": ["000005"], "test": ["000005"]})

tests/test_external_rgbd_graspclutter.py:191: 
_ _ _ _ _ _ _ _ _ _ _ _ _ _ _ _ _ _ _ _ _ _ _ _ _ _ _ _ _ _ _ _ _ _ _ _ _ _ _ _ 
tests/test_external_rgbd_graspclutter.py:64: in refs
    return discover_grasp_samples(
_ _ _ _ _ _ _ _ _ _ _ _ _ _ _ _ _ _ _ _ _ _ _ _ _ _ _ _ _ _ _ _ _ _ _ _ _ _ _ _ 

root = PosixPath('/tmp/pytest-of-ningyd/pytest-132/test_official_cross_split_over0')
source_revision = '973a567efa2f8047e5a40c9113a672e8215bcc1b'
splits = {'test': ['000005'], 'train': ['000005']}, scene_ids = ['000005']
protocol = 'grasp'

    def discover_grasp_samples(
        root: Path,
        source_revision: str,
        splits: dict[str, Any],
        scene_ids: list[str],
        protocol: str = "grasp",
    ) -> list[dict[str, Any]]:
>       raise NotImplementedError("GraspClutter6D discovery is not implemented")
E       NotImplementedError: GraspClutter6D discovery is not implemented

src/cloud_edge_robot_arm/datasets/external/graspclutter.py:18: NotImplementedError
___________________ test_source_digest_mismatch_is_rejected ____________________

tmp_path = PosixPath('/tmp/pytest-of-ningyd/pytest-132/test_source_digest_mismatch_is0')

    def test_source_digest_mismatch_is_rejected(tmp_path: Path) -> None:
        scene = fixture_scene(tmp_path)
>       ref = refs(tmp_path)[0]
              ^^^^^^^^^^^^^^

tests/test_external_rgbd_graspclutter.py:196: 
_ _ _ _ _ _ _ _ _ _ _ _ _ _ _ _ _ _ _ _ _ _ _ _ _ _ _ _ _ _ _ _ _ _ _ _ _ _ _ _ 
tests/test_external_rgbd_graspclutter.py:64: in refs
    return discover_grasp_samples(
_ _ _ _ _ _ _ _ _ _ _ _ _ _ _ _ _ _ _ _ _ _ _ _ _ _ _ _ _ _ _ _ _ _ _ _ _ _ _ _ 

root = PosixPath('/tmp/pytest-of-ningyd/pytest-132/test_source_digest_mismatch_is0')
source_revision = '973a567efa2f8047e5a40c9113a672e8215bcc1b'
splits = {'test': [], 'train': ['000005']}, scene_ids = ['000005']
protocol = 'grasp'

    def discover_grasp_samples(
        root: Path,
        source_revision: str,
        splits: dict[str, Any],
        scene_ids: list[str],
        protocol: str = "grasp",
    ) -> list[dict[str, Any]]:
>       raise NotImplementedError("GraspClutter6D discovery is not implemented")
E       NotImplementedError: GraspClutter6D discovery is not implemented

src/cloud_edge_robot_arm/datasets/external/graspclutter.py:18: NotImplementedError
______________________ test_scene_path_escape_is_rejected ______________________

tmp_path = PosixPath('/tmp/pytest-of-ningyd/pytest-132/test_scene_path_escape_is_reje0')

    def test_scene_path_escape_is_rejected(tmp_path: Path) -> None:
        fixture_scene(tmp_path)
        with pytest.raises(ValueError, match="scene"):
>           discover_grasp_samples(tmp_path, REVISION, {}, ["../000005"])

tests/test_external_rgbd_graspclutter.py:205: 
_ _ _ _ _ _ _ _ _ _ _ _ _ _ _ _ _ _ _ _ _ _ _ _ _ _ _ _ _ _ _ _ _ _ _ _ _ _ _ _ 

root = PosixPath('/tmp/pytest-of-ningyd/pytest-132/test_scene_path_escape_is_reje0')
source_revision = '973a567efa2f8047e5a40c9113a672e8215bcc1b', splits = {}
scene_ids = ['../000005'], protocol = 'grasp'

    def discover_grasp_samples(
        root: Path,
        source_revision: str,
        splits: dict[str, Any],
        scene_ids: list[str],
        protocol: str = "grasp",
    ) -> list[dict[str, Any]]:
>       raise NotImplementedError("GraspClutter6D discovery is not implemented")
E       NotImplementedError: GraspClutter6D discovery is not implemented

src/cloud_edge_robot_arm/datasets/external/graspclutter.py:18: NotImplementedError
_____ test_npz_annotations_are_lazy_and_missing_dependencies_are_reported ______

tmp_path = PosixPath('/tmp/pytest-of-ningyd/pytest-132/test_npz_annotations_are_lazy_0')

    def test_npz_annotations_are_lazy_and_missing_dependencies_are_reported(tmp_path: Path) -> None:
        fixture_scene(tmp_path)
        labels = tmp_path / "grasp_label"
        labels.mkdir()
        np.savez(
            labels / "obj_000069_labels.npz",
            points=np.zeros((1, 3), dtype=np.float32),
            offsets=np.zeros((1, 300, 12, 4, 3), dtype=np.float32),
            scores=np.zeros((1, 300, 12, 4), dtype=np.float32),
        )
>       sample = read_grasp_sample(refs(tmp_path)[0])
                                   ^^^^^^^^^^^^^^

tests/test_external_rgbd_graspclutter.py:218: 
_ _ _ _ _ _ _ _ _ _ _ _ _ _ _ _ _ _ _ _ _ _ _ _ _ _ _ _ _ _ _ _ _ _ _ _ _ _ _ _ 
tests/test_external_rgbd_graspclutter.py:64: in refs
    return discover_grasp_samples(
_ _ _ _ _ _ _ _ _ _ _ _ _ _ _ _ _ _ _ _ _ _ _ _ _ _ _ _ _ _ _ _ _ _ _ _ _ _ _ _ 

root = PosixPath('/tmp/pytest-of-ningyd/pytest-132/test_npz_annotations_are_lazy_0')
source_revision = '973a567efa2f8047e5a40c9113a672e8215bcc1b'
splits = {'test': [], 'train': ['000005']}, scene_ids = ['000005']
protocol = 'grasp'

    def discover_grasp_samples(
        root: Path,
        source_revision: str,
        splits: dict[str, Any],
        scene_ids: list[str],
        protocol: str = "grasp",
    ) -> list[dict[str, Any]]:
>       raise NotImplementedError("GraspClutter6D discovery is not implemented")
E       NotImplementedError: GraspClutter6D discovery is not implemented

src/cloud_edge_robot_arm/datasets/external/graspclutter.py:18: NotImplementedError
_________________ test_object_dtype_npz_is_never_deserialized __________________

tmp_path = PosixPath('/tmp/pytest-of-ningyd/pytest-132/test_object_dtype_npz_is_never0')

    def test_object_dtype_npz_is_never_deserialized(tmp_path: Path) -> None:
        fixture_scene(tmp_path)
        labels = tmp_path / "grasp_label"
        labels.mkdir()
        np.savez(labels / "obj_000069_labels.npz", points=np.array([{"unsafe": 1}], dtype=object))
>       sample = read_grasp_sample(refs(tmp_path)[0])
                                   ^^^^^^^^^^^^^^

tests/test_external_rgbd_graspclutter.py:232: 
_ _ _ _ _ _ _ _ _ _ _ _ _ _ _ _ _ _ _ _ _ _ _ _ _ _ _ _ _ _ _ _ _ _ _ _ _ _ _ _ 
tests/test_external_rgbd_graspclutter.py:64: in refs
    return discover_grasp_samples(
_ _ _ _ _ _ _ _ _ _ _ _ _ _ _ _ _ _ _ _ _ _ _ _ _ _ _ _ _ _ _ _ _ _ _ _ _ _ _ _ 

root = PosixPath('/tmp/pytest-of-ningyd/pytest-132/test_object_dtype_npz_is_never0')
source_revision = '973a567efa2f8047e5a40c9113a672e8215bcc1b'
splits = {'test': [], 'train': ['000005']}, scene_ids = ['000005']
protocol = 'grasp'

    def discover_grasp_samples(
        root: Path,
        source_revision: str,
        splits: dict[str, Any],
        scene_ids: list[str],
        protocol: str = "grasp",
    ) -> list[dict[str, Any]]:
>       raise NotImplementedError("GraspClutter6D discovery is not implemented")
E       NotImplementedError: GraspClutter6D discovery is not implemented

src/cloud_edge_robot_arm/datasets/external/graspclutter.py:18: NotImplementedError
_________ test_all_zero_depth_is_readable_but_not_a_valid_rgbd_sample __________

tmp_path = PosixPath('/tmp/pytest-of-ningyd/pytest-132/test_all_zero_depth_is_readabl0')

    def test_all_zero_depth_is_readable_but_not_a_valid_rgbd_sample(tmp_path: Path) -> None:
        scene = fixture_scene(tmp_path)
        Image.fromarray(np.zeros((3, 4), dtype=np.uint16)).save(scene / "depth" / "000001.png")
>       sample = read_grasp_sample(refs(tmp_path)[0])
                                   ^^^^^^^^^^^^^^

tests/test_external_rgbd_graspclutter.py:240: 
_ _ _ _ _ _ _ _ _ _ _ _ _ _ _ _ _ _ _ _ _ _ _ _ _ _ _ _ _ _ _ _ _ _ _ _ _ _ _ _ 
tests/test_external_rgbd_graspclutter.py:64: in refs
    return discover_grasp_samples(
_ _ _ _ _ _ _ _ _ _ _ _ _ _ _ _ _ _ _ _ _ _ _ _ _ _ _ _ _ _ _ _ _ _ _ _ _ _ _ _ 

root = PosixPath('/tmp/pytest-of-ningyd/pytest-132/test_all_zero_depth_is_readabl0')
source_revision = '973a567efa2f8047e5a40c9113a672e8215bcc1b'
splits = {'test': [], 'train': ['000005']}, scene_ids = ['000005']
protocol = 'grasp'

    def discover_grasp_samples(
        root: Path,
        source_revision: str,
        splits: dict[str, Any],
        scene_ids: list[str],
        protocol: str = "grasp",
    ) -> list[dict[str, Any]]:
>       raise NotImplementedError("GraspClutter6D discovery is not implemented")
E       NotImplementedError: GraspClutter6D discovery is not implemented

src/cloud_edge_robot_arm/datasets/external/graspclutter.py:18: NotImplementedError
=========================== short test summary info ============================
FAILED tests/test_external_rgbd_graspclutter.py::test_discovery_preserves_official_split_camera_and_view_index
FAILED tests/test_external_rgbd_graspclutter.py::test_depth_preserves_uint16_and_applies_scale_once[1-1.0-1.0]
FAILED tests/test_external_rgbd_graspclutter.py::test_depth_preserves_uint16_and_applies_scale_once[4-0.1-0.1]
FAILED tests/test_external_rgbd_graspclutter.py::test_camera_geometry_has_source_evidence_and_correct_units
FAILED tests/test_external_rgbd_graspclutter.py::test_repeated_object_instances_and_both_mask_channels_are_retained
FAILED tests/test_external_rgbd_graspclutter.py::test_upstream_mask_visib_directory_is_supported
FAILED tests/test_external_rgbd_graspclutter.py::test_missing_depth_scale_preserves_readable_rgbd_without_metric_geometry
FAILED tests/test_external_rgbd_graspclutter.py::test_missing_camera_intrinsics_does_not_fabricate_calibration
FAILED tests/test_external_rgbd_graspclutter.py::test_different_rgb_depth_size_disables_alignment
FAILED tests/test_external_rgbd_graspclutter.py::test_invalid_depth_scale_is_rejected[0.0]
FAILED tests/test_external_rgbd_graspclutter.py::test_invalid_depth_scale_is_rejected[-1.0]
FAILED tests/test_external_rgbd_graspclutter.py::test_invalid_depth_scale_is_rejected[nan]
FAILED tests/test_external_rgbd_graspclutter.py::test_invalid_depth_scale_is_rejected[inf]
FAILED tests/test_external_rgbd_graspclutter.py::test_wrong_rotation_is_rejected
FAILED tests/test_external_rgbd_graspclutter.py::test_missing_depth_and_missing_dataset_are_explicit_errors
FAILED tests/test_external_rgbd_graspclutter.py::test_official_cross_split_overlap_is_reported
FAILED tests/test_external_rgbd_graspclutter.py::test_source_digest_mismatch_is_rejected
FAILED tests/test_external_rgbd_graspclutter.py::test_scene_path_escape_is_rejected
FAILED tests/test_external_rgbd_graspclutter.py::test_npz_annotations_are_lazy_and_missing_dependencies_are_reported
FAILED tests/test_external_rgbd_graspclutter.py::test_object_dtype_npz_is_never_deserialized
FAILED tests/test_external_rgbd_graspclutter.py::test_all_zero_depth_is_readable_but_not_a_valid_rgbd_sample
21 failed in 0.26s
