.....................FFF.                                                [100%]
=================================== FAILURES ===================================
________ test_descriptor_cannot_pair_image_with_another_camera_metadata ________

tmp_path = PosixPath('/tmp/pytest-of-ningyd/pytest-140/test_descriptor_cannot_pair_im0')

    def test_descriptor_cannot_pair_image_with_another_camera_metadata(tmp_path: Path) -> None:
        fixture_scene(tmp_path)
        ref = refs(tmp_path)[0]
        ref["image_id"] = 4
>       with pytest.raises(ValueError, match="identifier"):
E       Failed: DID NOT RAISE <class 'ValueError'>

tests/test_external_rgbd_graspclutter.py:250: Failed
__________ test_collision_grid_must_match_instance_object_grasp_grid ___________

tmp_path = PosixPath('/tmp/pytest-of-ningyd/pytest-140/test_collision_grid_must_match0')

    def test_collision_grid_must_match_instance_object_grasp_grid(tmp_path: Path) -> None:
        fixture_scene(tmp_path)
        (tmp_path / "grasp_label").mkdir()
        (tmp_path / "collision_label").mkdir()
        np.savez(
            tmp_path / "grasp_label" / "obj_000069_labels.npz",
            points=np.zeros((1, 3), dtype=np.float32),
            offsets=np.zeros((1, 300, 12, 4, 3), dtype=np.float32),
            scores=np.zeros((1, 300, 12, 4), dtype=np.float32),
        )
        np.savez(
            tmp_path / "collision_label" / "000005.npz",
            arr_0=np.zeros((2, 300, 12, 4), dtype=bool),
            arr_1=np.zeros((1, 300, 12, 4), dtype=bool),
        )
        sample = read_grasp_sample(refs(tmp_path)[0])
>       assert not sample.annotations["collision_labels"]["available"]
E       assert not True

tests/test_external_rgbd_graspclutter.py:270: AssertionError
____________ test_collision_labels_reject_numeric_nonboolean_arrays ____________

tmp_path = PosixPath('/tmp/pytest-of-ningyd/pytest-140/test_collision_labels_reject_n0')

    def test_collision_labels_reject_numeric_nonboolean_arrays(tmp_path: Path) -> None:
        fixture_scene(tmp_path)
        (tmp_path / "collision_label").mkdir()
        np.savez(
            tmp_path / "collision_label" / "000005.npz",
            arr_0=np.zeros((1, 300, 12, 4), dtype=np.float32),
            arr_1=np.zeros((1, 300, 12, 4), dtype=np.float32),
        )
        sample = read_grasp_sample(refs(tmp_path)[0])
>       assert not sample.annotations["collision_labels"]["available"]
E       assert not True

tests/test_external_rgbd_graspclutter.py:283: AssertionError
=========================== short test summary info ============================
FAILED tests/test_external_rgbd_graspclutter.py::test_descriptor_cannot_pair_image_with_another_camera_metadata
FAILED tests/test_external_rgbd_graspclutter.py::test_collision_grid_must_match_instance_object_grasp_grid
FAILED tests/test_external_rgbd_graspclutter.py::test_collision_labels_reject_numeric_nonboolean_arrays
3 failed, 22 passed in 0.25s
