EEEEEEEEEEEEEEEEEEEEEEEEEEEEF                                            [100%]
==================================== ERRORS ====================================
__ ERROR at setup of test_dns_and_tcp_bind_before_connect_without_system_dns ___

    def network():
        try:
>           return importlib.import_module("cloud_edge_robot_arm.datasets.external.network")
                   ^^^^^^^^^^^^^^^^^^^^^^^^^^^^^^^^^^^^^^^^^^^^^^^^^^^^^^^^^^^^^^^^^^^^^^^^^

tests/test_external_rgbd_network.py:16: 
_ _ _ _ _ _ _ _ _ _ _ _ _ _ _ _ _ _ _ _ _ _ _ _ _ _ _ _ _ _ _ _ _ _ _ _ _ _ _ _ 
/usr/lib/python3.12/importlib/__init__.py:90: in import_module
    return _bootstrap._gcd_import(name[level:], package, level)
           ^^^^^^^^^^^^^^^^^^^^^^^^^^^^^^^^^^^^^^^^^^^^^^^^^^^^
<frozen importlib._bootstrap>:1387: in _gcd_import
    ???
<frozen importlib._bootstrap>:1360: in _find_and_load
    ???
_ _ _ _ _ _ _ _ _ _ _ _ _ _ _ _ _ _ _ _ _ _ _ _ _ _ _ _ _ _ _ _ _ _ _ _ _ _ _ _ 

name = 'cloud_edge_robot_arm.datasets.external.network'
import_ = <function _gcd_import at 0x724ac71180e0>

>   ???
E   ModuleNotFoundError: No module named 'cloud_edge_robot_arm.datasets.external.network'

<frozen importlib._bootstrap>:1324: ModuleNotFoundError

During handling of the above exception, another exception occurred:

monkeypatch = <_pytest.monkeypatch.MonkeyPatch object at 0x724ac4dc6990>

    @pytest.fixture
    def mod(monkeypatch):
>       result = network()
                 ^^^^^^^^^

tests/test_external_rgbd_network.py:103: 
_ _ _ _ _ _ _ _ _ _ _ _ _ _ _ _ _ _ _ _ _ _ _ _ _ _ _ _ _ _ _ _ _ _ _ _ _ _ _ _ 

    def network():
        try:
            return importlib.import_module("cloud_edge_robot_arm.datasets.external.network")
        except ModuleNotFoundError:
>           pytest.fail("物理接口直连传输尚未实现")
E           Failed: 物理接口直连传输尚未实现

tests/test_external_rgbd_network.py:18: Failed
__ ERROR at setup of test_bind_permission_failure_closes_and_has_no_fallback ___

    def network():
        try:
>           return importlib.import_module("cloud_edge_robot_arm.datasets.external.network")
                   ^^^^^^^^^^^^^^^^^^^^^^^^^^^^^^^^^^^^^^^^^^^^^^^^^^^^^^^^^^^^^^^^^^^^^^^^^

tests/test_external_rgbd_network.py:16: 
_ _ _ _ _ _ _ _ _ _ _ _ _ _ _ _ _ _ _ _ _ _ _ _ _ _ _ _ _ _ _ _ _ _ _ _ _ _ _ _ 
/usr/lib/python3.12/importlib/__init__.py:90: in import_module
    return _bootstrap._gcd_import(name[level:], package, level)
           ^^^^^^^^^^^^^^^^^^^^^^^^^^^^^^^^^^^^^^^^^^^^^^^^^^^^
<frozen importlib._bootstrap>:1387: in _gcd_import
    ???
<frozen importlib._bootstrap>:1360: in _find_and_load
    ???
_ _ _ _ _ _ _ _ _ _ _ _ _ _ _ _ _ _ _ _ _ _ _ _ _ _ _ _ _ _ _ _ _ _ _ _ _ _ _ _ 

name = 'cloud_edge_robot_arm.datasets.external.network'
import_ = <function _gcd_import at 0x724ac71180e0>

>   ???
E   ModuleNotFoundError: No module named 'cloud_edge_robot_arm.datasets.external.network'

<frozen importlib._bootstrap>:1324: ModuleNotFoundError

During handling of the above exception, another exception occurred:

monkeypatch = <_pytest.monkeypatch.MonkeyPatch object at 0x724ac4dc7680>

    @pytest.fixture
    def mod(monkeypatch):
>       result = network()
                 ^^^^^^^^^

tests/test_external_rgbd_network.py:103: 
_ _ _ _ _ _ _ _ _ _ _ _ _ _ _ _ _ _ _ _ _ _ _ _ _ _ _ _ _ _ _ _ _ _ _ _ _ _ _ _ 

    def network():
        try:
            return importlib.import_module("cloud_edge_robot_arm.datasets.external.network")
        except ModuleNotFoundError:
>           pytest.fail("物理接口直连传输尚未实现")
E           Failed: 物理接口直连传输尚未实现

tests/test_external_rgbd_network.py:18: Failed
__ ERROR at setup of test_rejects_fake_or_private_fixed_addresses[198.18.0.8] __

    def network():
        try:
>           return importlib.import_module("cloud_edge_robot_arm.datasets.external.network")
                   ^^^^^^^^^^^^^^^^^^^^^^^^^^^^^^^^^^^^^^^^^^^^^^^^^^^^^^^^^^^^^^^^^^^^^^^^^

tests/test_external_rgbd_network.py:16: 
_ _ _ _ _ _ _ _ _ _ _ _ _ _ _ _ _ _ _ _ _ _ _ _ _ _ _ _ _ _ _ _ _ _ _ _ _ _ _ _ 
/usr/lib/python3.12/importlib/__init__.py:90: in import_module
    return _bootstrap._gcd_import(name[level:], package, level)
           ^^^^^^^^^^^^^^^^^^^^^^^^^^^^^^^^^^^^^^^^^^^^^^^^^^^^
<frozen importlib._bootstrap>:1387: in _gcd_import
    ???
<frozen importlib._bootstrap>:1360: in _find_and_load
    ???
_ _ _ _ _ _ _ _ _ _ _ _ _ _ _ _ _ _ _ _ _ _ _ _ _ _ _ _ _ _ _ _ _ _ _ _ _ _ _ _ 

name = 'cloud_edge_robot_arm.datasets.external.network'
import_ = <function _gcd_import at 0x724ac71180e0>

>   ???
E   ModuleNotFoundError: No module named 'cloud_edge_robot_arm.datasets.external.network'

<frozen importlib._bootstrap>:1324: ModuleNotFoundError

During handling of the above exception, another exception occurred:

monkeypatch = <_pytest.monkeypatch.MonkeyPatch object at 0x724ac4e14680>

    @pytest.fixture
    def mod(monkeypatch):
>       result = network()
                 ^^^^^^^^^

tests/test_external_rgbd_network.py:103: 
_ _ _ _ _ _ _ _ _ _ _ _ _ _ _ _ _ _ _ _ _ _ _ _ _ _ _ _ _ _ _ _ _ _ _ _ _ _ _ _ 

    def network():
        try:
            return importlib.import_module("cloud_edge_robot_arm.datasets.external.network")
        except ModuleNotFoundError:
>           pytest.fail("物理接口直连传输尚未实现")
E           Failed: 物理接口直连传输尚未实现

tests/test_external_rgbd_network.py:18: Failed
__ ERROR at setup of test_rejects_fake_or_private_fixed_addresses[198.19.1.2] __

    def network():
        try:
>           return importlib.import_module("cloud_edge_robot_arm.datasets.external.network")
                   ^^^^^^^^^^^^^^^^^^^^^^^^^^^^^^^^^^^^^^^^^^^^^^^^^^^^^^^^^^^^^^^^^^^^^^^^^

tests/test_external_rgbd_network.py:16: 
_ _ _ _ _ _ _ _ _ _ _ _ _ _ _ _ _ _ _ _ _ _ _ _ _ _ _ _ _ _ _ _ _ _ _ _ _ _ _ _ 
/usr/lib/python3.12/importlib/__init__.py:90: in import_module
    return _bootstrap._gcd_import(name[level:], package, level)
           ^^^^^^^^^^^^^^^^^^^^^^^^^^^^^^^^^^^^^^^^^^^^^^^^^^^^
<frozen importlib._bootstrap>:1387: in _gcd_import
    ???
<frozen importlib._bootstrap>:1360: in _find_and_load
    ???
_ _ _ _ _ _ _ _ _ _ _ _ _ _ _ _ _ _ _ _ _ _ _ _ _ _ _ _ _ _ _ _ _ _ _ _ _ _ _ _ 

name = 'cloud_edge_robot_arm.datasets.external.network'
import_ = <function _gcd_import at 0x724ac71180e0>

>   ???
E   ModuleNotFoundError: No module named 'cloud_edge_robot_arm.datasets.external.network'

<frozen importlib._bootstrap>:1324: ModuleNotFoundError

During handling of the above exception, another exception occurred:

monkeypatch = <_pytest.monkeypatch.MonkeyPatch object at 0x724ac4e14770>

    @pytest.fixture
    def mod(monkeypatch):
>       result = network()
                 ^^^^^^^^^

tests/test_external_rgbd_network.py:103: 
_ _ _ _ _ _ _ _ _ _ _ _ _ _ _ _ _ _ _ _ _ _ _ _ _ _ _ _ _ _ _ _ _ _ _ _ _ _ _ _ 

    def network():
        try:
            return importlib.import_module("cloud_edge_robot_arm.datasets.external.network")
        except ModuleNotFoundError:
>           pytest.fail("物理接口直连传输尚未实现")
E           Failed: 物理接口直连传输尚未实现

tests/test_external_rgbd_network.py:18: Failed
__ ERROR at setup of test_rejects_fake_or_private_fixed_addresses[127.0.0.1] ___

    def network():
        try:
>           return importlib.import_module("cloud_edge_robot_arm.datasets.external.network")
                   ^^^^^^^^^^^^^^^^^^^^^^^^^^^^^^^^^^^^^^^^^^^^^^^^^^^^^^^^^^^^^^^^^^^^^^^^^

tests/test_external_rgbd_network.py:16: 
_ _ _ _ _ _ _ _ _ _ _ _ _ _ _ _ _ _ _ _ _ _ _ _ _ _ _ _ _ _ _ _ _ _ _ _ _ _ _ _ 
/usr/lib/python3.12/importlib/__init__.py:90: in import_module
    return _bootstrap._gcd_import(name[level:], package, level)
           ^^^^^^^^^^^^^^^^^^^^^^^^^^^^^^^^^^^^^^^^^^^^^^^^^^^^
<frozen importlib._bootstrap>:1387: in _gcd_import
    ???
<frozen importlib._bootstrap>:1360: in _find_and_load
    ???
_ _ _ _ _ _ _ _ _ _ _ _ _ _ _ _ _ _ _ _ _ _ _ _ _ _ _ _ _ _ _ _ _ _ _ _ _ _ _ _ 

name = 'cloud_edge_robot_arm.datasets.external.network'
import_ = <function _gcd_import at 0x724ac71180e0>

>   ???
E   ModuleNotFoundError: No module named 'cloud_edge_robot_arm.datasets.external.network'

<frozen importlib._bootstrap>:1324: ModuleNotFoundError

During handling of the above exception, another exception occurred:

monkeypatch = <_pytest.monkeypatch.MonkeyPatch object at 0x724ac4e156a0>

    @pytest.fixture
    def mod(monkeypatch):
>       result = network()
                 ^^^^^^^^^

tests/test_external_rgbd_network.py:103: 
_ _ _ _ _ _ _ _ _ _ _ _ _ _ _ _ _ _ _ _ _ _ _ _ _ _ _ _ _ _ _ _ _ _ _ _ _ _ _ _ 

    def network():
        try:
            return importlib.import_module("cloud_edge_robot_arm.datasets.external.network")
        except ModuleNotFoundError:
>           pytest.fail("物理接口直连传输尚未实现")
E           Failed: 物理接口直连传输尚未实现

tests/test_external_rgbd_network.py:18: Failed
___ ERROR at setup of test_rejects_fake_or_private_fixed_addresses[10.0.0.1] ___

    def network():
        try:
>           return importlib.import_module("cloud_edge_robot_arm.datasets.external.network")
                   ^^^^^^^^^^^^^^^^^^^^^^^^^^^^^^^^^^^^^^^^^^^^^^^^^^^^^^^^^^^^^^^^^^^^^^^^^

tests/test_external_rgbd_network.py:16: 
_ _ _ _ _ _ _ _ _ _ _ _ _ _ _ _ _ _ _ _ _ _ _ _ _ _ _ _ _ _ _ _ _ _ _ _ _ _ _ _ 
/usr/lib/python3.12/importlib/__init__.py:90: in import_module
    return _bootstrap._gcd_import(name[level:], package, level)
           ^^^^^^^^^^^^^^^^^^^^^^^^^^^^^^^^^^^^^^^^^^^^^^^^^^^^
<frozen importlib._bootstrap>:1387: in _gcd_import
    ???
<frozen importlib._bootstrap>:1360: in _find_and_load
    ???
_ _ _ _ _ _ _ _ _ _ _ _ _ _ _ _ _ _ _ _ _ _ _ _ _ _ _ _ _ _ _ _ _ _ _ _ _ _ _ _ 

name = 'cloud_edge_robot_arm.datasets.external.network'
import_ = <function _gcd_import at 0x724ac71180e0>

>   ???
E   ModuleNotFoundError: No module named 'cloud_edge_robot_arm.datasets.external.network'

<frozen importlib._bootstrap>:1324: ModuleNotFoundError

During handling of the above exception, another exception occurred:

monkeypatch = <_pytest.monkeypatch.MonkeyPatch object at 0x724ac4dc7b90>

    @pytest.fixture
    def mod(monkeypatch):
>       result = network()
                 ^^^^^^^^^

tests/test_external_rgbd_network.py:103: 
_ _ _ _ _ _ _ _ _ _ _ _ _ _ _ _ _ _ _ _ _ _ _ _ _ _ _ _ _ _ _ _ _ _ _ _ _ _ _ _ 

    def network():
        try:
            return importlib.import_module("cloud_edge_robot_arm.datasets.external.network")
        except ModuleNotFoundError:
>           pytest.fail("物理接口直连传输尚未实现")
E           Failed: 物理接口直连传输尚未实现

tests/test_external_rgbd_network.py:18: Failed
___ ERROR at setup of test_rejects_fake_or_private_fixed_addresses[0.0.0.0] ____

    def network():
        try:
>           return importlib.import_module("cloud_edge_robot_arm.datasets.external.network")
                   ^^^^^^^^^^^^^^^^^^^^^^^^^^^^^^^^^^^^^^^^^^^^^^^^^^^^^^^^^^^^^^^^^^^^^^^^^

tests/test_external_rgbd_network.py:16: 
_ _ _ _ _ _ _ _ _ _ _ _ _ _ _ _ _ _ _ _ _ _ _ _ _ _ _ _ _ _ _ _ _ _ _ _ _ _ _ _ 
/usr/lib/python3.12/importlib/__init__.py:90: in import_module
    return _bootstrap._gcd_import(name[level:], package, level)
           ^^^^^^^^^^^^^^^^^^^^^^^^^^^^^^^^^^^^^^^^^^^^^^^^^^^^
<frozen importlib._bootstrap>:1387: in _gcd_import
    ???
<frozen importlib._bootstrap>:1360: in _find_and_load
    ???
_ _ _ _ _ _ _ _ _ _ _ _ _ _ _ _ _ _ _ _ _ _ _ _ _ _ _ _ _ _ _ _ _ _ _ _ _ _ _ _ 

name = 'cloud_edge_robot_arm.datasets.external.network'
import_ = <function _gcd_import at 0x724ac71180e0>

>   ???
E   ModuleNotFoundError: No module named 'cloud_edge_robot_arm.datasets.external.network'

<frozen importlib._bootstrap>:1324: ModuleNotFoundError

During handling of the above exception, another exception occurred:

monkeypatch = <_pytest.monkeypatch.MonkeyPatch object at 0x724ac4e161e0>

    @pytest.fixture
    def mod(monkeypatch):
>       result = network()
                 ^^^^^^^^^

tests/test_external_rgbd_network.py:103: 
_ _ _ _ _ _ _ _ _ _ _ _ _ _ _ _ _ _ _ _ _ _ _ _ _ _ _ _ _ _ _ _ _ _ _ _ _ _ _ _ 

    def network():
        try:
            return importlib.import_module("cloud_edge_robot_arm.datasets.external.network")
        except ModuleNotFoundError:
>           pytest.fail("物理接口直连传输尚未实现")
E           Failed: 物理接口直连传输尚未实现

tests/test_external_rgbd_network.py:18: Failed
_________ ERROR at setup of test_rejects_fake_ip_dns_answer_before_tcp _________

    def network():
        try:
>           return importlib.import_module("cloud_edge_robot_arm.datasets.external.network")
                   ^^^^^^^^^^^^^^^^^^^^^^^^^^^^^^^^^^^^^^^^^^^^^^^^^^^^^^^^^^^^^^^^^^^^^^^^^

tests/test_external_rgbd_network.py:16: 
_ _ _ _ _ _ _ _ _ _ _ _ _ _ _ _ _ _ _ _ _ _ _ _ _ _ _ _ _ _ _ _ _ _ _ _ _ _ _ _ 
/usr/lib/python3.12/importlib/__init__.py:90: in import_module
    return _bootstrap._gcd_import(name[level:], package, level)
           ^^^^^^^^^^^^^^^^^^^^^^^^^^^^^^^^^^^^^^^^^^^^^^^^^^^^
<frozen importlib._bootstrap>:1387: in _gcd_import
    ???
<frozen importlib._bootstrap>:1360: in _find_and_load
    ???
_ _ _ _ _ _ _ _ _ _ _ _ _ _ _ _ _ _ _ _ _ _ _ _ _ _ _ _ _ _ _ _ _ _ _ _ _ _ _ _ 

name = 'cloud_edge_robot_arm.datasets.external.network'
import_ = <function _gcd_import at 0x724ac71180e0>

>   ???
E   ModuleNotFoundError: No module named 'cloud_edge_robot_arm.datasets.external.network'

<frozen importlib._bootstrap>:1324: ModuleNotFoundError

During handling of the above exception, another exception occurred:

monkeypatch = <_pytest.monkeypatch.MonkeyPatch object at 0x724ac4e14440>

    @pytest.fixture
    def mod(monkeypatch):
>       result = network()
                 ^^^^^^^^^

tests/test_external_rgbd_network.py:103: 
_ _ _ _ _ _ _ _ _ _ _ _ _ _ _ _ _ _ _ _ _ _ _ _ _ _ _ _ _ _ _ _ _ _ _ _ _ _ _ _ 

    def network():
        try:
            return importlib.import_module("cloud_edge_robot_arm.datasets.external.network")
        except ModuleNotFoundError:
>           pytest.fail("物理接口直连传输尚未实现")
E           Failed: 物理接口直连传输尚未实现

tests/test_external_rgbd_network.py:18: Failed
________ ERROR at setup of test_invalid_policy_is_fail_closed[changes0] ________

    def network():
        try:
>           return importlib.import_module("cloud_edge_robot_arm.datasets.external.network")
                   ^^^^^^^^^^^^^^^^^^^^^^^^^^^^^^^^^^^^^^^^^^^^^^^^^^^^^^^^^^^^^^^^^^^^^^^^^

tests/test_external_rgbd_network.py:16: 
_ _ _ _ _ _ _ _ _ _ _ _ _ _ _ _ _ _ _ _ _ _ _ _ _ _ _ _ _ _ _ _ _ _ _ _ _ _ _ _ 
/usr/lib/python3.12/importlib/__init__.py:90: in import_module
    return _bootstrap._gcd_import(name[level:], package, level)
           ^^^^^^^^^^^^^^^^^^^^^^^^^^^^^^^^^^^^^^^^^^^^^^^^^^^^
<frozen importlib._bootstrap>:1387: in _gcd_import
    ???
<frozen importlib._bootstrap>:1360: in _find_and_load
    ???
_ _ _ _ _ _ _ _ _ _ _ _ _ _ _ _ _ _ _ _ _ _ _ _ _ _ _ _ _ _ _ _ _ _ _ _ _ _ _ _ 

name = 'cloud_edge_robot_arm.datasets.external.network'
import_ = <function _gcd_import at 0x724ac71180e0>

>   ???
E   ModuleNotFoundError: No module named 'cloud_edge_robot_arm.datasets.external.network'

<frozen importlib._bootstrap>:1324: ModuleNotFoundError

During handling of the above exception, another exception occurred:

monkeypatch = <_pytest.monkeypatch.MonkeyPatch object at 0x724ac4e17e00>

    @pytest.fixture
    def mod(monkeypatch):
>       result = network()
                 ^^^^^^^^^

tests/test_external_rgbd_network.py:103: 
_ _ _ _ _ _ _ _ _ _ _ _ _ _ _ _ _ _ _ _ _ _ _ _ _ _ _ _ _ _ _ _ _ _ _ _ _ _ _ _ 

    def network():
        try:
            return importlib.import_module("cloud_edge_robot_arm.datasets.external.network")
        except ModuleNotFoundError:
>           pytest.fail("物理接口直连传输尚未实现")
E           Failed: 物理接口直连传输尚未实现

tests/test_external_rgbd_network.py:18: Failed
________ ERROR at setup of test_invalid_policy_is_fail_closed[changes1] ________

    def network():
        try:
>           return importlib.import_module("cloud_edge_robot_arm.datasets.external.network")
                   ^^^^^^^^^^^^^^^^^^^^^^^^^^^^^^^^^^^^^^^^^^^^^^^^^^^^^^^^^^^^^^^^^^^^^^^^^

tests/test_external_rgbd_network.py:16: 
_ _ _ _ _ _ _ _ _ _ _ _ _ _ _ _ _ _ _ _ _ _ _ _ _ _ _ _ _ _ _ _ _ _ _ _ _ _ _ _ 
/usr/lib/python3.12/importlib/__init__.py:90: in import_module
    return _bootstrap._gcd_import(name[level:], package, level)
           ^^^^^^^^^^^^^^^^^^^^^^^^^^^^^^^^^^^^^^^^^^^^^^^^^^^^
<frozen importlib._bootstrap>:1387: in _gcd_import
    ???
<frozen importlib._bootstrap>:1360: in _find_and_load
    ???
_ _ _ _ _ _ _ _ _ _ _ _ _ _ _ _ _ _ _ _ _ _ _ _ _ _ _ _ _ _ _ _ _ _ _ _ _ _ _ _ 

name = 'cloud_edge_robot_arm.datasets.external.network'
import_ = <function _gcd_import at 0x724ac71180e0>

>   ???
E   ModuleNotFoundError: No module named 'cloud_edge_robot_arm.datasets.external.network'

<frozen importlib._bootstrap>:1324: ModuleNotFoundError

During handling of the above exception, another exception occurred:

monkeypatch = <_pytest.monkeypatch.MonkeyPatch object at 0x724ac4e30530>

    @pytest.fixture
    def mod(monkeypatch):
>       result = network()
                 ^^^^^^^^^

tests/test_external_rgbd_network.py:103: 
_ _ _ _ _ _ _ _ _ _ _ _ _ _ _ _ _ _ _ _ _ _ _ _ _ _ _ _ _ _ _ _ _ _ _ _ _ _ _ _ 

    def network():
        try:
            return importlib.import_module("cloud_edge_robot_arm.datasets.external.network")
        except ModuleNotFoundError:
>           pytest.fail("物理接口直连传输尚未实现")
E           Failed: 物理接口直连传输尚未实现

tests/test_external_rgbd_network.py:18: Failed
________ ERROR at setup of test_invalid_policy_is_fail_closed[changes2] ________

    def network():
        try:
>           return importlib.import_module("cloud_edge_robot_arm.datasets.external.network")
                   ^^^^^^^^^^^^^^^^^^^^^^^^^^^^^^^^^^^^^^^^^^^^^^^^^^^^^^^^^^^^^^^^^^^^^^^^^

tests/test_external_rgbd_network.py:16: 
_ _ _ _ _ _ _ _ _ _ _ _ _ _ _ _ _ _ _ _ _ _ _ _ _ _ _ _ _ _ _ _ _ _ _ _ _ _ _ _ 
/usr/lib/python3.12/importlib/__init__.py:90: in import_module
    return _bootstrap._gcd_import(name[level:], package, level)
           ^^^^^^^^^^^^^^^^^^^^^^^^^^^^^^^^^^^^^^^^^^^^^^^^^^^^
<frozen importlib._bootstrap>:1387: in _gcd_import
    ???
<frozen importlib._bootstrap>:1360: in _find_and_load
    ???
_ _ _ _ _ _ _ _ _ _ _ _ _ _ _ _ _ _ _ _ _ _ _ _ _ _ _ _ _ _ _ _ _ _ _ _ _ _ _ _ 

name = 'cloud_edge_robot_arm.datasets.external.network'
import_ = <function _gcd_import at 0x724ac71180e0>

>   ???
E   ModuleNotFoundError: No module named 'cloud_edge_robot_arm.datasets.external.network'

<frozen importlib._bootstrap>:1324: ModuleNotFoundError

During handling of the above exception, another exception occurred:

monkeypatch = <_pytest.monkeypatch.MonkeyPatch object at 0x724ac4e31490>

    @pytest.fixture
    def mod(monkeypatch):
>       result = network()
                 ^^^^^^^^^

tests/test_external_rgbd_network.py:103: 
_ _ _ _ _ _ _ _ _ _ _ _ _ _ _ _ _ _ _ _ _ _ _ _ _ _ _ _ _ _ _ _ _ _ _ _ _ _ _ _ 

    def network():
        try:
            return importlib.import_module("cloud_edge_robot_arm.datasets.external.network")
        except ModuleNotFoundError:
>           pytest.fail("物理接口直连传输尚未实现")
E           Failed: 物理接口直连传输尚未实现

tests/test_external_rgbd_network.py:18: Failed
________ ERROR at setup of test_invalid_policy_is_fail_closed[changes3] ________

    def network():
        try:
>           return importlib.import_module("cloud_edge_robot_arm.datasets.external.network")
                   ^^^^^^^^^^^^^^^^^^^^^^^^^^^^^^^^^^^^^^^^^^^^^^^^^^^^^^^^^^^^^^^^^^^^^^^^^

tests/test_external_rgbd_network.py:16: 
_ _ _ _ _ _ _ _ _ _ _ _ _ _ _ _ _ _ _ _ _ _ _ _ _ _ _ _ _ _ _ _ _ _ _ _ _ _ _ _ 
/usr/lib/python3.12/importlib/__init__.py:90: in import_module
    return _bootstrap._gcd_import(name[level:], package, level)
           ^^^^^^^^^^^^^^^^^^^^^^^^^^^^^^^^^^^^^^^^^^^^^^^^^^^^
<frozen importlib._bootstrap>:1387: in _gcd_import
    ???
<frozen importlib._bootstrap>:1360: in _find_and_load
    ???
_ _ _ _ _ _ _ _ _ _ _ _ _ _ _ _ _ _ _ _ _ _ _ _ _ _ _ _ _ _ _ _ _ _ _ _ _ _ _ _ 

name = 'cloud_edge_robot_arm.datasets.external.network'
import_ = <function _gcd_import at 0x724ac71180e0>

>   ???
E   ModuleNotFoundError: No module named 'cloud_edge_robot_arm.datasets.external.network'

<frozen importlib._bootstrap>:1324: ModuleNotFoundError

During handling of the above exception, another exception occurred:

monkeypatch = <_pytest.monkeypatch.MonkeyPatch object at 0x724ac5124800>

    @pytest.fixture
    def mod(monkeypatch):
>       result = network()
                 ^^^^^^^^^

tests/test_external_rgbd_network.py:103: 
_ _ _ _ _ _ _ _ _ _ _ _ _ _ _ _ _ _ _ _ _ _ _ _ _ _ _ _ _ _ _ _ _ _ _ _ _ _ _ _ 

    def network():
        try:
            return importlib.import_module("cloud_edge_robot_arm.datasets.external.network")
        except ModuleNotFoundError:
>           pytest.fail("物理接口直连传输尚未实现")
E           Failed: 物理接口直连传输尚未实现

tests/test_external_rgbd_network.py:18: Failed
________ ERROR at setup of test_invalid_policy_is_fail_closed[changes4] ________

    def network():
        try:
>           return importlib.import_module("cloud_edge_robot_arm.datasets.external.network")
                   ^^^^^^^^^^^^^^^^^^^^^^^^^^^^^^^^^^^^^^^^^^^^^^^^^^^^^^^^^^^^^^^^^^^^^^^^^

tests/test_external_rgbd_network.py:16: 
_ _ _ _ _ _ _ _ _ _ _ _ _ _ _ _ _ _ _ _ _ _ _ _ _ _ _ _ _ _ _ _ _ _ _ _ _ _ _ _ 
/usr/lib/python3.12/importlib/__init__.py:90: in import_module
    return _bootstrap._gcd_import(name[level:], package, level)
           ^^^^^^^^^^^^^^^^^^^^^^^^^^^^^^^^^^^^^^^^^^^^^^^^^^^^
<frozen importlib._bootstrap>:1387: in _gcd_import
    ???
<frozen importlib._bootstrap>:1360: in _find_and_load
    ???
_ _ _ _ _ _ _ _ _ _ _ _ _ _ _ _ _ _ _ _ _ _ _ _ _ _ _ _ _ _ _ _ _ _ _ _ _ _ _ _ 

name = 'cloud_edge_robot_arm.datasets.external.network'
import_ = <function _gcd_import at 0x724ac71180e0>

>   ???
E   ModuleNotFoundError: No module named 'cloud_edge_robot_arm.datasets.external.network'

<frozen importlib._bootstrap>:1324: ModuleNotFoundError

During handling of the above exception, another exception occurred:

monkeypatch = <_pytest.monkeypatch.MonkeyPatch object at 0x724ac5127c20>

    @pytest.fixture
    def mod(monkeypatch):
>       result = network()
                 ^^^^^^^^^

tests/test_external_rgbd_network.py:103: 
_ _ _ _ _ _ _ _ _ _ _ _ _ _ _ _ _ _ _ _ _ _ _ _ _ _ _ _ _ _ _ _ _ _ _ _ _ _ _ _ 

    def network():
        try:
            return importlib.import_module("cloud_edge_robot_arm.datasets.external.network")
        except ModuleNotFoundError:
>           pytest.fail("物理接口直连传输尚未实现")
E           Failed: 物理接口直连传输尚未实现

tests/test_external_rgbd_network.py:18: Failed
________ ERROR at setup of test_invalid_policy_is_fail_closed[changes5] ________

    def network():
        try:
>           return importlib.import_module("cloud_edge_robot_arm.datasets.external.network")
                   ^^^^^^^^^^^^^^^^^^^^^^^^^^^^^^^^^^^^^^^^^^^^^^^^^^^^^^^^^^^^^^^^^^^^^^^^^

tests/test_external_rgbd_network.py:16: 
_ _ _ _ _ _ _ _ _ _ _ _ _ _ _ _ _ _ _ _ _ _ _ _ _ _ _ _ _ _ _ _ _ _ _ _ _ _ _ _ 
/usr/lib/python3.12/importlib/__init__.py:90: in import_module
    return _bootstrap._gcd_import(name[level:], package, level)
           ^^^^^^^^^^^^^^^^^^^^^^^^^^^^^^^^^^^^^^^^^^^^^^^^^^^^
<frozen importlib._bootstrap>:1387: in _gcd_import
    ???
<frozen importlib._bootstrap>:1360: in _find_and_load
    ???
_ _ _ _ _ _ _ _ _ _ _ _ _ _ _ _ _ _ _ _ _ _ _ _ _ _ _ _ _ _ _ _ _ _ _ _ _ _ _ _ 

name = 'cloud_edge_robot_arm.datasets.external.network'
import_ = <function _gcd_import at 0x724ac71180e0>

>   ???
E   ModuleNotFoundError: No module named 'cloud_edge_robot_arm.datasets.external.network'

<frozen importlib._bootstrap>:1324: ModuleNotFoundError

During handling of the above exception, another exception occurred:

monkeypatch = <_pytest.monkeypatch.MonkeyPatch object at 0x724ac515e960>

    @pytest.fixture
    def mod(monkeypatch):
>       result = network()
                 ^^^^^^^^^

tests/test_external_rgbd_network.py:103: 
_ _ _ _ _ _ _ _ _ _ _ _ _ _ _ _ _ _ _ _ _ _ _ _ _ _ _ _ _ _ _ _ _ _ _ _ _ _ _ _ 

    def network():
        try:
            return importlib.import_module("cloud_edge_robot_arm.datasets.external.network")
        except ModuleNotFoundError:
>           pytest.fail("物理接口直连传输尚未实现")
E           Failed: 物理接口直连传输尚未实现

tests/test_external_rgbd_network.py:18: Failed
________ ERROR at setup of test_invalid_policy_is_fail_closed[changes6] ________

    def network():
        try:
>           return importlib.import_module("cloud_edge_robot_arm.datasets.external.network")
                   ^^^^^^^^^^^^^^^^^^^^^^^^^^^^^^^^^^^^^^^^^^^^^^^^^^^^^^^^^^^^^^^^^^^^^^^^^

tests/test_external_rgbd_network.py:16: 
_ _ _ _ _ _ _ _ _ _ _ _ _ _ _ _ _ _ _ _ _ _ _ _ _ _ _ _ _ _ _ _ _ _ _ _ _ _ _ _ 
/usr/lib/python3.12/importlib/__init__.py:90: in import_module
    return _bootstrap._gcd_import(name[level:], package, level)
           ^^^^^^^^^^^^^^^^^^^^^^^^^^^^^^^^^^^^^^^^^^^^^^^^^^^^
<frozen importlib._bootstrap>:1387: in _gcd_import
    ???
<frozen importlib._bootstrap>:1360: in _find_and_load
    ???
_ _ _ _ _ _ _ _ _ _ _ _ _ _ _ _ _ _ _ _ _ _ _ _ _ _ _ _ _ _ _ _ _ _ _ _ _ _ _ _ 

name = 'cloud_edge_robot_arm.datasets.external.network'
import_ = <function _gcd_import at 0x724ac71180e0>

>   ???
E   ModuleNotFoundError: No module named 'cloud_edge_robot_arm.datasets.external.network'

<frozen importlib._bootstrap>:1324: ModuleNotFoundError

During handling of the above exception, another exception occurred:

monkeypatch = <_pytest.monkeypatch.MonkeyPatch object at 0x724ac5179760>

    @pytest.fixture
    def mod(monkeypatch):
>       result = network()
                 ^^^^^^^^^

tests/test_external_rgbd_network.py:103: 
_ _ _ _ _ _ _ _ _ _ _ _ _ _ _ _ _ _ _ _ _ _ _ _ _ _ _ _ _ _ _ _ _ _ _ _ _ _ _ _ 

    def network():
        try:
            return importlib.import_module("cloud_edge_robot_arm.datasets.external.network")
        except ModuleNotFoundError:
>           pytest.fail("物理接口直连传输尚未实现")
E           Failed: 物理接口直连传输尚未实现

tests/test_external_rgbd_network.py:18: Failed
_ ERROR at setup of test_unknown_redirect_and_credentials_block_before_socket[https://unreviewed.example.com/file] _

    def network():
        try:
>           return importlib.import_module("cloud_edge_robot_arm.datasets.external.network")
                   ^^^^^^^^^^^^^^^^^^^^^^^^^^^^^^^^^^^^^^^^^^^^^^^^^^^^^^^^^^^^^^^^^^^^^^^^^

tests/test_external_rgbd_network.py:16: 
_ _ _ _ _ _ _ _ _ _ _ _ _ _ _ _ _ _ _ _ _ _ _ _ _ _ _ _ _ _ _ _ _ _ _ _ _ _ _ _ 
/usr/lib/python3.12/importlib/__init__.py:90: in import_module
    return _bootstrap._gcd_import(name[level:], package, level)
           ^^^^^^^^^^^^^^^^^^^^^^^^^^^^^^^^^^^^^^^^^^^^^^^^^^^^
<frozen importlib._bootstrap>:1387: in _gcd_import
    ???
<frozen importlib._bootstrap>:1360: in _find_and_load
    ???
_ _ _ _ _ _ _ _ _ _ _ _ _ _ _ _ _ _ _ _ _ _ _ _ _ _ _ _ _ _ _ _ _ _ _ _ _ _ _ _ 

name = 'cloud_edge_robot_arm.datasets.external.network'
import_ = <function _gcd_import at 0x724ac71180e0>

>   ???
E   ModuleNotFoundError: No module named 'cloud_edge_robot_arm.datasets.external.network'

<frozen importlib._bootstrap>:1324: ModuleNotFoundError

During handling of the above exception, another exception occurred:

monkeypatch = <_pytest.monkeypatch.MonkeyPatch object at 0x724ac4e16450>

    @pytest.fixture
    def mod(monkeypatch):
>       result = network()
                 ^^^^^^^^^

tests/test_external_rgbd_network.py:103: 
_ _ _ _ _ _ _ _ _ _ _ _ _ _ _ _ _ _ _ _ _ _ _ _ _ _ _ _ _ _ _ _ _ _ _ _ _ _ _ _ 

    def network():
        try:
            return importlib.import_module("cloud_edge_robot_arm.datasets.external.network")
        except ModuleNotFoundError:
>           pytest.fail("物理接口直连传输尚未实现")
E           Failed: 物理接口直连传输尚未实现

tests/test_external_rgbd_network.py:18: Failed
_ ERROR at setup of test_unknown_redirect_and_credentials_block_before_socket[http://hf-mirror.com/file] _

    def network():
        try:
>           return importlib.import_module("cloud_edge_robot_arm.datasets.external.network")
                   ^^^^^^^^^^^^^^^^^^^^^^^^^^^^^^^^^^^^^^^^^^^^^^^^^^^^^^^^^^^^^^^^^^^^^^^^^

tests/test_external_rgbd_network.py:16: 
_ _ _ _ _ _ _ _ _ _ _ _ _ _ _ _ _ _ _ _ _ _ _ _ _ _ _ _ _ _ _ _ _ _ _ _ _ _ _ _ 
/usr/lib/python3.12/importlib/__init__.py:90: in import_module
    return _bootstrap._gcd_import(name[level:], package, level)
           ^^^^^^^^^^^^^^^^^^^^^^^^^^^^^^^^^^^^^^^^^^^^^^^^^^^^
<frozen importlib._bootstrap>:1387: in _gcd_import
    ???
<frozen importlib._bootstrap>:1360: in _find_and_load
    ???
_ _ _ _ _ _ _ _ _ _ _ _ _ _ _ _ _ _ _ _ _ _ _ _ _ _ _ _ _ _ _ _ _ _ _ _ _ _ _ _ 

name = 'cloud_edge_robot_arm.datasets.external.network'
import_ = <function _gcd_import at 0x724ac71180e0>

>   ???
E   ModuleNotFoundError: No module named 'cloud_edge_robot_arm.datasets.external.network'

<frozen importlib._bootstrap>:1324: ModuleNotFoundError

During handling of the above exception, another exception occurred:

monkeypatch = <_pytest.monkeypatch.MonkeyPatch object at 0x724ac4d3a3f0>

    @pytest.fixture
    def mod(monkeypatch):
>       result = network()
                 ^^^^^^^^^

tests/test_external_rgbd_network.py:103: 
_ _ _ _ _ _ _ _ _ _ _ _ _ _ _ _ _ _ _ _ _ _ _ _ _ _ _ _ _ _ _ _ _ _ _ _ _ _ _ _ 

    def network():
        try:
            return importlib.import_module("cloud_edge_robot_arm.datasets.external.network")
        except ModuleNotFoundError:
>           pytest.fail("物理接口直连传输尚未实现")
E           Failed: 物理接口直连传输尚未实现

tests/test_external_rgbd_network.py:18: Failed
_ ERROR at setup of test_unknown_redirect_and_credentials_block_before_socket[https://secret@hf-mirror.com/file] _

    def network():
        try:
>           return importlib.import_module("cloud_edge_robot_arm.datasets.external.network")
                   ^^^^^^^^^^^^^^^^^^^^^^^^^^^^^^^^^^^^^^^^^^^^^^^^^^^^^^^^^^^^^^^^^^^^^^^^^

tests/test_external_rgbd_network.py:16: 
_ _ _ _ _ _ _ _ _ _ _ _ _ _ _ _ _ _ _ _ _ _ _ _ _ _ _ _ _ _ _ _ _ _ _ _ _ _ _ _ 
/usr/lib/python3.12/importlib/__init__.py:90: in import_module
    return _bootstrap._gcd_import(name[level:], package, level)
           ^^^^^^^^^^^^^^^^^^^^^^^^^^^^^^^^^^^^^^^^^^^^^^^^^^^^
<frozen importlib._bootstrap>:1387: in _gcd_import
    ???
<frozen importlib._bootstrap>:1360: in _find_and_load
    ???
_ _ _ _ _ _ _ _ _ _ _ _ _ _ _ _ _ _ _ _ _ _ _ _ _ _ _ _ _ _ _ _ _ _ _ _ _ _ _ _ 

name = 'cloud_edge_robot_arm.datasets.external.network'
import_ = <function _gcd_import at 0x724ac71180e0>

>   ???
E   ModuleNotFoundError: No module named 'cloud_edge_robot_arm.datasets.external.network'

<frozen importlib._bootstrap>:1324: ModuleNotFoundError

During handling of the above exception, another exception occurred:

monkeypatch = <_pytest.monkeypatch.MonkeyPatch object at 0x724ac4e16cc0>

    @pytest.fixture
    def mod(monkeypatch):
>       result = network()
                 ^^^^^^^^^

tests/test_external_rgbd_network.py:103: 
_ _ _ _ _ _ _ _ _ _ _ _ _ _ _ _ _ _ _ _ _ _ _ _ _ _ _ _ _ _ _ _ _ _ _ _ _ _ _ _ 

    def network():
        try:
            return importlib.import_module("cloud_edge_robot_arm.datasets.external.network")
        except ModuleNotFoundError:
>           pytest.fail("物理接口直连传输尚未实现")
E           Failed: 物理接口直连传输尚未实现

tests/test_external_rgbd_network.py:18: Failed
_ ERROR at setup of test_unknown_redirect_and_credentials_block_before_socket[https://hf-mirror.com:8443/file] _

    def network():
        try:
>           return importlib.import_module("cloud_edge_robot_arm.datasets.external.network")
                   ^^^^^^^^^^^^^^^^^^^^^^^^^^^^^^^^^^^^^^^^^^^^^^^^^^^^^^^^^^^^^^^^^^^^^^^^^

tests/test_external_rgbd_network.py:16: 
_ _ _ _ _ _ _ _ _ _ _ _ _ _ _ _ _ _ _ _ _ _ _ _ _ _ _ _ _ _ _ _ _ _ _ _ _ _ _ _ 
/usr/lib/python3.12/importlib/__init__.py:90: in import_module
    return _bootstrap._gcd_import(name[level:], package, level)
           ^^^^^^^^^^^^^^^^^^^^^^^^^^^^^^^^^^^^^^^^^^^^^^^^^^^^
<frozen importlib._bootstrap>:1387: in _gcd_import
    ???
<frozen importlib._bootstrap>:1360: in _find_and_load
    ???
_ _ _ _ _ _ _ _ _ _ _ _ _ _ _ _ _ _ _ _ _ _ _ _ _ _ _ _ _ _ _ _ _ _ _ _ _ _ _ _ 

name = 'cloud_edge_robot_arm.datasets.external.network'
import_ = <function _gcd_import at 0x724ac71180e0>

>   ???
E   ModuleNotFoundError: No module named 'cloud_edge_robot_arm.datasets.external.network'

<frozen importlib._bootstrap>:1324: ModuleNotFoundError

During handling of the above exception, another exception occurred:

monkeypatch = <_pytest.monkeypatch.MonkeyPatch object at 0x724ac515c380>

    @pytest.fixture
    def mod(monkeypatch):
>       result = network()
                 ^^^^^^^^^

tests/test_external_rgbd_network.py:103: 
_ _ _ _ _ _ _ _ _ _ _ _ _ _ _ _ _ _ _ _ _ _ _ _ _ _ _ _ _ _ _ _ _ _ _ _ _ _ _ _ 

    def network():
        try:
            return importlib.import_module("cloud_edge_robot_arm.datasets.external.network")
        except ModuleNotFoundError:
>           pytest.fail("物理接口直连传输尚未实现")
E           Failed: 物理接口直连传输尚未实现

tests/test_external_rgbd_network.py:18: Failed
_ ERROR at setup of test_unknown_redirect_and_credentials_block_before_socket[https://hf-mirror.com.evil.example/file] _

    def network():
        try:
>           return importlib.import_module("cloud_edge_robot_arm.datasets.external.network")
                   ^^^^^^^^^^^^^^^^^^^^^^^^^^^^^^^^^^^^^^^^^^^^^^^^^^^^^^^^^^^^^^^^^^^^^^^^^

tests/test_external_rgbd_network.py:16: 
_ _ _ _ _ _ _ _ _ _ _ _ _ _ _ _ _ _ _ _ _ _ _ _ _ _ _ _ _ _ _ _ _ _ _ _ _ _ _ _ 
/usr/lib/python3.12/importlib/__init__.py:90: in import_module
    return _bootstrap._gcd_import(name[level:], package, level)
           ^^^^^^^^^^^^^^^^^^^^^^^^^^^^^^^^^^^^^^^^^^^^^^^^^^^^
<frozen importlib._bootstrap>:1387: in _gcd_import
    ???
<frozen importlib._bootstrap>:1360: in _find_and_load
    ???
_ _ _ _ _ _ _ _ _ _ _ _ _ _ _ _ _ _ _ _ _ _ _ _ _ _ _ _ _ _ _ _ _ _ _ _ _ _ _ _ 

name = 'cloud_edge_robot_arm.datasets.external.network'
import_ = <function _gcd_import at 0x724ac71180e0>

>   ???
E   ModuleNotFoundError: No module named 'cloud_edge_robot_arm.datasets.external.network'

<frozen importlib._bootstrap>:1324: ModuleNotFoundError

During handling of the above exception, another exception occurred:

monkeypatch = <_pytest.monkeypatch.MonkeyPatch object at 0x724ac5125cd0>

    @pytest.fixture
    def mod(monkeypatch):
>       result = network()
                 ^^^^^^^^^

tests/test_external_rgbd_network.py:103: 
_ _ _ _ _ _ _ _ _ _ _ _ _ _ _ _ _ _ _ _ _ _ _ _ _ _ _ _ _ _ _ _ _ _ _ _ _ _ _ _ 

    def network():
        try:
            return importlib.import_module("cloud_edge_robot_arm.datasets.external.network")
        except ModuleNotFoundError:
>           pytest.fail("物理接口直连传输尚未实现")
E           Failed: 物理接口直连传输尚未实现

tests/test_external_rgbd_network.py:18: Failed
__ ERROR at setup of test_malformed_or_mismatched_dns_is_rejected[<lambda>0] ___

    def network():
        try:
>           return importlib.import_module("cloud_edge_robot_arm.datasets.external.network")
                   ^^^^^^^^^^^^^^^^^^^^^^^^^^^^^^^^^^^^^^^^^^^^^^^^^^^^^^^^^^^^^^^^^^^^^^^^^

tests/test_external_rgbd_network.py:16: 
_ _ _ _ _ _ _ _ _ _ _ _ _ _ _ _ _ _ _ _ _ _ _ _ _ _ _ _ _ _ _ _ _ _ _ _ _ _ _ _ 
/usr/lib/python3.12/importlib/__init__.py:90: in import_module
    return _bootstrap._gcd_import(name[level:], package, level)
           ^^^^^^^^^^^^^^^^^^^^^^^^^^^^^^^^^^^^^^^^^^^^^^^^^^^^
<frozen importlib._bootstrap>:1387: in _gcd_import
    ???
<frozen importlib._bootstrap>:1360: in _find_and_load
    ???
_ _ _ _ _ _ _ _ _ _ _ _ _ _ _ _ _ _ _ _ _ _ _ _ _ _ _ _ _ _ _ _ _ _ _ _ _ _ _ _ 

name = 'cloud_edge_robot_arm.datasets.external.network'
import_ = <function _gcd_import at 0x724ac71180e0>

>   ???
E   ModuleNotFoundError: No module named 'cloud_edge_robot_arm.datasets.external.network'

<frozen importlib._bootstrap>:1324: ModuleNotFoundError

During handling of the above exception, another exception occurred:

monkeypatch = <_pytest.monkeypatch.MonkeyPatch object at 0x724ac4dc6390>

    @pytest.fixture
    def mod(monkeypatch):
>       result = network()
                 ^^^^^^^^^

tests/test_external_rgbd_network.py:103: 
_ _ _ _ _ _ _ _ _ _ _ _ _ _ _ _ _ _ _ _ _ _ _ _ _ _ _ _ _ _ _ _ _ _ _ _ _ _ _ _ 

    def network():
        try:
            return importlib.import_module("cloud_edge_robot_arm.datasets.external.network")
        except ModuleNotFoundError:
>           pytest.fail("物理接口直连传输尚未实现")
E           Failed: 物理接口直连传输尚未实现

tests/test_external_rgbd_network.py:18: Failed
__ ERROR at setup of test_malformed_or_mismatched_dns_is_rejected[<lambda>1] ___

    def network():
        try:
>           return importlib.import_module("cloud_edge_robot_arm.datasets.external.network")
                   ^^^^^^^^^^^^^^^^^^^^^^^^^^^^^^^^^^^^^^^^^^^^^^^^^^^^^^^^^^^^^^^^^^^^^^^^^

tests/test_external_rgbd_network.py:16: 
_ _ _ _ _ _ _ _ _ _ _ _ _ _ _ _ _ _ _ _ _ _ _ _ _ _ _ _ _ _ _ _ _ _ _ _ _ _ _ _ 
/usr/lib/python3.12/importlib/__init__.py:90: in import_module
    return _bootstrap._gcd_import(name[level:], package, level)
           ^^^^^^^^^^^^^^^^^^^^^^^^^^^^^^^^^^^^^^^^^^^^^^^^^^^^
<frozen importlib._bootstrap>:1387: in _gcd_import
    ???
<frozen importlib._bootstrap>:1360: in _find_and_load
    ???
_ _ _ _ _ _ _ _ _ _ _ _ _ _ _ _ _ _ _ _ _ _ _ _ _ _ _ _ _ _ _ _ _ _ _ _ _ _ _ _ 

name = 'cloud_edge_robot_arm.datasets.external.network'
import_ = <function _gcd_import at 0x724ac71180e0>

>   ???
E   ModuleNotFoundError: No module named 'cloud_edge_robot_arm.datasets.external.network'

<frozen importlib._bootstrap>:1324: ModuleNotFoundError

During handling of the above exception, another exception occurred:

monkeypatch = <_pytest.monkeypatch.MonkeyPatch object at 0x724ac4e32d80>

    @pytest.fixture
    def mod(monkeypatch):
>       result = network()
                 ^^^^^^^^^

tests/test_external_rgbd_network.py:103: 
_ _ _ _ _ _ _ _ _ _ _ _ _ _ _ _ _ _ _ _ _ _ _ _ _ _ _ _ _ _ _ _ _ _ _ _ _ _ _ _ 

    def network():
        try:
            return importlib.import_module("cloud_edge_robot_arm.datasets.external.network")
        except ModuleNotFoundError:
>           pytest.fail("物理接口直连传输尚未实现")
E           Failed: 物理接口直连传输尚未实现

tests/test_external_rgbd_network.py:18: Failed
__ ERROR at setup of test_malformed_or_mismatched_dns_is_rejected[<lambda>2] ___

    def network():
        try:
>           return importlib.import_module("cloud_edge_robot_arm.datasets.external.network")
                   ^^^^^^^^^^^^^^^^^^^^^^^^^^^^^^^^^^^^^^^^^^^^^^^^^^^^^^^^^^^^^^^^^^^^^^^^^

tests/test_external_rgbd_network.py:16: 
_ _ _ _ _ _ _ _ _ _ _ _ _ _ _ _ _ _ _ _ _ _ _ _ _ _ _ _ _ _ _ _ _ _ _ _ _ _ _ _ 
/usr/lib/python3.12/importlib/__init__.py:90: in import_module
    return _bootstrap._gcd_import(name[level:], package, level)
           ^^^^^^^^^^^^^^^^^^^^^^^^^^^^^^^^^^^^^^^^^^^^^^^^^^^^
<frozen importlib._bootstrap>:1387: in _gcd_import
    ???
<frozen importlib._bootstrap>:1360: in _find_and_load
    ???
_ _ _ _ _ _ _ _ _ _ _ _ _ _ _ _ _ _ _ _ _ _ _ _ _ _ _ _ _ _ _ _ _ _ _ _ _ _ _ _ 

name = 'cloud_edge_robot_arm.datasets.external.network'
import_ = <function _gcd_import at 0x724ac71180e0>

>   ???
E   ModuleNotFoundError: No module named 'cloud_edge_robot_arm.datasets.external.network'

<frozen importlib._bootstrap>:1324: ModuleNotFoundError

During handling of the above exception, another exception occurred:

monkeypatch = <_pytest.monkeypatch.MonkeyPatch object at 0x724ac4e32870>

    @pytest.fixture
    def mod(monkeypatch):
>       result = network()
                 ^^^^^^^^^

tests/test_external_rgbd_network.py:103: 
_ _ _ _ _ _ _ _ _ _ _ _ _ _ _ _ _ _ _ _ _ _ _ _ _ _ _ _ _ _ _ _ _ _ _ _ _ _ _ _ 

    def network():
        try:
            return importlib.import_module("cloud_edge_robot_arm.datasets.external.network")
        except ModuleNotFoundError:
>           pytest.fail("物理接口直连传输尚未实现")
E           Failed: 物理接口直连传输尚未实现

tests/test_external_rgbd_network.py:18: Failed
__ ERROR at setup of test_malformed_or_mismatched_dns_is_rejected[<lambda>3] ___

    def network():
        try:
>           return importlib.import_module("cloud_edge_robot_arm.datasets.external.network")
                   ^^^^^^^^^^^^^^^^^^^^^^^^^^^^^^^^^^^^^^^^^^^^^^^^^^^^^^^^^^^^^^^^^^^^^^^^^

tests/test_external_rgbd_network.py:16: 
_ _ _ _ _ _ _ _ _ _ _ _ _ _ _ _ _ _ _ _ _ _ _ _ _ _ _ _ _ _ _ _ _ _ _ _ _ _ _ _ 
/usr/lib/python3.12/importlib/__init__.py:90: in import_module
    return _bootstrap._gcd_import(name[level:], package, level)
           ^^^^^^^^^^^^^^^^^^^^^^^^^^^^^^^^^^^^^^^^^^^^^^^^^^^^
<frozen importlib._bootstrap>:1387: in _gcd_import
    ???
<frozen importlib._bootstrap>:1360: in _find_and_load
    ???
_ _ _ _ _ _ _ _ _ _ _ _ _ _ _ _ _ _ _ _ _ _ _ _ _ _ _ _ _ _ _ _ _ _ _ _ _ _ _ _ 

name = 'cloud_edge_robot_arm.datasets.external.network'
import_ = <function _gcd_import at 0x724ac71180e0>

>   ???
E   ModuleNotFoundError: No module named 'cloud_edge_robot_arm.datasets.external.network'

<frozen importlib._bootstrap>:1324: ModuleNotFoundError

During handling of the above exception, another exception occurred:

monkeypatch = <_pytest.monkeypatch.MonkeyPatch object at 0x724ac4e321b0>

    @pytest.fixture
    def mod(monkeypatch):
>       result = network()
                 ^^^^^^^^^

tests/test_external_rgbd_network.py:103: 
_ _ _ _ _ _ _ _ _ _ _ _ _ _ _ _ _ _ _ _ _ _ _ _ _ _ _ _ _ _ _ _ _ _ _ _ _ _ _ _ 

    def network():
        try:
            return importlib.import_module("cloud_edge_robot_arm.datasets.external.network")
        except ModuleNotFoundError:
>           pytest.fail("物理接口直连传输尚未实现")
E           Failed: 物理接口直连传输尚未实现

tests/test_external_rgbd_network.py:18: Failed
__ ERROR at setup of test_malformed_or_mismatched_dns_is_rejected[<lambda>4] ___

    def network():
        try:
>           return importlib.import_module("cloud_edge_robot_arm.datasets.external.network")
                   ^^^^^^^^^^^^^^^^^^^^^^^^^^^^^^^^^^^^^^^^^^^^^^^^^^^^^^^^^^^^^^^^^^^^^^^^^

tests/test_external_rgbd_network.py:16: 
_ _ _ _ _ _ _ _ _ _ _ _ _ _ _ _ _ _ _ _ _ _ _ _ _ _ _ _ _ _ _ _ _ _ _ _ _ _ _ _ 
/usr/lib/python3.12/importlib/__init__.py:90: in import_module
    return _bootstrap._gcd_import(name[level:], package, level)
           ^^^^^^^^^^^^^^^^^^^^^^^^^^^^^^^^^^^^^^^^^^^^^^^^^^^^
<frozen importlib._bootstrap>:1387: in _gcd_import
    ???
<frozen importlib._bootstrap>:1360: in _find_and_load
    ???
_ _ _ _ _ _ _ _ _ _ _ _ _ _ _ _ _ _ _ _ _ _ _ _ _ _ _ _ _ _ _ _ _ _ _ _ _ _ _ _ 

name = 'cloud_edge_robot_arm.datasets.external.network'
import_ = <function _gcd_import at 0x724ac71180e0>

>   ???
E   ModuleNotFoundError: No module named 'cloud_edge_robot_arm.datasets.external.network'

<frozen importlib._bootstrap>:1324: ModuleNotFoundError

During handling of the above exception, another exception occurred:

monkeypatch = <_pytest.monkeypatch.MonkeyPatch object at 0x724ac5179dc0>

    @pytest.fixture
    def mod(monkeypatch):
>       result = network()
                 ^^^^^^^^^

tests/test_external_rgbd_network.py:103: 
_ _ _ _ _ _ _ _ _ _ _ _ _ _ _ _ _ _ _ _ _ _ _ _ _ _ _ _ _ _ _ _ _ _ _ _ _ _ _ _ 

    def network():
        try:
            return importlib.import_module("cloud_edge_robot_arm.datasets.external.network")
        except ModuleNotFoundError:
>           pytest.fail("物理接口直连传输尚未实现")
E           Failed: 物理接口直连传输尚未实现

tests/test_external_rgbd_network.py:18: Failed
___ ERROR at setup of test_dns_response_source_must_match_explicit_resolver ____

    def network():
        try:
>           return importlib.import_module("cloud_edge_robot_arm.datasets.external.network")
                   ^^^^^^^^^^^^^^^^^^^^^^^^^^^^^^^^^^^^^^^^^^^^^^^^^^^^^^^^^^^^^^^^^^^^^^^^^

tests/test_external_rgbd_network.py:16: 
_ _ _ _ _ _ _ _ _ _ _ _ _ _ _ _ _ _ _ _ _ _ _ _ _ _ _ _ _ _ _ _ _ _ _ _ _ _ _ _ 
/usr/lib/python3.12/importlib/__init__.py:90: in import_module
    return _bootstrap._gcd_import(name[level:], package, level)
           ^^^^^^^^^^^^^^^^^^^^^^^^^^^^^^^^^^^^^^^^^^^^^^^^^^^^
<frozen importlib._bootstrap>:1387: in _gcd_import
    ???
<frozen importlib._bootstrap>:1360: in _find_and_load
    ???
_ _ _ _ _ _ _ _ _ _ _ _ _ _ _ _ _ _ _ _ _ _ _ _ _ _ _ _ _ _ _ _ _ _ _ _ _ _ _ _ 

name = 'cloud_edge_robot_arm.datasets.external.network'
import_ = <function _gcd_import at 0x724ac71180e0>

>   ???
E   ModuleNotFoundError: No module named 'cloud_edge_robot_arm.datasets.external.network'

<frozen importlib._bootstrap>:1324: ModuleNotFoundError

During handling of the above exception, another exception occurred:

monkeypatch = <_pytest.monkeypatch.MonkeyPatch object at 0x724ac4e16cf0>

    @pytest.fixture
    def mod(monkeypatch):
>       result = network()
                 ^^^^^^^^^

tests/test_external_rgbd_network.py:103: 
_ _ _ _ _ _ _ _ _ _ _ _ _ _ _ _ _ _ _ _ _ _ _ _ _ _ _ _ _ _ _ _ _ _ _ _ _ _ _ _ 

    def network():
        try:
            return importlib.import_module("cloud_edge_robot_arm.datasets.external.network")
        except ModuleNotFoundError:
>           pytest.fail("物理接口直连传输尚未实现")
E           Failed: 物理接口直连传输尚未实现

tests/test_external_rgbd_network.py:18: Failed
_ ERROR at setup of test_explicit_mapping_avoids_dns_but_keeps_original_tls_sni_and_verification _

    def network():
        try:
>           return importlib.import_module("cloud_edge_robot_arm.datasets.external.network")
                   ^^^^^^^^^^^^^^^^^^^^^^^^^^^^^^^^^^^^^^^^^^^^^^^^^^^^^^^^^^^^^^^^^^^^^^^^^

tests/test_external_rgbd_network.py:16: 
_ _ _ _ _ _ _ _ _ _ _ _ _ _ _ _ _ _ _ _ _ _ _ _ _ _ _ _ _ _ _ _ _ _ _ _ _ _ _ _ 
/usr/lib/python3.12/importlib/__init__.py:90: in import_module
    return _bootstrap._gcd_import(name[level:], package, level)
           ^^^^^^^^^^^^^^^^^^^^^^^^^^^^^^^^^^^^^^^^^^^^^^^^^^^^
<frozen importlib._bootstrap>:1387: in _gcd_import
    ???
<frozen importlib._bootstrap>:1360: in _find_and_load
    ???
_ _ _ _ _ _ _ _ _ _ _ _ _ _ _ _ _ _ _ _ _ _ _ _ _ _ _ _ _ _ _ _ _ _ _ _ _ _ _ _ 

name = 'cloud_edge_robot_arm.datasets.external.network'
import_ = <function _gcd_import at 0x724ac71180e0>

>   ???
E   ModuleNotFoundError: No module named 'cloud_edge_robot_arm.datasets.external.network'

<frozen importlib._bootstrap>:1324: ModuleNotFoundError

During handling of the above exception, another exception occurred:

monkeypatch = <_pytest.monkeypatch.MonkeyPatch object at 0x724ac4c766f0>

    @pytest.fixture
    def mod(monkeypatch):
>       result = network()
                 ^^^^^^^^^

tests/test_external_rgbd_network.py:103: 
_ _ _ _ _ _ _ _ _ _ _ _ _ _ _ _ _ _ _ _ _ _ _ _ _ _ _ _ _ _ _ _ _ _ _ _ _ _ _ _ 

    def network():
        try:
            return importlib.import_module("cloud_edge_robot_arm.datasets.external.network")
        except ModuleNotFoundError:
>           pytest.fail("物理接口直连传输尚未实现")
E           Failed: 物理接口直连传输尚未实现

tests/test_external_rgbd_network.py:18: Failed
____ ERROR at setup of test_tls_sni_override_cannot_escape_hostname_policy _____

    def network():
        try:
>           return importlib.import_module("cloud_edge_robot_arm.datasets.external.network")
                   ^^^^^^^^^^^^^^^^^^^^^^^^^^^^^^^^^^^^^^^^^^^^^^^^^^^^^^^^^^^^^^^^^^^^^^^^^

tests/test_external_rgbd_network.py:16: 
_ _ _ _ _ _ _ _ _ _ _ _ _ _ _ _ _ _ _ _ _ _ _ _ _ _ _ _ _ _ _ _ _ _ _ _ _ _ _ _ 
/usr/lib/python3.12/importlib/__init__.py:90: in import_module
    return _bootstrap._gcd_import(name[level:], package, level)
           ^^^^^^^^^^^^^^^^^^^^^^^^^^^^^^^^^^^^^^^^^^^^^^^^^^^^
<frozen importlib._bootstrap>:1387: in _gcd_import
    ???
<frozen importlib._bootstrap>:1360: in _find_and_load
    ???
_ _ _ _ _ _ _ _ _ _ _ _ _ _ _ _ _ _ _ _ _ _ _ _ _ _ _ _ _ _ _ _ _ _ _ _ _ _ _ _ 

name = 'cloud_edge_robot_arm.datasets.external.network'
import_ = <function _gcd_import at 0x724ac71180e0>

>   ???
E   ModuleNotFoundError: No module named 'cloud_edge_robot_arm.datasets.external.network'

<frozen importlib._bootstrap>:1324: ModuleNotFoundError

During handling of the above exception, another exception occurred:

monkeypatch = <_pytest.monkeypatch.MonkeyPatch object at 0x724ac4c74b00>

    @pytest.fixture
    def mod(monkeypatch):
>       result = network()
                 ^^^^^^^^^

tests/test_external_rgbd_network.py:103: 
_ _ _ _ _ _ _ _ _ _ _ _ _ _ _ _ _ _ _ _ _ _ _ _ _ _ _ _ _ _ _ _ _ _ _ _ _ _ _ _ 

    def network():
        try:
            return importlib.import_module("cloud_edge_robot_arm.datasets.external.network")
        except ModuleNotFoundError:
>           pytest.fail("物理接口直连传输尚未实现")
E           Failed: 物理接口直连传输尚未实现

tests/test_external_rgbd_network.py:18: Failed
=================================== FAILURES ===================================
_________ test_virtual_loopback_interface_is_rejected_without_network __________

    def network():
        try:
>           return importlib.import_module("cloud_edge_robot_arm.datasets.external.network")
                   ^^^^^^^^^^^^^^^^^^^^^^^^^^^^^^^^^^^^^^^^^^^^^^^^^^^^^^^^^^^^^^^^^^^^^^^^^

tests/test_external_rgbd_network.py:16: 
_ _ _ _ _ _ _ _ _ _ _ _ _ _ _ _ _ _ _ _ _ _ _ _ _ _ _ _ _ _ _ _ _ _ _ _ _ _ _ _ 
/usr/lib/python3.12/importlib/__init__.py:90: in import_module
    return _bootstrap._gcd_import(name[level:], package, level)
           ^^^^^^^^^^^^^^^^^^^^^^^^^^^^^^^^^^^^^^^^^^^^^^^^^^^^
<frozen importlib._bootstrap>:1387: in _gcd_import
    ???
<frozen importlib._bootstrap>:1360: in _find_and_load
    ???
_ _ _ _ _ _ _ _ _ _ _ _ _ _ _ _ _ _ _ _ _ _ _ _ _ _ _ _ _ _ _ _ _ _ _ _ _ _ _ _ 

name = 'cloud_edge_robot_arm.datasets.external.network'
import_ = <function _gcd_import at 0x724ac71180e0>

>   ???
E   ModuleNotFoundError: No module named 'cloud_edge_robot_arm.datasets.external.network'

<frozen importlib._bootstrap>:1324: ModuleNotFoundError

During handling of the above exception, another exception occurred:

    def test_virtual_loopback_interface_is_rejected_without_network():
>       with pytest.raises(network().NetworkPolicyError, match="BLOCKED_NETWORK"):
                           ^^^^^^^^^

tests/test_external_rgbd_network.py:233: 
_ _ _ _ _ _ _ _ _ _ _ _ _ _ _ _ _ _ _ _ _ _ _ _ _ _ _ _ _ _ _ _ _ _ _ _ _ _ _ _ 

    def network():
        try:
            return importlib.import_module("cloud_edge_robot_arm.datasets.external.network")
        except ModuleNotFoundError:
>           pytest.fail("物理接口直连传输尚未实现")
E           Failed: 物理接口直连传输尚未实现

tests/test_external_rgbd_network.py:18: Failed
=========================== short test summary info ============================
FAILED tests/test_external_rgbd_network.py::test_virtual_loopback_interface_is_rejected_without_network
ERROR tests/test_external_rgbd_network.py::test_dns_and_tcp_bind_before_connect_without_system_dns
ERROR tests/test_external_rgbd_network.py::test_bind_permission_failure_closes_and_has_no_fallback
ERROR tests/test_external_rgbd_network.py::test_rejects_fake_or_private_fixed_addresses[198.18.0.8]
ERROR tests/test_external_rgbd_network.py::test_rejects_fake_or_private_fixed_addresses[198.19.1.2]
ERROR tests/test_external_rgbd_network.py::test_rejects_fake_or_private_fixed_addresses[127.0.0.1]
ERROR tests/test_external_rgbd_network.py::test_rejects_fake_or_private_fixed_addresses[10.0.0.1]
ERROR tests/test_external_rgbd_network.py::test_rejects_fake_or_private_fixed_addresses[0.0.0.0]
ERROR tests/test_external_rgbd_network.py::test_rejects_fake_ip_dns_answer_before_tcp
ERROR tests/test_external_rgbd_network.py::test_invalid_policy_is_fail_closed[changes0]
ERROR tests/test_external_rgbd_network.py::test_invalid_policy_is_fail_closed[changes1]
ERROR tests/test_external_rgbd_network.py::test_invalid_policy_is_fail_closed[changes2]
ERROR tests/test_external_rgbd_network.py::test_invalid_policy_is_fail_closed[changes3]
ERROR tests/test_external_rgbd_network.py::test_invalid_policy_is_fail_closed[changes4]
ERROR tests/test_external_rgbd_network.py::test_invalid_policy_is_fail_closed[changes5]
ERROR tests/test_external_rgbd_network.py::test_invalid_policy_is_fail_closed[changes6]
ERROR tests/test_external_rgbd_network.py::test_unknown_redirect_and_credentials_block_before_socket[https://unreviewed.example.com/file]
ERROR tests/test_external_rgbd_network.py::test_unknown_redirect_and_credentials_block_before_socket[http://hf-mirror.com/file]
ERROR tests/test_external_rgbd_network.py::test_unknown_redirect_and_credentials_block_before_socket[https://secret@hf-mirror.com/file]
ERROR tests/test_external_rgbd_network.py::test_unknown_redirect_and_credentials_block_before_socket[https://hf-mirror.com:8443/file]
ERROR tests/test_external_rgbd_network.py::test_unknown_redirect_and_credentials_block_before_socket[https://hf-mirror.com.evil.example/file]
ERROR tests/test_external_rgbd_network.py::test_malformed_or_mismatched_dns_is_rejected[<lambda>0]
ERROR tests/test_external_rgbd_network.py::test_malformed_or_mismatched_dns_is_rejected[<lambda>1]
ERROR tests/test_external_rgbd_network.py::test_malformed_or_mismatched_dns_is_rejected[<lambda>2]
ERROR tests/test_external_rgbd_network.py::test_malformed_or_mismatched_dns_is_rejected[<lambda>3]
ERROR tests/test_external_rgbd_network.py::test_malformed_or_mismatched_dns_is_rejected[<lambda>4]
ERROR tests/test_external_rgbd_network.py::test_dns_response_source_must_match_explicit_resolver
ERROR tests/test_external_rgbd_network.py::test_explicit_mapping_avoids_dns_but_keeps_original_tls_sni_and_verification
ERROR tests/test_external_rgbd_network.py::test_tls_sni_override_cannot_escape_hostname_policy
1 failed, 28 errors in 0.28s
