FFFFFFFFFFFFFFFFFFFFFFFFFFFFFFFFFFFFFFF                                  [100%]
=================================== FAILURES ===================================
_______________ test_plan_blocks_download_budget_before_network ________________

    def transfer():
        try:
>           return importlib.import_module("cloud_edge_robot_arm.datasets.external.transfer")
                   ^^^^^^^^^^^^^^^^^^^^^^^^^^^^^^^^^^^^^^^^^^^^^^^^^^^^^^^^^^^^^^^^^^^^^^^^^^

tests/test_external_rgbd_transfer.py:16: 
_ _ _ _ _ _ _ _ _ _ _ _ _ _ _ _ _ _ _ _ _ _ _ _ _ _ _ _ _ _ _ _ _ _ _ _ _ _ _ _ 
/usr/lib/python3.12/importlib/__init__.py:90: in import_module
    return _bootstrap._gcd_import(name[level:], package, level)
           ^^^^^^^^^^^^^^^^^^^^^^^^^^^^^^^^^^^^^^^^^^^^^^^^^^^^
<frozen importlib._bootstrap>:1387: in _gcd_import
    ???
<frozen importlib._bootstrap>:1360: in _find_and_load
    ???
_ _ _ _ _ _ _ _ _ _ _ _ _ _ _ _ _ _ _ _ _ _ _ _ _ _ _ _ _ _ _ _ _ _ _ _ _ _ _ _ 

name = 'cloud_edge_robot_arm.datasets.external.transfer'
import_ = <function _gcd_import at 0x7dbcb4f280e0>

>   ???
E   ModuleNotFoundError: No module named 'cloud_edge_robot_arm.datasets.external.transfer'

<frozen importlib._bootstrap>:1324: ModuleNotFoundError

During handling of the above exception, another exception occurred:

tmp_path = PosixPath('/tmp/pytest-of-ningyd/pytest-130/test_plan_blocks_download_budg0')
monkeypatch = <_pytest.monkeypatch.MonkeyPatch object at 0x7dbcb2e51c70>

    def test_plan_blocks_download_budget_before_network(tmp_path, monkeypatch):
>       mod = transfer()
              ^^^^^^^^^^

tests/test_external_rgbd_transfer.py:60: 
_ _ _ _ _ _ _ _ _ _ _ _ _ _ _ _ _ _ _ _ _ _ _ _ _ _ _ _ _ _ _ _ _ _ _ _ _ _ _ _ 

    def transfer():
        try:
            return importlib.import_module("cloud_edge_robot_arm.datasets.external.transfer")
        except ModuleNotFoundError:
>           pytest.fail("固定版本的外部 RGB-D 传输尚未实现")
E           Failed: 固定版本的外部 RGB-D 传输尚未实现

tests/test_external_rgbd_transfer.py:18: Failed
_________ test_unknown_archive_expansion_is_marked_estimated_and_gated _________

    def transfer():
        try:
>           return importlib.import_module("cloud_edge_robot_arm.datasets.external.transfer")
                   ^^^^^^^^^^^^^^^^^^^^^^^^^^^^^^^^^^^^^^^^^^^^^^^^^^^^^^^^^^^^^^^^^^^^^^^^^^

tests/test_external_rgbd_transfer.py:16: 
_ _ _ _ _ _ _ _ _ _ _ _ _ _ _ _ _ _ _ _ _ _ _ _ _ _ _ _ _ _ _ _ _ _ _ _ _ _ _ _ 
/usr/lib/python3.12/importlib/__init__.py:90: in import_module
    return _bootstrap._gcd_import(name[level:], package, level)
           ^^^^^^^^^^^^^^^^^^^^^^^^^^^^^^^^^^^^^^^^^^^^^^^^^^^^
<frozen importlib._bootstrap>:1387: in _gcd_import
    ???
<frozen importlib._bootstrap>:1360: in _find_and_load
    ???
_ _ _ _ _ _ _ _ _ _ _ _ _ _ _ _ _ _ _ _ _ _ _ _ _ _ _ _ _ _ _ _ _ _ _ _ _ _ _ _ 

name = 'cloud_edge_robot_arm.datasets.external.transfer'
import_ = <function _gcd_import at 0x7dbcb4f280e0>

>   ???
E   ModuleNotFoundError: No module named 'cloud_edge_robot_arm.datasets.external.transfer'

<frozen importlib._bootstrap>:1324: ModuleNotFoundError

During handling of the above exception, another exception occurred:

tmp_path = PosixPath('/tmp/pytest-of-ningyd/pytest-130/test_unknown_archive_expansion0')

    def test_unknown_archive_expansion_is_marked_estimated_and_gated(tmp_path):
>       mod = transfer()
              ^^^^^^^^^^

tests/test_external_rgbd_transfer.py:70: 
_ _ _ _ _ _ _ _ _ _ _ _ _ _ _ _ _ _ _ _ _ _ _ _ _ _ _ _ _ _ _ _ _ _ _ _ _ _ _ _ 

    def transfer():
        try:
            return importlib.import_module("cloud_edge_robot_arm.datasets.external.transfer")
        except ModuleNotFoundError:
>           pytest.fail("固定版本的外部 RGB-D 传输尚未实现")
E           Failed: 固定版本的外部 RGB-D 传输尚未实现

tests/test_external_rgbd_transfer.py:18: Failed
____________________ test_hf_requires_full_commit_sha[main] ____________________

    def transfer():
        try:
>           return importlib.import_module("cloud_edge_robot_arm.datasets.external.transfer")
                   ^^^^^^^^^^^^^^^^^^^^^^^^^^^^^^^^^^^^^^^^^^^^^^^^^^^^^^^^^^^^^^^^^^^^^^^^^^

tests/test_external_rgbd_transfer.py:16: 
_ _ _ _ _ _ _ _ _ _ _ _ _ _ _ _ _ _ _ _ _ _ _ _ _ _ _ _ _ _ _ _ _ _ _ _ _ _ _ _ 
/usr/lib/python3.12/importlib/__init__.py:90: in import_module
    return _bootstrap._gcd_import(name[level:], package, level)
           ^^^^^^^^^^^^^^^^^^^^^^^^^^^^^^^^^^^^^^^^^^^^^^^^^^^^
<frozen importlib._bootstrap>:1387: in _gcd_import
    ???
<frozen importlib._bootstrap>:1360: in _find_and_load
    ???
_ _ _ _ _ _ _ _ _ _ _ _ _ _ _ _ _ _ _ _ _ _ _ _ _ _ _ _ _ _ _ _ _ _ _ _ _ _ _ _ 

name = 'cloud_edge_robot_arm.datasets.external.transfer'
import_ = <function _gcd_import at 0x7dbcb4f280e0>

>   ???
E   ModuleNotFoundError: No module named 'cloud_edge_robot_arm.datasets.external.transfer'

<frozen importlib._bootstrap>:1324: ModuleNotFoundError

During handling of the above exception, another exception occurred:

tmp_path = PosixPath('/tmp/pytest-of-ningyd/pytest-130/test_hf_requires_full_commit_s0')
revision = 'main'

    @pytest.mark.parametrize("revision", ["main", "latest", "abcdef0", "../escape"])
    def test_hf_requires_full_commit_sha(tmp_path, revision):
        with pytest.raises(ValueError, match="revision"):
>           transfer().plan_budget(make_plan(tmp_path, revision=revision), free_bytes=100)
            ^^^^^^^^^^

tests/test_external_rgbd_transfer.py:86: 
_ _ _ _ _ _ _ _ _ _ _ _ _ _ _ _ _ _ _ _ _ _ _ _ _ _ _ _ _ _ _ _ _ _ _ _ _ _ _ _ 

    def transfer():
        try:
            return importlib.import_module("cloud_edge_robot_arm.datasets.external.transfer")
        except ModuleNotFoundError:
>           pytest.fail("固定版本的外部 RGB-D 传输尚未实现")
E           Failed: 固定版本的外部 RGB-D 传输尚未实现

tests/test_external_rgbd_transfer.py:18: Failed
___________________ test_hf_requires_full_commit_sha[latest] ___________________

    def transfer():
        try:
>           return importlib.import_module("cloud_edge_robot_arm.datasets.external.transfer")
                   ^^^^^^^^^^^^^^^^^^^^^^^^^^^^^^^^^^^^^^^^^^^^^^^^^^^^^^^^^^^^^^^^^^^^^^^^^^

tests/test_external_rgbd_transfer.py:16: 
_ _ _ _ _ _ _ _ _ _ _ _ _ _ _ _ _ _ _ _ _ _ _ _ _ _ _ _ _ _ _ _ _ _ _ _ _ _ _ _ 
/usr/lib/python3.12/importlib/__init__.py:90: in import_module
    return _bootstrap._gcd_import(name[level:], package, level)
           ^^^^^^^^^^^^^^^^^^^^^^^^^^^^^^^^^^^^^^^^^^^^^^^^^^^^
<frozen importlib._bootstrap>:1387: in _gcd_import
    ???
<frozen importlib._bootstrap>:1360: in _find_and_load
    ???
_ _ _ _ _ _ _ _ _ _ _ _ _ _ _ _ _ _ _ _ _ _ _ _ _ _ _ _ _ _ _ _ _ _ _ _ _ _ _ _ 

name = 'cloud_edge_robot_arm.datasets.external.transfer'
import_ = <function _gcd_import at 0x7dbcb4f280e0>

>   ???
E   ModuleNotFoundError: No module named 'cloud_edge_robot_arm.datasets.external.transfer'

<frozen importlib._bootstrap>:1324: ModuleNotFoundError

During handling of the above exception, another exception occurred:

tmp_path = PosixPath('/tmp/pytest-of-ningyd/pytest-130/test_hf_requires_full_commit_s1')
revision = 'latest'

    @pytest.mark.parametrize("revision", ["main", "latest", "abcdef0", "../escape"])
    def test_hf_requires_full_commit_sha(tmp_path, revision):
        with pytest.raises(ValueError, match="revision"):
>           transfer().plan_budget(make_plan(tmp_path, revision=revision), free_bytes=100)
            ^^^^^^^^^^

tests/test_external_rgbd_transfer.py:86: 
_ _ _ _ _ _ _ _ _ _ _ _ _ _ _ _ _ _ _ _ _ _ _ _ _ _ _ _ _ _ _ _ _ _ _ _ _ _ _ _ 

    def transfer():
        try:
            return importlib.import_module("cloud_edge_robot_arm.datasets.external.transfer")
        except ModuleNotFoundError:
>           pytest.fail("固定版本的外部 RGB-D 传输尚未实现")
E           Failed: 固定版本的外部 RGB-D 传输尚未实现

tests/test_external_rgbd_transfer.py:18: Failed
__________________ test_hf_requires_full_commit_sha[abcdef0] ___________________

    def transfer():
        try:
>           return importlib.import_module("cloud_edge_robot_arm.datasets.external.transfer")
                   ^^^^^^^^^^^^^^^^^^^^^^^^^^^^^^^^^^^^^^^^^^^^^^^^^^^^^^^^^^^^^^^^^^^^^^^^^^

tests/test_external_rgbd_transfer.py:16: 
_ _ _ _ _ _ _ _ _ _ _ _ _ _ _ _ _ _ _ _ _ _ _ _ _ _ _ _ _ _ _ _ _ _ _ _ _ _ _ _ 
/usr/lib/python3.12/importlib/__init__.py:90: in import_module
    return _bootstrap._gcd_import(name[level:], package, level)
           ^^^^^^^^^^^^^^^^^^^^^^^^^^^^^^^^^^^^^^^^^^^^^^^^^^^^
<frozen importlib._bootstrap>:1387: in _gcd_import
    ???
<frozen importlib._bootstrap>:1360: in _find_and_load
    ???
_ _ _ _ _ _ _ _ _ _ _ _ _ _ _ _ _ _ _ _ _ _ _ _ _ _ _ _ _ _ _ _ _ _ _ _ _ _ _ _ 

name = 'cloud_edge_robot_arm.datasets.external.transfer'
import_ = <function _gcd_import at 0x7dbcb4f280e0>

>   ???
E   ModuleNotFoundError: No module named 'cloud_edge_robot_arm.datasets.external.transfer'

<frozen importlib._bootstrap>:1324: ModuleNotFoundError

During handling of the above exception, another exception occurred:

tmp_path = PosixPath('/tmp/pytest-of-ningyd/pytest-130/test_hf_requires_full_commit_s2')
revision = 'abcdef0'

    @pytest.mark.parametrize("revision", ["main", "latest", "abcdef0", "../escape"])
    def test_hf_requires_full_commit_sha(tmp_path, revision):
        with pytest.raises(ValueError, match="revision"):
>           transfer().plan_budget(make_plan(tmp_path, revision=revision), free_bytes=100)
            ^^^^^^^^^^

tests/test_external_rgbd_transfer.py:86: 
_ _ _ _ _ _ _ _ _ _ _ _ _ _ _ _ _ _ _ _ _ _ _ _ _ _ _ _ _ _ _ _ _ _ _ _ _ _ _ _ 

    def transfer():
        try:
            return importlib.import_module("cloud_edge_robot_arm.datasets.external.transfer")
        except ModuleNotFoundError:
>           pytest.fail("固定版本的外部 RGB-D 传输尚未实现")
E           Failed: 固定版本的外部 RGB-D 传输尚未实现

tests/test_external_rgbd_transfer.py:18: Failed
_________________ test_hf_requires_full_commit_sha[../escape] __________________

    def transfer():
        try:
>           return importlib.import_module("cloud_edge_robot_arm.datasets.external.transfer")
                   ^^^^^^^^^^^^^^^^^^^^^^^^^^^^^^^^^^^^^^^^^^^^^^^^^^^^^^^^^^^^^^^^^^^^^^^^^^

tests/test_external_rgbd_transfer.py:16: 
_ _ _ _ _ _ _ _ _ _ _ _ _ _ _ _ _ _ _ _ _ _ _ _ _ _ _ _ _ _ _ _ _ _ _ _ _ _ _ _ 
/usr/lib/python3.12/importlib/__init__.py:90: in import_module
    return _bootstrap._gcd_import(name[level:], package, level)
           ^^^^^^^^^^^^^^^^^^^^^^^^^^^^^^^^^^^^^^^^^^^^^^^^^^^^
<frozen importlib._bootstrap>:1387: in _gcd_import
    ???
<frozen importlib._bootstrap>:1360: in _find_and_load
    ???
_ _ _ _ _ _ _ _ _ _ _ _ _ _ _ _ _ _ _ _ _ _ _ _ _ _ _ _ _ _ _ _ _ _ _ _ _ _ _ _ 

name = 'cloud_edge_robot_arm.datasets.external.transfer'
import_ = <function _gcd_import at 0x7dbcb4f280e0>

>   ???
E   ModuleNotFoundError: No module named 'cloud_edge_robot_arm.datasets.external.transfer'

<frozen importlib._bootstrap>:1324: ModuleNotFoundError

During handling of the above exception, another exception occurred:

tmp_path = PosixPath('/tmp/pytest-of-ningyd/pytest-130/test_hf_requires_full_commit_s3')
revision = '../escape'

    @pytest.mark.parametrize("revision", ["main", "latest", "abcdef0", "../escape"])
    def test_hf_requires_full_commit_sha(tmp_path, revision):
        with pytest.raises(ValueError, match="revision"):
>           transfer().plan_budget(make_plan(tmp_path, revision=revision), free_bytes=100)
            ^^^^^^^^^^

tests/test_external_rgbd_transfer.py:86: 
_ _ _ _ _ _ _ _ _ _ _ _ _ _ _ _ _ _ _ _ _ _ _ _ _ _ _ _ _ _ _ _ _ _ _ _ _ _ _ _ 

    def transfer():
        try:
            return importlib.import_module("cloud_edge_robot_arm.datasets.external.transfer")
        except ModuleNotFoundError:
>           pytest.fail("固定版本的外部 RGB-D 传输尚未实现")
E           Failed: 固定版本的外部 RGB-D 传输尚未实现

tests/test_external_rgbd_transfer.py:18: Failed
_____________ test_plan_rejects_unsafe_download_paths[../outside] ______________

    def transfer():
        try:
>           return importlib.import_module("cloud_edge_robot_arm.datasets.external.transfer")
                   ^^^^^^^^^^^^^^^^^^^^^^^^^^^^^^^^^^^^^^^^^^^^^^^^^^^^^^^^^^^^^^^^^^^^^^^^^^

tests/test_external_rgbd_transfer.py:16: 
_ _ _ _ _ _ _ _ _ _ _ _ _ _ _ _ _ _ _ _ _ _ _ _ _ _ _ _ _ _ _ _ _ _ _ _ _ _ _ _ 
/usr/lib/python3.12/importlib/__init__.py:90: in import_module
    return _bootstrap._gcd_import(name[level:], package, level)
           ^^^^^^^^^^^^^^^^^^^^^^^^^^^^^^^^^^^^^^^^^^^^^^^^^^^^
<frozen importlib._bootstrap>:1387: in _gcd_import
    ???
<frozen importlib._bootstrap>:1360: in _find_and_load
    ???
_ _ _ _ _ _ _ _ _ _ _ _ _ _ _ _ _ _ _ _ _ _ _ _ _ _ _ _ _ _ _ _ _ _ _ _ _ _ _ _ 

name = 'cloud_edge_robot_arm.datasets.external.transfer'
import_ = <function _gcd_import at 0x7dbcb4f280e0>

>   ???
E   ModuleNotFoundError: No module named 'cloud_edge_robot_arm.datasets.external.transfer'

<frozen importlib._bootstrap>:1324: ModuleNotFoundError

During handling of the above exception, another exception occurred:

tmp_path = PosixPath('/tmp/pytest-of-ningyd/pytest-130/test_plan_rejects_unsafe_downl0')
path = '../outside'

    @pytest.mark.parametrize("path", ["../outside", "/absolute", "C:/escape", "x\\y", ".cache/x"])
    def test_plan_rejects_unsafe_download_paths(tmp_path, path):
        with pytest.raises(ValueError, match="path"):
>           transfer().plan_budget(
            ^^^^^^^^^^
                make_plan(tmp_path, files=[{"path": path, "size": 6}]), free_bytes=100
            )

tests/test_external_rgbd_transfer.py:92: 
_ _ _ _ _ _ _ _ _ _ _ _ _ _ _ _ _ _ _ _ _ _ _ _ _ _ _ _ _ _ _ _ _ _ _ _ _ _ _ _ 

    def transfer():
        try:
            return importlib.import_module("cloud_edge_robot_arm.datasets.external.transfer")
        except ModuleNotFoundError:
>           pytest.fail("固定版本的外部 RGB-D 传输尚未实现")
E           Failed: 固定版本的外部 RGB-D 传输尚未实现

tests/test_external_rgbd_transfer.py:18: Failed
______________ test_plan_rejects_unsafe_download_paths[/absolute] ______________

    def transfer():
        try:
>           return importlib.import_module("cloud_edge_robot_arm.datasets.external.transfer")
                   ^^^^^^^^^^^^^^^^^^^^^^^^^^^^^^^^^^^^^^^^^^^^^^^^^^^^^^^^^^^^^^^^^^^^^^^^^^

tests/test_external_rgbd_transfer.py:16: 
_ _ _ _ _ _ _ _ _ _ _ _ _ _ _ _ _ _ _ _ _ _ _ _ _ _ _ _ _ _ _ _ _ _ _ _ _ _ _ _ 
/usr/lib/python3.12/importlib/__init__.py:90: in import_module
    return _bootstrap._gcd_import(name[level:], package, level)
           ^^^^^^^^^^^^^^^^^^^^^^^^^^^^^^^^^^^^^^^^^^^^^^^^^^^^
<frozen importlib._bootstrap>:1387: in _gcd_import
    ???
<frozen importlib._bootstrap>:1360: in _find_and_load
    ???
_ _ _ _ _ _ _ _ _ _ _ _ _ _ _ _ _ _ _ _ _ _ _ _ _ _ _ _ _ _ _ _ _ _ _ _ _ _ _ _ 

name = 'cloud_edge_robot_arm.datasets.external.transfer'
import_ = <function _gcd_import at 0x7dbcb4f280e0>

>   ???
E   ModuleNotFoundError: No module named 'cloud_edge_robot_arm.datasets.external.transfer'

<frozen importlib._bootstrap>:1324: ModuleNotFoundError

During handling of the above exception, another exception occurred:

tmp_path = PosixPath('/tmp/pytest-of-ningyd/pytest-130/test_plan_rejects_unsafe_downl1')
path = '/absolute'

    @pytest.mark.parametrize("path", ["../outside", "/absolute", "C:/escape", "x\\y", ".cache/x"])
    def test_plan_rejects_unsafe_download_paths(tmp_path, path):
        with pytest.raises(ValueError, match="path"):
>           transfer().plan_budget(
            ^^^^^^^^^^
                make_plan(tmp_path, files=[{"path": path, "size": 6}]), free_bytes=100
            )

tests/test_external_rgbd_transfer.py:92: 
_ _ _ _ _ _ _ _ _ _ _ _ _ _ _ _ _ _ _ _ _ _ _ _ _ _ _ _ _ _ _ _ _ _ _ _ _ _ _ _ 

    def transfer():
        try:
            return importlib.import_module("cloud_edge_robot_arm.datasets.external.transfer")
        except ModuleNotFoundError:
>           pytest.fail("固定版本的外部 RGB-D 传输尚未实现")
E           Failed: 固定版本的外部 RGB-D 传输尚未实现

tests/test_external_rgbd_transfer.py:18: Failed
______________ test_plan_rejects_unsafe_download_paths[C:/escape] ______________

    def transfer():
        try:
>           return importlib.import_module("cloud_edge_robot_arm.datasets.external.transfer")
                   ^^^^^^^^^^^^^^^^^^^^^^^^^^^^^^^^^^^^^^^^^^^^^^^^^^^^^^^^^^^^^^^^^^^^^^^^^^

tests/test_external_rgbd_transfer.py:16: 
_ _ _ _ _ _ _ _ _ _ _ _ _ _ _ _ _ _ _ _ _ _ _ _ _ _ _ _ _ _ _ _ _ _ _ _ _ _ _ _ 
/usr/lib/python3.12/importlib/__init__.py:90: in import_module
    return _bootstrap._gcd_import(name[level:], package, level)
           ^^^^^^^^^^^^^^^^^^^^^^^^^^^^^^^^^^^^^^^^^^^^^^^^^^^^
<frozen importlib._bootstrap>:1387: in _gcd_import
    ???
<frozen importlib._bootstrap>:1360: in _find_and_load
    ???
_ _ _ _ _ _ _ _ _ _ _ _ _ _ _ _ _ _ _ _ _ _ _ _ _ _ _ _ _ _ _ _ _ _ _ _ _ _ _ _ 

name = 'cloud_edge_robot_arm.datasets.external.transfer'
import_ = <function _gcd_import at 0x7dbcb4f280e0>

>   ???
E   ModuleNotFoundError: No module named 'cloud_edge_robot_arm.datasets.external.transfer'

<frozen importlib._bootstrap>:1324: ModuleNotFoundError

During handling of the above exception, another exception occurred:

tmp_path = PosixPath('/tmp/pytest-of-ningyd/pytest-130/test_plan_rejects_unsafe_downl2')
path = 'C:/escape'

    @pytest.mark.parametrize("path", ["../outside", "/absolute", "C:/escape", "x\\y", ".cache/x"])
    def test_plan_rejects_unsafe_download_paths(tmp_path, path):
        with pytest.raises(ValueError, match="path"):
>           transfer().plan_budget(
            ^^^^^^^^^^
                make_plan(tmp_path, files=[{"path": path, "size": 6}]), free_bytes=100
            )

tests/test_external_rgbd_transfer.py:92: 
_ _ _ _ _ _ _ _ _ _ _ _ _ _ _ _ _ _ _ _ _ _ _ _ _ _ _ _ _ _ _ _ _ _ _ _ _ _ _ _ 

    def transfer():
        try:
            return importlib.import_module("cloud_edge_robot_arm.datasets.external.transfer")
        except ModuleNotFoundError:
>           pytest.fail("固定版本的外部 RGB-D 传输尚未实现")
E           Failed: 固定版本的外部 RGB-D 传输尚未实现

tests/test_external_rgbd_transfer.py:18: Failed
________________ test_plan_rejects_unsafe_download_paths[x\\y] _________________

    def transfer():
        try:
>           return importlib.import_module("cloud_edge_robot_arm.datasets.external.transfer")
                   ^^^^^^^^^^^^^^^^^^^^^^^^^^^^^^^^^^^^^^^^^^^^^^^^^^^^^^^^^^^^^^^^^^^^^^^^^^

tests/test_external_rgbd_transfer.py:16: 
_ _ _ _ _ _ _ _ _ _ _ _ _ _ _ _ _ _ _ _ _ _ _ _ _ _ _ _ _ _ _ _ _ _ _ _ _ _ _ _ 
/usr/lib/python3.12/importlib/__init__.py:90: in import_module
    return _bootstrap._gcd_import(name[level:], package, level)
           ^^^^^^^^^^^^^^^^^^^^^^^^^^^^^^^^^^^^^^^^^^^^^^^^^^^^
<frozen importlib._bootstrap>:1387: in _gcd_import
    ???
<frozen importlib._bootstrap>:1360: in _find_and_load
    ???
_ _ _ _ _ _ _ _ _ _ _ _ _ _ _ _ _ _ _ _ _ _ _ _ _ _ _ _ _ _ _ _ _ _ _ _ _ _ _ _ 

name = 'cloud_edge_robot_arm.datasets.external.transfer'
import_ = <function _gcd_import at 0x7dbcb4f280e0>

>   ???
E   ModuleNotFoundError: No module named 'cloud_edge_robot_arm.datasets.external.transfer'

<frozen importlib._bootstrap>:1324: ModuleNotFoundError

During handling of the above exception, another exception occurred:

tmp_path = PosixPath('/tmp/pytest-of-ningyd/pytest-130/test_plan_rejects_unsafe_downl3')
path = 'x\\y'

    @pytest.mark.parametrize("path", ["../outside", "/absolute", "C:/escape", "x\\y", ".cache/x"])
    def test_plan_rejects_unsafe_download_paths(tmp_path, path):
        with pytest.raises(ValueError, match="path"):
>           transfer().plan_budget(
            ^^^^^^^^^^
                make_plan(tmp_path, files=[{"path": path, "size": 6}]), free_bytes=100
            )

tests/test_external_rgbd_transfer.py:92: 
_ _ _ _ _ _ _ _ _ _ _ _ _ _ _ _ _ _ _ _ _ _ _ _ _ _ _ _ _ _ _ _ _ _ _ _ _ _ _ _ 

    def transfer():
        try:
            return importlib.import_module("cloud_edge_robot_arm.datasets.external.transfer")
        except ModuleNotFoundError:
>           pytest.fail("固定版本的外部 RGB-D 传输尚未实现")
E           Failed: 固定版本的外部 RGB-D 传输尚未实现

tests/test_external_rgbd_transfer.py:18: Failed
______________ test_plan_rejects_unsafe_download_paths[.cache/x] _______________

    def transfer():
        try:
>           return importlib.import_module("cloud_edge_robot_arm.datasets.external.transfer")
                   ^^^^^^^^^^^^^^^^^^^^^^^^^^^^^^^^^^^^^^^^^^^^^^^^^^^^^^^^^^^^^^^^^^^^^^^^^^

tests/test_external_rgbd_transfer.py:16: 
_ _ _ _ _ _ _ _ _ _ _ _ _ _ _ _ _ _ _ _ _ _ _ _ _ _ _ _ _ _ _ _ _ _ _ _ _ _ _ _ 
/usr/lib/python3.12/importlib/__init__.py:90: in import_module
    return _bootstrap._gcd_import(name[level:], package, level)
           ^^^^^^^^^^^^^^^^^^^^^^^^^^^^^^^^^^^^^^^^^^^^^^^^^^^^
<frozen importlib._bootstrap>:1387: in _gcd_import
    ???
<frozen importlib._bootstrap>:1360: in _find_and_load
    ???
_ _ _ _ _ _ _ _ _ _ _ _ _ _ _ _ _ _ _ _ _ _ _ _ _ _ _ _ _ _ _ _ _ _ _ _ _ _ _ _ 

name = 'cloud_edge_robot_arm.datasets.external.transfer'
import_ = <function _gcd_import at 0x7dbcb4f280e0>

>   ???
E   ModuleNotFoundError: No module named 'cloud_edge_robot_arm.datasets.external.transfer'

<frozen importlib._bootstrap>:1324: ModuleNotFoundError

During handling of the above exception, another exception occurred:

tmp_path = PosixPath('/tmp/pytest-of-ningyd/pytest-130/test_plan_rejects_unsafe_downl4')
path = '.cache/x'

    @pytest.mark.parametrize("path", ["../outside", "/absolute", "C:/escape", "x\\y", ".cache/x"])
    def test_plan_rejects_unsafe_download_paths(tmp_path, path):
        with pytest.raises(ValueError, match="path"):
>           transfer().plan_budget(
            ^^^^^^^^^^
                make_plan(tmp_path, files=[{"path": path, "size": 6}]), free_bytes=100
            )

tests/test_external_rgbd_transfer.py:92: 
_ _ _ _ _ _ _ _ _ _ _ _ _ _ _ _ _ _ _ _ _ _ _ _ _ _ _ _ _ _ _ _ _ _ _ _ _ _ _ _ 

    def transfer():
        try:
            return importlib.import_module("cloud_edge_robot_arm.datasets.external.transfer")
        except ModuleNotFoundError:
>           pytest.fail("固定版本的外部 RGB-D 传输尚未实现")
E           Failed: 固定版本的外部 RGB-D 传输尚未实现

tests/test_external_rgbd_transfer.py:18: Failed
_______________ test_hash_file_streams_and_matches_known_digest ________________

    def transfer():
        try:
>           return importlib.import_module("cloud_edge_robot_arm.datasets.external.transfer")
                   ^^^^^^^^^^^^^^^^^^^^^^^^^^^^^^^^^^^^^^^^^^^^^^^^^^^^^^^^^^^^^^^^^^^^^^^^^^

tests/test_external_rgbd_transfer.py:16: 
_ _ _ _ _ _ _ _ _ _ _ _ _ _ _ _ _ _ _ _ _ _ _ _ _ _ _ _ _ _ _ _ _ _ _ _ _ _ _ _ 
/usr/lib/python3.12/importlib/__init__.py:90: in import_module
    return _bootstrap._gcd_import(name[level:], package, level)
           ^^^^^^^^^^^^^^^^^^^^^^^^^^^^^^^^^^^^^^^^^^^^^^^^^^^^
<frozen importlib._bootstrap>:1387: in _gcd_import
    ???
<frozen importlib._bootstrap>:1360: in _find_and_load
    ???
_ _ _ _ _ _ _ _ _ _ _ _ _ _ _ _ _ _ _ _ _ _ _ _ _ _ _ _ _ _ _ _ _ _ _ _ _ _ _ _ 

name = 'cloud_edge_robot_arm.datasets.external.transfer'
import_ = <function _gcd_import at 0x7dbcb4f280e0>

>   ???
E   ModuleNotFoundError: No module named 'cloud_edge_robot_arm.datasets.external.transfer'

<frozen importlib._bootstrap>:1324: ModuleNotFoundError

During handling of the above exception, another exception occurred:

tmp_path = PosixPath('/tmp/pytest-of-ningyd/pytest-130/test_hash_file_streams_and_mat0')

    def test_hash_file_streams_and_matches_known_digest(tmp_path):
        path = tmp_path / "synthetic_fixture"
        path.write_bytes(b"abc")
>       assert transfer().hash_file(path) == (
               ^^^^^^^^^^
            "ba7816bf8f01cfea414140de5dae2223b00361a396177a9cb410ff61f20015ad"
        )

tests/test_external_rgbd_transfer.py:100: 
_ _ _ _ _ _ _ _ _ _ _ _ _ _ _ _ _ _ _ _ _ _ _ _ _ _ _ _ _ _ _ _ _ _ _ _ _ _ _ _ 

    def transfer():
        try:
            return importlib.import_module("cloud_edge_robot_arm.datasets.external.transfer")
        except ModuleNotFoundError:
>           pytest.fail("固定版本的外部 RGB-D 传输尚未实现")
E           Failed: 固定版本的外部 RGB-D 传输尚未实现

tests/test_external_rgbd_transfer.py:18: Failed
_________ test_hf_retries_then_reuses_only_version_and_hash_bound_file _________

    def transfer():
        try:
>           return importlib.import_module("cloud_edge_robot_arm.datasets.external.transfer")
                   ^^^^^^^^^^^^^^^^^^^^^^^^^^^^^^^^^^^^^^^^^^^^^^^^^^^^^^^^^^^^^^^^^^^^^^^^^^

tests/test_external_rgbd_transfer.py:16: 
_ _ _ _ _ _ _ _ _ _ _ _ _ _ _ _ _ _ _ _ _ _ _ _ _ _ _ _ _ _ _ _ _ _ _ _ _ _ _ _ 
/usr/lib/python3.12/importlib/__init__.py:90: in import_module
    return _bootstrap._gcd_import(name[level:], package, level)
           ^^^^^^^^^^^^^^^^^^^^^^^^^^^^^^^^^^^^^^^^^^^^^^^^^^^^
<frozen importlib._bootstrap>:1387: in _gcd_import
    ???
<frozen importlib._bootstrap>:1360: in _find_and_load
    ???
_ _ _ _ _ _ _ _ _ _ _ _ _ _ _ _ _ _ _ _ _ _ _ _ _ _ _ _ _ _ _ _ _ _ _ _ _ _ _ _ 

name = 'cloud_edge_robot_arm.datasets.external.transfer'
import_ = <function _gcd_import at 0x7dbcb4f280e0>

>   ???
E   ModuleNotFoundError: No module named 'cloud_edge_robot_arm.datasets.external.transfer'

<frozen importlib._bootstrap>:1324: ModuleNotFoundError

During handling of the above exception, another exception occurred:

tmp_path = PosixPath('/tmp/pytest-of-ningyd/pytest-130/test_hf_retries_then_reuses_on0')
monkeypatch = <_pytest.monkeypatch.MonkeyPatch object at 0x7dbcb3001070>

    def test_hf_retries_then_reuses_only_version_and_hash_bound_file(tmp_path, monkeypatch):
>       mod = transfer()
              ^^^^^^^^^^

tests/test_external_rgbd_transfer.py:106: 
_ _ _ _ _ _ _ _ _ _ _ _ _ _ _ _ _ _ _ _ _ _ _ _ _ _ _ _ _ _ _ _ _ _ _ _ _ _ _ _ 

    def transfer():
        try:
            return importlib.import_module("cloud_edge_robot_arm.datasets.external.transfer")
        except ModuleNotFoundError:
>           pytest.fail("固定版本的外部 RGB-D 传输尚未实现")
E           Failed: 固定版本的外部 RGB-D 传输尚未实现

tests/test_external_rgbd_transfer.py:18: Failed
__________ test_known_upstream_digest_failure_never_becomes_reusable ___________

    def transfer():
        try:
>           return importlib.import_module("cloud_edge_robot_arm.datasets.external.transfer")
                   ^^^^^^^^^^^^^^^^^^^^^^^^^^^^^^^^^^^^^^^^^^^^^^^^^^^^^^^^^^^^^^^^^^^^^^^^^^

tests/test_external_rgbd_transfer.py:16: 
_ _ _ _ _ _ _ _ _ _ _ _ _ _ _ _ _ _ _ _ _ _ _ _ _ _ _ _ _ _ _ _ _ _ _ _ _ _ _ _ 
/usr/lib/python3.12/importlib/__init__.py:90: in import_module
    return _bootstrap._gcd_import(name[level:], package, level)
           ^^^^^^^^^^^^^^^^^^^^^^^^^^^^^^^^^^^^^^^^^^^^^^^^^^^^
<frozen importlib._bootstrap>:1387: in _gcd_import
    ???
<frozen importlib._bootstrap>:1360: in _find_and_load
    ???
_ _ _ _ _ _ _ _ _ _ _ _ _ _ _ _ _ _ _ _ _ _ _ _ _ _ _ _ _ _ _ _ _ _ _ _ _ _ _ _ 

name = 'cloud_edge_robot_arm.datasets.external.transfer'
import_ = <function _gcd_import at 0x7dbcb4f280e0>

>   ???
E   ModuleNotFoundError: No module named 'cloud_edge_robot_arm.datasets.external.transfer'

<frozen importlib._bootstrap>:1324: ModuleNotFoundError

During handling of the above exception, another exception occurred:

tmp_path = PosixPath('/tmp/pytest-of-ningyd/pytest-130/test_known_upstream_digest_fai0')
monkeypatch = <_pytest.monkeypatch.MonkeyPatch object at 0x7dbcb2fd3ad0>

    def test_known_upstream_digest_failure_never_becomes_reusable(tmp_path, monkeypatch):
>       mod = transfer()
              ^^^^^^^^^^

tests/test_external_rgbd_transfer.py:124: 
_ _ _ _ _ _ _ _ _ _ _ _ _ _ _ _ _ _ _ _ _ _ _ _ _ _ _ _ _ _ _ _ _ _ _ _ _ _ _ _ 

    def transfer():
        try:
            return importlib.import_module("cloud_edge_robot_arm.datasets.external.transfer")
        except ModuleNotFoundError:
>           pytest.fail("固定版本的外部 RGB-D 传输尚未实现")
E           Failed: 固定版本的外部 RGB-D 传输尚未实现

tests/test_external_rgbd_transfer.py:18: Failed
________________ test_immutable_size_is_checked_after_download _________________

    def transfer():
        try:
>           return importlib.import_module("cloud_edge_robot_arm.datasets.external.transfer")
                   ^^^^^^^^^^^^^^^^^^^^^^^^^^^^^^^^^^^^^^^^^^^^^^^^^^^^^^^^^^^^^^^^^^^^^^^^^^

tests/test_external_rgbd_transfer.py:16: 
_ _ _ _ _ _ _ _ _ _ _ _ _ _ _ _ _ _ _ _ _ _ _ _ _ _ _ _ _ _ _ _ _ _ _ _ _ _ _ _ 
/usr/lib/python3.12/importlib/__init__.py:90: in import_module
    return _bootstrap._gcd_import(name[level:], package, level)
           ^^^^^^^^^^^^^^^^^^^^^^^^^^^^^^^^^^^^^^^^^^^^^^^^^^^^
<frozen importlib._bootstrap>:1387: in _gcd_import
    ???
<frozen importlib._bootstrap>:1360: in _find_and_load
    ???
_ _ _ _ _ _ _ _ _ _ _ _ _ _ _ _ _ _ _ _ _ _ _ _ _ _ _ _ _ _ _ _ _ _ _ _ _ _ _ _ 

name = 'cloud_edge_robot_arm.datasets.external.transfer'
import_ = <function _gcd_import at 0x7dbcb4f280e0>

>   ???
E   ModuleNotFoundError: No module named 'cloud_edge_robot_arm.datasets.external.transfer'

<frozen importlib._bootstrap>:1324: ModuleNotFoundError

During handling of the above exception, another exception occurred:

tmp_path = PosixPath('/tmp/pytest-of-ningyd/pytest-130/test_immutable_size_is_checked0')
monkeypatch = <_pytest.monkeypatch.MonkeyPatch object at 0x7dbcb2b248f0>

    def test_immutable_size_is_checked_after_download(tmp_path, monkeypatch):
>       mod = transfer()
              ^^^^^^^^^^

tests/test_external_rgbd_transfer.py:133: 
_ _ _ _ _ _ _ _ _ _ _ _ _ _ _ _ _ _ _ _ _ _ _ _ _ _ _ _ _ _ _ _ _ _ _ _ _ _ _ _ 

    def transfer():
        try:
            return importlib.import_module("cloud_edge_robot_arm.datasets.external.transfer")
        except ModuleNotFoundError:
>           pytest.fail("固定版本的外部 RGB-D 传输尚未实现")
E           Failed: 固定版本的外部 RGB-D 传输尚未实现

tests/test_external_rgbd_transfer.py:18: Failed
_________ test_failed_download_has_finite_retries_and_sanitized_error __________

    def transfer():
        try:
>           return importlib.import_module("cloud_edge_robot_arm.datasets.external.transfer")
                   ^^^^^^^^^^^^^^^^^^^^^^^^^^^^^^^^^^^^^^^^^^^^^^^^^^^^^^^^^^^^^^^^^^^^^^^^^^

tests/test_external_rgbd_transfer.py:16: 
_ _ _ _ _ _ _ _ _ _ _ _ _ _ _ _ _ _ _ _ _ _ _ _ _ _ _ _ _ _ _ _ _ _ _ _ _ _ _ _ 
/usr/lib/python3.12/importlib/__init__.py:90: in import_module
    return _bootstrap._gcd_import(name[level:], package, level)
           ^^^^^^^^^^^^^^^^^^^^^^^^^^^^^^^^^^^^^^^^^^^^^^^^^^^^
<frozen importlib._bootstrap>:1387: in _gcd_import
    ???
<frozen importlib._bootstrap>:1360: in _find_and_load
    ???
_ _ _ _ _ _ _ _ _ _ _ _ _ _ _ _ _ _ _ _ _ _ _ _ _ _ _ _ _ _ _ _ _ _ _ _ _ _ _ _ 

name = 'cloud_edge_robot_arm.datasets.external.transfer'
import_ = <function _gcd_import at 0x7dbcb4f280e0>

>   ???
E   ModuleNotFoundError: No module named 'cloud_edge_robot_arm.datasets.external.transfer'

<frozen importlib._bootstrap>:1324: ModuleNotFoundError

During handling of the above exception, another exception occurred:

tmp_path = PosixPath('/tmp/pytest-of-ningyd/pytest-130/test_failed_download_has_finit0')
monkeypatch = <_pytest.monkeypatch.MonkeyPatch object at 0x7dbcb2b25640>

    def test_failed_download_has_finite_retries_and_sanitized_error(tmp_path, monkeypatch):
        import huggingface_hub
    
>       mod = transfer()
              ^^^^^^^^^^

tests/test_external_rgbd_transfer.py:142: 
_ _ _ _ _ _ _ _ _ _ _ _ _ _ _ _ _ _ _ _ _ _ _ _ _ _ _ _ _ _ _ _ _ _ _ _ _ _ _ _ 

    def transfer():
        try:
            return importlib.import_module("cloud_edge_robot_arm.datasets.external.transfer")
        except ModuleNotFoundError:
>           pytest.fail("固定版本的外部 RGB-D 传输尚未实现")
E           Failed: 固定版本的外部 RGB-D 传输尚未实现

tests/test_external_rgbd_transfer.py:18: Failed
___ test_modelscope_partial_resume_survives_interruption_and_binds_revision ____

    def transfer():
        try:
>           return importlib.import_module("cloud_edge_robot_arm.datasets.external.transfer")
                   ^^^^^^^^^^^^^^^^^^^^^^^^^^^^^^^^^^^^^^^^^^^^^^^^^^^^^^^^^^^^^^^^^^^^^^^^^^

tests/test_external_rgbd_transfer.py:16: 
_ _ _ _ _ _ _ _ _ _ _ _ _ _ _ _ _ _ _ _ _ _ _ _ _ _ _ _ _ _ _ _ _ _ _ _ _ _ _ _ 
/usr/lib/python3.12/importlib/__init__.py:90: in import_module
    return _bootstrap._gcd_import(name[level:], package, level)
           ^^^^^^^^^^^^^^^^^^^^^^^^^^^^^^^^^^^^^^^^^^^^^^^^^^^^
<frozen importlib._bootstrap>:1387: in _gcd_import
    ???
<frozen importlib._bootstrap>:1360: in _find_and_load
    ???
_ _ _ _ _ _ _ _ _ _ _ _ _ _ _ _ _ _ _ _ _ _ _ _ _ _ _ _ _ _ _ _ _ _ _ _ _ _ _ _ 

name = 'cloud_edge_robot_arm.datasets.external.transfer'
import_ = <function _gcd_import at 0x7dbcb4f280e0>

>   ???
E   ModuleNotFoundError: No module named 'cloud_edge_robot_arm.datasets.external.transfer'

<frozen importlib._bootstrap>:1324: ModuleNotFoundError

During handling of the above exception, another exception occurred:

tmp_path = PosixPath('/tmp/pytest-of-ningyd/pytest-130/test_modelscope_partial_resume0')
monkeypatch = <_pytest.monkeypatch.MonkeyPatch object at 0x7dbcb2fffc50>

    def test_modelscope_partial_resume_survives_interruption_and_binds_revision(tmp_path, monkeypatch):
>       mod = transfer()
              ^^^^^^^^^^

tests/test_external_rgbd_transfer.py:166: 
_ _ _ _ _ _ _ _ _ _ _ _ _ _ _ _ _ _ _ _ _ _ _ _ _ _ _ _ _ _ _ _ _ _ _ _ _ _ _ _ 

    def transfer():
        try:
            return importlib.import_module("cloud_edge_robot_arm.datasets.external.transfer")
        except ModuleNotFoundError:
>           pytest.fail("固定版本的外部 RGB-D 传输尚未实现")
E           Failed: 固定版本的外部 RGB-D 传输尚未实现

tests/test_external_rgbd_transfer.py:18: Failed
__________ test_modelscope_ignoring_range_restarts_without_appending ___________

    def transfer():
        try:
>           return importlib.import_module("cloud_edge_robot_arm.datasets.external.transfer")
                   ^^^^^^^^^^^^^^^^^^^^^^^^^^^^^^^^^^^^^^^^^^^^^^^^^^^^^^^^^^^^^^^^^^^^^^^^^^

tests/test_external_rgbd_transfer.py:16: 
_ _ _ _ _ _ _ _ _ _ _ _ _ _ _ _ _ _ _ _ _ _ _ _ _ _ _ _ _ _ _ _ _ _ _ _ _ _ _ _ 
/usr/lib/python3.12/importlib/__init__.py:90: in import_module
    return _bootstrap._gcd_import(name[level:], package, level)
           ^^^^^^^^^^^^^^^^^^^^^^^^^^^^^^^^^^^^^^^^^^^^^^^^^^^^
<frozen importlib._bootstrap>:1387: in _gcd_import
    ???
<frozen importlib._bootstrap>:1360: in _find_and_load
    ???
_ _ _ _ _ _ _ _ _ _ _ _ _ _ _ _ _ _ _ _ _ _ _ _ _ _ _ _ _ _ _ _ _ _ _ _ _ _ _ _ 

name = 'cloud_edge_robot_arm.datasets.external.transfer'
import_ = <function _gcd_import at 0x7dbcb4f280e0>

>   ???
E   ModuleNotFoundError: No module named 'cloud_edge_robot_arm.datasets.external.transfer'

<frozen importlib._bootstrap>:1324: ModuleNotFoundError

During handling of the above exception, another exception occurred:

tmp_path = PosixPath('/tmp/pytest-of-ningyd/pytest-130/test_modelscope_ignoring_range0')
monkeypatch = <_pytest.monkeypatch.MonkeyPatch object at 0x7dbcb2ffc950>

    def test_modelscope_ignoring_range_restarts_without_appending(tmp_path, monkeypatch):
>       mod = transfer()
              ^^^^^^^^^^

tests/test_external_rgbd_transfer.py:199: 
_ _ _ _ _ _ _ _ _ _ _ _ _ _ _ _ _ _ _ _ _ _ _ _ _ _ _ _ _ _ _ _ _ _ _ _ _ _ _ _ 

    def transfer():
        try:
            return importlib.import_module("cloud_edge_robot_arm.datasets.external.transfer")
        except ModuleNotFoundError:
>           pytest.fail("固定版本的外部 RGB-D 传输尚未实现")
E           Failed: 固定版本的外部 RGB-D 传输尚未实现

tests/test_external_rgbd_transfer.py:18: Failed
__________ test_actual_retry_network_bytes_cannot_exceed_total_budget __________

    def transfer():
        try:
>           return importlib.import_module("cloud_edge_robot_arm.datasets.external.transfer")
                   ^^^^^^^^^^^^^^^^^^^^^^^^^^^^^^^^^^^^^^^^^^^^^^^^^^^^^^^^^^^^^^^^^^^^^^^^^^

tests/test_external_rgbd_transfer.py:16: 
_ _ _ _ _ _ _ _ _ _ _ _ _ _ _ _ _ _ _ _ _ _ _ _ _ _ _ _ _ _ _ _ _ _ _ _ _ _ _ _ 
/usr/lib/python3.12/importlib/__init__.py:90: in import_module
    return _bootstrap._gcd_import(name[level:], package, level)
           ^^^^^^^^^^^^^^^^^^^^^^^^^^^^^^^^^^^^^^^^^^^^^^^^^^^^
<frozen importlib._bootstrap>:1387: in _gcd_import
    ???
<frozen importlib._bootstrap>:1360: in _find_and_load
    ???
_ _ _ _ _ _ _ _ _ _ _ _ _ _ _ _ _ _ _ _ _ _ _ _ _ _ _ _ _ _ _ _ _ _ _ _ _ _ _ _ 

name = 'cloud_edge_robot_arm.datasets.external.transfer'
import_ = <function _gcd_import at 0x7dbcb4f280e0>

>   ???
E   ModuleNotFoundError: No module named 'cloud_edge_robot_arm.datasets.external.transfer'

<frozen importlib._bootstrap>:1324: ModuleNotFoundError

During handling of the above exception, another exception occurred:

tmp_path = PosixPath('/tmp/pytest-of-ningyd/pytest-130/test_actual_retry_network_byte0')
monkeypatch = <_pytest.monkeypatch.MonkeyPatch object at 0x7dbcb2fd28a0>

    def test_actual_retry_network_bytes_cannot_exceed_total_budget(tmp_path, monkeypatch):
>       mod = transfer()
              ^^^^^^^^^^

tests/test_external_rgbd_transfer.py:225: 
_ _ _ _ _ _ _ _ _ _ _ _ _ _ _ _ _ _ _ _ _ _ _ _ _ _ _ _ _ _ _ _ _ _ _ _ _ _ _ _ 

    def transfer():
        try:
            return importlib.import_module("cloud_edge_robot_arm.datasets.external.transfer")
        except ModuleNotFoundError:
>           pytest.fail("固定版本的外部 RGB-D 传输尚未实现")
E           Failed: 固定版本的外部 RGB-D 传输尚未实现

tests/test_external_rgbd_transfer.py:18: Failed
_______________ test_ongoing_disk_reserve_blocks_http_body_write _______________

    def transfer():
        try:
>           return importlib.import_module("cloud_edge_robot_arm.datasets.external.transfer")
                   ^^^^^^^^^^^^^^^^^^^^^^^^^^^^^^^^^^^^^^^^^^^^^^^^^^^^^^^^^^^^^^^^^^^^^^^^^^

tests/test_external_rgbd_transfer.py:16: 
_ _ _ _ _ _ _ _ _ _ _ _ _ _ _ _ _ _ _ _ _ _ _ _ _ _ _ _ _ _ _ _ _ _ _ _ _ _ _ _ 
/usr/lib/python3.12/importlib/__init__.py:90: in import_module
    return _bootstrap._gcd_import(name[level:], package, level)
           ^^^^^^^^^^^^^^^^^^^^^^^^^^^^^^^^^^^^^^^^^^^^^^^^^^^^
<frozen importlib._bootstrap>:1387: in _gcd_import
    ???
<frozen importlib._bootstrap>:1360: in _find_and_load
    ???
_ _ _ _ _ _ _ _ _ _ _ _ _ _ _ _ _ _ _ _ _ _ _ _ _ _ _ _ _ _ _ _ _ _ _ _ _ _ _ _ 

name = 'cloud_edge_robot_arm.datasets.external.transfer'
import_ = <function _gcd_import at 0x7dbcb4f280e0>

>   ???
E   ModuleNotFoundError: No module named 'cloud_edge_robot_arm.datasets.external.transfer'

<frozen importlib._bootstrap>:1324: ModuleNotFoundError

During handling of the above exception, another exception occurred:

tmp_path = PosixPath('/tmp/pytest-of-ningyd/pytest-130/test_ongoing_disk_reserve_bloc0')
monkeypatch = <_pytest.monkeypatch.MonkeyPatch object at 0x7dbcb2ffec00>

    def test_ongoing_disk_reserve_blocks_http_body_write(tmp_path, monkeypatch):
>       mod = transfer()
              ^^^^^^^^^^

tests/test_external_rgbd_transfer.py:247: 
_ _ _ _ _ _ _ _ _ _ _ _ _ _ _ _ _ _ _ _ _ _ _ _ _ _ _ _ _ _ _ _ _ _ _ _ _ _ _ _ 

    def transfer():
        try:
            return importlib.import_module("cloud_edge_robot_arm.datasets.external.transfer")
        except ModuleNotFoundError:
>           pytest.fail("固定版本的外部 RGB-D 传输尚未实现")
E           Failed: 固定版本的外部 RGB-D 传输尚未实现

tests/test_external_rgbd_transfer.py:18: Failed
_______ test_tar_selection_is_atomic_and_marker_binds_hashes_and_members _______

    def archives():
        try:
>           return importlib.import_module("cloud_edge_robot_arm.datasets.external.archives")
                   ^^^^^^^^^^^^^^^^^^^^^^^^^^^^^^^^^^^^^^^^^^^^^^^^^^^^^^^^^^^^^^^^^^^^^^^^^^

tests/test_external_rgbd_archives.py:16: 
_ _ _ _ _ _ _ _ _ _ _ _ _ _ _ _ _ _ _ _ _ _ _ _ _ _ _ _ _ _ _ _ _ _ _ _ _ _ _ _ 
/usr/lib/python3.12/importlib/__init__.py:90: in import_module
    return _bootstrap._gcd_import(name[level:], package, level)
           ^^^^^^^^^^^^^^^^^^^^^^^^^^^^^^^^^^^^^^^^^^^^^^^^^^^^
<frozen importlib._bootstrap>:1387: in _gcd_import
    ???
<frozen importlib._bootstrap>:1360: in _find_and_load
    ???
_ _ _ _ _ _ _ _ _ _ _ _ _ _ _ _ _ _ _ _ _ _ _ _ _ _ _ _ _ _ _ _ _ _ _ _ _ _ _ _ 

name = 'cloud_edge_robot_arm.datasets.external.archives'
import_ = <function _gcd_import at 0x7dbcb4f280e0>

>   ???
E   ModuleNotFoundError: No module named 'cloud_edge_robot_arm.datasets.external.archives'

<frozen importlib._bootstrap>:1324: ModuleNotFoundError

During handling of the above exception, another exception occurred:

tmp_path = PosixPath('/tmp/pytest-of-ningyd/pytest-130/test_tar_selection_is_atomic_a0')

    def test_tar_selection_is_atomic_and_marker_binds_hashes_and_members(tmp_path):
>       mod = archives()
              ^^^^^^^^^^

tests/test_external_rgbd_archives.py:32: 
_ _ _ _ _ _ _ _ _ _ _ _ _ _ _ _ _ _ _ _ _ _ _ _ _ _ _ _ _ _ _ _ _ _ _ _ _ _ _ _ 

    def archives():
        try:
            return importlib.import_module("cloud_edge_robot_arm.datasets.external.archives")
        except ModuleNotFoundError:
>           pytest.fail("外部 RGB-D 安全解压尚未实现")
E           Failed: 外部 RGB-D 安全解压尚未实现

tests/test_external_rgbd_archives.py:18: Failed
_____ test_path_traversal_is_rejected_before_any_public_output[../escape] ______

    def archives():
        try:
>           return importlib.import_module("cloud_edge_robot_arm.datasets.external.archives")
                   ^^^^^^^^^^^^^^^^^^^^^^^^^^^^^^^^^^^^^^^^^^^^^^^^^^^^^^^^^^^^^^^^^^^^^^^^^^

tests/test_external_rgbd_archives.py:16: 
_ _ _ _ _ _ _ _ _ _ _ _ _ _ _ _ _ _ _ _ _ _ _ _ _ _ _ _ _ _ _ _ _ _ _ _ _ _ _ _ 
/usr/lib/python3.12/importlib/__init__.py:90: in import_module
    return _bootstrap._gcd_import(name[level:], package, level)
           ^^^^^^^^^^^^^^^^^^^^^^^^^^^^^^^^^^^^^^^^^^^^^^^^^^^^
<frozen importlib._bootstrap>:1387: in _gcd_import
    ???
<frozen importlib._bootstrap>:1360: in _find_and_load
    ???
_ _ _ _ _ _ _ _ _ _ _ _ _ _ _ _ _ _ _ _ _ _ _ _ _ _ _ _ _ _ _ _ _ _ _ _ _ _ _ _ 

name = 'cloud_edge_robot_arm.datasets.external.archives'
import_ = <function _gcd_import at 0x7dbcb4f280e0>

>   ???
E   ModuleNotFoundError: No module named 'cloud_edge_robot_arm.datasets.external.archives'

<frozen importlib._bootstrap>:1324: ModuleNotFoundError

During handling of the above exception, another exception occurred:

tmp_path = PosixPath('/tmp/pytest-of-ningyd/pytest-130/test_path_traversal_is_rejecte0')
name = '../escape'

    @pytest.mark.parametrize("name", ["../escape", "/escape", "C:/escape", "safe/../../escape", "x\\escape"])
    def test_path_traversal_is_rejected_before_any_public_output(tmp_path, name):
        path = make_tar(tmp_path, names=(name,))
        destination = tmp_path / "raw"
        with pytest.raises(ValueError, match="path"):
>           archives().extract_archive([path], destination, minimum_free_bytes=0)
            ^^^^^^^^^^

tests/test_external_rgbd_archives.py:56: 
_ _ _ _ _ _ _ _ _ _ _ _ _ _ _ _ _ _ _ _ _ _ _ _ _ _ _ _ _ _ _ _ _ _ _ _ _ _ _ _ 

    def archives():
        try:
            return importlib.import_module("cloud_edge_robot_arm.datasets.external.archives")
        except ModuleNotFoundError:
>           pytest.fail("外部 RGB-D 安全解压尚未实现")
E           Failed: 外部 RGB-D 安全解压尚未实现

tests/test_external_rgbd_archives.py:18: Failed
______ test_path_traversal_is_rejected_before_any_public_output[/escape] _______

    def archives():
        try:
>           return importlib.import_module("cloud_edge_robot_arm.datasets.external.archives")
                   ^^^^^^^^^^^^^^^^^^^^^^^^^^^^^^^^^^^^^^^^^^^^^^^^^^^^^^^^^^^^^^^^^^^^^^^^^^

tests/test_external_rgbd_archives.py:16: 
_ _ _ _ _ _ _ _ _ _ _ _ _ _ _ _ _ _ _ _ _ _ _ _ _ _ _ _ _ _ _ _ _ _ _ _ _ _ _ _ 
/usr/lib/python3.12/importlib/__init__.py:90: in import_module
    return _bootstrap._gcd_import(name[level:], package, level)
           ^^^^^^^^^^^^^^^^^^^^^^^^^^^^^^^^^^^^^^^^^^^^^^^^^^^^
<frozen importlib._bootstrap>:1387: in _gcd_import
    ???
<frozen importlib._bootstrap>:1360: in _find_and_load
    ???
_ _ _ _ _ _ _ _ _ _ _ _ _ _ _ _ _ _ _ _ _ _ _ _ _ _ _ _ _ _ _ _ _ _ _ _ _ _ _ _ 

name = 'cloud_edge_robot_arm.datasets.external.archives'
import_ = <function _gcd_import at 0x7dbcb4f280e0>

>   ???
E   ModuleNotFoundError: No module named 'cloud_edge_robot_arm.datasets.external.archives'

<frozen importlib._bootstrap>:1324: ModuleNotFoundError

During handling of the above exception, another exception occurred:

tmp_path = PosixPath('/tmp/pytest-of-ningyd/pytest-130/test_path_traversal_is_rejecte1')
name = '/escape'

    @pytest.mark.parametrize("name", ["../escape", "/escape", "C:/escape", "safe/../../escape", "x\\escape"])
    def test_path_traversal_is_rejected_before_any_public_output(tmp_path, name):
        path = make_tar(tmp_path, names=(name,))
        destination = tmp_path / "raw"
        with pytest.raises(ValueError, match="path"):
>           archives().extract_archive([path], destination, minimum_free_bytes=0)
            ^^^^^^^^^^

tests/test_external_rgbd_archives.py:56: 
_ _ _ _ _ _ _ _ _ _ _ _ _ _ _ _ _ _ _ _ _ _ _ _ _ _ _ _ _ _ _ _ _ _ _ _ _ _ _ _ 

    def archives():
        try:
            return importlib.import_module("cloud_edge_robot_arm.datasets.external.archives")
        except ModuleNotFoundError:
>           pytest.fail("外部 RGB-D 安全解压尚未实现")
E           Failed: 外部 RGB-D 安全解压尚未实现

tests/test_external_rgbd_archives.py:18: Failed
_____ test_path_traversal_is_rejected_before_any_public_output[C:/escape] ______

    def archives():
        try:
>           return importlib.import_module("cloud_edge_robot_arm.datasets.external.archives")
                   ^^^^^^^^^^^^^^^^^^^^^^^^^^^^^^^^^^^^^^^^^^^^^^^^^^^^^^^^^^^^^^^^^^^^^^^^^^

tests/test_external_rgbd_archives.py:16: 
_ _ _ _ _ _ _ _ _ _ _ _ _ _ _ _ _ _ _ _ _ _ _ _ _ _ _ _ _ _ _ _ _ _ _ _ _ _ _ _ 
/usr/lib/python3.12/importlib/__init__.py:90: in import_module
    return _bootstrap._gcd_import(name[level:], package, level)
           ^^^^^^^^^^^^^^^^^^^^^^^^^^^^^^^^^^^^^^^^^^^^^^^^^^^^
<frozen importlib._bootstrap>:1387: in _gcd_import
    ???
<frozen importlib._bootstrap>:1360: in _find_and_load
    ???
_ _ _ _ _ _ _ _ _ _ _ _ _ _ _ _ _ _ _ _ _ _ _ _ _ _ _ _ _ _ _ _ _ _ _ _ _ _ _ _ 

name = 'cloud_edge_robot_arm.datasets.external.archives'
import_ = <function _gcd_import at 0x7dbcb4f280e0>

>   ???
E   ModuleNotFoundError: No module named 'cloud_edge_robot_arm.datasets.external.archives'

<frozen importlib._bootstrap>:1324: ModuleNotFoundError

During handling of the above exception, another exception occurred:

tmp_path = PosixPath('/tmp/pytest-of-ningyd/pytest-130/test_path_traversal_is_rejecte2')
name = 'C:/escape'

    @pytest.mark.parametrize("name", ["../escape", "/escape", "C:/escape", "safe/../../escape", "x\\escape"])
    def test_path_traversal_is_rejected_before_any_public_output(tmp_path, name):
        path = make_tar(tmp_path, names=(name,))
        destination = tmp_path / "raw"
        with pytest.raises(ValueError, match="path"):
>           archives().extract_archive([path], destination, minimum_free_bytes=0)
            ^^^^^^^^^^

tests/test_external_rgbd_archives.py:56: 
_ _ _ _ _ _ _ _ _ _ _ _ _ _ _ _ _ _ _ _ _ _ _ _ _ _ _ _ _ _ _ _ _ _ _ _ _ _ _ _ 

    def archives():
        try:
            return importlib.import_module("cloud_edge_robot_arm.datasets.external.archives")
        except ModuleNotFoundError:
>           pytest.fail("外部 RGB-D 安全解压尚未实现")
E           Failed: 外部 RGB-D 安全解压尚未实现

tests/test_external_rgbd_archives.py:18: Failed
_ test_path_traversal_is_rejected_before_any_public_output[safe/../../escape] __

    def archives():
        try:
>           return importlib.import_module("cloud_edge_robot_arm.datasets.external.archives")
                   ^^^^^^^^^^^^^^^^^^^^^^^^^^^^^^^^^^^^^^^^^^^^^^^^^^^^^^^^^^^^^^^^^^^^^^^^^^

tests/test_external_rgbd_archives.py:16: 
_ _ _ _ _ _ _ _ _ _ _ _ _ _ _ _ _ _ _ _ _ _ _ _ _ _ _ _ _ _ _ _ _ _ _ _ _ _ _ _ 
/usr/lib/python3.12/importlib/__init__.py:90: in import_module
    return _bootstrap._gcd_import(name[level:], package, level)
           ^^^^^^^^^^^^^^^^^^^^^^^^^^^^^^^^^^^^^^^^^^^^^^^^^^^^
<frozen importlib._bootstrap>:1387: in _gcd_import
    ???
<frozen importlib._bootstrap>:1360: in _find_and_load
    ???
_ _ _ _ _ _ _ _ _ _ _ _ _ _ _ _ _ _ _ _ _ _ _ _ _ _ _ _ _ _ _ _ _ _ _ _ _ _ _ _ 

name = 'cloud_edge_robot_arm.datasets.external.archives'
import_ = <function _gcd_import at 0x7dbcb4f280e0>

>   ???
E   ModuleNotFoundError: No module named 'cloud_edge_robot_arm.datasets.external.archives'

<frozen importlib._bootstrap>:1324: ModuleNotFoundError

During handling of the above exception, another exception occurred:

tmp_path = PosixPath('/tmp/pytest-of-ningyd/pytest-130/test_path_traversal_is_rejecte3')
name = 'safe/../../escape'

    @pytest.mark.parametrize("name", ["../escape", "/escape", "C:/escape", "safe/../../escape", "x\\escape"])
    def test_path_traversal_is_rejected_before_any_public_output(tmp_path, name):
        path = make_tar(tmp_path, names=(name,))
        destination = tmp_path / "raw"
        with pytest.raises(ValueError, match="path"):
>           archives().extract_archive([path], destination, minimum_free_bytes=0)
            ^^^^^^^^^^

tests/test_external_rgbd_archives.py:56: 
_ _ _ _ _ _ _ _ _ _ _ _ _ _ _ _ _ _ _ _ _ _ _ _ _ _ _ _ _ _ _ _ _ _ _ _ _ _ _ _ 

    def archives():
        try:
            return importlib.import_module("cloud_edge_robot_arm.datasets.external.archives")
        except ModuleNotFoundError:
>           pytest.fail("外部 RGB-D 安全解压尚未实现")
E           Failed: 外部 RGB-D 安全解压尚未实现

tests/test_external_rgbd_archives.py:18: Failed
_____ test_path_traversal_is_rejected_before_any_public_output[x\\escape] ______

    def archives():
        try:
>           return importlib.import_module("cloud_edge_robot_arm.datasets.external.archives")
                   ^^^^^^^^^^^^^^^^^^^^^^^^^^^^^^^^^^^^^^^^^^^^^^^^^^^^^^^^^^^^^^^^^^^^^^^^^^

tests/test_external_rgbd_archives.py:16: 
_ _ _ _ _ _ _ _ _ _ _ _ _ _ _ _ _ _ _ _ _ _ _ _ _ _ _ _ _ _ _ _ _ _ _ _ _ _ _ _ 
/usr/lib/python3.12/importlib/__init__.py:90: in import_module
    return _bootstrap._gcd_import(name[level:], package, level)
           ^^^^^^^^^^^^^^^^^^^^^^^^^^^^^^^^^^^^^^^^^^^^^^^^^^^^
<frozen importlib._bootstrap>:1387: in _gcd_import
    ???
<frozen importlib._bootstrap>:1360: in _find_and_load
    ???
_ _ _ _ _ _ _ _ _ _ _ _ _ _ _ _ _ _ _ _ _ _ _ _ _ _ _ _ _ _ _ _ _ _ _ _ _ _ _ _ 

name = 'cloud_edge_robot_arm.datasets.external.archives'
import_ = <function _gcd_import at 0x7dbcb4f280e0>

>   ???
E   ModuleNotFoundError: No module named 'cloud_edge_robot_arm.datasets.external.archives'

<frozen importlib._bootstrap>:1324: ModuleNotFoundError

During handling of the above exception, another exception occurred:

tmp_path = PosixPath('/tmp/pytest-of-ningyd/pytest-130/test_path_traversal_is_rejecte4')
name = 'x\\escape'

    @pytest.mark.parametrize("name", ["../escape", "/escape", "C:/escape", "safe/../../escape", "x\\escape"])
    def test_path_traversal_is_rejected_before_any_public_output(tmp_path, name):
        path = make_tar(tmp_path, names=(name,))
        destination = tmp_path / "raw"
        with pytest.raises(ValueError, match="path"):
>           archives().extract_archive([path], destination, minimum_free_bytes=0)
            ^^^^^^^^^^

tests/test_external_rgbd_archives.py:56: 
_ _ _ _ _ _ _ _ _ _ _ _ _ _ _ _ _ _ _ _ _ _ _ _ _ _ _ _ _ _ _ _ _ _ _ _ _ _ _ _ 

    def archives():
        try:
            return importlib.import_module("cloud_edge_robot_arm.datasets.external.archives")
        except ModuleNotFoundError:
>           pytest.fail("外部 RGB-D 安全解压尚未实现")
E           Failed: 外部 RGB-D 安全解压尚未实现

tests/test_external_rgbd_archives.py:18: Failed
____________ test_links_and_special_archive_members_are_rejected[2] ____________

    def archives():
        try:
>           return importlib.import_module("cloud_edge_robot_arm.datasets.external.archives")
                   ^^^^^^^^^^^^^^^^^^^^^^^^^^^^^^^^^^^^^^^^^^^^^^^^^^^^^^^^^^^^^^^^^^^^^^^^^^

tests/test_external_rgbd_archives.py:16: 
_ _ _ _ _ _ _ _ _ _ _ _ _ _ _ _ _ _ _ _ _ _ _ _ _ _ _ _ _ _ _ _ _ _ _ _ _ _ _ _ 
/usr/lib/python3.12/importlib/__init__.py:90: in import_module
    return _bootstrap._gcd_import(name[level:], package, level)
           ^^^^^^^^^^^^^^^^^^^^^^^^^^^^^^^^^^^^^^^^^^^^^^^^^^^^
<frozen importlib._bootstrap>:1387: in _gcd_import
    ???
<frozen importlib._bootstrap>:1360: in _find_and_load
    ???
_ _ _ _ _ _ _ _ _ _ _ _ _ _ _ _ _ _ _ _ _ _ _ _ _ _ _ _ _ _ _ _ _ _ _ _ _ _ _ _ 

name = 'cloud_edge_robot_arm.datasets.external.archives'
import_ = <function _gcd_import at 0x7dbcb4f280e0>

>   ???
E   ModuleNotFoundError: No module named 'cloud_edge_robot_arm.datasets.external.archives'

<frozen importlib._bootstrap>:1324: ModuleNotFoundError

During handling of the above exception, another exception occurred:

tmp_path = PosixPath('/tmp/pytest-of-ningyd/pytest-130/test_links_and_special_archive0')
kind = b'2'

    @pytest.mark.parametrize("kind", [tarfile.SYMTYPE, tarfile.LNKTYPE, tarfile.CHRTYPE, tarfile.FIFOTYPE])
    def test_links_and_special_archive_members_are_rejected(tmp_path, kind):
        path = tmp_path / "synthetic_fixture.tar.gz"
        with tarfile.open(path, "w:gz") as archive:
            info = tarfile.TarInfo("scene/link")
            info.type = kind
            info.linkname = "../../escape"
            archive.addfile(info)
        with pytest.raises(ValueError, match="link|special"):
>           archives().inspect_archive([path])
            ^^^^^^^^^^

tests/test_external_rgbd_archives.py:70: 
_ _ _ _ _ _ _ _ _ _ _ _ _ _ _ _ _ _ _ _ _ _ _ _ _ _ _ _ _ _ _ _ _ _ _ _ _ _ _ _ 

    def archives():
        try:
            return importlib.import_module("cloud_edge_robot_arm.datasets.external.archives")
        except ModuleNotFoundError:
>           pytest.fail("外部 RGB-D 安全解压尚未实现")
E           Failed: 外部 RGB-D 安全解压尚未实现

tests/test_external_rgbd_archives.py:18: Failed
____________ test_links_and_special_archive_members_are_rejected[1] ____________

    def archives():
        try:
>           return importlib.import_module("cloud_edge_robot_arm.datasets.external.archives")
                   ^^^^^^^^^^^^^^^^^^^^^^^^^^^^^^^^^^^^^^^^^^^^^^^^^^^^^^^^^^^^^^^^^^^^^^^^^^

tests/test_external_rgbd_archives.py:16: 
_ _ _ _ _ _ _ _ _ _ _ _ _ _ _ _ _ _ _ _ _ _ _ _ _ _ _ _ _ _ _ _ _ _ _ _ _ _ _ _ 
/usr/lib/python3.12/importlib/__init__.py:90: in import_module
    return _bootstrap._gcd_import(name[level:], package, level)
           ^^^^^^^^^^^^^^^^^^^^^^^^^^^^^^^^^^^^^^^^^^^^^^^^^^^^
<frozen importlib._bootstrap>:1387: in _gcd_import
    ???
<frozen importlib._bootstrap>:1360: in _find_and_load
    ???
_ _ _ _ _ _ _ _ _ _ _ _ _ _ _ _ _ _ _ _ _ _ _ _ _ _ _ _ _ _ _ _ _ _ _ _ _ _ _ _ 

name = 'cloud_edge_robot_arm.datasets.external.archives'
import_ = <function _gcd_import at 0x7dbcb4f280e0>

>   ???
E   ModuleNotFoundError: No module named 'cloud_edge_robot_arm.datasets.external.archives'

<frozen importlib._bootstrap>:1324: ModuleNotFoundError

During handling of the above exception, another exception occurred:

tmp_path = PosixPath('/tmp/pytest-of-ningyd/pytest-130/test_links_and_special_archive1')
kind = b'1'

    @pytest.mark.parametrize("kind", [tarfile.SYMTYPE, tarfile.LNKTYPE, tarfile.CHRTYPE, tarfile.FIFOTYPE])
    def test_links_and_special_archive_members_are_rejected(tmp_path, kind):
        path = tmp_path / "synthetic_fixture.tar.gz"
        with tarfile.open(path, "w:gz") as archive:
            info = tarfile.TarInfo("scene/link")
            info.type = kind
            info.linkname = "../../escape"
            archive.addfile(info)
        with pytest.raises(ValueError, match="link|special"):
>           archives().inspect_archive([path])
            ^^^^^^^^^^

tests/test_external_rgbd_archives.py:70: 
_ _ _ _ _ _ _ _ _ _ _ _ _ _ _ _ _ _ _ _ _ _ _ _ _ _ _ _ _ _ _ _ _ _ _ _ _ _ _ _ 

    def archives():
        try:
            return importlib.import_module("cloud_edge_robot_arm.datasets.external.archives")
        except ModuleNotFoundError:
>           pytest.fail("外部 RGB-D 安全解压尚未实现")
E           Failed: 外部 RGB-D 安全解压尚未实现

tests/test_external_rgbd_archives.py:18: Failed
____________ test_links_and_special_archive_members_are_rejected[3] ____________

    def archives():
        try:
>           return importlib.import_module("cloud_edge_robot_arm.datasets.external.archives")
                   ^^^^^^^^^^^^^^^^^^^^^^^^^^^^^^^^^^^^^^^^^^^^^^^^^^^^^^^^^^^^^^^^^^^^^^^^^^

tests/test_external_rgbd_archives.py:16: 
_ _ _ _ _ _ _ _ _ _ _ _ _ _ _ _ _ _ _ _ _ _ _ _ _ _ _ _ _ _ _ _ _ _ _ _ _ _ _ _ 
/usr/lib/python3.12/importlib/__init__.py:90: in import_module
    return _bootstrap._gcd_import(name[level:], package, level)
           ^^^^^^^^^^^^^^^^^^^^^^^^^^^^^^^^^^^^^^^^^^^^^^^^^^^^
<frozen importlib._bootstrap>:1387: in _gcd_import
    ???
<frozen importlib._bootstrap>:1360: in _find_and_load
    ???
_ _ _ _ _ _ _ _ _ _ _ _ _ _ _ _ _ _ _ _ _ _ _ _ _ _ _ _ _ _ _ _ _ _ _ _ _ _ _ _ 

name = 'cloud_edge_robot_arm.datasets.external.archives'
import_ = <function _gcd_import at 0x7dbcb4f280e0>

>   ???
E   ModuleNotFoundError: No module named 'cloud_edge_robot_arm.datasets.external.archives'

<frozen importlib._bootstrap>:1324: ModuleNotFoundError

During handling of the above exception, another exception occurred:

tmp_path = PosixPath('/tmp/pytest-of-ningyd/pytest-130/test_links_and_special_archive2')
kind = b'3'

    @pytest.mark.parametrize("kind", [tarfile.SYMTYPE, tarfile.LNKTYPE, tarfile.CHRTYPE, tarfile.FIFOTYPE])
    def test_links_and_special_archive_members_are_rejected(tmp_path, kind):
        path = tmp_path / "synthetic_fixture.tar.gz"
        with tarfile.open(path, "w:gz") as archive:
            info = tarfile.TarInfo("scene/link")
            info.type = kind
            info.linkname = "../../escape"
            archive.addfile(info)
        with pytest.raises(ValueError, match="link|special"):
>           archives().inspect_archive([path])
            ^^^^^^^^^^

tests/test_external_rgbd_archives.py:70: 
_ _ _ _ _ _ _ _ _ _ _ _ _ _ _ _ _ _ _ _ _ _ _ _ _ _ _ _ _ _ _ _ _ _ _ _ _ _ _ _ 

    def archives():
        try:
            return importlib.import_module("cloud_edge_robot_arm.datasets.external.archives")
        except ModuleNotFoundError:
>           pytest.fail("外部 RGB-D 安全解压尚未实现")
E           Failed: 外部 RGB-D 安全解压尚未实现

tests/test_external_rgbd_archives.py:18: Failed
____________ test_links_and_special_archive_members_are_rejected[6] ____________

    def archives():
        try:
>           return importlib.import_module("cloud_edge_robot_arm.datasets.external.archives")
                   ^^^^^^^^^^^^^^^^^^^^^^^^^^^^^^^^^^^^^^^^^^^^^^^^^^^^^^^^^^^^^^^^^^^^^^^^^^

tests/test_external_rgbd_archives.py:16: 
_ _ _ _ _ _ _ _ _ _ _ _ _ _ _ _ _ _ _ _ _ _ _ _ _ _ _ _ _ _ _ _ _ _ _ _ _ _ _ _ 
/usr/lib/python3.12/importlib/__init__.py:90: in import_module
    return _bootstrap._gcd_import(name[level:], package, level)
           ^^^^^^^^^^^^^^^^^^^^^^^^^^^^^^^^^^^^^^^^^^^^^^^^^^^^
<frozen importlib._bootstrap>:1387: in _gcd_import
    ???
<frozen importlib._bootstrap>:1360: in _find_and_load
    ???
_ _ _ _ _ _ _ _ _ _ _ _ _ _ _ _ _ _ _ _ _ _ _ _ _ _ _ _ _ _ _ _ _ _ _ _ _ _ _ _ 

name = 'cloud_edge_robot_arm.datasets.external.archives'
import_ = <function _gcd_import at 0x7dbcb4f280e0>

>   ???
E   ModuleNotFoundError: No module named 'cloud_edge_robot_arm.datasets.external.archives'

<frozen importlib._bootstrap>:1324: ModuleNotFoundError

During handling of the above exception, another exception occurred:

tmp_path = PosixPath('/tmp/pytest-of-ningyd/pytest-130/test_links_and_special_archive3')
kind = b'6'

    @pytest.mark.parametrize("kind", [tarfile.SYMTYPE, tarfile.LNKTYPE, tarfile.CHRTYPE, tarfile.FIFOTYPE])
    def test_links_and_special_archive_members_are_rejected(tmp_path, kind):
        path = tmp_path / "synthetic_fixture.tar.gz"
        with tarfile.open(path, "w:gz") as archive:
            info = tarfile.TarInfo("scene/link")
            info.type = kind
            info.linkname = "../../escape"
            archive.addfile(info)
        with pytest.raises(ValueError, match="link|special"):
>           archives().inspect_archive([path])
            ^^^^^^^^^^

tests/test_external_rgbd_archives.py:70: 
_ _ _ _ _ _ _ _ _ _ _ _ _ _ _ _ _ _ _ _ _ _ _ _ _ _ _ _ _ _ _ _ _ _ _ _ _ _ _ _ 

    def archives():
        try:
            return importlib.import_module("cloud_edge_robot_arm.datasets.external.archives")
        except ModuleNotFoundError:
>           pytest.fail("外部 RGB-D 安全解压尚未实现")
E           Failed: 外部 RGB-D 安全解压尚未实现

tests/test_external_rgbd_archives.py:18: Failed
________ test_listing_reports_real_expansion_and_rejects_expansion_cap _________

    def archives():
        try:
>           return importlib.import_module("cloud_edge_robot_arm.datasets.external.archives")
                   ^^^^^^^^^^^^^^^^^^^^^^^^^^^^^^^^^^^^^^^^^^^^^^^^^^^^^^^^^^^^^^^^^^^^^^^^^^

tests/test_external_rgbd_archives.py:16: 
_ _ _ _ _ _ _ _ _ _ _ _ _ _ _ _ _ _ _ _ _ _ _ _ _ _ _ _ _ _ _ _ _ _ _ _ _ _ _ _ 
/usr/lib/python3.12/importlib/__init__.py:90: in import_module
    return _bootstrap._gcd_import(name[level:], package, level)
           ^^^^^^^^^^^^^^^^^^^^^^^^^^^^^^^^^^^^^^^^^^^^^^^^^^^^
<frozen importlib._bootstrap>:1387: in _gcd_import
    ???
<frozen importlib._bootstrap>:1360: in _find_and_load
    ???
_ _ _ _ _ _ _ _ _ _ _ _ _ _ _ _ _ _ _ _ _ _ _ _ _ _ _ _ _ _ _ _ _ _ _ _ _ _ _ _ 

name = 'cloud_edge_robot_arm.datasets.external.archives'
import_ = <function _gcd_import at 0x7dbcb4f280e0>

>   ???
E   ModuleNotFoundError: No module named 'cloud_edge_robot_arm.datasets.external.archives'

<frozen importlib._bootstrap>:1324: ModuleNotFoundError

During handling of the above exception, another exception occurred:

tmp_path = PosixPath('/tmp/pytest-of-ningyd/pytest-130/test_listing_reports_real_expa0')

    def test_listing_reports_real_expansion_and_rejects_expansion_cap(tmp_path):
        path = make_tar(tmp_path)
>       info = archives().inspect_archive([path])
               ^^^^^^^^^^

tests/test_external_rgbd_archives.py:75: 
_ _ _ _ _ _ _ _ _ _ _ _ _ _ _ _ _ _ _ _ _ _ _ _ _ _ _ _ _ _ _ _ _ _ _ _ _ _ _ _ 

    def archives():
        try:
            return importlib.import_module("cloud_edge_robot_arm.datasets.external.archives")
        except ModuleNotFoundError:
>           pytest.fail("外部 RGB-D 安全解压尚未实现")
E           Failed: 外部 RGB-D 安全解压尚未实现

tests/test_external_rgbd_archives.py:18: Failed
_____________ test_missing_or_unordered_numeric_parts_are_rejected _____________

    def archives():
        try:
>           return importlib.import_module("cloud_edge_robot_arm.datasets.external.archives")
                   ^^^^^^^^^^^^^^^^^^^^^^^^^^^^^^^^^^^^^^^^^^^^^^^^^^^^^^^^^^^^^^^^^^^^^^^^^^

tests/test_external_rgbd_archives.py:16: 
_ _ _ _ _ _ _ _ _ _ _ _ _ _ _ _ _ _ _ _ _ _ _ _ _ _ _ _ _ _ _ _ _ _ _ _ _ _ _ _ 
/usr/lib/python3.12/importlib/__init__.py:90: in import_module
    return _bootstrap._gcd_import(name[level:], package, level)
           ^^^^^^^^^^^^^^^^^^^^^^^^^^^^^^^^^^^^^^^^^^^^^^^^^^^^
<frozen importlib._bootstrap>:1387: in _gcd_import
    ???
<frozen importlib._bootstrap>:1360: in _find_and_load
    ???
_ _ _ _ _ _ _ _ _ _ _ _ _ _ _ _ _ _ _ _ _ _ _ _ _ _ _ _ _ _ _ _ _ _ _ _ _ _ _ _ 

name = 'cloud_edge_robot_arm.datasets.external.archives'
import_ = <function _gcd_import at 0x7dbcb4f280e0>

>   ???
E   ModuleNotFoundError: No module named 'cloud_edge_robot_arm.datasets.external.archives'

<frozen importlib._bootstrap>:1324: ModuleNotFoundError

During handling of the above exception, another exception occurred:

tmp_path = PosixPath('/tmp/pytest-of-ningyd/pytest-130/test_missing_or_unordered_nume0')

    def test_missing_or_unordered_numeric_parts_are_rejected(tmp_path):
        first = tmp_path / "scenes.7z.001"
        third = tmp_path / "scenes.7z.003"
        first.write_bytes(b"part")
        third.write_bytes(b"part")
        for paths in ([first, third], [third, first]):
            with pytest.raises(ValueError, match="part|order"):
>               archives().inspect_archive(paths)
                ^^^^^^^^^^

tests/test_external_rgbd_archives.py:89: 
_ _ _ _ _ _ _ _ _ _ _ _ _ _ _ _ _ _ _ _ _ _ _ _ _ _ _ _ _ _ _ _ _ _ _ _ _ _ _ _ 

    def archives():
        try:
            return importlib.import_module("cloud_edge_robot_arm.datasets.external.archives")
        except ModuleNotFoundError:
>           pytest.fail("外部 RGB-D 安全解压尚未实现")
E           Failed: 外部 RGB-D 安全解压尚未实现

tests/test_external_rgbd_archives.py:18: Failed
_________________ test_missing_split_tar_part_is_not_deployed __________________

    def archives():
        try:
>           return importlib.import_module("cloud_edge_robot_arm.datasets.external.archives")
                   ^^^^^^^^^^^^^^^^^^^^^^^^^^^^^^^^^^^^^^^^^^^^^^^^^^^^^^^^^^^^^^^^^^^^^^^^^^

tests/test_external_rgbd_archives.py:16: 
_ _ _ _ _ _ _ _ _ _ _ _ _ _ _ _ _ _ _ _ _ _ _ _ _ _ _ _ _ _ _ _ _ _ _ _ _ _ _ _ 
/usr/lib/python3.12/importlib/__init__.py:90: in import_module
    return _bootstrap._gcd_import(name[level:], package, level)
           ^^^^^^^^^^^^^^^^^^^^^^^^^^^^^^^^^^^^^^^^^^^^^^^^^^^^
<frozen importlib._bootstrap>:1387: in _gcd_import
    ???
<frozen importlib._bootstrap>:1360: in _find_and_load
    ???
_ _ _ _ _ _ _ _ _ _ _ _ _ _ _ _ _ _ _ _ _ _ _ _ _ _ _ _ _ _ _ _ _ _ _ _ _ _ _ _ 

name = 'cloud_edge_robot_arm.datasets.external.archives'
import_ = <function _gcd_import at 0x7dbcb4f280e0>

>   ???
E   ModuleNotFoundError: No module named 'cloud_edge_robot_arm.datasets.external.archives'

<frozen importlib._bootstrap>:1324: ModuleNotFoundError

During handling of the above exception, another exception occurred:

tmp_path = PosixPath('/tmp/pytest-of-ningyd/pytest-130/test_missing_split_tar_part_is0')

    def test_missing_split_tar_part_is_not_deployed(tmp_path):
        first = tmp_path / "franka.tar.gz.partaa"
        third = tmp_path / "franka.tar.gz.partac"
        first.write_bytes(b"part")
        third.write_bytes(b"part")
        with pytest.raises(ValueError, match="part"):
>           archives().inspect_archive([first, third])
            ^^^^^^^^^^

tests/test_external_rgbd_archives.py:98: 
_ _ _ _ _ _ _ _ _ _ _ _ _ _ _ _ _ _ _ _ _ _ _ _ _ _ _ _ _ _ _ _ _ _ _ _ _ _ _ _ 

    def archives():
        try:
            return importlib.import_module("cloud_edge_robot_arm.datasets.external.archives")
        except ModuleNotFoundError:
>           pytest.fail("外部 RGB-D 安全解压尚未实现")
E           Failed: 外部 RGB-D 安全解压尚未实现

tests/test_external_rgbd_archives.py:18: Failed
__________ test_split_tar_stream_is_read_without_joined_archive_copy ___________

    def archives():
        try:
>           return importlib.import_module("cloud_edge_robot_arm.datasets.external.archives")
                   ^^^^^^^^^^^^^^^^^^^^^^^^^^^^^^^^^^^^^^^^^^^^^^^^^^^^^^^^^^^^^^^^^^^^^^^^^^

tests/test_external_rgbd_archives.py:16: 
_ _ _ _ _ _ _ _ _ _ _ _ _ _ _ _ _ _ _ _ _ _ _ _ _ _ _ _ _ _ _ _ _ _ _ _ _ _ _ _ 
/usr/lib/python3.12/importlib/__init__.py:90: in import_module
    return _bootstrap._gcd_import(name[level:], package, level)
           ^^^^^^^^^^^^^^^^^^^^^^^^^^^^^^^^^^^^^^^^^^^^^^^^^^^^
<frozen importlib._bootstrap>:1387: in _gcd_import
    ???
<frozen importlib._bootstrap>:1360: in _find_and_load
    ???
_ _ _ _ _ _ _ _ _ _ _ _ _ _ _ _ _ _ _ _ _ _ _ _ _ _ _ _ _ _ _ _ _ _ _ _ _ _ _ _ 

name = 'cloud_edge_robot_arm.datasets.external.archives'
import_ = <function _gcd_import at 0x7dbcb4f280e0>

>   ???
E   ModuleNotFoundError: No module named 'cloud_edge_robot_arm.datasets.external.archives'

<frozen importlib._bootstrap>:1324: ModuleNotFoundError

During handling of the above exception, another exception occurred:

tmp_path = PosixPath('/tmp/pytest-of-ningyd/pytest-130/test_split_tar_stream_is_read_0')

    def test_split_tar_stream_is_read_without_joined_archive_copy(tmp_path):
>       mod = archives()
              ^^^^^^^^^^

tests/test_external_rgbd_archives.py:102: 
_ _ _ _ _ _ _ _ _ _ _ _ _ _ _ _ _ _ _ _ _ _ _ _ _ _ _ _ _ _ _ _ _ _ _ _ _ _ _ _ 

    def archives():
        try:
            return importlib.import_module("cloud_edge_robot_arm.datasets.external.archives")
        except ModuleNotFoundError:
>           pytest.fail("外部 RGB-D 安全解压尚未实现")
E           Failed: 外部 RGB-D 安全解压尚未实现

tests/test_external_rgbd_archives.py:18: Failed
________ test_multivolume_7z_selected_members_are_tested_and_extracted _________

    def archives():
        try:
>           return importlib.import_module("cloud_edge_robot_arm.datasets.external.archives")
                   ^^^^^^^^^^^^^^^^^^^^^^^^^^^^^^^^^^^^^^^^^^^^^^^^^^^^^^^^^^^^^^^^^^^^^^^^^^

tests/test_external_rgbd_archives.py:16: 
_ _ _ _ _ _ _ _ _ _ _ _ _ _ _ _ _ _ _ _ _ _ _ _ _ _ _ _ _ _ _ _ _ _ _ _ _ _ _ _ 
/usr/lib/python3.12/importlib/__init__.py:90: in import_module
    return _bootstrap._gcd_import(name[level:], package, level)
           ^^^^^^^^^^^^^^^^^^^^^^^^^^^^^^^^^^^^^^^^^^^^^^^^^^^^
<frozen importlib._bootstrap>:1387: in _gcd_import
    ???
<frozen importlib._bootstrap>:1360: in _find_and_load
    ???
_ _ _ _ _ _ _ _ _ _ _ _ _ _ _ _ _ _ _ _ _ _ _ _ _ _ _ _ _ _ _ _ _ _ _ _ _ _ _ _ 

name = 'cloud_edge_robot_arm.datasets.external.archives'
import_ = <function _gcd_import at 0x7dbcb4f280e0>

>   ???
E   ModuleNotFoundError: No module named 'cloud_edge_robot_arm.datasets.external.archives'

<frozen importlib._bootstrap>:1324: ModuleNotFoundError

During handling of the above exception, another exception occurred:

tmp_path = PosixPath('/tmp/pytest-of-ningyd/pytest-130/test_multivolume_7z_selected_m0')

    def test_multivolume_7z_selected_members_are_tested_and_extracted(tmp_path):
        import multivolumefile
        import py7zr
    
>       mod = archives()
              ^^^^^^^^^^

tests/test_external_rgbd_archives.py:121: 
_ _ _ _ _ _ _ _ _ _ _ _ _ _ _ _ _ _ _ _ _ _ _ _ _ _ _ _ _ _ _ _ _ _ _ _ _ _ _ _ 

    def archives():
        try:
            return importlib.import_module("cloud_edge_robot_arm.datasets.external.archives")
        except ModuleNotFoundError:
>           pytest.fail("外部 RGB-D 安全解压尚未实现")
E           Failed: 外部 RGB-D 安全解压尚未实现

tests/test_external_rgbd_archives.py:18: Failed
_______________ test_half_extracted_destination_is_never_reused ________________

    def archives():
        try:
>           return importlib.import_module("cloud_edge_robot_arm.datasets.external.archives")
                   ^^^^^^^^^^^^^^^^^^^^^^^^^^^^^^^^^^^^^^^^^^^^^^^^^^^^^^^^^^^^^^^^^^^^^^^^^^

tests/test_external_rgbd_archives.py:16: 
_ _ _ _ _ _ _ _ _ _ _ _ _ _ _ _ _ _ _ _ _ _ _ _ _ _ _ _ _ _ _ _ _ _ _ _ _ _ _ _ 
/usr/lib/python3.12/importlib/__init__.py:90: in import_module
    return _bootstrap._gcd_import(name[level:], package, level)
           ^^^^^^^^^^^^^^^^^^^^^^^^^^^^^^^^^^^^^^^^^^^^^^^^^^^^
<frozen importlib._bootstrap>:1387: in _gcd_import
    ???
<frozen importlib._bootstrap>:1360: in _find_and_load
    ???
_ _ _ _ _ _ _ _ _ _ _ _ _ _ _ _ _ _ _ _ _ _ _ _ _ _ _ _ _ _ _ _ _ _ _ _ _ _ _ _ 

name = 'cloud_edge_robot_arm.datasets.external.archives'
import_ = <function _gcd_import at 0x7dbcb4f280e0>

>   ???
E   ModuleNotFoundError: No module named 'cloud_edge_robot_arm.datasets.external.archives'

<frozen importlib._bootstrap>:1324: ModuleNotFoundError

During handling of the above exception, another exception occurred:

tmp_path = PosixPath('/tmp/pytest-of-ningyd/pytest-130/test_half_extracted_destinatio0')

    def test_half_extracted_destination_is_never_reused(tmp_path):
        path = make_tar(tmp_path)
        destination = tmp_path / "raw"
        destination.mkdir()
        (destination / "partial").write_bytes(b"incomplete")
        with pytest.raises(RuntimeError, match="INCOMPLETE"):
>           archives().extract_archive([path], destination, minimum_free_bytes=0)
            ^^^^^^^^^^

tests/test_external_rgbd_archives.py:146: 
_ _ _ _ _ _ _ _ _ _ _ _ _ _ _ _ _ _ _ _ _ _ _ _ _ _ _ _ _ _ _ _ _ _ _ _ _ _ _ _ 

    def archives():
        try:
            return importlib.import_module("cloud_edge_robot_arm.datasets.external.archives")
        except ModuleNotFoundError:
>           pytest.fail("外部 RGB-D 安全解压尚未实现")
E           Failed: 外部 RGB-D 安全解压尚未实现

tests/test_external_rgbd_archives.py:18: Failed
_______________ test_corrupted_published_member_cannot_be_reused _______________

    def archives():
        try:
>           return importlib.import_module("cloud_edge_robot_arm.datasets.external.archives")
                   ^^^^^^^^^^^^^^^^^^^^^^^^^^^^^^^^^^^^^^^^^^^^^^^^^^^^^^^^^^^^^^^^^^^^^^^^^^

tests/test_external_rgbd_archives.py:16: 
_ _ _ _ _ _ _ _ _ _ _ _ _ _ _ _ _ _ _ _ _ _ _ _ _ _ _ _ _ _ _ _ _ _ _ _ _ _ _ _ 
/usr/lib/python3.12/importlib/__init__.py:90: in import_module
    return _bootstrap._gcd_import(name[level:], package, level)
           ^^^^^^^^^^^^^^^^^^^^^^^^^^^^^^^^^^^^^^^^^^^^^^^^^^^^
<frozen importlib._bootstrap>:1387: in _gcd_import
    ???
<frozen importlib._bootstrap>:1360: in _find_and_load
    ???
_ _ _ _ _ _ _ _ _ _ _ _ _ _ _ _ _ _ _ _ _ _ _ _ _ _ _ _ _ _ _ _ _ _ _ _ _ _ _ _ 

name = 'cloud_edge_robot_arm.datasets.external.archives'
import_ = <function _gcd_import at 0x7dbcb4f280e0>

>   ???
E   ModuleNotFoundError: No module named 'cloud_edge_robot_arm.datasets.external.archives'

<frozen importlib._bootstrap>:1324: ModuleNotFoundError

During handling of the above exception, another exception occurred:

tmp_path = PosixPath('/tmp/pytest-of-ningyd/pytest-130/test_corrupted_published_membe0')

    def test_corrupted_published_member_cannot_be_reused(tmp_path):
>       mod = archives()
              ^^^^^^^^^^

tests/test_external_rgbd_archives.py:151: 
_ _ _ _ _ _ _ _ _ _ _ _ _ _ _ _ _ _ _ _ _ _ _ _ _ _ _ _ _ _ _ _ _ _ _ _ _ _ _ _ 

    def archives():
        try:
            return importlib.import_module("cloud_edge_robot_arm.datasets.external.archives")
        except ModuleNotFoundError:
>           pytest.fail("外部 RGB-D 安全解压尚未实现")
E           Failed: 外部 RGB-D 安全解压尚未实现

tests/test_external_rgbd_archives.py:18: Failed
____________ test_reserve_gate_prevents_partial_public_destination _____________

    def archives():
        try:
>           return importlib.import_module("cloud_edge_robot_arm.datasets.external.archives")
                   ^^^^^^^^^^^^^^^^^^^^^^^^^^^^^^^^^^^^^^^^^^^^^^^^^^^^^^^^^^^^^^^^^^^^^^^^^^

tests/test_external_rgbd_archives.py:16: 
_ _ _ _ _ _ _ _ _ _ _ _ _ _ _ _ _ _ _ _ _ _ _ _ _ _ _ _ _ _ _ _ _ _ _ _ _ _ _ _ 
/usr/lib/python3.12/importlib/__init__.py:90: in import_module
    return _bootstrap._gcd_import(name[level:], package, level)
           ^^^^^^^^^^^^^^^^^^^^^^^^^^^^^^^^^^^^^^^^^^^^^^^^^^^^
<frozen importlib._bootstrap>:1387: in _gcd_import
    ???
<frozen importlib._bootstrap>:1360: in _find_and_load
    ???
_ _ _ _ _ _ _ _ _ _ _ _ _ _ _ _ _ _ _ _ _ _ _ _ _ _ _ _ _ _ _ _ _ _ _ _ _ _ _ _ 

name = 'cloud_edge_robot_arm.datasets.external.archives'
import_ = <function _gcd_import at 0x7dbcb4f280e0>

>   ???
E   ModuleNotFoundError: No module named 'cloud_edge_robot_arm.datasets.external.archives'

<frozen importlib._bootstrap>:1324: ModuleNotFoundError

During handling of the above exception, another exception occurred:

tmp_path = PosixPath('/tmp/pytest-of-ningyd/pytest-130/test_reserve_gate_prevents_par0')
monkeypatch = <_pytest.monkeypatch.MonkeyPatch object at 0x7dbcb2a65eb0>

    def test_reserve_gate_prevents_partial_public_destination(tmp_path, monkeypatch):
>       mod = archives()
              ^^^^^^^^^^

tests/test_external_rgbd_archives.py:161: 
_ _ _ _ _ _ _ _ _ _ _ _ _ _ _ _ _ _ _ _ _ _ _ _ _ _ _ _ _ _ _ _ _ _ _ _ _ _ _ _ 

    def archives():
        try:
            return importlib.import_module("cloud_edge_robot_arm.datasets.external.archives")
        except ModuleNotFoundError:
>           pytest.fail("外部 RGB-D 安全解压尚未实现")
E           Failed: 外部 RGB-D 安全解压尚未实现

tests/test_external_rgbd_archives.py:18: Failed
__________ test_unselected_unsafe_entry_cannot_hide_behind_selection ___________

    def archives():
        try:
>           return importlib.import_module("cloud_edge_robot_arm.datasets.external.archives")
                   ^^^^^^^^^^^^^^^^^^^^^^^^^^^^^^^^^^^^^^^^^^^^^^^^^^^^^^^^^^^^^^^^^^^^^^^^^^

tests/test_external_rgbd_archives.py:16: 
_ _ _ _ _ _ _ _ _ _ _ _ _ _ _ _ _ _ _ _ _ _ _ _ _ _ _ _ _ _ _ _ _ _ _ _ _ _ _ _ 
/usr/lib/python3.12/importlib/__init__.py:90: in import_module
    return _bootstrap._gcd_import(name[level:], package, level)
           ^^^^^^^^^^^^^^^^^^^^^^^^^^^^^^^^^^^^^^^^^^^^^^^^^^^^
<frozen importlib._bootstrap>:1387: in _gcd_import
    ???
<frozen importlib._bootstrap>:1360: in _find_and_load
    ???
_ _ _ _ _ _ _ _ _ _ _ _ _ _ _ _ _ _ _ _ _ _ _ _ _ _ _ _ _ _ _ _ _ _ _ _ _ _ _ _ 

name = 'cloud_edge_robot_arm.datasets.external.archives'
import_ = <function _gcd_import at 0x7dbcb4f280e0>

>   ???
E   ModuleNotFoundError: No module named 'cloud_edge_robot_arm.datasets.external.archives'

<frozen importlib._bootstrap>:1324: ModuleNotFoundError

During handling of the above exception, another exception occurred:

tmp_path = PosixPath('/tmp/pytest-of-ningyd/pytest-130/test_unselected_unsafe_entry_c0')

    def test_unselected_unsafe_entry_cannot_hide_behind_selection(tmp_path):
        path = make_tar(tmp_path, names=("scene_0001/rgb/a.png", "../escape"))
        with pytest.raises(ValueError, match="path"):
>           archives().extract_archive(
            ^^^^^^^^^^
                [path], tmp_path / "raw", selected_members=["scene_0001/"], minimum_free_bytes=0
            )

tests/test_external_rgbd_archives.py:172: 
_ _ _ _ _ _ _ _ _ _ _ _ _ _ _ _ _ _ _ _ _ _ _ _ _ _ _ _ _ _ _ _ _ _ _ _ _ _ _ _ 

    def archives():
        try:
            return importlib.import_module("cloud_edge_robot_arm.datasets.external.archives")
        except ModuleNotFoundError:
>           pytest.fail("外部 RGB-D 安全解压尚未实现")
E           Failed: 外部 RGB-D 安全解压尚未实现

tests/test_external_rgbd_archives.py:18: Failed
=========================== short test summary info ============================
FAILED tests/test_external_rgbd_transfer.py::test_plan_blocks_download_budget_before_network
FAILED tests/test_external_rgbd_transfer.py::test_unknown_archive_expansion_is_marked_estimated_and_gated
FAILED tests/test_external_rgbd_transfer.py::test_hf_requires_full_commit_sha[main]
FAILED tests/test_external_rgbd_transfer.py::test_hf_requires_full_commit_sha[latest]
FAILED tests/test_external_rgbd_transfer.py::test_hf_requires_full_commit_sha[abcdef0]
FAILED tests/test_external_rgbd_transfer.py::test_hf_requires_full_commit_sha[../escape]
FAILED tests/test_external_rgbd_transfer.py::test_plan_rejects_unsafe_download_paths[../outside]
FAILED tests/test_external_rgbd_transfer.py::test_plan_rejects_unsafe_download_paths[/absolute]
FAILED tests/test_external_rgbd_transfer.py::test_plan_rejects_unsafe_download_paths[C:/escape]
FAILED tests/test_external_rgbd_transfer.py::test_plan_rejects_unsafe_download_paths[x\\y]
FAILED tests/test_external_rgbd_transfer.py::test_plan_rejects_unsafe_download_paths[.cache/x]
FAILED tests/test_external_rgbd_transfer.py::test_hash_file_streams_and_matches_known_digest
FAILED tests/test_external_rgbd_transfer.py::test_hf_retries_then_reuses_only_version_and_hash_bound_file
FAILED tests/test_external_rgbd_transfer.py::test_known_upstream_digest_failure_never_becomes_reusable
FAILED tests/test_external_rgbd_transfer.py::test_immutable_size_is_checked_after_download
FAILED tests/test_external_rgbd_transfer.py::test_failed_download_has_finite_retries_and_sanitized_error
FAILED tests/test_external_rgbd_transfer.py::test_modelscope_partial_resume_survives_interruption_and_binds_revision
FAILED tests/test_external_rgbd_transfer.py::test_modelscope_ignoring_range_restarts_without_appending
FAILED tests/test_external_rgbd_transfer.py::test_actual_retry_network_bytes_cannot_exceed_total_budget
FAILED tests/test_external_rgbd_transfer.py::test_ongoing_disk_reserve_blocks_http_body_write
FAILED tests/test_external_rgbd_archives.py::test_tar_selection_is_atomic_and_marker_binds_hashes_and_members
FAILED tests/test_external_rgbd_archives.py::test_path_traversal_is_rejected_before_any_public_output[../escape]
FAILED tests/test_external_rgbd_archives.py::test_path_traversal_is_rejected_before_any_public_output[/escape]
FAILED tests/test_external_rgbd_archives.py::test_path_traversal_is_rejected_before_any_public_output[C:/escape]
FAILED tests/test_external_rgbd_archives.py::test_path_traversal_is_rejected_before_any_public_output[safe/../../escape]
FAILED tests/test_external_rgbd_archives.py::test_path_traversal_is_rejected_before_any_public_output[x\\escape]
FAILED tests/test_external_rgbd_archives.py::test_links_and_special_archive_members_are_rejected[2]
FAILED tests/test_external_rgbd_archives.py::test_links_and_special_archive_members_are_rejected[1]
FAILED tests/test_external_rgbd_archives.py::test_links_and_special_archive_members_are_rejected[3]
FAILED tests/test_external_rgbd_archives.py::test_links_and_special_archive_members_are_rejected[6]
FAILED tests/test_external_rgbd_archives.py::test_listing_reports_real_expansion_and_rejects_expansion_cap
FAILED tests/test_external_rgbd_archives.py::test_missing_or_unordered_numeric_parts_are_rejected
FAILED tests/test_external_rgbd_archives.py::test_missing_split_tar_part_is_not_deployed
FAILED tests/test_external_rgbd_archives.py::test_split_tar_stream_is_read_without_joined_archive_copy
FAILED tests/test_external_rgbd_archives.py::test_multivolume_7z_selected_members_are_tested_and_extracted
FAILED tests/test_external_rgbd_archives.py::test_half_extracted_destination_is_never_reused
FAILED tests/test_external_rgbd_archives.py::test_corrupted_published_member_cannot_be_reused
FAILED tests/test_external_rgbd_archives.py::test_reserve_gate_prevents_partial_public_destination
FAILED tests/test_external_rgbd_archives.py::test_unselected_unsafe_entry_cannot_hide_behind_selection
39 failed in 0.39s
