FF                                                                       [100%]
=================================== FAILURES ===================================
_____________ test_replay_binds_robot_facts_clock_and_calibration ______________

    def test_replay_binds_robot_facts_clock_and_calibration():
        from cloud_edge_robot_arm.edge.evidence.conditions import ConditionSpec
        online = online_evidence()
>       value = api().Opportunity("frozen", "episode", online.observation,
            contract(preconditions=(ConditionSpec("gripper_open", sensor_requirements=("robot_state",)),)),
            "VALID", replay_at=NOW, replay_calibration_version="cal-1", online_evidence=online)
E       TypeError: Opportunity.__init__() got an unexpected keyword argument 'replay_at'

tests/test_fixed_opportunity_replay.py:105: TypeError
_________ test_invalid_verdict_or_method_cannot_silently_count_as_zero _________

    def test_invalid_verdict_or_method_cannot_silently_count_as_zero():
        from cloud_edge_robot_arm.edge.evidence.models import EvidenceVerdict
>       with pytest.raises(ValueError, match="status"):
E       Failed: DID NOT RAISE <class 'ValueError'>

tests/test_fixed_opportunity_replay.py:125: Failed
=========================== short test summary info ============================
FAILED tests/test_fixed_opportunity_replay.py::test_replay_binds_robot_facts_clock_and_calibration
FAILED tests/test_fixed_opportunity_replay.py::test_invalid_verdict_or_method_cannot_silently_count_as_zero
2 failed, 4 deselected in 0.26s
