FFFFFFFFFFF                                                              [100%]
=================================== FAILURES ===================================
_____ test_public_carrier_cannot_retain_arbitrary_mutable_payload_provider _____

    def test_public_carrier_cannot_retain_arbitrary_mutable_payload_provider():
        result = build()
    
        class MutablePayload:
            def __init__(self):
                self.value = "first"
    
            def to_payload(self):
                return {"value": self.value}
    
        fake = MutablePayload()
>       with pytest.raises(ValueError):
E       Failed: DID NOT RAISE <class 'ValueError'>

tests/test_conditional_repair_intent.py:247: Failed
_ test_public_carrier_revalidates_complete_source_and_preserved_payload[binding_hash-bad] _

field = 'binding_hash', value = 'bad'

    @pytest.mark.parametrize(
        "field,value",
        [
            ("binding_hash", "bad"),
            ("original_plan_hash", None),
            ("source_checkpoint_hash", ""),
            ("observation_id", ""),
            ("observation_checksum_sha256", "bad"),
            ("replacements", []),
            ("_preserved_steps_json", '{"x":{},"x":{}}'),
            ("_preserved_steps_json", '{"x":{"unexpected":NaN}}'),
            ("_preserved_steps_json", '{"x":{"step_id":"x","skill":"LIFT"}}'),
        ],
    )
    def test_public_carrier_revalidates_complete_source_and_preserved_payload(field, value):
>       with pytest.raises(ValueError):
E       Failed: DID NOT RAISE <class 'ValueError'>

tests/test_conditional_repair_intent.py:266: Failed
_ test_public_carrier_revalidates_complete_source_and_preserved_payload[original_plan_hash-None] _

field = 'original_plan_hash', value = None

    @pytest.mark.parametrize(
        "field,value",
        [
            ("binding_hash", "bad"),
            ("original_plan_hash", None),
            ("source_checkpoint_hash", ""),
            ("observation_id", ""),
            ("observation_checksum_sha256", "bad"),
            ("replacements", []),
            ("_preserved_steps_json", '{"x":{},"x":{}}'),
            ("_preserved_steps_json", '{"x":{"unexpected":NaN}}'),
            ("_preserved_steps_json", '{"x":{"step_id":"x","skill":"LIFT"}}'),
        ],
    )
    def test_public_carrier_revalidates_complete_source_and_preserved_payload(field, value):
>       with pytest.raises(ValueError):
E       Failed: DID NOT RAISE <class 'ValueError'>

tests/test_conditional_repair_intent.py:266: Failed
_ test_public_carrier_revalidates_complete_source_and_preserved_payload[source_checkpoint_hash-] _

field = 'source_checkpoint_hash', value = ''

    @pytest.mark.parametrize(
        "field,value",
        [
            ("binding_hash", "bad"),
            ("original_plan_hash", None),
            ("source_checkpoint_hash", ""),
            ("observation_id", ""),
            ("observation_checksum_sha256", "bad"),
            ("replacements", []),
            ("_preserved_steps_json", '{"x":{},"x":{}}'),
            ("_preserved_steps_json", '{"x":{"unexpected":NaN}}'),
            ("_preserved_steps_json", '{"x":{"step_id":"x","skill":"LIFT"}}'),
        ],
    )
    def test_public_carrier_revalidates_complete_source_and_preserved_payload(field, value):
>       with pytest.raises(ValueError):
E       Failed: DID NOT RAISE <class 'ValueError'>

tests/test_conditional_repair_intent.py:266: Failed
_ test_public_carrier_revalidates_complete_source_and_preserved_payload[observation_id-] _

field = 'observation_id', value = ''

    @pytest.mark.parametrize(
        "field,value",
        [
            ("binding_hash", "bad"),
            ("original_plan_hash", None),
            ("source_checkpoint_hash", ""),
            ("observation_id", ""),
            ("observation_checksum_sha256", "bad"),
            ("replacements", []),
            ("_preserved_steps_json", '{"x":{},"x":{}}'),
            ("_preserved_steps_json", '{"x":{"unexpected":NaN}}'),
            ("_preserved_steps_json", '{"x":{"step_id":"x","skill":"LIFT"}}'),
        ],
    )
    def test_public_carrier_revalidates_complete_source_and_preserved_payload(field, value):
>       with pytest.raises(ValueError):
E       Failed: DID NOT RAISE <class 'ValueError'>

tests/test_conditional_repair_intent.py:266: Failed
_ test_public_carrier_revalidates_complete_source_and_preserved_payload[observation_checksum_sha256-bad] _

field = 'observation_checksum_sha256', value = 'bad'

    @pytest.mark.parametrize(
        "field,value",
        [
            ("binding_hash", "bad"),
            ("original_plan_hash", None),
            ("source_checkpoint_hash", ""),
            ("observation_id", ""),
            ("observation_checksum_sha256", "bad"),
            ("replacements", []),
            ("_preserved_steps_json", '{"x":{},"x":{}}'),
            ("_preserved_steps_json", '{"x":{"unexpected":NaN}}'),
            ("_preserved_steps_json", '{"x":{"step_id":"x","skill":"LIFT"}}'),
        ],
    )
    def test_public_carrier_revalidates_complete_source_and_preserved_payload(field, value):
>       with pytest.raises(ValueError):
E       Failed: DID NOT RAISE <class 'ValueError'>

tests/test_conditional_repair_intent.py:266: Failed
_ test_public_carrier_revalidates_complete_source_and_preserved_payload[replacements-value5] _

field = 'replacements', value = []

    @pytest.mark.parametrize(
        "field,value",
        [
            ("binding_hash", "bad"),
            ("original_plan_hash", None),
            ("source_checkpoint_hash", ""),
            ("observation_id", ""),
            ("observation_checksum_sha256", "bad"),
            ("replacements", []),
            ("_preserved_steps_json", '{"x":{},"x":{}}'),
            ("_preserved_steps_json", '{"x":{"unexpected":NaN}}'),
            ("_preserved_steps_json", '{"x":{"step_id":"x","skill":"LIFT"}}'),
        ],
    )
    def test_public_carrier_revalidates_complete_source_and_preserved_payload(field, value):
>       with pytest.raises(ValueError):
E       Failed: DID NOT RAISE <class 'ValueError'>

tests/test_conditional_repair_intent.py:266: Failed
_ test_public_carrier_revalidates_complete_source_and_preserved_payload[_preserved_steps_json-{"x":{},"x":{}}] _

field = '_preserved_steps_json', value = '{"x":{},"x":{}}'

    @pytest.mark.parametrize(
        "field,value",
        [
            ("binding_hash", "bad"),
            ("original_plan_hash", None),
            ("source_checkpoint_hash", ""),
            ("observation_id", ""),
            ("observation_checksum_sha256", "bad"),
            ("replacements", []),
            ("_preserved_steps_json", '{"x":{},"x":{}}'),
            ("_preserved_steps_json", '{"x":{"unexpected":NaN}}'),
            ("_preserved_steps_json", '{"x":{"step_id":"x","skill":"LIFT"}}'),
        ],
    )
    def test_public_carrier_revalidates_complete_source_and_preserved_payload(field, value):
>       with pytest.raises(ValueError):
E       Failed: DID NOT RAISE <class 'ValueError'>

tests/test_conditional_repair_intent.py:266: Failed
_ test_public_carrier_revalidates_complete_source_and_preserved_payload[_preserved_steps_json-{"x":{"unexpected":NaN}}] _

field = '_preserved_steps_json', value = '{"x":{"unexpected":NaN}}'

    @pytest.mark.parametrize(
        "field,value",
        [
            ("binding_hash", "bad"),
            ("original_plan_hash", None),
            ("source_checkpoint_hash", ""),
            ("observation_id", ""),
            ("observation_checksum_sha256", "bad"),
            ("replacements", []),
            ("_preserved_steps_json", '{"x":{},"x":{}}'),
            ("_preserved_steps_json", '{"x":{"unexpected":NaN}}'),
            ("_preserved_steps_json", '{"x":{"step_id":"x","skill":"LIFT"}}'),
        ],
    )
    def test_public_carrier_revalidates_complete_source_and_preserved_payload(field, value):
>       with pytest.raises(ValueError):
E       Failed: DID NOT RAISE <class 'ValueError'>

tests/test_conditional_repair_intent.py:266: Failed
_ test_public_carrier_revalidates_complete_source_and_preserved_payload[_preserved_steps_json-{"x":{"step_id":"x","skill":"LIFT"}}] _

field = '_preserved_steps_json', value = '{"x":{"step_id":"x","skill":"LIFT"}}'

    @pytest.mark.parametrize(
        "field,value",
        [
            ("binding_hash", "bad"),
            ("original_plan_hash", None),
            ("source_checkpoint_hash", ""),
            ("observation_id", ""),
            ("observation_checksum_sha256", "bad"),
            ("replacements", []),
            ("_preserved_steps_json", '{"x":{},"x":{}}'),
            ("_preserved_steps_json", '{"x":{"unexpected":NaN}}'),
            ("_preserved_steps_json", '{"x":{"step_id":"x","skill":"LIFT"}}'),
        ],
    )
    def test_public_carrier_revalidates_complete_source_and_preserved_payload(field, value):
>       with pytest.raises(ValueError):
E       Failed: DID NOT RAISE <class 'ValueError'>

tests/test_conditional_repair_intent.py:266: Failed
____________ test_public_replacements_are_typed_detached_and_unique ____________

    def test_public_replacements_are_typed_detached_and_unique():
        result = build()
>       with pytest.raises(ValueError):
E       Failed: DID NOT RAISE <class 'ValueError'>

tests/test_conditional_repair_intent.py:272: Failed
=========================== short test summary info ============================
FAILED tests/test_conditional_repair_intent.py::test_public_carrier_cannot_retain_arbitrary_mutable_payload_provider
FAILED tests/test_conditional_repair_intent.py::test_public_carrier_revalidates_complete_source_and_preserved_payload[binding_hash-bad]
FAILED tests/test_conditional_repair_intent.py::test_public_carrier_revalidates_complete_source_and_preserved_payload[original_plan_hash-None]
FAILED tests/test_conditional_repair_intent.py::test_public_carrier_revalidates_complete_source_and_preserved_payload[source_checkpoint_hash-]
FAILED tests/test_conditional_repair_intent.py::test_public_carrier_revalidates_complete_source_and_preserved_payload[observation_id-]
FAILED tests/test_conditional_repair_intent.py::test_public_carrier_revalidates_complete_source_and_preserved_payload[observation_checksum_sha256-bad]
FAILED tests/test_conditional_repair_intent.py::test_public_carrier_revalidates_complete_source_and_preserved_payload[replacements-value5]
FAILED tests/test_conditional_repair_intent.py::test_public_carrier_revalidates_complete_source_and_preserved_payload[_preserved_steps_json-{"x":{},"x":{}}]
FAILED tests/test_conditional_repair_intent.py::test_public_carrier_revalidates_complete_source_and_preserved_payload[_preserved_steps_json-{"x":{"unexpected":NaN}}]
FAILED tests/test_conditional_repair_intent.py::test_public_carrier_revalidates_complete_source_and_preserved_payload[_preserved_steps_json-{"x":{"step_id":"x","skill":"LIFT"}}]
FAILED tests/test_conditional_repair_intent.py::test_public_replacements_are_typed_detached_and_unique
11 failed, 21 deselected in 0.61s
