E501 Line too long (103 > 100)
  --> src/cloud_edge_robot_arm/cloud/replanning/conditional_intent.py:95:101
   |
93 |             name, status, frame, reasons = row
94 |             if (
95 |                 any(not isinstance(value, str) or not value.strip() for value in (name, status, frame))
   |                                                                                                     ^^^
96 |                 or not isinstance(reasons, tuple | list)
97 |                 or any(not isinstance(reason, str) or not reason for reason in reasons)
   |

E501 Line too long (106 > 100)
   --> src/cloud_edge_robot_arm/cloud/replanning/conditional_intent.py:136:101
    |
134 |     def __post_init__(self) -> None:
135 |         for name in (
136 |             "binding_hash", "original_plan_hash", "source_checkpoint_hash", "observation_checksum_sha256",
    |                                                                                                     ^^^^^^
137 |         ):
138 |             _sha(getattr(self, name))
    |

E501 Line too long (101 > 100)
   --> src/cloud_edge_robot_arm/cloud/replanning/conditional_intent.py:141:101
    |
139 |         if not isinstance(self.observation_id, str) or not self.observation_id.strip():
140 |             raise ValueError("original observation identity required")
141 |         if not isinstance(self.replacements, tuple | list) or not 1 <= len(self.replacements) <= 100:
    |                                                                                                     ^
142 |             raise ValueError("nonempty bounded typed replacement sequence required")
143 |         copied = []
    |

E501 Line too long (136 > 100)
   --> src/cloud_edge_robot_arm/cloud/replanning/conditional_intent.py:177:101
    |
175 | …ntity or source types changed")
176 | …
177 | …son", json.dumps(validated, sort_keys=True, separators=(",", ":"), allow_nan=False))
    |                                                  ^^^^^^^^^^^^^^^^^^^^^^^^^^^^^^^^^^^^
178 | …
179 | …
    |

Found 4 errors.
