{"captured_step": 0, "sim_time_s": 0.0}
{"captured_step": 240, "sim_time_s": 1.0000000079999976}
{"captured_step": 480, "sim_time_s": 2.0000000159999947}
{"captured_step": 720, "sim_time_s": 3.000000024000045}
{"captured_step": 960, "sim_time_s": 4.000000032000095}
{"captured_step": 1200, "sim_time_s": 5.000000040000039}
{"captured_step": 1440, "sim_time_s": 6.000000047999983}
{"captured_step": 1680, "sim_time_s": 7.0000000559999265}
{"captured_step": 1920, "sim_time_s": 8.00000006399987}
{"captured_step": 2160, "sim_time_s": 9.000000071999814}
{"captured_step": 2400, "sim_time_s": 10.000000079999758}
{"captured_step": 2640, "sim_time_s": 11.000000087999702}
{"captured_step": 2880, "sim_time_s": 12.000000095999646}
{"captured_step": 3120, "sim_time_s": 13.00000010399959}
{"captured_step": 3360, "sim_time_s": 14.000000111999533}
{"captured_step": 3600, "sim_time_s": 15.000000119999477}
{"captured_step": 3840, "sim_time_s": 16.00000012799942}
{"captured_step": 4080, "sim_time_s": 17.00000013599979}
{"captured_step": 4320, "sim_time_s": 18.00000014400016}
{"captured_step": 4560, "sim_time_s": 19.00000015200053}
{"captured_step": 4800, "sim_time_s": 20.0000001600009}
{
  "scope": "EXCLUDED_SAME_COMPONENT_SPARSE_MARKER_V4_PILOT",
  "protocol": "research.custom-sparse-guarded-marker-v4.v1",
  "component": "t7b-continuous-visibility",
  "independent_calibration_group": false,
  "source_authenticity": "UNKNOWN",
  "execution_header_sha256": "d856dd0e1093278709239cb6e5cd312872b1f41dfd79d5d87a3b36b8de8e4213",
  "acquisition_allocated": 201,
  "acquisition_completed": 201,
  "acquisition_failed": 0,
  "acquisition_failure_journal_errors": [],
  "group_id": "dev-marker-v4-sparse-a2666fc2e569cb172c825653",
  "scene_hash": "a2666fc2e569cb172c8256531b964180794d71ce0b39766393eb7b115f94ab3a",
  "run_status": "COMPLETED_SINGLE_ATTEMPT",
  "wall_elapsed_s": 49.518431729,
  "counts": {
    "session_setup_capture_calls": 1,
    "bootstrap_capture_calls": 1,
    "teacher_boundary_capture_calls": 10,
    "cached_updates_suppressed": 765
  },
  "whole_step_capture_calls": 201,
  "action_begins": 9,
  "action_ends": 9,
  "action_failed": 0,
  "action_delegated": 9,
  "action_failure_journal_errors": [],
  "framed_actions": 9,
  "unframed_actions": 0,
  "nominal_journal_failure": null,
  "formal_accepted": false,
  "native_admission": "NOT_PROMOTED",
  "continuous_motion": "NOT_CERTIFIED",
  "future_stability": "UNAVAILABLE",
  "raw_v3_status": "CUSTOM_PROTOCOL_NOT_RAW_V3",
  "decoder_calls": 0
}
