{
  "status": "DONE",
  "datasets": [
    {
      "name": "smoke",
      "path": "datasets/rgbd-smoke-20261003",
      "status": "COMPLETE",
      "groups": 100,
      "attempts": 100,
      "positive_count": 35,
      "negative_count": 65,
      "split_counts": {
        "train": 80,
        "calibration": 5,
        "selection": 5,
        "test": 10
      },
      "duplicate_count": 0,
      "total_bytes": 116077282,
      "bytes_per_group": 1160772.82,
      "generation_wall_time_s": 56.084235323010944,
      "cli_wall_time_s": 56.55939523500274,
      "gpu_observed_peak_bytes": 162529280,
      "gpu_measurement_limitation": "sampling plus command latency can miss transient peaks",
      "source_hash": "2259e68d6e669840a96c496a4b6146fc35199fa5b6e759aa5a7f4454e37f94af",
      "content_hash": "e8fe6d8f2f4ae3701796f7162a396a367e4eca68d494ba1096bae04354ce7ed4",
      "raw_evidence_samples": 89,
      "target_colors": {
        "blue": 34,
        "red": 33,
        "yellow": 33
      },
      "distractor_counts": {
        "2": 23,
        "3": 27,
        "1": 30,
        "0": 20
      },
      "validation": "smoke-validate.json",
      "cli_audit": "smoke-cli-audit.json",
      "resources": "smoke-resources.json"
    },
    {
      "name": "validation",
      "path": "datasets/rgbd-validation-20261003",
      "status": "COMPLETE",
      "groups": 1000,
      "attempts": 1000,
      "positive_count": 301,
      "negative_count": 699,
      "split_counts": {
        "train": 800,
        "calibration": 50,
        "selection": 50,
        "test": 100
      },
      "duplicate_count": 0,
      "total_bytes": 1158966504,
      "bytes_per_group": 1158966.504,
      "generation_wall_time_s": 1331.885320336005,
      "cli_wall_time_s": 1332.6693576789985,
      "gpu_observed_peak_bytes": 162529280,
      "gpu_measurement_limitation": "sampling plus command latency can miss transient peaks",
      "source_hash": "2259e68d6e669840a96c496a4b6146fc35199fa5b6e759aa5a7f4454e37f94af",
      "content_hash": "2d94e8573eadc7a8c18168f1065250181d08a8e1db3af80e780660e0f9218cbf",
      "raw_evidence_samples": 891,
      "target_colors": {
        "red": 318,
        "blue": 357,
        "yellow": 325
      },
      "distractor_counts": {
        "3": 262,
        "2": 242,
        "1": 257,
        "0": 239
      },
      "validation": "validation-validate.json",
      "cli_audit": "validation-cli-audit.json",
      "resources": "validation-resources.json"
    }
  ]
}
