FFFF                                                                     [100%]
=================================== FAILURES ===================================
_________ test_sampler_reproducible_and_camera_variants_stay_in_group __________

    def test_sampler_reproducible_and_camera_variants_stay_in_group() -> None:
>       from cloud_edge_robot_arm.datasets.rgbd.scene_sampler import sample_scene
E       ModuleNotFoundError: No module named 'cloud_edge_robot_arm.datasets.rgbd.scene_sampler'

tests/test_rgbd_dataset_labels.py:12: ModuleNotFoundError
____________ test_capture_labels_use_real_instances_and_reuse_model ____________

    def test_capture_labels_use_real_instances_and_reuse_model() -> None:
>       from cloud_edge_robot_arm.datasets.rgbd.capture import OfflineSceneAdapter
E       ModuleNotFoundError: No module named 'cloud_edge_robot_arm.datasets.rgbd.capture'

tests/test_rgbd_dataset_labels.py:29: ModuleNotFoundError
________ test_depth_corruption_preserves_original_and_becomes_negative _________

    def test_depth_corruption_preserves_original_and_becomes_negative() -> None:
>       from cloud_edge_robot_arm.datasets.rgbd.capture import OfflineSceneAdapter
E       ModuleNotFoundError: No module named 'cloud_edge_robot_arm.datasets.rgbd.capture'

tests/test_rgbd_dataset_labels.py:66: ModuleNotFoundError
_________ test_capture_rejects_unsettled_scene_and_unknown_parameters __________

    def test_capture_rejects_unsettled_scene_and_unknown_parameters() -> None:
>       from cloud_edge_robot_arm.datasets.rgbd.capture import OfflineSceneAdapter
E       ModuleNotFoundError: No module named 'cloud_edge_robot_arm.datasets.rgbd.capture'

tests/test_rgbd_dataset_labels.py:90: ModuleNotFoundError
=========================== short test summary info ============================
FAILED tests/test_rgbd_dataset_labels.py::test_sampler_reproducible_and_camera_variants_stay_in_group
FAILED tests/test_rgbd_dataset_labels.py::test_capture_labels_use_real_instances_and_reuse_model
FAILED tests/test_rgbd_dataset_labels.py::test_depth_corruption_preserves_original_and_becomes_negative
FAILED tests/test_rgbd_dataset_labels.py::test_capture_rejects_unsettled_scene_and_unknown_parameters
4 failed in 0.22s
