FFFF                                                                     [100%]
=================================== FAILURES ===================================
___________ test_writer_requires_three_synchronized_passes[passes0] ____________

tmp_path = PosixPath('/tmp/pytest-of-ningyd/pytest-116/test_writer_requires_three_syn0')
passes = ()

    @pytest.mark.parametrize("passes", [(), ("state",), ("state",) * 2, ("state",) * 4])
    def test_writer_requires_three_synchronized_passes(tmp_path, passes):
        from dataclasses import replace
    
        from cloud_edge_robot_arm.datasets.rgbd.writer import DatasetWriter
    
        record = sample_record()
        record.captured_frame = replace(record.captured_frame, pass_state_hashes=passes)
>       writer = DatasetWriter(tmp_path, DatasetConfig(dataset_id="passes"))
                                         ^^^^^^^^^^^^^
E       NameError: name 'DatasetConfig' is not defined

tests/test_rgbd_dataset_integrity.py:412: NameError
___________ test_writer_requires_three_synchronized_passes[passes1] ____________

tmp_path = PosixPath('/tmp/pytest-of-ningyd/pytest-116/test_writer_requires_three_syn1')
passes = ('state',)

    @pytest.mark.parametrize("passes", [(), ("state",), ("state",) * 2, ("state",) * 4])
    def test_writer_requires_three_synchronized_passes(tmp_path, passes):
        from dataclasses import replace
    
        from cloud_edge_robot_arm.datasets.rgbd.writer import DatasetWriter
    
        record = sample_record()
        record.captured_frame = replace(record.captured_frame, pass_state_hashes=passes)
>       writer = DatasetWriter(tmp_path, DatasetConfig(dataset_id="passes"))
                                         ^^^^^^^^^^^^^
E       NameError: name 'DatasetConfig' is not defined

tests/test_rgbd_dataset_integrity.py:412: NameError
___________ test_writer_requires_three_synchronized_passes[passes2] ____________

tmp_path = PosixPath('/tmp/pytest-of-ningyd/pytest-116/test_writer_requires_three_syn2')
passes = ('state', 'state')

    @pytest.mark.parametrize("passes", [(), ("state",), ("state",) * 2, ("state",) * 4])
    def test_writer_requires_three_synchronized_passes(tmp_path, passes):
        from dataclasses import replace
    
        from cloud_edge_robot_arm.datasets.rgbd.writer import DatasetWriter
    
        record = sample_record()
        record.captured_frame = replace(record.captured_frame, pass_state_hashes=passes)
>       writer = DatasetWriter(tmp_path, DatasetConfig(dataset_id="passes"))
                                         ^^^^^^^^^^^^^
E       NameError: name 'DatasetConfig' is not defined

tests/test_rgbd_dataset_integrity.py:412: NameError
___________ test_writer_requires_three_synchronized_passes[passes3] ____________

tmp_path = PosixPath('/tmp/pytest-of-ningyd/pytest-116/test_writer_requires_three_syn3')
passes = ('state', 'state', 'state', 'state')

    @pytest.mark.parametrize("passes", [(), ("state",), ("state",) * 2, ("state",) * 4])
    def test_writer_requires_three_synchronized_passes(tmp_path, passes):
        from dataclasses import replace
    
        from cloud_edge_robot_arm.datasets.rgbd.writer import DatasetWriter
    
        record = sample_record()
        record.captured_frame = replace(record.captured_frame, pass_state_hashes=passes)
>       writer = DatasetWriter(tmp_path, DatasetConfig(dataset_id="passes"))
                                         ^^^^^^^^^^^^^
E       NameError: name 'DatasetConfig' is not defined

tests/test_rgbd_dataset_integrity.py:412: NameError
=========================== short test summary info ============================
FAILED tests/test_rgbd_dataset_integrity.py::test_writer_requires_three_synchronized_passes[passes0]
FAILED tests/test_rgbd_dataset_integrity.py::test_writer_requires_three_synchronized_passes[passes1]
FAILED tests/test_rgbd_dataset_integrity.py::test_writer_requires_three_synchronized_passes[passes2]
FAILED tests/test_rgbd_dataset_integrity.py::test_writer_requires_three_synchronized_passes[passes3]
4 failed, 41 deselected in 0.25s
