...............................FF                                        [100%]
=================================== FAILURES ===================================
____ test_byte_and_free_space_budget_prevents_episode_publication[limits0] _____

tmp_path = PosixPath('/tmp/pytest-of-ningyd/pytest-96/test_byte_and_free_space_budge0')
limits = {'max_bytes': 1024}

    @pytest.mark.parametrize("limits", [{"max_bytes": 1024}, {"min_free_bytes": 10**20}])
    def test_byte_and_free_space_budget_prevents_episode_publication(tmp_path, limits):
        config = models().DatasetConfig(**{"dataset_id": "ds", "min_free_bytes": 0, **limits})
        writer = storage().DatasetWriter(tmp_path, config)
>       with pytest.raises(OSError, match="(?i)(budget|space)"):
E       Failed: DID NOT RAISE <class 'OSError'>

tests/test_rgbd_dataset_integrity.py:343: Failed
____ test_byte_and_free_space_budget_prevents_episode_publication[limits1] _____

tmp_path = PosixPath('/tmp/pytest-of-ningyd/pytest-96/test_byte_and_free_space_budge1')
limits = {'min_free_bytes': 100000000000000000000}

    @pytest.mark.parametrize("limits", [{"max_bytes": 1024}, {"min_free_bytes": 10**20}])
    def test_byte_and_free_space_budget_prevents_episode_publication(tmp_path, limits):
        config = models().DatasetConfig(**{"dataset_id": "ds", "min_free_bytes": 0, **limits})
        writer = storage().DatasetWriter(tmp_path, config)
>       with pytest.raises(OSError, match="(?i)(budget|space)"):
E       Failed: DID NOT RAISE <class 'OSError'>

tests/test_rgbd_dataset_integrity.py:343: Failed
=========================== short test summary info ============================
FAILED tests/test_rgbd_dataset_integrity.py::test_byte_and_free_space_budget_prevents_episode_publication[limits0]
FAILED tests/test_rgbd_dataset_integrity.py::test_byte_and_free_space_budget_prevents_episode_publication[limits1]
2 failed, 31 passed in 2.47s
