........FFFFFFFFFF.....FFFFF                                             [100%]
=================================== FAILURES ===================================
___________________ test_offline_reader_preserves_timestamp ____________________

    def storage():
        try:
>           return importlib.import_module("cloud_edge_robot_arm.datasets.rgbd.writer")
                   ^^^^^^^^^^^^^^^^^^^^^^^^^^^^^^^^^^^^^^^^^^^^^^^^^^^^^^^^^^^^^^^^^^^^

tests/test_rgbd_dataset_integrity.py:86: 
_ _ _ _ _ _ _ _ _ _ _ _ _ _ _ _ _ _ _ _ _ _ _ _ _ _ _ _ _ _ _ _ _ _ _ _ _ _ _ _ 
/usr/lib/python3.12/importlib/__init__.py:90: in import_module
    return _bootstrap._gcd_import(name[level:], package, level)
           ^^^^^^^^^^^^^^^^^^^^^^^^^^^^^^^^^^^^^^^^^^^^^^^^^^^^
<frozen importlib._bootstrap>:1387: in _gcd_import
    ???
<frozen importlib._bootstrap>:1360: in _find_and_load
    ???
_ _ _ _ _ _ _ _ _ _ _ _ _ _ _ _ _ _ _ _ _ _ _ _ _ _ _ _ _ _ _ _ _ _ _ _ _ _ _ _ 

name = 'cloud_edge_robot_arm.datasets.rgbd.writer'
import_ = <function _gcd_import at 0x7ef59ada40e0>

>   ???
E   ModuleNotFoundError: No module named 'cloud_edge_robot_arm.datasets.rgbd.writer'

<frozen importlib._bootstrap>:1324: ModuleNotFoundError

During handling of the above exception, another exception occurred:

tmp_path = PosixPath('/tmp/pytest-of-ningyd/pytest-89/test_offline_reader_preserves_0')

    def test_offline_reader_preserves_timestamp(tmp_path):
>       writer, original, _ = write_fixture(tmp_path)
                              ^^^^^^^^^^^^^^^^^^^^^^^

tests/test_rgbd_dataset_integrity.py:100: 
_ _ _ _ _ _ _ _ _ _ _ _ _ _ _ _ _ _ _ _ _ _ _ _ _ _ _ _ _ _ _ _ _ _ _ _ _ _ _ _ 
tests/test_rgbd_dataset_integrity.py:94: in write_fixture
    writer = storage().DatasetWriter(tmp_path, config)
             ^^^^^^^^^
_ _ _ _ _ _ _ _ _ _ _ _ _ _ _ _ _ _ _ _ _ _ _ _ _ _ _ _ _ _ _ _ _ _ _ _ _ _ _ _ 

    def storage():
        try:
            return importlib.import_module("cloud_edge_robot_arm.datasets.rgbd.writer")
        except ModuleNotFoundError:
>           pytest.fail("atomic RGB-D dataset storage is not implemented")
E           Failed: atomic RGB-D dataset storage is not implemented

tests/test_rgbd_dataset_integrity.py:88: Failed
_____________ test_raw_evidence_is_preserved_with_separate_hashes ______________

    def storage():
        try:
>           return importlib.import_module("cloud_edge_robot_arm.datasets.rgbd.writer")
                   ^^^^^^^^^^^^^^^^^^^^^^^^^^^^^^^^^^^^^^^^^^^^^^^^^^^^^^^^^^^^^^^^^^^^

tests/test_rgbd_dataset_integrity.py:86: 
_ _ _ _ _ _ _ _ _ _ _ _ _ _ _ _ _ _ _ _ _ _ _ _ _ _ _ _ _ _ _ _ _ _ _ _ _ _ _ _ 
/usr/lib/python3.12/importlib/__init__.py:90: in import_module
    return _bootstrap._gcd_import(name[level:], package, level)
           ^^^^^^^^^^^^^^^^^^^^^^^^^^^^^^^^^^^^^^^^^^^^^^^^^^^^
<frozen importlib._bootstrap>:1387: in _gcd_import
    ???
<frozen importlib._bootstrap>:1360: in _find_and_load
    ???
_ _ _ _ _ _ _ _ _ _ _ _ _ _ _ _ _ _ _ _ _ _ _ _ _ _ _ _ _ _ _ _ _ _ _ _ _ _ _ _ 

name = 'cloud_edge_robot_arm.datasets.rgbd.writer'
import_ = <function _gcd_import at 0x7ef59ada40e0>

>   ???
E   ModuleNotFoundError: No module named 'cloud_edge_robot_arm.datasets.rgbd.writer'

<frozen importlib._bootstrap>:1324: ModuleNotFoundError

During handling of the above exception, another exception occurred:

tmp_path = PosixPath('/tmp/pytest-of-ningyd/pytest-89/test_raw_evidence_is_preserved0')

    def test_raw_evidence_is_preserved_with_separate_hashes(tmp_path):
>       writer, original, _ = write_fixture(tmp_path, raw=True)
                              ^^^^^^^^^^^^^^^^^^^^^^^^^^^^^^^^^

tests/test_rgbd_dataset_integrity.py:117: 
_ _ _ _ _ _ _ _ _ _ _ _ _ _ _ _ _ _ _ _ _ _ _ _ _ _ _ _ _ _ _ _ _ _ _ _ _ _ _ _ 
tests/test_rgbd_dataset_integrity.py:94: in write_fixture
    writer = storage().DatasetWriter(tmp_path, config)
             ^^^^^^^^^
_ _ _ _ _ _ _ _ _ _ _ _ _ _ _ _ _ _ _ _ _ _ _ _ _ _ _ _ _ _ _ _ _ _ _ _ _ _ _ _ 

    def storage():
        try:
            return importlib.import_module("cloud_edge_robot_arm.datasets.rgbd.writer")
        except ModuleNotFoundError:
>           pytest.fail("atomic RGB-D dataset storage is not implemented")
E           Failed: atomic RGB-D dataset storage is not implemented

tests/test_rgbd_dataset_integrity.py:88: Failed
__________________ test_atomic_publish_survives_disk_failure ___________________

    def storage():
        try:
>           return importlib.import_module("cloud_edge_robot_arm.datasets.rgbd.writer")
                   ^^^^^^^^^^^^^^^^^^^^^^^^^^^^^^^^^^^^^^^^^^^^^^^^^^^^^^^^^^^^^^^^^^^^

tests/test_rgbd_dataset_integrity.py:86: 
_ _ _ _ _ _ _ _ _ _ _ _ _ _ _ _ _ _ _ _ _ _ _ _ _ _ _ _ _ _ _ _ _ _ _ _ _ _ _ _ 
/usr/lib/python3.12/importlib/__init__.py:90: in import_module
    return _bootstrap._gcd_import(name[level:], package, level)
           ^^^^^^^^^^^^^^^^^^^^^^^^^^^^^^^^^^^^^^^^^^^^^^^^^^^^
<frozen importlib._bootstrap>:1387: in _gcd_import
    ???
<frozen importlib._bootstrap>:1360: in _find_and_load
    ???
_ _ _ _ _ _ _ _ _ _ _ _ _ _ _ _ _ _ _ _ _ _ _ _ _ _ _ _ _ _ _ _ _ _ _ _ _ _ _ _ 

name = 'cloud_edge_robot_arm.datasets.rgbd.writer'
import_ = <function _gcd_import at 0x7ef59ada40e0>

>   ???
E   ModuleNotFoundError: No module named 'cloud_edge_robot_arm.datasets.rgbd.writer'

<frozen importlib._bootstrap>:1324: ModuleNotFoundError

During handling of the above exception, another exception occurred:

tmp_path = PosixPath('/tmp/pytest-of-ningyd/pytest-89/test_atomic_publish_survives_d0')
monkeypatch = <_pytest.monkeypatch.MonkeyPatch object at 0x7ef56dddfad0>

    def test_atomic_publish_survives_disk_failure(tmp_path, monkeypatch):
        config = models().DatasetConfig(dataset_id="ds", groups=1, min_free_bytes=0)
>       writer = storage().DatasetWriter(tmp_path, config)
                 ^^^^^^^^^

tests/test_rgbd_dataset_integrity.py:127: 
_ _ _ _ _ _ _ _ _ _ _ _ _ _ _ _ _ _ _ _ _ _ _ _ _ _ _ _ _ _ _ _ _ _ _ _ _ _ _ _ 

    def storage():
        try:
            return importlib.import_module("cloud_edge_robot_arm.datasets.rgbd.writer")
        except ModuleNotFoundError:
>           pytest.fail("atomic RGB-D dataset storage is not implemented")
E           Failed: atomic RGB-D dataset storage is not implemented

tests/test_rgbd_dataset_integrity.py:88: Failed
________ test_recovery_rebuilds_index_after_publish_before_index_crash _________

    def storage():
        try:
>           return importlib.import_module("cloud_edge_robot_arm.datasets.rgbd.writer")
                   ^^^^^^^^^^^^^^^^^^^^^^^^^^^^^^^^^^^^^^^^^^^^^^^^^^^^^^^^^^^^^^^^^^^^

tests/test_rgbd_dataset_integrity.py:86: 
_ _ _ _ _ _ _ _ _ _ _ _ _ _ _ _ _ _ _ _ _ _ _ _ _ _ _ _ _ _ _ _ _ _ _ _ _ _ _ _ 
/usr/lib/python3.12/importlib/__init__.py:90: in import_module
    return _bootstrap._gcd_import(name[level:], package, level)
           ^^^^^^^^^^^^^^^^^^^^^^^^^^^^^^^^^^^^^^^^^^^^^^^^^^^^
<frozen importlib._bootstrap>:1387: in _gcd_import
    ???
<frozen importlib._bootstrap>:1360: in _find_and_load
    ???
_ _ _ _ _ _ _ _ _ _ _ _ _ _ _ _ _ _ _ _ _ _ _ _ _ _ _ _ _ _ _ _ _ _ _ _ _ _ _ _ 

name = 'cloud_edge_robot_arm.datasets.rgbd.writer'
import_ = <function _gcd_import at 0x7ef59ada40e0>

>   ???
E   ModuleNotFoundError: No module named 'cloud_edge_robot_arm.datasets.rgbd.writer'

<frozen importlib._bootstrap>:1324: ModuleNotFoundError

During handling of the above exception, another exception occurred:

tmp_path = PosixPath('/tmp/pytest-of-ningyd/pytest-89/test_recovery_rebuilds_index_a0')
monkeypatch = <_pytest.monkeypatch.MonkeyPatch object at 0x7ef56dc78bf0>

    def test_recovery_rebuilds_index_after_publish_before_index_crash(tmp_path, monkeypatch):
        config = models().DatasetConfig(dataset_id="ds", groups=1, min_free_bytes=0)
>       writer = storage().DatasetWriter(tmp_path, config)
                 ^^^^^^^^^

tests/test_rgbd_dataset_integrity.py:148: 
_ _ _ _ _ _ _ _ _ _ _ _ _ _ _ _ _ _ _ _ _ _ _ _ _ _ _ _ _ _ _ _ _ _ _ _ _ _ _ _ 

    def storage():
        try:
            return importlib.import_module("cloud_edge_robot_arm.datasets.rgbd.writer")
        except ModuleNotFoundError:
>           pytest.fail("atomic RGB-D dataset storage is not implemented")
E           Failed: atomic RGB-D dataset storage is not implemented

tests/test_rgbd_dataset_integrity.py:88: Failed
______________ test_same_episode_with_changed_labels_is_rejected _______________

    def storage():
        try:
>           return importlib.import_module("cloud_edge_robot_arm.datasets.rgbd.writer")
                   ^^^^^^^^^^^^^^^^^^^^^^^^^^^^^^^^^^^^^^^^^^^^^^^^^^^^^^^^^^^^^^^^^^^^

tests/test_rgbd_dataset_integrity.py:86: 
_ _ _ _ _ _ _ _ _ _ _ _ _ _ _ _ _ _ _ _ _ _ _ _ _ _ _ _ _ _ _ _ _ _ _ _ _ _ _ _ 
/usr/lib/python3.12/importlib/__init__.py:90: in import_module
    return _bootstrap._gcd_import(name[level:], package, level)
           ^^^^^^^^^^^^^^^^^^^^^^^^^^^^^^^^^^^^^^^^^^^^^^^^^^^^
<frozen importlib._bootstrap>:1387: in _gcd_import
    ???
<frozen importlib._bootstrap>:1360: in _find_and_load
    ???
_ _ _ _ _ _ _ _ _ _ _ _ _ _ _ _ _ _ _ _ _ _ _ _ _ _ _ _ _ _ _ _ _ _ _ _ _ _ _ _ 

name = 'cloud_edge_robot_arm.datasets.rgbd.writer'
import_ = <function _gcd_import at 0x7ef59ada40e0>

>   ???
E   ModuleNotFoundError: No module named 'cloud_edge_robot_arm.datasets.rgbd.writer'

<frozen importlib._bootstrap>:1324: ModuleNotFoundError

During handling of the above exception, another exception occurred:

tmp_path = PosixPath('/tmp/pytest-of-ningyd/pytest-89/test_same_episode_with_changed0')

    def test_same_episode_with_changed_labels_is_rejected(tmp_path):
>       writer, record, _ = write_fixture(tmp_path)
                            ^^^^^^^^^^^^^^^^^^^^^^^

tests/test_rgbd_dataset_integrity.py:166: 
_ _ _ _ _ _ _ _ _ _ _ _ _ _ _ _ _ _ _ _ _ _ _ _ _ _ _ _ _ _ _ _ _ _ _ _ _ _ _ _ 
tests/test_rgbd_dataset_integrity.py:94: in write_fixture
    writer = storage().DatasetWriter(tmp_path, config)
             ^^^^^^^^^
_ _ _ _ _ _ _ _ _ _ _ _ _ _ _ _ _ _ _ _ _ _ _ _ _ _ _ _ _ _ _ _ _ _ _ _ _ _ _ _ 

    def storage():
        try:
            return importlib.import_module("cloud_edge_robot_arm.datasets.rgbd.writer")
        except ModuleNotFoundError:
>           pytest.fail("atomic RGB-D dataset storage is not implemented")
E           Failed: atomic RGB-D dataset storage is not implemented

tests/test_rgbd_dataset_integrity.py:88: Failed
______________ test_altered_payload_blocks_reader_and_resume[rgb] ______________

    def storage():
        try:
>           return importlib.import_module("cloud_edge_robot_arm.datasets.rgbd.writer")
                   ^^^^^^^^^^^^^^^^^^^^^^^^^^^^^^^^^^^^^^^^^^^^^^^^^^^^^^^^^^^^^^^^^^^^

tests/test_rgbd_dataset_integrity.py:86: 
_ _ _ _ _ _ _ _ _ _ _ _ _ _ _ _ _ _ _ _ _ _ _ _ _ _ _ _ _ _ _ _ _ _ _ _ _ _ _ _ 
/usr/lib/python3.12/importlib/__init__.py:90: in import_module
    return _bootstrap._gcd_import(name[level:], package, level)
           ^^^^^^^^^^^^^^^^^^^^^^^^^^^^^^^^^^^^^^^^^^^^^^^^^^^^
<frozen importlib._bootstrap>:1387: in _gcd_import
    ???
<frozen importlib._bootstrap>:1360: in _find_and_load
    ???
_ _ _ _ _ _ _ _ _ _ _ _ _ _ _ _ _ _ _ _ _ _ _ _ _ _ _ _ _ _ _ _ _ _ _ _ _ _ _ _ 

name = 'cloud_edge_robot_arm.datasets.rgbd.writer'
import_ = <function _gcd_import at 0x7ef59ada40e0>

>   ???
E   ModuleNotFoundError: No module named 'cloud_edge_robot_arm.datasets.rgbd.writer'

<frozen importlib._bootstrap>:1324: ModuleNotFoundError

During handling of the above exception, another exception occurred:

tmp_path = PosixPath('/tmp/pytest-of-ningyd/pytest-89/test_altered_payload_blocks_re0')
key = 'rgb'

    @pytest.mark.parametrize("key", ["rgb", "depth", "camera", "labels", "instance"])
    def test_altered_payload_blocks_reader_and_resume(tmp_path, key):
>       writer, _, config = write_fixture(tmp_path)
                            ^^^^^^^^^^^^^^^^^^^^^^^

tests/test_rgbd_dataset_integrity.py:174: 
_ _ _ _ _ _ _ _ _ _ _ _ _ _ _ _ _ _ _ _ _ _ _ _ _ _ _ _ _ _ _ _ _ _ _ _ _ _ _ _ 
tests/test_rgbd_dataset_integrity.py:94: in write_fixture
    writer = storage().DatasetWriter(tmp_path, config)
             ^^^^^^^^^
_ _ _ _ _ _ _ _ _ _ _ _ _ _ _ _ _ _ _ _ _ _ _ _ _ _ _ _ _ _ _ _ _ _ _ _ _ _ _ _ 

    def storage():
        try:
            return importlib.import_module("cloud_edge_robot_arm.datasets.rgbd.writer")
        except ModuleNotFoundError:
>           pytest.fail("atomic RGB-D dataset storage is not implemented")
E           Failed: atomic RGB-D dataset storage is not implemented

tests/test_rgbd_dataset_integrity.py:88: Failed
_____________ test_altered_payload_blocks_reader_and_resume[depth] _____________

    def storage():
        try:
>           return importlib.import_module("cloud_edge_robot_arm.datasets.rgbd.writer")
                   ^^^^^^^^^^^^^^^^^^^^^^^^^^^^^^^^^^^^^^^^^^^^^^^^^^^^^^^^^^^^^^^^^^^^

tests/test_rgbd_dataset_integrity.py:86: 
_ _ _ _ _ _ _ _ _ _ _ _ _ _ _ _ _ _ _ _ _ _ _ _ _ _ _ _ _ _ _ _ _ _ _ _ _ _ _ _ 
/usr/lib/python3.12/importlib/__init__.py:90: in import_module
    return _bootstrap._gcd_import(name[level:], package, level)
           ^^^^^^^^^^^^^^^^^^^^^^^^^^^^^^^^^^^^^^^^^^^^^^^^^^^^
<frozen importlib._bootstrap>:1387: in _gcd_import
    ???
<frozen importlib._bootstrap>:1360: in _find_and_load
    ???
_ _ _ _ _ _ _ _ _ _ _ _ _ _ _ _ _ _ _ _ _ _ _ _ _ _ _ _ _ _ _ _ _ _ _ _ _ _ _ _ 

name = 'cloud_edge_robot_arm.datasets.rgbd.writer'
import_ = <function _gcd_import at 0x7ef59ada40e0>

>   ???
E   ModuleNotFoundError: No module named 'cloud_edge_robot_arm.datasets.rgbd.writer'

<frozen importlib._bootstrap>:1324: ModuleNotFoundError

During handling of the above exception, another exception occurred:

tmp_path = PosixPath('/tmp/pytest-of-ningyd/pytest-89/test_altered_payload_blocks_re1')
key = 'depth'

    @pytest.mark.parametrize("key", ["rgb", "depth", "camera", "labels", "instance"])
    def test_altered_payload_blocks_reader_and_resume(tmp_path, key):
>       writer, _, config = write_fixture(tmp_path)
                            ^^^^^^^^^^^^^^^^^^^^^^^

tests/test_rgbd_dataset_integrity.py:174: 
_ _ _ _ _ _ _ _ _ _ _ _ _ _ _ _ _ _ _ _ _ _ _ _ _ _ _ _ _ _ _ _ _ _ _ _ _ _ _ _ 
tests/test_rgbd_dataset_integrity.py:94: in write_fixture
    writer = storage().DatasetWriter(tmp_path, config)
             ^^^^^^^^^
_ _ _ _ _ _ _ _ _ _ _ _ _ _ _ _ _ _ _ _ _ _ _ _ _ _ _ _ _ _ _ _ _ _ _ _ _ _ _ _ 

    def storage():
        try:
            return importlib.import_module("cloud_edge_robot_arm.datasets.rgbd.writer")
        except ModuleNotFoundError:
>           pytest.fail("atomic RGB-D dataset storage is not implemented")
E           Failed: atomic RGB-D dataset storage is not implemented

tests/test_rgbd_dataset_integrity.py:88: Failed
____________ test_altered_payload_blocks_reader_and_resume[camera] _____________

    def storage():
        try:
>           return importlib.import_module("cloud_edge_robot_arm.datasets.rgbd.writer")
                   ^^^^^^^^^^^^^^^^^^^^^^^^^^^^^^^^^^^^^^^^^^^^^^^^^^^^^^^^^^^^^^^^^^^^

tests/test_rgbd_dataset_integrity.py:86: 
_ _ _ _ _ _ _ _ _ _ _ _ _ _ _ _ _ _ _ _ _ _ _ _ _ _ _ _ _ _ _ _ _ _ _ _ _ _ _ _ 
/usr/lib/python3.12/importlib/__init__.py:90: in import_module
    return _bootstrap._gcd_import(name[level:], package, level)
           ^^^^^^^^^^^^^^^^^^^^^^^^^^^^^^^^^^^^^^^^^^^^^^^^^^^^
<frozen importlib._bootstrap>:1387: in _gcd_import
    ???
<frozen importlib._bootstrap>:1360: in _find_and_load
    ???
_ _ _ _ _ _ _ _ _ _ _ _ _ _ _ _ _ _ _ _ _ _ _ _ _ _ _ _ _ _ _ _ _ _ _ _ _ _ _ _ 

name = 'cloud_edge_robot_arm.datasets.rgbd.writer'
import_ = <function _gcd_import at 0x7ef59ada40e0>

>   ???
E   ModuleNotFoundError: No module named 'cloud_edge_robot_arm.datasets.rgbd.writer'

<frozen importlib._bootstrap>:1324: ModuleNotFoundError

During handling of the above exception, another exception occurred:

tmp_path = PosixPath('/tmp/pytest-of-ningyd/pytest-89/test_altered_payload_blocks_re2')
key = 'camera'

    @pytest.mark.parametrize("key", ["rgb", "depth", "camera", "labels", "instance"])
    def test_altered_payload_blocks_reader_and_resume(tmp_path, key):
>       writer, _, config = write_fixture(tmp_path)
                            ^^^^^^^^^^^^^^^^^^^^^^^

tests/test_rgbd_dataset_integrity.py:174: 
_ _ _ _ _ _ _ _ _ _ _ _ _ _ _ _ _ _ _ _ _ _ _ _ _ _ _ _ _ _ _ _ _ _ _ _ _ _ _ _ 
tests/test_rgbd_dataset_integrity.py:94: in write_fixture
    writer = storage().DatasetWriter(tmp_path, config)
             ^^^^^^^^^
_ _ _ _ _ _ _ _ _ _ _ _ _ _ _ _ _ _ _ _ _ _ _ _ _ _ _ _ _ _ _ _ _ _ _ _ _ _ _ _ 

    def storage():
        try:
            return importlib.import_module("cloud_edge_robot_arm.datasets.rgbd.writer")
        except ModuleNotFoundError:
>           pytest.fail("atomic RGB-D dataset storage is not implemented")
E           Failed: atomic RGB-D dataset storage is not implemented

tests/test_rgbd_dataset_integrity.py:88: Failed
____________ test_altered_payload_blocks_reader_and_resume[labels] _____________

    def storage():
        try:
>           return importlib.import_module("cloud_edge_robot_arm.datasets.rgbd.writer")
                   ^^^^^^^^^^^^^^^^^^^^^^^^^^^^^^^^^^^^^^^^^^^^^^^^^^^^^^^^^^^^^^^^^^^^

tests/test_rgbd_dataset_integrity.py:86: 
_ _ _ _ _ _ _ _ _ _ _ _ _ _ _ _ _ _ _ _ _ _ _ _ _ _ _ _ _ _ _ _ _ _ _ _ _ _ _ _ 
/usr/lib/python3.12/importlib/__init__.py:90: in import_module
    return _bootstrap._gcd_import(name[level:], package, level)
           ^^^^^^^^^^^^^^^^^^^^^^^^^^^^^^^^^^^^^^^^^^^^^^^^^^^^
<frozen importlib._bootstrap>:1387: in _gcd_import
    ???
<frozen importlib._bootstrap>:1360: in _find_and_load
    ???
_ _ _ _ _ _ _ _ _ _ _ _ _ _ _ _ _ _ _ _ _ _ _ _ _ _ _ _ _ _ _ _ _ _ _ _ _ _ _ _ 

name = 'cloud_edge_robot_arm.datasets.rgbd.writer'
import_ = <function _gcd_import at 0x7ef59ada40e0>

>   ???
E   ModuleNotFoundError: No module named 'cloud_edge_robot_arm.datasets.rgbd.writer'

<frozen importlib._bootstrap>:1324: ModuleNotFoundError

During handling of the above exception, another exception occurred:

tmp_path = PosixPath('/tmp/pytest-of-ningyd/pytest-89/test_altered_payload_blocks_re3')
key = 'labels'

    @pytest.mark.parametrize("key", ["rgb", "depth", "camera", "labels", "instance"])
    def test_altered_payload_blocks_reader_and_resume(tmp_path, key):
>       writer, _, config = write_fixture(tmp_path)
                            ^^^^^^^^^^^^^^^^^^^^^^^

tests/test_rgbd_dataset_integrity.py:174: 
_ _ _ _ _ _ _ _ _ _ _ _ _ _ _ _ _ _ _ _ _ _ _ _ _ _ _ _ _ _ _ _ _ _ _ _ _ _ _ _ 
tests/test_rgbd_dataset_integrity.py:94: in write_fixture
    writer = storage().DatasetWriter(tmp_path, config)
             ^^^^^^^^^
_ _ _ _ _ _ _ _ _ _ _ _ _ _ _ _ _ _ _ _ _ _ _ _ _ _ _ _ _ _ _ _ _ _ _ _ _ _ _ _ 

    def storage():
        try:
            return importlib.import_module("cloud_edge_robot_arm.datasets.rgbd.writer")
        except ModuleNotFoundError:
>           pytest.fail("atomic RGB-D dataset storage is not implemented")
E           Failed: atomic RGB-D dataset storage is not implemented

tests/test_rgbd_dataset_integrity.py:88: Failed
___________ test_altered_payload_blocks_reader_and_resume[instance] ____________

    def storage():
        try:
>           return importlib.import_module("cloud_edge_robot_arm.datasets.rgbd.writer")
                   ^^^^^^^^^^^^^^^^^^^^^^^^^^^^^^^^^^^^^^^^^^^^^^^^^^^^^^^^^^^^^^^^^^^^

tests/test_rgbd_dataset_integrity.py:86: 
_ _ _ _ _ _ _ _ _ _ _ _ _ _ _ _ _ _ _ _ _ _ _ _ _ _ _ _ _ _ _ _ _ _ _ _ _ _ _ _ 
/usr/lib/python3.12/importlib/__init__.py:90: in import_module
    return _bootstrap._gcd_import(name[level:], package, level)
           ^^^^^^^^^^^^^^^^^^^^^^^^^^^^^^^^^^^^^^^^^^^^^^^^^^^^
<frozen importlib._bootstrap>:1387: in _gcd_import
    ???
<frozen importlib._bootstrap>:1360: in _find_and_load
    ???
_ _ _ _ _ _ _ _ _ _ _ _ _ _ _ _ _ _ _ _ _ _ _ _ _ _ _ _ _ _ _ _ _ _ _ _ _ _ _ _ 

name = 'cloud_edge_robot_arm.datasets.rgbd.writer'
import_ = <function _gcd_import at 0x7ef59ada40e0>

>   ???
E   ModuleNotFoundError: No module named 'cloud_edge_robot_arm.datasets.rgbd.writer'

<frozen importlib._bootstrap>:1324: ModuleNotFoundError

During handling of the above exception, another exception occurred:

tmp_path = PosixPath('/tmp/pytest-of-ningyd/pytest-89/test_altered_payload_blocks_re4')
key = 'instance'

    @pytest.mark.parametrize("key", ["rgb", "depth", "camera", "labels", "instance"])
    def test_altered_payload_blocks_reader_and_resume(tmp_path, key):
>       writer, _, config = write_fixture(tmp_path)
                            ^^^^^^^^^^^^^^^^^^^^^^^

tests/test_rgbd_dataset_integrity.py:174: 
_ _ _ _ _ _ _ _ _ _ _ _ _ _ _ _ _ _ _ _ _ _ _ _ _ _ _ _ _ _ _ _ _ _ _ _ _ _ _ _ 
tests/test_rgbd_dataset_integrity.py:94: in write_fixture
    writer = storage().DatasetWriter(tmp_path, config)
             ^^^^^^^^^
_ _ _ _ _ _ _ _ _ _ _ _ _ _ _ _ _ _ _ _ _ _ _ _ _ _ _ _ _ _ _ _ _ _ _ _ _ _ _ _ 

    def storage():
        try:
            return importlib.import_module("cloud_edge_robot_arm.datasets.rgbd.writer")
        except ModuleNotFoundError:
>           pytest.fail("atomic RGB-D dataset storage is not implemented")
E           Failed: atomic RGB-D dataset storage is not implemented

tests/test_rgbd_dataset_integrity.py:88: Failed
_____________________ test_reader_rejects_symlink_payload ______________________

    def storage():
        try:
>           return importlib.import_module("cloud_edge_robot_arm.datasets.rgbd.writer")
                   ^^^^^^^^^^^^^^^^^^^^^^^^^^^^^^^^^^^^^^^^^^^^^^^^^^^^^^^^^^^^^^^^^^^^

tests/test_rgbd_dataset_integrity.py:86: 
_ _ _ _ _ _ _ _ _ _ _ _ _ _ _ _ _ _ _ _ _ _ _ _ _ _ _ _ _ _ _ _ _ _ _ _ _ _ _ _ 
/usr/lib/python3.12/importlib/__init__.py:90: in import_module
    return _bootstrap._gcd_import(name[level:], package, level)
           ^^^^^^^^^^^^^^^^^^^^^^^^^^^^^^^^^^^^^^^^^^^^^^^^^^^^
<frozen importlib._bootstrap>:1387: in _gcd_import
    ???
<frozen importlib._bootstrap>:1360: in _find_and_load
    ???
_ _ _ _ _ _ _ _ _ _ _ _ _ _ _ _ _ _ _ _ _ _ _ _ _ _ _ _ _ _ _ _ _ _ _ _ _ _ _ _ 

name = 'cloud_edge_robot_arm.datasets.rgbd.writer'
import_ = <function _gcd_import at 0x7ef59ada40e0>

>   ???
E   ModuleNotFoundError: No module named 'cloud_edge_robot_arm.datasets.rgbd.writer'

<frozen importlib._bootstrap>:1324: ModuleNotFoundError

During handling of the above exception, another exception occurred:

tmp_path = PosixPath('/tmp/pytest-of-ningyd/pytest-89/test_reader_rejects_symlink_pa0')

    def test_reader_rejects_symlink_payload(tmp_path):
>       writer, _, _ = write_fixture(tmp_path)
                       ^^^^^^^^^^^^^^^^^^^^^^^

tests/test_rgbd_dataset_integrity.py:194: 
_ _ _ _ _ _ _ _ _ _ _ _ _ _ _ _ _ _ _ _ _ _ _ _ _ _ _ _ _ _ _ _ _ _ _ _ _ _ _ _ 
tests/test_rgbd_dataset_integrity.py:94: in write_fixture
    writer = storage().DatasetWriter(tmp_path, config)
             ^^^^^^^^^
_ _ _ _ _ _ _ _ _ _ _ _ _ _ _ _ _ _ _ _ _ _ _ _ _ _ _ _ _ _ _ _ _ _ _ _ _ _ _ _ 

    def storage():
        try:
            return importlib.import_module("cloud_edge_robot_arm.datasets.rgbd.writer")
        except ModuleNotFoundError:
>           pytest.fail("atomic RGB-D dataset storage is not implemented")
E           Failed: atomic RGB-D dataset storage is not implemented

tests/test_rgbd_dataset_integrity.py:88: Failed
_ test_reader_rejects_unsafe_depth_dtype_even_with_matching_file_hash[object] __

    def storage():
        try:
>           return importlib.import_module("cloud_edge_robot_arm.datasets.rgbd.writer")
                   ^^^^^^^^^^^^^^^^^^^^^^^^^^^^^^^^^^^^^^^^^^^^^^^^^^^^^^^^^^^^^^^^^^^^

tests/test_rgbd_dataset_integrity.py:86: 
_ _ _ _ _ _ _ _ _ _ _ _ _ _ _ _ _ _ _ _ _ _ _ _ _ _ _ _ _ _ _ _ _ _ _ _ _ _ _ _ 
/usr/lib/python3.12/importlib/__init__.py:90: in import_module
    return _bootstrap._gcd_import(name[level:], package, level)
           ^^^^^^^^^^^^^^^^^^^^^^^^^^^^^^^^^^^^^^^^^^^^^^^^^^^^
<frozen importlib._bootstrap>:1387: in _gcd_import
    ???
<frozen importlib._bootstrap>:1360: in _find_and_load
    ???
_ _ _ _ _ _ _ _ _ _ _ _ _ _ _ _ _ _ _ _ _ _ _ _ _ _ _ _ _ _ _ _ _ _ _ _ _ _ _ _ 

name = 'cloud_edge_robot_arm.datasets.rgbd.writer'
import_ = <function _gcd_import at 0x7ef59ada40e0>

>   ???
E   ModuleNotFoundError: No module named 'cloud_edge_robot_arm.datasets.rgbd.writer'

<frozen importlib._bootstrap>:1324: ModuleNotFoundError

During handling of the above exception, another exception occurred:

tmp_path = PosixPath('/tmp/pytest-of-ningyd/pytest-89/test_reader_rejects_unsafe_dep0')
dtype = <class 'object'>

    @pytest.mark.parametrize("dtype", [object, np.float64, np.int32])
    def test_reader_rejects_unsafe_depth_dtype_even_with_matching_file_hash(tmp_path, dtype):
>       writer, _, _ = write_fixture(tmp_path)
                       ^^^^^^^^^^^^^^^^^^^^^^^

tests/test_rgbd_dataset_integrity.py:208: 
_ _ _ _ _ _ _ _ _ _ _ _ _ _ _ _ _ _ _ _ _ _ _ _ _ _ _ _ _ _ _ _ _ _ _ _ _ _ _ _ 
tests/test_rgbd_dataset_integrity.py:94: in write_fixture
    writer = storage().DatasetWriter(tmp_path, config)
             ^^^^^^^^^
_ _ _ _ _ _ _ _ _ _ _ _ _ _ _ _ _ _ _ _ _ _ _ _ _ _ _ _ _ _ _ _ _ _ _ _ _ _ _ _ 

    def storage():
        try:
            return importlib.import_module("cloud_edge_robot_arm.datasets.rgbd.writer")
        except ModuleNotFoundError:
>           pytest.fail("atomic RGB-D dataset storage is not implemented")
E           Failed: atomic RGB-D dataset storage is not implemented

tests/test_rgbd_dataset_integrity.py:88: Failed
_ test_reader_rejects_unsafe_depth_dtype_even_with_matching_file_hash[float64] _

    def storage():
        try:
>           return importlib.import_module("cloud_edge_robot_arm.datasets.rgbd.writer")
                   ^^^^^^^^^^^^^^^^^^^^^^^^^^^^^^^^^^^^^^^^^^^^^^^^^^^^^^^^^^^^^^^^^^^^

tests/test_rgbd_dataset_integrity.py:86: 
_ _ _ _ _ _ _ _ _ _ _ _ _ _ _ _ _ _ _ _ _ _ _ _ _ _ _ _ _ _ _ _ _ _ _ _ _ _ _ _ 
/usr/lib/python3.12/importlib/__init__.py:90: in import_module
    return _bootstrap._gcd_import(name[level:], package, level)
           ^^^^^^^^^^^^^^^^^^^^^^^^^^^^^^^^^^^^^^^^^^^^^^^^^^^^
<frozen importlib._bootstrap>:1387: in _gcd_import
    ???
<frozen importlib._bootstrap>:1360: in _find_and_load
    ???
_ _ _ _ _ _ _ _ _ _ _ _ _ _ _ _ _ _ _ _ _ _ _ _ _ _ _ _ _ _ _ _ _ _ _ _ _ _ _ _ 

name = 'cloud_edge_robot_arm.datasets.rgbd.writer'
import_ = <function _gcd_import at 0x7ef59ada40e0>

>   ???
E   ModuleNotFoundError: No module named 'cloud_edge_robot_arm.datasets.rgbd.writer'

<frozen importlib._bootstrap>:1324: ModuleNotFoundError

During handling of the above exception, another exception occurred:

tmp_path = PosixPath('/tmp/pytest-of-ningyd/pytest-89/test_reader_rejects_unsafe_dep1')
dtype = <class 'numpy.float64'>

    @pytest.mark.parametrize("dtype", [object, np.float64, np.int32])
    def test_reader_rejects_unsafe_depth_dtype_even_with_matching_file_hash(tmp_path, dtype):
>       writer, _, _ = write_fixture(tmp_path)
                       ^^^^^^^^^^^^^^^^^^^^^^^

tests/test_rgbd_dataset_integrity.py:208: 
_ _ _ _ _ _ _ _ _ _ _ _ _ _ _ _ _ _ _ _ _ _ _ _ _ _ _ _ _ _ _ _ _ _ _ _ _ _ _ _ 
tests/test_rgbd_dataset_integrity.py:94: in write_fixture
    writer = storage().DatasetWriter(tmp_path, config)
             ^^^^^^^^^
_ _ _ _ _ _ _ _ _ _ _ _ _ _ _ _ _ _ _ _ _ _ _ _ _ _ _ _ _ _ _ _ _ _ _ _ _ _ _ _ 

    def storage():
        try:
            return importlib.import_module("cloud_edge_robot_arm.datasets.rgbd.writer")
        except ModuleNotFoundError:
>           pytest.fail("atomic RGB-D dataset storage is not implemented")
E           Failed: atomic RGB-D dataset storage is not implemented

tests/test_rgbd_dataset_integrity.py:88: Failed
__ test_reader_rejects_unsafe_depth_dtype_even_with_matching_file_hash[int32] __

    def storage():
        try:
>           return importlib.import_module("cloud_edge_robot_arm.datasets.rgbd.writer")
                   ^^^^^^^^^^^^^^^^^^^^^^^^^^^^^^^^^^^^^^^^^^^^^^^^^^^^^^^^^^^^^^^^^^^^

tests/test_rgbd_dataset_integrity.py:86: 
_ _ _ _ _ _ _ _ _ _ _ _ _ _ _ _ _ _ _ _ _ _ _ _ _ _ _ _ _ _ _ _ _ _ _ _ _ _ _ _ 
/usr/lib/python3.12/importlib/__init__.py:90: in import_module
    return _bootstrap._gcd_import(name[level:], package, level)
           ^^^^^^^^^^^^^^^^^^^^^^^^^^^^^^^^^^^^^^^^^^^^^^^^^^^^
<frozen importlib._bootstrap>:1387: in _gcd_import
    ???
<frozen importlib._bootstrap>:1360: in _find_and_load
    ???
_ _ _ _ _ _ _ _ _ _ _ _ _ _ _ _ _ _ _ _ _ _ _ _ _ _ _ _ _ _ _ _ _ _ _ _ _ _ _ _ 

name = 'cloud_edge_robot_arm.datasets.rgbd.writer'
import_ = <function _gcd_import at 0x7ef59ada40e0>

>   ???
E   ModuleNotFoundError: No module named 'cloud_edge_robot_arm.datasets.rgbd.writer'

<frozen importlib._bootstrap>:1324: ModuleNotFoundError

During handling of the above exception, another exception occurred:

tmp_path = PosixPath('/tmp/pytest-of-ningyd/pytest-89/test_reader_rejects_unsafe_dep2')
dtype = <class 'numpy.int32'>

    @pytest.mark.parametrize("dtype", [object, np.float64, np.int32])
    def test_reader_rejects_unsafe_depth_dtype_even_with_matching_file_hash(tmp_path, dtype):
>       writer, _, _ = write_fixture(tmp_path)
                       ^^^^^^^^^^^^^^^^^^^^^^^

tests/test_rgbd_dataset_integrity.py:208: 
_ _ _ _ _ _ _ _ _ _ _ _ _ _ _ _ _ _ _ _ _ _ _ _ _ _ _ _ _ _ _ _ _ _ _ _ _ _ _ _ 
tests/test_rgbd_dataset_integrity.py:94: in write_fixture
    writer = storage().DatasetWriter(tmp_path, config)
             ^^^^^^^^^
_ _ _ _ _ _ _ _ _ _ _ _ _ _ _ _ _ _ _ _ _ _ _ _ _ _ _ _ _ _ _ _ _ _ _ _ _ _ _ _ 

    def storage():
        try:
            return importlib.import_module("cloud_edge_robot_arm.datasets.rgbd.writer")
        except ModuleNotFoundError:
>           pytest.fail("atomic RGB-D dataset storage is not implemented")
E           Failed: atomic RGB-D dataset storage is not implemented

tests/test_rgbd_dataset_integrity.py:88: Failed
________ test_config_resume_and_manifest_conflicts_are_not_overwritten _________

    def storage():
        try:
>           return importlib.import_module("cloud_edge_robot_arm.datasets.rgbd.writer")
                   ^^^^^^^^^^^^^^^^^^^^^^^^^^^^^^^^^^^^^^^^^^^^^^^^^^^^^^^^^^^^^^^^^^^^

tests/test_rgbd_dataset_integrity.py:86: 
_ _ _ _ _ _ _ _ _ _ _ _ _ _ _ _ _ _ _ _ _ _ _ _ _ _ _ _ _ _ _ _ _ _ _ _ _ _ _ _ 
/usr/lib/python3.12/importlib/__init__.py:90: in import_module
    return _bootstrap._gcd_import(name[level:], package, level)
           ^^^^^^^^^^^^^^^^^^^^^^^^^^^^^^^^^^^^^^^^^^^^^^^^^^^^
<frozen importlib._bootstrap>:1387: in _gcd_import
    ???
<frozen importlib._bootstrap>:1360: in _find_and_load
    ???
_ _ _ _ _ _ _ _ _ _ _ _ _ _ _ _ _ _ _ _ _ _ _ _ _ _ _ _ _ _ _ _ _ _ _ _ _ _ _ _ 

name = 'cloud_edge_robot_arm.datasets.rgbd.writer'
import_ = <function _gcd_import at 0x7ef59ada40e0>

>   ???
E   ModuleNotFoundError: No module named 'cloud_edge_robot_arm.datasets.rgbd.writer'

<frozen importlib._bootstrap>:1324: ModuleNotFoundError

During handling of the above exception, another exception occurred:

tmp_path = PosixPath('/tmp/pytest-of-ningyd/pytest-89/test_config_resume_and_manifes0')

    def test_config_resume_and_manifest_conflicts_are_not_overwritten(tmp_path):
>       _, _, config = write_fixture(tmp_path)
                       ^^^^^^^^^^^^^^^^^^^^^^^

tests/test_rgbd_dataset_integrity.py:219: 
_ _ _ _ _ _ _ _ _ _ _ _ _ _ _ _ _ _ _ _ _ _ _ _ _ _ _ _ _ _ _ _ _ _ _ _ _ _ _ _ 
tests/test_rgbd_dataset_integrity.py:94: in write_fixture
    writer = storage().DatasetWriter(tmp_path, config)
             ^^^^^^^^^
_ _ _ _ _ _ _ _ _ _ _ _ _ _ _ _ _ _ _ _ _ _ _ _ _ _ _ _ _ _ _ _ _ _ _ _ _ _ _ _ 

    def storage():
        try:
            return importlib.import_module("cloud_edge_robot_arm.datasets.rgbd.writer")
        except ModuleNotFoundError:
>           pytest.fail("atomic RGB-D dataset storage is not implemented")
E           Failed: atomic RGB-D dataset storage is not implemented

tests/test_rgbd_dataset_integrity.py:88: Failed
=========================== short test summary info ============================
FAILED tests/test_rgbd_dataset_integrity.py::test_offline_reader_preserves_timestamp
FAILED tests/test_rgbd_dataset_integrity.py::test_raw_evidence_is_preserved_with_separate_hashes
FAILED tests/test_rgbd_dataset_integrity.py::test_atomic_publish_survives_disk_failure
FAILED tests/test_rgbd_dataset_integrity.py::test_recovery_rebuilds_index_after_publish_before_index_crash
FAILED tests/test_rgbd_dataset_integrity.py::test_same_episode_with_changed_labels_is_rejected
FAILED tests/test_rgbd_dataset_integrity.py::test_altered_payload_blocks_reader_and_resume[rgb]
FAILED tests/test_rgbd_dataset_integrity.py::test_altered_payload_blocks_reader_and_resume[depth]
FAILED tests/test_rgbd_dataset_integrity.py::test_altered_payload_blocks_reader_and_resume[camera]
FAILED tests/test_rgbd_dataset_integrity.py::test_altered_payload_blocks_reader_and_resume[labels]
FAILED tests/test_rgbd_dataset_integrity.py::test_altered_payload_blocks_reader_and_resume[instance]
FAILED tests/test_rgbd_dataset_integrity.py::test_reader_rejects_symlink_payload
FAILED tests/test_rgbd_dataset_integrity.py::test_reader_rejects_unsafe_depth_dtype_even_with_matching_file_hash[object]
FAILED tests/test_rgbd_dataset_integrity.py::test_reader_rejects_unsafe_depth_dtype_even_with_matching_file_hash[float64]
FAILED tests/test_rgbd_dataset_integrity.py::test_reader_rejects_unsafe_depth_dtype_even_with_matching_file_hash[int32]
FAILED tests/test_rgbd_dataset_integrity.py::test_config_resume_and_manifest_conflicts_are_not_overwritten
15 failed, 13 passed in 0.37s
