.........................................FFFF.FFFFFFFF.                  [100%]
=================================== FAILURES ===================================
___________ test_writer_requires_three_synchronized_passes[passes0] ____________

tmp_path = PosixPath('/tmp/pytest-of-ningyd/pytest-118/test_writer_requires_three_syn0')
passes = ()

    @pytest.mark.parametrize("passes", [(), ("state-hash",), ("state-hash",) * 2,
                                        ("state-hash",) * 4])
    def test_writer_requires_three_synchronized_passes(tmp_path, passes):
        from dataclasses import replace
    
        from cloud_edge_robot_arm.datasets.rgbd.writer import DatasetWriter
    
        record = sample_record()
        record.captured_frame = replace(record.captured_frame, pass_state_hashes=passes)
        writer = DatasetWriter(tmp_path, models().DatasetConfig(dataset_id="passes"))
>       with pytest.raises(ValueError, match="render passes"):
E       Failed: DID NOT RAISE <class 'ValueError'>

tests/test_rgbd_dataset_integrity.py:416: Failed
___________ test_writer_requires_three_synchronized_passes[passes1] ____________

tmp_path = PosixPath('/tmp/pytest-of-ningyd/pytest-118/test_writer_requires_three_syn1')
passes = ('state-hash',)

    @pytest.mark.parametrize("passes", [(), ("state-hash",), ("state-hash",) * 2,
                                        ("state-hash",) * 4])
    def test_writer_requires_three_synchronized_passes(tmp_path, passes):
        from dataclasses import replace
    
        from cloud_edge_robot_arm.datasets.rgbd.writer import DatasetWriter
    
        record = sample_record()
        record.captured_frame = replace(record.captured_frame, pass_state_hashes=passes)
        writer = DatasetWriter(tmp_path, models().DatasetConfig(dataset_id="passes"))
>       with pytest.raises(ValueError, match="render passes"):
E       Failed: DID NOT RAISE <class 'ValueError'>

tests/test_rgbd_dataset_integrity.py:416: Failed
___________ test_writer_requires_three_synchronized_passes[passes2] ____________

tmp_path = PosixPath('/tmp/pytest-of-ningyd/pytest-118/test_writer_requires_three_syn2')
passes = ('state-hash', 'state-hash')

    @pytest.mark.parametrize("passes", [(), ("state-hash",), ("state-hash",) * 2,
                                        ("state-hash",) * 4])
    def test_writer_requires_three_synchronized_passes(tmp_path, passes):
        from dataclasses import replace
    
        from cloud_edge_robot_arm.datasets.rgbd.writer import DatasetWriter
    
        record = sample_record()
        record.captured_frame = replace(record.captured_frame, pass_state_hashes=passes)
        writer = DatasetWriter(tmp_path, models().DatasetConfig(dataset_id="passes"))
>       with pytest.raises(ValueError, match="render passes"):
E       Failed: DID NOT RAISE <class 'ValueError'>

tests/test_rgbd_dataset_integrity.py:416: Failed
___________ test_writer_requires_three_synchronized_passes[passes3] ____________

tmp_path = PosixPath('/tmp/pytest-of-ningyd/pytest-118/test_writer_requires_three_syn3')
passes = ('state-hash', 'state-hash', 'state-hash', 'state-hash')

    @pytest.mark.parametrize("passes", [(), ("state-hash",), ("state-hash",) * 2,
                                        ("state-hash",) * 4])
    def test_writer_requires_three_synchronized_passes(tmp_path, passes):
        from dataclasses import replace
    
        from cloud_edge_robot_arm.datasets.rgbd.writer import DatasetWriter
    
        record = sample_record()
        record.captured_frame = replace(record.captured_frame, pass_state_hashes=passes)
        writer = DatasetWriter(tmp_path, models().DatasetConfig(dataset_id="passes"))
>       with pytest.raises(ValueError, match="render passes"):
E       Failed: DID NOT RAISE <class 'ValueError'>

tests/test_rgbd_dataset_integrity.py:416: Failed
________________ test_writer_requires_three_raw_passes[passes1] ________________

tmp_path = PosixPath('/tmp/pytest-of-ningyd/pytest-118/test_writer_requires_three_raw1')
passes = ('state-hash',)

    @pytest.mark.parametrize("passes", [(), ("state-hash",), ("state-hash",) * 2,
                                        ("state-hash",) * 4])
    def test_writer_requires_three_raw_passes(tmp_path, passes):
        from dataclasses import replace
    
        record = sample_record(raw=True)
        record.raw_captured_frame = replace(record.raw_captured_frame, pass_state_hashes=passes)
        writer = storage().DatasetWriter(tmp_path, models().DatasetConfig(dataset_id="raw-passes"))
>       with pytest.raises(ValueError, match="raw"):
E       Failed: DID NOT RAISE <class 'ValueError'>

tests/test_rgbd_dataset_integrity.py:428: Failed
________________ test_writer_requires_three_raw_passes[passes2] ________________

tmp_path = PosixPath('/tmp/pytest-of-ningyd/pytest-118/test_writer_requires_three_raw2')
passes = ('state-hash', 'state-hash')

    @pytest.mark.parametrize("passes", [(), ("state-hash",), ("state-hash",) * 2,
                                        ("state-hash",) * 4])
    def test_writer_requires_three_raw_passes(tmp_path, passes):
        from dataclasses import replace
    
        record = sample_record(raw=True)
        record.raw_captured_frame = replace(record.raw_captured_frame, pass_state_hashes=passes)
        writer = storage().DatasetWriter(tmp_path, models().DatasetConfig(dataset_id="raw-passes"))
>       with pytest.raises(ValueError, match="raw"):
E       Failed: DID NOT RAISE <class 'ValueError'>

tests/test_rgbd_dataset_integrity.py:428: Failed
________________ test_writer_requires_three_raw_passes[passes3] ________________

tmp_path = PosixPath('/tmp/pytest-of-ningyd/pytest-118/test_writer_requires_three_raw3')
passes = ('state-hash', 'state-hash', 'state-hash', 'state-hash')

    @pytest.mark.parametrize("passes", [(), ("state-hash",), ("state-hash",) * 2,
                                        ("state-hash",) * 4])
    def test_writer_requires_three_raw_passes(tmp_path, passes):
        from dataclasses import replace
    
        record = sample_record(raw=True)
        record.raw_captured_frame = replace(record.raw_captured_frame, pass_state_hashes=passes)
        writer = storage().DatasetWriter(tmp_path, models().DatasetConfig(dataset_id="raw-passes"))
>       with pytest.raises(ValueError, match="raw"):
E       Failed: DID NOT RAISE <class 'ValueError'>

tests/test_rgbd_dataset_integrity.py:428: Failed
________________ test_empty_physics_hash_is_not_sync_evidence[] ________________

tmp_path = PosixPath('/tmp/pytest-of-ningyd/pytest-118/test_empty_physics_hash_is_not0')
empty_hash = ''

    @pytest.mark.parametrize("empty_hash", ["", "   "])
    def test_empty_physics_hash_is_not_sync_evidence(tmp_path, empty_hash):
        from dataclasses import replace
    
        record = sample_record()
        record.physics_state_hash = empty_hash
        record.captured_frame = replace(record.captured_frame, physics_state_hash=empty_hash,
                                        pass_state_hashes=(empty_hash,) * 3)
        writer = storage().DatasetWriter(tmp_path, models().DatasetConfig(dataset_id="empty-hash"))
>       with pytest.raises(ValueError, match="render passes"):
E       Failed: DID NOT RAISE <class 'ValueError'>

tests/test_rgbd_dataset_integrity.py:441: Failed
______________ test_empty_physics_hash_is_not_sync_evidence[   ] _______________

tmp_path = PosixPath('/tmp/pytest-of-ningyd/pytest-118/test_empty_physics_hash_is_not1')
empty_hash = '   '

    @pytest.mark.parametrize("empty_hash", ["", "   "])
    def test_empty_physics_hash_is_not_sync_evidence(tmp_path, empty_hash):
        from dataclasses import replace
    
        record = sample_record()
        record.physics_state_hash = empty_hash
        record.captured_frame = replace(record.captured_frame, physics_state_hash=empty_hash,
                                        pass_state_hashes=(empty_hash,) * 3)
        writer = storage().DatasetWriter(tmp_path, models().DatasetConfig(dataset_id="empty-hash"))
>       with pytest.raises(ValueError, match="render passes"):
E       Failed: DID NOT RAISE <class 'ValueError'>

tests/test_rgbd_dataset_integrity.py:441: Failed
___________ test_main_state_file_is_persisted_and_verified_on_replay ___________

tmp_path = PosixPath('/tmp/pytest-of-ningyd/pytest-118/test_main_state_file_is_persis0')

    def test_main_state_file_is_persisted_and_verified_on_replay(tmp_path):
        writer, _, _ = write_fixture(tmp_path)
        record = writer.records[0]
>       assert "state" in record.paths
E       AssertionError: assert 'state' in {'camera': 'episodes/e-g-0e9a056d2e3f7e25826d662bad6b9d87/s-36f14d54ae46aeff6407ea6a9076d05c/camera.json', 'depth': 'e...png', 'instance': 'episodes/e-g-0e9a056d2e3f7e25826d662bad6b9d87/s-36f14d54ae46aeff6407ea6a9076d05c/instance.npy', ...}
E        +  where {'camera': 'episodes/e-g-0e9a056d2e3f7e25826d662bad6b9d87/s-36f14d54ae46aeff6407ea6a9076d05c/camera.json', 'depth': 'e...png', 'instance': 'episodes/e-g-0e9a056d2e3f7e25826d662bad6b9d87/s-36f14d54ae46aeff6407ea6a9076d05c/instance.npy', ...} = SampleRecord(schema_version='rgbd.dataset.v1', sample_id='s-36f14d54ae46aeff6407ea6a9076d05c', group_id='g-0e9a056d2e3...al_hash='', status='NEGATIVE', source='mujoco_camera', label_source='SIMULATOR_GROUND_TRUTH', execution_verified=False).paths

tests/test_rgbd_dataset_integrity.py:448: AssertionError
____ test_wrong_depth_visualization_rejected_even_with_matching_hash[L-255] ____

tmp_path = PosixPath('/tmp/pytest-of-ningyd/pytest-118/test_wrong_depth_visualization0')
mode = 'L', value = 255

    @pytest.mark.parametrize("mode,value", [("L", 255), ("RGB", (255, 0, 255))])
    def test_wrong_depth_visualization_rejected_even_with_matching_hash(tmp_path, mode, value):
        writer, _, _ = write_fixture(tmp_path)
        record = writer.records[0]
        path = tmp_path / record.paths["depth_vis"]
        Image.new(mode, (4, 3), value).save(path, format="PNG")
        record.file_hashes["depth_vis"] = hashlib.sha256(path.read_bytes()).hexdigest()
        from cloud_edge_robot_arm.vision.offline_reader import load_offline_observation
    
>       with pytest.raises(ValueError, match="depth visualization"):
E       Failed: DID NOT RAISE <class 'ValueError'>

tests/test_rgbd_dataset_integrity.py:471: Failed
_ test_wrong_depth_visualization_rejected_even_with_matching_hash[RGB-value1] __

tmp_path = PosixPath('/tmp/pytest-of-ningyd/pytest-118/test_wrong_depth_visualization1')
mode = 'RGB', value = (255, 0, 255)

    @pytest.mark.parametrize("mode,value", [("L", 255), ("RGB", (255, 0, 255))])
    def test_wrong_depth_visualization_rejected_even_with_matching_hash(tmp_path, mode, value):
        writer, _, _ = write_fixture(tmp_path)
        record = writer.records[0]
        path = tmp_path / record.paths["depth_vis"]
        Image.new(mode, (4, 3), value).save(path, format="PNG")
        record.file_hashes["depth_vis"] = hashlib.sha256(path.read_bytes()).hexdigest()
        from cloud_edge_robot_arm.vision.offline_reader import load_offline_observation
    
>       with pytest.raises(ValueError, match="depth visualization"):
E       Failed: DID NOT RAISE <class 'ValueError'>

tests/test_rgbd_dataset_integrity.py:471: Failed
=========================== short test summary info ============================
FAILED tests/test_rgbd_dataset_integrity.py::test_writer_requires_three_synchronized_passes[passes0]
FAILED tests/test_rgbd_dataset_integrity.py::test_writer_requires_three_synchronized_passes[passes1]
FAILED tests/test_rgbd_dataset_integrity.py::test_writer_requires_three_synchronized_passes[passes2]
FAILED tests/test_rgbd_dataset_integrity.py::test_writer_requires_three_synchronized_passes[passes3]
FAILED tests/test_rgbd_dataset_integrity.py::test_writer_requires_three_raw_passes[passes1]
FAILED tests/test_rgbd_dataset_integrity.py::test_writer_requires_three_raw_passes[passes2]
FAILED tests/test_rgbd_dataset_integrity.py::test_writer_requires_three_raw_passes[passes3]
FAILED tests/test_rgbd_dataset_integrity.py::test_empty_physics_hash_is_not_sync_evidence[]
FAILED tests/test_rgbd_dataset_integrity.py::test_empty_physics_hash_is_not_sync_evidence[   ]
FAILED tests/test_rgbd_dataset_integrity.py::test_main_state_file_is_persisted_and_verified_on_replay
FAILED tests/test_rgbd_dataset_integrity.py::test_wrong_depth_visualization_rejected_even_with_matching_hash[L-255]
FAILED tests/test_rgbd_dataset_integrity.py::test_wrong_depth_visualization_rejected_even_with_matching_hash[RGB-value1]
12 failed, 43 passed in 5.05s
