FFFFFFFFF                                                                [100%]
=================================== FAILURES ===================================
______ test_complete_success_p99_drives_tcap_and_fixed_full_method_terms _______

    def test_complete_success_p99_drives_tcap_and_fixed_full_method_terms():
>       plan = api().estimate_resource_terms(measurements(), formal_n=600, declared_ceilings=ceilings())
               ^^^^^

tests/test_research_resource_plan.py:36: 
_ _ _ _ _ _ _ _ _ _ _ _ _ _ _ _ _ _ _ _ _ _ _ _ _ _ _ _ _ _ _ _ _ _ _ _ _ _ _ _ 
tests/test_research_resource_plan.py:11: in api
    return importlib.import_module("cloud_edge_robot_arm.research.resource_plan")
           ^^^^^^^^^^^^^^^^^^^^^^^^^^^^^^^^^^^^^^^^^^^^^^^^^^^^^^^^^^^^^^^^^^^^^^
/usr/lib/python3.12/importlib/__init__.py:90: in import_module
    return _bootstrap._gcd_import(name[level:], package, level)
           ^^^^^^^^^^^^^^^^^^^^^^^^^^^^^^^^^^^^^^^^^^^^^^^^^^^^
<frozen importlib._bootstrap>:1387: in _gcd_import
    ???
<frozen importlib._bootstrap>:1360: in _find_and_load
    ???
_ _ _ _ _ _ _ _ _ _ _ _ _ _ _ _ _ _ _ _ _ _ _ _ _ _ _ _ _ _ _ _ _ _ _ _ _ _ _ _ 

name = 'cloud_edge_robot_arm.research.resource_plan'
import_ = <function _gcd_import at 0x7b06aa7a40e0>

>   ???
E   ModuleNotFoundError: No module named 'cloud_edge_robot_arm.research.resource_plan'

<frozen importlib._bootstrap>:1324: ModuleNotFoundError
____ test_failed_shortcuts_and_missing_success_cannot_compile_resource_plan ____

    def test_failed_shortcuts_and_missing_success_cannot_compile_resource_plan():
>       data = measurements()
               ^^^^^^^^^^^^^^

tests/test_research_resource_plan.py:52: 
_ _ _ _ _ _ _ _ _ _ _ _ _ _ _ _ _ _ _ _ _ _ _ _ _ _ _ _ _ _ _ _ _ _ _ _ _ _ _ _ 
tests/test_research_resource_plan.py:26: in measurements
    "auxiliary": {key: amount() for key in api().AUXILIARY_PHASES},
                                           ^^^^^
tests/test_research_resource_plan.py:11: in api
    return importlib.import_module("cloud_edge_robot_arm.research.resource_plan")
           ^^^^^^^^^^^^^^^^^^^^^^^^^^^^^^^^^^^^^^^^^^^^^^^^^^^^^^^^^^^^^^^^^^^^^^
/usr/lib/python3.12/importlib/__init__.py:90: in import_module
    return _bootstrap._gcd_import(name[level:], package, level)
           ^^^^^^^^^^^^^^^^^^^^^^^^^^^^^^^^^^^^^^^^^^^^^^^^^^^^
<frozen importlib._bootstrap>:1387: in _gcd_import
    ???
<frozen importlib._bootstrap>:1360: in _find_and_load
    ???
_ _ _ _ _ _ _ _ _ _ _ _ _ _ _ _ _ _ _ _ _ _ _ _ _ _ _ _ _ _ _ _ _ _ _ _ _ _ _ _ 

name = 'cloud_edge_robot_arm.research.resource_plan'
import_ = <function _gcd_import at 0x7b06aa7a40e0>

>   ???
E   ModuleNotFoundError: No module named 'cloud_edge_robot_arm.research.resource_plan'

<frozen importlib._bootstrap>:1324: ModuleNotFoundError
___________ test_successful_tcap_clamps_and_ceiling[durations0-120] ____________

durations = [1.0], expected = 120

    @pytest.mark.parametrize("durations,expected", [([1.],120), ([61.],130), ([1000.],600)])
    def test_successful_tcap_clamps_and_ceiling(durations, expected):
>       data = measurements()
               ^^^^^^^^^^^^^^

tests/test_research_resource_plan.py:64: 
_ _ _ _ _ _ _ _ _ _ _ _ _ _ _ _ _ _ _ _ _ _ _ _ _ _ _ _ _ _ _ _ _ _ _ _ _ _ _ _ 
tests/test_research_resource_plan.py:26: in measurements
    "auxiliary": {key: amount() for key in api().AUXILIARY_PHASES},
                                           ^^^^^
tests/test_research_resource_plan.py:11: in api
    return importlib.import_module("cloud_edge_robot_arm.research.resource_plan")
           ^^^^^^^^^^^^^^^^^^^^^^^^^^^^^^^^^^^^^^^^^^^^^^^^^^^^^^^^^^^^^^^^^^^^^^
/usr/lib/python3.12/importlib/__init__.py:90: in import_module
    return _bootstrap._gcd_import(name[level:], package, level)
           ^^^^^^^^^^^^^^^^^^^^^^^^^^^^^^^^^^^^^^^^^^^^^^^^^^^^
<frozen importlib._bootstrap>:1387: in _gcd_import
    ???
<frozen importlib._bootstrap>:1360: in _find_and_load
    ???
_ _ _ _ _ _ _ _ _ _ _ _ _ _ _ _ _ _ _ _ _ _ _ _ _ _ _ _ _ _ _ _ _ _ _ _ _ _ _ _ 

name = 'cloud_edge_robot_arm.research.resource_plan'
import_ = <function _gcd_import at 0x7b06aa7a40e0>

>   ???
E   ModuleNotFoundError: No module named 'cloud_edge_robot_arm.research.resource_plan'

<frozen importlib._bootstrap>:1324: ModuleNotFoundError
___________ test_successful_tcap_clamps_and_ceiling[durations1-130] ____________

durations = [61.0], expected = 130

    @pytest.mark.parametrize("durations,expected", [([1.],120), ([61.],130), ([1000.],600)])
    def test_successful_tcap_clamps_and_ceiling(durations, expected):
>       data = measurements()
               ^^^^^^^^^^^^^^

tests/test_research_resource_plan.py:64: 
_ _ _ _ _ _ _ _ _ _ _ _ _ _ _ _ _ _ _ _ _ _ _ _ _ _ _ _ _ _ _ _ _ _ _ _ _ _ _ _ 
tests/test_research_resource_plan.py:26: in measurements
    "auxiliary": {key: amount() for key in api().AUXILIARY_PHASES},
                                           ^^^^^
tests/test_research_resource_plan.py:11: in api
    return importlib.import_module("cloud_edge_robot_arm.research.resource_plan")
           ^^^^^^^^^^^^^^^^^^^^^^^^^^^^^^^^^^^^^^^^^^^^^^^^^^^^^^^^^^^^^^^^^^^^^^
/usr/lib/python3.12/importlib/__init__.py:90: in import_module
    return _bootstrap._gcd_import(name[level:], package, level)
           ^^^^^^^^^^^^^^^^^^^^^^^^^^^^^^^^^^^^^^^^^^^^^^^^^^^^
<frozen importlib._bootstrap>:1387: in _gcd_import
    ???
<frozen importlib._bootstrap>:1360: in _find_and_load
    ???
_ _ _ _ _ _ _ _ _ _ _ _ _ _ _ _ _ _ _ _ _ _ _ _ _ _ _ _ _ _ _ _ _ _ _ _ _ _ _ _ 

name = 'cloud_edge_robot_arm.research.resource_plan'
import_ = <function _gcd_import at 0x7b06aa7a40e0>

>   ???
E   ModuleNotFoundError: No module named 'cloud_edge_robot_arm.research.resource_plan'

<frozen importlib._bootstrap>:1324: ModuleNotFoundError
___________ test_successful_tcap_clamps_and_ceiling[durations2-600] ____________

durations = [1000.0], expected = 600

    @pytest.mark.parametrize("durations,expected", [([1.],120), ([61.],130), ([1000.],600)])
    def test_successful_tcap_clamps_and_ceiling(durations, expected):
>       data = measurements()
               ^^^^^^^^^^^^^^

tests/test_research_resource_plan.py:64: 
_ _ _ _ _ _ _ _ _ _ _ _ _ _ _ _ _ _ _ _ _ _ _ _ _ _ _ _ _ _ _ _ _ _ _ _ _ _ _ _ 
tests/test_research_resource_plan.py:26: in measurements
    "auxiliary": {key: amount() for key in api().AUXILIARY_PHASES},
                                           ^^^^^
tests/test_research_resource_plan.py:11: in api
    return importlib.import_module("cloud_edge_robot_arm.research.resource_plan")
           ^^^^^^^^^^^^^^^^^^^^^^^^^^^^^^^^^^^^^^^^^^^^^^^^^^^^^^^^^^^^^^^^^^^^^^
/usr/lib/python3.12/importlib/__init__.py:90: in import_module
    return _bootstrap._gcd_import(name[level:], package, level)
           ^^^^^^^^^^^^^^^^^^^^^^^^^^^^^^^^^^^^^^^^^^^^^^^^^^^^
<frozen importlib._bootstrap>:1387: in _gcd_import
    ???
<frozen importlib._bootstrap>:1360: in _find_and_load
    ???
_ _ _ _ _ _ _ _ _ _ _ _ _ _ _ _ _ _ _ _ _ _ _ _ _ _ _ _ _ _ _ _ _ _ _ _ _ _ _ _ 

name = 'cloud_edge_robot_arm.research.resource_plan'
import_ = <function _gcd_import at 0x7b06aa7a40e0>

>   ???
E   ModuleNotFoundError: No module named 'cloud_edge_robot_arm.research.resource_plan'

<frozen importlib._bootstrap>:1324: ModuleNotFoundError
______________ test_unknown_calibration_or_fees_remain_incomplete ______________

    def test_unknown_calibration_or_fees_remain_incomplete():
>       data = measurements()
               ^^^^^^^^^^^^^^

tests/test_research_resource_plan.py:72: 
_ _ _ _ _ _ _ _ _ _ _ _ _ _ _ _ _ _ _ _ _ _ _ _ _ _ _ _ _ _ _ _ _ _ _ _ _ _ _ _ 
tests/test_research_resource_plan.py:26: in measurements
    "auxiliary": {key: amount() for key in api().AUXILIARY_PHASES},
                                           ^^^^^
tests/test_research_resource_plan.py:11: in api
    return importlib.import_module("cloud_edge_robot_arm.research.resource_plan")
           ^^^^^^^^^^^^^^^^^^^^^^^^^^^^^^^^^^^^^^^^^^^^^^^^^^^^^^^^^^^^^^^^^^^^^^
/usr/lib/python3.12/importlib/__init__.py:90: in import_module
    return _bootstrap._gcd_import(name[level:], package, level)
           ^^^^^^^^^^^^^^^^^^^^^^^^^^^^^^^^^^^^^^^^^^^^^^^^^^^^
<frozen importlib._bootstrap>:1387: in _gcd_import
    ???
<frozen importlib._bootstrap>:1360: in _find_and_load
    ???
_ _ _ _ _ _ _ _ _ _ _ _ _ _ _ _ _ _ _ _ _ _ _ _ _ _ _ _ _ _ _ _ _ _ _ _ _ _ _ _ 

name = 'cloud_edge_robot_arm.research.resource_plan'
import_ = <function _gcd_import at 0x7b06aa7a40e0>

>   ???
E   ModuleNotFoundError: No module named 'cloud_edge_robot_arm.research.resource_plan'

<frozen importlib._bootstrap>:1324: ModuleNotFoundError
_________ test_absent_ceiling_unavailable_and_exceeded_quota_explicit __________

    def test_absent_ceiling_unavailable_and_exceeded_quota_explicit():
>       data = measurements()
               ^^^^^^^^^^^^^^

tests/test_research_resource_plan.py:82: 
_ _ _ _ _ _ _ _ _ _ _ _ _ _ _ _ _ _ _ _ _ _ _ _ _ _ _ _ _ _ _ _ _ _ _ _ _ _ _ _ 
tests/test_research_resource_plan.py:26: in measurements
    "auxiliary": {key: amount() for key in api().AUXILIARY_PHASES},
                                           ^^^^^
tests/test_research_resource_plan.py:11: in api
    return importlib.import_module("cloud_edge_robot_arm.research.resource_plan")
           ^^^^^^^^^^^^^^^^^^^^^^^^^^^^^^^^^^^^^^^^^^^^^^^^^^^^^^^^^^^^^^^^^^^^^^
/usr/lib/python3.12/importlib/__init__.py:90: in import_module
    return _bootstrap._gcd_import(name[level:], package, level)
           ^^^^^^^^^^^^^^^^^^^^^^^^^^^^^^^^^^^^^^^^^^^^^^^^^^^^
<frozen importlib._bootstrap>:1387: in _gcd_import
    ???
<frozen importlib._bootstrap>:1360: in _find_and_load
    ???
_ _ _ _ _ _ _ _ _ _ _ _ _ _ _ _ _ _ _ _ _ _ _ _ _ _ _ _ _ _ _ _ _ _ _ _ _ _ _ _ 

name = 'cloud_edge_robot_arm.research.resource_plan'
import_ = <function _gcd_import at 0x7b06aa7a40e0>

>   ???
E   ModuleNotFoundError: No module named 'cloud_edge_robot_arm.research.resource_plan'

<frozen importlib._bootstrap>:1324: ModuleNotFoundError
_ test_unknown_formal_n_never_selects_n_and_worst_scenario_keeps_current_storage _

    def test_unknown_formal_n_never_selects_n_and_worst_scenario_keeps_current_storage():
>       plan = api().estimate_resource_terms(measurements(), declared_ceilings=ceilings())
               ^^^^^

tests/test_research_resource_plan.py:92: 
_ _ _ _ _ _ _ _ _ _ _ _ _ _ _ _ _ _ _ _ _ _ _ _ _ _ _ _ _ _ _ _ _ _ _ _ _ _ _ _ 
tests/test_research_resource_plan.py:11: in api
    return importlib.import_module("cloud_edge_robot_arm.research.resource_plan")
           ^^^^^^^^^^^^^^^^^^^^^^^^^^^^^^^^^^^^^^^^^^^^^^^^^^^^^^^^^^^^^^^^^^^^^^
/usr/lib/python3.12/importlib/__init__.py:90: in import_module
    return _bootstrap._gcd_import(name[level:], package, level)
           ^^^^^^^^^^^^^^^^^^^^^^^^^^^^^^^^^^^^^^^^^^^^^^^^^^^^
<frozen importlib._bootstrap>:1387: in _gcd_import
    ???
<frozen importlib._bootstrap>:1360: in _find_and_load
    ???
_ _ _ _ _ _ _ _ _ _ _ _ _ _ _ _ _ _ _ _ _ _ _ _ _ _ _ _ _ _ _ _ _ _ _ _ _ _ _ _ 

name = 'cloud_edge_robot_arm.research.resource_plan'
import_ = <function _gcd_import at 0x7b06aa7a40e0>

>   ???
E   ModuleNotFoundError: No module named 'cloud_edge_robot_arm.research.resource_plan'

<frozen importlib._bootstrap>:1324: ModuleNotFoundError
___________ test_strict_reader_missing_actual_source_is_unavailable ____________

tmp_path = PosixPath('/tmp/pytest-of-ningyd/pytest-736/test_strict_reader_missing_act0')

    def test_strict_reader_missing_actual_source_is_unavailable(tmp_path):
>       result = api().compile_resource_plan(tmp_path, declared_ceilings=ceilings())
                 ^^^^^

tests/test_research_resource_plan.py:100: 
_ _ _ _ _ _ _ _ _ _ _ _ _ _ _ _ _ _ _ _ _ _ _ _ _ _ _ _ _ _ _ _ _ _ _ _ _ _ _ _ 
tests/test_research_resource_plan.py:11: in api
    return importlib.import_module("cloud_edge_robot_arm.research.resource_plan")
           ^^^^^^^^^^^^^^^^^^^^^^^^^^^^^^^^^^^^^^^^^^^^^^^^^^^^^^^^^^^^^^^^^^^^^^
/usr/lib/python3.12/importlib/__init__.py:90: in import_module
    return _bootstrap._gcd_import(name[level:], package, level)
           ^^^^^^^^^^^^^^^^^^^^^^^^^^^^^^^^^^^^^^^^^^^^^^^^^^^^
<frozen importlib._bootstrap>:1387: in _gcd_import
    ???
<frozen importlib._bootstrap>:1360: in _find_and_load
    ???
_ _ _ _ _ _ _ _ _ _ _ _ _ _ _ _ _ _ _ _ _ _ _ _ _ _ _ _ _ _ _ _ _ _ _ _ _ _ _ _ 

name = 'cloud_edge_robot_arm.research.resource_plan'
import_ = <function _gcd_import at 0x7b06aa7a40e0>

>   ???
E   ModuleNotFoundError: No module named 'cloud_edge_robot_arm.research.resource_plan'

<frozen importlib._bootstrap>:1324: ModuleNotFoundError
=========================== short test summary info ============================
FAILED tests/test_research_resource_plan.py::test_complete_success_p99_drives_tcap_and_fixed_full_method_terms
FAILED tests/test_research_resource_plan.py::test_failed_shortcuts_and_missing_success_cannot_compile_resource_plan
FAILED tests/test_research_resource_plan.py::test_successful_tcap_clamps_and_ceiling[durations0-120]
FAILED tests/test_research_resource_plan.py::test_successful_tcap_clamps_and_ceiling[durations1-130]
FAILED tests/test_research_resource_plan.py::test_successful_tcap_clamps_and_ceiling[durations2-600]
FAILED tests/test_research_resource_plan.py::test_unknown_calibration_or_fees_remain_incomplete
FAILED tests/test_research_resource_plan.py::test_absent_ceiling_unavailable_and_exceeded_quota_explicit
FAILED tests/test_research_resource_plan.py::test_unknown_formal_n_never_selects_n_and_worst_scenario_keeps_current_storage
FAILED tests/test_research_resource_plan.py::test_strict_reader_missing_actual_source_is_unavailable
9 failed in 0.10s
