FFFFFFF                                                                  [100%]
=================================== FAILURES ===================================
__________ test_all_roles_retries_errors_and_actual_wire_are_counted ___________

tmp_path = PosixPath('/tmp/pytest-of-ningyd/pytest-743/test_all_roles_retries_errors_0')

    def test_all_roles_retries_errors_and_actual_wire_are_counted(tmp_path):
        rows, _ = request_fixture(tmp_path)
>       result = api()._read_request_costs(tmp_path, "requests.json", "wire.json")
                 ^^^^^^^^^^^^^^^^^^^^^^^^^
E       AttributeError: module 'cloud_edge_robot_arm.research.resource_plan' has no attribute '_read_request_costs'

tests/test_research_resource_plan.py:133: AttributeError
_____ test_cost_reader_rejects_rehashed_actual_count_and_wire_drift[wire] ______

tmp_path = PosixPath('/tmp/pytest-of-ningyd/pytest-743/test_cost_reader_rejects_rehas0')
damage = 'wire'

    @pytest.mark.parametrize("damage", ["wire", "identity", "missing", "inflight"])
    def test_cost_reader_rejects_rehashed_actual_count_and_wire_drift(tmp_path, damage):
        import json
    
        rows, wire = request_fixture(tmp_path)
        if damage == "wire":
            (tmp_path / "request-0.raw").write_bytes(b"truncated")
        elif damage == "identity":
            wire[0]["request_id"] = "foreign"
        elif damage == "missing":
            wire.pop()
        else:
            rows[0].update(status="IN_FLIGHT", finished_at=None)
        (tmp_path / "requests.json").write_text(json.dumps(rows))
        (tmp_path / "wire.json").write_text(json.dumps(wire))
        with pytest.raises(ValueError):
>           api()._read_request_costs(tmp_path, "requests.json", "wire.json")
            ^^^^^^^^^^^^^^^^^^^^^^^^^
E           AttributeError: module 'cloud_edge_robot_arm.research.resource_plan' has no attribute '_read_request_costs'

tests/test_research_resource_plan.py:157: AttributeError
___ test_cost_reader_rejects_rehashed_actual_count_and_wire_drift[identity] ____

tmp_path = PosixPath('/tmp/pytest-of-ningyd/pytest-743/test_cost_reader_rejects_rehas1')
damage = 'identity'

    @pytest.mark.parametrize("damage", ["wire", "identity", "missing", "inflight"])
    def test_cost_reader_rejects_rehashed_actual_count_and_wire_drift(tmp_path, damage):
        import json
    
        rows, wire = request_fixture(tmp_path)
        if damage == "wire":
            (tmp_path / "request-0.raw").write_bytes(b"truncated")
        elif damage == "identity":
            wire[0]["request_id"] = "foreign"
        elif damage == "missing":
            wire.pop()
        else:
            rows[0].update(status="IN_FLIGHT", finished_at=None)
        (tmp_path / "requests.json").write_text(json.dumps(rows))
        (tmp_path / "wire.json").write_text(json.dumps(wire))
        with pytest.raises(ValueError):
>           api()._read_request_costs(tmp_path, "requests.json", "wire.json")
            ^^^^^^^^^^^^^^^^^^^^^^^^^
E           AttributeError: module 'cloud_edge_robot_arm.research.resource_plan' has no attribute '_read_request_costs'

tests/test_research_resource_plan.py:157: AttributeError
____ test_cost_reader_rejects_rehashed_actual_count_and_wire_drift[missing] ____

tmp_path = PosixPath('/tmp/pytest-of-ningyd/pytest-743/test_cost_reader_rejects_rehas2')
damage = 'missing'

    @pytest.mark.parametrize("damage", ["wire", "identity", "missing", "inflight"])
    def test_cost_reader_rejects_rehashed_actual_count_and_wire_drift(tmp_path, damage):
        import json
    
        rows, wire = request_fixture(tmp_path)
        if damage == "wire":
            (tmp_path / "request-0.raw").write_bytes(b"truncated")
        elif damage == "identity":
            wire[0]["request_id"] = "foreign"
        elif damage == "missing":
            wire.pop()
        else:
            rows[0].update(status="IN_FLIGHT", finished_at=None)
        (tmp_path / "requests.json").write_text(json.dumps(rows))
        (tmp_path / "wire.json").write_text(json.dumps(wire))
        with pytest.raises(ValueError):
>           api()._read_request_costs(tmp_path, "requests.json", "wire.json")
            ^^^^^^^^^^^^^^^^^^^^^^^^^
E           AttributeError: module 'cloud_edge_robot_arm.research.resource_plan' has no attribute '_read_request_costs'

tests/test_research_resource_plan.py:157: AttributeError
___ test_cost_reader_rejects_rehashed_actual_count_and_wire_drift[inflight] ____

tmp_path = PosixPath('/tmp/pytest-of-ningyd/pytest-743/test_cost_reader_rejects_rehas3')
damage = 'inflight'

    @pytest.mark.parametrize("damage", ["wire", "identity", "missing", "inflight"])
    def test_cost_reader_rejects_rehashed_actual_count_and_wire_drift(tmp_path, damage):
        import json
    
        rows, wire = request_fixture(tmp_path)
        if damage == "wire":
            (tmp_path / "request-0.raw").write_bytes(b"truncated")
        elif damage == "identity":
            wire[0]["request_id"] = "foreign"
        elif damage == "missing":
            wire.pop()
        else:
            rows[0].update(status="IN_FLIGHT", finished_at=None)
        (tmp_path / "requests.json").write_text(json.dumps(rows))
        (tmp_path / "wire.json").write_text(json.dumps(wire))
        with pytest.raises(ValueError):
>           api()._read_request_costs(tmp_path, "requests.json", "wire.json")
            ^^^^^^^^^^^^^^^^^^^^^^^^^
E           AttributeError: module 'cloud_edge_robot_arm.research.resource_plan' has no attribute '_read_request_costs'

tests/test_research_resource_plan.py:157: AttributeError
______ test_missing_billing_remains_unknown_and_empty_requests_need_proof ______

tmp_path = PosixPath('/tmp/pytest-of-ningyd/pytest-743/test_missing_billing_remains_u0')

    def test_missing_billing_remains_unknown_and_empty_requests_need_proof(tmp_path):
        import json
    
        request_fixture(tmp_path, missing_fee=True)
>       assert api()._read_request_costs(tmp_path, "requests.json", "wire.json")["monetary_cost"] is None
               ^^^^^^^^^^^^^^^^^^^^^^^^^
E       AttributeError: module 'cloud_edge_robot_arm.research.resource_plan' has no attribute '_read_request_costs'

tests/test_research_resource_plan.py:164: AttributeError
__________ test_whole_tree_measures_raw_archives_and_rejects_symlinks __________

tmp_path = PosixPath('/tmp/pytest-of-ningyd/pytest-743/test_whole_tree_measures_raw_a0')

    def test_whole_tree_measures_raw_archives_and_rejects_symlinks(tmp_path):
        (tmp_path / "raw").mkdir()
        (tmp_path / "source").mkdir()
        (tmp_path / "raw/data.bin").write_bytes(b"12345")
        (tmp_path / "source/code.py").write_bytes(b"123")
        (tmp_path / "other.json").write_bytes(b"{}")
        (tmp_path / "resource-plan.json").write_bytes(b"compiler receipt excluded from own inputs")
>       result = api()._tree_sizes(tmp_path)
                 ^^^^^^^^^^^^^^^^^
E       AttributeError: module 'cloud_edge_robot_arm.research.resource_plan' has no attribute '_tree_sizes'

tests/test_research_resource_plan.py:178: AttributeError
=========================== short test summary info ============================
FAILED tests/test_research_resource_plan.py::test_all_roles_retries_errors_and_actual_wire_are_counted
FAILED tests/test_research_resource_plan.py::test_cost_reader_rejects_rehashed_actual_count_and_wire_drift[wire]
FAILED tests/test_research_resource_plan.py::test_cost_reader_rejects_rehashed_actual_count_and_wire_drift[identity]
FAILED tests/test_research_resource_plan.py::test_cost_reader_rejects_rehashed_actual_count_and_wire_drift[missing]
FAILED tests/test_research_resource_plan.py::test_cost_reader_rejects_rehashed_actual_count_and_wire_drift[inflight]
FAILED tests/test_research_resource_plan.py::test_missing_billing_remains_unknown_and_empty_requests_need_proof
FAILED tests/test_research_resource_plan.py::test_whole_tree_measures_raw_archives_and_rejects_symlinks
7 failed, 9 deselected in 0.28s
