FF                                                                       [100%]
=================================== FAILURES ===================================
_ test_resized_pixel_is_converted_from_sent_image_not_reinterpreted_as_original _

tmp_path = PosixPath('/tmp/pytest-of-ningyd/pytest-918/test_resized_pixel_is_converte0')
monkeypatch = <_pytest.monkeypatch.MonkeyPatch object at 0x71fbcf242a80>

    def test_resized_pixel_is_converted_from_sent_image_not_reinterpreted_as_original(tmp_path, monkeypatch):
        def selected(d): d["replacements"][0]["target_pixel"] = [0, 0]
>       provider, wire, _, _, _, _ = setup(tmp_path, monkeypatch, change=selected, image_size=(1,1))
                                     ^^^^^^^^^^^^^^^^^^^^^^^^^^^^^^^^^^^^^^^^^^^^^^^^^^^^^^^^^^^^^^^
E       TypeError: setup() got an unexpected keyword argument 'image_size'

tests/test_role_conditional_planning.py:415: TypeError
___ test_symlinked_role_source_root_cannot_become_current_by_resolving_alias ___

tmp_path = PosixPath('/tmp/pytest-of-ningyd/pytest-918/test_symlinked_role_source_roo0')
monkeypatch = <_pytest.monkeypatch.MonkeyPatch object at 0x71fbcf243260>

    def test_symlinked_role_source_root_cannot_become_current_by_resolving_alias(tmp_path, monkeypatch):
        provider, wire, planner, binding, _, _ = setup(tmp_path, monkeypatch)
        alias = tmp_path.parent / (tmp_path.name + "-source-alias")
        alias.symlink_to(tmp_path, target_is_directory=True)
        provider.binding = replace(binding, root=alias, edge_policy=binding.evidence()["edge_policy"])
>       with pytest.raises(api().RoleConditionalPlanningUnavailable): provider.plan()
E       Failed: DID NOT RAISE <class 'cloud_edge_robot_arm.cloud.replanning.role_conditional_planning.RoleConditionalPlanningUnavailable'>

tests/test_role_conditional_planning.py:426: Failed
=========================== short test summary info ============================
FAILED tests/test_role_conditional_planning.py::test_resized_pixel_is_converted_from_sent_image_not_reinterpreted_as_original
FAILED tests/test_role_conditional_planning.py::test_symlinked_role_source_root_cannot_become_current_by_resolving_alias
2 failed, 43 deselected in 0.55s
