FFFFFFFFFFFFFFFFFFFFFFFFFFFFFFFFF                                        [100%]
=================================== FAILURES ===================================
_____ test_future_fail_is_planning_only_with_two_images_and_replanner_cost _____

tmp_path = PosixPath('/tmp/pytest-of-ningyd/pytest-894/test_future_fail_is_planning_o0')
monkeypatch = <_pytest.monkeypatch.MonkeyPatch object at 0x7e9997d0f6b0>

    def test_future_fail_is_planning_only_with_two_images_and_replanner_cost(tmp_path, monkeypatch):
>       provider, wire, planner, _, data, _ = setup(tmp_path, monkeypatch)
                                              ^^^^^^^^^^^^^^^^^^^^^^^^^^^^

tests/test_role_conditional_planning.py:119: 
_ _ _ _ _ _ _ _ _ _ _ _ _ _ _ _ _ _ _ _ _ _ _ _ _ _ _ _ _ _ _ _ _ _ _ _ _ _ _ _ 
tests/test_role_conditional_planning.py:73: in setup
    module = api()
             ^^^^^
tests/test_role_conditional_planning.py:37: in api
    return importlib.import_module("cloud_edge_robot_arm.cloud.replanning.role_conditional_planning")
           ^^^^^^^^^^^^^^^^^^^^^^^^^^^^^^^^^^^^^^^^^^^^^^^^^^^^^^^^^^^^^^^^^^^^^^^^^^^^^^^^^^^^^^^^^^
/usr/lib/python3.12/importlib/__init__.py:90: in import_module
    return _bootstrap._gcd_import(name[level:], package, level)
           ^^^^^^^^^^^^^^^^^^^^^^^^^^^^^^^^^^^^^^^^^^^^^^^^^^^^
<frozen importlib._bootstrap>:1387: in _gcd_import
    ???
<frozen importlib._bootstrap>:1360: in _find_and_load
    ???
_ _ _ _ _ _ _ _ _ _ _ _ _ _ _ _ _ _ _ _ _ _ _ _ _ _ _ _ _ _ _ _ _ _ _ _ _ _ _ _ 

name = 'cloud_edge_robot_arm.cloud.replanning.role_conditional_planning'
import_ = <function _gcd_import at 0x7e99c5b0c0e0>

>   ???
E   ModuleNotFoundError: No module named 'cloud_edge_robot_arm.cloud.replanning.role_conditional_planning'

<frozen importlib._bootstrap>:1324: ModuleNotFoundError
____________ test_remote_text_contains_only_minimum_intent_context _____________

tmp_path = PosixPath('/tmp/pytest-of-ningyd/pytest-894/test_remote_text_contains_only0')
monkeypatch = <_pytest.monkeypatch.MonkeyPatch object at 0x7e9997d460c0>

    def test_remote_text_contains_only_minimum_intent_context(tmp_path, monkeypatch):
>       provider, wire, _, _, _, _ = setup(tmp_path, monkeypatch)
                                     ^^^^^^^^^^^^^^^^^^^^^^^^^^^^

tests/test_role_conditional_planning.py:138: 
_ _ _ _ _ _ _ _ _ _ _ _ _ _ _ _ _ _ _ _ _ _ _ _ _ _ _ _ _ _ _ _ _ _ _ _ _ _ _ _ 
tests/test_role_conditional_planning.py:73: in setup
    module = api()
             ^^^^^
tests/test_role_conditional_planning.py:37: in api
    return importlib.import_module("cloud_edge_robot_arm.cloud.replanning.role_conditional_planning")
           ^^^^^^^^^^^^^^^^^^^^^^^^^^^^^^^^^^^^^^^^^^^^^^^^^^^^^^^^^^^^^^^^^^^^^^^^^^^^^^^^^^^^^^^^^^
/usr/lib/python3.12/importlib/__init__.py:90: in import_module
    return _bootstrap._gcd_import(name[level:], package, level)
           ^^^^^^^^^^^^^^^^^^^^^^^^^^^^^^^^^^^^^^^^^^^^^^^^^^^^
<frozen importlib._bootstrap>:1387: in _gcd_import
    ???
<frozen importlib._bootstrap>:1360: in _find_and_load
    ???
_ _ _ _ _ _ _ _ _ _ _ _ _ _ _ _ _ _ _ _ _ _ _ _ _ _ _ _ _ _ _ _ _ _ _ _ _ _ _ _ 

name = 'cloud_edge_robot_arm.cloud.replanning.role_conditional_planning'
import_ = <function _gcd_import at 0x7e99c5b0c0e0>

>   ???
E   ModuleNotFoundError: No module named 'cloud_edge_robot_arm.cloud.replanning.role_conditional_planning'

<frozen importlib._bootstrap>:1324: ModuleNotFoundError
_ test_missing_prerequisite_makes_zero_requests_and_zero_reservations[binding] _

tmp_path = PosixPath('/tmp/pytest-of-ningyd/pytest-894/test_missing_prerequisite_make0')
monkeypatch = <_pytest.monkeypatch.MonkeyPatch object at 0x7e9997d46f00>
missing = 'binding'

    @pytest.mark.parametrize("missing", ["binding", "source", "key", "paid", "ledger", "inventory", "snapshot", "role", "original_bundle"])
    def test_missing_prerequisite_makes_zero_requests_and_zero_reservations(tmp_path, monkeypatch, missing):
>       provider, wire, planner, binding, _, _ = setup(tmp_path, monkeypatch)
                                                 ^^^^^^^^^^^^^^^^^^^^^^^^^^^^

tests/test_role_conditional_planning.py:152: 
_ _ _ _ _ _ _ _ _ _ _ _ _ _ _ _ _ _ _ _ _ _ _ _ _ _ _ _ _ _ _ _ _ _ _ _ _ _ _ _ 
tests/test_role_conditional_planning.py:73: in setup
    module = api()
             ^^^^^
tests/test_role_conditional_planning.py:37: in api
    return importlib.import_module("cloud_edge_robot_arm.cloud.replanning.role_conditional_planning")
           ^^^^^^^^^^^^^^^^^^^^^^^^^^^^^^^^^^^^^^^^^^^^^^^^^^^^^^^^^^^^^^^^^^^^^^^^^^^^^^^^^^^^^^^^^^
/usr/lib/python3.12/importlib/__init__.py:90: in import_module
    return _bootstrap._gcd_import(name[level:], package, level)
           ^^^^^^^^^^^^^^^^^^^^^^^^^^^^^^^^^^^^^^^^^^^^^^^^^^^^
<frozen importlib._bootstrap>:1387: in _gcd_import
    ???
<frozen importlib._bootstrap>:1360: in _find_and_load
    ???
_ _ _ _ _ _ _ _ _ _ _ _ _ _ _ _ _ _ _ _ _ _ _ _ _ _ _ _ _ _ _ _ _ _ _ _ _ _ _ _ 

name = 'cloud_edge_robot_arm.cloud.replanning.role_conditional_planning'
import_ = <function _gcd_import at 0x7e99c5b0c0e0>

>   ???
E   ModuleNotFoundError: No module named 'cloud_edge_robot_arm.cloud.replanning.role_conditional_planning'

<frozen importlib._bootstrap>:1324: ModuleNotFoundError
_ test_missing_prerequisite_makes_zero_requests_and_zero_reservations[source] __

tmp_path = PosixPath('/tmp/pytest-of-ningyd/pytest-894/test_missing_prerequisite_make1')
monkeypatch = <_pytest.monkeypatch.MonkeyPatch object at 0x7e9997d470e0>
missing = 'source'

    @pytest.mark.parametrize("missing", ["binding", "source", "key", "paid", "ledger", "inventory", "snapshot", "role", "original_bundle"])
    def test_missing_prerequisite_makes_zero_requests_and_zero_reservations(tmp_path, monkeypatch, missing):
>       provider, wire, planner, binding, _, _ = setup(tmp_path, monkeypatch)
                                                 ^^^^^^^^^^^^^^^^^^^^^^^^^^^^

tests/test_role_conditional_planning.py:152: 
_ _ _ _ _ _ _ _ _ _ _ _ _ _ _ _ _ _ _ _ _ _ _ _ _ _ _ _ _ _ _ _ _ _ _ _ _ _ _ _ 
tests/test_role_conditional_planning.py:73: in setup
    module = api()
             ^^^^^
tests/test_role_conditional_planning.py:37: in api
    return importlib.import_module("cloud_edge_robot_arm.cloud.replanning.role_conditional_planning")
           ^^^^^^^^^^^^^^^^^^^^^^^^^^^^^^^^^^^^^^^^^^^^^^^^^^^^^^^^^^^^^^^^^^^^^^^^^^^^^^^^^^^^^^^^^^
/usr/lib/python3.12/importlib/__init__.py:90: in import_module
    return _bootstrap._gcd_import(name[level:], package, level)
           ^^^^^^^^^^^^^^^^^^^^^^^^^^^^^^^^^^^^^^^^^^^^^^^^^^^^
<frozen importlib._bootstrap>:1387: in _gcd_import
    ???
<frozen importlib._bootstrap>:1360: in _find_and_load
    ???
_ _ _ _ _ _ _ _ _ _ _ _ _ _ _ _ _ _ _ _ _ _ _ _ _ _ _ _ _ _ _ _ _ _ _ _ _ _ _ _ 

name = 'cloud_edge_robot_arm.cloud.replanning.role_conditional_planning'
import_ = <function _gcd_import at 0x7e99c5b0c0e0>

>   ???
E   ModuleNotFoundError: No module named 'cloud_edge_robot_arm.cloud.replanning.role_conditional_planning'

<frozen importlib._bootstrap>:1324: ModuleNotFoundError
___ test_missing_prerequisite_makes_zero_requests_and_zero_reservations[key] ___

tmp_path = PosixPath('/tmp/pytest-of-ningyd/pytest-894/test_missing_prerequisite_make2')
monkeypatch = <_pytest.monkeypatch.MonkeyPatch object at 0x7e9997d47bf0>
missing = 'key'

    @pytest.mark.parametrize("missing", ["binding", "source", "key", "paid", "ledger", "inventory", "snapshot", "role", "original_bundle"])
    def test_missing_prerequisite_makes_zero_requests_and_zero_reservations(tmp_path, monkeypatch, missing):
>       provider, wire, planner, binding, _, _ = setup(tmp_path, monkeypatch)
                                                 ^^^^^^^^^^^^^^^^^^^^^^^^^^^^

tests/test_role_conditional_planning.py:152: 
_ _ _ _ _ _ _ _ _ _ _ _ _ _ _ _ _ _ _ _ _ _ _ _ _ _ _ _ _ _ _ _ _ _ _ _ _ _ _ _ 
tests/test_role_conditional_planning.py:73: in setup
    module = api()
             ^^^^^
tests/test_role_conditional_planning.py:37: in api
    return importlib.import_module("cloud_edge_robot_arm.cloud.replanning.role_conditional_planning")
           ^^^^^^^^^^^^^^^^^^^^^^^^^^^^^^^^^^^^^^^^^^^^^^^^^^^^^^^^^^^^^^^^^^^^^^^^^^^^^^^^^^^^^^^^^^
/usr/lib/python3.12/importlib/__init__.py:90: in import_module
    return _bootstrap._gcd_import(name[level:], package, level)
           ^^^^^^^^^^^^^^^^^^^^^^^^^^^^^^^^^^^^^^^^^^^^^^^^^^^^
<frozen importlib._bootstrap>:1387: in _gcd_import
    ???
<frozen importlib._bootstrap>:1360: in _find_and_load
    ???
_ _ _ _ _ _ _ _ _ _ _ _ _ _ _ _ _ _ _ _ _ _ _ _ _ _ _ _ _ _ _ _ _ _ _ _ _ _ _ _ 

name = 'cloud_edge_robot_arm.cloud.replanning.role_conditional_planning'
import_ = <function _gcd_import at 0x7e99c5b0c0e0>

>   ???
E   ModuleNotFoundError: No module named 'cloud_edge_robot_arm.cloud.replanning.role_conditional_planning'

<frozen importlib._bootstrap>:1324: ModuleNotFoundError
__ test_missing_prerequisite_makes_zero_requests_and_zero_reservations[paid] ___

tmp_path = PosixPath('/tmp/pytest-of-ningyd/pytest-894/test_missing_prerequisite_make3')
monkeypatch = <_pytest.monkeypatch.MonkeyPatch object at 0x7e9997d8c440>
missing = 'paid'

    @pytest.mark.parametrize("missing", ["binding", "source", "key", "paid", "ledger", "inventory", "snapshot", "role", "original_bundle"])
    def test_missing_prerequisite_makes_zero_requests_and_zero_reservations(tmp_path, monkeypatch, missing):
>       provider, wire, planner, binding, _, _ = setup(tmp_path, monkeypatch)
                                                 ^^^^^^^^^^^^^^^^^^^^^^^^^^^^

tests/test_role_conditional_planning.py:152: 
_ _ _ _ _ _ _ _ _ _ _ _ _ _ _ _ _ _ _ _ _ _ _ _ _ _ _ _ _ _ _ _ _ _ _ _ _ _ _ _ 
tests/test_role_conditional_planning.py:73: in setup
    module = api()
             ^^^^^
tests/test_role_conditional_planning.py:37: in api
    return importlib.import_module("cloud_edge_robot_arm.cloud.replanning.role_conditional_planning")
           ^^^^^^^^^^^^^^^^^^^^^^^^^^^^^^^^^^^^^^^^^^^^^^^^^^^^^^^^^^^^^^^^^^^^^^^^^^^^^^^^^^^^^^^^^^
/usr/lib/python3.12/importlib/__init__.py:90: in import_module
    return _bootstrap._gcd_import(name[level:], package, level)
           ^^^^^^^^^^^^^^^^^^^^^^^^^^^^^^^^^^^^^^^^^^^^^^^^^^^^
<frozen importlib._bootstrap>:1387: in _gcd_import
    ???
<frozen importlib._bootstrap>:1360: in _find_and_load
    ???
_ _ _ _ _ _ _ _ _ _ _ _ _ _ _ _ _ _ _ _ _ _ _ _ _ _ _ _ _ _ _ _ _ _ _ _ _ _ _ _ 

name = 'cloud_edge_robot_arm.cloud.replanning.role_conditional_planning'
import_ = <function _gcd_import at 0x7e99c5b0c0e0>

>   ???
E   ModuleNotFoundError: No module named 'cloud_edge_robot_arm.cloud.replanning.role_conditional_planning'

<frozen importlib._bootstrap>:1324: ModuleNotFoundError
_ test_missing_prerequisite_makes_zero_requests_and_zero_reservations[ledger] __

tmp_path = PosixPath('/tmp/pytest-of-ningyd/pytest-894/test_missing_prerequisite_make4')
monkeypatch = <_pytest.monkeypatch.MonkeyPatch object at 0x7e9997d8d3a0>
missing = 'ledger'

    @pytest.mark.parametrize("missing", ["binding", "source", "key", "paid", "ledger", "inventory", "snapshot", "role", "original_bundle"])
    def test_missing_prerequisite_makes_zero_requests_and_zero_reservations(tmp_path, monkeypatch, missing):
>       provider, wire, planner, binding, _, _ = setup(tmp_path, monkeypatch)
                                                 ^^^^^^^^^^^^^^^^^^^^^^^^^^^^

tests/test_role_conditional_planning.py:152: 
_ _ _ _ _ _ _ _ _ _ _ _ _ _ _ _ _ _ _ _ _ _ _ _ _ _ _ _ _ _ _ _ _ _ _ _ _ _ _ _ 
tests/test_role_conditional_planning.py:73: in setup
    module = api()
             ^^^^^
tests/test_role_conditional_planning.py:37: in api
    return importlib.import_module("cloud_edge_robot_arm.cloud.replanning.role_conditional_planning")
           ^^^^^^^^^^^^^^^^^^^^^^^^^^^^^^^^^^^^^^^^^^^^^^^^^^^^^^^^^^^^^^^^^^^^^^^^^^^^^^^^^^^^^^^^^^
/usr/lib/python3.12/importlib/__init__.py:90: in import_module
    return _bootstrap._gcd_import(name[level:], package, level)
           ^^^^^^^^^^^^^^^^^^^^^^^^^^^^^^^^^^^^^^^^^^^^^^^^^^^^
<frozen importlib._bootstrap>:1387: in _gcd_import
    ???
<frozen importlib._bootstrap>:1360: in _find_and_load
    ???
_ _ _ _ _ _ _ _ _ _ _ _ _ _ _ _ _ _ _ _ _ _ _ _ _ _ _ _ _ _ _ _ _ _ _ _ _ _ _ _ 

name = 'cloud_edge_robot_arm.cloud.replanning.role_conditional_planning'
import_ = <function _gcd_import at 0x7e99c5b0c0e0>

>   ???
E   ModuleNotFoundError: No module named 'cloud_edge_robot_arm.cloud.replanning.role_conditional_planning'

<frozen importlib._bootstrap>:1324: ModuleNotFoundError
_ test_missing_prerequisite_makes_zero_requests_and_zero_reservations[inventory] _

tmp_path = PosixPath('/tmp/pytest-of-ningyd/pytest-894/test_missing_prerequisite_make5')
monkeypatch = <_pytest.monkeypatch.MonkeyPatch object at 0x7e9997d8e2a0>
missing = 'inventory'

    @pytest.mark.parametrize("missing", ["binding", "source", "key", "paid", "ledger", "inventory", "snapshot", "role", "original_bundle"])
    def test_missing_prerequisite_makes_zero_requests_and_zero_reservations(tmp_path, monkeypatch, missing):
>       provider, wire, planner, binding, _, _ = setup(tmp_path, monkeypatch)
                                                 ^^^^^^^^^^^^^^^^^^^^^^^^^^^^

tests/test_role_conditional_planning.py:152: 
_ _ _ _ _ _ _ _ _ _ _ _ _ _ _ _ _ _ _ _ _ _ _ _ _ _ _ _ _ _ _ _ _ _ _ _ _ _ _ _ 
tests/test_role_conditional_planning.py:73: in setup
    module = api()
             ^^^^^
tests/test_role_conditional_planning.py:37: in api
    return importlib.import_module("cloud_edge_robot_arm.cloud.replanning.role_conditional_planning")
           ^^^^^^^^^^^^^^^^^^^^^^^^^^^^^^^^^^^^^^^^^^^^^^^^^^^^^^^^^^^^^^^^^^^^^^^^^^^^^^^^^^^^^^^^^^
/usr/lib/python3.12/importlib/__init__.py:90: in import_module
    return _bootstrap._gcd_import(name[level:], package, level)
           ^^^^^^^^^^^^^^^^^^^^^^^^^^^^^^^^^^^^^^^^^^^^^^^^^^^^
<frozen importlib._bootstrap>:1387: in _gcd_import
    ???
<frozen importlib._bootstrap>:1360: in _find_and_load
    ???
_ _ _ _ _ _ _ _ _ _ _ _ _ _ _ _ _ _ _ _ _ _ _ _ _ _ _ _ _ _ _ _ _ _ _ _ _ _ _ _ 

name = 'cloud_edge_robot_arm.cloud.replanning.role_conditional_planning'
import_ = <function _gcd_import at 0x7e99c5b0c0e0>

>   ???
E   ModuleNotFoundError: No module named 'cloud_edge_robot_arm.cloud.replanning.role_conditional_planning'

<frozen importlib._bootstrap>:1324: ModuleNotFoundError
_ test_missing_prerequisite_makes_zero_requests_and_zero_reservations[snapshot] _

tmp_path = PosixPath('/tmp/pytest-of-ningyd/pytest-894/test_missing_prerequisite_make6')
monkeypatch = <_pytest.monkeypatch.MonkeyPatch object at 0x7e9997d8f380>
missing = 'snapshot'

    @pytest.mark.parametrize("missing", ["binding", "source", "key", "paid", "ledger", "inventory", "snapshot", "role", "original_bundle"])
    def test_missing_prerequisite_makes_zero_requests_and_zero_reservations(tmp_path, monkeypatch, missing):
>       provider, wire, planner, binding, _, _ = setup(tmp_path, monkeypatch)
                                                 ^^^^^^^^^^^^^^^^^^^^^^^^^^^^

tests/test_role_conditional_planning.py:152: 
_ _ _ _ _ _ _ _ _ _ _ _ _ _ _ _ _ _ _ _ _ _ _ _ _ _ _ _ _ _ _ _ _ _ _ _ _ _ _ _ 
tests/test_role_conditional_planning.py:73: in setup
    module = api()
             ^^^^^
tests/test_role_conditional_planning.py:37: in api
    return importlib.import_module("cloud_edge_robot_arm.cloud.replanning.role_conditional_planning")
           ^^^^^^^^^^^^^^^^^^^^^^^^^^^^^^^^^^^^^^^^^^^^^^^^^^^^^^^^^^^^^^^^^^^^^^^^^^^^^^^^^^^^^^^^^^
/usr/lib/python3.12/importlib/__init__.py:90: in import_module
    return _bootstrap._gcd_import(name[level:], package, level)
           ^^^^^^^^^^^^^^^^^^^^^^^^^^^^^^^^^^^^^^^^^^^^^^^^^^^^
<frozen importlib._bootstrap>:1387: in _gcd_import
    ???
<frozen importlib._bootstrap>:1360: in _find_and_load
    ???
_ _ _ _ _ _ _ _ _ _ _ _ _ _ _ _ _ _ _ _ _ _ _ _ _ _ _ _ _ _ _ _ _ _ _ _ _ _ _ _ 

name = 'cloud_edge_robot_arm.cloud.replanning.role_conditional_planning'
import_ = <function _gcd_import at 0x7e99c5b0c0e0>

>   ???
E   ModuleNotFoundError: No module named 'cloud_edge_robot_arm.cloud.replanning.role_conditional_planning'

<frozen importlib._bootstrap>:1324: ModuleNotFoundError
__ test_missing_prerequisite_makes_zero_requests_and_zero_reservations[role] ___

tmp_path = PosixPath('/tmp/pytest-of-ningyd/pytest-894/test_missing_prerequisite_make7')
monkeypatch = <_pytest.monkeypatch.MonkeyPatch object at 0x7e9997d45f40>
missing = 'role'

    @pytest.mark.parametrize("missing", ["binding", "source", "key", "paid", "ledger", "inventory", "snapshot", "role", "original_bundle"])
    def test_missing_prerequisite_makes_zero_requests_and_zero_reservations(tmp_path, monkeypatch, missing):
>       provider, wire, planner, binding, _, _ = setup(tmp_path, monkeypatch)
                                                 ^^^^^^^^^^^^^^^^^^^^^^^^^^^^

tests/test_role_conditional_planning.py:152: 
_ _ _ _ _ _ _ _ _ _ _ _ _ _ _ _ _ _ _ _ _ _ _ _ _ _ _ _ _ _ _ _ _ _ _ _ _ _ _ _ 
tests/test_role_conditional_planning.py:73: in setup
    module = api()
             ^^^^^
tests/test_role_conditional_planning.py:37: in api
    return importlib.import_module("cloud_edge_robot_arm.cloud.replanning.role_conditional_planning")
           ^^^^^^^^^^^^^^^^^^^^^^^^^^^^^^^^^^^^^^^^^^^^^^^^^^^^^^^^^^^^^^^^^^^^^^^^^^^^^^^^^^^^^^^^^^
/usr/lib/python3.12/importlib/__init__.py:90: in import_module
    return _bootstrap._gcd_import(name[level:], package, level)
           ^^^^^^^^^^^^^^^^^^^^^^^^^^^^^^^^^^^^^^^^^^^^^^^^^^^^
<frozen importlib._bootstrap>:1387: in _gcd_import
    ???
<frozen importlib._bootstrap>:1360: in _find_and_load
    ???
_ _ _ _ _ _ _ _ _ _ _ _ _ _ _ _ _ _ _ _ _ _ _ _ _ _ _ _ _ _ _ _ _ _ _ _ _ _ _ _ 

name = 'cloud_edge_robot_arm.cloud.replanning.role_conditional_planning'
import_ = <function _gcd_import at 0x7e99c5b0c0e0>

>   ???
E   ModuleNotFoundError: No module named 'cloud_edge_robot_arm.cloud.replanning.role_conditional_planning'

<frozen importlib._bootstrap>:1324: ModuleNotFoundError
_ test_missing_prerequisite_makes_zero_requests_and_zero_reservations[original_bundle] _

tmp_path = PosixPath('/tmp/pytest-of-ningyd/pytest-894/test_missing_prerequisite_make8')
monkeypatch = <_pytest.monkeypatch.MonkeyPatch object at 0x7e9997d8e750>
missing = 'original_bundle'

    @pytest.mark.parametrize("missing", ["binding", "source", "key", "paid", "ledger", "inventory", "snapshot", "role", "original_bundle"])
    def test_missing_prerequisite_makes_zero_requests_and_zero_reservations(tmp_path, monkeypatch, missing):
>       provider, wire, planner, binding, _, _ = setup(tmp_path, monkeypatch)
                                                 ^^^^^^^^^^^^^^^^^^^^^^^^^^^^

tests/test_role_conditional_planning.py:152: 
_ _ _ _ _ _ _ _ _ _ _ _ _ _ _ _ _ _ _ _ _ _ _ _ _ _ _ _ _ _ _ _ _ _ _ _ _ _ _ _ 
tests/test_role_conditional_planning.py:73: in setup
    module = api()
             ^^^^^
tests/test_role_conditional_planning.py:37: in api
    return importlib.import_module("cloud_edge_robot_arm.cloud.replanning.role_conditional_planning")
           ^^^^^^^^^^^^^^^^^^^^^^^^^^^^^^^^^^^^^^^^^^^^^^^^^^^^^^^^^^^^^^^^^^^^^^^^^^^^^^^^^^^^^^^^^^
/usr/lib/python3.12/importlib/__init__.py:90: in import_module
    return _bootstrap._gcd_import(name[level:], package, level)
           ^^^^^^^^^^^^^^^^^^^^^^^^^^^^^^^^^^^^^^^^^^^^^^^^^^^^
<frozen importlib._bootstrap>:1387: in _gcd_import
    ???
<frozen importlib._bootstrap>:1360: in _find_and_load
    ???
_ _ _ _ _ _ _ _ _ _ _ _ _ _ _ _ _ _ _ _ _ _ _ _ _ _ _ _ _ _ _ _ _ _ _ _ _ _ _ _ 

name = 'cloud_edge_robot_arm.cloud.replanning.role_conditional_planning'
import_ = <function _gcd_import at 0x7e99c5b0c0e0>

>   ???
E   ModuleNotFoundError: No module named 'cloud_edge_robot_arm.cloud.replanning.role_conditional_planning'

<frozen importlib._bootstrap>:1324: ModuleNotFoundError
_ test_hard_stop_is_not_a_future_condition_fail_and_never_debits[estop_engaged] _

tmp_path = PosixPath('/tmp/pytest-of-ningyd/pytest-894/test_hard_stop_is_not_a_future0')
monkeypatch = <_pytest.monkeypatch.MonkeyPatch object at 0x7e9997d8cce0>
stop = 'estop_engaged'

    @pytest.mark.parametrize("stop", ["estop_engaged", "collision_detected", "disconnected"])
    def test_hard_stop_is_not_a_future_condition_fail_and_never_debits(tmp_path, monkeypatch, stop):
>       provider, wire, planner, _, _, _ = setup(tmp_path, monkeypatch)
                                           ^^^^^^^^^^^^^^^^^^^^^^^^^^^^

tests/test_role_conditional_planning.py:175: 
_ _ _ _ _ _ _ _ _ _ _ _ _ _ _ _ _ _ _ _ _ _ _ _ _ _ _ _ _ _ _ _ _ _ _ _ _ _ _ _ 
tests/test_role_conditional_planning.py:73: in setup
    module = api()
             ^^^^^
tests/test_role_conditional_planning.py:37: in api
    return importlib.import_module("cloud_edge_robot_arm.cloud.replanning.role_conditional_planning")
           ^^^^^^^^^^^^^^^^^^^^^^^^^^^^^^^^^^^^^^^^^^^^^^^^^^^^^^^^^^^^^^^^^^^^^^^^^^^^^^^^^^^^^^^^^^
/usr/lib/python3.12/importlib/__init__.py:90: in import_module
    return _bootstrap._gcd_import(name[level:], package, level)
           ^^^^^^^^^^^^^^^^^^^^^^^^^^^^^^^^^^^^^^^^^^^^^^^^^^^^
<frozen importlib._bootstrap>:1387: in _gcd_import
    ???
<frozen importlib._bootstrap>:1360: in _find_and_load
    ???
_ _ _ _ _ _ _ _ _ _ _ _ _ _ _ _ _ _ _ _ _ _ _ _ _ _ _ _ _ _ _ _ _ _ _ _ _ _ _ _ 

name = 'cloud_edge_robot_arm.cloud.replanning.role_conditional_planning'
import_ = <function _gcd_import at 0x7e99c5b0c0e0>

>   ???
E   ModuleNotFoundError: No module named 'cloud_edge_robot_arm.cloud.replanning.role_conditional_planning'

<frozen importlib._bootstrap>:1324: ModuleNotFoundError
_ test_hard_stop_is_not_a_future_condition_fail_and_never_debits[collision_detected] _

tmp_path = PosixPath('/tmp/pytest-of-ningyd/pytest-894/test_hard_stop_is_not_a_future1')
monkeypatch = <_pytest.monkeypatch.MonkeyPatch object at 0x7e9997d7c200>
stop = 'collision_detected'

    @pytest.mark.parametrize("stop", ["estop_engaged", "collision_detected", "disconnected"])
    def test_hard_stop_is_not_a_future_condition_fail_and_never_debits(tmp_path, monkeypatch, stop):
>       provider, wire, planner, _, _, _ = setup(tmp_path, monkeypatch)
                                           ^^^^^^^^^^^^^^^^^^^^^^^^^^^^

tests/test_role_conditional_planning.py:175: 
_ _ _ _ _ _ _ _ _ _ _ _ _ _ _ _ _ _ _ _ _ _ _ _ _ _ _ _ _ _ _ _ _ _ _ _ _ _ _ _ 
tests/test_role_conditional_planning.py:73: in setup
    module = api()
             ^^^^^
tests/test_role_conditional_planning.py:37: in api
    return importlib.import_module("cloud_edge_robot_arm.cloud.replanning.role_conditional_planning")
           ^^^^^^^^^^^^^^^^^^^^^^^^^^^^^^^^^^^^^^^^^^^^^^^^^^^^^^^^^^^^^^^^^^^^^^^^^^^^^^^^^^^^^^^^^^
/usr/lib/python3.12/importlib/__init__.py:90: in import_module
    return _bootstrap._gcd_import(name[level:], package, level)
           ^^^^^^^^^^^^^^^^^^^^^^^^^^^^^^^^^^^^^^^^^^^^^^^^^^^^
<frozen importlib._bootstrap>:1387: in _gcd_import
    ???
<frozen importlib._bootstrap>:1360: in _find_and_load
    ???
_ _ _ _ _ _ _ _ _ _ _ _ _ _ _ _ _ _ _ _ _ _ _ _ _ _ _ _ _ _ _ _ _ _ _ _ _ _ _ _ 

name = 'cloud_edge_robot_arm.cloud.replanning.role_conditional_planning'
import_ = <function _gcd_import at 0x7e99c5b0c0e0>

>   ???
E   ModuleNotFoundError: No module named 'cloud_edge_robot_arm.cloud.replanning.role_conditional_planning'

<frozen importlib._bootstrap>:1324: ModuleNotFoundError
_ test_hard_stop_is_not_a_future_condition_fail_and_never_debits[disconnected] _

tmp_path = PosixPath('/tmp/pytest-of-ningyd/pytest-894/test_hard_stop_is_not_a_future2')
monkeypatch = <_pytest.monkeypatch.MonkeyPatch object at 0x7e9997d7d070>
stop = 'disconnected'

    @pytest.mark.parametrize("stop", ["estop_engaged", "collision_detected", "disconnected"])
    def test_hard_stop_is_not_a_future_condition_fail_and_never_debits(tmp_path, monkeypatch, stop):
>       provider, wire, planner, _, _, _ = setup(tmp_path, monkeypatch)
                                           ^^^^^^^^^^^^^^^^^^^^^^^^^^^^

tests/test_role_conditional_planning.py:175: 
_ _ _ _ _ _ _ _ _ _ _ _ _ _ _ _ _ _ _ _ _ _ _ _ _ _ _ _ _ _ _ _ _ _ _ _ _ _ _ _ 
tests/test_role_conditional_planning.py:73: in setup
    module = api()
             ^^^^^
tests/test_role_conditional_planning.py:37: in api
    return importlib.import_module("cloud_edge_robot_arm.cloud.replanning.role_conditional_planning")
           ^^^^^^^^^^^^^^^^^^^^^^^^^^^^^^^^^^^^^^^^^^^^^^^^^^^^^^^^^^^^^^^^^^^^^^^^^^^^^^^^^^^^^^^^^^
/usr/lib/python3.12/importlib/__init__.py:90: in import_module
    return _bootstrap._gcd_import(name[level:], package, level)
           ^^^^^^^^^^^^^^^^^^^^^^^^^^^^^^^^^^^^^^^^^^^^^^^^^^^^
<frozen importlib._bootstrap>:1387: in _gcd_import
    ???
<frozen importlib._bootstrap>:1360: in _find_and_load
    ???
_ _ _ _ _ _ _ _ _ _ _ _ _ _ _ _ _ _ _ _ _ _ _ _ _ _ _ _ _ _ _ _ _ _ _ _ _ _ _ _ 

name = 'cloud_edge_robot_arm.cloud.replanning.role_conditional_planning'
import_ = <function _gcd_import at 0x7e99c5b0c0e0>

>   ???
E   ModuleNotFoundError: No module named 'cloud_edge_robot_arm.cloud.replanning.role_conditional_planning'

<frozen importlib._bootstrap>:1324: ModuleNotFoundError
_____ test_strict_remote_intent_rejects_without_any_execution_shape[extra] _____

tmp_path = PosixPath('/tmp/pytest-of-ningyd/pytest-894/test_strict_remote_intent_reje0')
monkeypatch = <_pytest.monkeypatch.MonkeyPatch object at 0x7e9997d7df70>
change = 'extra'

    @pytest.mark.parametrize("change", ["extra", "duplicate", "reorder", "skill", "binding", "command", "token", "bool", "pixel", "nan", "duplicate_key"])
    def test_strict_remote_intent_rejects_without_any_execution_shape(tmp_path, monkeypatch, change):
        def mutate(d):
            if change == "extra": d["execution_admitted"] = True
            elif change == "duplicate": d["replacements"][1] = dict(d["replacements"][0])
            elif change == "reorder": d["replacements"].reverse()
            elif change == "skill": d["replacements"][1]["skill"] = "RELEASE"
            elif change == "binding": d["binding_hash"] = "0" * 64
            elif change == "command": d["replacements"][0]["joint_angles"] = [0] * 7
            elif change == "token": d["activation_token"] = "forged"
            elif change == "bool": d["replacements"][0]["target_pixel"] = [True, 0]
            elif change == "pixel": d["replacements"][0]["target_pixel"] = [9999, 0]
            elif change == "nan": d["replacements"][0]["target_pixel"] = [float("nan"), 0]
            else: return '{"binding_hash":"0",' + json.dumps(d)[1:]
>       provider, wire, planner, *_ = setup(tmp_path, monkeypatch, change=mutate)
                                      ^^^^^^^^^^^^^^^^^^^^^^^^^^^^^^^^^^^^^^^^^^^

tests/test_role_conditional_planning.py:197: 
_ _ _ _ _ _ _ _ _ _ _ _ _ _ _ _ _ _ _ _ _ _ _ _ _ _ _ _ _ _ _ _ _ _ _ _ _ _ _ _ 
tests/test_role_conditional_planning.py:73: in setup
    module = api()
             ^^^^^
tests/test_role_conditional_planning.py:37: in api
    return importlib.import_module("cloud_edge_robot_arm.cloud.replanning.role_conditional_planning")
           ^^^^^^^^^^^^^^^^^^^^^^^^^^^^^^^^^^^^^^^^^^^^^^^^^^^^^^^^^^^^^^^^^^^^^^^^^^^^^^^^^^^^^^^^^^
/usr/lib/python3.12/importlib/__init__.py:90: in import_module
    return _bootstrap._gcd_import(name[level:], package, level)
           ^^^^^^^^^^^^^^^^^^^^^^^^^^^^^^^^^^^^^^^^^^^^^^^^^^^^
<frozen importlib._bootstrap>:1387: in _gcd_import
    ???
<frozen importlib._bootstrap>:1360: in _find_and_load
    ???
_ _ _ _ _ _ _ _ _ _ _ _ _ _ _ _ _ _ _ _ _ _ _ _ _ _ _ _ _ _ _ _ _ _ _ _ _ _ _ _ 

name = 'cloud_edge_robot_arm.cloud.replanning.role_conditional_planning'
import_ = <function _gcd_import at 0x7e99c5b0c0e0>

>   ???
E   ModuleNotFoundError: No module named 'cloud_edge_robot_arm.cloud.replanning.role_conditional_planning'

<frozen importlib._bootstrap>:1324: ModuleNotFoundError
___ test_strict_remote_intent_rejects_without_any_execution_shape[duplicate] ___

tmp_path = PosixPath('/tmp/pytest-of-ningyd/pytest-894/test_strict_remote_intent_reje1')
monkeypatch = <_pytest.monkeypatch.MonkeyPatch object at 0x7e9997d8e180>
change = 'duplicate'

    @pytest.mark.parametrize("change", ["extra", "duplicate", "reorder", "skill", "binding", "command", "token", "bool", "pixel", "nan", "duplicate_key"])
    def test_strict_remote_intent_rejects_without_any_execution_shape(tmp_path, monkeypatch, change):
        def mutate(d):
            if change == "extra": d["execution_admitted"] = True
            elif change == "duplicate": d["replacements"][1] = dict(d["replacements"][0])
            elif change == "reorder": d["replacements"].reverse()
            elif change == "skill": d["replacements"][1]["skill"] = "RELEASE"
            elif change == "binding": d["binding_hash"] = "0" * 64
            elif change == "command": d["replacements"][0]["joint_angles"] = [0] * 7
            elif change == "token": d["activation_token"] = "forged"
            elif change == "bool": d["replacements"][0]["target_pixel"] = [True, 0]
            elif change == "pixel": d["replacements"][0]["target_pixel"] = [9999, 0]
            elif change == "nan": d["replacements"][0]["target_pixel"] = [float("nan"), 0]
            else: return '{"binding_hash":"0",' + json.dumps(d)[1:]
>       provider, wire, planner, *_ = setup(tmp_path, monkeypatch, change=mutate)
                                      ^^^^^^^^^^^^^^^^^^^^^^^^^^^^^^^^^^^^^^^^^^^

tests/test_role_conditional_planning.py:197: 
_ _ _ _ _ _ _ _ _ _ _ _ _ _ _ _ _ _ _ _ _ _ _ _ _ _ _ _ _ _ _ _ _ _ _ _ _ _ _ _ 
tests/test_role_conditional_planning.py:73: in setup
    module = api()
             ^^^^^
tests/test_role_conditional_planning.py:37: in api
    return importlib.import_module("cloud_edge_robot_arm.cloud.replanning.role_conditional_planning")
           ^^^^^^^^^^^^^^^^^^^^^^^^^^^^^^^^^^^^^^^^^^^^^^^^^^^^^^^^^^^^^^^^^^^^^^^^^^^^^^^^^^^^^^^^^^
/usr/lib/python3.12/importlib/__init__.py:90: in import_module
    return _bootstrap._gcd_import(name[level:], package, level)
           ^^^^^^^^^^^^^^^^^^^^^^^^^^^^^^^^^^^^^^^^^^^^^^^^^^^^
<frozen importlib._bootstrap>:1387: in _gcd_import
    ???
<frozen importlib._bootstrap>:1360: in _find_and_load
    ???
_ _ _ _ _ _ _ _ _ _ _ _ _ _ _ _ _ _ _ _ _ _ _ _ _ _ _ _ _ _ _ _ _ _ _ _ _ _ _ _ 

name = 'cloud_edge_robot_arm.cloud.replanning.role_conditional_planning'
import_ = <function _gcd_import at 0x7e99c5b0c0e0>

>   ???
E   ModuleNotFoundError: No module named 'cloud_edge_robot_arm.cloud.replanning.role_conditional_planning'

<frozen importlib._bootstrap>:1324: ModuleNotFoundError
____ test_strict_remote_intent_rejects_without_any_execution_shape[reorder] ____

tmp_path = PosixPath('/tmp/pytest-of-ningyd/pytest-894/test_strict_remote_intent_reje2')
monkeypatch = <_pytest.monkeypatch.MonkeyPatch object at 0x7e9997d7ef60>
change = 'reorder'

    @pytest.mark.parametrize("change", ["extra", "duplicate", "reorder", "skill", "binding", "command", "token", "bool", "pixel", "nan", "duplicate_key"])
    def test_strict_remote_intent_rejects_without_any_execution_shape(tmp_path, monkeypatch, change):
        def mutate(d):
            if change == "extra": d["execution_admitted"] = True
            elif change == "duplicate": d["replacements"][1] = dict(d["replacements"][0])
            elif change == "reorder": d["replacements"].reverse()
            elif change == "skill": d["replacements"][1]["skill"] = "RELEASE"
            elif change == "binding": d["binding_hash"] = "0" * 64
            elif change == "command": d["replacements"][0]["joint_angles"] = [0] * 7
            elif change == "token": d["activation_token"] = "forged"
            elif change == "bool": d["replacements"][0]["target_pixel"] = [True, 0]
            elif change == "pixel": d["replacements"][0]["target_pixel"] = [9999, 0]
            elif change == "nan": d["replacements"][0]["target_pixel"] = [float("nan"), 0]
            else: return '{"binding_hash":"0",' + json.dumps(d)[1:]
>       provider, wire, planner, *_ = setup(tmp_path, monkeypatch, change=mutate)
                                      ^^^^^^^^^^^^^^^^^^^^^^^^^^^^^^^^^^^^^^^^^^^

tests/test_role_conditional_planning.py:197: 
_ _ _ _ _ _ _ _ _ _ _ _ _ _ _ _ _ _ _ _ _ _ _ _ _ _ _ _ _ _ _ _ _ _ _ _ _ _ _ _ 
tests/test_role_conditional_planning.py:73: in setup
    module = api()
             ^^^^^
tests/test_role_conditional_planning.py:37: in api
    return importlib.import_module("cloud_edge_robot_arm.cloud.replanning.role_conditional_planning")
           ^^^^^^^^^^^^^^^^^^^^^^^^^^^^^^^^^^^^^^^^^^^^^^^^^^^^^^^^^^^^^^^^^^^^^^^^^^^^^^^^^^^^^^^^^^
/usr/lib/python3.12/importlib/__init__.py:90: in import_module
    return _bootstrap._gcd_import(name[level:], package, level)
           ^^^^^^^^^^^^^^^^^^^^^^^^^^^^^^^^^^^^^^^^^^^^^^^^^^^^
<frozen importlib._bootstrap>:1387: in _gcd_import
    ???
<frozen importlib._bootstrap>:1360: in _find_and_load
    ???
_ _ _ _ _ _ _ _ _ _ _ _ _ _ _ _ _ _ _ _ _ _ _ _ _ _ _ _ _ _ _ _ _ _ _ _ _ _ _ _ 

name = 'cloud_edge_robot_arm.cloud.replanning.role_conditional_planning'
import_ = <function _gcd_import at 0x7e99c5b0c0e0>

>   ???
E   ModuleNotFoundError: No module named 'cloud_edge_robot_arm.cloud.replanning.role_conditional_planning'

<frozen importlib._bootstrap>:1324: ModuleNotFoundError
_____ test_strict_remote_intent_rejects_without_any_execution_shape[skill] _____

tmp_path = PosixPath('/tmp/pytest-of-ningyd/pytest-894/test_strict_remote_intent_reje3')
monkeypatch = <_pytest.monkeypatch.MonkeyPatch object at 0x7e9997d7d6d0>
change = 'skill'

    @pytest.mark.parametrize("change", ["extra", "duplicate", "reorder", "skill", "binding", "command", "token", "bool", "pixel", "nan", "duplicate_key"])
    def test_strict_remote_intent_rejects_without_any_execution_shape(tmp_path, monkeypatch, change):
        def mutate(d):
            if change == "extra": d["execution_admitted"] = True
            elif change == "duplicate": d["replacements"][1] = dict(d["replacements"][0])
            elif change == "reorder": d["replacements"].reverse()
            elif change == "skill": d["replacements"][1]["skill"] = "RELEASE"
            elif change == "binding": d["binding_hash"] = "0" * 64
            elif change == "command": d["replacements"][0]["joint_angles"] = [0] * 7
            elif change == "token": d["activation_token"] = "forged"
            elif change == "bool": d["replacements"][0]["target_pixel"] = [True, 0]
            elif change == "pixel": d["replacements"][0]["target_pixel"] = [9999, 0]
            elif change == "nan": d["replacements"][0]["target_pixel"] = [float("nan"), 0]
            else: return '{"binding_hash":"0",' + json.dumps(d)[1:]
>       provider, wire, planner, *_ = setup(tmp_path, monkeypatch, change=mutate)
                                      ^^^^^^^^^^^^^^^^^^^^^^^^^^^^^^^^^^^^^^^^^^^

tests/test_role_conditional_planning.py:197: 
_ _ _ _ _ _ _ _ _ _ _ _ _ _ _ _ _ _ _ _ _ _ _ _ _ _ _ _ _ _ _ _ _ _ _ _ _ _ _ _ 
tests/test_role_conditional_planning.py:73: in setup
    module = api()
             ^^^^^
tests/test_role_conditional_planning.py:37: in api
    return importlib.import_module("cloud_edge_robot_arm.cloud.replanning.role_conditional_planning")
           ^^^^^^^^^^^^^^^^^^^^^^^^^^^^^^^^^^^^^^^^^^^^^^^^^^^^^^^^^^^^^^^^^^^^^^^^^^^^^^^^^^^^^^^^^^
/usr/lib/python3.12/importlib/__init__.py:90: in import_module
    return _bootstrap._gcd_import(name[level:], package, level)
           ^^^^^^^^^^^^^^^^^^^^^^^^^^^^^^^^^^^^^^^^^^^^^^^^^^^^
<frozen importlib._bootstrap>:1387: in _gcd_import
    ???
<frozen importlib._bootstrap>:1360: in _find_and_load
    ???
_ _ _ _ _ _ _ _ _ _ _ _ _ _ _ _ _ _ _ _ _ _ _ _ _ _ _ _ _ _ _ _ _ _ _ _ _ _ _ _ 

name = 'cloud_edge_robot_arm.cloud.replanning.role_conditional_planning'
import_ = <function _gcd_import at 0x7e99c5b0c0e0>

>   ???
E   ModuleNotFoundError: No module named 'cloud_edge_robot_arm.cloud.replanning.role_conditional_planning'

<frozen importlib._bootstrap>:1324: ModuleNotFoundError
____ test_strict_remote_intent_rejects_without_any_execution_shape[binding] ____

tmp_path = PosixPath('/tmp/pytest-of-ningyd/pytest-894/test_strict_remote_intent_reje4')
monkeypatch = <_pytest.monkeypatch.MonkeyPatch object at 0x7e9997d7f800>
change = 'binding'

    @pytest.mark.parametrize("change", ["extra", "duplicate", "reorder", "skill", "binding", "command", "token", "bool", "pixel", "nan", "duplicate_key"])
    def test_strict_remote_intent_rejects_without_any_execution_shape(tmp_path, monkeypatch, change):
        def mutate(d):
            if change == "extra": d["execution_admitted"] = True
            elif change == "duplicate": d["replacements"][1] = dict(d["replacements"][0])
            elif change == "reorder": d["replacements"].reverse()
            elif change == "skill": d["replacements"][1]["skill"] = "RELEASE"
            elif change == "binding": d["binding_hash"] = "0" * 64
            elif change == "command": d["replacements"][0]["joint_angles"] = [0] * 7
            elif change == "token": d["activation_token"] = "forged"
            elif change == "bool": d["replacements"][0]["target_pixel"] = [True, 0]
            elif change == "pixel": d["replacements"][0]["target_pixel"] = [9999, 0]
            elif change == "nan": d["replacements"][0]["target_pixel"] = [float("nan"), 0]
            else: return '{"binding_hash":"0",' + json.dumps(d)[1:]
>       provider, wire, planner, *_ = setup(tmp_path, monkeypatch, change=mutate)
                                      ^^^^^^^^^^^^^^^^^^^^^^^^^^^^^^^^^^^^^^^^^^^

tests/test_role_conditional_planning.py:197: 
_ _ _ _ _ _ _ _ _ _ _ _ _ _ _ _ _ _ _ _ _ _ _ _ _ _ _ _ _ _ _ _ _ _ _ _ _ _ _ _ 
tests/test_role_conditional_planning.py:73: in setup
    module = api()
             ^^^^^
tests/test_role_conditional_planning.py:37: in api
    return importlib.import_module("cloud_edge_robot_arm.cloud.replanning.role_conditional_planning")
           ^^^^^^^^^^^^^^^^^^^^^^^^^^^^^^^^^^^^^^^^^^^^^^^^^^^^^^^^^^^^^^^^^^^^^^^^^^^^^^^^^^^^^^^^^^
/usr/lib/python3.12/importlib/__init__.py:90: in import_module
    return _bootstrap._gcd_import(name[level:], package, level)
           ^^^^^^^^^^^^^^^^^^^^^^^^^^^^^^^^^^^^^^^^^^^^^^^^^^^^
<frozen importlib._bootstrap>:1387: in _gcd_import
    ???
<frozen importlib._bootstrap>:1360: in _find_and_load
    ???
_ _ _ _ _ _ _ _ _ _ _ _ _ _ _ _ _ _ _ _ _ _ _ _ _ _ _ _ _ _ _ _ _ _ _ _ _ _ _ _ 

name = 'cloud_edge_robot_arm.cloud.replanning.role_conditional_planning'
import_ = <function _gcd_import at 0x7e99c5b0c0e0>

>   ???
E   ModuleNotFoundError: No module named 'cloud_edge_robot_arm.cloud.replanning.role_conditional_planning'

<frozen importlib._bootstrap>:1324: ModuleNotFoundError
____ test_strict_remote_intent_rejects_without_any_execution_shape[command] ____

tmp_path = PosixPath('/tmp/pytest-of-ningyd/pytest-894/test_strict_remote_intent_reje5')
monkeypatch = <_pytest.monkeypatch.MonkeyPatch object at 0x7e9997c441a0>
change = 'command'

    @pytest.mark.parametrize("change", ["extra", "duplicate", "reorder", "skill", "binding", "command", "token", "bool", "pixel", "nan", "duplicate_key"])
    def test_strict_remote_intent_rejects_without_any_execution_shape(tmp_path, monkeypatch, change):
        def mutate(d):
            if change == "extra": d["execution_admitted"] = True
            elif change == "duplicate": d["replacements"][1] = dict(d["replacements"][0])
            elif change == "reorder": d["replacements"].reverse()
            elif change == "skill": d["replacements"][1]["skill"] = "RELEASE"
            elif change == "binding": d["binding_hash"] = "0" * 64
            elif change == "command": d["replacements"][0]["joint_angles"] = [0] * 7
            elif change == "token": d["activation_token"] = "forged"
            elif change == "bool": d["replacements"][0]["target_pixel"] = [True, 0]
            elif change == "pixel": d["replacements"][0]["target_pixel"] = [9999, 0]
            elif change == "nan": d["replacements"][0]["target_pixel"] = [float("nan"), 0]
            else: return '{"binding_hash":"0",' + json.dumps(d)[1:]
>       provider, wire, planner, *_ = setup(tmp_path, monkeypatch, change=mutate)
                                      ^^^^^^^^^^^^^^^^^^^^^^^^^^^^^^^^^^^^^^^^^^^

tests/test_role_conditional_planning.py:197: 
_ _ _ _ _ _ _ _ _ _ _ _ _ _ _ _ _ _ _ _ _ _ _ _ _ _ _ _ _ _ _ _ _ _ _ _ _ _ _ _ 
tests/test_role_conditional_planning.py:73: in setup
    module = api()
             ^^^^^
tests/test_role_conditional_planning.py:37: in api
    return importlib.import_module("cloud_edge_robot_arm.cloud.replanning.role_conditional_planning")
           ^^^^^^^^^^^^^^^^^^^^^^^^^^^^^^^^^^^^^^^^^^^^^^^^^^^^^^^^^^^^^^^^^^^^^^^^^^^^^^^^^^^^^^^^^^
/usr/lib/python3.12/importlib/__init__.py:90: in import_module
    return _bootstrap._gcd_import(name[level:], package, level)
           ^^^^^^^^^^^^^^^^^^^^^^^^^^^^^^^^^^^^^^^^^^^^^^^^^^^^
<frozen importlib._bootstrap>:1387: in _gcd_import
    ???
<frozen importlib._bootstrap>:1360: in _find_and_load
    ???
_ _ _ _ _ _ _ _ _ _ _ _ _ _ _ _ _ _ _ _ _ _ _ _ _ _ _ _ _ _ _ _ _ _ _ _ _ _ _ _ 

name = 'cloud_edge_robot_arm.cloud.replanning.role_conditional_planning'
import_ = <function _gcd_import at 0x7e99c5b0c0e0>

>   ???
E   ModuleNotFoundError: No module named 'cloud_edge_robot_arm.cloud.replanning.role_conditional_planning'

<frozen importlib._bootstrap>:1324: ModuleNotFoundError
_____ test_strict_remote_intent_rejects_without_any_execution_shape[token] _____

tmp_path = PosixPath('/tmp/pytest-of-ningyd/pytest-894/test_strict_remote_intent_reje6')
monkeypatch = <_pytest.monkeypatch.MonkeyPatch object at 0x7e9997c45100>
change = 'token'

    @pytest.mark.parametrize("change", ["extra", "duplicate", "reorder", "skill", "binding", "command", "token", "bool", "pixel", "nan", "duplicate_key"])
    def test_strict_remote_intent_rejects_without_any_execution_shape(tmp_path, monkeypatch, change):
        def mutate(d):
            if change == "extra": d["execution_admitted"] = True
            elif change == "duplicate": d["replacements"][1] = dict(d["replacements"][0])
            elif change == "reorder": d["replacements"].reverse()
            elif change == "skill": d["replacements"][1]["skill"] = "RELEASE"
            elif change == "binding": d["binding_hash"] = "0" * 64
            elif change == "command": d["replacements"][0]["joint_angles"] = [0] * 7
            elif change == "token": d["activation_token"] = "forged"
            elif change == "bool": d["replacements"][0]["target_pixel"] = [True, 0]
            elif change == "pixel": d["replacements"][0]["target_pixel"] = [9999, 0]
            elif change == "nan": d["replacements"][0]["target_pixel"] = [float("nan"), 0]
            else: return '{"binding_hash":"0",' + json.dumps(d)[1:]
>       provider, wire, planner, *_ = setup(tmp_path, monkeypatch, change=mutate)
                                      ^^^^^^^^^^^^^^^^^^^^^^^^^^^^^^^^^^^^^^^^^^^

tests/test_role_conditional_planning.py:197: 
_ _ _ _ _ _ _ _ _ _ _ _ _ _ _ _ _ _ _ _ _ _ _ _ _ _ _ _ _ _ _ _ _ _ _ _ _ _ _ _ 
tests/test_role_conditional_planning.py:73: in setup
    module = api()
             ^^^^^
tests/test_role_conditional_planning.py:37: in api
    return importlib.import_module("cloud_edge_robot_arm.cloud.replanning.role_conditional_planning")
           ^^^^^^^^^^^^^^^^^^^^^^^^^^^^^^^^^^^^^^^^^^^^^^^^^^^^^^^^^^^^^^^^^^^^^^^^^^^^^^^^^^^^^^^^^^
/usr/lib/python3.12/importlib/__init__.py:90: in import_module
    return _bootstrap._gcd_import(name[level:], package, level)
           ^^^^^^^^^^^^^^^^^^^^^^^^^^^^^^^^^^^^^^^^^^^^^^^^^^^^
<frozen importlib._bootstrap>:1387: in _gcd_import
    ???
<frozen importlib._bootstrap>:1360: in _find_and_load
    ???
_ _ _ _ _ _ _ _ _ _ _ _ _ _ _ _ _ _ _ _ _ _ _ _ _ _ _ _ _ _ _ _ _ _ _ _ _ _ _ _ 

name = 'cloud_edge_robot_arm.cloud.replanning.role_conditional_planning'
import_ = <function _gcd_import at 0x7e99c5b0c0e0>

>   ???
E   ModuleNotFoundError: No module named 'cloud_edge_robot_arm.cloud.replanning.role_conditional_planning'

<frozen importlib._bootstrap>:1324: ModuleNotFoundError
_____ test_strict_remote_intent_rejects_without_any_execution_shape[bool] ______

tmp_path = PosixPath('/tmp/pytest-of-ningyd/pytest-894/test_strict_remote_intent_reje7')
monkeypatch = <_pytest.monkeypatch.MonkeyPatch object at 0x7e9997d7c200>
change = 'bool'

    @pytest.mark.parametrize("change", ["extra", "duplicate", "reorder", "skill", "binding", "command", "token", "bool", "pixel", "nan", "duplicate_key"])
    def test_strict_remote_intent_rejects_without_any_execution_shape(tmp_path, monkeypatch, change):
        def mutate(d):
            if change == "extra": d["execution_admitted"] = True
            elif change == "duplicate": d["replacements"][1] = dict(d["replacements"][0])
            elif change == "reorder": d["replacements"].reverse()
            elif change == "skill": d["replacements"][1]["skill"] = "RELEASE"
            elif change == "binding": d["binding_hash"] = "0" * 64
            elif change == "command": d["replacements"][0]["joint_angles"] = [0] * 7
            elif change == "token": d["activation_token"] = "forged"
            elif change == "bool": d["replacements"][0]["target_pixel"] = [True, 0]
            elif change == "pixel": d["replacements"][0]["target_pixel"] = [9999, 0]
            elif change == "nan": d["replacements"][0]["target_pixel"] = [float("nan"), 0]
            else: return '{"binding_hash":"0",' + json.dumps(d)[1:]
>       provider, wire, planner, *_ = setup(tmp_path, monkeypatch, change=mutate)
                                      ^^^^^^^^^^^^^^^^^^^^^^^^^^^^^^^^^^^^^^^^^^^

tests/test_role_conditional_planning.py:197: 
_ _ _ _ _ _ _ _ _ _ _ _ _ _ _ _ _ _ _ _ _ _ _ _ _ _ _ _ _ _ _ _ _ _ _ _ _ _ _ _ 
tests/test_role_conditional_planning.py:73: in setup
    module = api()
             ^^^^^
tests/test_role_conditional_planning.py:37: in api
    return importlib.import_module("cloud_edge_robot_arm.cloud.replanning.role_conditional_planning")
           ^^^^^^^^^^^^^^^^^^^^^^^^^^^^^^^^^^^^^^^^^^^^^^^^^^^^^^^^^^^^^^^^^^^^^^^^^^^^^^^^^^^^^^^^^^
/usr/lib/python3.12/importlib/__init__.py:90: in import_module
    return _bootstrap._gcd_import(name[level:], package, level)
           ^^^^^^^^^^^^^^^^^^^^^^^^^^^^^^^^^^^^^^^^^^^^^^^^^^^^
<frozen importlib._bootstrap>:1387: in _gcd_import
    ???
<frozen importlib._bootstrap>:1360: in _find_and_load
    ???
_ _ _ _ _ _ _ _ _ _ _ _ _ _ _ _ _ _ _ _ _ _ _ _ _ _ _ _ _ _ _ _ _ _ _ _ _ _ _ _ 

name = 'cloud_edge_robot_arm.cloud.replanning.role_conditional_planning'
import_ = <function _gcd_import at 0x7e99c5b0c0e0>

>   ???
E   ModuleNotFoundError: No module named 'cloud_edge_robot_arm.cloud.replanning.role_conditional_planning'

<frozen importlib._bootstrap>:1324: ModuleNotFoundError
_____ test_strict_remote_intent_rejects_without_any_execution_shape[pixel] _____

tmp_path = PosixPath('/tmp/pytest-of-ningyd/pytest-894/test_strict_remote_intent_reje8')
monkeypatch = <_pytest.monkeypatch.MonkeyPatch object at 0x7e9997d8d4c0>
change = 'pixel'

    @pytest.mark.parametrize("change", ["extra", "duplicate", "reorder", "skill", "binding", "command", "token", "bool", "pixel", "nan", "duplicate_key"])
    def test_strict_remote_intent_rejects_without_any_execution_shape(tmp_path, monkeypatch, change):
        def mutate(d):
            if change == "extra": d["execution_admitted"] = True
            elif change == "duplicate": d["replacements"][1] = dict(d["replacements"][0])
            elif change == "reorder": d["replacements"].reverse()
            elif change == "skill": d["replacements"][1]["skill"] = "RELEASE"
            elif change == "binding": d["binding_hash"] = "0" * 64
            elif change == "command": d["replacements"][0]["joint_angles"] = [0] * 7
            elif change == "token": d["activation_token"] = "forged"
            elif change == "bool": d["replacements"][0]["target_pixel"] = [True, 0]
            elif change == "pixel": d["replacements"][0]["target_pixel"] = [9999, 0]
            elif change == "nan": d["replacements"][0]["target_pixel"] = [float("nan"), 0]
            else: return '{"binding_hash":"0",' + json.dumps(d)[1:]
>       provider, wire, planner, *_ = setup(tmp_path, monkeypatch, change=mutate)
                                      ^^^^^^^^^^^^^^^^^^^^^^^^^^^^^^^^^^^^^^^^^^^

tests/test_role_conditional_planning.py:197: 
_ _ _ _ _ _ _ _ _ _ _ _ _ _ _ _ _ _ _ _ _ _ _ _ _ _ _ _ _ _ _ _ _ _ _ _ _ _ _ _ 
tests/test_role_conditional_planning.py:73: in setup
    module = api()
             ^^^^^
tests/test_role_conditional_planning.py:37: in api
    return importlib.import_module("cloud_edge_robot_arm.cloud.replanning.role_conditional_planning")
           ^^^^^^^^^^^^^^^^^^^^^^^^^^^^^^^^^^^^^^^^^^^^^^^^^^^^^^^^^^^^^^^^^^^^^^^^^^^^^^^^^^^^^^^^^^
/usr/lib/python3.12/importlib/__init__.py:90: in import_module
    return _bootstrap._gcd_import(name[level:], package, level)
           ^^^^^^^^^^^^^^^^^^^^^^^^^^^^^^^^^^^^^^^^^^^^^^^^^^^^
<frozen importlib._bootstrap>:1387: in _gcd_import
    ???
<frozen importlib._bootstrap>:1360: in _find_and_load
    ???
_ _ _ _ _ _ _ _ _ _ _ _ _ _ _ _ _ _ _ _ _ _ _ _ _ _ _ _ _ _ _ _ _ _ _ _ _ _ _ _ 

name = 'cloud_edge_robot_arm.cloud.replanning.role_conditional_planning'
import_ = <function _gcd_import at 0x7e99c5b0c0e0>

>   ???
E   ModuleNotFoundError: No module named 'cloud_edge_robot_arm.cloud.replanning.role_conditional_planning'

<frozen importlib._bootstrap>:1324: ModuleNotFoundError
______ test_strict_remote_intent_rejects_without_any_execution_shape[nan] ______

tmp_path = PosixPath('/tmp/pytest-of-ningyd/pytest-894/test_strict_remote_intent_reje9')
monkeypatch = <_pytest.monkeypatch.MonkeyPatch object at 0x7e9997c47f50>
change = 'nan'

    @pytest.mark.parametrize("change", ["extra", "duplicate", "reorder", "skill", "binding", "command", "token", "bool", "pixel", "nan", "duplicate_key"])
    def test_strict_remote_intent_rejects_without_any_execution_shape(tmp_path, monkeypatch, change):
        def mutate(d):
            if change == "extra": d["execution_admitted"] = True
            elif change == "duplicate": d["replacements"][1] = dict(d["replacements"][0])
            elif change == "reorder": d["replacements"].reverse()
            elif change == "skill": d["replacements"][1]["skill"] = "RELEASE"
            elif change == "binding": d["binding_hash"] = "0" * 64
            elif change == "command": d["replacements"][0]["joint_angles"] = [0] * 7
            elif change == "token": d["activation_token"] = "forged"
            elif change == "bool": d["replacements"][0]["target_pixel"] = [True, 0]
            elif change == "pixel": d["replacements"][0]["target_pixel"] = [9999, 0]
            elif change == "nan": d["replacements"][0]["target_pixel"] = [float("nan"), 0]
            else: return '{"binding_hash":"0",' + json.dumps(d)[1:]
>       provider, wire, planner, *_ = setup(tmp_path, monkeypatch, change=mutate)
                                      ^^^^^^^^^^^^^^^^^^^^^^^^^^^^^^^^^^^^^^^^^^^

tests/test_role_conditional_planning.py:197: 
_ _ _ _ _ _ _ _ _ _ _ _ _ _ _ _ _ _ _ _ _ _ _ _ _ _ _ _ _ _ _ _ _ _ _ _ _ _ _ _ 
tests/test_role_conditional_planning.py:73: in setup
    module = api()
             ^^^^^
tests/test_role_conditional_planning.py:37: in api
    return importlib.import_module("cloud_edge_robot_arm.cloud.replanning.role_conditional_planning")
           ^^^^^^^^^^^^^^^^^^^^^^^^^^^^^^^^^^^^^^^^^^^^^^^^^^^^^^^^^^^^^^^^^^^^^^^^^^^^^^^^^^^^^^^^^^
/usr/lib/python3.12/importlib/__init__.py:90: in import_module
    return _bootstrap._gcd_import(name[level:], package, level)
           ^^^^^^^^^^^^^^^^^^^^^^^^^^^^^^^^^^^^^^^^^^^^^^^^^^^^
<frozen importlib._bootstrap>:1387: in _gcd_import
    ???
<frozen importlib._bootstrap>:1360: in _find_and_load
    ???
_ _ _ _ _ _ _ _ _ _ _ _ _ _ _ _ _ _ _ _ _ _ _ _ _ _ _ _ _ _ _ _ _ _ _ _ _ _ _ _ 

name = 'cloud_edge_robot_arm.cloud.replanning.role_conditional_planning'
import_ = <function _gcd_import at 0x7e99c5b0c0e0>

>   ???
E   ModuleNotFoundError: No module named 'cloud_edge_robot_arm.cloud.replanning.role_conditional_planning'

<frozen importlib._bootstrap>:1324: ModuleNotFoundError
_ test_strict_remote_intent_rejects_without_any_execution_shape[duplicate_key] _

tmp_path = PosixPath('/tmp/pytest-of-ningyd/pytest-894/test_strict_remote_intent_reje10')
monkeypatch = <_pytest.monkeypatch.MonkeyPatch object at 0x7e9997c46210>
change = 'duplicate_key'

    @pytest.mark.parametrize("change", ["extra", "duplicate", "reorder", "skill", "binding", "command", "token", "bool", "pixel", "nan", "duplicate_key"])
    def test_strict_remote_intent_rejects_without_any_execution_shape(tmp_path, monkeypatch, change):
        def mutate(d):
            if change == "extra": d["execution_admitted"] = True
            elif change == "duplicate": d["replacements"][1] = dict(d["replacements"][0])
            elif change == "reorder": d["replacements"].reverse()
            elif change == "skill": d["replacements"][1]["skill"] = "RELEASE"
            elif change == "binding": d["binding_hash"] = "0" * 64
            elif change == "command": d["replacements"][0]["joint_angles"] = [0] * 7
            elif change == "token": d["activation_token"] = "forged"
            elif change == "bool": d["replacements"][0]["target_pixel"] = [True, 0]
            elif change == "pixel": d["replacements"][0]["target_pixel"] = [9999, 0]
            elif change == "nan": d["replacements"][0]["target_pixel"] = [float("nan"), 0]
            else: return '{"binding_hash":"0",' + json.dumps(d)[1:]
>       provider, wire, planner, *_ = setup(tmp_path, monkeypatch, change=mutate)
                                      ^^^^^^^^^^^^^^^^^^^^^^^^^^^^^^^^^^^^^^^^^^^

tests/test_role_conditional_planning.py:197: 
_ _ _ _ _ _ _ _ _ _ _ _ _ _ _ _ _ _ _ _ _ _ _ _ _ _ _ _ _ _ _ _ _ _ _ _ _ _ _ _ 
tests/test_role_conditional_planning.py:73: in setup
    module = api()
             ^^^^^
tests/test_role_conditional_planning.py:37: in api
    return importlib.import_module("cloud_edge_robot_arm.cloud.replanning.role_conditional_planning")
           ^^^^^^^^^^^^^^^^^^^^^^^^^^^^^^^^^^^^^^^^^^^^^^^^^^^^^^^^^^^^^^^^^^^^^^^^^^^^^^^^^^^^^^^^^^
/usr/lib/python3.12/importlib/__init__.py:90: in import_module
    return _bootstrap._gcd_import(name[level:], package, level)
           ^^^^^^^^^^^^^^^^^^^^^^^^^^^^^^^^^^^^^^^^^^^^^^^^^^^^
<frozen importlib._bootstrap>:1387: in _gcd_import
    ???
<frozen importlib._bootstrap>:1360: in _find_and_load
    ???
_ _ _ _ _ _ _ _ _ _ _ _ _ _ _ _ _ _ _ _ _ _ _ _ _ _ _ _ _ _ _ _ _ _ _ _ _ _ _ _ 

name = 'cloud_edge_robot_arm.cloud.replanning.role_conditional_planning'
import_ = <function _gcd_import at 0x7e99c5b0c0e0>

>   ???
E   ModuleNotFoundError: No module named 'cloud_edge_robot_arm.cloud.replanning.role_conditional_planning'

<frozen importlib._bootstrap>:1324: ModuleNotFoundError
_ test_post_response_clock_source_profile_robot_drift_cannot_return_intent[clock] _

tmp_path = PosixPath('/tmp/pytest-of-ningyd/pytest-894/test_post_response_clock_sourc0')
monkeypatch = <_pytest.monkeypatch.MonkeyPatch object at 0x7e9997c47890>
drift = 'clock'

    @pytest.mark.parametrize("drift", ["clock", "source", "profile", "hardstop", "role"])
    def test_post_response_clock_source_profile_robot_drift_cannot_return_intent(tmp_path, monkeypatch, drift):
>       provider, wire, planner, binding, _, now = setup(tmp_path, monkeypatch)
                                                   ^^^^^^^^^^^^^^^^^^^^^^^^^^^^

tests/test_role_conditional_planning.py:204: 
_ _ _ _ _ _ _ _ _ _ _ _ _ _ _ _ _ _ _ _ _ _ _ _ _ _ _ _ _ _ _ _ _ _ _ _ _ _ _ _ 
tests/test_role_conditional_planning.py:73: in setup
    module = api()
             ^^^^^
tests/test_role_conditional_planning.py:37: in api
    return importlib.import_module("cloud_edge_robot_arm.cloud.replanning.role_conditional_planning")
           ^^^^^^^^^^^^^^^^^^^^^^^^^^^^^^^^^^^^^^^^^^^^^^^^^^^^^^^^^^^^^^^^^^^^^^^^^^^^^^^^^^^^^^^^^^
/usr/lib/python3.12/importlib/__init__.py:90: in import_module
    return _bootstrap._gcd_import(name[level:], package, level)
           ^^^^^^^^^^^^^^^^^^^^^^^^^^^^^^^^^^^^^^^^^^^^^^^^^^^^
<frozen importlib._bootstrap>:1387: in _gcd_import
    ???
<frozen importlib._bootstrap>:1360: in _find_and_load
    ???
_ _ _ _ _ _ _ _ _ _ _ _ _ _ _ _ _ _ _ _ _ _ _ _ _ _ _ _ _ _ _ _ _ _ _ _ _ _ _ _ 

name = 'cloud_edge_robot_arm.cloud.replanning.role_conditional_planning'
import_ = <function _gcd_import at 0x7e99c5b0c0e0>

>   ???
E   ModuleNotFoundError: No module named 'cloud_edge_robot_arm.cloud.replanning.role_conditional_planning'

<frozen importlib._bootstrap>:1324: ModuleNotFoundError
_ test_post_response_clock_source_profile_robot_drift_cannot_return_intent[source] _

tmp_path = PosixPath('/tmp/pytest-of-ningyd/pytest-894/test_post_response_clock_sourc1')
monkeypatch = <_pytest.monkeypatch.MonkeyPatch object at 0x7e9997c202c0>
drift = 'source'

    @pytest.mark.parametrize("drift", ["clock", "source", "profile", "hardstop", "role"])
    def test_post_response_clock_source_profile_robot_drift_cannot_return_intent(tmp_path, monkeypatch, drift):
>       provider, wire, planner, binding, _, now = setup(tmp_path, monkeypatch)
                                                   ^^^^^^^^^^^^^^^^^^^^^^^^^^^^

tests/test_role_conditional_planning.py:204: 
_ _ _ _ _ _ _ _ _ _ _ _ _ _ _ _ _ _ _ _ _ _ _ _ _ _ _ _ _ _ _ _ _ _ _ _ _ _ _ _ 
tests/test_role_conditional_planning.py:73: in setup
    module = api()
             ^^^^^
tests/test_role_conditional_planning.py:37: in api
    return importlib.import_module("cloud_edge_robot_arm.cloud.replanning.role_conditional_planning")
           ^^^^^^^^^^^^^^^^^^^^^^^^^^^^^^^^^^^^^^^^^^^^^^^^^^^^^^^^^^^^^^^^^^^^^^^^^^^^^^^^^^^^^^^^^^
/usr/lib/python3.12/importlib/__init__.py:90: in import_module
    return _bootstrap._gcd_import(name[level:], package, level)
           ^^^^^^^^^^^^^^^^^^^^^^^^^^^^^^^^^^^^^^^^^^^^^^^^^^^^
<frozen importlib._bootstrap>:1387: in _gcd_import
    ???
<frozen importlib._bootstrap>:1360: in _find_and_load
    ???
_ _ _ _ _ _ _ _ _ _ _ _ _ _ _ _ _ _ _ _ _ _ _ _ _ _ _ _ _ _ _ _ _ _ _ _ _ _ _ _ 

name = 'cloud_edge_robot_arm.cloud.replanning.role_conditional_planning'
import_ = <function _gcd_import at 0x7e99c5b0c0e0>

>   ???
E   ModuleNotFoundError: No module named 'cloud_edge_robot_arm.cloud.replanning.role_conditional_planning'

<frozen importlib._bootstrap>:1324: ModuleNotFoundError
_ test_post_response_clock_source_profile_robot_drift_cannot_return_intent[profile] _

tmp_path = PosixPath('/tmp/pytest-of-ningyd/pytest-894/test_post_response_clock_sourc2')
monkeypatch = <_pytest.monkeypatch.MonkeyPatch object at 0x7e9997c464e0>
drift = 'profile'

    @pytest.mark.parametrize("drift", ["clock", "source", "profile", "hardstop", "role"])
    def test_post_response_clock_source_profile_robot_drift_cannot_return_intent(tmp_path, monkeypatch, drift):
>       provider, wire, planner, binding, _, now = setup(tmp_path, monkeypatch)
                                                   ^^^^^^^^^^^^^^^^^^^^^^^^^^^^

tests/test_role_conditional_planning.py:204: 
_ _ _ _ _ _ _ _ _ _ _ _ _ _ _ _ _ _ _ _ _ _ _ _ _ _ _ _ _ _ _ _ _ _ _ _ _ _ _ _ 
tests/test_role_conditional_planning.py:73: in setup
    module = api()
             ^^^^^
tests/test_role_conditional_planning.py:37: in api
    return importlib.import_module("cloud_edge_robot_arm.cloud.replanning.role_conditional_planning")
           ^^^^^^^^^^^^^^^^^^^^^^^^^^^^^^^^^^^^^^^^^^^^^^^^^^^^^^^^^^^^^^^^^^^^^^^^^^^^^^^^^^^^^^^^^^
/usr/lib/python3.12/importlib/__init__.py:90: in import_module
    return _bootstrap._gcd_import(name[level:], package, level)
           ^^^^^^^^^^^^^^^^^^^^^^^^^^^^^^^^^^^^^^^^^^^^^^^^^^^^
<frozen importlib._bootstrap>:1387: in _gcd_import
    ???
<frozen importlib._bootstrap>:1360: in _find_and_load
    ???
_ _ _ _ _ _ _ _ _ _ _ _ _ _ _ _ _ _ _ _ _ _ _ _ _ _ _ _ _ _ _ _ _ _ _ _ _ _ _ _ 

name = 'cloud_edge_robot_arm.cloud.replanning.role_conditional_planning'
import_ = <function _gcd_import at 0x7e99c5b0c0e0>

>   ???
E   ModuleNotFoundError: No module named 'cloud_edge_robot_arm.cloud.replanning.role_conditional_planning'

<frozen importlib._bootstrap>:1324: ModuleNotFoundError
_ test_post_response_clock_source_profile_robot_drift_cannot_return_intent[hardstop] _

tmp_path = PosixPath('/tmp/pytest-of-ningyd/pytest-894/test_post_response_clock_sourc3')
monkeypatch = <_pytest.monkeypatch.MonkeyPatch object at 0x7e9997d8d4c0>
drift = 'hardstop'

    @pytest.mark.parametrize("drift", ["clock", "source", "profile", "hardstop", "role"])
    def test_post_response_clock_source_profile_robot_drift_cannot_return_intent(tmp_path, monkeypatch, drift):
>       provider, wire, planner, binding, _, now = setup(tmp_path, monkeypatch)
                                                   ^^^^^^^^^^^^^^^^^^^^^^^^^^^^

tests/test_role_conditional_planning.py:204: 
_ _ _ _ _ _ _ _ _ _ _ _ _ _ _ _ _ _ _ _ _ _ _ _ _ _ _ _ _ _ _ _ _ _ _ _ _ _ _ _ 
tests/test_role_conditional_planning.py:73: in setup
    module = api()
             ^^^^^
tests/test_role_conditional_planning.py:37: in api
    return importlib.import_module("cloud_edge_robot_arm.cloud.replanning.role_conditional_planning")
           ^^^^^^^^^^^^^^^^^^^^^^^^^^^^^^^^^^^^^^^^^^^^^^^^^^^^^^^^^^^^^^^^^^^^^^^^^^^^^^^^^^^^^^^^^^
/usr/lib/python3.12/importlib/__init__.py:90: in import_module
    return _bootstrap._gcd_import(name[level:], package, level)
           ^^^^^^^^^^^^^^^^^^^^^^^^^^^^^^^^^^^^^^^^^^^^^^^^^^^^
<frozen importlib._bootstrap>:1387: in _gcd_import
    ???
<frozen importlib._bootstrap>:1360: in _find_and_load
    ???
_ _ _ _ _ _ _ _ _ _ _ _ _ _ _ _ _ _ _ _ _ _ _ _ _ _ _ _ _ _ _ _ _ _ _ _ _ _ _ _ 

name = 'cloud_edge_robot_arm.cloud.replanning.role_conditional_planning'
import_ = <function _gcd_import at 0x7e99c5b0c0e0>

>   ???
E   ModuleNotFoundError: No module named 'cloud_edge_robot_arm.cloud.replanning.role_conditional_planning'

<frozen importlib._bootstrap>:1324: ModuleNotFoundError
_ test_post_response_clock_source_profile_robot_drift_cannot_return_intent[role] _

tmp_path = PosixPath('/tmp/pytest-of-ningyd/pytest-894/test_post_response_clock_sourc4')
monkeypatch = <_pytest.monkeypatch.MonkeyPatch object at 0x7e9997c22780>
drift = 'role'

    @pytest.mark.parametrize("drift", ["clock", "source", "profile", "hardstop", "role"])
    def test_post_response_clock_source_profile_robot_drift_cannot_return_intent(tmp_path, monkeypatch, drift):
>       provider, wire, planner, binding, _, now = setup(tmp_path, monkeypatch)
                                                   ^^^^^^^^^^^^^^^^^^^^^^^^^^^^

tests/test_role_conditional_planning.py:204: 
_ _ _ _ _ _ _ _ _ _ _ _ _ _ _ _ _ _ _ _ _ _ _ _ _ _ _ _ _ _ _ _ _ _ _ _ _ _ _ _ 
tests/test_role_conditional_planning.py:73: in setup
    module = api()
             ^^^^^
tests/test_role_conditional_planning.py:37: in api
    return importlib.import_module("cloud_edge_robot_arm.cloud.replanning.role_conditional_planning")
           ^^^^^^^^^^^^^^^^^^^^^^^^^^^^^^^^^^^^^^^^^^^^^^^^^^^^^^^^^^^^^^^^^^^^^^^^^^^^^^^^^^^^^^^^^^
/usr/lib/python3.12/importlib/__init__.py:90: in import_module
    return _bootstrap._gcd_import(name[level:], package, level)
           ^^^^^^^^^^^^^^^^^^^^^^^^^^^^^^^^^^^^^^^^^^^^^^^^^^^^
<frozen importlib._bootstrap>:1387: in _gcd_import
    ???
<frozen importlib._bootstrap>:1360: in _find_and_load
    ???
_ _ _ _ _ _ _ _ _ _ _ _ _ _ _ _ _ _ _ _ _ _ _ _ _ _ _ _ _ _ _ _ _ _ _ _ _ _ _ _ 

name = 'cloud_edge_robot_arm.cloud.replanning.role_conditional_planning'
import_ = <function _gcd_import at 0x7e99c5b0c0e0>

>   ???
E   ModuleNotFoundError: No module named 'cloud_edge_robot_arm.cloud.replanning.role_conditional_planning'

<frozen importlib._bootstrap>:1324: ModuleNotFoundError
________ test_normalized_coordinates_are_converted_before_pure_builder _________

tmp_path = PosixPath('/tmp/pytest-of-ningyd/pytest-894/test_normalized_coordinates_ar0')
monkeypatch = <_pytest.monkeypatch.MonkeyPatch object at 0x7e9997c21670>

    def test_normalized_coordinates_are_converted_before_pure_builder(tmp_path, monkeypatch):
        def selected(d):
            d["replacements"][0]["target_pixel"] = [1000, 1000]
>       provider, _, _, _, data, _ = setup(tmp_path, monkeypatch, change=selected,
                                          coordinate_system="normalized_1000")

tests/test_role_conditional_planning.py:219: 
_ _ _ _ _ _ _ _ _ _ _ _ _ _ _ _ _ _ _ _ _ _ _ _ _ _ _ _ _ _ _ _ _ _ _ _ _ _ _ _ 
tests/test_role_conditional_planning.py:73: in setup
    module = api()
             ^^^^^
tests/test_role_conditional_planning.py:37: in api
    return importlib.import_module("cloud_edge_robot_arm.cloud.replanning.role_conditional_planning")
           ^^^^^^^^^^^^^^^^^^^^^^^^^^^^^^^^^^^^^^^^^^^^^^^^^^^^^^^^^^^^^^^^^^^^^^^^^^^^^^^^^^^^^^^^^^
/usr/lib/python3.12/importlib/__init__.py:90: in import_module
    return _bootstrap._gcd_import(name[level:], package, level)
           ^^^^^^^^^^^^^^^^^^^^^^^^^^^^^^^^^^^^^^^^^^^^^^^^^^^^
<frozen importlib._bootstrap>:1387: in _gcd_import
    ???
<frozen importlib._bootstrap>:1360: in _find_and_load
    ???
_ _ _ _ _ _ _ _ _ _ _ _ _ _ _ _ _ _ _ _ _ _ _ _ _ _ _ _ _ _ _ _ _ _ _ _ _ _ _ _ 

name = 'cloud_edge_robot_arm.cloud.replanning.role_conditional_planning'
import_ = <function _gcd_import at 0x7e99c5b0c0e0>

>   ???
E   ModuleNotFoundError: No module named 'cloud_edge_robot_arm.cloud.replanning.role_conditional_planning'

<frozen importlib._bootstrap>:1324: ModuleNotFoundError
__________ test_detached_original_source_inputs_cannot_change_request __________

tmp_path = PosixPath('/tmp/pytest-of-ningyd/pytest-894/test_detached_original_source_0')
monkeypatch = <_pytest.monkeypatch.MonkeyPatch object at 0x7e9997c22a80>

    def test_detached_original_source_inputs_cannot_change_request(tmp_path, monkeypatch):
>       provider, _, _, _, data, _ = setup(tmp_path, monkeypatch)
                                     ^^^^^^^^^^^^^^^^^^^^^^^^^^^^

tests/test_role_conditional_planning.py:227: 
_ _ _ _ _ _ _ _ _ _ _ _ _ _ _ _ _ _ _ _ _ _ _ _ _ _ _ _ _ _ _ _ _ _ _ _ _ _ _ _ 
tests/test_role_conditional_planning.py:73: in setup
    module = api()
             ^^^^^
tests/test_role_conditional_planning.py:37: in api
    return importlib.import_module("cloud_edge_robot_arm.cloud.replanning.role_conditional_planning")
           ^^^^^^^^^^^^^^^^^^^^^^^^^^^^^^^^^^^^^^^^^^^^^^^^^^^^^^^^^^^^^^^^^^^^^^^^^^^^^^^^^^^^^^^^^^
/usr/lib/python3.12/importlib/__init__.py:90: in import_module
    return _bootstrap._gcd_import(name[level:], package, level)
           ^^^^^^^^^^^^^^^^^^^^^^^^^^^^^^^^^^^^^^^^^^^^^^^^^^^^
<frozen importlib._bootstrap>:1387: in _gcd_import
    ???
<frozen importlib._bootstrap>:1360: in _find_and_load
    ???
_ _ _ _ _ _ _ _ _ _ _ _ _ _ _ _ _ _ _ _ _ _ _ _ _ _ _ _ _ _ _ _ _ _ _ _ _ _ _ _ 

name = 'cloud_edge_robot_arm.cloud.replanning.role_conditional_planning'
import_ = <function _gcd_import at 0x7e99c5b0c0e0>

>   ???
E   ModuleNotFoundError: No module named 'cloud_edge_robot_arm.cloud.replanning.role_conditional_planning'

<frozen importlib._bootstrap>:1324: ModuleNotFoundError
_______ test_unavailable_or_forged_actual_scope_never_enables_transport ________

tmp_path = PosixPath('/tmp/pytest-of-ningyd/pytest-894/test_unavailable_or_forged_act0')
monkeypatch = <_pytest.monkeypatch.MonkeyPatch object at 0x7e9997c23e00>

    def test_unavailable_or_forged_actual_scope_never_enables_transport(tmp_path, monkeypatch):
>       provider, wire, planner, _, _, _ = setup(tmp_path, monkeypatch)
                                           ^^^^^^^^^^^^^^^^^^^^^^^^^^^^

tests/test_role_conditional_planning.py:236: 
_ _ _ _ _ _ _ _ _ _ _ _ _ _ _ _ _ _ _ _ _ _ _ _ _ _ _ _ _ _ _ _ _ _ _ _ _ _ _ _ 
tests/test_role_conditional_planning.py:73: in setup
    module = api()
             ^^^^^
tests/test_role_conditional_planning.py:37: in api
    return importlib.import_module("cloud_edge_robot_arm.cloud.replanning.role_conditional_planning")
           ^^^^^^^^^^^^^^^^^^^^^^^^^^^^^^^^^^^^^^^^^^^^^^^^^^^^^^^^^^^^^^^^^^^^^^^^^^^^^^^^^^^^^^^^^^
/usr/lib/python3.12/importlib/__init__.py:90: in import_module
    return _bootstrap._gcd_import(name[level:], package, level)
           ^^^^^^^^^^^^^^^^^^^^^^^^^^^^^^^^^^^^^^^^^^^^^^^^^^^^
<frozen importlib._bootstrap>:1387: in _gcd_import
    ???
<frozen importlib._bootstrap>:1360: in _find_and_load
    ???
_ _ _ _ _ _ _ _ _ _ _ _ _ _ _ _ _ _ _ _ _ _ _ _ _ _ _ _ _ _ _ _ _ _ _ _ _ _ _ _ 

name = 'cloud_edge_robot_arm.cloud.replanning.role_conditional_planning'
import_ = <function _gcd_import at 0x7e99c5b0c0e0>

>   ???
E   ModuleNotFoundError: No module named 'cloud_edge_robot_arm.cloud.replanning.role_conditional_planning'

<frozen importlib._bootstrap>:1324: ModuleNotFoundError
=========================== short test summary info ============================
FAILED tests/test_role_conditional_planning.py::test_future_fail_is_planning_only_with_two_images_and_replanner_cost
FAILED tests/test_role_conditional_planning.py::test_remote_text_contains_only_minimum_intent_context
FAILED tests/test_role_conditional_planning.py::test_missing_prerequisite_makes_zero_requests_and_zero_reservations[binding]
FAILED tests/test_role_conditional_planning.py::test_missing_prerequisite_makes_zero_requests_and_zero_reservations[source]
FAILED tests/test_role_conditional_planning.py::test_missing_prerequisite_makes_zero_requests_and_zero_reservations[key]
FAILED tests/test_role_conditional_planning.py::test_missing_prerequisite_makes_zero_requests_and_zero_reservations[paid]
FAILED tests/test_role_conditional_planning.py::test_missing_prerequisite_makes_zero_requests_and_zero_reservations[ledger]
FAILED tests/test_role_conditional_planning.py::test_missing_prerequisite_makes_zero_requests_and_zero_reservations[inventory]
FAILED tests/test_role_conditional_planning.py::test_missing_prerequisite_makes_zero_requests_and_zero_reservations[snapshot]
FAILED tests/test_role_conditional_planning.py::test_missing_prerequisite_makes_zero_requests_and_zero_reservations[role]
FAILED tests/test_role_conditional_planning.py::test_missing_prerequisite_makes_zero_requests_and_zero_reservations[original_bundle]
FAILED tests/test_role_conditional_planning.py::test_hard_stop_is_not_a_future_condition_fail_and_never_debits[estop_engaged]
FAILED tests/test_role_conditional_planning.py::test_hard_stop_is_not_a_future_condition_fail_and_never_debits[collision_detected]
FAILED tests/test_role_conditional_planning.py::test_hard_stop_is_not_a_future_condition_fail_and_never_debits[disconnected]
FAILED tests/test_role_conditional_planning.py::test_strict_remote_intent_rejects_without_any_execution_shape[extra]
FAILED tests/test_role_conditional_planning.py::test_strict_remote_intent_rejects_without_any_execution_shape[duplicate]
FAILED tests/test_role_conditional_planning.py::test_strict_remote_intent_rejects_without_any_execution_shape[reorder]
FAILED tests/test_role_conditional_planning.py::test_strict_remote_intent_rejects_without_any_execution_shape[skill]
FAILED tests/test_role_conditional_planning.py::test_strict_remote_intent_rejects_without_any_execution_shape[binding]
FAILED tests/test_role_conditional_planning.py::test_strict_remote_intent_rejects_without_any_execution_shape[command]
FAILED tests/test_role_conditional_planning.py::test_strict_remote_intent_rejects_without_any_execution_shape[token]
FAILED tests/test_role_conditional_planning.py::test_strict_remote_intent_rejects_without_any_execution_shape[bool]
FAILED tests/test_role_conditional_planning.py::test_strict_remote_intent_rejects_without_any_execution_shape[pixel]
FAILED tests/test_role_conditional_planning.py::test_strict_remote_intent_rejects_without_any_execution_shape[nan]
FAILED tests/test_role_conditional_planning.py::test_strict_remote_intent_rejects_without_any_execution_shape[duplicate_key]
FAILED tests/test_role_conditional_planning.py::test_post_response_clock_source_profile_robot_drift_cannot_return_intent[clock]
FAILED tests/test_role_conditional_planning.py::test_post_response_clock_source_profile_robot_drift_cannot_return_intent[source]
FAILED tests/test_role_conditional_planning.py::test_post_response_clock_source_profile_robot_drift_cannot_return_intent[profile]
FAILED tests/test_role_conditional_planning.py::test_post_response_clock_source_profile_robot_drift_cannot_return_intent[hardstop]
FAILED tests/test_role_conditional_planning.py::test_post_response_clock_source_profile_robot_drift_cannot_return_intent[role]
FAILED tests/test_role_conditional_planning.py::test_normalized_coordinates_are_converted_before_pure_builder
FAILED tests/test_role_conditional_planning.py::test_detached_original_source_inputs_cannot_change_request
FAILED tests/test_role_conditional_planning.py::test_unavailable_or_forged_actual_scope_never_enables_transport
33 failed in 0.58s
