FFFF                                                                     [100%]
=================================== FAILURES ===================================
________________ test_capture_timestamp_includes_render_latency ________________
tests/test_rgbd_capture_session.py:144: in test_capture_timestamp_includes_render_latency
    assert captured.observation.captured_at == started_at
E   AssertionError: assert datetime.datetime(2026, 10, 3, 0, 0, 6, tzinfo=datetime.timezone.utc) == datetime.datetime(2026, 10, 3, 0, 0, tzinfo=datetime.timezone.utc)
E    +  where datetime.datetime(2026, 10, 3, 0, 0, 6, tzinfo=datetime.timezone.utc) = RGBDObservation(frame_id='rgbd-094e2eae04f44dfbafb532dd0f5e46e2', observation_id='rgbd-094e2eae04f44dfbafb532dd0f5e46e...bration_version='f33940579c533afe', checksum_sha256='a54087605da35eb7b1386c929d79bf7e125d312900cfc9a55714090d5dbf0cf6').captured_at
E    +    where RGBDObservation(frame_id='rgbd-094e2eae04f44dfbafb532dd0f5e46e2', observation_id='rgbd-094e2eae04f44dfbafb532dd0f5e46e...bration_version='f33940579c533afe', checksum_sha256='a54087605da35eb7b1386c929d79bf7e125d312900cfc9a55714090d5dbf0cf6') = CapturedFrame(observation=RGBDObservation(frame_id='rgbd-094e2eae04f44dfbafb532dd0f5e46e2', observation_id='rgbd-094e2...32b27a1a3ad0e6ed0a26ea207c7ddf2daeadffa91c36fc66', '8165d5040c5f757832b27a1a3ad0e6ed0a26ea207c7ddf2daeadffa91c36fc66')).observation
_______ test_concurrent_calibration_change_rejects_mixed_frame[cam_xpos] _______
tests/test_rgbd_capture_session.py:154: in test_concurrent_calibration_change_rejects_mixed_frame
    with pytest.raises(RuntimeError, match="camera calibration changed"):
E   Failed: DID NOT RAISE <class 'RuntimeError'>
_______ test_concurrent_calibration_change_rejects_mixed_frame[cam_xmat] _______
tests/test_rgbd_capture_session.py:154: in test_concurrent_calibration_change_rejects_mixed_frame
    with pytest.raises(RuntimeError, match="camera calibration changed"):
E   Failed: DID NOT RAISE <class 'RuntimeError'>
_______ test_concurrent_calibration_change_rejects_mixed_frame[cam_fovy] _______
tests/test_rgbd_capture_session.py:154: in test_concurrent_calibration_change_rejects_mixed_frame
    with pytest.raises(RuntimeError, match="camera calibration changed"):
E   Failed: DID NOT RAISE <class 'RuntimeError'>
=========================== short test summary info ============================
FAILED tests/test_rgbd_capture_session.py::test_capture_timestamp_includes_render_latency
FAILED tests/test_rgbd_capture_session.py::test_concurrent_calibration_change_rejects_mixed_frame[cam_xpos]
FAILED tests/test_rgbd_capture_session.py::test_concurrent_calibration_change_rejects_mixed_frame[cam_xmat]
FAILED tests/test_rgbd_capture_session.py::test_concurrent_calibration_change_rejects_mixed_frame[cam_fovy]
4 failed, 5 deselected in 0.71s
