F..FFFFFFFFFFF                                                           [100%]
=================================== FAILURES ===================================
_______________ test_sensor_frame_requires_acquisition_timestamp _______________
tests/test_rgbd_observations.py:55: in test_sensor_frame_requires_acquisition_timestamp
    with pytest.raises(ValueError, match="captured_at"):
E   Failed: DID NOT RAISE <class 'ValueError'>
____________ test_sensor_frame_rejects_wrong_rgb_payload_length[13] ____________
tests/test_rgbd_observations.py:74: in test_sensor_frame_rejects_wrong_rgb_payload_length
    with pytest.raises(ValueError):
E   Failed: DID NOT RAISE <class 'ValueError'>
__ test_sensor_frame_validates_bounds_and_payloads_before_encoding[changes0] ___
tests/test_rgbd_observations.py:103: in test_sensor_frame_validates_bounds_and_payloads_before_encoding
    observation_from_sensor_frame(replace(sensor_frame, **changes), source="mujoco_camera")
src/cloud_edge_robot_arm/vision/observations.py:218: in observation_from_sensor_frame
    image = Image.frombytes("RGB", (frame.width, frame.height), frame.rgb)
            ^^^^^^^^^^^^^^^^^^^^^^^^^^^^^^^^^^^^^^^^^^^^^^^^^^^^^^^^^^^^^^
tests/test_rgbd_observations.py:99: in unexpected_encoding
    pytest.fail("invalid raw RGB-D reached image encoding")
E   Failed: invalid raw RGB-D reached image encoding
__ test_sensor_frame_validates_bounds_and_payloads_before_encoding[changes1] ___
tests/test_rgbd_observations.py:103: in test_sensor_frame_validates_bounds_and_payloads_before_encoding
    observation_from_sensor_frame(replace(sensor_frame, **changes), source="mujoco_camera")
src/cloud_edge_robot_arm/vision/observations.py:218: in observation_from_sensor_frame
    image = Image.frombytes("RGB", (frame.width, frame.height), frame.rgb)
            ^^^^^^^^^^^^^^^^^^^^^^^^^^^^^^^^^^^^^^^^^^^^^^^^^^^^^^^^^^^^^^
tests/test_rgbd_observations.py:99: in unexpected_encoding
    pytest.fail("invalid raw RGB-D reached image encoding")
E   Failed: invalid raw RGB-D reached image encoding
__ test_sensor_frame_validates_bounds_and_payloads_before_encoding[changes2] ___
tests/test_rgbd_observations.py:103: in test_sensor_frame_validates_bounds_and_payloads_before_encoding
    observation_from_sensor_frame(replace(sensor_frame, **changes), source="mujoco_camera")
src/cloud_edge_robot_arm/vision/observations.py:218: in observation_from_sensor_frame
    image = Image.frombytes("RGB", (frame.width, frame.height), frame.rgb)
            ^^^^^^^^^^^^^^^^^^^^^^^^^^^^^^^^^^^^^^^^^^^^^^^^^^^^^^^^^^^^^^
tests/test_rgbd_observations.py:99: in unexpected_encoding
    pytest.fail("invalid raw RGB-D reached image encoding")
E   Failed: invalid raw RGB-D reached image encoding
__ test_sensor_frame_validates_bounds_and_payloads_before_encoding[changes3] ___
tests/test_rgbd_observations.py:103: in test_sensor_frame_validates_bounds_and_payloads_before_encoding
    observation_from_sensor_frame(replace(sensor_frame, **changes), source="mujoco_camera")
src/cloud_edge_robot_arm/vision/observations.py:218: in observation_from_sensor_frame
    image = Image.frombytes("RGB", (frame.width, frame.height), frame.rgb)
            ^^^^^^^^^^^^^^^^^^^^^^^^^^^^^^^^^^^^^^^^^^^^^^^^^^^^^^^^^^^^^^
tests/test_rgbd_observations.py:99: in unexpected_encoding
    pytest.fail("invalid raw RGB-D reached image encoding")
E   Failed: invalid raw RGB-D reached image encoding
__ test_sensor_frame_validates_bounds_and_payloads_before_encoding[changes4] ___
tests/test_rgbd_observations.py:103: in test_sensor_frame_validates_bounds_and_payloads_before_encoding
    observation_from_sensor_frame(replace(sensor_frame, **changes), source="mujoco_camera")
src/cloud_edge_robot_arm/vision/observations.py:218: in observation_from_sensor_frame
    image = Image.frombytes("RGB", (frame.width, frame.height), frame.rgb)
            ^^^^^^^^^^^^^^^^^^^^^^^^^^^^^^^^^^^^^^^^^^^^^^^^^^^^^^^^^^^^^^
tests/test_rgbd_observations.py:99: in unexpected_encoding
    pytest.fail("invalid raw RGB-D reached image encoding")
E   Failed: invalid raw RGB-D reached image encoding
__ test_sensor_frame_validates_bounds_and_payloads_before_encoding[changes5] ___
tests/test_rgbd_observations.py:103: in test_sensor_frame_validates_bounds_and_payloads_before_encoding
    observation_from_sensor_frame(replace(sensor_frame, **changes), source="mujoco_camera")
src/cloud_edge_robot_arm/vision/observations.py:218: in observation_from_sensor_frame
    image = Image.frombytes("RGB", (frame.width, frame.height), frame.rgb)
            ^^^^^^^^^^^^^^^^^^^^^^^^^^^^^^^^^^^^^^^^^^^^^^^^^^^^^^^^^^^^^^
tests/test_rgbd_observations.py:99: in unexpected_encoding
    pytest.fail("invalid raw RGB-D reached image encoding")
E   Failed: invalid raw RGB-D reached image encoding
__ test_sensor_frame_validates_bounds_and_payloads_before_encoding[changes6] ___
tests/test_rgbd_observations.py:103: in test_sensor_frame_validates_bounds_and_payloads_before_encoding
    observation_from_sensor_frame(replace(sensor_frame, **changes), source="mujoco_camera")
src/cloud_edge_robot_arm/vision/observations.py:218: in observation_from_sensor_frame
    image = Image.frombytes("RGB", (frame.width, frame.height), frame.rgb)
            ^^^^^^^^^^^^^^^^^^^^^^^^^^^^^^^^^^^^^^^^^^^^^^^^^^^^^^^^^^^^^^
tests/test_rgbd_observations.py:99: in unexpected_encoding
    pytest.fail("invalid raw RGB-D reached image encoding")
E   Failed: invalid raw RGB-D reached image encoding
__ test_sensor_frame_validates_bounds_and_payloads_before_encoding[changes7] ___
tests/test_rgbd_observations.py:103: in test_sensor_frame_validates_bounds_and_payloads_before_encoding
    observation_from_sensor_frame(replace(sensor_frame, **changes), source="mujoco_camera")
src/cloud_edge_robot_arm/vision/observations.py:218: in observation_from_sensor_frame
    image = Image.frombytes("RGB", (frame.width, frame.height), frame.rgb)
            ^^^^^^^^^^^^^^^^^^^^^^^^^^^^^^^^^^^^^^^^^^^^^^^^^^^^^^^^^^^^^^
tests/test_rgbd_observations.py:99: in unexpected_encoding
    pytest.fail("invalid raw RGB-D reached image encoding")
E   Failed: invalid raw RGB-D reached image encoding
__ test_sensor_frame_validates_bounds_and_payloads_before_encoding[changes8] ___
tests/test_rgbd_observations.py:103: in test_sensor_frame_validates_bounds_and_payloads_before_encoding
    observation_from_sensor_frame(replace(sensor_frame, **changes), source="mujoco_camera")
src/cloud_edge_robot_arm/vision/observations.py:218: in observation_from_sensor_frame
    image = Image.frombytes("RGB", (frame.width, frame.height), frame.rgb)
            ^^^^^^^^^^^^^^^^^^^^^^^^^^^^^^^^^^^^^^^^^^^^^^^^^^^^^^^^^^^^^^
tests/test_rgbd_observations.py:99: in unexpected_encoding
    pytest.fail("invalid raw RGB-D reached image encoding")
E   Failed: invalid raw RGB-D reached image encoding
__ test_sensor_frame_validates_bounds_and_payloads_before_encoding[changes9] ___
tests/test_rgbd_observations.py:103: in test_sensor_frame_validates_bounds_and_payloads_before_encoding
    observation_from_sensor_frame(replace(sensor_frame, **changes), source="mujoco_camera")
src/cloud_edge_robot_arm/vision/observations.py:218: in observation_from_sensor_frame
    image = Image.frombytes("RGB", (frame.width, frame.height), frame.rgb)
            ^^^^^^^^^^^^^^^^^^^^^^^^^^^^^^^^^^^^^^^^^^^^^^^^^^^^^^^^^^^^^^
tests/test_rgbd_observations.py:99: in unexpected_encoding
    pytest.fail("invalid raw RGB-D reached image encoding")
E   Failed: invalid raw RGB-D reached image encoding
=========================== short test summary info ============================
FAILED tests/test_rgbd_observations.py::test_sensor_frame_requires_acquisition_timestamp
FAILED tests/test_rgbd_observations.py::test_sensor_frame_rejects_wrong_rgb_payload_length[13]
FAILED tests/test_rgbd_observations.py::test_sensor_frame_validates_bounds_and_payloads_before_encoding[changes0]
FAILED tests/test_rgbd_observations.py::test_sensor_frame_validates_bounds_and_payloads_before_encoding[changes1]
FAILED tests/test_rgbd_observations.py::test_sensor_frame_validates_bounds_and_payloads_before_encoding[changes2]
FAILED tests/test_rgbd_observations.py::test_sensor_frame_validates_bounds_and_payloads_before_encoding[changes3]
FAILED tests/test_rgbd_observations.py::test_sensor_frame_validates_bounds_and_payloads_before_encoding[changes4]
FAILED tests/test_rgbd_observations.py::test_sensor_frame_validates_bounds_and_payloads_before_encoding[changes5]
FAILED tests/test_rgbd_observations.py::test_sensor_frame_validates_bounds_and_payloads_before_encoding[changes6]
FAILED tests/test_rgbd_observations.py::test_sensor_frame_validates_bounds_and_payloads_before_encoding[changes7]
FAILED tests/test_rgbd_observations.py::test_sensor_frame_validates_bounds_and_payloads_before_encoding[changes8]
FAILED tests/test_rgbd_observations.py::test_sensor_frame_validates_bounds_and_payloads_before_encoding[changes9]
12 failed, 2 passed, 11 deselected in 0.29s
