FFFFFFFFFFFFFF                                                           [100%]
=================================== FAILURES ===================================
______ test_clock_tuple_is_detached_strict_and_roundtrips_original_values ______

    def test_clock_tuple_is_detached_strict_and_roundtrips_original_values():
>       api = clock_api()
              ^^^^^^^^^^^

tests/test_native_clock_source_v2.py:29: 
_ _ _ _ _ _ _ _ _ _ _ _ _ _ _ _ _ _ _ _ _ _ _ _ _ _ _ _ _ _ _ _ _ _ _ _ _ _ _ _ 

    def clock_api():
        name = "cloud_edge_robot_arm.research.native_clock_source_v2"
>       assert util.find_spec(name) is not None, "new original signed-clock reader is missing"
E       AssertionError: new original signed-clock reader is missing
E       assert None is not None
E        +  where None = <function find_spec at 0x7d2427fa3920>('cloud_edge_robot_arm.research.native_clock_source_v2')
E        +    where <function find_spec at 0x7d2427fa3920> = util.find_spec

tests/test_native_clock_source_v2.py:16: AssertionError
____________ test_bad_clock_originals_do_not_coerce[sequence-True] _____________

field = 'sequence', value = True

    @pytest.mark.parametrize("field,value", [
        ("sequence", True), ("mono_before_ns", None), ("mono_after_ns", 99),
        ("utc_at", "2026-10-05T00:00:00"), ("clock_domain_id", ""),
    ])
    def test_bad_clock_originals_do_not_coerce(field, value):
>       api = clock_api()
              ^^^^^^^^^^^

tests/test_native_clock_source_v2.py:45: 
_ _ _ _ _ _ _ _ _ _ _ _ _ _ _ _ _ _ _ _ _ _ _ _ _ _ _ _ _ _ _ _ _ _ _ _ _ _ _ _ 

    def clock_api():
        name = "cloud_edge_robot_arm.research.native_clock_source_v2"
>       assert util.find_spec(name) is not None, "new original signed-clock reader is missing"
E       AssertionError: new original signed-clock reader is missing
E       assert None is not None
E        +  where None = <function find_spec at 0x7d2427fa3920>('cloud_edge_robot_arm.research.native_clock_source_v2')
E        +    where <function find_spec at 0x7d2427fa3920> = util.find_spec

tests/test_native_clock_source_v2.py:16: AssertionError
_________ test_bad_clock_originals_do_not_coerce[mono_before_ns-None] __________

field = 'mono_before_ns', value = None

    @pytest.mark.parametrize("field,value", [
        ("sequence", True), ("mono_before_ns", None), ("mono_after_ns", 99),
        ("utc_at", "2026-10-05T00:00:00"), ("clock_domain_id", ""),
    ])
    def test_bad_clock_originals_do_not_coerce(field, value):
>       api = clock_api()
              ^^^^^^^^^^^

tests/test_native_clock_source_v2.py:45: 
_ _ _ _ _ _ _ _ _ _ _ _ _ _ _ _ _ _ _ _ _ _ _ _ _ _ _ _ _ _ _ _ _ _ _ _ _ _ _ _ 

    def clock_api():
        name = "cloud_edge_robot_arm.research.native_clock_source_v2"
>       assert util.find_spec(name) is not None, "new original signed-clock reader is missing"
E       AssertionError: new original signed-clock reader is missing
E       assert None is not None
E        +  where None = <function find_spec at 0x7d2427fa3920>('cloud_edge_robot_arm.research.native_clock_source_v2')
E        +    where <function find_spec at 0x7d2427fa3920> = util.find_spec

tests/test_native_clock_source_v2.py:16: AssertionError
___________ test_bad_clock_originals_do_not_coerce[mono_after_ns-99] ___________

field = 'mono_after_ns', value = 99

    @pytest.mark.parametrize("field,value", [
        ("sequence", True), ("mono_before_ns", None), ("mono_after_ns", 99),
        ("utc_at", "2026-10-05T00:00:00"), ("clock_domain_id", ""),
    ])
    def test_bad_clock_originals_do_not_coerce(field, value):
>       api = clock_api()
              ^^^^^^^^^^^

tests/test_native_clock_source_v2.py:45: 
_ _ _ _ _ _ _ _ _ _ _ _ _ _ _ _ _ _ _ _ _ _ _ _ _ _ _ _ _ _ _ _ _ _ _ _ _ _ _ _ 

    def clock_api():
        name = "cloud_edge_robot_arm.research.native_clock_source_v2"
>       assert util.find_spec(name) is not None, "new original signed-clock reader is missing"
E       AssertionError: new original signed-clock reader is missing
E       assert None is not None
E        +  where None = <function find_spec at 0x7d2427fa3920>('cloud_edge_robot_arm.research.native_clock_source_v2')
E        +    where <function find_spec at 0x7d2427fa3920> = util.find_spec

tests/test_native_clock_source_v2.py:16: AssertionError
______ test_bad_clock_originals_do_not_coerce[utc_at-2026-10-05T00:00:00] ______

field = 'utc_at', value = '2026-10-05T00:00:00'

    @pytest.mark.parametrize("field,value", [
        ("sequence", True), ("mono_before_ns", None), ("mono_after_ns", 99),
        ("utc_at", "2026-10-05T00:00:00"), ("clock_domain_id", ""),
    ])
    def test_bad_clock_originals_do_not_coerce(field, value):
>       api = clock_api()
              ^^^^^^^^^^^

tests/test_native_clock_source_v2.py:45: 
_ _ _ _ _ _ _ _ _ _ _ _ _ _ _ _ _ _ _ _ _ _ _ _ _ _ _ _ _ _ _ _ _ _ _ _ _ _ _ _ 

    def clock_api():
        name = "cloud_edge_robot_arm.research.native_clock_source_v2"
>       assert util.find_spec(name) is not None, "new original signed-clock reader is missing"
E       AssertionError: new original signed-clock reader is missing
E       assert None is not None
E        +  where None = <function find_spec at 0x7d2427fa3920>('cloud_edge_robot_arm.research.native_clock_source_v2')
E        +    where <function find_spec at 0x7d2427fa3920> = util.find_spec

tests/test_native_clock_source_v2.py:16: AssertionError
___________ test_bad_clock_originals_do_not_coerce[clock_domain_id-] ___________

field = 'clock_domain_id', value = ''

    @pytest.mark.parametrize("field,value", [
        ("sequence", True), ("mono_before_ns", None), ("mono_after_ns", 99),
        ("utc_at", "2026-10-05T00:00:00"), ("clock_domain_id", ""),
    ])
    def test_bad_clock_originals_do_not_coerce(field, value):
>       api = clock_api()
              ^^^^^^^^^^^

tests/test_native_clock_source_v2.py:45: 
_ _ _ _ _ _ _ _ _ _ _ _ _ _ _ _ _ _ _ _ _ _ _ _ _ _ _ _ _ _ _ _ _ _ _ _ _ _ _ _ 

    def clock_api():
        name = "cloud_edge_robot_arm.research.native_clock_source_v2"
>       assert util.find_spec(name) is not None, "new original signed-clock reader is missing"
E       AssertionError: new original signed-clock reader is missing
E       assert None is not None
E        +  where None = <function find_spec at 0x7d2427fa3920>('cloud_edge_robot_arm.research.native_clock_source_v2')
E        +    where <function find_spec at 0x7d2427fa3920> = util.find_spec

tests/test_native_clock_source_v2.py:16: AssertionError
_ test_slab_commitment_binds_order_complete_pair_content_and_acquisition_bytes _

    def test_slab_commitment_binds_order_complete_pair_content_and_acquisition_bytes():
>       api = clock_api()
              ^^^^^^^^^^^

tests/test_native_clock_source_v2.py:51: 
_ _ _ _ _ _ _ _ _ _ _ _ _ _ _ _ _ _ _ _ _ _ _ _ _ _ _ _ _ _ _ _ _ _ _ _ _ _ _ _ 

    def clock_api():
        name = "cloud_edge_robot_arm.research.native_clock_source_v2"
>       assert util.find_spec(name) is not None, "new original signed-clock reader is missing"
E       AssertionError: new original signed-clock reader is missing
E       assert None is not None
E        +  where None = <function find_spec at 0x7d2427fa3920>('cloud_edge_robot_arm.research.native_clock_source_v2')
E        +    where <function find_spec at 0x7d2427fa3920> = util.find_spec

tests/test_native_clock_source_v2.py:16: AssertionError
_______ test_actual_official_go_packet_replay_is_software_signature_only _______

    def test_actual_official_go_packet_replay_is_software_signature_only():
>       api = clock_api()
              ^^^^^^^^^^^

tests/test_native_clock_source_v2.py:75: 
_ _ _ _ _ _ _ _ _ _ _ _ _ _ _ _ _ _ _ _ _ _ _ _ _ _ _ _ _ _ _ _ _ _ _ _ _ _ _ _ 

    def clock_api():
        name = "cloud_edge_robot_arm.research.native_clock_source_v2"
>       assert util.find_spec(name) is not None, "new original signed-clock reader is missing"
E       AssertionError: new original signed-clock reader is missing
E       assert None is not None
E        +  where None = <function find_spec at 0x7d2427fa3920>('cloud_edge_robot_arm.research.native_clock_source_v2')
E        +    where <function find_spec at 0x7d2427fa3920> = util.find_spec

tests/test_native_clock_source_v2.py:16: AssertionError
____________ test_signed_original_packet_tampering_rejects[request] ____________

change = 'request'

    @pytest.mark.parametrize("change", ["request", "response", "key"])
    def test_signed_original_packet_tampering_rejects(change):
>       fixture, verifier = wire_fixture()
                            ^^^^^^^^^^^^^^

tests/test_native_clock_source_v2.py:86: 
_ _ _ _ _ _ _ _ _ _ _ _ _ _ _ _ _ _ _ _ _ _ _ _ _ _ _ _ _ _ _ _ _ _ _ _ _ _ _ _ 
tests/test_native_clock_source_v2.py:62: in wire_fixture
    clock_api()
_ _ _ _ _ _ _ _ _ _ _ _ _ _ _ _ _ _ _ _ _ _ _ _ _ _ _ _ _ _ _ _ _ _ _ _ _ _ _ _ 

    def clock_api():
        name = "cloud_edge_robot_arm.research.native_clock_source_v2"
>       assert util.find_spec(name) is not None, "new original signed-clock reader is missing"
E       AssertionError: new original signed-clock reader is missing
E       assert None is not None
E        +  where None = <function find_spec at 0x7d2427fa3920>('cloud_edge_robot_arm.research.native_clock_source_v2')
E        +    where <function find_spec at 0x7d2427fa3920> = util.find_spec

tests/test_native_clock_source_v2.py:16: AssertionError
___________ test_signed_original_packet_tampering_rejects[response] ____________

change = 'response'

    @pytest.mark.parametrize("change", ["request", "response", "key"])
    def test_signed_original_packet_tampering_rejects(change):
>       fixture, verifier = wire_fixture()
                            ^^^^^^^^^^^^^^

tests/test_native_clock_source_v2.py:86: 
_ _ _ _ _ _ _ _ _ _ _ _ _ _ _ _ _ _ _ _ _ _ _ _ _ _ _ _ _ _ _ _ _ _ _ _ _ _ _ _ 
tests/test_native_clock_source_v2.py:62: in wire_fixture
    clock_api()
_ _ _ _ _ _ _ _ _ _ _ _ _ _ _ _ _ _ _ _ _ _ _ _ _ _ _ _ _ _ _ _ _ _ _ _ _ _ _ _ 

    def clock_api():
        name = "cloud_edge_robot_arm.research.native_clock_source_v2"
>       assert util.find_spec(name) is not None, "new original signed-clock reader is missing"
E       AssertionError: new original signed-clock reader is missing
E       assert None is not None
E        +  where None = <function find_spec at 0x7d2427fa3920>('cloud_edge_robot_arm.research.native_clock_source_v2')
E        +    where <function find_spec at 0x7d2427fa3920> = util.find_spec

tests/test_native_clock_source_v2.py:16: AssertionError
______________ test_signed_original_packet_tampering_rejects[key] ______________

change = 'key'

    @pytest.mark.parametrize("change", ["request", "response", "key"])
    def test_signed_original_packet_tampering_rejects(change):
>       fixture, verifier = wire_fixture()
                            ^^^^^^^^^^^^^^

tests/test_native_clock_source_v2.py:86: 
_ _ _ _ _ _ _ _ _ _ _ _ _ _ _ _ _ _ _ _ _ _ _ _ _ _ _ _ _ _ _ _ _ _ _ _ _ _ _ _ 
tests/test_native_clock_source_v2.py:62: in wire_fixture
    clock_api()
_ _ _ _ _ _ _ _ _ _ _ _ _ _ _ _ _ _ _ _ _ _ _ _ _ _ _ _ _ _ _ _ _ _ _ _ _ _ _ _ 

    def clock_api():
        name = "cloud_edge_robot_arm.research.native_clock_source_v2"
>       assert util.find_spec(name) is not None, "new original signed-clock reader is missing"
E       AssertionError: new original signed-clock reader is missing
E       assert None is not None
E        +  where None = <function find_spec at 0x7d2427fa3920>('cloud_edge_robot_arm.research.native_clock_source_v2')
E        +    where <function find_spec at 0x7d2427fa3920> = util.find_spec

tests/test_native_clock_source_v2.py:16: AssertionError
_____ test_binary_and_upstream_source_drift_cannot_reuse_public_hash_claim _____

tmp_path = PosixPath('/tmp/pytest-of-ningyd/pytest-1209/test_binary_and_upstream_sourc0')

    def test_binary_and_upstream_source_drift_cannot_reuse_public_hash_claim(tmp_path):
>       api = clock_api()
              ^^^^^^^^^^^

tests/test_native_clock_source_v2.py:96: 
_ _ _ _ _ _ _ _ _ _ _ _ _ _ _ _ _ _ _ _ _ _ _ _ _ _ _ _ _ _ _ _ _ _ _ _ _ _ _ _ 

    def clock_api():
        name = "cloud_edge_robot_arm.research.native_clock_source_v2"
>       assert util.find_spec(name) is not None, "new original signed-clock reader is missing"
E       AssertionError: new original signed-clock reader is missing
E       assert None is not None
E        +  where None = <function find_spec at 0x7d2427fa3920>('cloud_edge_robot_arm.research.native_clock_source_v2')
E        +    where <function find_spec at 0x7d2427fa3920> = util.find_spec

tests/test_native_clock_source_v2.py:16: AssertionError
_________ test_exchange_schema_rejects_null_brackets_and_foreign_flags _________

    def test_exchange_schema_rejects_null_brackets_and_foreign_flags():
>       api = clock_api()
              ^^^^^^^^^^^

tests/test_native_clock_source_v2.py:112: 
_ _ _ _ _ _ _ _ _ _ _ _ _ _ _ _ _ _ _ _ _ _ _ _ _ _ _ _ _ _ _ _ _ _ _ _ _ _ _ _ 

    def clock_api():
        name = "cloud_edge_robot_arm.research.native_clock_source_v2"
>       assert util.find_spec(name) is not None, "new original signed-clock reader is missing"
E       AssertionError: new original signed-clock reader is missing
E       assert None is not None
E        +  where None = <function find_spec at 0x7d2427fa3920>('cloud_edge_robot_arm.research.native_clock_source_v2')
E        +    where <function find_spec at 0x7d2427fa3920> = util.find_spec

tests/test_native_clock_source_v2.py:16: AssertionError
__ test_causal_replay_binds_real_software_signed_a_b_and_every_original_pair ___

    def test_causal_replay_binds_real_software_signed_a_b_and_every_original_pair():
>       api = clock_api()
              ^^^^^^^^^^^

tests/test_native_clock_source_v2.py:127: 
_ _ _ _ _ _ _ _ _ _ _ _ _ _ _ _ _ _ _ _ _ _ _ _ _ _ _ _ _ _ _ _ _ _ _ _ _ _ _ _ 

    def clock_api():
        name = "cloud_edge_robot_arm.research.native_clock_source_v2"
>       assert util.find_spec(name) is not None, "new original signed-clock reader is missing"
E       AssertionError: new original signed-clock reader is missing
E       assert None is not None
E        +  where None = <function find_spec at 0x7d2427fa3920>('cloud_edge_robot_arm.research.native_clock_source_v2')
E        +    where <function find_spec at 0x7d2427fa3920> = util.find_spec

tests/test_native_clock_source_v2.py:16: AssertionError
=========================== short test summary info ============================
FAILED tests/test_native_clock_source_v2.py::test_clock_tuple_is_detached_strict_and_roundtrips_original_values
FAILED tests/test_native_clock_source_v2.py::test_bad_clock_originals_do_not_coerce[sequence-True]
FAILED tests/test_native_clock_source_v2.py::test_bad_clock_originals_do_not_coerce[mono_before_ns-None]
FAILED tests/test_native_clock_source_v2.py::test_bad_clock_originals_do_not_coerce[mono_after_ns-99]
FAILED tests/test_native_clock_source_v2.py::test_bad_clock_originals_do_not_coerce[utc_at-2026-10-05T00:00:00]
FAILED tests/test_native_clock_source_v2.py::test_bad_clock_originals_do_not_coerce[clock_domain_id-]
FAILED tests/test_native_clock_source_v2.py::test_slab_commitment_binds_order_complete_pair_content_and_acquisition_bytes
FAILED tests/test_native_clock_source_v2.py::test_actual_official_go_packet_replay_is_software_signature_only
FAILED tests/test_native_clock_source_v2.py::test_signed_original_packet_tampering_rejects[request]
FAILED tests/test_native_clock_source_v2.py::test_signed_original_packet_tampering_rejects[response]
FAILED tests/test_native_clock_source_v2.py::test_signed_original_packet_tampering_rejects[key]
FAILED tests/test_native_clock_source_v2.py::test_binary_and_upstream_source_drift_cannot_reuse_public_hash_claim
FAILED tests/test_native_clock_source_v2.py::test_exchange_schema_rejects_null_brackets_and_foreign_flags
FAILED tests/test_native_clock_source_v2.py::test_causal_replay_binds_real_software_signed_a_b_and_every_original_pair
14 failed in 0.11s
