
> big-small-dashboard@0.0.0 build
> vite build

vite v8.0.16 building client environment for production...
[2Ktransforming...✓ 3828 modules transformed.
rendering chunks...
computing gzip size...
dist/index.html                                         0.83 kB │ gzip:   0.49 kB
dist/assets/index-b6T6rRP0.css                          0.42 kB │ gzip:   0.27 kB
dist/assets/antd-B5BXDqMa.css                           2.98 kB │ gzip:   1.13 kB
dist/assets/LocalModelsPage-DLJu9rub.js                 0.10 kB │ gzip:   0.09 kB
dist/assets/ProviderProfilesPage-DowrnF9F.js            0.11 kB │ gzip:   0.10 kB
dist/assets/PlannerTestConsolePage-Ch2U4JMb.js          0.11 kB │ gzip:   0.10 kB
dist/assets/ModelDownloadCenterPage-DEqp53Np.js         0.11 kB │ gzip:   0.09 kB
dist/assets/ModeComparisonPage-cI8qRbo_.js              0.48 kB │ gzip:   0.32 kB
dist/assets/CrossBackendComparisonPage-Bj6arv0X.js      0.51 kB │ gzip:   0.31 kB
dist/assets/QueueStatusPanel-KX9l5GXg.js                0.60 kB │ gzip:   0.32 kB
dist/assets/RuntimeHealthCard-CIXoBABP.js               0.63 kB │ gzip:   0.34 kB
dist/assets/AuditLogPage-fXxMY9Tx.js                    0.67 kB │ gzip:   0.45 kB
dist/assets/rolldown-runtime-QTnfLwEv.js                0.69 kB │ gzip:   0.42 kB
dist/assets/ResultAnalysisPage-BBLJfj9k.js              0.73 kB │ gzip:   0.44 kB
dist/assets/ScenarioLibraryPage-DXizaPbI.js             0.85 kB │ gzip:   0.47 kB
dist/assets/MetricChart-DOXnw2Uz.js                     0.86 kB │ gzip:   0.54 kB
dist/assets/ComparisonPage-BtO0N4Dl.js                  1.29 kB │ gzip:   0.71 kB
dist/assets/TaskExecutionPage-BHU0GwRF.js               1.37 kB │ gzip:   0.77 kB
dist/assets/ExperimentConfigBuilder-DWV1hwe2.js         2.34 kB │ gzip:   1.03 kB
dist/assets/EvidenceExplorerPage-VSnSzcTA.js            3.24 kB │ gzip:   1.45 kB
dist/assets/modelControlQueries-Bup8eGcf.js             3.42 kB │ gzip:   0.92 kB
dist/assets/simulationQueries-CgYE6IUI.js               3.63 kB │ gzip:   1.07 kB
dist/assets/BatchExperimentPage-Bqa_JLMj.js             3.89 kB │ gzip:   1.83 kB
dist/assets/SafetyAcceptancePage-DDb_Dxco.js            4.06 kB │ gzip:   1.76 kB
dist/assets/LiveRunPage-CwYlX2Ob.js                     4.55 kB │ gzip:   2.03 kB
dist/assets/RGBDDatasetPage-DAy6rt4p.js                 5.30 kB │ gzip:   2.56 kB
dist/assets/SimulationLabPage-BdRvZlAf.js               6.01 kB │ gzip:   2.46 kB
dist/assets/ModelControlCenterPage-DbhhAUCG.js          6.46 kB │ gzip:   2.46 kB
dist/assets/Sim2RealWorkbenchPage-CkRwe1cU.js          19.78 kB │ gzip:   7.57 kB
dist/assets/index-CJ3SFxiQ.js                          23.39 kB │ gzip:   7.50 kB
dist/assets/react-BOsJzzzP.js                          66.91 kB │ gzip:  22.25 kB
dist/assets/antd-XOtttMN5.js                        1,076.12 kB │ gzip: 341.26 kB
dist/assets/echarts-BITkI91-.js                     1,118.51 kB │ gzip: 371.13 kB

✓ built in 647ms
[plugin builtin:vite-reporter] 
(!) Some chunks are larger than 500 kB after minification. Consider:
- Using dynamic import() to code-split the application
- Use build.rolldownOptions.output.codeSplitting to improve chunking: https://rolldown.rs/reference/OutputOptions.codeSplitting
- Adjust chunk size limit for this warning via build.chunkSizeWarningLimit.
