case-01 NORMAL: SAFETY_VIOLATION FINAL_VERIFICATION_NOT_PASSED
case-02 NORMAL: FAILED FINAL_VERIFICATION_NOT_PASSED
case-03 NORMAL: SAFETY_VIOLATION PHYSICAL_SAFETY_VIOLATION
case-04 NORMAL: FAILED TARGET_EVIDENCE_INVALIDATED
case-05 NORMAL: SUCCESS 
case-06 NORMAL: SAFETY_VIOLATION PHYSICAL_SAFETY_VIOLATION
case-07 NORMAL: FAILED APPROACH_EFFECT_NOT_VERIFIED
case-08 NORMAL: FAILED APPROACH_EFFECT_NOT_VERIFIED
case-09 NORMAL: SUCCESS 
case-10 NORMAL: FAILED APPROACH_EFFECT_NOT_VERIFIED
case-11 NORMAL: FAILED TARGET_EVIDENCE_INVALIDATED
case-12 NORMAL: FAILED LIFT_HOLD_NOT_VERIFIED
case-13 MISSING_TARGET: FAILED LIFT_HOLD_NOT_VERIFIED
case-14 MISSING_TARGET: FAILED VISUAL_PLAN_REJECTED_OR_REOBSERVATION_EXHAUSTED
case-15 MISSING_TARGET: FAILED VISUAL_PLAN_REJECTED_OR_REOBSERVATION_EXHAUSTED
case-16 MISSING_TARGET: FAILED TARGET_EVIDENCE_INVALIDATED
case-17 INVALID_DEPTH: FAILED VISUAL_PLAN_REJECTED_OR_REOBSERVATION_EXHAUSTED
case-18 INVALID_DEPTH: FAILED VISUAL_PLAN_REJECTED_OR_REOBSERVATION_EXHAUSTED
case-19 SAFETY_STOP: FAILED SAFETY_REJECTED
case-20 SAFETY_STOP: FAILED SAFETY_REJECTED
{
  "evaluation_scope": "VISION_CLOSED_LOOP",
  "formal_g1": false,
  "assigned": 20,
  "recorded": 20,
  "succeeded": 2,
  "normal_succeeded": 2,
  "false_completions": 2,
  "failed": 18,
  "blocked": 0,
  "success_rate_all_assigned": 0.1,
  "case_kind_counts": {
    "NORMAL": 12,
    "MISSING_TARGET": 4,
    "INVALID_DEPTH": 2,
    "SAFETY_STOP": 2
  },
  "stage_coverage": {
    "observation_count": 1.0,
    "model_calls": 0.9,
    "executed_actions": 0.7
  },
  "smoke_passed": true,
  "gate": "all 20 retained; >=1 normal physical+online success; >=1 failure; no env block",
  "failure_reasons": {
    "FINAL_VERIFICATION_NOT_PASSED": 2,
    "PHYSICAL_SAFETY_VIOLATION": 2,
    "TARGET_EVIDENCE_INVALIDATED": 3,
    "SUCCESS": 2,
    "APPROACH_EFFECT_NOT_VERIFIED": 3,
    "LIFT_HOLD_NOT_VERIFIED": 2,
    "VISUAL_PLAN_REJECTED_OR_REOBSERVATION_EXHAUSTED": 4,
    "SAFETY_REJECTED": 2
  }
}
