FFFFFFFFFFFFFFFFFFFFFF                                                   [100%]
=================================== FAILURES ===================================
________________ test_completion_time_bound_is_action_specific _________________

    def test_completion_time_bound_is_action_specific():
        # .002 + .02 * (.1 + .2) = .008; longer action gives .012.
>       assert verdict(contract()).status == "VALID"
                       ^^^^^^^^^^

tests/test_visual_evidence_contract.py:42: 
_ _ _ _ _ _ _ _ _ _ _ _ _ _ _ _ _ _ _ _ _ _ _ _ _ _ _ _ _ _ _ _ _ _ _ _ _ _ _ _ 
tests/test_visual_evidence_contract.py:18: in contract
    models, _ = api()
                ^^^^^
_ _ _ _ _ _ _ _ _ _ _ _ _ _ _ _ _ _ _ _ _ _ _ _ _ _ _ _ _ _ _ _ _ _ _ _ _ _ _ _ 

    def api():
        name = "cloud_edge_robot_arm.edge.evidence.validator"
>       assert util.find_spec(name) is not None, "missing production evidence validator"
E       AssertionError: missing production evidence validator
E       assert None is not None
E        +  where None = <function find_spec at 0x7830ddda3920>('cloud_edge_robot_arm.edge.evidence.validator')
E        +    where <function find_spec at 0x7830ddda3920> = util.find_spec

tests/test_visual_evidence_contract.py:13: AssertionError
___ test_missing_motion_identity_or_depth_is_unknown[motion_bound_m_s-None] ____

field = 'motion_bound_m_s', value = None

    @pytest.mark.parametrize("field,value", [
        ("motion_bound_m_s", None), ("geometric_error_bound_m", None),
        ("motion_bound_m_s", float("nan")), ("geometric_error_bound_m", -1.),
        ("identity_status", "UNKNOWN"), ("sensor_status", "UNKNOWN"),
    ])
    def test_missing_motion_identity_or_depth_is_unknown(field, value):
        from dataclasses import replace
>       sample = contract()
                 ^^^^^^^^^^

tests/test_visual_evidence_contract.py:55: 
_ _ _ _ _ _ _ _ _ _ _ _ _ _ _ _ _ _ _ _ _ _ _ _ _ _ _ _ _ _ _ _ _ _ _ _ _ _ _ _ 
tests/test_visual_evidence_contract.py:18: in contract
    models, _ = api()
                ^^^^^
_ _ _ _ _ _ _ _ _ _ _ _ _ _ _ _ _ _ _ _ _ _ _ _ _ _ _ _ _ _ _ _ _ _ _ _ _ _ _ _ 

    def api():
        name = "cloud_edge_robot_arm.edge.evidence.validator"
>       assert util.find_spec(name) is not None, "missing production evidence validator"
E       AssertionError: missing production evidence validator
E       assert None is not None
E        +  where None = <function find_spec at 0x7830ddda3920>('cloud_edge_robot_arm.edge.evidence.validator')
E        +    where <function find_spec at 0x7830ddda3920> = util.find_spec

tests/test_visual_evidence_contract.py:13: AssertionError
_ test_missing_motion_identity_or_depth_is_unknown[geometric_error_bound_m-None] _

field = 'geometric_error_bound_m', value = None

    @pytest.mark.parametrize("field,value", [
        ("motion_bound_m_s", None), ("geometric_error_bound_m", None),
        ("motion_bound_m_s", float("nan")), ("geometric_error_bound_m", -1.),
        ("identity_status", "UNKNOWN"), ("sensor_status", "UNKNOWN"),
    ])
    def test_missing_motion_identity_or_depth_is_unknown(field, value):
        from dataclasses import replace
>       sample = contract()
                 ^^^^^^^^^^

tests/test_visual_evidence_contract.py:55: 
_ _ _ _ _ _ _ _ _ _ _ _ _ _ _ _ _ _ _ _ _ _ _ _ _ _ _ _ _ _ _ _ _ _ _ _ _ _ _ _ 
tests/test_visual_evidence_contract.py:18: in contract
    models, _ = api()
                ^^^^^
_ _ _ _ _ _ _ _ _ _ _ _ _ _ _ _ _ _ _ _ _ _ _ _ _ _ _ _ _ _ _ _ _ _ _ _ _ _ _ _ 

    def api():
        name = "cloud_edge_robot_arm.edge.evidence.validator"
>       assert util.find_spec(name) is not None, "missing production evidence validator"
E       AssertionError: missing production evidence validator
E       assert None is not None
E        +  where None = <function find_spec at 0x7830ddda3920>('cloud_edge_robot_arm.edge.evidence.validator')
E        +    where <function find_spec at 0x7830ddda3920> = util.find_spec

tests/test_visual_evidence_contract.py:13: AssertionError
____ test_missing_motion_identity_or_depth_is_unknown[motion_bound_m_s-nan] ____

field = 'motion_bound_m_s', value = nan

    @pytest.mark.parametrize("field,value", [
        ("motion_bound_m_s", None), ("geometric_error_bound_m", None),
        ("motion_bound_m_s", float("nan")), ("geometric_error_bound_m", -1.),
        ("identity_status", "UNKNOWN"), ("sensor_status", "UNKNOWN"),
    ])
    def test_missing_motion_identity_or_depth_is_unknown(field, value):
        from dataclasses import replace
>       sample = contract()
                 ^^^^^^^^^^

tests/test_visual_evidence_contract.py:55: 
_ _ _ _ _ _ _ _ _ _ _ _ _ _ _ _ _ _ _ _ _ _ _ _ _ _ _ _ _ _ _ _ _ _ _ _ _ _ _ _ 
tests/test_visual_evidence_contract.py:18: in contract
    models, _ = api()
                ^^^^^
_ _ _ _ _ _ _ _ _ _ _ _ _ _ _ _ _ _ _ _ _ _ _ _ _ _ _ _ _ _ _ _ _ _ _ _ _ _ _ _ 

    def api():
        name = "cloud_edge_robot_arm.edge.evidence.validator"
>       assert util.find_spec(name) is not None, "missing production evidence validator"
E       AssertionError: missing production evidence validator
E       assert None is not None
E        +  where None = <function find_spec at 0x7830ddda3920>('cloud_edge_robot_arm.edge.evidence.validator')
E        +    where <function find_spec at 0x7830ddda3920> = util.find_spec

tests/test_visual_evidence_contract.py:13: AssertionError
_ test_missing_motion_identity_or_depth_is_unknown[geometric_error_bound_m--1.0] _

field = 'geometric_error_bound_m', value = -1.0

    @pytest.mark.parametrize("field,value", [
        ("motion_bound_m_s", None), ("geometric_error_bound_m", None),
        ("motion_bound_m_s", float("nan")), ("geometric_error_bound_m", -1.),
        ("identity_status", "UNKNOWN"), ("sensor_status", "UNKNOWN"),
    ])
    def test_missing_motion_identity_or_depth_is_unknown(field, value):
        from dataclasses import replace
>       sample = contract()
                 ^^^^^^^^^^

tests/test_visual_evidence_contract.py:55: 
_ _ _ _ _ _ _ _ _ _ _ _ _ _ _ _ _ _ _ _ _ _ _ _ _ _ _ _ _ _ _ _ _ _ _ _ _ _ _ _ 
tests/test_visual_evidence_contract.py:18: in contract
    models, _ = api()
                ^^^^^
_ _ _ _ _ _ _ _ _ _ _ _ _ _ _ _ _ _ _ _ _ _ _ _ _ _ _ _ _ _ _ _ _ _ _ _ _ _ _ _ 

    def api():
        name = "cloud_edge_robot_arm.edge.evidence.validator"
>       assert util.find_spec(name) is not None, "missing production evidence validator"
E       AssertionError: missing production evidence validator
E       assert None is not None
E        +  where None = <function find_spec at 0x7830ddda3920>('cloud_edge_robot_arm.edge.evidence.validator')
E        +    where <function find_spec at 0x7830ddda3920> = util.find_spec

tests/test_visual_evidence_contract.py:13: AssertionError
__ test_missing_motion_identity_or_depth_is_unknown[identity_status-UNKNOWN] ___

field = 'identity_status', value = 'UNKNOWN'

    @pytest.mark.parametrize("field,value", [
        ("motion_bound_m_s", None), ("geometric_error_bound_m", None),
        ("motion_bound_m_s", float("nan")), ("geometric_error_bound_m", -1.),
        ("identity_status", "UNKNOWN"), ("sensor_status", "UNKNOWN"),
    ])
    def test_missing_motion_identity_or_depth_is_unknown(field, value):
        from dataclasses import replace
>       sample = contract()
                 ^^^^^^^^^^

tests/test_visual_evidence_contract.py:55: 
_ _ _ _ _ _ _ _ _ _ _ _ _ _ _ _ _ _ _ _ _ _ _ _ _ _ _ _ _ _ _ _ _ _ _ _ _ _ _ _ 
tests/test_visual_evidence_contract.py:18: in contract
    models, _ = api()
                ^^^^^
_ _ _ _ _ _ _ _ _ _ _ _ _ _ _ _ _ _ _ _ _ _ _ _ _ _ _ _ _ _ _ _ _ _ _ _ _ _ _ _ 

    def api():
        name = "cloud_edge_robot_arm.edge.evidence.validator"
>       assert util.find_spec(name) is not None, "missing production evidence validator"
E       AssertionError: missing production evidence validator
E       assert None is not None
E        +  where None = <function find_spec at 0x7830ddda3920>('cloud_edge_robot_arm.edge.evidence.validator')
E        +    where <function find_spec at 0x7830ddda3920> = util.find_spec

tests/test_visual_evidence_contract.py:13: AssertionError
___ test_missing_motion_identity_or_depth_is_unknown[sensor_status-UNKNOWN] ____

field = 'sensor_status', value = 'UNKNOWN'

    @pytest.mark.parametrize("field,value", [
        ("motion_bound_m_s", None), ("geometric_error_bound_m", None),
        ("motion_bound_m_s", float("nan")), ("geometric_error_bound_m", -1.),
        ("identity_status", "UNKNOWN"), ("sensor_status", "UNKNOWN"),
    ])
    def test_missing_motion_identity_or_depth_is_unknown(field, value):
        from dataclasses import replace
>       sample = contract()
                 ^^^^^^^^^^

tests/test_visual_evidence_contract.py:55: 
_ _ _ _ _ _ _ _ _ _ _ _ _ _ _ _ _ _ _ _ _ _ _ _ _ _ _ _ _ _ _ _ _ _ _ _ _ _ _ _ 
tests/test_visual_evidence_contract.py:18: in contract
    models, _ = api()
                ^^^^^
_ _ _ _ _ _ _ _ _ _ _ _ _ _ _ _ _ _ _ _ _ _ _ _ _ _ _ _ _ _ _ _ _ _ _ _ _ _ _ _ 

    def api():
        name = "cloud_edge_robot_arm.edge.evidence.validator"
>       assert util.find_spec(name) is not None, "missing production evidence validator"
E       AssertionError: missing production evidence validator
E       assert None is not None
E        +  where None = <function find_spec at 0x7830ddda3920>('cloud_edge_robot_arm.edge.evidence.validator')
E        +    where <function find_spec at 0x7830ddda3920> = util.find_spec

tests/test_visual_evidence_contract.py:13: AssertionError
_____________________ test_calibration_mismatch_is_unknown _____________________

    def test_calibration_mismatch_is_unknown():
>       _, validator = api()
                       ^^^^^

tests/test_visual_evidence_contract.py:60: 
_ _ _ _ _ _ _ _ _ _ _ _ _ _ _ _ _ _ _ _ _ _ _ _ _ _ _ _ _ _ _ _ _ _ _ _ _ _ _ _ 

    def api():
        name = "cloud_edge_robot_arm.edge.evidence.validator"
>       assert util.find_spec(name) is not None, "missing production evidence validator"
E       AssertionError: missing production evidence validator
E       assert None is not None
E        +  where None = <function find_spec at 0x7830ddda3920>('cloud_edge_robot_arm.edge.evidence.validator')
E        +    where <function find_spec at 0x7830ddda3920> = util.find_spec

tests/test_visual_evidence_contract.py:13: AssertionError
_________________ test_cloud_return_and_commit_both_revalidate _________________

    def test_cloud_return_and_commit_both_revalidate():
>       _, validator = api()
                       ^^^^^

tests/test_visual_evidence_contract.py:65: 
_ _ _ _ _ _ _ _ _ _ _ _ _ _ _ _ _ _ _ _ _ _ _ _ _ _ _ _ _ _ _ _ _ _ _ _ _ _ _ _ 

    def api():
        name = "cloud_edge_robot_arm.edge.evidence.validator"
>       assert util.find_spec(name) is not None, "missing production evidence validator"
E       AssertionError: missing production evidence validator
E       assert None is not None
E        +  where None = <function find_spec at 0x7830ddda3920>('cloud_edge_robot_arm.edge.evidence.validator')
E        +    where <function find_spec at 0x7830ddda3920> = util.find_spec

tests/test_visual_evidence_contract.py:13: AssertionError
__________________ test_missing_condition_evidence_is_unknown __________________

    def test_missing_condition_evidence_is_unknown():
        from cloud_edge_robot_arm.edge.evidence.conditions import ConditionSpec
>       sample = contract(preconditions=(ConditionSpec("target_visible", target_id="object"),))
                 ^^^^^^^^^^^^^^^^^^^^^^^^^^^^^^^^^^^^^^^^^^^^^^^^^^^^^^^^^^^^^^^^^^^^^^^^^^^^^^

tests/test_visual_evidence_contract.py:74: 
_ _ _ _ _ _ _ _ _ _ _ _ _ _ _ _ _ _ _ _ _ _ _ _ _ _ _ _ _ _ _ _ _ _ _ _ _ _ _ _ 
tests/test_visual_evidence_contract.py:18: in contract
    models, _ = api()
                ^^^^^
_ _ _ _ _ _ _ _ _ _ _ _ _ _ _ _ _ _ _ _ _ _ _ _ _ _ _ _ _ _ _ _ _ _ _ _ _ _ _ _ 

    def api():
        name = "cloud_edge_robot_arm.edge.evidence.validator"
>       assert util.find_spec(name) is not None, "missing production evidence validator"
E       AssertionError: missing production evidence validator
E       assert None is not None
E        +  where None = <function find_spec at 0x7830ddda3920>('cloud_edge_robot_arm.edge.evidence.validator')
E        +    where <function find_spec at 0x7830ddda3920> = util.find_spec

tests/test_visual_evidence_contract.py:13: AssertionError
_____________ test_precondition_verdict_is_bound_to_current_frame ______________

    def test_precondition_verdict_is_bound_to_current_frame():
        from cloud_edge_robot_arm.edge.evidence.conditions import ConditionSpec, ConditionVerdict
>       sample = contract(preconditions=(ConditionSpec("target_visible", target_id="object"),))
                 ^^^^^^^^^^^^^^^^^^^^^^^^^^^^^^^^^^^^^^^^^^^^^^^^^^^^^^^^^^^^^^^^^^^^^^^^^^^^^^

tests/test_visual_evidence_contract.py:80: 
_ _ _ _ _ _ _ _ _ _ _ _ _ _ _ _ _ _ _ _ _ _ _ _ _ _ _ _ _ _ _ _ _ _ _ _ _ _ _ _ 
tests/test_visual_evidence_contract.py:18: in contract
    models, _ = api()
                ^^^^^
_ _ _ _ _ _ _ _ _ _ _ _ _ _ _ _ _ _ _ _ _ _ _ _ _ _ _ _ _ _ _ _ _ _ _ _ _ _ _ _ 

    def api():
        name = "cloud_edge_robot_arm.edge.evidence.validator"
>       assert util.find_spec(name) is not None, "missing production evidence validator"
E       AssertionError: missing production evidence validator
E       assert None is not None
E        +  where None = <function find_spec at 0x7830ddda3920>('cloud_edge_robot_arm.edge.evidence.validator')
E        +    where <function find_spec at 0x7830ddda3920> = util.find_spec

tests/test_visual_evidence_contract.py:13: AssertionError
___________ test_b3_keeps_basic_sensor_context_and_condition_checks ____________

    def test_b3_keeps_basic_sensor_context_and_condition_checks():
        from dataclasses import replace
        from cloud_edge_robot_arm.edge.evidence.conditions import ConditionSpec, ConditionVerdict
>       _, validator = api()
                       ^^^^^

tests/test_visual_evidence_contract.py:90: 
_ _ _ _ _ _ _ _ _ _ _ _ _ _ _ _ _ _ _ _ _ _ _ _ _ _ _ _ _ _ _ _ _ _ _ _ _ _ _ _ 

    def api():
        name = "cloud_edge_robot_arm.edge.evidence.validator"
>       assert util.find_spec(name) is not None, "missing production evidence validator"
E       AssertionError: missing production evidence validator
E       assert None is not None
E        +  where None = <function find_spec at 0x7830ddda3920>('cloud_edge_robot_arm.edge.evidence.validator')
E        +    where <function find_spec at 0x7830ddda3920> = util.find_spec

tests/test_visual_evidence_contract.py:13: AssertionError
__________ test_stale_decision_identity_blocks_commit[task_id-other] ___________

field = 'task_id', value = 'other'

    @pytest.mark.parametrize("field,value", [
        ("task_id", "other"), ("episode_id", "other"), ("observation_id", "other"),
        ("plan_version", 2), ("command_seq", 3), ("mode_version", 4),
        ("context_hash", "other"), ("candidate_set_hash", "other"),
    ])
    def test_stale_decision_identity_blocks_commit(field, value):
        from dataclasses import replace
>       decision, current, validator = decisions()
                                       ^^^^^^^^^^^

tests/test_visual_evidence_contract.py:117: 
_ _ _ _ _ _ _ _ _ _ _ _ _ _ _ _ _ _ _ _ _ _ _ _ _ _ _ _ _ _ _ _ _ _ _ _ _ _ _ _ 
tests/test_visual_evidence_contract.py:100: in decisions
    models, validator = api()
                        ^^^^^
_ _ _ _ _ _ _ _ _ _ _ _ _ _ _ _ _ _ _ _ _ _ _ _ _ _ _ _ _ _ _ _ _ _ _ _ _ _ _ _ 

    def api():
        name = "cloud_edge_robot_arm.edge.evidence.validator"
>       assert util.find_spec(name) is not None, "missing production evidence validator"
E       AssertionError: missing production evidence validator
E       assert None is not None
E        +  where None = <function find_spec at 0x7830ddda3920>('cloud_edge_robot_arm.edge.evidence.validator')
E        +    where <function find_spec at 0x7830ddda3920> = util.find_spec

tests/test_visual_evidence_contract.py:13: AssertionError
_________ test_stale_decision_identity_blocks_commit[episode_id-other] _________

field = 'episode_id', value = 'other'

    @pytest.mark.parametrize("field,value", [
        ("task_id", "other"), ("episode_id", "other"), ("observation_id", "other"),
        ("plan_version", 2), ("command_seq", 3), ("mode_version", 4),
        ("context_hash", "other"), ("candidate_set_hash", "other"),
    ])
    def test_stale_decision_identity_blocks_commit(field, value):
        from dataclasses import replace
>       decision, current, validator = decisions()
                                       ^^^^^^^^^^^

tests/test_visual_evidence_contract.py:117: 
_ _ _ _ _ _ _ _ _ _ _ _ _ _ _ _ _ _ _ _ _ _ _ _ _ _ _ _ _ _ _ _ _ _ _ _ _ _ _ _ 
tests/test_visual_evidence_contract.py:100: in decisions
    models, validator = api()
                        ^^^^^
_ _ _ _ _ _ _ _ _ _ _ _ _ _ _ _ _ _ _ _ _ _ _ _ _ _ _ _ _ _ _ _ _ _ _ _ _ _ _ _ 

    def api():
        name = "cloud_edge_robot_arm.edge.evidence.validator"
>       assert util.find_spec(name) is not None, "missing production evidence validator"
E       AssertionError: missing production evidence validator
E       assert None is not None
E        +  where None = <function find_spec at 0x7830ddda3920>('cloud_edge_robot_arm.edge.evidence.validator')
E        +    where <function find_spec at 0x7830ddda3920> = util.find_spec

tests/test_visual_evidence_contract.py:13: AssertionError
_______ test_stale_decision_identity_blocks_commit[observation_id-other] _______

field = 'observation_id', value = 'other'

    @pytest.mark.parametrize("field,value", [
        ("task_id", "other"), ("episode_id", "other"), ("observation_id", "other"),
        ("plan_version", 2), ("command_seq", 3), ("mode_version", 4),
        ("context_hash", "other"), ("candidate_set_hash", "other"),
    ])
    def test_stale_decision_identity_blocks_commit(field, value):
        from dataclasses import replace
>       decision, current, validator = decisions()
                                       ^^^^^^^^^^^

tests/test_visual_evidence_contract.py:117: 
_ _ _ _ _ _ _ _ _ _ _ _ _ _ _ _ _ _ _ _ _ _ _ _ _ _ _ _ _ _ _ _ _ _ _ _ _ _ _ _ 
tests/test_visual_evidence_contract.py:100: in decisions
    models, validator = api()
                        ^^^^^
_ _ _ _ _ _ _ _ _ _ _ _ _ _ _ _ _ _ _ _ _ _ _ _ _ _ _ _ _ _ _ _ _ _ _ _ _ _ _ _ 

    def api():
        name = "cloud_edge_robot_arm.edge.evidence.validator"
>       assert util.find_spec(name) is not None, "missing production evidence validator"
E       AssertionError: missing production evidence validator
E       assert None is not None
E        +  where None = <function find_spec at 0x7830ddda3920>('cloud_edge_robot_arm.edge.evidence.validator')
E        +    where <function find_spec at 0x7830ddda3920> = util.find_spec

tests/test_visual_evidence_contract.py:13: AssertionError
__________ test_stale_decision_identity_blocks_commit[plan_version-2] __________

field = 'plan_version', value = 2

    @pytest.mark.parametrize("field,value", [
        ("task_id", "other"), ("episode_id", "other"), ("observation_id", "other"),
        ("plan_version", 2), ("command_seq", 3), ("mode_version", 4),
        ("context_hash", "other"), ("candidate_set_hash", "other"),
    ])
    def test_stale_decision_identity_blocks_commit(field, value):
        from dataclasses import replace
>       decision, current, validator = decisions()
                                       ^^^^^^^^^^^

tests/test_visual_evidence_contract.py:117: 
_ _ _ _ _ _ _ _ _ _ _ _ _ _ _ _ _ _ _ _ _ _ _ _ _ _ _ _ _ _ _ _ _ _ _ _ _ _ _ _ 
tests/test_visual_evidence_contract.py:100: in decisions
    models, validator = api()
                        ^^^^^
_ _ _ _ _ _ _ _ _ _ _ _ _ _ _ _ _ _ _ _ _ _ _ _ _ _ _ _ _ _ _ _ _ _ _ _ _ _ _ _ 

    def api():
        name = "cloud_edge_robot_arm.edge.evidence.validator"
>       assert util.find_spec(name) is not None, "missing production evidence validator"
E       AssertionError: missing production evidence validator
E       assert None is not None
E        +  where None = <function find_spec at 0x7830ddda3920>('cloud_edge_robot_arm.edge.evidence.validator')
E        +    where <function find_spec at 0x7830ddda3920> = util.find_spec

tests/test_visual_evidence_contract.py:13: AssertionError
__________ test_stale_decision_identity_blocks_commit[command_seq-3] ___________

field = 'command_seq', value = 3

    @pytest.mark.parametrize("field,value", [
        ("task_id", "other"), ("episode_id", "other"), ("observation_id", "other"),
        ("plan_version", 2), ("command_seq", 3), ("mode_version", 4),
        ("context_hash", "other"), ("candidate_set_hash", "other"),
    ])
    def test_stale_decision_identity_blocks_commit(field, value):
        from dataclasses import replace
>       decision, current, validator = decisions()
                                       ^^^^^^^^^^^

tests/test_visual_evidence_contract.py:117: 
_ _ _ _ _ _ _ _ _ _ _ _ _ _ _ _ _ _ _ _ _ _ _ _ _ _ _ _ _ _ _ _ _ _ _ _ _ _ _ _ 
tests/test_visual_evidence_contract.py:100: in decisions
    models, validator = api()
                        ^^^^^
_ _ _ _ _ _ _ _ _ _ _ _ _ _ _ _ _ _ _ _ _ _ _ _ _ _ _ _ _ _ _ _ _ _ _ _ _ _ _ _ 

    def api():
        name = "cloud_edge_robot_arm.edge.evidence.validator"
>       assert util.find_spec(name) is not None, "missing production evidence validator"
E       AssertionError: missing production evidence validator
E       assert None is not None
E        +  where None = <function find_spec at 0x7830ddda3920>('cloud_edge_robot_arm.edge.evidence.validator')
E        +    where <function find_spec at 0x7830ddda3920> = util.find_spec

tests/test_visual_evidence_contract.py:13: AssertionError
__________ test_stale_decision_identity_blocks_commit[mode_version-4] __________

field = 'mode_version', value = 4

    @pytest.mark.parametrize("field,value", [
        ("task_id", "other"), ("episode_id", "other"), ("observation_id", "other"),
        ("plan_version", 2), ("command_seq", 3), ("mode_version", 4),
        ("context_hash", "other"), ("candidate_set_hash", "other"),
    ])
    def test_stale_decision_identity_blocks_commit(field, value):
        from dataclasses import replace
>       decision, current, validator = decisions()
                                       ^^^^^^^^^^^

tests/test_visual_evidence_contract.py:117: 
_ _ _ _ _ _ _ _ _ _ _ _ _ _ _ _ _ _ _ _ _ _ _ _ _ _ _ _ _ _ _ _ _ _ _ _ _ _ _ _ 
tests/test_visual_evidence_contract.py:100: in decisions
    models, validator = api()
                        ^^^^^
_ _ _ _ _ _ _ _ _ _ _ _ _ _ _ _ _ _ _ _ _ _ _ _ _ _ _ _ _ _ _ _ _ _ _ _ _ _ _ _ 

    def api():
        name = "cloud_edge_robot_arm.edge.evidence.validator"
>       assert util.find_spec(name) is not None, "missing production evidence validator"
E       AssertionError: missing production evidence validator
E       assert None is not None
E        +  where None = <function find_spec at 0x7830ddda3920>('cloud_edge_robot_arm.edge.evidence.validator')
E        +    where <function find_spec at 0x7830ddda3920> = util.find_spec

tests/test_visual_evidence_contract.py:13: AssertionError
________ test_stale_decision_identity_blocks_commit[context_hash-other] ________

field = 'context_hash', value = 'other'

    @pytest.mark.parametrize("field,value", [
        ("task_id", "other"), ("episode_id", "other"), ("observation_id", "other"),
        ("plan_version", 2), ("command_seq", 3), ("mode_version", 4),
        ("context_hash", "other"), ("candidate_set_hash", "other"),
    ])
    def test_stale_decision_identity_blocks_commit(field, value):
        from dataclasses import replace
>       decision, current, validator = decisions()
                                       ^^^^^^^^^^^

tests/test_visual_evidence_contract.py:117: 
_ _ _ _ _ _ _ _ _ _ _ _ _ _ _ _ _ _ _ _ _ _ _ _ _ _ _ _ _ _ _ _ _ _ _ _ _ _ _ _ 
tests/test_visual_evidence_contract.py:100: in decisions
    models, validator = api()
                        ^^^^^
_ _ _ _ _ _ _ _ _ _ _ _ _ _ _ _ _ _ _ _ _ _ _ _ _ _ _ _ _ _ _ _ _ _ _ _ _ _ _ _ 

    def api():
        name = "cloud_edge_robot_arm.edge.evidence.validator"
>       assert util.find_spec(name) is not None, "missing production evidence validator"
E       AssertionError: missing production evidence validator
E       assert None is not None
E        +  where None = <function find_spec at 0x7830ddda3920>('cloud_edge_robot_arm.edge.evidence.validator')
E        +    where <function find_spec at 0x7830ddda3920> = util.find_spec

tests/test_visual_evidence_contract.py:13: AssertionError
_____ test_stale_decision_identity_blocks_commit[candidate_set_hash-other] _____

field = 'candidate_set_hash', value = 'other'

    @pytest.mark.parametrize("field,value", [
        ("task_id", "other"), ("episode_id", "other"), ("observation_id", "other"),
        ("plan_version", 2), ("command_seq", 3), ("mode_version", 4),
        ("context_hash", "other"), ("candidate_set_hash", "other"),
    ])
    def test_stale_decision_identity_blocks_commit(field, value):
        from dataclasses import replace
>       decision, current, validator = decisions()
                                       ^^^^^^^^^^^

tests/test_visual_evidence_contract.py:117: 
_ _ _ _ _ _ _ _ _ _ _ _ _ _ _ _ _ _ _ _ _ _ _ _ _ _ _ _ _ _ _ _ _ _ _ _ _ _ _ _ 
tests/test_visual_evidence_contract.py:100: in decisions
    models, validator = api()
                        ^^^^^
_ _ _ _ _ _ _ _ _ _ _ _ _ _ _ _ _ _ _ _ _ _ _ _ _ _ _ _ _ _ _ _ _ _ _ _ _ _ _ _ 

    def api():
        name = "cloud_edge_robot_arm.edge.evidence.validator"
>       assert util.find_spec(name) is not None, "missing production evidence validator"
E       AssertionError: missing production evidence validator
E       assert None is not None
E        +  where None = <function find_spec at 0x7830ddda3920>('cloud_edge_robot_arm.edge.evidence.validator')
E        +    where <function find_spec at 0x7830ddda3920> = util.find_spec

tests/test_visual_evidence_contract.py:13: AssertionError
_______________ test_cancelled_or_expired_decision_cannot_commit _______________

    def test_cancelled_or_expired_decision_cannot_commit():
        from dataclasses import replace
>       decision, current, validator = decisions()
                                       ^^^^^^^^^^^

tests/test_visual_evidence_contract.py:124: 
_ _ _ _ _ _ _ _ _ _ _ _ _ _ _ _ _ _ _ _ _ _ _ _ _ _ _ _ _ _ _ _ _ _ _ _ _ _ _ _ 
tests/test_visual_evidence_contract.py:100: in decisions
    models, validator = api()
                        ^^^^^
_ _ _ _ _ _ _ _ _ _ _ _ _ _ _ _ _ _ _ _ _ _ _ _ _ _ _ _ _ _ _ _ _ _ _ _ _ _ _ _ 

    def api():
        name = "cloud_edge_robot_arm.edge.evidence.validator"
>       assert util.find_spec(name) is not None, "missing production evidence validator"
E       AssertionError: missing production evidence validator
E       assert None is not None
E        +  where None = <function find_spec at 0x7830ddda3920>('cloud_edge_robot_arm.edge.evidence.validator')
E        +    where <function find_spec at 0x7830ddda3920> = util.find_spec

tests/test_visual_evidence_contract.py:13: AssertionError
________________ test_empty_episode_cannot_match_empty_episode _________________

    def test_empty_episode_cannot_match_empty_episode():
        from dataclasses import replace
>       decision, current, validator = decisions()
                                       ^^^^^^^^^^^

tests/test_visual_evidence_contract.py:132: 
_ _ _ _ _ _ _ _ _ _ _ _ _ _ _ _ _ _ _ _ _ _ _ _ _ _ _ _ _ _ _ _ _ _ _ _ _ _ _ _ 
tests/test_visual_evidence_contract.py:100: in decisions
    models, validator = api()
                        ^^^^^
_ _ _ _ _ _ _ _ _ _ _ _ _ _ _ _ _ _ _ _ _ _ _ _ _ _ _ _ _ _ _ _ _ _ _ _ _ _ _ _ 

    def api():
        name = "cloud_edge_robot_arm.edge.evidence.validator"
>       assert util.find_spec(name) is not None, "missing production evidence validator"
E       AssertionError: missing production evidence validator
E       assert None is not None
E        +  where None = <function find_spec at 0x7830ddda3920>('cloud_edge_robot_arm.edge.evidence.validator')
E        +    where <function find_spec at 0x7830ddda3920> = util.find_spec

tests/test_visual_evidence_contract.py:13: AssertionError
=========================== short test summary info ============================
FAILED tests/test_visual_evidence_contract.py::test_completion_time_bound_is_action_specific
FAILED tests/test_visual_evidence_contract.py::test_missing_motion_identity_or_depth_is_unknown[motion_bound_m_s-None]
FAILED tests/test_visual_evidence_contract.py::test_missing_motion_identity_or_depth_is_unknown[geometric_error_bound_m-None]
FAILED tests/test_visual_evidence_contract.py::test_missing_motion_identity_or_depth_is_unknown[motion_bound_m_s-nan]
FAILED tests/test_visual_evidence_contract.py::test_missing_motion_identity_or_depth_is_unknown[geometric_error_bound_m--1.0]
FAILED tests/test_visual_evidence_contract.py::test_missing_motion_identity_or_depth_is_unknown[identity_status-UNKNOWN]
FAILED tests/test_visual_evidence_contract.py::test_missing_motion_identity_or_depth_is_unknown[sensor_status-UNKNOWN]
FAILED tests/test_visual_evidence_contract.py::test_calibration_mismatch_is_unknown
FAILED tests/test_visual_evidence_contract.py::test_cloud_return_and_commit_both_revalidate
FAILED tests/test_visual_evidence_contract.py::test_missing_condition_evidence_is_unknown
FAILED tests/test_visual_evidence_contract.py::test_precondition_verdict_is_bound_to_current_frame
FAILED tests/test_visual_evidence_contract.py::test_b3_keeps_basic_sensor_context_and_condition_checks
FAILED tests/test_visual_evidence_contract.py::test_stale_decision_identity_blocks_commit[task_id-other]
FAILED tests/test_visual_evidence_contract.py::test_stale_decision_identity_blocks_commit[episode_id-other]
FAILED tests/test_visual_evidence_contract.py::test_stale_decision_identity_blocks_commit[observation_id-other]
FAILED tests/test_visual_evidence_contract.py::test_stale_decision_identity_blocks_commit[plan_version-2]
FAILED tests/test_visual_evidence_contract.py::test_stale_decision_identity_blocks_commit[command_seq-3]
FAILED tests/test_visual_evidence_contract.py::test_stale_decision_identity_blocks_commit[mode_version-4]
FAILED tests/test_visual_evidence_contract.py::test_stale_decision_identity_blocks_commit[context_hash-other]
FAILED tests/test_visual_evidence_contract.py::test_stale_decision_identity_blocks_commit[candidate_set_hash-other]
FAILED tests/test_visual_evidence_contract.py::test_cancelled_or_expired_decision_cannot_commit
FAILED tests/test_visual_evidence_contract.py::test_empty_episode_cannot_match_empty_episode
22 failed in 0.25s
