FFFF                                                                     [100%]
=================================== FAILURES ===================================
________ test_opportunity_denominators_do_not_depend_on_policy_actions _________

    def test_opportunity_denominators_do_not_depend_on_policy_actions():
>       values = opportunities()
                 ^^^^^^^^^^^^^^^

tests/test_fixed_opportunity_replay.py:28: 
_ _ _ _ _ _ _ _ _ _ _ _ _ _ _ _ _ _ _ _ _ _ _ _ _ _ _ _ _ _ _ _ _ _ _ _ _ _ _ _ 
tests/test_fixed_opportunity_replay.py:18: in opportunities
    api().Opportunity("opp-safe", "episode-a", observation, contract(), "VALID"),
    ^^^^^
tests/test_fixed_opportunity_replay.py:12: in api
    return import_module("cloud_edge_robot_arm.edge.evidence.opportunities")
           ^^^^^^^^^^^^^^^^^^^^^^^^^^^^^^^^^^^^^^^^^^^^^^^^^^^^^^^^^^^^^^^^^
/usr/lib/python3.12/importlib/__init__.py:90: in import_module
    return _bootstrap._gcd_import(name[level:], package, level)
           ^^^^^^^^^^^^^^^^^^^^^^^^^^^^^^^^^^^^^^^^^^^^^^^^^^^^
<frozen importlib._bootstrap>:1387: in _gcd_import
    ???
<frozen importlib._bootstrap>:1360: in _find_and_load
    ???
_ _ _ _ _ _ _ _ _ _ _ _ _ _ _ _ _ _ _ _ _ _ _ _ _ _ _ _ _ _ _ _ _ _ _ _ _ _ _ _ 

name = 'cloud_edge_robot_arm.edge.evidence.opportunities'
import_ = <function _gcd_import at 0x7b4b0ed080e0>

>   ???
E   ModuleNotFoundError: No module named 'cloud_edge_robot_arm.edge.evidence.opportunities'

<frozen importlib._bootstrap>:1324: ModuleNotFoundError
_______________ test_unknown_is_not_false_rejection_denominator ________________

    def test_unknown_is_not_false_rejection_denominator():
>       values = opportunities()
                 ^^^^^^^^^^^^^^^

tests/test_fixed_opportunity_replay.py:41: 
_ _ _ _ _ _ _ _ _ _ _ _ _ _ _ _ _ _ _ _ _ _ _ _ _ _ _ _ _ _ _ _ _ _ _ _ _ _ _ _ 
tests/test_fixed_opportunity_replay.py:18: in opportunities
    api().Opportunity("opp-safe", "episode-a", observation, contract(), "VALID"),
    ^^^^^
tests/test_fixed_opportunity_replay.py:12: in api
    return import_module("cloud_edge_robot_arm.edge.evidence.opportunities")
           ^^^^^^^^^^^^^^^^^^^^^^^^^^^^^^^^^^^^^^^^^^^^^^^^^^^^^^^^^^^^^^^^^
/usr/lib/python3.12/importlib/__init__.py:90: in import_module
    return _bootstrap._gcd_import(name[level:], package, level)
           ^^^^^^^^^^^^^^^^^^^^^^^^^^^^^^^^^^^^^^^^^^^^^^^^^^^^
<frozen importlib._bootstrap>:1387: in _gcd_import
    ???
<frozen importlib._bootstrap>:1360: in _find_and_load
    ???
_ _ _ _ _ _ _ _ _ _ _ _ _ _ _ _ _ _ _ _ _ _ _ _ _ _ _ _ _ _ _ _ _ _ _ _ _ _ _ _ 

name = 'cloud_edge_robot_arm.edge.evidence.opportunities'
import_ = <function _gcd_import at 0x7b4b0ed080e0>

>   ???
E   ModuleNotFoundError: No module named 'cloud_edge_robot_arm.edge.evidence.opportunities'

<frozen importlib._bootstrap>:1324: ModuleNotFoundError
_______ test_missing_duplicate_or_changed_snapshot_cannot_publish_replay _______

    def test_missing_duplicate_or_changed_snapshot_cannot_publish_replay():
>       values = opportunities()
                 ^^^^^^^^^^^^^^^

tests/test_fixed_opportunity_replay.py:53: 
_ _ _ _ _ _ _ _ _ _ _ _ _ _ _ _ _ _ _ _ _ _ _ _ _ _ _ _ _ _ _ _ _ _ _ _ _ _ _ _ 
tests/test_fixed_opportunity_replay.py:18: in opportunities
    api().Opportunity("opp-safe", "episode-a", observation, contract(), "VALID"),
    ^^^^^
tests/test_fixed_opportunity_replay.py:12: in api
    return import_module("cloud_edge_robot_arm.edge.evidence.opportunities")
           ^^^^^^^^^^^^^^^^^^^^^^^^^^^^^^^^^^^^^^^^^^^^^^^^^^^^^^^^^^^^^^^^^
/usr/lib/python3.12/importlib/__init__.py:90: in import_module
    return _bootstrap._gcd_import(name[level:], package, level)
           ^^^^^^^^^^^^^^^^^^^^^^^^^^^^^^^^^^^^^^^^^^^^^^^^^^^^
<frozen importlib._bootstrap>:1387: in _gcd_import
    ???
<frozen importlib._bootstrap>:1360: in _find_and_load
    ???
_ _ _ _ _ _ _ _ _ _ _ _ _ _ _ _ _ _ _ _ _ _ _ _ _ _ _ _ _ _ _ _ _ _ _ _ _ _ _ _ 

name = 'cloud_edge_robot_arm.edge.evidence.opportunities'
import_ = <function _gcd_import at 0x7b4b0ed080e0>

>   ???
E   ModuleNotFoundError: No module named 'cloud_edge_robot_arm.edge.evidence.opportunities'

<frozen importlib._bootstrap>:1324: ModuleNotFoundError
____________ test_oracle_label_is_never_an_online_validation_input _____________

monkeypatch = <_pytest.monkeypatch.MonkeyPatch object at 0x7b4b093f38c0>

    def test_oracle_label_is_never_an_online_validation_input(monkeypatch):
>       module = api()
                 ^^^^^

tests/test_fixed_opportunity_replay.py:65: 
_ _ _ _ _ _ _ _ _ _ _ _ _ _ _ _ _ _ _ _ _ _ _ _ _ _ _ _ _ _ _ _ _ _ _ _ _ _ _ _ 
tests/test_fixed_opportunity_replay.py:12: in api
    return import_module("cloud_edge_robot_arm.edge.evidence.opportunities")
           ^^^^^^^^^^^^^^^^^^^^^^^^^^^^^^^^^^^^^^^^^^^^^^^^^^^^^^^^^^^^^^^^^
/usr/lib/python3.12/importlib/__init__.py:90: in import_module
    return _bootstrap._gcd_import(name[level:], package, level)
           ^^^^^^^^^^^^^^^^^^^^^^^^^^^^^^^^^^^^^^^^^^^^^^^^^^^^
<frozen importlib._bootstrap>:1387: in _gcd_import
    ???
<frozen importlib._bootstrap>:1360: in _find_and_load
    ???
_ _ _ _ _ _ _ _ _ _ _ _ _ _ _ _ _ _ _ _ _ _ _ _ _ _ _ _ _ _ _ _ _ _ _ _ _ _ _ _ 

name = 'cloud_edge_robot_arm.edge.evidence.opportunities'
import_ = <function _gcd_import at 0x7b4b0ed080e0>

>   ???
E   ModuleNotFoundError: No module named 'cloud_edge_robot_arm.edge.evidence.opportunities'

<frozen importlib._bootstrap>:1324: ModuleNotFoundError
=========================== short test summary info ============================
FAILED tests/test_fixed_opportunity_replay.py::test_opportunity_denominators_do_not_depend_on_policy_actions
FAILED tests/test_fixed_opportunity_replay.py::test_unknown_is_not_false_rejection_denominator
FAILED tests/test_fixed_opportunity_replay.py::test_missing_duplicate_or_changed_snapshot_cannot_publish_replay
FAILED tests/test_fixed_opportunity_replay.py::test_oracle_label_is_never_an_online_validation_input
4 failed in 0.24s
