FFF                                                                      [100%]
=================================== FAILURES ===================================
_ test_hard_stop_cannot_be_masked_by_unknown_evidence_or_reobserve[estop_engaged] _

flag = 'estop_engaged'

    @pytest.mark.parametrize("flag", ["estop_engaged", "collision_detected", "connected"])
    def test_hard_stop_cannot_be_masked_by_unknown_evidence_or_reobserve(flag):
        from cloud_edge_robot_arm.auto_mode.runtime_events import DecisionAction
        from cloud_edge_robot_arm.vision.execution import _EpisodeStopped, _VisualEpisode
        online, contract, step = sample()
        state = online.robot_state.model_copy(update={flag: flag != "connected"})
        episode = _VisualEpisode.__new__(_VisualEpisode)
        episode.policy = SimpleNamespace(device_pipeline="OPENCV", role_binding=SimpleNamespace(
            bundle=SimpleNamespace(digest=lambda: "role-bundle")))
        episode.observation = online.observation
        episode.robot = SimpleNamespace(get_state=lambda: state)
        episode.tracker = SimpleNamespace(facts=lambda *args: online.visual_facts)
        episode.check_active = lambda: None
        episode.validate_role_boundary = lambda: None
        episode.records = []
        touched = []
        def route(*args, **kwargs):
            touched.append("route-budget")
            return (DecisionAction.REOBSERVE if touched.count("route-budget") == 1
                    else DecisionAction.STOP)
        episode.route = route
        episode.backend = SimpleNamespace(step=lambda **kwargs: touched.append("physics"))
        episode.recapture = lambda: touched.append("recapture")
        # An immediate fault must stop before even a passive backend step.
        with pytest.raises(_EpisodeStopped, match="HARD_SAFETY"):
>           episode.require_native_action_evidence(contract, step, boundary="PRE_SAFETY")

tests/test_native_action_submit.py:155: 
_ _ _ _ _ _ _ _ _ _ _ _ _ _ _ _ _ _ _ _ _ _ _ _ _ _ _ _ _ _ _ _ _ _ _ _ _ _ _ _ 

self = <cloud_edge_robot_arm.vision.execution._VisualEpisode object at 0x71e90dfaf680>
contract = TaskContract(task_id='task', plan_version=1, command_seq=1, timestamp=datetime.datetime(2026, 10, 4, 11, 41, 14, 24262...n_criteria=['object_inside_target_region'], supervision_period_ms=None, command_ttl_ms=None, previous_command_seq=None)
step = TaskStep(step_id='grasp', skill=<SkillName.GRASP: 'GRASP'>, parameters={'object_id': 'obj-1'}, expected_duration_ms=1000, timeout_ms=3000, retry_limit=1, preconditions=[], success_conditions=[])

    def require_native_action_evidence(
        self, contract: TaskContract, step: TaskStep, *, boundary: str,
    ) -> None:
        """Apply T10 at action return/commit boundaries on actual current evidence."""
        if self.policy.device_pipeline != "OPENCV":
            return
        from cloud_edge_robot_arm.edge.evidence.validator import validate_evidence
        from cloud_edge_robot_arm.vision.action_evidence import native_action_contract
    
        while True:
            self.check_active()
            self.validate_role_boundary()
            assert self.observation is not None and self.policy.role_binding is not None
            role_hash = self.policy.role_binding.bundle.digest()
            action_context_hash = hashlib.sha256(json.dumps({
                "role_bundle_hash": role_hash,
                "contract": contract.model_dump(mode="json"),
                "step": step.model_dump(mode="json"),
            }, sort_keys=True, separators=(",", ":"), allow_nan=False).encode()).hexdigest()
            online = OnlineEvidenceSnapshot(
                self.observation, self.robot.get_state(),
                self.tracker.facts(self.observation, self.robot.get_state())
                if self.tracker is not None else {},
                contract.plan_version, contract.command_seq,
                action_context_hash,
            )
            action = native_action_contract(online, contract, step)
            now = datetime.now(UTC)
            verdict = validate_evidence(
                action, now, online.context_hash, self.observation.calibration_version or "",
                online_evidence=online,
            )
            self.records.append({
                "layer": "ACTION_EVIDENCE_GATE", "boundary": boundary,
                "step_id": step.step_id, "status": verdict.status,
                "reasons": list(verdict.reasons),
                "bound_at_completion_m": verdict.bound_at_completion_m,
                "observation_id": self.observation.observation_id,
                "observation_hash": self.observation.checksum_sha256,
                "captured_at": self.observation.captured_at.isoformat(),
                "context_hash": online.context_hash,
                "role_bundle_hash": role_hash,
                "plan_version": action.plan_version, "command_seq": action.command_seq,
                "expected_duration_s": action.expected_duration_s,
                "allowed_error_m": action.allowed_error_m,
                "geometry_bound_m": action.evidence.geometric_error_bound_m,
                "motion_bound_m_s": action.evidence.motion_bound_m_s,
                "physical_acceptance": False,
            })
            if verdict.status == "VALID":
                return
            if boundary == "PRE_SKILL":
                # A recapture here would reuse the earlier resolved SafetyShield
                # context. Restarting action compilation/safety is required.
                raise _EpisodeStopped("ACTION_EVIDENCE_POST_SAFETY_INVALIDATED")
            status = (ConditionStatus.UNKNOWN if verdict.status == "UNKNOWN"
                      else ConditionStatus.FAIL)
            route = self.route([
                ConditionVerdict(status, "action_submit_evidence", self.observation.observation_id,
                                 reasons=verdict.reasons),
            ], DecisionEventKind.EVIDENCE_INVALIDATED, {"boundary": boundary,
                                                      "step_id": step.step_id})
            if route != DecisionAction.REOBSERVE:
>               raise _EpisodeStopped(f"ACTION_EVIDENCE_{verdict.status}")
E               cloud_edge_robot_arm.vision.execution._EpisodeStopped: ACTION_EVIDENCE_UNKNOWN

src/cloud_edge_robot_arm/vision/execution.py:1046: _EpisodeStopped

During handling of the above exception, another exception occurred:

flag = 'estop_engaged'

    @pytest.mark.parametrize("flag", ["estop_engaged", "collision_detected", "connected"])
    def test_hard_stop_cannot_be_masked_by_unknown_evidence_or_reobserve(flag):
        from cloud_edge_robot_arm.auto_mode.runtime_events import DecisionAction
        from cloud_edge_robot_arm.vision.execution import _EpisodeStopped, _VisualEpisode
        online, contract, step = sample()
        state = online.robot_state.model_copy(update={flag: flag != "connected"})
        episode = _VisualEpisode.__new__(_VisualEpisode)
        episode.policy = SimpleNamespace(device_pipeline="OPENCV", role_binding=SimpleNamespace(
            bundle=SimpleNamespace(digest=lambda: "role-bundle")))
        episode.observation = online.observation
        episode.robot = SimpleNamespace(get_state=lambda: state)
        episode.tracker = SimpleNamespace(facts=lambda *args: online.visual_facts)
        episode.check_active = lambda: None
        episode.validate_role_boundary = lambda: None
        episode.records = []
        touched = []
        def route(*args, **kwargs):
            touched.append("route-budget")
            return (DecisionAction.REOBSERVE if touched.count("route-budget") == 1
                    else DecisionAction.STOP)
        episode.route = route
        episode.backend = SimpleNamespace(step=lambda **kwargs: touched.append("physics"))
        episode.recapture = lambda: touched.append("recapture")
        # An immediate fault must stop before even a passive backend step.
>       with pytest.raises(_EpisodeStopped, match="HARD_SAFETY"):
E       AssertionError: Regex pattern did not match.
E        Regex: 'HARD_SAFETY'
E        Input: 'ACTION_EVIDENCE_UNKNOWN'

tests/test_native_action_submit.py:154: AssertionError
_ test_hard_stop_cannot_be_masked_by_unknown_evidence_or_reobserve[collision_detected] _

flag = 'collision_detected'

    @pytest.mark.parametrize("flag", ["estop_engaged", "collision_detected", "connected"])
    def test_hard_stop_cannot_be_masked_by_unknown_evidence_or_reobserve(flag):
        from cloud_edge_robot_arm.auto_mode.runtime_events import DecisionAction
        from cloud_edge_robot_arm.vision.execution import _EpisodeStopped, _VisualEpisode
        online, contract, step = sample()
        state = online.robot_state.model_copy(update={flag: flag != "connected"})
        episode = _VisualEpisode.__new__(_VisualEpisode)
        episode.policy = SimpleNamespace(device_pipeline="OPENCV", role_binding=SimpleNamespace(
            bundle=SimpleNamespace(digest=lambda: "role-bundle")))
        episode.observation = online.observation
        episode.robot = SimpleNamespace(get_state=lambda: state)
        episode.tracker = SimpleNamespace(facts=lambda *args: online.visual_facts)
        episode.check_active = lambda: None
        episode.validate_role_boundary = lambda: None
        episode.records = []
        touched = []
        def route(*args, **kwargs):
            touched.append("route-budget")
            return (DecisionAction.REOBSERVE if touched.count("route-budget") == 1
                    else DecisionAction.STOP)
        episode.route = route
        episode.backend = SimpleNamespace(step=lambda **kwargs: touched.append("physics"))
        episode.recapture = lambda: touched.append("recapture")
        # An immediate fault must stop before even a passive backend step.
        with pytest.raises(_EpisodeStopped, match="HARD_SAFETY"):
>           episode.require_native_action_evidence(contract, step, boundary="PRE_SAFETY")

tests/test_native_action_submit.py:155: 
_ _ _ _ _ _ _ _ _ _ _ _ _ _ _ _ _ _ _ _ _ _ _ _ _ _ _ _ _ _ _ _ _ _ _ _ _ _ _ _ 

self = <cloud_edge_robot_arm.vision.execution._VisualEpisode object at 0x71e8e350f920>
contract = TaskContract(task_id='task', plan_version=1, command_seq=1, timestamp=datetime.datetime(2026, 10, 4, 11, 41, 14, 28687...n_criteria=['object_inside_target_region'], supervision_period_ms=None, command_ttl_ms=None, previous_command_seq=None)
step = TaskStep(step_id='grasp', skill=<SkillName.GRASP: 'GRASP'>, parameters={'object_id': 'obj-1'}, expected_duration_ms=1000, timeout_ms=3000, retry_limit=1, preconditions=[], success_conditions=[])

    def require_native_action_evidence(
        self, contract: TaskContract, step: TaskStep, *, boundary: str,
    ) -> None:
        """Apply T10 at action return/commit boundaries on actual current evidence."""
        if self.policy.device_pipeline != "OPENCV":
            return
        from cloud_edge_robot_arm.edge.evidence.validator import validate_evidence
        from cloud_edge_robot_arm.vision.action_evidence import native_action_contract
    
        while True:
            self.check_active()
            self.validate_role_boundary()
            assert self.observation is not None and self.policy.role_binding is not None
            role_hash = self.policy.role_binding.bundle.digest()
            action_context_hash = hashlib.sha256(json.dumps({
                "role_bundle_hash": role_hash,
                "contract": contract.model_dump(mode="json"),
                "step": step.model_dump(mode="json"),
            }, sort_keys=True, separators=(",", ":"), allow_nan=False).encode()).hexdigest()
            online = OnlineEvidenceSnapshot(
                self.observation, self.robot.get_state(),
                self.tracker.facts(self.observation, self.robot.get_state())
                if self.tracker is not None else {},
                contract.plan_version, contract.command_seq,
                action_context_hash,
            )
            action = native_action_contract(online, contract, step)
            now = datetime.now(UTC)
            verdict = validate_evidence(
                action, now, online.context_hash, self.observation.calibration_version or "",
                online_evidence=online,
            )
            self.records.append({
                "layer": "ACTION_EVIDENCE_GATE", "boundary": boundary,
                "step_id": step.step_id, "status": verdict.status,
                "reasons": list(verdict.reasons),
                "bound_at_completion_m": verdict.bound_at_completion_m,
                "observation_id": self.observation.observation_id,
                "observation_hash": self.observation.checksum_sha256,
                "captured_at": self.observation.captured_at.isoformat(),
                "context_hash": online.context_hash,
                "role_bundle_hash": role_hash,
                "plan_version": action.plan_version, "command_seq": action.command_seq,
                "expected_duration_s": action.expected_duration_s,
                "allowed_error_m": action.allowed_error_m,
                "geometry_bound_m": action.evidence.geometric_error_bound_m,
                "motion_bound_m_s": action.evidence.motion_bound_m_s,
                "physical_acceptance": False,
            })
            if verdict.status == "VALID":
                return
            if boundary == "PRE_SKILL":
                # A recapture here would reuse the earlier resolved SafetyShield
                # context. Restarting action compilation/safety is required.
                raise _EpisodeStopped("ACTION_EVIDENCE_POST_SAFETY_INVALIDATED")
            status = (ConditionStatus.UNKNOWN if verdict.status == "UNKNOWN"
                      else ConditionStatus.FAIL)
            route = self.route([
                ConditionVerdict(status, "action_submit_evidence", self.observation.observation_id,
                                 reasons=verdict.reasons),
            ], DecisionEventKind.EVIDENCE_INVALIDATED, {"boundary": boundary,
                                                      "step_id": step.step_id})
            if route != DecisionAction.REOBSERVE:
>               raise _EpisodeStopped(f"ACTION_EVIDENCE_{verdict.status}")
E               cloud_edge_robot_arm.vision.execution._EpisodeStopped: ACTION_EVIDENCE_UNKNOWN

src/cloud_edge_robot_arm/vision/execution.py:1046: _EpisodeStopped

During handling of the above exception, another exception occurred:

flag = 'collision_detected'

    @pytest.mark.parametrize("flag", ["estop_engaged", "collision_detected", "connected"])
    def test_hard_stop_cannot_be_masked_by_unknown_evidence_or_reobserve(flag):
        from cloud_edge_robot_arm.auto_mode.runtime_events import DecisionAction
        from cloud_edge_robot_arm.vision.execution import _EpisodeStopped, _VisualEpisode
        online, contract, step = sample()
        state = online.robot_state.model_copy(update={flag: flag != "connected"})
        episode = _VisualEpisode.__new__(_VisualEpisode)
        episode.policy = SimpleNamespace(device_pipeline="OPENCV", role_binding=SimpleNamespace(
            bundle=SimpleNamespace(digest=lambda: "role-bundle")))
        episode.observation = online.observation
        episode.robot = SimpleNamespace(get_state=lambda: state)
        episode.tracker = SimpleNamespace(facts=lambda *args: online.visual_facts)
        episode.check_active = lambda: None
        episode.validate_role_boundary = lambda: None
        episode.records = []
        touched = []
        def route(*args, **kwargs):
            touched.append("route-budget")
            return (DecisionAction.REOBSERVE if touched.count("route-budget") == 1
                    else DecisionAction.STOP)
        episode.route = route
        episode.backend = SimpleNamespace(step=lambda **kwargs: touched.append("physics"))
        episode.recapture = lambda: touched.append("recapture")
        # An immediate fault must stop before even a passive backend step.
>       with pytest.raises(_EpisodeStopped, match="HARD_SAFETY"):
E       AssertionError: Regex pattern did not match.
E        Regex: 'HARD_SAFETY'
E        Input: 'ACTION_EVIDENCE_UNKNOWN'

tests/test_native_action_submit.py:154: AssertionError
_ test_hard_stop_cannot_be_masked_by_unknown_evidence_or_reobserve[connected] __

flag = 'connected'

    @pytest.mark.parametrize("flag", ["estop_engaged", "collision_detected", "connected"])
    def test_hard_stop_cannot_be_masked_by_unknown_evidence_or_reobserve(flag):
        from cloud_edge_robot_arm.auto_mode.runtime_events import DecisionAction
        from cloud_edge_robot_arm.vision.execution import _EpisodeStopped, _VisualEpisode
        online, contract, step = sample()
        state = online.robot_state.model_copy(update={flag: flag != "connected"})
        episode = _VisualEpisode.__new__(_VisualEpisode)
        episode.policy = SimpleNamespace(device_pipeline="OPENCV", role_binding=SimpleNamespace(
            bundle=SimpleNamespace(digest=lambda: "role-bundle")))
        episode.observation = online.observation
        episode.robot = SimpleNamespace(get_state=lambda: state)
        episode.tracker = SimpleNamespace(facts=lambda *args: online.visual_facts)
        episode.check_active = lambda: None
        episode.validate_role_boundary = lambda: None
        episode.records = []
        touched = []
        def route(*args, **kwargs):
            touched.append("route-budget")
            return (DecisionAction.REOBSERVE if touched.count("route-budget") == 1
                    else DecisionAction.STOP)
        episode.route = route
        episode.backend = SimpleNamespace(step=lambda **kwargs: touched.append("physics"))
        episode.recapture = lambda: touched.append("recapture")
        # An immediate fault must stop before even a passive backend step.
        with pytest.raises(_EpisodeStopped, match="HARD_SAFETY"):
>           episode.require_native_action_evidence(contract, step, boundary="PRE_SAFETY")

tests/test_native_action_submit.py:155: 
_ _ _ _ _ _ _ _ _ _ _ _ _ _ _ _ _ _ _ _ _ _ _ _ _ _ _ _ _ _ _ _ _ _ _ _ _ _ _ _ 

self = <cloud_edge_robot_arm.vision.execution._VisualEpisode object at 0x71e90bb07920>
contract = TaskContract(task_id='task', plan_version=1, command_seq=1, timestamp=datetime.datetime(2026, 10, 4, 11, 41, 14, 30551...n_criteria=['object_inside_target_region'], supervision_period_ms=None, command_ttl_ms=None, previous_command_seq=None)
step = TaskStep(step_id='grasp', skill=<SkillName.GRASP: 'GRASP'>, parameters={'object_id': 'obj-1'}, expected_duration_ms=1000, timeout_ms=3000, retry_limit=1, preconditions=[], success_conditions=[])

    def require_native_action_evidence(
        self, contract: TaskContract, step: TaskStep, *, boundary: str,
    ) -> None:
        """Apply T10 at action return/commit boundaries on actual current evidence."""
        if self.policy.device_pipeline != "OPENCV":
            return
        from cloud_edge_robot_arm.edge.evidence.validator import validate_evidence
        from cloud_edge_robot_arm.vision.action_evidence import native_action_contract
    
        while True:
            self.check_active()
            self.validate_role_boundary()
            assert self.observation is not None and self.policy.role_binding is not None
            role_hash = self.policy.role_binding.bundle.digest()
            action_context_hash = hashlib.sha256(json.dumps({
                "role_bundle_hash": role_hash,
                "contract": contract.model_dump(mode="json"),
                "step": step.model_dump(mode="json"),
            }, sort_keys=True, separators=(",", ":"), allow_nan=False).encode()).hexdigest()
            online = OnlineEvidenceSnapshot(
                self.observation, self.robot.get_state(),
                self.tracker.facts(self.observation, self.robot.get_state())
                if self.tracker is not None else {},
                contract.plan_version, contract.command_seq,
                action_context_hash,
            )
            action = native_action_contract(online, contract, step)
            now = datetime.now(UTC)
            verdict = validate_evidence(
                action, now, online.context_hash, self.observation.calibration_version or "",
                online_evidence=online,
            )
            self.records.append({
                "layer": "ACTION_EVIDENCE_GATE", "boundary": boundary,
                "step_id": step.step_id, "status": verdict.status,
                "reasons": list(verdict.reasons),
                "bound_at_completion_m": verdict.bound_at_completion_m,
                "observation_id": self.observation.observation_id,
                "observation_hash": self.observation.checksum_sha256,
                "captured_at": self.observation.captured_at.isoformat(),
                "context_hash": online.context_hash,
                "role_bundle_hash": role_hash,
                "plan_version": action.plan_version, "command_seq": action.command_seq,
                "expected_duration_s": action.expected_duration_s,
                "allowed_error_m": action.allowed_error_m,
                "geometry_bound_m": action.evidence.geometric_error_bound_m,
                "motion_bound_m_s": action.evidence.motion_bound_m_s,
                "physical_acceptance": False,
            })
            if verdict.status == "VALID":
                return
            if boundary == "PRE_SKILL":
                # A recapture here would reuse the earlier resolved SafetyShield
                # context. Restarting action compilation/safety is required.
                raise _EpisodeStopped("ACTION_EVIDENCE_POST_SAFETY_INVALIDATED")
            status = (ConditionStatus.UNKNOWN if verdict.status == "UNKNOWN"
                      else ConditionStatus.FAIL)
            route = self.route([
                ConditionVerdict(status, "action_submit_evidence", self.observation.observation_id,
                                 reasons=verdict.reasons),
            ], DecisionEventKind.EVIDENCE_INVALIDATED, {"boundary": boundary,
                                                      "step_id": step.step_id})
            if route != DecisionAction.REOBSERVE:
>               raise _EpisodeStopped(f"ACTION_EVIDENCE_{verdict.status}")
E               cloud_edge_robot_arm.vision.execution._EpisodeStopped: ACTION_EVIDENCE_UNKNOWN

src/cloud_edge_robot_arm/vision/execution.py:1046: _EpisodeStopped

During handling of the above exception, another exception occurred:

flag = 'connected'

    @pytest.mark.parametrize("flag", ["estop_engaged", "collision_detected", "connected"])
    def test_hard_stop_cannot_be_masked_by_unknown_evidence_or_reobserve(flag):
        from cloud_edge_robot_arm.auto_mode.runtime_events import DecisionAction
        from cloud_edge_robot_arm.vision.execution import _EpisodeStopped, _VisualEpisode
        online, contract, step = sample()
        state = online.robot_state.model_copy(update={flag: flag != "connected"})
        episode = _VisualEpisode.__new__(_VisualEpisode)
        episode.policy = SimpleNamespace(device_pipeline="OPENCV", role_binding=SimpleNamespace(
            bundle=SimpleNamespace(digest=lambda: "role-bundle")))
        episode.observation = online.observation
        episode.robot = SimpleNamespace(get_state=lambda: state)
        episode.tracker = SimpleNamespace(facts=lambda *args: online.visual_facts)
        episode.check_active = lambda: None
        episode.validate_role_boundary = lambda: None
        episode.records = []
        touched = []
        def route(*args, **kwargs):
            touched.append("route-budget")
            return (DecisionAction.REOBSERVE if touched.count("route-budget") == 1
                    else DecisionAction.STOP)
        episode.route = route
        episode.backend = SimpleNamespace(step=lambda **kwargs: touched.append("physics"))
        episode.recapture = lambda: touched.append("recapture")
        # An immediate fault must stop before even a passive backend step.
>       with pytest.raises(_EpisodeStopped, match="HARD_SAFETY"):
E       AssertionError: Regex pattern did not match.
E        Regex: 'HARD_SAFETY'
E        Input: 'ACTION_EVIDENCE_UNKNOWN'

tests/test_native_action_submit.py:154: AssertionError
=========================== short test summary info ============================
FAILED tests/test_native_action_submit.py::test_hard_stop_cannot_be_masked_by_unknown_evidence_or_reobserve[estop_engaged]
FAILED tests/test_native_action_submit.py::test_hard_stop_cannot_be_masked_by_unknown_evidence_or_reobserve[collision_detected]
FAILED tests/test_native_action_submit.py::test_hard_stop_cannot_be_masked_by_unknown_evidence_or_reobserve[connected]
3 failed, 10 deselected in 0.52s
