[
  {
    "hard_state": {
      "estop_engaged": true
    },
    "stopped_reason": "ACTION_EVIDENCE_UNKNOWN",
    "requested_stub_operations": [
      "backend_step",
      "capture_request",
      "backend_step",
      "capture_request"
    ],
    "remaining_reobservations": 0,
    "routes": [
      "REOBSERVE",
      "REOBSERVE",
      "STOP"
    ]
  },
  {
    "hard_state": {
      "collision_detected": true
    },
    "stopped_reason": "ACTION_EVIDENCE_UNKNOWN",
    "requested_stub_operations": [
      "backend_step",
      "capture_request",
      "backend_step",
      "capture_request"
    ],
    "remaining_reobservations": 0,
    "routes": [
      "REOBSERVE",
      "REOBSERVE",
      "STOP"
    ]
  },
  {
    "hard_state": {
      "connected": false
    },
    "stopped_reason": "ACTION_EVIDENCE_UNKNOWN",
    "requested_stub_operations": [
      "backend_step",
      "capture_request",
      "backend_step",
      "capture_request"
    ],
    "remaining_reobservations": 0,
    "routes": [
      "REOBSERVE",
      "REOBSERVE",
      "STOP"
    ]
  }
]
