[
  {
    "hard_state": {
      "estop_engaged": true
    },
    "stopped_reason": "HARD_SAFETY_STOP:estop_engaged",
    "requested_stub_operations": [],
    "remaining_reobservations": 2,
    "routes": []
  },
  {
    "hard_state": {
      "collision_detected": true
    },
    "stopped_reason": "HARD_SAFETY_STOP:collision_detected",
    "requested_stub_operations": [],
    "remaining_reobservations": 2,
    "routes": []
  },
  {
    "hard_state": {
      "connected": false
    },
    "stopped_reason": "HARD_SAFETY_STOP:disconnected",
    "requested_stub_operations": [],
    "remaining_reobservations": 2,
    "routes": []
  }
]
