FFFFFFFFF                                                                [100%]
=================================== FAILURES ===================================
______ test_unsupported_native_bounds_stay_unknown_despite_claimed_valid _______

    def test_unsupported_native_bounds_stay_unknown_despite_claimed_valid():
        online, contract, step = sample()
>       action = api().native_action_contract(online, contract, step)
                 ^^^^^

tests/test_native_action_submit.py:38: 
_ _ _ _ _ _ _ _ _ _ _ _ _ _ _ _ _ _ _ _ _ _ _ _ _ _ _ _ _ _ _ _ _ _ _ _ _ _ _ _ 
tests/test_native_action_submit.py:33: in api
    return import_module("cloud_edge_robot_arm.vision.action_evidence")
           ^^^^^^^^^^^^^^^^^^^^^^^^^^^^^^^^^^^^^^^^^^^^^^^^^^^^^^^^^^^^
/usr/lib/python3.12/importlib/__init__.py:90: in import_module
    return _bootstrap._gcd_import(name[level:], package, level)
           ^^^^^^^^^^^^^^^^^^^^^^^^^^^^^^^^^^^^^^^^^^^^^^^^^^^^
<frozen importlib._bootstrap>:1387: in _gcd_import
    ???
<frozen importlib._bootstrap>:1360: in _find_and_load
    ???
_ _ _ _ _ _ _ _ _ _ _ _ _ _ _ _ _ _ _ _ _ _ _ _ _ _ _ _ _ _ _ _ _ _ _ _ _ _ _ _ 

name = 'cloud_edge_robot_arm.vision.action_evidence'
import_ = <function _gcd_import at 0x7a8848f240e0>

>   ???
E   ModuleNotFoundError: No module named 'cloud_edge_robot_arm.vision.action_evidence'

<frozen importlib._bootstrap>:1324: ModuleNotFoundError
______ test_action_end_bound_uses_full_timeout_and_exact_current_versions ______

    def test_action_end_bound_uses_full_timeout_and_exact_current_versions():
        online, contract, step = sample()
        step = step.model_copy(update={"expected_duration_ms": 10, "timeout_ms": 7000})
>       action = api().native_action_contract(online, contract, step)
                 ^^^^^

tests/test_native_action_submit.py:49: 
_ _ _ _ _ _ _ _ _ _ _ _ _ _ _ _ _ _ _ _ _ _ _ _ _ _ _ _ _ _ _ _ _ _ _ _ _ _ _ _ 
tests/test_native_action_submit.py:33: in api
    return import_module("cloud_edge_robot_arm.vision.action_evidence")
           ^^^^^^^^^^^^^^^^^^^^^^^^^^^^^^^^^^^^^^^^^^^^^^^^^^^^^^^^^^^^
/usr/lib/python3.12/importlib/__init__.py:90: in import_module
    return _bootstrap._gcd_import(name[level:], package, level)
           ^^^^^^^^^^^^^^^^^^^^^^^^^^^^^^^^^^^^^^^^^^^^^^^^^^^^
<frozen importlib._bootstrap>:1387: in _gcd_import
    ???
<frozen importlib._bootstrap>:1360: in _find_and_load
    ???
_ _ _ _ _ _ _ _ _ _ _ _ _ _ _ _ _ _ _ _ _ _ _ _ _ _ _ _ _ _ _ _ _ _ _ _ _ _ _ _ 

name = 'cloud_edge_robot_arm.vision.action_evidence'
import_ = <function _gcd_import at 0x7a8848f240e0>

>   ???
E   ModuleNotFoundError: No module named 'cloud_edge_robot_arm.vision.action_evidence'

<frozen importlib._bootstrap>:1324: ModuleNotFoundError
______ test_region_tcp_spec_and_object_extent_spec_have_distinct_targets _______

    def test_region_tcp_spec_and_object_extent_spec_have_distinct_targets():
        online, contract, step = sample()
        step = step.model_copy(update={"preconditions": ["tcp_above_region",
                                                         "object_inside_target_region"]})
>       action = api().native_action_contract(online, contract, step)
                 ^^^^^

tests/test_native_action_submit.py:59: 
_ _ _ _ _ _ _ _ _ _ _ _ _ _ _ _ _ _ _ _ _ _ _ _ _ _ _ _ _ _ _ _ _ _ _ _ _ _ _ _ 
tests/test_native_action_submit.py:33: in api
    return import_module("cloud_edge_robot_arm.vision.action_evidence")
           ^^^^^^^^^^^^^^^^^^^^^^^^^^^^^^^^^^^^^^^^^^^^^^^^^^^^^^^^^^^^
/usr/lib/python3.12/importlib/__init__.py:90: in import_module
    return _bootstrap._gcd_import(name[level:], package, level)
           ^^^^^^^^^^^^^^^^^^^^^^^^^^^^^^^^^^^^^^^^^^^^^^^^^^^^
<frozen importlib._bootstrap>:1387: in _gcd_import
    ???
<frozen importlib._bootstrap>:1360: in _find_and_load
    ???
_ _ _ _ _ _ _ _ _ _ _ _ _ _ _ _ _ _ _ _ _ _ _ _ _ _ _ _ _ _ _ _ _ _ _ _ _ _ _ _ 

name = 'cloud_edge_robot_arm.vision.action_evidence'
import_ = <function _gcd_import at 0x7a8848f240e0>

>   ???
E   ModuleNotFoundError: No module named 'cloud_edge_robot_arm.vision.action_evidence'

<frozen importlib._bootstrap>:1324: ModuleNotFoundError
_________ test_identity_is_derived_from_exact_native_frame_fact[decoy] _________

change = 'decoy'

    @pytest.mark.parametrize("change", ["decoy", "oracle", "false", "frame", "identity"])
    def test_identity_is_derived_from_exact_native_frame_fact(change):
        online, contract, step = sample()
        facts = dict(online.visual_facts)
        fact = dict(facts["target_visible"])
        fact.update({"target_id": "decoy"} if change == "decoy" else
                    {"source": "oracle"} if change == "oracle" else
                    {"value": False} if change == "false" else
                    {"observation_id": "old"} if change == "frame" else
                    {"identity_confirmed": False})
        facts["target_visible"] = fact
>       action = api().native_action_contract(replace(online, visual_facts=facts), contract, step)
                 ^^^^^

tests/test_native_action_submit.py:75: 
_ _ _ _ _ _ _ _ _ _ _ _ _ _ _ _ _ _ _ _ _ _ _ _ _ _ _ _ _ _ _ _ _ _ _ _ _ _ _ _ 
tests/test_native_action_submit.py:33: in api
    return import_module("cloud_edge_robot_arm.vision.action_evidence")
           ^^^^^^^^^^^^^^^^^^^^^^^^^^^^^^^^^^^^^^^^^^^^^^^^^^^^^^^^^^^^
/usr/lib/python3.12/importlib/__init__.py:90: in import_module
    return _bootstrap._gcd_import(name[level:], package, level)
           ^^^^^^^^^^^^^^^^^^^^^^^^^^^^^^^^^^^^^^^^^^^^^^^^^^^^
<frozen importlib._bootstrap>:1387: in _gcd_import
    ???
<frozen importlib._bootstrap>:1360: in _find_and_load
    ???
_ _ _ _ _ _ _ _ _ _ _ _ _ _ _ _ _ _ _ _ _ _ _ _ _ _ _ _ _ _ _ _ _ _ _ _ _ _ _ _ 

name = 'cloud_edge_robot_arm.vision.action_evidence'
import_ = <function _gcd_import at 0x7a8848f240e0>

>   ???
E   ModuleNotFoundError: No module named 'cloud_edge_robot_arm.vision.action_evidence'

<frozen importlib._bootstrap>:1324: ModuleNotFoundError
________ test_identity_is_derived_from_exact_native_frame_fact[oracle] _________

change = 'oracle'

    @pytest.mark.parametrize("change", ["decoy", "oracle", "false", "frame", "identity"])
    def test_identity_is_derived_from_exact_native_frame_fact(change):
        online, contract, step = sample()
        facts = dict(online.visual_facts)
        fact = dict(facts["target_visible"])
        fact.update({"target_id": "decoy"} if change == "decoy" else
                    {"source": "oracle"} if change == "oracle" else
                    {"value": False} if change == "false" else
                    {"observation_id": "old"} if change == "frame" else
                    {"identity_confirmed": False})
        facts["target_visible"] = fact
>       action = api().native_action_contract(replace(online, visual_facts=facts), contract, step)
                 ^^^^^

tests/test_native_action_submit.py:75: 
_ _ _ _ _ _ _ _ _ _ _ _ _ _ _ _ _ _ _ _ _ _ _ _ _ _ _ _ _ _ _ _ _ _ _ _ _ _ _ _ 
tests/test_native_action_submit.py:33: in api
    return import_module("cloud_edge_robot_arm.vision.action_evidence")
           ^^^^^^^^^^^^^^^^^^^^^^^^^^^^^^^^^^^^^^^^^^^^^^^^^^^^^^^^^^^^
/usr/lib/python3.12/importlib/__init__.py:90: in import_module
    return _bootstrap._gcd_import(name[level:], package, level)
           ^^^^^^^^^^^^^^^^^^^^^^^^^^^^^^^^^^^^^^^^^^^^^^^^^^^^
<frozen importlib._bootstrap>:1387: in _gcd_import
    ???
<frozen importlib._bootstrap>:1360: in _find_and_load
    ???
_ _ _ _ _ _ _ _ _ _ _ _ _ _ _ _ _ _ _ _ _ _ _ _ _ _ _ _ _ _ _ _ _ _ _ _ _ _ _ _ 

name = 'cloud_edge_robot_arm.vision.action_evidence'
import_ = <function _gcd_import at 0x7a8848f240e0>

>   ???
E   ModuleNotFoundError: No module named 'cloud_edge_robot_arm.vision.action_evidence'

<frozen importlib._bootstrap>:1324: ModuleNotFoundError
_________ test_identity_is_derived_from_exact_native_frame_fact[false] _________

change = 'false'

    @pytest.mark.parametrize("change", ["decoy", "oracle", "false", "frame", "identity"])
    def test_identity_is_derived_from_exact_native_frame_fact(change):
        online, contract, step = sample()
        facts = dict(online.visual_facts)
        fact = dict(facts["target_visible"])
        fact.update({"target_id": "decoy"} if change == "decoy" else
                    {"source": "oracle"} if change == "oracle" else
                    {"value": False} if change == "false" else
                    {"observation_id": "old"} if change == "frame" else
                    {"identity_confirmed": False})
        facts["target_visible"] = fact
>       action = api().native_action_contract(replace(online, visual_facts=facts), contract, step)
                 ^^^^^

tests/test_native_action_submit.py:75: 
_ _ _ _ _ _ _ _ _ _ _ _ _ _ _ _ _ _ _ _ _ _ _ _ _ _ _ _ _ _ _ _ _ _ _ _ _ _ _ _ 
tests/test_native_action_submit.py:33: in api
    return import_module("cloud_edge_robot_arm.vision.action_evidence")
           ^^^^^^^^^^^^^^^^^^^^^^^^^^^^^^^^^^^^^^^^^^^^^^^^^^^^^^^^^^^^
/usr/lib/python3.12/importlib/__init__.py:90: in import_module
    return _bootstrap._gcd_import(name[level:], package, level)
           ^^^^^^^^^^^^^^^^^^^^^^^^^^^^^^^^^^^^^^^^^^^^^^^^^^^^
<frozen importlib._bootstrap>:1387: in _gcd_import
    ???
<frozen importlib._bootstrap>:1360: in _find_and_load
    ???
_ _ _ _ _ _ _ _ _ _ _ _ _ _ _ _ _ _ _ _ _ _ _ _ _ _ _ _ _ _ _ _ _ _ _ _ _ _ _ _ 

name = 'cloud_edge_robot_arm.vision.action_evidence'
import_ = <function _gcd_import at 0x7a8848f240e0>

>   ???
E   ModuleNotFoundError: No module named 'cloud_edge_robot_arm.vision.action_evidence'

<frozen importlib._bootstrap>:1324: ModuleNotFoundError
_________ test_identity_is_derived_from_exact_native_frame_fact[frame] _________

change = 'frame'

    @pytest.mark.parametrize("change", ["decoy", "oracle", "false", "frame", "identity"])
    def test_identity_is_derived_from_exact_native_frame_fact(change):
        online, contract, step = sample()
        facts = dict(online.visual_facts)
        fact = dict(facts["target_visible"])
        fact.update({"target_id": "decoy"} if change == "decoy" else
                    {"source": "oracle"} if change == "oracle" else
                    {"value": False} if change == "false" else
                    {"observation_id": "old"} if change == "frame" else
                    {"identity_confirmed": False})
        facts["target_visible"] = fact
>       action = api().native_action_contract(replace(online, visual_facts=facts), contract, step)
                 ^^^^^

tests/test_native_action_submit.py:75: 
_ _ _ _ _ _ _ _ _ _ _ _ _ _ _ _ _ _ _ _ _ _ _ _ _ _ _ _ _ _ _ _ _ _ _ _ _ _ _ _ 
tests/test_native_action_submit.py:33: in api
    return import_module("cloud_edge_robot_arm.vision.action_evidence")
           ^^^^^^^^^^^^^^^^^^^^^^^^^^^^^^^^^^^^^^^^^^^^^^^^^^^^^^^^^^^^
/usr/lib/python3.12/importlib/__init__.py:90: in import_module
    return _bootstrap._gcd_import(name[level:], package, level)
           ^^^^^^^^^^^^^^^^^^^^^^^^^^^^^^^^^^^^^^^^^^^^^^^^^^^^
<frozen importlib._bootstrap>:1387: in _gcd_import
    ???
<frozen importlib._bootstrap>:1360: in _find_and_load
    ???
_ _ _ _ _ _ _ _ _ _ _ _ _ _ _ _ _ _ _ _ _ _ _ _ _ _ _ _ _ _ _ _ _ _ _ _ _ _ _ _ 

name = 'cloud_edge_robot_arm.vision.action_evidence'
import_ = <function _gcd_import at 0x7a8848f240e0>

>   ???
E   ModuleNotFoundError: No module named 'cloud_edge_robot_arm.vision.action_evidence'

<frozen importlib._bootstrap>:1324: ModuleNotFoundError
_______ test_identity_is_derived_from_exact_native_frame_fact[identity] ________

change = 'identity'

    @pytest.mark.parametrize("change", ["decoy", "oracle", "false", "frame", "identity"])
    def test_identity_is_derived_from_exact_native_frame_fact(change):
        online, contract, step = sample()
        facts = dict(online.visual_facts)
        fact = dict(facts["target_visible"])
        fact.update({"target_id": "decoy"} if change == "decoy" else
                    {"source": "oracle"} if change == "oracle" else
                    {"value": False} if change == "false" else
                    {"observation_id": "old"} if change == "frame" else
                    {"identity_confirmed": False})
        facts["target_visible"] = fact
>       action = api().native_action_contract(replace(online, visual_facts=facts), contract, step)
                 ^^^^^

tests/test_native_action_submit.py:75: 
_ _ _ _ _ _ _ _ _ _ _ _ _ _ _ _ _ _ _ _ _ _ _ _ _ _ _ _ _ _ _ _ _ _ _ _ _ _ _ _ 
tests/test_native_action_submit.py:33: in api
    return import_module("cloud_edge_robot_arm.vision.action_evidence")
           ^^^^^^^^^^^^^^^^^^^^^^^^^^^^^^^^^^^^^^^^^^^^^^^^^^^^^^^^^^^^
/usr/lib/python3.12/importlib/__init__.py:90: in import_module
    return _bootstrap._gcd_import(name[level:], package, level)
           ^^^^^^^^^^^^^^^^^^^^^^^^^^^^^^^^^^^^^^^^^^^^^^^^^^^^
<frozen importlib._bootstrap>:1387: in _gcd_import
    ???
<frozen importlib._bootstrap>:1360: in _find_and_load
    ???
_ _ _ _ _ _ _ _ _ _ _ _ _ _ _ _ _ _ _ _ _ _ _ _ _ _ _ _ _ _ _ _ _ _ _ _ _ _ _ _ 

name = 'cloud_edge_robot_arm.vision.action_evidence'
import_ = <function _gcd_import at 0x7a8848f240e0>

>   ???
E   ModuleNotFoundError: No module named 'cloud_edge_robot_arm.vision.action_evidence'

<frozen importlib._bootstrap>:1324: ModuleNotFoundError
_ test_native_gate_is_called_before_safety_and_skill_and_cannot_dispatch_unknown _

    def test_native_gate_is_called_before_safety_and_skill_and_cannot_dispatch_unknown():
        from cloud_edge_robot_arm.vision.execution import _EpisodeStopped, _VisualEpisode
        online, contract, step = sample()
        episode = _VisualEpisode.__new__(_VisualEpisode)
        episode.policy = SimpleNamespace(device_pipeline="OPENCV",
                                         role_binding=SimpleNamespace(
                                             bundle=SimpleNamespace(digest=lambda: online.context_hash)))
        episode.observation = online.observation
        episode.robot = SimpleNamespace(get_state=lambda: online.robot_state)
        episode.tracker = SimpleNamespace(facts=lambda *args: online.visual_facts)
        episode.check_active = lambda: None
        episode.validate_role_boundary = lambda: None
        episode.records = []
        episode.route = lambda *args, **kwargs: "STOP"
        touched = []
        episode.shield = SimpleNamespace(pre_check=lambda *args: touched.append("safety"))
        episode.executor = SimpleNamespace(execute_attempt=lambda **kwargs: touched.append("skill"))
        with pytest.raises(_EpisodeStopped, match="ACTION_EVIDENCE"):
>           episode.execute(contract, step)

tests/test_native_action_submit.py:97: 
_ _ _ _ _ _ _ _ _ _ _ _ _ _ _ _ _ _ _ _ _ _ _ _ _ _ _ _ _ _ _ _ _ _ _ _ _ _ _ _ 

self = <cloud_edge_robot_arm.vision.execution._VisualEpisode object at 0x7a88427aa210>
contract = TaskContract(task_id='task', plan_version=1, command_seq=1, timestamp=datetime.datetime(2026, 10, 4, 11, 11, 31, 75067...n_criteria=['object_inside_target_region'], supervision_period_ms=None, command_ttl_ms=None, previous_command_seq=None)
step = TaskStep(step_id='grasp', skill=<SkillName.GRASP: 'GRASP'>, parameters={'object_id': 'obj-1'}, expected_duration_ms=1000, timeout_ms=3000, retry_limit=1, preconditions=[], success_conditions=[])

    def execute(self, contract: TaskContract, step: TaskStep) -> bool:
        self.check_active()
        self.validate_role_boundary()
        assert self.observation is not None
        before = self.observation
        state = self.robot.get_state()
        params = dict(step.parameters)
        now = datetime.now(UTC)
        step_started_at = time.monotonic()
>       ctx = self.shield.context_builder.build(
              ^^^^^^^^^^^^^^^^^^^^^^^^^^^
            contract=contract,
            step=step,
            robot_state=state,
            scene_version=1,
            resolved_parameters=params,
            scene_updated_at=before.captured_at,
            telemetry_timestamp=now,
            wall_clock_now=now,
            step_started_at_mono=step_started_at,
            task_started_at_mono=self.started_at,
            monotonic_now=time.monotonic(),
            requested_joint_velocities=[
                *[abs(value) for value in self.backend.get_joint_state().velocities],
                float(params.get("tcp_velocity", 0.0)) / 0.3,
            ],
            requested_velocity=float(params.get("tcp_velocity", 0.0)),
            requested_acceleration=float(params.get("acceleration", 0.0)),
        )
E       AttributeError: 'types.SimpleNamespace' object has no attribute 'context_builder'

src/cloud_edge_robot_arm/vision/execution.py:832: AttributeError
=========================== short test summary info ============================
FAILED tests/test_native_action_submit.py::test_unsupported_native_bounds_stay_unknown_despite_claimed_valid
FAILED tests/test_native_action_submit.py::test_action_end_bound_uses_full_timeout_and_exact_current_versions
FAILED tests/test_native_action_submit.py::test_region_tcp_spec_and_object_extent_spec_have_distinct_targets
FAILED tests/test_native_action_submit.py::test_identity_is_derived_from_exact_native_frame_fact[decoy]
FAILED tests/test_native_action_submit.py::test_identity_is_derived_from_exact_native_frame_fact[oracle]
FAILED tests/test_native_action_submit.py::test_identity_is_derived_from_exact_native_frame_fact[false]
FAILED tests/test_native_action_submit.py::test_identity_is_derived_from_exact_native_frame_fact[frame]
FAILED tests/test_native_action_submit.py::test_identity_is_derived_from_exact_native_frame_fact[identity]
FAILED tests/test_native_action_submit.py::test_native_gate_is_called_before_safety_and_skill_and_cannot_dispatch_unknown
9 failed in 0.52s
