FFFFF                                                                    [100%]
=================================== FAILURES ===================================
_____________ test_inventory_connects_scene_and_component_aliases ______________

tmp_path = PosixPath('/tmp/pytest-of-ningyd/pytest-1217/test_inventory_connects_scene_0')

    def test_inventory_connects_scene_and_component_aliases(tmp_path):
        path, scene = history(tmp_path)
        alias = tmp_path / 'alias.json'
        alias.write_text(json.dumps({'group_id': 'renamed-used', 'scene_hash': scene.scene_hash,
                                    'component': 'used-component'}))
        linked = tmp_path / 'linked.json'
        linked.write_text(json.dumps({'group_id': 'component-copy', 'component': 'used-component'}))
>       result = api().inventory_history([path, alias, linked])
                 ^^^^^

tests/test_protocol_generation_sources.py:30: 
_ _ _ _ _ _ _ _ _ _ _ _ _ _ _ _ _ _ _ _ _ _ _ _ _ _ _ _ _ _ _ _ _ _ _ _ _ _ _ _ 
tests/test_protocol_generation_sources.py:13: in api
    return importlib.import_module('cloud_edge_robot_arm.research.protocol_generation')
           ^^^^^^^^^^^^^^^^^^^^^^^^^^^^^^^^^^^^^^^^^^^^^^^^^^^^^^^^^^^^^^^^^^^^^^^^^^^^
/usr/lib/python3.12/importlib/__init__.py:90: in import_module
    return _bootstrap._gcd_import(name[level:], package, level)
           ^^^^^^^^^^^^^^^^^^^^^^^^^^^^^^^^^^^^^^^^^^^^^^^^^^^^
<frozen importlib._bootstrap>:1387: in _gcd_import
    ???
<frozen importlib._bootstrap>:1360: in _find_and_load
    ???
_ _ _ _ _ _ _ _ _ _ _ _ _ _ _ _ _ _ _ _ _ _ _ _ _ _ _ _ _ _ _ _ _ _ _ _ _ _ _ _ 

name = 'cloud_edge_robot_arm.research.protocol_generation'
import_ = <function _gcd_import at 0x7207a51500e0>

>   ???
E   ModuleNotFoundError: No module named 'cloud_edge_robot_arm.research.protocol_generation'

<frozen importlib._bootstrap>:1324: ModuleNotFoundError
_________ test_unknown_history_identity_is_explicit_and_blocks_actual __________

tmp_path = PosixPath('/tmp/pytest-of-ningyd/pytest-1217/test_unknown_history_identity_0')

    def test_unknown_history_identity_is_explicit_and_blocks_actual(tmp_path):
        path = tmp_path / 'unknown.json'
        path.write_text(json.dumps({'group_id': 'unknown-used'}))
>       report = api().prepare_generation([path], tmp_path / 'protocol')
                 ^^^^^

tests/test_protocol_generation_sources.py:40: 
_ _ _ _ _ _ _ _ _ _ _ _ _ _ _ _ _ _ _ _ _ _ _ _ _ _ _ _ _ _ _ _ _ _ _ _ _ _ _ _ 
tests/test_protocol_generation_sources.py:13: in api
    return importlib.import_module('cloud_edge_robot_arm.research.protocol_generation')
           ^^^^^^^^^^^^^^^^^^^^^^^^^^^^^^^^^^^^^^^^^^^^^^^^^^^^^^^^^^^^^^^^^^^^^^^^^^^^
/usr/lib/python3.12/importlib/__init__.py:90: in import_module
    return _bootstrap._gcd_import(name[level:], package, level)
           ^^^^^^^^^^^^^^^^^^^^^^^^^^^^^^^^^^^^^^^^^^^^^^^^^^^^
<frozen importlib._bootstrap>:1387: in _gcd_import
    ???
<frozen importlib._bootstrap>:1360: in _find_and_load
    ???
_ _ _ _ _ _ _ _ _ _ _ _ _ _ _ _ _ _ _ _ _ _ _ _ _ _ _ _ _ _ _ _ _ _ _ _ _ _ _ _ 

name = 'cloud_edge_robot_arm.research.protocol_generation'
import_ = <function _gcd_import at 0x7207a51500e0>

>   ???
E   ModuleNotFoundError: No module named 'cloud_edge_robot_arm.research.protocol_generation'

<frozen importlib._bootstrap>:1324: ModuleNotFoundError
_____ test_prepare_locks_all_3260_new_assignments_and_fixed_fault_schedule _____

tmp_path = PosixPath('/tmp/pytest-of-ningyd/pytest-1217/test_prepare_locks_all_3260_ne0')

    def test_prepare_locks_all_3260_new_assignments_and_fixed_fault_schedule(tmp_path):
        path, scene = history(tmp_path)
        output = tmp_path / 'protocol'
>       report = api().prepare_generation([path], output)
                 ^^^^^

tests/test_protocol_generation_sources.py:50: 
_ _ _ _ _ _ _ _ _ _ _ _ _ _ _ _ _ _ _ _ _ _ _ _ _ _ _ _ _ _ _ _ _ _ _ _ _ _ _ _ 
tests/test_protocol_generation_sources.py:13: in api
    return importlib.import_module('cloud_edge_robot_arm.research.protocol_generation')
           ^^^^^^^^^^^^^^^^^^^^^^^^^^^^^^^^^^^^^^^^^^^^^^^^^^^^^^^^^^^^^^^^^^^^^^^^^^^^
/usr/lib/python3.12/importlib/__init__.py:90: in import_module
    return _bootstrap._gcd_import(name[level:], package, level)
           ^^^^^^^^^^^^^^^^^^^^^^^^^^^^^^^^^^^^^^^^^^^^^^^^^^^^
<frozen importlib._bootstrap>:1387: in _gcd_import
    ???
<frozen importlib._bootstrap>:1360: in _find_and_load
    ???
_ _ _ _ _ _ _ _ _ _ _ _ _ _ _ _ _ _ _ _ _ _ _ _ _ _ _ _ _ _ _ _ _ _ _ _ _ _ _ _ 

name = 'cloud_edge_robot_arm.research.protocol_generation'
import_ = <function _gcd_import at 0x7207a51500e0>

>   ???
E   ModuleNotFoundError: No module named 'cloud_edge_robot_arm.research.protocol_generation'

<frozen importlib._bootstrap>:1324: ModuleNotFoundError
_________ test_history_or_recipe_drift_rejects_before_backend_creation _________

tmp_path = PosixPath('/tmp/pytest-of-ningyd/pytest-1217/test_history_or_recipe_drift_r0')

    def test_history_or_recipe_drift_rejects_before_backend_creation(tmp_path):
        path, _ = history(tmp_path)
>       api().prepare_generation([path], tmp_path / 'protocol')
        ^^^^^

tests/test_protocol_generation_sources.py:75: 
_ _ _ _ _ _ _ _ _ _ _ _ _ _ _ _ _ _ _ _ _ _ _ _ _ _ _ _ _ _ _ _ _ _ _ _ _ _ _ _ 
tests/test_protocol_generation_sources.py:13: in api
    return importlib.import_module('cloud_edge_robot_arm.research.protocol_generation')
           ^^^^^^^^^^^^^^^^^^^^^^^^^^^^^^^^^^^^^^^^^^^^^^^^^^^^^^^^^^^^^^^^^^^^^^^^^^^^
/usr/lib/python3.12/importlib/__init__.py:90: in import_module
    return _bootstrap._gcd_import(name[level:], package, level)
           ^^^^^^^^^^^^^^^^^^^^^^^^^^^^^^^^^^^^^^^^^^^^^^^^^^^^
<frozen importlib._bootstrap>:1387: in _gcd_import
    ???
<frozen importlib._bootstrap>:1360: in _find_and_load
    ???
_ _ _ _ _ _ _ _ _ _ _ _ _ _ _ _ _ _ _ _ _ _ _ _ _ _ _ _ _ _ _ _ _ _ _ _ _ _ _ _ 

name = 'cloud_edge_robot_arm.research.protocol_generation'
import_ = <function _gcd_import at 0x7207a51500e0>

>   ???
E   ModuleNotFoundError: No module named 'cloud_edge_robot_arm.research.protocol_generation'

<frozen importlib._bootstrap>:1324: ModuleNotFoundError
_________________ test_default_cli_does_not_initialize_backend _________________

tmp_path = PosixPath('/tmp/pytest-of-ningyd/pytest-1217/test_default_cli_does_not_init0')

    def test_default_cli_does_not_initialize_backend(tmp_path):
        import subprocess
        path, _ = history(tmp_path)
>       api().prepare_generation([path], tmp_path / 'protocol')
        ^^^^^

tests/test_protocol_generation_sources.py:84: 
_ _ _ _ _ _ _ _ _ _ _ _ _ _ _ _ _ _ _ _ _ _ _ _ _ _ _ _ _ _ _ _ _ _ _ _ _ _ _ _ 
tests/test_protocol_generation_sources.py:13: in api
    return importlib.import_module('cloud_edge_robot_arm.research.protocol_generation')
           ^^^^^^^^^^^^^^^^^^^^^^^^^^^^^^^^^^^^^^^^^^^^^^^^^^^^^^^^^^^^^^^^^^^^^^^^^^^^
/usr/lib/python3.12/importlib/__init__.py:90: in import_module
    return _bootstrap._gcd_import(name[level:], package, level)
           ^^^^^^^^^^^^^^^^^^^^^^^^^^^^^^^^^^^^^^^^^^^^^^^^^^^^
<frozen importlib._bootstrap>:1387: in _gcd_import
    ???
<frozen importlib._bootstrap>:1360: in _find_and_load
    ???
_ _ _ _ _ _ _ _ _ _ _ _ _ _ _ _ _ _ _ _ _ _ _ _ _ _ _ _ _ _ _ _ _ _ _ _ _ _ _ _ 

name = 'cloud_edge_robot_arm.research.protocol_generation'
import_ = <function _gcd_import at 0x7207a51500e0>

>   ???
E   ModuleNotFoundError: No module named 'cloud_edge_robot_arm.research.protocol_generation'

<frozen importlib._bootstrap>:1324: ModuleNotFoundError
=========================== short test summary info ============================
FAILED tests/test_protocol_generation_sources.py::test_inventory_connects_scene_and_component_aliases
FAILED tests/test_protocol_generation_sources.py::test_unknown_history_identity_is_explicit_and_blocks_actual
FAILED tests/test_protocol_generation_sources.py::test_prepare_locks_all_3260_new_assignments_and_fixed_fault_schedule
FAILED tests/test_protocol_generation_sources.py::test_history_or_recipe_drift_rejects_before_backend_creation
FAILED tests/test_protocol_generation_sources.py::test_default_cli_does_not_initialize_backend
5 failed in 0.27s
