...................FF..........                                          [100%]
=================================== FAILURES ===================================
_ test_a_result_cannot_represent_method_or_execution_admission[method_admitted] _

tmp_path = PosixPath('/tmp/pytest-of-ningyd/pytest-785/test_a_result_cannot_represent0')
flag = 'method_admitted'

    @pytest.mark.parametrize("flag", ["method_admitted", "execution_admitted"])
    def test_a_result_cannot_represent_method_or_execution_admission(tmp_path: Path, flag: str) -> None:
        result = _auditor(_registration(tmp_path)).audit("registered-initial")
>       with pytest.raises(ValueError, match="never admits"):
E       Failed: DID NOT RAISE <class 'ValueError'>

tests/test_research_admission.py:258: Failed
_ test_a_result_cannot_represent_method_or_execution_admission[execution_admitted] _

tmp_path = PosixPath('/tmp/pytest-of-ningyd/pytest-785/test_a_result_cannot_represent1')
flag = 'execution_admitted'

    @pytest.mark.parametrize("flag", ["method_admitted", "execution_admitted"])
    def test_a_result_cannot_represent_method_or_execution_admission(tmp_path: Path, flag: str) -> None:
        result = _auditor(_registration(tmp_path)).audit("registered-initial")
>       with pytest.raises(ValueError, match="never admits"):
E       Failed: DID NOT RAISE <class 'ValueError'>

tests/test_research_admission.py:258: Failed
=========================== short test summary info ============================
FAILED tests/test_research_admission.py::test_a_result_cannot_represent_method_or_execution_admission[method_admitted]
FAILED tests/test_research_admission.py::test_a_result_cannot_represent_method_or_execution_admission[execution_admitted]
2 failed, 29 passed in 0.51s
