.....................F.........                                          [100%]
=================================== FAILURES ===================================
________________ test_each_audit_observes_current_source_drift _________________

tmp_path = PosixPath('/tmp/pytest-of-ningyd/pytest-787/test_each_audit_observes_curre0')

    def test_each_audit_observes_current_source_drift(tmp_path: Path) -> None:
        registration = _registration(tmp_path)
        auditor = _auditor(registration)
        first = auditor.audit("registered-initial")
        source = next(iter(registration.current_source_hashes))
        (registration.current_role_binding.root / source).write_text("# changed current source\n")
        second = auditor.audit("registered-initial")
        assert first.status == "UNKNOWN"
        assert second.status == "INVALID"
        assert "current_source_drift" in second.reasons
        assert first.raw_file_hashes == second.raw_file_hashes
>       assert second.current_source_hashes[source] == hashlib.sha256(
               ^^^^^^^^^^^^^^^^^^^^^^^^^^^^^^^^^^^^
            (registration.current_role_binding.root / source).read_bytes()
        ).hexdigest()
E       KeyError: 'src/cloud_edge_robot_arm/edge/recovery/verification_router.py'

tests/test_research_admission.py:273: KeyError
=========================== short test summary info ============================
FAILED tests/test_research_admission.py::test_each_audit_observes_current_source_drift
1 failed, 30 passed in 0.50s
