{
  "kind": "REAL_DEVELOPMENT_CAPTURE",
  "scenario": "S01_NORMAL_STATIC",
  "seed": 0,
  "status": "OBSERVED",
  "reason": "uncalibrated_single_frame_pose_estimate",
  "image_dimensions": [
    640,
    480
  ],
  "camera": "unchanged rgbd top camera, pos=(.35,0,1.4), fovy=50",
  "marked_asset_sha256": "2ba368bb5150becd1c021fe52495f3c59bd155f862502ec590b2ecd3a57899e4",
  "registration_hash": "a4972858b0d708c169229ca4bc4a514a229579eef6d106a560937541d3871e67",
  "intrinsics": [
    514.6816609222941,
    514.6816609222941,
    319.5,
    239.5
  ],
  "calibration_version": "3a224602f7d34743",
  "image_profile": "color-rim-v2-S01-native-640x480-development-only",
  "asset_builder_source_sha256": "b1e1be9ea6bae24c43f0eeb5aadbc200444b6126a2993329080ea7c42d142a62",
  "detector_source_sha256": "68f9e6e0675a4b6ccdead896bd767c685fd53357591ab1fdf4d71d124c72264f",
  "model_requests": 0,
  "controller_commands": 0,
  "robot_actions": 0,
  "physics_steps_for_settling": 120,
  "physical_success": "NOT_RUN",
  "native_evidence_status": "NOT_PROMOTED",
  "continuous_motion_bound": "UNAVAILABLE",
  "calibrated_error_bound": "UNAVAILABLE"
}
