FFF                                                                      [100%]
=================================== FAILURES ===================================
_ test_new_colored_marker_has_real_rim_and_full_white_quiet_cell_without_mutating_base_or_v1 _

    def test_new_colored_marker_has_real_rim_and_full_white_quiet_cell_without_mutating_base_or_v1():
        original=BASE.read_bytes();v1=V1.read_bytes()
>       generated=api().build_colored_pose_marker_xml(original)
                  ^^^^^

tests/test_pose_marker_assets.py:23: 
_ _ _ _ _ _ _ _ _ _ _ _ _ _ _ _ _ _ _ _ _ _ _ _ _ _ _ _ _ _ _ _ _ _ _ _ _ _ _ _ 
tests/test_pose_marker_assets.py:18: in api
    return importlib.import_module('cloud_edge_robot_arm.vision.pose_marker_assets')
           ^^^^^^^^^^^^^^^^^^^^^^^^^^^^^^^^^^^^^^^^^^^^^^^^^^^^^^^^^^^^^^^^^^^^^^^^^
/usr/lib/python3.12/importlib/__init__.py:90: in import_module
    return _bootstrap._gcd_import(name[level:], package, level)
           ^^^^^^^^^^^^^^^^^^^^^^^^^^^^^^^^^^^^^^^^^^^^^^^^^^^^
<frozen importlib._bootstrap>:1387: in _gcd_import
    ???
<frozen importlib._bootstrap>:1360: in _find_and_load
    ???
_ _ _ _ _ _ _ _ _ _ _ _ _ _ _ _ _ _ _ _ _ _ _ _ _ _ _ _ _ _ _ _ _ _ _ _ _ _ _ _ 

name = 'cloud_edge_robot_arm.vision.pose_marker_assets'
import_ = <function _gcd_import at 0x7696d2cd40e0>

>   ???
E   ModuleNotFoundError: No module named 'cloud_edge_robot_arm.vision.pose_marker_assets'

<frozen importlib._bootstrap>:1324: ModuleNotFoundError
________ test_changed_base_cannot_acquire_colored_marker_source_binding ________

    def test_changed_base_cannot_acquire_colored_marker_source_binding():
        with pytest.raises(ValueError):
>           api().build_colored_pose_marker_xml(BASE.read_bytes().replace(b'mass="0.08"',b'mass="0.09"'))
            ^^^^^

tests/test_pose_marker_assets.py:56: 
_ _ _ _ _ _ _ _ _ _ _ _ _ _ _ _ _ _ _ _ _ _ _ _ _ _ _ _ _ _ _ _ _ _ _ _ _ _ _ _ 
tests/test_pose_marker_assets.py:18: in api
    return importlib.import_module('cloud_edge_robot_arm.vision.pose_marker_assets')
           ^^^^^^^^^^^^^^^^^^^^^^^^^^^^^^^^^^^^^^^^^^^^^^^^^^^^^^^^^^^^^^^^^^^^^^^^^
/usr/lib/python3.12/importlib/__init__.py:90: in import_module
    return _bootstrap._gcd_import(name[level:], package, level)
           ^^^^^^^^^^^^^^^^^^^^^^^^^^^^^^^^^^^^^^^^^^^^^^^^^^^^
<frozen importlib._bootstrap>:1387: in _gcd_import
    ???
<frozen importlib._bootstrap>:1360: in _find_and_load
    ???
_ _ _ _ _ _ _ _ _ _ _ _ _ _ _ _ _ _ _ _ _ _ _ _ _ _ _ _ _ _ _ _ _ _ _ _ _ _ _ _ 

name = 'cloud_edge_robot_arm.vision.pose_marker_assets'
import_ = <function _gcd_import at 0x7696d2cd40e0>

>   ???
E   ModuleNotFoundError: No module named 'cloud_edge_robot_arm.vision.pose_marker_assets'

<frozen importlib._bootstrap>:1324: ModuleNotFoundError
_ test_compiled_colored_marker_has_identical_physical_dynamics_controller_and_camera _

    def test_compiled_colored_marker_has_identical_physical_dynamics_controller_and_camera():
        import mujoco
        original=mujoco.MjModel.from_xml_path(str(BASE))
>       marked=mujoco.MjModel.from_xml_string(api().build_colored_pose_marker_xml(BASE.read_bytes()).decode())
                                              ^^^^^

tests/test_pose_marker_assets.py:62: 
_ _ _ _ _ _ _ _ _ _ _ _ _ _ _ _ _ _ _ _ _ _ _ _ _ _ _ _ _ _ _ _ _ _ _ _ _ _ _ _ 
tests/test_pose_marker_assets.py:18: in api
    return importlib.import_module('cloud_edge_robot_arm.vision.pose_marker_assets')
           ^^^^^^^^^^^^^^^^^^^^^^^^^^^^^^^^^^^^^^^^^^^^^^^^^^^^^^^^^^^^^^^^^^^^^^^^^
/usr/lib/python3.12/importlib/__init__.py:90: in import_module
    return _bootstrap._gcd_import(name[level:], package, level)
           ^^^^^^^^^^^^^^^^^^^^^^^^^^^^^^^^^^^^^^^^^^^^^^^^^^^^
<frozen importlib._bootstrap>:1387: in _gcd_import
    ???
<frozen importlib._bootstrap>:1360: in _find_and_load
    ???
_ _ _ _ _ _ _ _ _ _ _ _ _ _ _ _ _ _ _ _ _ _ _ _ _ _ _ _ _ _ _ _ _ _ _ _ _ _ _ _ 

name = 'cloud_edge_robot_arm.vision.pose_marker_assets'
import_ = <function _gcd_import at 0x7696d2cd40e0>

>   ???
E   ModuleNotFoundError: No module named 'cloud_edge_robot_arm.vision.pose_marker_assets'

<frozen importlib._bootstrap>:1324: ModuleNotFoundError
=========================== short test summary info ============================
FAILED tests/test_pose_marker_assets.py::test_new_colored_marker_has_real_rim_and_full_white_quiet_cell_without_mutating_base_or_v1
FAILED tests/test_pose_marker_assets.py::test_changed_base_cannot_acquire_colored_marker_source_binding
FAILED tests/test_pose_marker_assets.py::test_compiled_colored_marker_has_identical_physical_dynamics_controller_and_camera
3 failed in 0.17s
