E501 Line too long (101 > 100)
   --> tests/test_pose_marker_assets.py:161:101
    |
159 |     hsv=cv2.cvtColor(rgb,cv2.COLOR_RGB2HSV)
160 |     red=((hsv[:,:,0]<12)|(hsv[:,:,0]>168))&(hsv[:,:,1]>70)&(hsv[:,:,2]>40)
161 |     assert int(red.sum())>=100 # v1 was0; meaningful observed-color regression, not native acceptance
    |                                                                                                     ^
162 |     assert estimate.geometric_error_bound_m is None and estimate.angular_velocity_bound_rad_s is None
163 |     assert estimate.stability_status=='UNKNOWN'
    |

E501 Line too long (101 > 100)
   --> tests/test_pose_marker_assets.py:162:101
    |
160 |     red=((hsv[:,:,0]<12)|(hsv[:,:,0]>168))&(hsv[:,:,1]>70)&(hsv[:,:,2]>40)
161 |     assert int(red.sum())>=100 # v1 was0; meaningful observed-color regression, not native acceptance
162 |     assert estimate.geometric_error_bound_m is None and estimate.angular_velocity_bound_rad_s is None
    |                                                                                                     ^
163 |     assert estimate.stability_status=='UNKNOWN'
164 |     assert current.width==640 and current.height==480
    |

Found 3 errors (1 fixed, 2 remaining).
