FFFFFFFFFFFFFFFFFFF                                                      [100%]
=================================== FAILURES ===================================
________________ test_cloud_alias_does_not_invent_weight_digest ________________

    def test_cloud_alias_does_not_invent_weight_digest():
>       snapshot = cloud()
                   ^^^^^^^

tests/test_rgbd_role_models.py:32: 
_ _ _ _ _ _ _ _ _ _ _ _ _ _ _ _ _ _ _ _ _ _ _ _ _ _ _ _ _ _ _ _ _ _ _ _ _ _ _ _ 
tests/test_rgbd_role_models.py:28: in cloud
    return roles().RoleProviderSnapshot(**(values | overrides))
           ^^^^^^^
_ _ _ _ _ _ _ _ _ _ _ _ _ _ _ _ _ _ _ _ _ _ _ _ _ _ _ _ _ _ _ _ _ _ _ _ _ _ _ _ 

    def roles():
>       assert importlib.util.find_spec("cloud_edge_robot_arm.vision.role_models") is not None, (
            "T3b role bindings are missing"
        )
E       AssertionError: T3b role bindings are missing
E       assert None is not None
E        +  where None = <function find_spec at 0x7a9af33a3920>('cloud_edge_robot_arm.vision.role_models')
E        +    where <function find_spec at 0x7a9af33a3920> = <module 'importlib.util' (frozen)>.find_spec
E        +      where <module 'importlib.util' (frozen)> = importlib.util

tests/test_rgbd_role_models.py:16: AssertionError
________________ test_cloud_and_edge_versions_cannot_be_swapped ________________

    def test_cloud_and_edge_versions_cannot_be_swapped():
>       module = roles()
                 ^^^^^^^

tests/test_rgbd_role_models.py:40: 
_ _ _ _ _ _ _ _ _ _ _ _ _ _ _ _ _ _ _ _ _ _ _ _ _ _ _ _ _ _ _ _ _ _ _ _ _ _ _ _ 

    def roles():
>       assert importlib.util.find_spec("cloud_edge_robot_arm.vision.role_models") is not None, (
            "T3b role bindings are missing"
        )
E       AssertionError: T3b role bindings are missing
E       assert None is not None
E        +  where None = <function find_spec at 0x7a9af33a3920>('cloud_edge_robot_arm.vision.role_models')
E        +    where <function find_spec at 0x7a9af33a3920> = <module 'importlib.util' (frozen)>.find_spec
E        +      where <module 'importlib.util' (frozen)> = importlib.util

tests/test_rgbd_role_models.py:16: AssertionError
______ test_role_snapshot_rejects_unbound_or_invalid_identity[overrides0] ______

overrides = {'request_config_hash': ''}

    @pytest.mark.parametrize("overrides", [
        {"request_config_hash": ""}, {"source_hashes": {}},
        {"source_hashes": {"vision/messages.py": "not-a-digest"}},
        {"role": "PLANNER"}, {"provider_location": "DEVICE"},
        {"provider_id": ""}, {"model_id": None},
        {"weight_digest": "UNKNOWN"}, {"revision": ""},
    ])
    def test_role_snapshot_rejects_unbound_or_invalid_identity(overrides):
        with pytest.raises(ValueError):
>           cloud(**overrides)

tests/test_rgbd_role_models.py:63: 
_ _ _ _ _ _ _ _ _ _ _ _ _ _ _ _ _ _ _ _ _ _ _ _ _ _ _ _ _ _ _ _ _ _ _ _ _ _ _ _ 
tests/test_rgbd_role_models.py:28: in cloud
    return roles().RoleProviderSnapshot(**(values | overrides))
           ^^^^^^^
_ _ _ _ _ _ _ _ _ _ _ _ _ _ _ _ _ _ _ _ _ _ _ _ _ _ _ _ _ _ _ _ _ _ _ _ _ _ _ _ 

    def roles():
>       assert importlib.util.find_spec("cloud_edge_robot_arm.vision.role_models") is not None, (
            "T3b role bindings are missing"
        )
E       AssertionError: T3b role bindings are missing
E       assert None is not None
E        +  where None = <function find_spec at 0x7a9af33a3920>('cloud_edge_robot_arm.vision.role_models')
E        +    where <function find_spec at 0x7a9af33a3920> = <module 'importlib.util' (frozen)>.find_spec
E        +      where <module 'importlib.util' (frozen)> = importlib.util

tests/test_rgbd_role_models.py:16: AssertionError
______ test_role_snapshot_rejects_unbound_or_invalid_identity[overrides1] ______

overrides = {'source_hashes': {}}

    @pytest.mark.parametrize("overrides", [
        {"request_config_hash": ""}, {"source_hashes": {}},
        {"source_hashes": {"vision/messages.py": "not-a-digest"}},
        {"role": "PLANNER"}, {"provider_location": "DEVICE"},
        {"provider_id": ""}, {"model_id": None},
        {"weight_digest": "UNKNOWN"}, {"revision": ""},
    ])
    def test_role_snapshot_rejects_unbound_or_invalid_identity(overrides):
        with pytest.raises(ValueError):
>           cloud(**overrides)

tests/test_rgbd_role_models.py:63: 
_ _ _ _ _ _ _ _ _ _ _ _ _ _ _ _ _ _ _ _ _ _ _ _ _ _ _ _ _ _ _ _ _ _ _ _ _ _ _ _ 
tests/test_rgbd_role_models.py:28: in cloud
    return roles().RoleProviderSnapshot(**(values | overrides))
           ^^^^^^^
_ _ _ _ _ _ _ _ _ _ _ _ _ _ _ _ _ _ _ _ _ _ _ _ _ _ _ _ _ _ _ _ _ _ _ _ _ _ _ _ 

    def roles():
>       assert importlib.util.find_spec("cloud_edge_robot_arm.vision.role_models") is not None, (
            "T3b role bindings are missing"
        )
E       AssertionError: T3b role bindings are missing
E       assert None is not None
E        +  where None = <function find_spec at 0x7a9af33a3920>('cloud_edge_robot_arm.vision.role_models')
E        +    where <function find_spec at 0x7a9af33a3920> = <module 'importlib.util' (frozen)>.find_spec
E        +      where <module 'importlib.util' (frozen)> = importlib.util

tests/test_rgbd_role_models.py:16: AssertionError
______ test_role_snapshot_rejects_unbound_or_invalid_identity[overrides2] ______

overrides = {'source_hashes': {'vision/messages.py': 'not-a-digest'}}

    @pytest.mark.parametrize("overrides", [
        {"request_config_hash": ""}, {"source_hashes": {}},
        {"source_hashes": {"vision/messages.py": "not-a-digest"}},
        {"role": "PLANNER"}, {"provider_location": "DEVICE"},
        {"provider_id": ""}, {"model_id": None},
        {"weight_digest": "UNKNOWN"}, {"revision": ""},
    ])
    def test_role_snapshot_rejects_unbound_or_invalid_identity(overrides):
        with pytest.raises(ValueError):
>           cloud(**overrides)

tests/test_rgbd_role_models.py:63: 
_ _ _ _ _ _ _ _ _ _ _ _ _ _ _ _ _ _ _ _ _ _ _ _ _ _ _ _ _ _ _ _ _ _ _ _ _ _ _ _ 
tests/test_rgbd_role_models.py:28: in cloud
    return roles().RoleProviderSnapshot(**(values | overrides))
           ^^^^^^^
_ _ _ _ _ _ _ _ _ _ _ _ _ _ _ _ _ _ _ _ _ _ _ _ _ _ _ _ _ _ _ _ _ _ _ _ _ _ _ _ 

    def roles():
>       assert importlib.util.find_spec("cloud_edge_robot_arm.vision.role_models") is not None, (
            "T3b role bindings are missing"
        )
E       AssertionError: T3b role bindings are missing
E       assert None is not None
E        +  where None = <function find_spec at 0x7a9af33a3920>('cloud_edge_robot_arm.vision.role_models')
E        +    where <function find_spec at 0x7a9af33a3920> = <module 'importlib.util' (frozen)>.find_spec
E        +      where <module 'importlib.util' (frozen)> = importlib.util

tests/test_rgbd_role_models.py:16: AssertionError
______ test_role_snapshot_rejects_unbound_or_invalid_identity[overrides3] ______

overrides = {'role': 'PLANNER'}

    @pytest.mark.parametrize("overrides", [
        {"request_config_hash": ""}, {"source_hashes": {}},
        {"source_hashes": {"vision/messages.py": "not-a-digest"}},
        {"role": "PLANNER"}, {"provider_location": "DEVICE"},
        {"provider_id": ""}, {"model_id": None},
        {"weight_digest": "UNKNOWN"}, {"revision": ""},
    ])
    def test_role_snapshot_rejects_unbound_or_invalid_identity(overrides):
        with pytest.raises(ValueError):
>           cloud(**overrides)

tests/test_rgbd_role_models.py:63: 
_ _ _ _ _ _ _ _ _ _ _ _ _ _ _ _ _ _ _ _ _ _ _ _ _ _ _ _ _ _ _ _ _ _ _ _ _ _ _ _ 
tests/test_rgbd_role_models.py:28: in cloud
    return roles().RoleProviderSnapshot(**(values | overrides))
           ^^^^^^^
_ _ _ _ _ _ _ _ _ _ _ _ _ _ _ _ _ _ _ _ _ _ _ _ _ _ _ _ _ _ _ _ _ _ _ _ _ _ _ _ 

    def roles():
>       assert importlib.util.find_spec("cloud_edge_robot_arm.vision.role_models") is not None, (
            "T3b role bindings are missing"
        )
E       AssertionError: T3b role bindings are missing
E       assert None is not None
E        +  where None = <function find_spec at 0x7a9af33a3920>('cloud_edge_robot_arm.vision.role_models')
E        +    where <function find_spec at 0x7a9af33a3920> = <module 'importlib.util' (frozen)>.find_spec
E        +      where <module 'importlib.util' (frozen)> = importlib.util

tests/test_rgbd_role_models.py:16: AssertionError
______ test_role_snapshot_rejects_unbound_or_invalid_identity[overrides4] ______

overrides = {'provider_location': 'DEVICE'}

    @pytest.mark.parametrize("overrides", [
        {"request_config_hash": ""}, {"source_hashes": {}},
        {"source_hashes": {"vision/messages.py": "not-a-digest"}},
        {"role": "PLANNER"}, {"provider_location": "DEVICE"},
        {"provider_id": ""}, {"model_id": None},
        {"weight_digest": "UNKNOWN"}, {"revision": ""},
    ])
    def test_role_snapshot_rejects_unbound_or_invalid_identity(overrides):
        with pytest.raises(ValueError):
>           cloud(**overrides)

tests/test_rgbd_role_models.py:63: 
_ _ _ _ _ _ _ _ _ _ _ _ _ _ _ _ _ _ _ _ _ _ _ _ _ _ _ _ _ _ _ _ _ _ _ _ _ _ _ _ 
tests/test_rgbd_role_models.py:28: in cloud
    return roles().RoleProviderSnapshot(**(values | overrides))
           ^^^^^^^
_ _ _ _ _ _ _ _ _ _ _ _ _ _ _ _ _ _ _ _ _ _ _ _ _ _ _ _ _ _ _ _ _ _ _ _ _ _ _ _ 

    def roles():
>       assert importlib.util.find_spec("cloud_edge_robot_arm.vision.role_models") is not None, (
            "T3b role bindings are missing"
        )
E       AssertionError: T3b role bindings are missing
E       assert None is not None
E        +  where None = <function find_spec at 0x7a9af33a3920>('cloud_edge_robot_arm.vision.role_models')
E        +    where <function find_spec at 0x7a9af33a3920> = <module 'importlib.util' (frozen)>.find_spec
E        +      where <module 'importlib.util' (frozen)> = importlib.util

tests/test_rgbd_role_models.py:16: AssertionError
______ test_role_snapshot_rejects_unbound_or_invalid_identity[overrides5] ______

overrides = {'provider_id': ''}

    @pytest.mark.parametrize("overrides", [
        {"request_config_hash": ""}, {"source_hashes": {}},
        {"source_hashes": {"vision/messages.py": "not-a-digest"}},
        {"role": "PLANNER"}, {"provider_location": "DEVICE"},
        {"provider_id": ""}, {"model_id": None},
        {"weight_digest": "UNKNOWN"}, {"revision": ""},
    ])
    def test_role_snapshot_rejects_unbound_or_invalid_identity(overrides):
        with pytest.raises(ValueError):
>           cloud(**overrides)

tests/test_rgbd_role_models.py:63: 
_ _ _ _ _ _ _ _ _ _ _ _ _ _ _ _ _ _ _ _ _ _ _ _ _ _ _ _ _ _ _ _ _ _ _ _ _ _ _ _ 
tests/test_rgbd_role_models.py:28: in cloud
    return roles().RoleProviderSnapshot(**(values | overrides))
           ^^^^^^^
_ _ _ _ _ _ _ _ _ _ _ _ _ _ _ _ _ _ _ _ _ _ _ _ _ _ _ _ _ _ _ _ _ _ _ _ _ _ _ _ 

    def roles():
>       assert importlib.util.find_spec("cloud_edge_robot_arm.vision.role_models") is not None, (
            "T3b role bindings are missing"
        )
E       AssertionError: T3b role bindings are missing
E       assert None is not None
E        +  where None = <function find_spec at 0x7a9af33a3920>('cloud_edge_robot_arm.vision.role_models')
E        +    where <function find_spec at 0x7a9af33a3920> = <module 'importlib.util' (frozen)>.find_spec
E        +      where <module 'importlib.util' (frozen)> = importlib.util

tests/test_rgbd_role_models.py:16: AssertionError
______ test_role_snapshot_rejects_unbound_or_invalid_identity[overrides6] ______

overrides = {'model_id': None}

    @pytest.mark.parametrize("overrides", [
        {"request_config_hash": ""}, {"source_hashes": {}},
        {"source_hashes": {"vision/messages.py": "not-a-digest"}},
        {"role": "PLANNER"}, {"provider_location": "DEVICE"},
        {"provider_id": ""}, {"model_id": None},
        {"weight_digest": "UNKNOWN"}, {"revision": ""},
    ])
    def test_role_snapshot_rejects_unbound_or_invalid_identity(overrides):
        with pytest.raises(ValueError):
>           cloud(**overrides)

tests/test_rgbd_role_models.py:63: 
_ _ _ _ _ _ _ _ _ _ _ _ _ _ _ _ _ _ _ _ _ _ _ _ _ _ _ _ _ _ _ _ _ _ _ _ _ _ _ _ 
tests/test_rgbd_role_models.py:28: in cloud
    return roles().RoleProviderSnapshot(**(values | overrides))
           ^^^^^^^
_ _ _ _ _ _ _ _ _ _ _ _ _ _ _ _ _ _ _ _ _ _ _ _ _ _ _ _ _ _ _ _ _ _ _ _ _ _ _ _ 

    def roles():
>       assert importlib.util.find_spec("cloud_edge_robot_arm.vision.role_models") is not None, (
            "T3b role bindings are missing"
        )
E       AssertionError: T3b role bindings are missing
E       assert None is not None
E        +  where None = <function find_spec at 0x7a9af33a3920>('cloud_edge_robot_arm.vision.role_models')
E        +    where <function find_spec at 0x7a9af33a3920> = <module 'importlib.util' (frozen)>.find_spec
E        +      where <module 'importlib.util' (frozen)> = importlib.util

tests/test_rgbd_role_models.py:16: AssertionError
______ test_role_snapshot_rejects_unbound_or_invalid_identity[overrides7] ______

overrides = {'weight_digest': 'UNKNOWN'}

    @pytest.mark.parametrize("overrides", [
        {"request_config_hash": ""}, {"source_hashes": {}},
        {"source_hashes": {"vision/messages.py": "not-a-digest"}},
        {"role": "PLANNER"}, {"provider_location": "DEVICE"},
        {"provider_id": ""}, {"model_id": None},
        {"weight_digest": "UNKNOWN"}, {"revision": ""},
    ])
    def test_role_snapshot_rejects_unbound_or_invalid_identity(overrides):
        with pytest.raises(ValueError):
>           cloud(**overrides)

tests/test_rgbd_role_models.py:63: 
_ _ _ _ _ _ _ _ _ _ _ _ _ _ _ _ _ _ _ _ _ _ _ _ _ _ _ _ _ _ _ _ _ _ _ _ _ _ _ _ 
tests/test_rgbd_role_models.py:28: in cloud
    return roles().RoleProviderSnapshot(**(values | overrides))
           ^^^^^^^
_ _ _ _ _ _ _ _ _ _ _ _ _ _ _ _ _ _ _ _ _ _ _ _ _ _ _ _ _ _ _ _ _ _ _ _ _ _ _ _ 

    def roles():
>       assert importlib.util.find_spec("cloud_edge_robot_arm.vision.role_models") is not None, (
            "T3b role bindings are missing"
        )
E       AssertionError: T3b role bindings are missing
E       assert None is not None
E        +  where None = <function find_spec at 0x7a9af33a3920>('cloud_edge_robot_arm.vision.role_models')
E        +    where <function find_spec at 0x7a9af33a3920> = <module 'importlib.util' (frozen)>.find_spec
E        +      where <module 'importlib.util' (frozen)> = importlib.util

tests/test_rgbd_role_models.py:16: AssertionError
______ test_role_snapshot_rejects_unbound_or_invalid_identity[overrides8] ______

overrides = {'revision': ''}

    @pytest.mark.parametrize("overrides", [
        {"request_config_hash": ""}, {"source_hashes": {}},
        {"source_hashes": {"vision/messages.py": "not-a-digest"}},
        {"role": "PLANNER"}, {"provider_location": "DEVICE"},
        {"provider_id": ""}, {"model_id": None},
        {"weight_digest": "UNKNOWN"}, {"revision": ""},
    ])
    def test_role_snapshot_rejects_unbound_or_invalid_identity(overrides):
        with pytest.raises(ValueError):
>           cloud(**overrides)

tests/test_rgbd_role_models.py:63: 
_ _ _ _ _ _ _ _ _ _ _ _ _ _ _ _ _ _ _ _ _ _ _ _ _ _ _ _ _ _ _ _ _ _ _ _ _ _ _ _ 
tests/test_rgbd_role_models.py:28: in cloud
    return roles().RoleProviderSnapshot(**(values | overrides))
           ^^^^^^^
_ _ _ _ _ _ _ _ _ _ _ _ _ _ _ _ _ _ _ _ _ _ _ _ _ _ _ _ _ _ _ _ _ _ _ _ _ _ _ _ 

    def roles():
>       assert importlib.util.find_spec("cloud_edge_robot_arm.vision.role_models") is not None, (
            "T3b role bindings are missing"
        )
E       AssertionError: T3b role bindings are missing
E       assert None is not None
E        +  where None = <function find_spec at 0x7a9af33a3920>('cloud_edge_robot_arm.vision.role_models')
E        +    where <function find_spec at 0x7a9af33a3920> = <module 'importlib.util' (frozen)>.find_spec
E        +      where <module 'importlib.util' (frozen)> = importlib.util

tests/test_rgbd_role_models.py:16: AssertionError
______________ test_source_and_request_hashes_affect_role_binding ______________

    def test_source_and_request_hashes_affect_role_binding():
>       original = cloud()
                   ^^^^^^^

tests/test_rgbd_role_models.py:67: 
_ _ _ _ _ _ _ _ _ _ _ _ _ _ _ _ _ _ _ _ _ _ _ _ _ _ _ _ _ _ _ _ _ _ _ _ _ _ _ _ 
tests/test_rgbd_role_models.py:28: in cloud
    return roles().RoleProviderSnapshot(**(values | overrides))
           ^^^^^^^
_ _ _ _ _ _ _ _ _ _ _ _ _ _ _ _ _ _ _ _ _ _ _ _ _ _ _ _ _ _ _ _ _ _ _ _ _ _ _ _ 

    def roles():
>       assert importlib.util.find_spec("cloud_edge_robot_arm.vision.role_models") is not None, (
            "T3b role bindings are missing"
        )
E       AssertionError: T3b role bindings are missing
E       assert None is not None
E        +  where None = <function find_spec at 0x7a9af33a3920>('cloud_edge_robot_arm.vision.role_models')
E        +    where <function find_spec at 0x7a9af33a3920> = <module 'importlib.util' (frozen)>.find_spec
E        +      where <module 'importlib.util' (frozen)> = importlib.util

tests/test_rgbd_role_models.py:16: AssertionError
______________ test_source_mapping_cannot_mutate_frozen_identity _______________

    def test_source_mapping_cannot_mutate_frozen_identity():
        sources = {"vision/messages.py": "b" * 64}
>       snapshot = cloud(source_hashes=sources)
                   ^^^^^^^^^^^^^^^^^^^^^^^^^^^^

tests/test_rgbd_role_models.py:78: 
_ _ _ _ _ _ _ _ _ _ _ _ _ _ _ _ _ _ _ _ _ _ _ _ _ _ _ _ _ _ _ _ _ _ _ _ _ _ _ _ 
tests/test_rgbd_role_models.py:28: in cloud
    return roles().RoleProviderSnapshot(**(values | overrides))
           ^^^^^^^
_ _ _ _ _ _ _ _ _ _ _ _ _ _ _ _ _ _ _ _ _ _ _ _ _ _ _ _ _ _ _ _ _ _ _ _ _ _ _ _ 

    def roles():
>       assert importlib.util.find_spec("cloud_edge_robot_arm.vision.role_models") is not None, (
            "T3b role bindings are missing"
        )
E       AssertionError: T3b role bindings are missing
E       assert None is not None
E        +  where None = <function find_spec at 0x7a9af33a3920>('cloud_edge_robot_arm.vision.role_models')
E        +    where <function find_spec at 0x7a9af33a3920> = <module 'importlib.util' (frozen)>.find_spec
E        +      where <module 'importlib.util' (frozen)> = importlib.util

tests/test_rgbd_role_models.py:16: AssertionError
__________________ test_edge_rules_provider_requires_no_model __________________

    def test_edge_rules_provider_requires_no_model():
>       snapshot = cloud(role="EDGE", provider_id="rules-v1", provider_location="LOCAL_HOST",
                         model_id=None)

tests/test_rgbd_role_models.py:87: 
_ _ _ _ _ _ _ _ _ _ _ _ _ _ _ _ _ _ _ _ _ _ _ _ _ _ _ _ _ _ _ _ _ _ _ _ _ _ _ _ 
tests/test_rgbd_role_models.py:28: in cloud
    return roles().RoleProviderSnapshot(**(values | overrides))
           ^^^^^^^
_ _ _ _ _ _ _ _ _ _ _ _ _ _ _ _ _ _ _ _ _ _ _ _ _ _ _ _ _ _ _ _ _ _ _ _ _ _ _ _ 

    def roles():
>       assert importlib.util.find_spec("cloud_edge_robot_arm.vision.role_models") is not None, (
            "T3b role bindings are missing"
        )
E       AssertionError: T3b role bindings are missing
E       assert None is not None
E        +  where None = <function find_spec at 0x7a9af33a3920>('cloud_edge_robot_arm.vision.role_models')
E        +    where <function find_spec at 0x7a9af33a3920> = <module 'importlib.util' (frozen)>.find_spec
E        +      where <module 'importlib.util' (frozen)> = importlib.util

tests/test_rgbd_role_models.py:16: AssertionError
_____ test_profile_resolution_preserves_nulls_and_existing_secret_boundary _____

tmp_path = PosixPath('/tmp/pytest-of-ningyd/pytest-430/test_profile_resolution_preser0')

    def test_profile_resolution_preserves_nulls_and_existing_secret_boundary(tmp_path):
        from cloud_edge_robot_arm.model_control.models import PlannerProviderKind
        from cloud_edge_robot_arm.model_control.secret_store import InMemorySecretStore
        from cloud_edge_robot_arm.model_control.service import ModelControlService
        from cloud_edge_robot_arm.model_control.sqlite_repository import SQLiteModelProfileRepository
    
>       module = roles()
                 ^^^^^^^

tests/test_rgbd_role_models.py:98: 
_ _ _ _ _ _ _ _ _ _ _ _ _ _ _ _ _ _ _ _ _ _ _ _ _ _ _ _ _ _ _ _ _ _ _ _ _ _ _ _ 

    def roles():
>       assert importlib.util.find_spec("cloud_edge_robot_arm.vision.role_models") is not None, (
            "T3b role bindings are missing"
        )
E       AssertionError: T3b role bindings are missing
E       assert None is not None
E        +  where None = <function find_spec at 0x7a9af33a3920>('cloud_edge_robot_arm.vision.role_models')
E        +    where <function find_spec at 0x7a9af33a3920> = <module 'importlib.util' (frozen)>.find_spec
E        +      where <module 'importlib.util' (frozen)> = importlib.util

tests/test_rgbd_role_models.py:16: AssertionError
________________ test_cloud_plan_uses_real_two_image_transport _________________

monkeypatch = <_pytest.monkeypatch.MonkeyPatch object at 0x7a9af13cdbe0>
tmp_path = PosixPath('/tmp/pytest-of-ningyd/pytest-430/test_cloud_plan_uses_real_two_0')

    def test_cloud_plan_uses_real_two_image_transport(monkeypatch, tmp_path):
        # Only the external HTTP operation is replaced. Production message construction,
        # compatible serialization, _post and strict parsing execute. No model was queried.
        import io
        import urllib.request
        from cloud_edge_robot_arm.cloud.planning.models import InitialPlanningRequest, SceneSummary
        from cloud_edge_robot_arm.model_control.models import PlannerProviderKind
        from cloud_edge_robot_arm.model_control.secret_store import InMemorySecretStore
        from cloud_edge_robot_arm.model_control.service import ModelControlService
        from cloud_edge_robot_arm.model_control.sqlite_repository import SQLiteModelProfileRepository
        from cloud_edge_robot_arm.vision.observations import RGBDObservation
        from tests.test_rgbd_observations import observation_payload
    
>       module = roles()
                 ^^^^^^^

tests/test_rgbd_role_models.py:131: 
_ _ _ _ _ _ _ _ _ _ _ _ _ _ _ _ _ _ _ _ _ _ _ _ _ _ _ _ _ _ _ _ _ _ _ _ _ _ _ _ 

    def roles():
>       assert importlib.util.find_spec("cloud_edge_robot_arm.vision.role_models") is not None, (
            "T3b role bindings are missing"
        )
E       AssertionError: T3b role bindings are missing
E       assert None is not None
E        +  where None = <function find_spec at 0x7a9af33a3920>('cloud_edge_robot_arm.vision.role_models')
E        +    where <function find_spec at 0x7a9af33a3920> = <module 'importlib.util' (frozen)>.find_spec
E        +      where <module 'importlib.util' (frozen)> = importlib.util

tests/test_rgbd_role_models.py:16: AssertionError
____________ test_probe_summary_reads_actual_compatible_image_bytes ____________

    def test_probe_summary_reads_actual_compatible_image_bytes():
>       assert importlib.util.find_spec("scripts.probe_rgbd_roles") is not None, "role probe missing"
E       AssertionError: role probe missing
E       assert None is not None
E        +  where None = <function find_spec at 0x7a9af33a3920>('scripts.probe_rgbd_roles')
E        +    where <function find_spec at 0x7a9af33a3920> = <module 'importlib.util' (frozen)>.find_spec
E        +      where <module 'importlib.util' (frozen)> = importlib.util

tests/test_rgbd_role_models.py:166: AssertionError
__________ test_probe_cannot_accept_software_or_missing_real_evidence __________

    def test_probe_cannot_accept_software_or_missing_real_evidence():
>       assert importlib.util.find_spec("scripts.probe_rgbd_roles") is not None, "role probe missing"
E       AssertionError: role probe missing
E       assert None is not None
E        +  where None = <function find_spec at 0x7a9af33a3920>('scripts.probe_rgbd_roles')
E        +    where <function find_spec at 0x7a9af33a3920> = <module 'importlib.util' (frozen)>.find_spec
E        +      where <module 'importlib.util' (frozen)> = importlib.util

tests/test_rgbd_role_models.py:183: AssertionError
______ test_date_snapshot_selection_uses_only_advertised_family_versions _______

    def test_date_snapshot_selection_uses_only_advertised_family_versions():
>       module = roles()
                 ^^^^^^^

tests/test_rgbd_role_models.py:191: 
_ _ _ _ _ _ _ _ _ _ _ _ _ _ _ _ _ _ _ _ _ _ _ _ _ _ _ _ _ _ _ _ _ _ _ _ _ _ _ _ 

    def roles():
>       assert importlib.util.find_spec("cloud_edge_robot_arm.vision.role_models") is not None, (
            "T3b role bindings are missing"
        )
E       AssertionError: T3b role bindings are missing
E       assert None is not None
E        +  where None = <function find_spec at 0x7a9af33a3920>('cloud_edge_robot_arm.vision.role_models')
E        +    where <function find_spec at 0x7a9af33a3920> = <module 'importlib.util' (frozen)>.find_spec
E        +      where <module 'importlib.util' (frozen)> = importlib.util

tests/test_rgbd_role_models.py:16: AssertionError
=========================== short test summary info ============================
FAILED tests/test_rgbd_role_models.py::test_cloud_alias_does_not_invent_weight_digest
FAILED tests/test_rgbd_role_models.py::test_cloud_and_edge_versions_cannot_be_swapped
FAILED tests/test_rgbd_role_models.py::test_role_snapshot_rejects_unbound_or_invalid_identity[overrides0]
FAILED tests/test_rgbd_role_models.py::test_role_snapshot_rejects_unbound_or_invalid_identity[overrides1]
FAILED tests/test_rgbd_role_models.py::test_role_snapshot_rejects_unbound_or_invalid_identity[overrides2]
FAILED tests/test_rgbd_role_models.py::test_role_snapshot_rejects_unbound_or_invalid_identity[overrides3]
FAILED tests/test_rgbd_role_models.py::test_role_snapshot_rejects_unbound_or_invalid_identity[overrides4]
FAILED tests/test_rgbd_role_models.py::test_role_snapshot_rejects_unbound_or_invalid_identity[overrides5]
FAILED tests/test_rgbd_role_models.py::test_role_snapshot_rejects_unbound_or_invalid_identity[overrides6]
FAILED tests/test_rgbd_role_models.py::test_role_snapshot_rejects_unbound_or_invalid_identity[overrides7]
FAILED tests/test_rgbd_role_models.py::test_role_snapshot_rejects_unbound_or_invalid_identity[overrides8]
FAILED tests/test_rgbd_role_models.py::test_source_and_request_hashes_affect_role_binding
FAILED tests/test_rgbd_role_models.py::test_source_mapping_cannot_mutate_frozen_identity
FAILED tests/test_rgbd_role_models.py::test_edge_rules_provider_requires_no_model
FAILED tests/test_rgbd_role_models.py::test_profile_resolution_preserves_nulls_and_existing_secret_boundary
FAILED tests/test_rgbd_role_models.py::test_cloud_plan_uses_real_two_image_transport
FAILED tests/test_rgbd_role_models.py::test_probe_summary_reads_actual_compatible_image_bytes
FAILED tests/test_rgbd_role_models.py::test_probe_cannot_accept_software_or_missing_real_evidence
FAILED tests/test_rgbd_role_models.py::test_date_snapshot_selection_uses_only_advertised_family_versions
19 failed in 0.32s
